[2022-06-13T03:23:20.143+0000][1][gc] Using Concurrent Mark Sweep
[2022-06-13T03:23:20.144+0000][1][gc,heap,coops] Heap address: 0x00000000f0000000, size: 256 MB, Compressed Oops mode: 32-bit
[2022-06-13T03:23:20.176+0000][1][safepoint    ] Entering safepoint region: EnableBiasedLocking
[2022-06-13T03:23:20.176+0000][1][safepoint    ] Leaving safepoint region
[2022-06-13T03:23:20.176+0000][1][safepoint    ] Total time for which application threads were stopped: 0.0003728 seconds, Stopping threads took: 0.0002074 seconds
[2022-06-13T03:23:20.179+0000][1][safepoint    ] Application time: 0.0022539 seconds
[2022-06-13T03:23:20.179+0000][1][safepoint    ] Entering safepoint region: RevokeBias
[2022-06-13T03:23:20.249+0000][1][safepoint    ] Leaving safepoint region
[2022-06-13T03:23:20.250+0000][1][safepoint    ] Total time for which application threads were stopped: 0.0708279 seconds, Stopping threads took: 0.0704434 seconds
[2022-06-13T03:23:20.261+0000][1][safepoint    ] Application time: 0.0110082 seconds
[2022-06-13T03:23:20.261+0000][1][safepoint    ] Entering safepoint region: Deoptimize
[2022-06-13T03:23:20.261+0000][1][safepoint    ] Leaving safepoint region
[2022-06-13T03:23:20.261+0000][1][safepoint    ] Total time for which application threads were stopped: 0.0003526 seconds, Stopping threads took: 0.0001508 seconds
[2022-06-13T03:23:20.324+0000][1][safepoint    ] Application time: 0.0624302 seconds
[2022-06-13T03:23:20.324+0000][1][safepoint    ] Entering safepoint region: RevokeBias
[2022-06-13T03:23:20.324+0000][1][safepoint    ] Leaving safepoint region
[2022-06-13T03:23:20.324+0000][1][safepoint    ] Total time for which application threads were stopped: 0.0003433 seconds, Stopping threads took: 0.0002228 seconds
[2022-06-13T03:23:20.341+0000][1][safepoint    ] Application time: 0.0168642 seconds
[2022-06-13T03:23:20.342+0000][1][safepoint    ] Entering safepoint region: Deoptimize
[2022-06-13T03:23:20.342+0000][1][safepoint    ] Leaving safepoint region
[2022-06-13T03:23:20.342+0000][1][safepoint    ] Total time for which application threads were stopped: 0.0004017 seconds, Stopping threads took: 0.0001707 seconds
[2022-06-13T03:23:20.535+0000][1][safepoint    ] Application time: 0.1924228 seconds
[2022-06-13T03:23:20.535+0000][1][safepoint    ] Entering safepoint region: Deoptimize
[2022-06-13T03:23:20.535+0000][1][safepoint    ] Leaving safepoint region
[2022-06-13T03:23:20.535+0000][1][safepoint    ] Total time for which application threads were stopped: 0.0004685 seconds, Stopping threads took: 0.0001294 seconds
[2022-06-13T03:23:20.564+0000][1][safepoint    ] Application time: 0.0289085 seconds
[2022-06-13T03:23:20.565+0000][1][safepoint    ] Entering safepoint region: Deoptimize
[2022-06-13T03:23:20.565+0000][1][safepoint    ] Leaving safepoint region
[2022-06-13T03:23:20.565+0000][1][safepoint    ] Total time for which application threads were stopped: 0.0004928 seconds, Stopping threads took: 0.0001758 seconds
[2022-06-13T03:23:20.586+0000][1][safepoint    ] Application time: 0.0206743 seconds
[2022-06-13T03:23:20.586+0000][1][safepoint    ] Entering safepoint region: Deoptimize
[2022-06-13T03:23:20.586+0000][1][safepoint    ] Leaving safepoint region
[2022-06-13T03:23:20.587+0000][1][safepoint    ] Total time for which application threads were stopped: 0.0003700 seconds, Stopping threads took: 0.0001249 seconds
[2022-06-13T03:23:20.595+0000][1][safepoint    ] Application time: 0.0087870 seconds
[2022-06-13T03:23:20.596+0000][1][safepoint    ] Entering safepoint region: Deoptimize
[2022-06-13T03:23:20.596+0000][1][safepoint    ] Leaving safepoint region
[2022-06-13T03:23:20.596+0000][1][safepoint    ] Total time for which application threads were stopped: 0.0005878 seconds, Stopping threads took: 0.0001836 seconds
[2022-06-13T03:23:20.819+0000][1][safepoint    ] Application time: 0.2227439 seconds
[2022-06-13T03:23:20.819+0000][1][safepoint    ] Entering safepoint region: Deoptimize
[2022-06-13T03:23:20.820+0000][1][safepoint    ] Leaving safepoint region
[2022-06-13T03:23:20.820+0000][1][safepoint    ] Total time for which application threads were stopped: 0.0005461 seconds, Stopping threads took: 0.0000996 seconds
[2022-06-13T03:23:20.982+0000][1][safepoint    ] Application time: 0.1616796 seconds
[2022-06-13T03:23:20.982+0000][1][safepoint    ] Entering safepoint region: RevokeBias
[2022-06-13T03:23:20.982+0000][1][safepoint    ] Leaving safepoint region
[2022-06-13T03:23:20.982+0000][1][safepoint    ] Total time for which application threads were stopped: 0.0004237 seconds, Stopping threads took: 0.0002203 seconds
[2022-06-13T03:23:21.040+0000][1][safepoint    ] Application time: 0.0577625 seconds
[2022-06-13T03:23:21.041+0000][1][safepoint    ] Entering safepoint region: Deoptimize
[2022-06-13T03:23:21.041+0000][1][safepoint    ] Leaving safepoint region
[2022-06-13T03:23:21.041+0000][1][safepoint    ] Total time for which application threads were stopped: 0.0005539 seconds, Stopping threads took: 0.0002160 seconds
[2022-06-13T03:23:21.101+0000][1][safepoint    ] Application time: 0.0599437 seconds
[2022-06-13T03:23:21.102+0000][1][safepoint    ] Entering safepoint region: Deoptimize
[2022-06-13T03:23:21.102+0000][1][safepoint    ] Leaving safepoint region
[2022-06-13T03:23:21.102+0000][1][safepoint    ] Total time for which application threads were stopped: 0.0004835 seconds, Stopping threads took: 0.0001657 seconds
[2022-06-13T03:23:21.102+0000][1][safepoint    ] Application time: 0.0001394 seconds
[2022-06-13T03:23:21.102+0000][1][safepoint    ] Entering safepoint region: Deoptimize
[2022-06-13T03:23:21.103+0000][1][safepoint    ] Leaving safepoint region
[2022-06-13T03:23:21.103+0000][1][safepoint    ] Total time for which application threads were stopped: 0.0003999 seconds, Stopping threads took: 0.0001099 seconds
[2022-06-13T03:23:21.116+0000][1][safepoint    ] Application time: 0.0127742 seconds
[2022-06-13T03:23:21.116+0000][1][safepoint    ] Entering safepoint region: Deoptimize
[2022-06-13T03:23:21.116+0000][1][safepoint    ] Leaving safepoint region
[2022-06-13T03:23:21.116+0000][1][safepoint    ] Total time for which application threads were stopped: 0.0004065 seconds, Stopping threads took: 0.0000960 seconds
[2022-06-13T03:23:21.123+0000][1][safepoint    ] Application time: 0.0066126 seconds
[2022-06-13T03:23:21.123+0000][1][safepoint    ] Entering safepoint region: Deoptimize
[2022-06-13T03:23:21.123+0000][1][safepoint    ] Leaving safepoint region
[2022-06-13T03:23:21.124+0000][1][safepoint    ] Total time for which application threads were stopped: 0.0004336 seconds, Stopping threads took: 0.0001190 seconds
[2022-06-13T03:23:21.128+0000][1][safepoint    ] Application time: 0.0038846 seconds
[2022-06-13T03:23:21.128+0000][1][safepoint    ] Entering safepoint region: RevokeBias
[2022-06-13T03:23:21.128+0000][1][safepoint    ] Leaving safepoint region
[2022-06-13T03:23:21.128+0000][1][safepoint    ] Total time for which application threads were stopped: 0.0002627 seconds, Stopping threads took: 0.0001464 seconds
[2022-06-13T03:23:21.128+0000][1][safepoint    ] Application time: 0.0001310 seconds
[2022-06-13T03:23:21.128+0000][1][safepoint    ] Entering safepoint region: RevokeBias
[2022-06-13T03:23:21.129+0000][1][safepoint    ] Leaving safepoint region
[2022-06-13T03:23:21.129+0000][1][safepoint    ] Total time for which application threads were stopped: 0.0002476 seconds, Stopping threads took: 0.0001258 seconds
[2022-06-13T03:23:21.129+0000][1][safepoint    ] Application time: 0.0001076 seconds
[2022-06-13T03:23:21.129+0000][1][safepoint    ] Entering safepoint region: RevokeBias
[2022-06-13T03:23:21.129+0000][1][safepoint    ] Leaving safepoint region
[2022-06-13T03:23:21.129+0000][1][safepoint    ] Total time for which application threads were stopped: 0.0002992 seconds, Stopping threads took: 0.0001791 seconds
[2022-06-13T03:23:21.130+0000][1][safepoint    ] Application time: 0.0001466 seconds
[2022-06-13T03:23:21.130+0000][1][safepoint    ] Entering safepoint region: RevokeBias
[2022-06-13T03:23:21.130+0000][1][safepoint    ] Leaving safepoint region
[2022-06-13T03:23:21.130+0000][1][safepoint    ] Total time for which application threads were stopped: 0.0002543 seconds, Stopping threads took: 0.0001437 seconds
[2022-06-13T03:23:21.134+0000][1][safepoint    ] Application time: 0.0039335 seconds
[2022-06-13T03:23:21.134+0000][1][safepoint    ] Entering safepoint region: Deoptimize
[2022-06-13T03:23:21.134+0000][1][safepoint    ] Leaving safepoint region
[2022-06-13T03:23:21.135+0000][1][safepoint    ] Total time for which application threads were stopped: 0.0003891 seconds, Stopping threads took: 0.0001213 seconds
[2022-06-13T03:23:21.172+0000][1][safepoint    ] Application time: 0.0374760 seconds
[2022-06-13T03:23:21.172+0000][1][safepoint    ] Entering safepoint region: GenCollectForAllocation
[2022-06-13T03:23:21.173+0000][1][gc,start     ] GC(0) Pause Young (Allocation Failure)
[2022-06-13T03:23:21.174+0000][1][gc,task      ] GC(0) Using 5 workers of 13 for evacuation
[2022-06-13T03:23:21.178+0000][1][gc,age       ] GC(0) Desired survivor size 4456448 bytes, new threshold 1 (max threshold 6)
[2022-06-13T03:23:21.179+0000][1][gc,age       ] GC(0) Age table with threshold 1 (max threshold 6)
[2022-06-13T03:23:21.179+0000][1][gc,age       ] GC(0) - age   1:    8207584 bytes,    8207584 total
[2022-06-13T03:23:21.179+0000][1][gc,heap      ] GC(0) ParNew: 69952K->8129K(78656K)
[2022-06-13T03:23:21.179+0000][1][gc,heap      ] GC(0) CMS: 0K->0K(174784K)
[2022-06-13T03:23:21.180+0000][1][gc,metaspace ] GC(0) Metaspace: 12208K->12208K(1060864K)
[2022-06-13T03:23:21.180+0000][1][gc           ] GC(0) Pause Young (Allocation Failure) 68M->7M(247M) 7.313ms
[2022-06-13T03:23:21.180+0000][1][gc,cpu       ] GC(0) User=0.03s Sys=0.01s Real=0.01s
[2022-06-13T03:23:21.180+0000][1][safepoint    ] Leaving safepoint region
[2022-06-13T03:23:21.180+0000][1][safepoint    ] Total time for which application threads were stopped: 0.0080796 seconds, Stopping threads took: 0.0002243 seconds
[2022-06-13T03:23:21.181+0000][1][safepoint    ] Application time: 0.0003045 seconds
[2022-06-13T03:23:21.181+0000][1][safepoint    ] Entering safepoint region: RevokeBias
[2022-06-13T03:23:21.181+0000][1][safepoint    ] Leaving safepoint region
[2022-06-13T03:23:21.182+0000][1][safepoint    ] Total time for which application threads were stopped: 0.0005653 seconds, Stopping threads took: 0.0002577 seconds
[2022-06-13T03:23:21.182+0000][1][safepoint    ] Application time: 0.0000848 seconds
[2022-06-13T03:23:21.182+0000][1][safepoint    ] Entering safepoint region: RevokeBias
[2022-06-13T03:23:21.182+0000][1][safepoint    ] Leaving safepoint region
[2022-06-13T03:23:21.182+0000][1][safepoint    ] Total time for which application threads were stopped: 0.0003896 seconds, Stopping threads took: 0.0001991 seconds
[2022-06-13T03:23:21.183+0000][1][safepoint    ] Application time: 0.0001769 seconds
[2022-06-13T03:23:21.183+0000][1][safepoint    ] Entering safepoint region: RevokeBias
[2022-06-13T03:23:21.183+0000][1][safepoint    ] Leaving safepoint region
[2022-06-13T03:23:21.183+0000][1][safepoint    ] Total time for which application threads were stopped: 0.0003485 seconds, Stopping threads took: 0.0001915 seconds
[2022-06-13T03:23:21.183+0000][1][safepoint    ] Application time: 0.0000833 seconds
[2022-06-13T03:23:21.184+0000][1][safepoint    ] Entering safepoint region: RevokeBias
[2022-06-13T03:23:21.184+0000][1][safepoint    ] Leaving safepoint region
[2022-06-13T03:23:21.184+0000][1][safepoint    ] Total time for which application threads were stopped: 0.0004174 seconds, Stopping threads took: 0.0002770 seconds
[2022-06-13T03:23:21.184+0000][1][safepoint    ] Application time: 0.0001214 seconds
[2022-06-13T03:23:21.185+0000][1][safepoint    ] Entering safepoint region: RevokeBias
[2022-06-13T03:23:21.185+0000][1][safepoint    ] Leaving safepoint region
[2022-06-13T03:23:21.185+0000][1][safepoint    ] Total time for which application threads were stopped: 0.0004534 seconds, Stopping threads took: 0.0002429 seconds
[2022-06-13T03:23:21.185+0000][1][safepoint    ] Application time: 0.0000845 seconds
[2022-06-13T03:23:21.185+0000][1][safepoint    ] Entering safepoint region: RevokeBias
[2022-06-13T03:23:21.185+0000][1][safepoint    ] Leaving safepoint region
[2022-06-13T03:23:21.186+0000][1][safepoint    ] Total time for which application threads were stopped: 0.0002746 seconds, Stopping threads took: 0.0001324 seconds
[2022-06-13T03:23:21.186+0000][1][safepoint    ] Application time: 0.0000844 seconds
[2022-06-13T03:23:21.186+0000][1][safepoint    ] Entering safepoint region: RevokeBias
[2022-06-13T03:23:21.186+0000][1][safepoint    ] Leaving safepoint region
[2022-06-13T03:23:21.186+0000][1][safepoint    ] Total time for which application threads were stopped: 0.0002978 seconds, Stopping threads took: 0.0001685 seconds
[2022-06-13T03:23:21.186+0000][1][safepoint    ] Application time: 0.0000658 seconds
[2022-06-13T03:23:21.187+0000][1][safepoint    ] Entering safepoint region: RevokeBias
[2022-06-13T03:23:21.187+0000][1][safepoint    ] Leaving safepoint region
[2022-06-13T03:23:21.187+0000][1][safepoint    ] Total time for which application threads were stopped: 0.0002648 seconds, Stopping threads took: 0.0001335 seconds
[2022-06-13T03:23:21.187+0000][1][safepoint    ] Application time: 0.0000890 seconds
[2022-06-13T03:23:21.187+0000][1][safepoint    ] Entering safepoint region: RevokeBias
[2022-06-13T03:23:21.187+0000][1][safepoint    ] Leaving safepoint region
[2022-06-13T03:23:21.187+0000][1][safepoint    ] Total time for which application threads were stopped: 0.0002931 seconds, Stopping threads took: 0.0001612 seconds
[2022-06-13T03:23:21.188+0000][1][safepoint    ] Application time: 0.0000896 seconds
[2022-06-13T03:23:21.188+0000][1][safepoint    ] Entering safepoint region: RevokeBias
[2022-06-13T03:23:21.188+0000][1][safepoint    ] Leaving safepoint region
[2022-06-13T03:23:21.188+0000][1][safepoint    ] Total time for which application threads were stopped: 0.0003035 seconds, Stopping threads took: 0.0001543 seconds
[2022-06-13T03:23:21.188+0000][1][safepoint    ] Application time: 0.0001158 seconds
[2022-06-13T03:23:21.188+0000][1][safepoint    ] Entering safepoint region: RevokeBias
[2022-06-13T03:23:21.189+0000][1][safepoint    ] Leaving safepoint region
[2022-06-13T03:23:21.189+0000][1][safepoint    ] Total time for which application threads were stopped: 0.0003369 seconds, Stopping threads took: 0.0001768 seconds
[2022-06-13T03:23:21.189+0000][1][safepoint    ] Application time: 0.0000881 seconds
[2022-06-13T03:23:21.189+0000][1][safepoint    ] Entering safepoint region: RevokeBias
[2022-06-13T03:23:21.189+0000][1][safepoint    ] Leaving safepoint region
[2022-06-13T03:23:21.190+0000][1][safepoint    ] Total time for which application threads were stopped: 0.0003668 seconds, Stopping threads took: 0.0001822 seconds
[2022-06-13T03:23:21.190+0000][1][safepoint    ] Application time: 0.0004687 seconds
[2022-06-13T03:23:21.190+0000][1][safepoint    ] Entering safepoint region: RevokeBias
[2022-06-13T03:23:21.191+0000][1][safepoint    ] Leaving safepoint region
[2022-06-13T03:23:21.191+0000][1][safepoint    ] Total time for which application threads were stopped: 0.0003546 seconds, Stopping threads took: 0.0002011 seconds
[2022-06-13T03:23:21.191+0000][1][safepoint    ] Application time: 0.0000817 seconds
[2022-06-13T03:23:21.191+0000][1][safepoint    ] Entering safepoint region: RevokeBias
[2022-06-13T03:23:21.191+0000][1][safepoint    ] Leaving safepoint region
[2022-06-13T03:23:21.191+0000][1][safepoint    ] Total time for which application threads were stopped: 0.0002801 seconds, Stopping threads took: 0.0001213 seconds
[2022-06-13T03:23:21.192+0000][1][safepoint    ] Application time: 0.0001394 seconds
[2022-06-13T03:23:21.192+0000][1][safepoint    ] Entering safepoint region: RevokeBias
[2022-06-13T03:23:21.192+0000][1][safepoint    ] Leaving safepoint region
[2022-06-13T03:23:21.192+0000][1][safepoint    ] Total time for which application threads were stopped: 0.0003360 seconds, Stopping threads took: 0.0001983 seconds
[2022-06-13T03:23:21.192+0000][1][safepoint    ] Application time: 0.0000887 seconds
[2022-06-13T03:23:21.192+0000][1][safepoint    ] Entering safepoint region: RevokeBias
[2022-06-13T03:23:21.193+0000][1][safepoint    ] Leaving safepoint region
[2022-06-13T03:23:21.193+0000][1][safepoint    ] Total time for which application threads were stopped: 0.0002527 seconds, Stopping threads took: 0.0001220 seconds
[2022-06-13T03:23:21.193+0000][1][safepoint    ] Application time: 0.0002253 seconds
[2022-06-13T03:23:21.193+0000][1][safepoint    ] Entering safepoint region: RevokeBias
[2022-06-13T03:23:21.193+0000][1][safepoint    ] Leaving safepoint region
[2022-06-13T03:23:21.193+0000][1][safepoint    ] Total time for which application threads were stopped: 0.0002140 seconds, Stopping threads took: 0.0001292 seconds
[2022-06-13T03:23:21.194+0000][1][safepoint    ] Application time: 0.0000765 seconds
[2022-06-13T03:23:21.194+0000][1][safepoint    ] Entering safepoint region: RevokeBias
[2022-06-13T03:23:21.194+0000][1][safepoint    ] Leaving safepoint region
[2022-06-13T03:23:21.194+0000][1][safepoint    ] Total time for which application threads were stopped: 0.0002308 seconds, Stopping threads took: 0.0001133 seconds
[2022-06-13T03:23:21.194+0000][1][safepoint    ] Application time: 0.0000938 seconds
[2022-06-13T03:23:21.194+0000][1][safepoint    ] Entering safepoint region: RevokeBias
[2022-06-13T03:23:21.194+0000][1][safepoint    ] Leaving safepoint region
[2022-06-13T03:23:21.194+0000][1][safepoint    ] Total time for which application threads were stopped: 0.0002764 seconds, Stopping threads took: 0.0001631 seconds
[2022-06-13T03:23:21.195+0000][1][safepoint    ] Application time: 0.0000922 seconds
[2022-06-13T03:23:21.195+0000][1][safepoint    ] Entering safepoint region: RevokeBias
[2022-06-13T03:23:21.195+0000][1][safepoint    ] Leaving safepoint region
[2022-06-13T03:23:21.195+0000][1][safepoint    ] Total time for which application threads were stopped: 0.0002470 seconds, Stopping threads took: 0.0001254 seconds
[2022-06-13T03:23:21.195+0000][1][safepoint    ] Application time: 0.0000891 seconds
[2022-06-13T03:23:21.195+0000][1][safepoint    ] Entering safepoint region: RevokeBias
[2022-06-13T03:23:21.196+0000][1][safepoint    ] Leaving safepoint region
[2022-06-13T03:23:21.196+0000][1][safepoint    ] Total time for which application threads were stopped: 0.0004563 seconds, Stopping threads took: 0.0003022 seconds
[2022-06-13T03:23:21.196+0000][1][safepoint    ] Application time: 0.0000783 seconds
[2022-06-13T03:23:21.196+0000][1][safepoint    ] Entering safepoint region: RevokeBias
[2022-06-13T03:23:21.196+0000][1][safepoint    ] Leaving safepoint region
[2022-06-13T03:23:21.196+0000][1][safepoint    ] Total time for which application threads were stopped: 0.0002497 seconds, Stopping threads took: 0.0001221 seconds
[2022-06-13T03:23:21.197+0000][1][safepoint    ] Application time: 0.0001000 seconds
[2022-06-13T03:23:21.197+0000][1][safepoint    ] Entering safepoint region: RevokeBias
[2022-06-13T03:23:21.197+0000][1][safepoint    ] Leaving safepoint region
[2022-06-13T03:23:21.197+0000][1][safepoint    ] Total time for which application threads were stopped: 0.0002567 seconds, Stopping threads took: 0.0001213 seconds
[2022-06-13T03:23:21.197+0000][1][safepoint    ] Application time: 0.0000802 seconds
[2022-06-13T03:23:21.198+0000][1][safepoint    ] Entering safepoint region: RevokeBias
[2022-06-13T03:23:21.198+0000][1][safepoint    ] Leaving safepoint region
[2022-06-13T03:23:21.198+0000][1][safepoint    ] Total time for which application threads were stopped: 0.0004765 seconds, Stopping threads took: 0.0003295 seconds
[2022-06-13T03:23:21.198+0000][1][safepoint    ] Application time: 0.0000889 seconds
[2022-06-13T03:23:21.198+0000][1][safepoint    ] Entering safepoint region: RevokeBias
[2022-06-13T03:23:21.199+0000][1][safepoint    ] Leaving safepoint region
[2022-06-13T03:23:21.199+0000][1][safepoint    ] Total time for which application threads were stopped: 0.0009352 seconds, Stopping threads took: 0.0007232 seconds
[2022-06-13T03:23:21.199+0000][1][safepoint    ] Application time: 0.0000751 seconds
[2022-06-13T03:23:21.200+0000][1][safepoint    ] Entering safepoint region: RevokeBias
[2022-06-13T03:23:21.200+0000][1][safepoint    ] Leaving safepoint region
[2022-06-13T03:23:21.200+0000][1][safepoint    ] Total time for which application threads were stopped: 0.0005636 seconds, Stopping threads took: 0.0002263 seconds
[2022-06-13T03:23:21.334+0000][1][safepoint    ] Application time: 0.1333591 seconds
[2022-06-13T03:23:21.334+0000][1][safepoint    ] Entering safepoint region: Deoptimize
[2022-06-13T03:23:21.334+0000][1][safepoint    ] Leaving safepoint region
[2022-06-13T03:23:21.335+0000][1][safepoint    ] Total time for which application threads were stopped: 0.0006845 seconds, Stopping threads took: 0.0001087 seconds
[2022-06-13T03:23:21.461+0000][1][safepoint    ] Application time: 0.1262055 seconds
[2022-06-13T03:23:21.461+0000][1][safepoint    ] Entering safepoint region: RevokeBias
[2022-06-13T03:23:21.461+0000][1][safepoint    ] Leaving safepoint region
[2022-06-13T03:23:21.461+0000][1][safepoint    ] Total time for which application threads were stopped: 0.0003630 seconds, Stopping threads took: 0.0001302 seconds
[2022-06-13T03:23:21.521+0000][1][safepoint    ] Application time: 0.0591137 seconds
[2022-06-13T03:23:21.521+0000][1][safepoint    ] Entering safepoint region: RevokeBias
[2022-06-13T03:23:21.521+0000][1][safepoint    ] Leaving safepoint region
[2022-06-13T03:23:21.521+0000][1][safepoint    ] Total time for which application threads were stopped: 0.0003720 seconds, Stopping threads took: 0.0001731 seconds
[2022-06-13T03:23:21.524+0000][1][safepoint    ] Application time: 0.0029603 seconds
[2022-06-13T03:23:21.525+0000][1][safepoint    ] Entering safepoint region: RevokeBias
[2022-06-13T03:23:21.525+0000][1][safepoint    ] Leaving safepoint region
[2022-06-13T03:23:21.525+0000][1][safepoint    ] Total time for which application threads were stopped: 0.0003401 seconds, Stopping threads took: 0.0001633 seconds
[2022-06-13T03:23:21.540+0000][1][safepoint    ] Application time: 0.0152593 seconds
[2022-06-13T03:23:21.541+0000][1][safepoint    ] Entering safepoint region: GenCollectForAllocation
[2022-06-13T03:23:21.541+0000][1][gc,start     ] GC(1) Pause Young (Allocation Failure)
[2022-06-13T03:23:21.541+0000][1][gc,task      ] GC(1) Using 5 workers of 13 for evacuation
[2022-06-13T03:23:21.552+0000][1][gc,age       ] GC(1) Desired survivor size 4456448 bytes, new threshold 6 (max threshold 6)
[2022-06-13T03:23:21.552+0000][1][gc,age       ] GC(1) Age table with threshold 6 (max threshold 6)
[2022-06-13T03:23:21.552+0000][1][gc,age       ] GC(1) - age   1:    1988192 bytes,    1988192 total
[2022-06-13T03:23:21.552+0000][1][gc,heap      ] GC(1) ParNew: 78081K->6553K(78656K)
[2022-06-13T03:23:21.552+0000][1][gc,heap      ] GC(1) CMS: 0K->6675K(174784K)
[2022-06-13T03:23:21.552+0000][1][gc,metaspace ] GC(1) Metaspace: 14929K->14929K(1062912K)
[2022-06-13T03:23:21.553+0000][1][gc           ] GC(1) Pause Young (Allocation Failure) 76M->12M(247M) 11.784ms
[2022-06-13T03:23:21.553+0000][1][gc,cpu       ] GC(1) User=0.06s Sys=0.00s Real=0.01s
[2022-06-13T03:23:21.553+0000][1][safepoint    ] Leaving safepoint region
[2022-06-13T03:23:21.553+0000][1][safepoint    ] Total time for which application threads were stopped: 0.0123023 seconds, Stopping threads took: 0.0001666 seconds
[2022-06-13T03:23:21.553+0000][1][safepoint    ] Application time: 0.0002148 seconds
[2022-06-13T03:23:21.553+0000][1][safepoint    ] Entering safepoint region: RevokeBias
[2022-06-13T03:23:21.554+0000][1][safepoint    ] Leaving safepoint region
[2022-06-13T03:23:21.554+0000][1][safepoint    ] Total time for which application threads were stopped: 0.0003058 seconds, Stopping threads took: 0.0001534 seconds
[2022-06-13T03:23:21.554+0000][1][safepoint    ] Application time: 0.0001189 seconds
[2022-06-13T03:23:21.554+0000][1][safepoint    ] Entering safepoint region: RevokeBias
[2022-06-13T03:23:21.554+0000][1][safepoint    ] Leaving safepoint region
[2022-06-13T03:23:21.554+0000][1][safepoint    ] Total time for which application threads were stopped: 0.0002354 seconds, Stopping threads took: 0.0001150 seconds
[2022-06-13T03:23:21.554+0000][1][safepoint    ] Application time: 0.0000932 seconds
[2022-06-13T03:23:21.555+0000][1][safepoint    ] Entering safepoint region: RevokeBias
[2022-06-13T03:23:21.555+0000][1][safepoint    ] Leaving safepoint region
[2022-06-13T03:23:21.555+0000][1][safepoint    ] Total time for which application threads were stopped: 0.0002713 seconds, Stopping threads took: 0.0001514 seconds
[2022-06-13T03:23:21.555+0000][1][safepoint    ] Application time: 0.0000740 seconds
[2022-06-13T03:23:21.555+0000][1][safepoint    ] Entering safepoint region: RevokeBias
[2022-06-13T03:23:21.555+0000][1][safepoint    ] Leaving safepoint region
[2022-06-13T03:23:21.555+0000][1][safepoint    ] Total time for which application threads were stopped: 0.0002661 seconds, Stopping threads took: 0.0001305 seconds
[2022-06-13T03:23:21.556+0000][1][safepoint    ] Application time: 0.0000871 seconds
[2022-06-13T03:23:21.556+0000][1][safepoint    ] Entering safepoint region: RevokeBias
[2022-06-13T03:23:21.556+0000][1][safepoint    ] Leaving safepoint region
[2022-06-13T03:23:21.556+0000][1][safepoint    ] Total time for which application threads were stopped: 0.0003404 seconds, Stopping threads took: 0.0001816 seconds
[2022-06-13T03:23:21.556+0000][1][safepoint    ] Application time: 0.0000926 seconds
[2022-06-13T03:23:21.556+0000][1][safepoint    ] Entering safepoint region: RevokeBias
[2022-06-13T03:23:21.557+0000][1][safepoint    ] Leaving safepoint region
[2022-06-13T03:23:21.557+0000][1][safepoint    ] Total time for which application threads were stopped: 0.0003241 seconds, Stopping threads took: 0.0001837 seconds
[2022-06-13T03:23:21.557+0000][1][safepoint    ] Application time: 0.0001075 seconds
[2022-06-13T03:23:21.557+0000][1][safepoint    ] Entering safepoint region: RevokeBias
[2022-06-13T03:23:21.557+0000][1][safepoint    ] Leaving safepoint region
[2022-06-13T03:23:21.557+0000][1][safepoint    ] Total time for which application threads were stopped: 0.0002757 seconds, Stopping threads took: 0.0001534 seconds
[2022-06-13T03:23:21.558+0000][1][safepoint    ] Application time: 0.0000889 seconds
[2022-06-13T03:23:21.558+0000][1][safepoint    ] Entering safepoint region: RevokeBias
[2022-06-13T03:23:21.558+0000][1][safepoint    ] Leaving safepoint region
[2022-06-13T03:23:21.558+0000][1][safepoint    ] Total time for which application threads were stopped: 0.0002625 seconds, Stopping threads took: 0.0001245 seconds
[2022-06-13T03:23:21.558+0000][1][safepoint    ] Application time: 0.0000782 seconds
[2022-06-13T03:23:21.558+0000][1][safepoint    ] Entering safepoint region: RevokeBias
[2022-06-13T03:23:21.558+0000][1][safepoint    ] Leaving safepoint region
[2022-06-13T03:23:21.559+0000][1][safepoint    ] Total time for which application threads were stopped: 0.0002546 seconds, Stopping threads took: 0.0001277 seconds
[2022-06-13T03:23:21.559+0000][1][safepoint    ] Application time: 0.0000718 seconds
[2022-06-13T03:23:21.559+0000][1][safepoint    ] Entering safepoint region: RevokeBias
[2022-06-13T03:23:21.559+0000][1][safepoint    ] Leaving safepoint region
[2022-06-13T03:23:21.559+0000][1][safepoint    ] Total time for which application threads were stopped: 0.0002911 seconds, Stopping threads took: 0.0001657 seconds
[2022-06-13T03:23:21.559+0000][1][safepoint    ] Application time: 0.0000689 seconds
[2022-06-13T03:23:21.559+0000][1][safepoint    ] Entering safepoint region: BulkRevokeBias
[2022-06-13T03:23:21.560+0000][1][safepoint    ] Leaving safepoint region
[2022-06-13T03:23:21.560+0000][1][safepoint    ] Total time for which application threads were stopped: 0.0002925 seconds, Stopping threads took: 0.0001268 seconds
[2022-06-13T03:23:21.560+0000][1][safepoint    ] Application time: 0.0000799 seconds
[2022-06-13T03:23:21.560+0000][1][safepoint    ] Entering safepoint region: RevokeBias
[2022-06-13T03:23:21.560+0000][1][safepoint    ] Leaving safepoint region
[2022-06-13T03:23:21.560+0000][1][safepoint    ] Total time for which application threads were stopped: 0.0002149 seconds, Stopping threads took: 0.0001013 seconds
[2022-06-13T03:23:21.560+0000][1][safepoint    ] Application time: 0.0000870 seconds
[2022-06-13T03:23:21.561+0000][1][safepoint    ] Entering safepoint region: BulkRevokeBias
[2022-06-13T03:23:21.561+0000][1][safepoint    ] Leaving safepoint region
[2022-06-13T03:23:21.561+0000][1][safepoint    ] Total time for which application threads were stopped: 0.0002429 seconds, Stopping threads took: 0.0001238 seconds
[2022-06-13T03:23:21.639+0000][1][safepoint    ] Application time: 0.0783294 seconds
[2022-06-13T03:23:21.639+0000][1][safepoint    ] Entering safepoint region: GenCollectForAllocation
[2022-06-13T03:23:21.640+0000][1][gc,start     ] GC(2) Pause Young (Allocation Failure)
[2022-06-13T03:23:21.640+0000][1][gc,task      ] GC(2) Using 5 workers of 13 for evacuation
[2022-06-13T03:23:21.642+0000][1][gc,age       ] GC(2) Desired survivor size 4456448 bytes, new threshold 6 (max threshold 6)
[2022-06-13T03:23:21.643+0000][1][gc,age       ] GC(2) Age table with threshold 6 (max threshold 6)
[2022-06-13T03:23:21.643+0000][1][gc,age       ] GC(2) - age   1:    2540888 bytes,    2540888 total
[2022-06-13T03:23:21.643+0000][1][gc,age       ] GC(2) - age   2:    1210088 bytes,    3750976 total
[2022-06-13T03:23:21.643+0000][1][gc,heap      ] GC(2) ParNew: 76505K->5182K(78656K)
[2022-06-13T03:23:21.643+0000][1][gc,heap      ] GC(2) CMS: 6675K->6675K(174784K)
[2022-06-13T03:23:21.643+0000][1][gc,metaspace ] GC(2) Metaspace: 15066K->15066K(1062912K)
[2022-06-13T03:23:21.643+0000][1][gc           ] GC(2) Pause Young (Allocation Failure) 81M->11M(247M) 3.360ms
[2022-06-13T03:23:21.643+0000][1][gc,cpu       ] GC(2) User=0.01s Sys=0.00s Real=0.00s
[2022-06-13T03:23:21.643+0000][1][safepoint    ] Leaving safepoint region
[2022-06-13T03:23:21.643+0000][1][safepoint    ] Total time for which application threads were stopped: 0.0039532 seconds, Stopping threads took: 0.0001948 seconds
[2022-06-13T03:23:21.644+0000][1][safepoint    ] Application time: 0.0001859 seconds
[2022-06-13T03:23:21.644+0000][1][safepoint    ] Entering safepoint region: RevokeBias
[2022-06-13T03:23:21.644+0000][1][safepoint    ] Leaving safepoint region
[2022-06-13T03:23:21.644+0000][1][safepoint    ] Total time for which application threads were stopped: 0.0002711 seconds, Stopping threads took: 0.0001410 seconds
[2022-06-13T03:23:21.644+0000][1][safepoint    ] Application time: 0.0001001 seconds
[2022-06-13T03:23:21.644+0000][1][safepoint    ] Entering safepoint region: RevokeBias
[2022-06-13T03:23:21.645+0000][1][safepoint    ] Leaving safepoint region
[2022-06-13T03:23:21.645+0000][1][safepoint    ] Total time for which application threads were stopped: 0.0002692 seconds, Stopping threads took: 0.0001149 seconds
[2022-06-13T03:23:21.645+0000][1][safepoint    ] Application time: 0.0001033 seconds
[2022-06-13T03:23:21.645+0000][1][safepoint    ] Entering safepoint region: RevokeBias
[2022-06-13T03:23:21.645+0000][1][safepoint    ] Leaving safepoint region
[2022-06-13T03:23:21.645+0000][1][safepoint    ] Total time for which application threads were stopped: 0.0002389 seconds, Stopping threads took: 0.0001388 seconds
[2022-06-13T03:23:21.645+0000][1][safepoint    ] Application time: 0.0000716 seconds
[2022-06-13T03:23:21.645+0000][1][safepoint    ] Entering safepoint region: RevokeBias
[2022-06-13T03:23:21.646+0000][1][safepoint    ] Leaving safepoint region
[2022-06-13T03:23:21.646+0000][1][safepoint    ] Total time for which application threads were stopped: 0.0002467 seconds, Stopping threads took: 0.0001295 seconds
[2022-06-13T03:23:21.646+0000][1][safepoint    ] Application time: 0.0000902 seconds
[2022-06-13T03:23:21.646+0000][1][safepoint    ] Entering safepoint region: RevokeBias
[2022-06-13T03:23:21.646+0000][1][safepoint    ] Leaving safepoint region
[2022-06-13T03:23:21.646+0000][1][safepoint    ] Total time for which application threads were stopped: 0.0003009 seconds, Stopping threads took: 0.0001675 seconds
[2022-06-13T03:23:21.646+0000][1][safepoint    ] Application time: 0.0000674 seconds
[2022-06-13T03:23:21.647+0000][1][safepoint    ] Entering safepoint region: RevokeBias
[2022-06-13T03:23:21.647+0000][1][safepoint    ] Leaving safepoint region
[2022-06-13T03:23:21.647+0000][1][safepoint    ] Total time for which application threads were stopped: 0.0003071 seconds, Stopping threads took: 0.0001403 seconds
[2022-06-13T03:23:21.736+0000][1][safepoint    ] Application time: 0.0895118 seconds
[2022-06-13T03:23:21.737+0000][1][safepoint    ] Entering safepoint region: Deoptimize
[2022-06-13T03:23:21.737+0000][1][safepoint    ] Leaving safepoint region
[2022-06-13T03:23:21.738+0000][1][safepoint    ] Total time for which application threads were stopped: 0.0008038 seconds, Stopping threads took: 0.0001497 seconds
[2022-06-13T03:23:21.738+0000][1][safepoint    ] Application time: 0.0004830 seconds
[2022-06-13T03:23:21.738+0000][1][safepoint    ] Entering safepoint region: Deoptimize
[2022-06-13T03:23:21.739+0000][1][safepoint    ] Leaving safepoint region
[2022-06-13T03:23:21.739+0000][1][safepoint    ] Total time for which application threads were stopped: 0.0005577 seconds, Stopping threads took: 0.0001084 seconds
[2022-06-13T03:23:21.867+0000][1][safepoint    ] Application time: 0.1280403 seconds
[2022-06-13T03:23:21.867+0000][1][safepoint    ] Entering safepoint region: GenCollectForAllocation
[2022-06-13T03:23:21.868+0000][1][gc,start     ] GC(3) Pause Young (Allocation Failure)
[2022-06-13T03:23:21.868+0000][1][gc,task      ] GC(3) Using 5 workers of 13 for evacuation
[2022-06-13T03:23:21.870+0000][1][gc,age       ] GC(3) Desired survivor size 4456448 bytes, new threshold 3 (max threshold 6)
[2022-06-13T03:23:21.871+0000][1][gc,age       ] GC(3) Age table with threshold 3 (max threshold 6)
[2022-06-13T03:23:21.871+0000][1][gc,age       ] GC(3) - age   1:    3250800 bytes,    3250800 total
[2022-06-13T03:23:21.871+0000][1][gc,age       ] GC(3) - age   2:     319328 bytes,    3570128 total
[2022-06-13T03:23:21.871+0000][1][gc,age       ] GC(3) - age   3:    1207072 bytes,    4777200 total
[2022-06-13T03:23:21.871+0000][1][gc,heap      ] GC(3) ParNew: 75130K->6426K(78656K)
[2022-06-13T03:23:21.871+0000][1][gc,heap      ] GC(3) CMS: 6675K->6675K(174784K)
[2022-06-13T03:23:21.871+0000][1][gc,metaspace ] GC(3) Metaspace: 18345K->18345K(1067008K)
[2022-06-13T03:23:21.871+0000][1][gc           ] GC(3) Pause Young (Allocation Failure) 79M->12M(247M) 3.791ms
[2022-06-13T03:23:21.871+0000][1][gc,cpu       ] GC(3) User=0.02s Sys=0.00s Real=0.01s
[2022-06-13T03:23:21.872+0000][1][safepoint    ] Leaving safepoint region
[2022-06-13T03:23:21.872+0000][1][safepoint    ] Total time for which application threads were stopped: 0.0043826 seconds, Stopping threads took: 0.0001912 seconds
[2022-06-13T03:23:21.872+0000][1][safepoint    ] Application time: 0.0002462 seconds
[2022-06-13T03:23:21.872+0000][1][safepoint    ] Entering safepoint region: RevokeBias
[2022-06-13T03:23:21.873+0000][1][safepoint    ] Leaving safepoint region
[2022-06-13T03:23:21.873+0000][1][safepoint    ] Total time for which application threads were stopped: 0.0007574 seconds, Stopping threads took: 0.0004922 seconds
[2022-06-13T03:23:21.873+0000][1][safepoint    ] Application time: 0.0000962 seconds
[2022-06-13T03:23:21.873+0000][1][safepoint    ] Entering safepoint region: RevokeBias
[2022-06-13T03:23:21.874+0000][1][safepoint    ] Leaving safepoint region
[2022-06-13T03:23:21.874+0000][1][safepoint    ] Total time for which application threads were stopped: 0.0004075 seconds, Stopping threads took: 0.0002461 seconds
[2022-06-13T03:23:21.874+0000][1][safepoint    ] Application time: 0.0001059 seconds
[2022-06-13T03:23:21.874+0000][1][safepoint    ] Entering safepoint region: RevokeBias
[2022-06-13T03:23:21.874+0000][1][safepoint    ] Leaving safepoint region
[2022-06-13T03:23:21.874+0000][1][safepoint    ] Total time for which application threads were stopped: 0.0003672 seconds, Stopping threads took: 0.0001985 seconds
[2022-06-13T03:23:21.875+0000][1][safepoint    ] Application time: 0.0000791 seconds
[2022-06-13T03:23:21.875+0000][1][safepoint    ] Entering safepoint region: RevokeBias
[2022-06-13T03:23:21.875+0000][1][safepoint    ] Leaving safepoint region
[2022-06-13T03:23:21.875+0000][1][safepoint    ] Total time for which application threads were stopped: 0.0004907 seconds, Stopping threads took: 0.0003373 seconds
[2022-06-13T03:23:21.875+0000][1][safepoint    ] Application time: 0.0000748 seconds
[2022-06-13T03:23:21.876+0000][1][safepoint    ] Entering safepoint region: RevokeBias
[2022-06-13T03:23:21.876+0000][1][safepoint    ] Leaving safepoint region
[2022-06-13T03:23:21.876+0000][1][safepoint    ] Total time for which application threads were stopped: 0.0002934 seconds, Stopping threads took: 0.0001388 seconds
[2022-06-13T03:23:21.876+0000][1][safepoint    ] Application time: 0.0000693 seconds
[2022-06-13T03:23:21.876+0000][1][safepoint    ] Entering safepoint region: RevokeBias
[2022-06-13T03:23:21.876+0000][1][safepoint    ] Leaving safepoint region
[2022-06-13T03:23:21.876+0000][1][safepoint    ] Total time for which application threads were stopped: 0.0002864 seconds, Stopping threads took: 0.0001477 seconds
[2022-06-13T03:23:21.877+0000][1][safepoint    ] Application time: 0.0000810 seconds
[2022-06-13T03:23:21.877+0000][1][safepoint    ] Entering safepoint region: RevokeBias
[2022-06-13T03:23:21.877+0000][1][safepoint    ] Leaving safepoint region
[2022-06-13T03:23:21.877+0000][1][safepoint    ] Total time for which application threads were stopped: 0.0003270 seconds, Stopping threads took: 0.0001671 seconds
[2022-06-13T03:23:21.877+0000][1][safepoint    ] Application time: 0.0000875 seconds
[2022-06-13T03:23:21.877+0000][1][safepoint    ] Entering safepoint region: RevokeBias
[2022-06-13T03:23:21.878+0000][1][safepoint    ] Leaving safepoint region
[2022-06-13T03:23:21.878+0000][1][safepoint    ] Total time for which application threads were stopped: 0.0003765 seconds, Stopping threads took: 0.0002383 seconds
[2022-06-13T03:23:21.878+0000][1][safepoint    ] Application time: 0.0000850 seconds
[2022-06-13T03:23:21.878+0000][1][safepoint    ] Entering safepoint region: RevokeBias
[2022-06-13T03:23:21.878+0000][1][safepoint    ] Leaving safepoint region
[2022-06-13T03:23:21.878+0000][1][safepoint    ] Total time for which application threads were stopped: 0.0002324 seconds, Stopping threads took: 0.0001129 seconds
[2022-06-13T03:23:21.878+0000][1][safepoint    ] Application time: 0.0000753 seconds
[2022-06-13T03:23:21.879+0000][1][safepoint    ] Entering safepoint region: RevokeBias
[2022-06-13T03:23:21.879+0000][1][safepoint    ] Leaving safepoint region
[2022-06-13T03:23:21.879+0000][1][safepoint    ] Total time for which application threads were stopped: 0.0004563 seconds, Stopping threads took: 0.0002725 seconds
[2022-06-13T03:23:21.879+0000][1][safepoint    ] Application time: 0.0000873 seconds
[2022-06-13T03:23:21.879+0000][1][safepoint    ] Entering safepoint region: RevokeBias
[2022-06-13T03:23:21.880+0000][1][safepoint    ] Leaving safepoint region
[2022-06-13T03:23:21.880+0000][1][safepoint    ] Total time for which application threads were stopped: 0.0003622 seconds, Stopping threads took: 0.0001409 seconds
[2022-06-13T03:23:21.880+0000][1][safepoint    ] Application time: 0.0000970 seconds
[2022-06-13T03:23:21.880+0000][1][safepoint    ] Entering safepoint region: RevokeBias
[2022-06-13T03:23:21.880+0000][1][safepoint    ] Leaving safepoint region
[2022-06-13T03:23:21.880+0000][1][safepoint    ] Total time for which application threads were stopped: 0.0003025 seconds, Stopping threads took: 0.0001387 seconds
[2022-06-13T03:23:21.881+0000][1][safepoint    ] Application time: 0.0000773 seconds
[2022-06-13T03:23:21.881+0000][1][safepoint    ] Entering safepoint region: RevokeBias
[2022-06-13T03:23:21.881+0000][1][safepoint    ] Leaving safepoint region
[2022-06-13T03:23:21.881+0000][1][safepoint    ] Total time for which application threads were stopped: 0.0004309 seconds, Stopping threads took: 0.0002771 seconds
[2022-06-13T03:23:21.881+0000][1][safepoint    ] Application time: 0.0000644 seconds
[2022-06-13T03:23:21.882+0000][1][safepoint    ] Entering safepoint region: RevokeBias
[2022-06-13T03:23:21.882+0000][1][safepoint    ] Leaving safepoint region
[2022-06-13T03:23:21.882+0000][1][safepoint    ] Total time for which application threads were stopped: 0.0003033 seconds, Stopping threads took: 0.0001617 seconds
[2022-06-13T03:23:21.882+0000][1][safepoint    ] Application time: 0.0001013 seconds
[2022-06-13T03:23:21.882+0000][1][safepoint    ] Entering safepoint region: RevokeBias
[2022-06-13T03:23:21.882+0000][1][safepoint    ] Leaving safepoint region
[2022-06-13T03:23:21.882+0000][1][safepoint    ] Total time for which application threads were stopped: 0.0002817 seconds, Stopping threads took: 0.0001440 seconds
[2022-06-13T03:23:21.883+0000][1][safepoint    ] Application time: 0.0000736 seconds
[2022-06-13T03:23:21.883+0000][1][safepoint    ] Entering safepoint region: RevokeBias
[2022-06-13T03:23:21.883+0000][1][safepoint    ] Leaving safepoint region
[2022-06-13T03:23:21.883+0000][1][safepoint    ] Total time for which application threads were stopped: 0.0003112 seconds, Stopping threads took: 0.0001586 seconds
[2022-06-13T03:23:21.883+0000][1][safepoint    ] Application time: 0.0000684 seconds
[2022-06-13T03:23:21.883+0000][1][safepoint    ] Entering safepoint region: RevokeBias
[2022-06-13T03:23:21.883+0000][1][safepoint    ] Leaving safepoint region
[2022-06-13T03:23:21.884+0000][1][safepoint    ] Total time for which application threads were stopped: 0.0003274 seconds, Stopping threads took: 0.0001452 seconds
[2022-06-13T03:23:21.884+0000][1][safepoint    ] Application time: 0.0001164 seconds
[2022-06-13T03:23:21.884+0000][1][safepoint    ] Entering safepoint region: RevokeBias
[2022-06-13T03:23:21.884+0000][1][safepoint    ] Leaving safepoint region
[2022-06-13T03:23:21.884+0000][1][safepoint    ] Total time for which application threads were stopped: 0.0002683 seconds, Stopping threads took: 0.0001076 seconds
[2022-06-13T03:23:21.884+0000][1][safepoint    ] Application time: 0.0000683 seconds
[2022-06-13T03:23:21.885+0000][1][safepoint    ] Entering safepoint region: RevokeBias
[2022-06-13T03:23:21.885+0000][1][safepoint    ] Leaving safepoint region
[2022-06-13T03:23:21.885+0000][1][safepoint    ] Total time for which application threads were stopped: 0.0002504 seconds, Stopping threads took: 0.0001084 seconds
[2022-06-13T03:23:21.885+0000][1][safepoint    ] Application time: 0.0000928 seconds
[2022-06-13T03:23:21.886+0000][1][safepoint    ] Entering safepoint region: RevokeBias
[2022-06-13T03:23:21.886+0000][1][safepoint    ] Leaving safepoint region
[2022-06-13T03:23:21.886+0000][1][safepoint    ] Total time for which application threads were stopped: 0.0003931 seconds, Stopping threads took: 0.0002338 seconds
[2022-06-13T03:23:21.886+0000][1][safepoint    ] Application time: 0.0000672 seconds
[2022-06-13T03:23:21.886+0000][1][safepoint    ] Entering safepoint region: RevokeBias
[2022-06-13T03:23:21.886+0000][1][safepoint    ] Leaving safepoint region
[2022-06-13T03:23:21.887+0000][1][safepoint    ] Total time for which application threads were stopped: 0.0003031 seconds, Stopping threads took: 0.0001639 seconds
[2022-06-13T03:23:21.986+0000][1][safepoint    ] Application time: 0.0988336 seconds
[2022-06-13T03:23:21.986+0000][1][safepoint    ] Entering safepoint region: GenCollectForAllocation
[2022-06-13T03:23:21.986+0000][1][gc,start     ] GC(4) Pause Young (Allocation Failure)
[2022-06-13T03:23:21.986+0000][1][gc,task      ] GC(4) Using 5 workers of 13 for evacuation
[2022-06-13T03:23:21.989+0000][1][gc,age       ] GC(4) Desired survivor size 4456448 bytes, new threshold 3 (max threshold 6)
[2022-06-13T03:23:21.990+0000][1][gc,age       ] GC(4) Age table with threshold 3 (max threshold 6)
[2022-06-13T03:23:21.990+0000][1][gc,age       ] GC(4) - age   1:    1244984 bytes,    1244984 total
[2022-06-13T03:23:21.990+0000][1][gc,age       ] GC(4) - age   2:    3176008 bytes,    4420992 total
[2022-06-13T03:23:21.990+0000][1][gc,age       ] GC(4) - age   3:     318800 bytes,    4739792 total
[2022-06-13T03:23:21.990+0000][1][gc,heap      ] GC(4) ParNew: 76378K->6988K(78656K)
[2022-06-13T03:23:21.990+0000][1][gc,heap      ] GC(4) CMS: 6675K->7910K(174784K)
[2022-06-13T03:23:21.990+0000][1][gc,metaspace ] GC(4) Metaspace: 18752K->18752K(1067008K)
[2022-06-13T03:23:21.990+0000][1][gc           ] GC(4) Pause Young (Allocation Failure) 81M->14M(247M) 4.038ms
[2022-06-13T03:23:21.990+0000][1][gc,cpu       ] GC(4) User=0.06s Sys=0.00s Real=0.01s
[2022-06-13T03:23:21.990+0000][1][safepoint    ] Leaving safepoint region
[2022-06-13T03:23:21.990+0000][1][safepoint    ] Total time for which application threads were stopped: 0.0045473 seconds, Stopping threads took: 0.0001362 seconds
[2022-06-13T03:23:21.991+0000][1][safepoint    ] Application time: 0.0002102 seconds
[2022-06-13T03:23:21.991+0000][1][safepoint    ] Entering safepoint region: RevokeBias
[2022-06-13T03:23:21.991+0000][1][safepoint    ] Leaving safepoint region
[2022-06-13T03:23:21.991+0000][1][safepoint    ] Total time for which application threads were stopped: 0.0002647 seconds, Stopping threads took: 0.0001345 seconds
[2022-06-13T03:23:21.991+0000][1][safepoint    ] Application time: 0.0000913 seconds
[2022-06-13T03:23:21.991+0000][1][safepoint    ] Entering safepoint region: RevokeBias
[2022-06-13T03:23:21.992+0000][1][safepoint    ] Leaving safepoint region
[2022-06-13T03:23:21.992+0000][1][safepoint    ] Total time for which application threads were stopped: 0.0002367 seconds, Stopping threads took: 0.0001134 seconds
[2022-06-13T03:23:21.992+0000][1][safepoint    ] Application time: 0.0000865 seconds
[2022-06-13T03:23:21.992+0000][1][safepoint    ] Entering safepoint region: RevokeBias
[2022-06-13T03:23:21.992+0000][1][safepoint    ] Leaving safepoint region
[2022-06-13T03:23:21.992+0000][1][safepoint    ] Total time for which application threads were stopped: 0.0002761 seconds, Stopping threads took: 0.0001268 seconds
[2022-06-13T03:23:21.992+0000][1][safepoint    ] Application time: 0.0000724 seconds
[2022-06-13T03:23:21.993+0000][1][safepoint    ] Entering safepoint region: RevokeBias
[2022-06-13T03:23:21.993+0000][1][safepoint    ] Leaving safepoint region
[2022-06-13T03:23:21.993+0000][1][safepoint    ] Total time for which application threads were stopped: 0.0002882 seconds, Stopping threads took: 0.0001265 seconds
[2022-06-13T03:23:22.011+0000][1][safepoint    ] Application time: 0.0184578 seconds
[2022-06-13T03:23:22.012+0000][1][safepoint    ] Entering safepoint region: Deoptimize
[2022-06-13T03:23:22.013+0000][1][safepoint    ] Leaving safepoint region
[2022-06-13T03:23:22.013+0000][1][safepoint    ] Total time for which application threads were stopped: 0.0011785 seconds, Stopping threads took: 0.0002268 seconds
[2022-06-13T03:23:22.040+0000][1][safepoint    ] Application time: 0.0265878 seconds
[2022-06-13T03:23:22.040+0000][1][safepoint    ] Entering safepoint region: Deoptimize
[2022-06-13T03:23:22.040+0000][1][safepoint    ] Leaving safepoint region
[2022-06-13T03:23:22.041+0000][1][safepoint    ] Total time for which application threads were stopped: 0.0006838 seconds, Stopping threads took: 0.0001540 seconds
[2022-06-13T03:23:22.107+0000][1][safepoint    ] Application time: 0.0659534 seconds
[2022-06-13T03:23:22.107+0000][1][safepoint    ] Entering safepoint region: GenCollectForAllocation
[2022-06-13T03:23:22.107+0000][1][gc,start     ] GC(5) Pause Young (Allocation Failure)
[2022-06-13T03:23:22.107+0000][1][gc,task      ] GC(5) Using 5 workers of 13 for evacuation
[2022-06-13T03:23:22.110+0000][1][gc,age       ] GC(5) Desired survivor size 4456448 bytes, new threshold 3 (max threshold 6)
[2022-06-13T03:23:22.110+0000][1][gc,age       ] GC(5) Age table with threshold 3 (max threshold 6)
[2022-06-13T03:23:22.111+0000][1][gc,age       ] GC(5) - age   1:    2190616 bytes,    2190616 total
[2022-06-13T03:23:22.111+0000][1][gc,age       ] GC(5) - age   2:     575336 bytes,    2765952 total
[2022-06-13T03:23:22.111+0000][1][gc,age       ] GC(5) - age   3:    3171704 bytes,    5937656 total
[2022-06-13T03:23:22.111+0000][1][gc,heap      ] GC(5) ParNew: 76940K->8202K(78656K)
[2022-06-13T03:23:22.111+0000][1][gc,heap      ] GC(5) CMS: 7910K->8225K(174784K)
[2022-06-13T03:23:22.111+0000][1][gc,metaspace ] GC(5) Metaspace: 19080K->19080K(1067008K)
[2022-06-13T03:23:22.111+0000][1][gc           ] GC(5) Pause Young (Allocation Failure) 82M->16M(247M) 4.048ms
[2022-06-13T03:23:22.111+0000][1][gc,cpu       ] GC(5) User=0.05s Sys=0.00s Real=0.01s
[2022-06-13T03:23:22.111+0000][1][safepoint    ] Leaving safepoint region
[2022-06-13T03:23:22.112+0000][1][safepoint    ] Total time for which application threads were stopped: 0.0046539 seconds, Stopping threads took: 0.0001652 seconds
[2022-06-13T03:23:22.112+0000][1][safepoint    ] Application time: 0.0002636 seconds
[2022-06-13T03:23:22.112+0000][1][safepoint    ] Entering safepoint region: RevokeBias
[2022-06-13T03:23:22.112+0000][1][safepoint    ] Leaving safepoint region
[2022-06-13T03:23:22.112+0000][1][safepoint    ] Total time for which application threads were stopped: 0.0004277 seconds, Stopping threads took: 0.0001754 seconds
[2022-06-13T03:23:22.113+0000][1][safepoint    ] Application time: 0.0000923 seconds
[2022-06-13T03:23:22.113+0000][1][safepoint    ] Entering safepoint region: RevokeBias
[2022-06-13T03:23:22.113+0000][1][safepoint    ] Leaving safepoint region
[2022-06-13T03:23:22.113+0000][1][safepoint    ] Total time for which application threads were stopped: 0.0003444 seconds, Stopping threads took: 0.0001707 seconds
[2022-06-13T03:23:22.113+0000][1][safepoint    ] Application time: 0.0000835 seconds
[2022-06-13T03:23:22.114+0000][1][safepoint    ] Entering safepoint region: RevokeBias
[2022-06-13T03:23:22.114+0000][1][safepoint    ] Leaving safepoint region
[2022-06-13T03:23:22.114+0000][1][safepoint    ] Total time for which application threads were stopped: 0.0002893 seconds, Stopping threads took: 0.0001499 seconds
[2022-06-13T03:23:22.114+0000][1][safepoint    ] Application time: 0.0000666 seconds
[2022-06-13T03:23:22.114+0000][1][safepoint    ] Entering safepoint region: RevokeBias
[2022-06-13T03:23:22.114+0000][1][safepoint    ] Leaving safepoint region
[2022-06-13T03:23:22.114+0000][1][safepoint    ] Total time for which application threads were stopped: 0.0002993 seconds, Stopping threads took: 0.0001476 seconds
[2022-06-13T03:23:22.115+0000][1][safepoint    ] Application time: 0.0000878 seconds
[2022-06-13T03:23:22.115+0000][1][safepoint    ] Entering safepoint region: RevokeBias
[2022-06-13T03:23:22.115+0000][1][safepoint    ] Leaving safepoint region
[2022-06-13T03:23:22.115+0000][1][safepoint    ] Total time for which application threads were stopped: 0.0002612 seconds, Stopping threads took: 0.0001339 seconds
[2022-06-13T03:23:22.115+0000][1][safepoint    ] Application time: 0.0000651 seconds
[2022-06-13T03:23:22.115+0000][1][safepoint    ] Entering safepoint region: RevokeBias
[2022-06-13T03:23:22.115+0000][1][safepoint    ] Leaving safepoint region
[2022-06-13T03:23:22.115+0000][1][safepoint    ] Total time for which application threads were stopped: 0.0002741 seconds, Stopping threads took: 0.0001209 seconds
[2022-06-13T03:23:22.192+0000][1][safepoint    ] Application time: 0.0767956 seconds
[2022-06-13T03:23:22.193+0000][1][safepoint    ] Entering safepoint region: GenCollectForAllocation
[2022-06-13T03:23:22.193+0000][1][gc,start     ] GC(6) Pause Young (Allocation Failure)
[2022-06-13T03:23:22.193+0000][1][gc,task      ] GC(6) Using 5 workers of 13 for evacuation
[2022-06-13T03:23:22.196+0000][1][gc,age       ] GC(6) Desired survivor size 4456448 bytes, new threshold 6 (max threshold 6)
[2022-06-13T03:23:22.196+0000][1][gc,age       ] GC(6) Age table with threshold 6 (max threshold 6)
[2022-06-13T03:23:22.196+0000][1][gc,age       ] GC(6) - age   1:    1447864 bytes,    1447864 total
[2022-06-13T03:23:22.196+0000][1][gc,age       ] GC(6) - age   2:    2179312 bytes,    3627176 total
[2022-06-13T03:23:22.196+0000][1][gc,age       ] GC(6) - age   3:     575336 bytes,    4202512 total
[2022-06-13T03:23:22.196+0000][1][gc,heap      ] GC(6) ParNew: 78154K->7468K(78656K)
[2022-06-13T03:23:22.197+0000][1][gc,heap      ] GC(6) CMS: 8225K->11347K(174784K)
[2022-06-13T03:23:22.197+0000][1][gc,metaspace ] GC(6) Metaspace: 19400K->19400K(1067008K)
[2022-06-13T03:23:22.197+0000][1][gc           ] GC(6) Pause Young (Allocation Failure) 84M->18M(247M) 3.857ms
[2022-06-13T03:23:22.197+0000][1][gc,cpu       ] GC(6) User=0.02s Sys=0.00s Real=0.00s
[2022-06-13T03:23:22.197+0000][1][safepoint    ] Leaving safepoint region
[2022-06-13T03:23:22.197+0000][1][safepoint    ] Total time for which application threads were stopped: 0.0044482 seconds, Stopping threads took: 0.0001528 seconds
[2022-06-13T03:23:22.197+0000][1][safepoint    ] Application time: 0.0002031 seconds
[2022-06-13T03:23:22.198+0000][1][safepoint    ] Entering safepoint region: RevokeBias
[2022-06-13T03:23:22.198+0000][1][safepoint    ] Leaving safepoint region
[2022-06-13T03:23:22.198+0000][1][safepoint    ] Total time for which application threads were stopped: 0.0003900 seconds, Stopping threads took: 0.0002017 seconds
[2022-06-13T03:23:22.198+0000][1][safepoint    ] Application time: 0.0000990 seconds
[2022-06-13T03:23:22.198+0000][1][safepoint    ] Entering safepoint region: BulkRevokeBias
[2022-06-13T03:23:22.199+0000][1][safepoint    ] Leaving safepoint region
[2022-06-13T03:23:22.199+0000][1][safepoint    ] Total time for which application threads were stopped: 0.0003179 seconds, Stopping threads took: 0.0001455 seconds
[2022-06-13T03:23:22.199+0000][1][safepoint    ] Application time: 0.0000886 seconds
[2022-06-13T03:23:22.199+0000][1][safepoint    ] Entering safepoint region: BulkRevokeBias
[2022-06-13T03:23:22.199+0000][1][safepoint    ] Leaving safepoint region
[2022-06-13T03:23:22.199+0000][1][safepoint    ] Total time for which application threads were stopped: 0.0003287 seconds, Stopping threads took: 0.0001455 seconds
[2022-06-13T03:23:22.267+0000][1][safepoint    ] Application time: 0.0679070 seconds
[2022-06-13T03:23:22.268+0000][1][safepoint    ] Entering safepoint region: GenCollectForAllocation
[2022-06-13T03:23:22.268+0000][1][gc,start     ] GC(7) Pause Young (Allocation Failure)
[2022-06-13T03:23:22.269+0000][1][gc,task      ] GC(7) Using 5 workers of 13 for evacuation
[2022-06-13T03:23:22.270+0000][1][gc,age       ] GC(7) Desired survivor size 4456448 bytes, new threshold 6 (max threshold 6)
[2022-06-13T03:23:22.271+0000][1][gc,age       ] GC(7) Age table with threshold 6 (max threshold 6)
[2022-06-13T03:23:22.271+0000][1][gc,age       ] GC(7) - age   1:     483112 bytes,     483112 total
[2022-06-13T03:23:22.271+0000][1][gc,age       ] GC(7) - age   2:    1145104 bytes,    1628216 total
[2022-06-13T03:23:22.271+0000][1][gc,age       ] GC(7) - age   3:    2179288 bytes,    3807504 total
[2022-06-13T03:23:22.271+0000][1][gc,age       ] GC(7) - age   4:     575336 bytes,    4382840 total
[2022-06-13T03:23:22.272+0000][1][gc,heap      ] GC(7) ParNew: 77420K->5572K(78656K)
[2022-06-13T03:23:22.272+0000][1][gc,heap      ] GC(7) CMS: 11347K->11347K(174784K)
[2022-06-13T03:23:22.272+0000][1][gc,metaspace ] GC(7) Metaspace: 19656K->19656K(1067008K)
[2022-06-13T03:23:22.273+0000][1][gc           ] GC(7) Pause Young (Allocation Failure) 86M->16M(247M) 4.349ms
[2022-06-13T03:23:22.273+0000][1][gc,cpu       ] GC(7) User=0.05s Sys=0.00s Real=0.01s
[2022-06-13T03:23:22.273+0000][1][safepoint    ] Leaving safepoint region
[2022-06-13T03:23:22.273+0000][1][safepoint    ] Total time for which application threads were stopped: 0.0055351 seconds, Stopping threads took: 0.0004611 seconds
[2022-06-13T03:23:22.302+0000][1][safepoint    ] Application time: 0.0286569 seconds
[2022-06-13T03:23:22.303+0000][1][safepoint    ] Entering safepoint region: CollectForMetadataAllocation
[2022-06-13T03:23:22.303+0000][1][safepoint    ] Leaving safepoint region
[2022-06-13T03:23:22.303+0000][1][safepoint    ] Total time for which application threads were stopped: 0.0006223 seconds, Stopping threads took: 0.0003146 seconds
[2022-06-13T03:23:22.323+0000][1][safepoint    ] Application time: 0.0191608 seconds
[2022-06-13T03:23:22.323+0000][1][safepoint    ] Entering safepoint region: CollectForMetadataAllocation
[2022-06-13T03:23:22.323+0000][1][safepoint    ] Leaving safepoint region
[2022-06-13T03:23:22.323+0000][1][safepoint    ] Total time for which application threads were stopped: 0.0004931 seconds, Stopping threads took: 0.0001858 seconds
[2022-06-13T03:23:22.374+0000][1][safepoint    ] Application time: 0.0504775 seconds
[2022-06-13T03:23:22.374+0000][1][safepoint    ] Entering safepoint region: GenCollectForAllocation
[2022-06-13T03:23:22.375+0000][1][gc,start     ] GC(8) Pause Young (Allocation Failure)
[2022-06-13T03:23:22.375+0000][1][gc,task      ] GC(8) Using 5 workers of 13 for evacuation
[2022-06-13T03:23:22.378+0000][1][gc,age       ] GC(8) Desired survivor size 4456448 bytes, new threshold 4 (max threshold 6)
[2022-06-13T03:23:22.378+0000][1][gc,age       ] GC(8) Age table with threshold 4 (max threshold 6)
[2022-06-13T03:23:22.379+0000][1][gc,age       ] GC(8) - age   1:    2447240 bytes,    2447240 total
[2022-06-13T03:23:22.379+0000][1][gc,age       ] GC(8) - age   2:     458136 bytes,    2905376 total
[2022-06-13T03:23:22.379+0000][1][gc,age       ] GC(8) - age   3:    1145008 bytes,    4050384 total
[2022-06-13T03:23:22.380+0000][1][gc,age       ] GC(8) - age   4:    2177096 bytes,    6227480 total
[2022-06-13T03:23:22.380+0000][1][gc,age       ] GC(8) - age   5:     575336 bytes,    6802816 total
[2022-06-13T03:23:22.380+0000][1][gc,heap      ] GC(8) ParNew: 75524K->8506K(78656K)
[2022-06-13T03:23:22.380+0000][1][gc,heap      ] GC(8) CMS: 11347K->11347K(174784K)
[2022-06-13T03:23:22.381+0000][1][gc,metaspace ] GC(8) Metaspace: 20450K->20450K(1069056K)
[2022-06-13T03:23:22.381+0000][1][gc           ] GC(8) Pause Young (Allocation Failure) 84M->19M(247M) 6.405ms
[2022-06-13T03:23:22.381+0000][1][gc,cpu       ] GC(8) User=0.03s Sys=0.00s Real=0.01s
[2022-06-13T03:23:22.382+0000][1][safepoint    ] Leaving safepoint region
[2022-06-13T03:23:22.382+0000][1][safepoint    ] Total time for which application threads were stopped: 0.0074623 seconds, Stopping threads took: 0.0002798 seconds
[2022-06-13T03:23:22.382+0000][1][safepoint    ] Application time: 0.0001396 seconds
[2022-06-13T03:23:22.382+0000][1][safepoint    ] Entering safepoint region: CMS_Initial_Mark
[2022-06-13T03:23:22.383+0000][1][gc,start     ] GC(9) Pause Initial Mark
[2022-06-13T03:23:22.383+0000][1][gc           ] GC(9) Pause Initial Mark 20M->20M(247M) 0.862ms
[2022-06-13T03:23:22.384+0000][1][gc,cpu       ] GC(9) User=0.00s Sys=0.00s Real=0.00s
[2022-06-13T03:23:22.384+0000][1][safepoint    ] Leaving safepoint region
[2022-06-13T03:23:22.384+0000][1][safepoint    ] Total time for which application threads were stopped: 0.0020319 seconds, Stopping threads took: 0.0002561 seconds
[2022-06-13T03:23:22.385+0000][1][gc           ] GC(9) Concurrent Mark
[2022-06-13T03:23:22.386+0000][1][gc,task      ] GC(9) Using 4 workers of 4 for marking
[2022-06-13T03:23:22.390+0000][1][gc           ] GC(9) Concurrent Mark 4.913ms
[2022-06-13T03:23:22.390+0000][1][gc,cpu       ] GC(9) User=0.04s Sys=0.00s Real=0.01s
[2022-06-13T03:23:22.390+0000][1][gc           ] GC(9) Concurrent Preclean
[2022-06-13T03:23:22.391+0000][1][gc           ] GC(9) Concurrent Preclean 0.460ms
[2022-06-13T03:23:22.391+0000][1][gc,cpu       ] GC(9) User=0.00s Sys=0.00s Real=0.00s
[2022-06-13T03:23:22.391+0000][1][gc           ] GC(9) Concurrent Abortable Preclean
[2022-06-13T03:23:22.435+0000][1][safepoint    ] Application time: 0.0501749 seconds
[2022-06-13T03:23:22.435+0000][1][safepoint    ] Entering safepoint region: GenCollectForAllocation
[2022-06-13T03:23:22.435+0000][1][gc,start     ] GC(10) Pause Young (Allocation Failure)
[2022-06-13T03:23:22.436+0000][1][gc,task      ] GC(10) Using 5 workers of 13 for evacuation
[2022-06-13T03:23:22.438+0000][1][gc,age       ] GC(10) Desired survivor size 4456448 bytes, new threshold 6 (max threshold 6)
[2022-06-13T03:23:22.439+0000][1][gc,age       ] GC(10) Age table with threshold 6 (max threshold 6)
[2022-06-13T03:23:22.439+0000][1][gc,age       ] GC(10) - age   1:     834840 bytes,     834840 total
[2022-06-13T03:23:22.439+0000][1][gc,age       ] GC(10) - age   2:     504288 bytes,    1339128 total
[2022-06-13T03:23:22.439+0000][1][gc,age       ] GC(10) - age   3:     458016 bytes,    1797144 total
[2022-06-13T03:23:22.440+0000][1][gc,age       ] GC(10) - age   4:    1145008 bytes,    2942152 total
[2022-06-13T03:23:22.440+0000][1][gc,heap      ] GC(10) ParNew: 78458K->6185K(78656K)
[2022-06-13T03:23:22.440+0000][1][gc,heap      ] GC(10) CMS: 11347K->14059K(174784K)
[2022-06-13T03:23:22.440+0000][1][gc,metaspace ] GC(10) Metaspace: 20562K->20562K(1069056K)
[2022-06-13T03:23:22.440+0000][1][gc           ] GC(10) Pause Young (Allocation Failure) 87M->19M(247M) 5.044ms
[2022-06-13T03:23:22.441+0000][1][gc,cpu       ] GC(10) User=0.03s Sys=0.01s Real=0.01s
[2022-06-13T03:23:22.441+0000][1][safepoint    ] Leaving safepoint region
[2022-06-13T03:23:22.441+0000][1][safepoint    ] Total time for which application threads were stopped: 0.0058990 seconds, Stopping threads took: 0.0001990 seconds
[2022-06-13T03:23:22.492+0000][1][safepoint    ] Application time: 0.0506362 seconds
[2022-06-13T03:23:22.492+0000][1][safepoint    ] Entering safepoint region: GenCollectForAllocation
[2022-06-13T03:23:22.493+0000][1][gc,start     ] GC(11) Pause Young (Allocation Failure)
[2022-06-13T03:23:22.494+0000][1][gc,task      ] GC(11) Using 5 workers of 13 for evacuation
[2022-06-13T03:23:22.496+0000][1][gc,age       ] GC(11) Desired survivor size 4456448 bytes, new threshold 6 (max threshold 6)
[2022-06-13T03:23:22.496+0000][1][gc,age       ] GC(11) Age table with threshold 6 (max threshold 6)
[2022-06-13T03:23:22.496+0000][1][gc,age       ] GC(11) - age   1:    1531344 bytes,    1531344 total
[2022-06-13T03:23:22.497+0000][1][gc,age       ] GC(11) - age   2:     131576 bytes,    1662920 total
[2022-06-13T03:23:22.497+0000][1][gc,age       ] GC(11) - age   3:     504264 bytes,    2167184 total
[2022-06-13T03:23:22.497+0000][1][gc,age       ] GC(11) - age   4:     457888 bytes,    2625072 total
[2022-06-13T03:23:22.497+0000][1][gc,age       ] GC(11) - age   5:    1144720 bytes,    3769792 total
[2022-06-13T03:23:22.497+0000][1][gc,heap      ] GC(11) ParNew: 76137K->4796K(78656K)
[2022-06-13T03:23:22.497+0000][1][gc,heap      ] GC(11) CMS: 14059K->14059K(174784K)
[2022-06-13T03:23:22.497+0000][1][gc,metaspace ] GC(11) Metaspace: 20639K->20639K(1069056K)
[2022-06-13T03:23:22.498+0000][1][gc           ] GC(11) Pause Young (Allocation Failure) 88M->18M(247M) 4.592ms
[2022-06-13T03:23:22.498+0000][1][gc,cpu       ] GC(11) User=0.01s Sys=0.00s Real=0.00s
[2022-06-13T03:23:22.498+0000][1][safepoint    ] Leaving safepoint region
[2022-06-13T03:23:22.498+0000][1][safepoint    ] Total time for which application threads were stopped: 0.0057749 seconds, Stopping threads took: 0.0004272 seconds
[2022-06-13T03:23:22.529+0000][1][safepoint    ] Application time: 0.0308817 seconds
[2022-06-13T03:23:22.530+0000][1][safepoint    ] Entering safepoint region: CollectForMetadataAllocation
[2022-06-13T03:23:22.530+0000][1][safepoint    ] Leaving safepoint region
[2022-06-13T03:23:22.530+0000][1][safepoint    ] Total time for which application threads were stopped: 0.0003214 seconds, Stopping threads took: 0.0001157 seconds
[2022-06-13T03:23:22.537+0000][1][safepoint    ] Application time: 0.0067011 seconds
[2022-06-13T03:23:22.537+0000][1][safepoint    ] Entering safepoint region: Deoptimize
[2022-06-13T03:23:22.537+0000][1][safepoint    ] Leaving safepoint region
[2022-06-13T03:23:22.538+0000][1][safepoint    ] Total time for which application threads were stopped: 0.0006572 seconds, Stopping threads took: 0.0001509 seconds
[2022-06-13T03:23:22.538+0000][1][gc           ] GC(9) Concurrent Abortable Preclean 147.412ms
[2022-06-13T03:23:22.538+0000][1][gc,cpu       ] GC(9) User=0.44s Sys=0.01s Real=0.14s
[2022-06-13T03:23:22.539+0000][1][safepoint    ] Application time: 0.0007517 seconds
[2022-06-13T03:23:22.539+0000][1][safepoint    ] Entering safepoint region: CMS_Final_Remark
[2022-06-13T03:23:22.539+0000][1][gc,start     ] GC(9) Pause Remark
[2022-06-13T03:23:22.549+0000][1][gc           ] GC(9) Pause Remark 59M->59M(247M) 10.093ms
[2022-06-13T03:23:22.550+0000][1][gc,cpu       ] GC(9) User=0.04s Sys=0.00s Real=0.02s
[2022-06-13T03:23:22.550+0000][1][safepoint    ] Leaving safepoint region
[2022-06-13T03:23:22.550+0000][1][safepoint    ] Total time for which application threads were stopped: 0.0112980 seconds, Stopping threads took: 0.0002090 seconds
[2022-06-13T03:23:22.550+0000][1][gc           ] GC(9) Concurrent Sweep
[2022-06-13T03:23:22.555+0000][1][gc           ] GC(9) Concurrent Sweep 4.466ms
[2022-06-13T03:23:22.555+0000][1][gc,cpu       ] GC(9) User=0.02s Sys=0.00s Real=0.00s
[2022-06-13T03:23:22.555+0000][1][gc           ] GC(9) Concurrent Reset
[2022-06-13T03:23:22.556+0000][1][gc           ] GC(9) Concurrent Reset 0.630ms
[2022-06-13T03:23:22.556+0000][1][gc,cpu       ] GC(9) User=0.01s Sys=0.00s Real=0.00s
[2022-06-13T03:23:22.557+0000][1][gc,heap      ] GC(9) Old: 11347K->14034K(174784K)
[2022-06-13T03:23:22.799+0000][1][safepoint    ] Application time: 0.2492571 seconds
[2022-06-13T03:23:22.800+0000][1][safepoint    ] Entering safepoint region: Deoptimize
[2022-06-13T03:23:22.801+0000][1][safepoint    ] Leaving safepoint region
[2022-06-13T03:23:22.801+0000][1][safepoint    ] Total time for which application threads were stopped: 0.0012072 seconds, Stopping threads took: 0.0001592 seconds
[2022-06-13T03:23:22.801+0000][1][safepoint    ] Application time: 0.0003781 seconds
[2022-06-13T03:23:22.801+0000][1][safepoint    ] Entering safepoint region: Deoptimize
[2022-06-13T03:23:22.802+0000][1][safepoint    ] Leaving safepoint region
[2022-06-13T03:23:22.802+0000][1][safepoint    ] Total time for which application threads were stopped: 0.0005355 seconds, Stopping threads took: 0.0001263 seconds
[2022-06-13T03:23:22.808+0000][1][safepoint    ] Application time: 0.0062283 seconds
[2022-06-13T03:23:22.808+0000][1][safepoint    ] Entering safepoint region: RevokeBias
[2022-06-13T03:23:22.809+0000][1][safepoint    ] Leaving safepoint region
[2022-06-13T03:23:22.809+0000][1][safepoint    ] Total time for which application threads were stopped: 0.0003426 seconds, Stopping threads took: 0.0001714 seconds
[2022-06-13T03:23:22.809+0000][1][safepoint    ] Application time: 0.0000653 seconds
[2022-06-13T03:23:22.809+0000][1][safepoint    ] Entering safepoint region: RevokeBias
[2022-06-13T03:23:22.809+0000][1][safepoint    ] Leaving safepoint region
[2022-06-13T03:23:22.809+0000][1][safepoint    ] Total time for which application threads were stopped: 0.0002762 seconds, Stopping threads took: 0.0001541 seconds
[2022-06-13T03:23:22.810+0000][1][safepoint    ] Application time: 0.0000758 seconds
[2022-06-13T03:23:22.810+0000][1][safepoint    ] Entering safepoint region: RevokeBias
[2022-06-13T03:23:22.810+0000][1][safepoint    ] Leaving safepoint region
[2022-06-13T03:23:22.810+0000][1][safepoint    ] Total time for which application threads were stopped: 0.0001915 seconds, Stopping threads took: 0.0000893 seconds
[2022-06-13T03:23:22.810+0000][1][safepoint    ] Application time: 0.0004798 seconds
[2022-06-13T03:23:22.810+0000][1][safepoint    ] Entering safepoint region: Deoptimize
[2022-06-13T03:23:22.811+0000][1][safepoint    ] Leaving safepoint region
[2022-06-13T03:23:22.811+0000][1][safepoint    ] Total time for which application threads were stopped: 0.0005145 seconds, Stopping threads took: 0.0000986 seconds
[2022-06-13T03:23:22.813+0000][1][safepoint    ] Application time: 0.0023900 seconds
[2022-06-13T03:23:22.814+0000][1][safepoint    ] Entering safepoint region: Deoptimize
[2022-06-13T03:23:22.814+0000][1][safepoint    ] Leaving safepoint region
[2022-06-13T03:23:22.814+0000][1][safepoint    ] Total time for which application threads were stopped: 0.0005073 seconds, Stopping threads took: 0.0001044 seconds
[2022-06-13T03:23:22.829+0000][1][safepoint    ] Application time: 0.0150120 seconds
[2022-06-13T03:23:22.830+0000][1][safepoint    ] Entering safepoint region: GenCollectForAllocation
[2022-06-13T03:23:22.830+0000][1][gc,start     ] GC(12) Pause Young (Allocation Failure)
[2022-06-13T03:23:22.830+0000][1][gc,task      ] GC(12) Using 5 workers of 13 for evacuation
[2022-06-13T03:23:22.832+0000][1][gc,age       ] GC(12) Desired survivor size 4456448 bytes, new threshold 6 (max threshold 6)
[2022-06-13T03:23:22.832+0000][1][gc,age       ] GC(12) Age table with threshold 6 (max threshold 6)
[2022-06-13T03:23:22.832+0000][1][gc,age       ] GC(12) - age   1:    2356792 bytes,    2356792 total
[2022-06-13T03:23:22.833+0000][1][gc,age       ] GC(12) - age   2:     344944 bytes,    2701736 total
[2022-06-13T03:23:22.833+0000][1][gc,age       ] GC(12) - age   3:     131312 bytes,    2833048 total
[2022-06-13T03:23:22.833+0000][1][gc,age       ] GC(12) - age   4:     501192 bytes,    3334240 total
[2022-06-13T03:23:22.833+0000][1][gc,age       ] GC(12) - age   5:     455600 bytes,    3789840 total
[2022-06-13T03:23:22.833+0000][1][gc,age       ] GC(12) - age   6:    1144408 bytes,    4934248 total
[2022-06-13T03:23:22.833+0000][1][gc,heap      ] GC(12) ParNew: 74748K->6500K(78656K)
[2022-06-13T03:23:22.833+0000][1][gc,heap      ] GC(12) CMS: 14034K->14034K(174784K)
[2022-06-13T03:23:22.834+0000][1][gc,metaspace ] GC(12) Metaspace: 26255K->26255K(1073152K)
[2022-06-13T03:23:22.834+0000][1][gc           ] GC(12) Pause Young (Allocation Failure) 86M->20M(247M) 3.939ms
[2022-06-13T03:23:22.834+0000][1][gc,cpu       ] GC(12) User=0.01s Sys=0.00s Real=0.00s
[2022-06-13T03:23:22.834+0000][1][safepoint    ] Leaving safepoint region
[2022-06-13T03:23:22.834+0000][1][safepoint    ] Total time for which application threads were stopped: 0.0046819 seconds, Stopping threads took: 0.0001553 seconds
[2022-06-13T03:23:23.199+0000][1][safepoint    ] Application time: 0.3650029 seconds
[2022-06-13T03:23:23.200+0000][1][safepoint    ] Entering safepoint region: RevokeBias
[2022-06-13T03:23:23.200+0000][1][safepoint    ] Leaving safepoint region
[2022-06-13T03:23:23.200+0000][1][safepoint    ] Total time for which application threads were stopped: 0.0005489 seconds, Stopping threads took: 0.0001305 seconds
[2022-06-13T03:23:23.214+0000][1][safepoint    ] Application time: 0.0132763 seconds
[2022-06-13T03:23:23.214+0000][1][safepoint    ] Entering safepoint region: GenCollectForAllocation
[2022-06-13T03:23:23.214+0000][1][gc,start     ] GC(13) Pause Young (Allocation Failure)
[2022-06-13T03:23:23.214+0000][1][gc,task      ] GC(13) Using 5 workers of 13 for evacuation
[2022-06-13T03:23:23.228+0000][1][gc,age       ] GC(13) Desired survivor size 4456448 bytes, new threshold 1 (max threshold 6)
[2022-06-13T03:23:23.228+0000][1][gc,age       ] GC(13) Age table with threshold 1 (max threshold 6)
[2022-06-13T03:23:23.228+0000][1][gc,age       ] GC(13) - age   1:    5409560 bytes,    5409560 total
[2022-06-13T03:23:23.229+0000][1][gc,age       ] GC(13) - age   2:    2070336 bytes,    7479896 total
[2022-06-13T03:23:23.229+0000][1][gc,age       ] GC(13) - age   3:     344680 bytes,    7824576 total
[2022-06-13T03:23:23.229+0000][1][gc,age       ] GC(13) - age   4:     131312 bytes,    7955888 total
[2022-06-13T03:23:23.229+0000][1][gc,age       ] GC(13) - age   5:     501088 bytes,    8456976 total
[2022-06-13T03:23:23.229+0000][1][gc,age       ] GC(13) - age   6:     455600 bytes,    8912576 total
[2022-06-13T03:23:23.229+0000][1][gc,heap      ] GC(13) ParNew: 76452K->8704K(78656K)
[2022-06-13T03:23:23.229+0000][1][gc,heap      ] GC(13) CMS: 14034K->25660K(174784K)
[2022-06-13T03:23:23.230+0000][1][gc,metaspace ] GC(13) Metaspace: 27078K->27078K(1075200K)
[2022-06-13T03:23:23.230+0000][1][gc           ] GC(13) Pause Young (Allocation Failure) 88M->33M(247M) 15.842ms
[2022-06-13T03:23:23.230+0000][1][gc,cpu       ] GC(13) User=0.19s Sys=0.00s Real=0.02s
[2022-06-13T03:23:23.231+0000][1][safepoint    ] Leaving safepoint region
[2022-06-13T03:23:23.231+0000][1][safepoint    ] Total time for which application threads were stopped: 0.0175646 seconds, Stopping threads took: 0.0001706 seconds
[2022-06-13T03:23:23.367+0000][1][safepoint    ] Application time: 0.1350244 seconds
[2022-06-13T03:23:23.367+0000][1][safepoint    ] Entering safepoint region: Deoptimize
[2022-06-13T03:23:23.368+0000][1][safepoint    ] Leaving safepoint region
[2022-06-13T03:23:23.368+0000][1][safepoint    ] Total time for which application threads were stopped: 0.0009203 seconds, Stopping threads took: 0.0001815 seconds
[2022-06-13T03:23:23.484+0000][1][safepoint    ] Application time: 0.1156113 seconds
[2022-06-13T03:23:23.484+0000][1][safepoint    ] Entering safepoint region: GenCollectForAllocation
[2022-06-13T03:23:23.485+0000][1][gc,start     ] GC(14) Pause Young (Allocation Failure)
[2022-06-13T03:23:23.485+0000][1][gc,task      ] GC(14) Using 5 workers of 13 for evacuation
[2022-06-13T03:23:23.499+0000][1][gc,age       ] GC(14) Desired survivor size 4456448 bytes, new threshold 1 (max threshold 6)
[2022-06-13T03:23:23.500+0000][1][gc,age       ] GC(14) Age table with threshold 1 (max threshold 6)
[2022-06-13T03:23:23.500+0000][1][gc,age       ] GC(14) - age   1:    8912712 bytes,    8912712 total
[2022-06-13T03:23:23.500+0000][1][gc,heap      ] GC(14) ParNew: 78656K->8704K(78656K)
[2022-06-13T03:23:23.500+0000][1][gc,heap      ] GC(14) CMS: 25660K->38694K(174784K)
[2022-06-13T03:23:23.500+0000][1][gc,metaspace ] GC(14) Metaspace: 27192K->27192K(1075200K)
[2022-06-13T03:23:23.500+0000][1][gc           ] GC(14) Pause Young (Allocation Failure) 101M->46M(247M) 15.119ms
[2022-06-13T03:23:23.500+0000][1][gc,cpu       ] GC(14) User=0.11s Sys=0.00s Real=0.02s
[2022-06-13T03:23:23.500+0000][1][safepoint    ] Leaving safepoint region
[2022-06-13T03:23:23.500+0000][1][safepoint    ] Total time for which application threads were stopped: 0.0158165 seconds, Stopping threads took: 0.0003416 seconds
[2022-06-13T03:23:23.618+0000][1][safepoint    ] Application time: 0.1176391 seconds
[2022-06-13T03:23:23.618+0000][1][safepoint    ] Entering safepoint region: RevokeBias
[2022-06-13T03:23:23.618+0000][1][safepoint    ] Leaving safepoint region
[2022-06-13T03:23:23.619+0000][1][safepoint    ] Total time for which application threads were stopped: 0.0002984 seconds, Stopping threads took: 0.0001262 seconds
[2022-06-13T03:23:23.793+0000][1][safepoint    ] Application time: 0.1738337 seconds
[2022-06-13T03:23:23.793+0000][1][safepoint    ] Entering safepoint region: GenCollectForAllocation
[2022-06-13T03:23:23.794+0000][1][gc,start     ] GC(15) Pause Young (Allocation Failure)
[2022-06-13T03:23:23.794+0000][1][gc,task      ] GC(15) Using 5 workers of 13 for evacuation
[2022-06-13T03:23:23.805+0000][1][gc,age       ] GC(15) Desired survivor size 4456448 bytes, new threshold 1 (max threshold 6)
[2022-06-13T03:23:23.806+0000][1][gc,age       ] GC(15) Age table with threshold 1 (max threshold 6)
[2022-06-13T03:23:23.807+0000][1][gc,age       ] GC(15) - age   1:    6784992 bytes,    6784992 total
[2022-06-13T03:23:23.807+0000][1][gc,heap      ] GC(15) ParNew: 78656K->8704K(78656K)
[2022-06-13T03:23:23.808+0000][1][gc,heap      ] GC(15) CMS: 38694K->48662K(174784K)
[2022-06-13T03:23:23.808+0000][1][gc,metaspace ] GC(15) Metaspace: 31271K->31271K(1079296K)
[2022-06-13T03:23:23.809+0000][1][gc           ] GC(15) Pause Young (Allocation Failure) 114M->56M(247M) 15.479ms
[2022-06-13T03:23:23.810+0000][1][gc,cpu       ] GC(15) User=0.13s Sys=0.00s Real=0.02s
[2022-06-13T03:23:23.810+0000][1][safepoint    ] Leaving safepoint region
[2022-06-13T03:23:23.810+0000][1][safepoint    ] Total time for which application threads were stopped: 0.0173566 seconds, Stopping threads took: 0.0004164 seconds
[2022-06-13T03:23:23.934+0000][1][safepoint    ] Application time: 0.1235212 seconds
[2022-06-13T03:23:23.935+0000][1][safepoint    ] Entering safepoint region: GenCollectForAllocation
[2022-06-13T03:23:23.935+0000][1][gc,start     ] GC(16) Pause Young (Allocation Failure)
[2022-06-13T03:23:23.935+0000][1][gc,task      ] GC(16) Using 5 workers of 13 for evacuation
[2022-06-13T03:23:23.940+0000][1][gc,age       ] GC(16) Desired survivor size 4456448 bytes, new threshold 6 (max threshold 6)
[2022-06-13T03:23:23.940+0000][1][gc,age       ] GC(16) Age table with threshold 6 (max threshold 6)
[2022-06-13T03:23:23.941+0000][1][gc,age       ] GC(16) - age   1:     500488 bytes,     500488 total
[2022-06-13T03:23:23.941+0000][1][gc,heap      ] GC(16) ParNew: 78656K->7070K(78656K)
[2022-06-13T03:23:23.941+0000][1][gc,heap      ] GC(16) CMS: 48662K->55269K(174784K)
[2022-06-13T03:23:23.942+0000][1][gc,metaspace ] GC(16) Metaspace: 32977K->32977K(1079296K)
[2022-06-13T03:23:23.942+0000][1][gc           ] GC(16) Pause Young (Allocation Failure) 124M->60M(247M) 6.969ms
[2022-06-13T03:23:23.942+0000][1][gc,cpu       ] GC(16) User=0.03s Sys=0.00s Real=0.01s
[2022-06-13T03:23:23.942+0000][1][safepoint    ] Leaving safepoint region
[2022-06-13T03:23:23.943+0000][1][safepoint    ] Total time for which application threads were stopped: 0.0079949 seconds, Stopping threads took: 0.0002031 seconds
[2022-06-13T03:23:23.967+0000][1][safepoint    ] Application time: 0.0239083 seconds
[2022-06-13T03:23:23.967+0000][1][safepoint    ] Entering safepoint region: RevokeBias
[2022-06-13T03:23:23.967+0000][1][safepoint    ] Leaving safepoint region
[2022-06-13T03:23:23.967+0000][1][safepoint    ] Total time for which application threads were stopped: 0.0004289 seconds, Stopping threads took: 0.0001888 seconds
[2022-06-13T03:23:24.102+0000][1][safepoint    ] Application time: 0.1347529 seconds
[2022-06-13T03:23:24.103+0000][1][safepoint    ] Entering safepoint region: CollectForMetadataAllocation
[2022-06-13T03:23:24.103+0000][1][safepoint    ] Leaving safepoint region
[2022-06-13T03:23:24.103+0000][1][safepoint    ] Total time for which application threads were stopped: 0.0004112 seconds, Stopping threads took: 0.0001483 seconds
[2022-06-13T03:23:24.111+0000][1][safepoint    ] Application time: 0.0080625 seconds
[2022-06-13T03:23:24.111+0000][1][safepoint    ] Entering safepoint region: CollectForMetadataAllocation
[2022-06-13T03:23:24.112+0000][1][safepoint    ] Leaving safepoint region
[2022-06-13T03:23:24.112+0000][1][safepoint    ] Total time for which application threads were stopped: 0.0006546 seconds, Stopping threads took: 0.0002721 seconds
[2022-06-13T03:23:24.123+0000][1][safepoint    ] Application time: 0.0108972 seconds
[2022-06-13T03:23:24.124+0000][1][safepoint    ] Entering safepoint region: CollectForMetadataAllocation
[2022-06-13T03:23:24.124+0000][1][safepoint    ] Leaving safepoint region
[2022-06-13T03:23:24.124+0000][1][safepoint    ] Total time for which application threads were stopped: 0.0005785 seconds, Stopping threads took: 0.0002600 seconds
[2022-06-13T03:23:24.135+0000][1][safepoint    ] Application time: 0.0107545 seconds
[2022-06-13T03:23:24.136+0000][1][safepoint    ] Entering safepoint region: CollectForMetadataAllocation
[2022-06-13T03:23:24.136+0000][1][safepoint    ] Leaving safepoint region
[2022-06-13T03:23:24.137+0000][1][safepoint    ] Total time for which application threads were stopped: 0.0008616 seconds, Stopping threads took: 0.0004045 seconds
[2022-06-13T03:23:24.149+0000][1][safepoint    ] Application time: 0.0115770 seconds
[2022-06-13T03:23:24.149+0000][1][safepoint    ] Entering safepoint region: CollectForMetadataAllocation
[2022-06-13T03:23:24.150+0000][1][safepoint    ] Leaving safepoint region
[2022-06-13T03:23:24.150+0000][1][safepoint    ] Total time for which application threads were stopped: 0.0009315 seconds, Stopping threads took: 0.0004763 seconds
[2022-06-13T03:23:24.164+0000][1][safepoint    ] Application time: 0.0137940 seconds
[2022-06-13T03:23:24.165+0000][1][safepoint    ] Entering safepoint region: CollectForMetadataAllocation
[2022-06-13T03:23:24.165+0000][1][safepoint    ] Leaving safepoint region
[2022-06-13T03:23:24.165+0000][1][safepoint    ] Total time for which application threads were stopped: 0.0007736 seconds, Stopping threads took: 0.0002226 seconds
[2022-06-13T03:23:24.177+0000][1][safepoint    ] Application time: 0.0117617 seconds
[2022-06-13T03:23:24.178+0000][1][safepoint    ] Entering safepoint region: CollectForMetadataAllocation
[2022-06-13T03:23:24.178+0000][1][safepoint    ] Leaving safepoint region
[2022-06-13T03:23:24.179+0000][1][safepoint    ] Total time for which application threads were stopped: 0.0009475 seconds, Stopping threads took: 0.0005091 seconds
[2022-06-13T03:23:24.193+0000][1][safepoint    ] Application time: 0.0140369 seconds
[2022-06-13T03:23:24.193+0000][1][safepoint    ] Entering safepoint region: CollectForMetadataAllocation
[2022-06-13T03:23:24.194+0000][1][safepoint    ] Leaving safepoint region
[2022-06-13T03:23:24.194+0000][1][safepoint    ] Total time for which application threads were stopped: 0.0009077 seconds, Stopping threads took: 0.0004113 seconds
[2022-06-13T03:23:24.196+0000][1][safepoint    ] Application time: 0.0013037 seconds
[2022-06-13T03:23:24.196+0000][1][safepoint    ] Entering safepoint region: RevokeBias
[2022-06-13T03:23:24.197+0000][1][safepoint    ] Leaving safepoint region
[2022-06-13T03:23:24.197+0000][1][safepoint    ] Total time for which application threads were stopped: 0.0007136 seconds, Stopping threads took: 0.0003367 seconds
[2022-06-13T03:23:24.200+0000][1][safepoint    ] Application time: 0.0027326 seconds
[2022-06-13T03:23:24.200+0000][1][safepoint    ] Entering safepoint region: RevokeBias
[2022-06-13T03:23:24.200+0000][1][safepoint    ] Leaving safepoint region
[2022-06-13T03:23:24.201+0000][1][safepoint    ] Total time for which application threads were stopped: 0.0005753 seconds, Stopping threads took: 0.0002408 seconds
[2022-06-13T03:23:24.205+0000][1][safepoint    ] Application time: 0.0043924 seconds
[2022-06-13T03:23:24.206+0000][1][safepoint    ] Entering safepoint region: RevokeBias
[2022-06-13T03:23:24.206+0000][1][safepoint    ] Leaving safepoint region
[2022-06-13T03:23:24.206+0000][1][safepoint    ] Total time for which application threads were stopped: 0.0003997 seconds, Stopping threads took: 0.0001679 seconds
[2022-06-13T03:23:24.214+0000][1][safepoint    ] Application time: 0.0078680 seconds
[2022-06-13T03:23:24.214+0000][1][safepoint    ] Entering safepoint region: CollectForMetadataAllocation
[2022-06-13T03:23:24.215+0000][1][safepoint    ] Leaving safepoint region
[2022-06-13T03:23:24.215+0000][1][safepoint    ] Total time for which application threads were stopped: 0.0009821 seconds, Stopping threads took: 0.0003386 seconds
[2022-06-13T03:23:24.231+0000][1][safepoint    ] Application time: 0.0148362 seconds
[2022-06-13T03:23:24.231+0000][1][safepoint    ] Entering safepoint region: CollectForMetadataAllocation
[2022-06-13T03:23:24.232+0000][1][safepoint    ] Leaving safepoint region
[2022-06-13T03:23:24.232+0000][1][safepoint    ] Total time for which application threads were stopped: 0.0007382 seconds, Stopping threads took: 0.0003309 seconds
[2022-06-13T03:23:24.242+0000][1][safepoint    ] Application time: 0.0092999 seconds
[2022-06-13T03:23:24.242+0000][1][safepoint    ] Entering safepoint region: CollectForMetadataAllocation
[2022-06-13T03:23:24.243+0000][1][safepoint    ] Leaving safepoint region
[2022-06-13T03:23:24.243+0000][1][safepoint    ] Total time for which application threads were stopped: 0.0008587 seconds, Stopping threads took: 0.0004215 seconds
[2022-06-13T03:23:24.256+0000][1][safepoint    ] Application time: 0.0133019 seconds
[2022-06-13T03:23:24.257+0000][1][safepoint    ] Entering safepoint region: CollectForMetadataAllocation
[2022-06-13T03:23:24.257+0000][1][safepoint    ] Leaving safepoint region
[2022-06-13T03:23:24.258+0000][1][safepoint    ] Total time for which application threads were stopped: 0.0007954 seconds, Stopping threads took: 0.0003461 seconds
[2022-06-13T03:23:24.268+0000][1][safepoint    ] Application time: 0.0094166 seconds
[2022-06-13T03:23:24.268+0000][1][safepoint    ] Entering safepoint region: CollectForMetadataAllocation
[2022-06-13T03:23:24.269+0000][1][safepoint    ] Leaving safepoint region
[2022-06-13T03:23:24.270+0000][1][safepoint    ] Total time for which application threads were stopped: 0.0013656 seconds, Stopping threads took: 0.0007074 seconds
[2022-06-13T03:23:24.285+0000][1][safepoint    ] Application time: 0.0145512 seconds
[2022-06-13T03:23:24.285+0000][1][safepoint    ] Entering safepoint region: CollectForMetadataAllocation
[2022-06-13T03:23:24.285+0000][1][safepoint    ] Leaving safepoint region
[2022-06-13T03:23:24.285+0000][1][safepoint    ] Total time for which application threads were stopped: 0.0005290 seconds, Stopping threads took: 0.0001633 seconds
[2022-06-13T03:23:24.295+0000][1][safepoint    ] Application time: 0.0098920 seconds
[2022-06-13T03:23:24.296+0000][1][safepoint    ] Entering safepoint region: CollectForMetadataAllocation
[2022-06-13T03:23:24.297+0000][1][safepoint    ] Leaving safepoint region
[2022-06-13T03:23:24.297+0000][1][safepoint    ] Total time for which application threads were stopped: 0.0009237 seconds, Stopping threads took: 0.0005127 seconds
[2022-06-13T03:23:24.308+0000][1][safepoint    ] Application time: 0.0106344 seconds
[2022-06-13T03:23:24.308+0000][1][safepoint    ] Entering safepoint region: CollectForMetadataAllocation
[2022-06-13T03:23:24.309+0000][1][safepoint    ] Leaving safepoint region
[2022-06-13T03:23:24.309+0000][1][safepoint    ] Total time for which application threads were stopped: 0.0007927 seconds, Stopping threads took: 0.0002835 seconds
[2022-06-13T03:23:24.321+0000][1][safepoint    ] Application time: 0.0118695 seconds
[2022-06-13T03:23:24.322+0000][1][safepoint    ] Entering safepoint region: CollectForMetadataAllocation
[2022-06-13T03:23:24.323+0000][1][safepoint    ] Leaving safepoint region
[2022-06-13T03:23:24.323+0000][1][safepoint    ] Total time for which application threads were stopped: 0.0012419 seconds, Stopping threads took: 0.0004411 seconds
[2022-06-13T03:23:24.333+0000][1][safepoint    ] Application time: 0.0093337 seconds
[2022-06-13T03:23:24.334+0000][1][safepoint    ] Entering safepoint region: CollectForMetadataAllocation
[2022-06-13T03:23:24.334+0000][1][safepoint    ] Leaving safepoint region
[2022-06-13T03:23:24.334+0000][1][safepoint    ] Total time for which application threads were stopped: 0.0007344 seconds, Stopping threads took: 0.0003171 seconds
[2022-06-13T03:23:24.348+0000][1][safepoint    ] Application time: 0.0130183 seconds
[2022-06-13T03:23:24.348+0000][1][safepoint    ] Entering safepoint region: CollectForMetadataAllocation
[2022-06-13T03:23:24.349+0000][1][safepoint    ] Leaving safepoint region
[2022-06-13T03:23:24.349+0000][1][safepoint    ] Total time for which application threads were stopped: 0.0008139 seconds, Stopping threads took: 0.0003821 seconds
[2022-06-13T03:23:24.365+0000][1][safepoint    ] Application time: 0.0159436 seconds
[2022-06-13T03:23:24.366+0000][1][safepoint    ] Entering safepoint region: CollectForMetadataAllocation
[2022-06-13T03:23:24.366+0000][1][safepoint    ] Leaving safepoint region
[2022-06-13T03:23:24.366+0000][1][safepoint    ] Total time for which application threads were stopped: 0.0006888 seconds, Stopping threads took: 0.0002887 seconds
[2022-06-13T03:23:24.384+0000][1][safepoint    ] Application time: 0.0176382 seconds
[2022-06-13T03:23:24.385+0000][1][safepoint    ] Entering safepoint region: CollectForMetadataAllocation
[2022-06-13T03:23:24.385+0000][1][safepoint    ] Leaving safepoint region
[2022-06-13T03:23:24.386+0000][1][safepoint    ] Total time for which application threads were stopped: 0.0007682 seconds, Stopping threads took: 0.0002699 seconds
[2022-06-13T03:23:24.408+0000][1][safepoint    ] Application time: 0.0217897 seconds
[2022-06-13T03:23:24.408+0000][1][safepoint    ] Entering safepoint region: CollectForMetadataAllocation
[2022-06-13T03:23:24.409+0000][1][safepoint    ] Leaving safepoint region
[2022-06-13T03:23:24.409+0000][1][safepoint    ] Total time for which application threads were stopped: 0.0008235 seconds, Stopping threads took: 0.0003896 seconds
[2022-06-13T03:23:24.425+0000][1][safepoint    ] Application time: 0.0158845 seconds
[2022-06-13T03:23:24.426+0000][1][safepoint    ] Entering safepoint region: CollectForMetadataAllocation
[2022-06-13T03:23:24.426+0000][1][safepoint    ] Leaving safepoint region
[2022-06-13T03:23:24.427+0000][1][safepoint    ] Total time for which application threads were stopped: 0.0008880 seconds, Stopping threads took: 0.0003478 seconds
[2022-06-13T03:23:24.434+0000][1][safepoint    ] Application time: 0.0070410 seconds
[2022-06-13T03:23:24.435+0000][1][safepoint    ] Entering safepoint region: CollectForMetadataAllocation
[2022-06-13T03:23:24.435+0000][1][safepoint    ] Leaving safepoint region
[2022-06-13T03:23:24.436+0000][1][safepoint    ] Total time for which application threads were stopped: 0.0010354 seconds, Stopping threads took: 0.0004074 seconds
[2022-06-13T03:23:24.455+0000][1][safepoint    ] Application time: 0.0193973 seconds
[2022-06-13T03:23:24.456+0000][1][safepoint    ] Entering safepoint region: RevokeBias
[2022-06-13T03:23:24.456+0000][1][safepoint    ] Leaving safepoint region
[2022-06-13T03:23:24.456+0000][1][safepoint    ] Total time for which application threads were stopped: 0.0005196 seconds, Stopping threads took: 0.0002445 seconds
[2022-06-13T03:23:24.458+0000][1][safepoint    ] Application time: 0.0013663 seconds
[2022-06-13T03:23:24.458+0000][1][safepoint    ] Entering safepoint region: CollectForMetadataAllocation
[2022-06-13T03:23:24.458+0000][1][safepoint    ] Leaving safepoint region
[2022-06-13T03:23:24.459+0000][1][safepoint    ] Total time for which application threads were stopped: 0.0007379 seconds, Stopping threads took: 0.0003240 seconds
[2022-06-13T03:23:24.601+0000][1][safepoint    ] Application time: 0.1419955 seconds
[2022-06-13T03:23:24.602+0000][1][safepoint    ] Entering safepoint region: CollectForMetadataAllocation
[2022-06-13T03:23:24.602+0000][1][safepoint    ] Leaving safepoint region
[2022-06-13T03:23:24.603+0000][1][safepoint    ] Total time for which application threads were stopped: 0.0012808 seconds, Stopping threads took: 0.0005439 seconds
[2022-06-13T03:23:24.815+0000][1][safepoint    ] Application time: 0.2113255 seconds
[2022-06-13T03:23:24.815+0000][1][safepoint    ] Entering safepoint region: GenCollectForAllocation
[2022-06-13T03:23:24.816+0000][1][gc,start     ] GC(17) Pause Young (Allocation Failure)
[2022-06-13T03:23:24.816+0000][1][gc,task      ] GC(17) Using 5 workers of 13 for evacuation
[2022-06-13T03:23:24.820+0000][1][gc,age       ] GC(17) Desired survivor size 4456448 bytes, new threshold 6 (max threshold 6)
[2022-06-13T03:23:24.820+0000][1][gc,age       ] GC(17) Age table with threshold 6 (max threshold 6)
[2022-06-13T03:23:24.821+0000][1][gc,age       ] GC(17) - age   1:    3764840 bytes,    3764840 total
[2022-06-13T03:23:24.821+0000][1][gc,age       ] GC(17) - age   2:     456176 bytes,    4221016 total
[2022-06-13T03:23:24.822+0000][1][gc,heap      ] GC(17) ParNew: 77022K->5205K(78656K)
[2022-06-13T03:23:24.822+0000][1][gc,heap      ] GC(17) CMS: 55269K->55269K(174784K)
[2022-06-13T03:23:24.823+0000][1][gc,metaspace ] GC(17) Metaspace: 42294K->42294K(1087488K)
[2022-06-13T03:23:24.823+0000][1][gc           ] GC(17) Pause Young (Allocation Failure) 129M->59M(247M) 7.250ms
[2022-06-13T03:23:24.823+0000][1][gc,cpu       ] GC(17) User=0.02s Sys=0.00s Real=0.01s
[2022-06-13T03:23:24.824+0000][1][safepoint    ] Leaving safepoint region
[2022-06-13T03:23:24.824+0000][1][safepoint    ] Total time for which application threads were stopped: 0.0090301 seconds, Stopping threads took: 0.0003718 seconds
[2022-06-13T03:23:24.825+0000][1][safepoint    ] Application time: 0.0001913 seconds
[2022-06-13T03:23:24.825+0000][1][safepoint    ] Entering safepoint region: CMS_Initial_Mark
[2022-06-13T03:23:24.826+0000][1][gc,start     ] GC(18) Pause Initial Mark
[2022-06-13T03:23:24.828+0000][1][gc           ] GC(18) Pause Initial Mark 60M->60M(247M) 1.900ms
[2022-06-13T03:23:24.828+0000][1][gc,cpu       ] GC(18) User=0.01s Sys=0.00s Real=0.00s
[2022-06-13T03:23:24.828+0000][1][safepoint    ] Leaving safepoint region
[2022-06-13T03:23:24.829+0000][1][safepoint    ] Total time for which application threads were stopped: 0.0034550 seconds, Stopping threads took: 0.0003735 seconds
[2022-06-13T03:23:24.829+0000][1][gc           ] GC(18) Concurrent Mark
[2022-06-13T03:23:24.830+0000][1][gc,task      ] GC(18) Using 4 workers of 4 for marking
[2022-06-13T03:23:24.831+0000][1][safepoint    ] Application time: 0.0015584 seconds
[2022-06-13T03:23:24.831+0000][1][safepoint    ] Entering safepoint region: CollectForMetadataAllocation
[2022-06-13T03:23:24.831+0000][1][safepoint    ] Leaving safepoint region
[2022-06-13T03:23:24.832+0000][1][safepoint    ] Total time for which application threads were stopped: 0.0008617 seconds, Stopping threads took: 0.0003614 seconds
[2022-06-13T03:23:24.851+0000][1][gc           ] GC(18) Concurrent Mark 21.466ms
[2022-06-13T03:23:24.851+0000][1][gc,cpu       ] GC(18) User=0.08s Sys=0.02s Real=0.02s
[2022-06-13T03:23:24.852+0000][1][gc           ] GC(18) Concurrent Preclean
[2022-06-13T03:23:24.854+0000][1][gc           ] GC(18) Concurrent Preclean 1.934ms
[2022-06-13T03:23:24.854+0000][1][gc,cpu       ] GC(18) User=0.00s Sys=0.00s Real=0.00s
[2022-06-13T03:23:24.854+0000][1][gc           ] GC(18) Concurrent Abortable Preclean
[2022-06-13T03:23:24.855+0000][1][safepoint    ] Application time: 0.0231032 seconds
[2022-06-13T03:23:24.856+0000][1][safepoint    ] Entering safepoint region: CollectForMetadataAllocation
[2022-06-13T03:23:24.856+0000][1][safepoint    ] Leaving safepoint region
[2022-06-13T03:23:24.857+0000][1][safepoint    ] Total time for which application threads were stopped: 0.0009524 seconds, Stopping threads took: 0.0003500 seconds
[2022-06-13T03:23:24.987+0000][1][safepoint    ] Application time: 0.1296731 seconds
[2022-06-13T03:23:25.012+0000][1][safepoint    ] Entering safepoint region: CollectForMetadataAllocation
[2022-06-13T03:23:25.012+0000][1][safepoint    ] Leaving safepoint region
[2022-06-13T03:23:25.012+0000][1][safepoint    ] Total time for which application threads were stopped: 0.0008051 seconds, Stopping threads took: 0.0002916 seconds
[2022-06-13T03:23:25.035+0000][1][safepoint    ] Application time: 0.0223702 seconds
[2022-06-13T03:23:25.035+0000][1][safepoint    ] Entering safepoint region: CollectForMetadataAllocation
[2022-06-13T03:23:25.036+0000][1][safepoint    ] Leaving safepoint region
[2022-06-13T03:23:25.036+0000][1][safepoint    ] Total time for which application threads were stopped: 0.0004533 seconds, Stopping threads took: 0.0001511 seconds
[2022-06-13T03:23:25.044+0000][1][safepoint    ] Application time: 0.0079394 seconds
[2022-06-13T03:23:25.044+0000][1][safepoint    ] Entering safepoint region: CollectForMetadataAllocation
[2022-06-13T03:23:25.044+0000][1][safepoint    ] Leaving safepoint region
[2022-06-13T03:23:25.044+0000][1][safepoint    ] Total time for which application threads were stopped: 0.0004266 seconds, Stopping threads took: 0.0001633 seconds
[2022-06-13T03:23:25.069+0000][1][safepoint    ] Application time: 0.0241134 seconds
[2022-06-13T03:23:25.069+0000][1][safepoint    ] Entering safepoint region: CollectForMetadataAllocation
[2022-06-13T03:23:25.070+0000][1][safepoint    ] Leaving safepoint region
[2022-06-13T03:23:25.070+0000][1][safepoint    ] Total time for which application threads were stopped: 0.0005817 seconds, Stopping threads took: 0.0002690 seconds
[2022-06-13T03:23:25.077+0000][1][safepoint    ] Application time: 0.0072234 seconds
[2022-06-13T03:23:25.077+0000][1][safepoint    ] Entering safepoint region: CollectForMetadataAllocation
[2022-06-13T03:23:25.078+0000][1][safepoint    ] Leaving safepoint region
[2022-06-13T03:23:25.078+0000][1][safepoint    ] Total time for which application threads were stopped: 0.0004403 seconds, Stopping threads took: 0.0001519 seconds
[2022-06-13T03:23:25.079+0000][1][gc           ] GC(18) Concurrent Abortable Preclean 224.561ms
[2022-06-13T03:23:25.079+0000][1][gc,cpu       ] GC(18) User=1.09s Sys=0.02s Real=0.22s
[2022-06-13T03:23:25.079+0000][1][safepoint    ] Application time: 0.0011318 seconds
[2022-06-13T03:23:25.079+0000][1][safepoint    ] Entering safepoint region: CMS_Final_Remark
[2022-06-13T03:23:25.079+0000][1][gc,start     ] GC(18) Pause Remark
[2022-06-13T03:23:25.090+0000][1][gc           ] GC(18) Pause Remark 95M->95M(247M) 10.993ms
[2022-06-13T03:23:25.091+0000][1][gc,cpu       ] GC(18) User=0.03s Sys=0.01s Real=0.01s
[2022-06-13T03:23:25.091+0000][1][safepoint    ] Leaving safepoint region
[2022-06-13T03:23:25.091+0000][1][safepoint    ] Total time for which application threads were stopped: 0.0118266 seconds, Stopping threads took: 0.0002213 seconds
[2022-06-13T03:23:25.091+0000][1][gc           ] GC(18) Concurrent Sweep
[2022-06-13T03:23:25.110+0000][1][gc           ] GC(18) Concurrent Sweep 18.471ms
[2022-06-13T03:23:25.110+0000][1][gc,cpu       ] GC(18) User=0.08s Sys=0.00s Real=0.02s
[2022-06-13T03:23:25.110+0000][1][gc           ] GC(18) Concurrent Reset
[2022-06-13T03:23:25.111+0000][1][gc           ] GC(18) Concurrent Reset 0.442ms
[2022-06-13T03:23:25.111+0000][1][gc,cpu       ] GC(18) User=0.00s Sys=0.00s Real=0.00s
[2022-06-13T03:23:25.111+0000][1][gc,heap      ] GC(18) Old: 55269K->55039K(174784K)
[2022-06-13T03:23:25.145+0000][1][safepoint    ] Application time: 0.0536753 seconds
[2022-06-13T03:23:25.145+0000][1][safepoint    ] Entering safepoint region: RevokeBias
[2022-06-13T03:23:25.146+0000][1][safepoint    ] Leaving safepoint region
[2022-06-13T03:23:25.147+0000][1][safepoint    ] Total time for which application threads were stopped: 0.0012897 seconds, Stopping threads took: 0.0003279 seconds
[2022-06-13T03:23:25.150+0000][1][safepoint    ] Application time: 0.0027382 seconds
[2022-06-13T03:23:25.150+0000][1][safepoint    ] Entering safepoint region: RevokeBias
[2022-06-13T03:23:25.150+0000][1][safepoint    ] Leaving safepoint region
[2022-06-13T03:23:25.150+0000][1][safepoint    ] Total time for which application threads were stopped: 0.0003862 seconds, Stopping threads took: 0.0001752 seconds
[2022-06-13T03:23:25.308+0000][1][safepoint    ] Application time: 0.1581498 seconds
[2022-06-13T03:23:25.309+0000][1][safepoint    ] Entering safepoint region: RevokeBias
[2022-06-13T03:23:25.310+0000][1][safepoint    ] Leaving safepoint region
[2022-06-13T03:23:25.310+0000][1][safepoint    ] Total time for which application threads were stopped: 0.0009796 seconds, Stopping threads took: 0.0003361 seconds
[2022-06-13T03:23:25.310+0000][1][safepoint    ] Application time: 0.0001209 seconds
[2022-06-13T03:23:25.310+0000][1][safepoint    ] Entering safepoint region: RevokeBias
[2022-06-13T03:23:25.310+0000][1][safepoint    ] Leaving safepoint region
[2022-06-13T03:23:25.311+0000][1][safepoint    ] Total time for which application threads were stopped: 0.0003728 seconds, Stopping threads took: 0.0001714 seconds
[2022-06-13T03:23:25.311+0000][1][safepoint    ] Application time: 0.0001605 seconds
[2022-06-13T03:23:25.311+0000][1][safepoint    ] Entering safepoint region: RevokeBias
[2022-06-13T03:23:25.311+0000][1][safepoint    ] Leaving safepoint region
[2022-06-13T03:23:25.311+0000][1][safepoint    ] Total time for which application threads were stopped: 0.0003932 seconds, Stopping threads took: 0.0001530 seconds
[2022-06-13T03:23:25.312+0000][1][safepoint    ] Application time: 0.0001029 seconds
[2022-06-13T03:23:25.312+0000][1][safepoint    ] Entering safepoint region: RevokeBias
[2022-06-13T03:23:25.312+0000][1][safepoint    ] Leaving safepoint region
[2022-06-13T03:23:25.312+0000][1][safepoint    ] Total time for which application threads were stopped: 0.0003388 seconds, Stopping threads took: 0.0001773 seconds
[2022-06-13T03:23:25.313+0000][1][safepoint    ] Application time: 0.0002077 seconds
[2022-06-13T03:23:25.313+0000][1][safepoint    ] Entering safepoint region: RevokeBias
[2022-06-13T03:23:25.313+0000][1][safepoint    ] Leaving safepoint region
[2022-06-13T03:23:25.313+0000][1][safepoint    ] Total time for which application threads were stopped: 0.0003097 seconds, Stopping threads took: 0.0001314 seconds
[2022-06-13T03:23:25.313+0000][1][safepoint    ] Application time: 0.0003330 seconds
[2022-06-13T03:23:25.314+0000][1][safepoint    ] Entering safepoint region: RevokeBias
[2022-06-13T03:23:25.314+0000][1][safepoint    ] Leaving safepoint region
[2022-06-13T03:23:25.314+0000][1][safepoint    ] Total time for which application threads were stopped: 0.0004187 seconds, Stopping threads took: 0.0002456 seconds
[2022-06-13T03:23:25.314+0000][1][safepoint    ] Application time: 0.0001313 seconds
[2022-06-13T03:23:25.314+0000][1][safepoint    ] Entering safepoint region: RevokeBias
[2022-06-13T03:23:25.315+0000][1][safepoint    ] Leaving safepoint region
[2022-06-13T03:23:25.315+0000][1][safepoint    ] Total time for which application threads were stopped: 0.0003756 seconds, Stopping threads took: 0.0001655 seconds
[2022-06-13T03:23:25.315+0000][1][safepoint    ] Application time: 0.0003836 seconds
[2022-06-13T03:23:25.316+0000][1][safepoint    ] Entering safepoint region: RevokeBias
[2022-06-13T03:23:25.316+0000][1][safepoint    ] Leaving safepoint region
[2022-06-13T03:23:25.316+0000][1][safepoint    ] Total time for which application threads were stopped: 0.0003593 seconds, Stopping threads took: 0.0001946 seconds
[2022-06-13T03:23:25.316+0000][1][safepoint    ] Application time: 0.0000819 seconds
[2022-06-13T03:23:25.316+0000][1][safepoint    ] Entering safepoint region: RevokeBias
[2022-06-13T03:23:25.316+0000][1][safepoint    ] Leaving safepoint region
[2022-06-13T03:23:25.317+0000][1][safepoint    ] Total time for which application threads were stopped: 0.0003707 seconds, Stopping threads took: 0.0001517 seconds
[2022-06-13T03:23:25.317+0000][1][safepoint    ] Application time: 0.0001004 seconds
[2022-06-13T03:23:25.317+0000][1][safepoint    ] Entering safepoint region: RevokeBias
[2022-06-13T03:23:25.317+0000][1][safepoint    ] Leaving safepoint region
[2022-06-13T03:23:25.317+0000][1][safepoint    ] Total time for which application threads were stopped: 0.0003723 seconds, Stopping threads took: 0.0001830 seconds
[2022-06-13T03:23:25.318+0000][1][safepoint    ] Application time: 0.0000970 seconds
[2022-06-13T03:23:25.318+0000][1][safepoint    ] Entering safepoint region: RevokeBias
[2022-06-13T03:23:25.318+0000][1][safepoint    ] Leaving safepoint region
[2022-06-13T03:23:25.318+0000][1][safepoint    ] Total time for which application threads were stopped: 0.0003424 seconds, Stopping threads took: 0.0001570 seconds
[2022-06-13T03:23:25.318+0000][1][safepoint    ] Application time: 0.0000826 seconds
[2022-06-13T03:23:25.319+0000][1][safepoint    ] Entering safepoint region: RevokeBias
[2022-06-13T03:23:25.319+0000][1][safepoint    ] Leaving safepoint region
[2022-06-13T03:23:25.319+0000][1][safepoint    ] Total time for which application threads were stopped: 0.0003793 seconds, Stopping threads took: 0.0001808 seconds
[2022-06-13T03:23:25.319+0000][1][safepoint    ] Application time: 0.0000896 seconds
[2022-06-13T03:23:25.319+0000][1][safepoint    ] Entering safepoint region: RevokeBias
[2022-06-13T03:23:25.320+0000][1][safepoint    ] Leaving safepoint region
[2022-06-13T03:23:25.320+0000][1][safepoint    ] Total time for which application threads were stopped: 0.0003189 seconds, Stopping threads took: 0.0001514 seconds
[2022-06-13T03:23:25.320+0000][1][safepoint    ] Application time: 0.0001057 seconds
[2022-06-13T03:23:25.320+0000][1][safepoint    ] Entering safepoint region: RevokeBias
[2022-06-13T03:23:25.320+0000][1][safepoint    ] Leaving safepoint region
[2022-06-13T03:23:25.320+0000][1][safepoint    ] Total time for which application threads were stopped: 0.0002663 seconds, Stopping threads took: 0.0001215 seconds
[2022-06-13T03:23:25.320+0000][1][safepoint    ] Application time: 0.0000727 seconds
[2022-06-13T03:23:25.321+0000][1][safepoint    ] Entering safepoint region: RevokeBias
[2022-06-13T03:23:25.321+0000][1][safepoint    ] Leaving safepoint region
[2022-06-13T03:23:25.321+0000][1][safepoint    ] Total time for which application threads were stopped: 0.0003880 seconds, Stopping threads took: 0.0001639 seconds
[2022-06-13T03:23:25.321+0000][1][safepoint    ] Application time: 0.0000606 seconds
[2022-06-13T03:23:25.321+0000][1][safepoint    ] Entering safepoint region: RevokeBias
[2022-06-13T03:23:25.321+0000][1][safepoint    ] Leaving safepoint region
[2022-06-13T03:23:25.322+0000][1][safepoint    ] Total time for which application threads were stopped: 0.0002362 seconds, Stopping threads took: 0.0001060 seconds
[2022-06-13T03:23:25.322+0000][1][safepoint    ] Application time: 0.0000574 seconds
[2022-06-13T03:23:25.322+0000][1][safepoint    ] Entering safepoint region: RevokeBias
[2022-06-13T03:23:25.322+0000][1][safepoint    ] Leaving safepoint region
[2022-06-13T03:23:25.322+0000][1][safepoint    ] Total time for which application threads were stopped: 0.0002290 seconds, Stopping threads took: 0.0001082 seconds
[2022-06-13T03:23:25.322+0000][1][safepoint    ] Application time: 0.0000563 seconds
[2022-06-13T03:23:25.322+0000][1][safepoint    ] Entering safepoint region: RevokeBias
[2022-06-13T03:23:25.322+0000][1][safepoint    ] Leaving safepoint region
[2022-06-13T03:23:25.323+0000][1][safepoint    ] Total time for which application threads were stopped: 0.0002224 seconds, Stopping threads took: 0.0001051 seconds
[2022-06-13T03:23:25.323+0000][1][safepoint    ] Application time: 0.0000650 seconds
[2022-06-13T03:23:25.323+0000][1][safepoint    ] Entering safepoint region: RevokeBias
[2022-06-13T03:23:25.323+0000][1][safepoint    ] Leaving safepoint region
[2022-06-13T03:23:25.323+0000][1][safepoint    ] Total time for which application threads were stopped: 0.0002607 seconds, Stopping threads took: 0.0001066 seconds
[2022-06-13T03:23:25.323+0000][1][safepoint    ] Application time: 0.0000702 seconds
[2022-06-13T03:23:25.323+0000][1][safepoint    ] Entering safepoint region: RevokeBias
[2022-06-13T03:23:25.323+0000][1][safepoint    ] Leaving safepoint region
[2022-06-13T03:23:25.324+0000][1][safepoint    ] Total time for which application threads were stopped: 0.0002435 seconds, Stopping threads took: 0.0001187 seconds
[2022-06-13T03:23:25.324+0000][1][safepoint    ] Application time: 0.0000632 seconds
[2022-06-13T03:23:25.324+0000][1][safepoint    ] Entering safepoint region: RevokeBias
[2022-06-13T03:23:25.324+0000][1][safepoint    ] Leaving safepoint region
[2022-06-13T03:23:25.324+0000][1][safepoint    ] Total time for which application threads were stopped: 0.0002906 seconds, Stopping threads took: 0.0001258 seconds
[2022-06-13T03:23:25.324+0000][1][safepoint    ] Application time: 0.0001032 seconds
[2022-06-13T03:23:25.325+0000][1][safepoint    ] Entering safepoint region: RevokeBias
[2022-06-13T03:23:25.325+0000][1][safepoint    ] Leaving safepoint region
[2022-06-13T03:23:25.325+0000][1][safepoint    ] Total time for which application threads were stopped: 0.0003249 seconds, Stopping threads took: 0.0001379 seconds
[2022-06-13T03:23:25.325+0000][1][safepoint    ] Application time: 0.0000617 seconds
[2022-06-13T03:23:25.325+0000][1][safepoint    ] Entering safepoint region: RevokeBias
[2022-06-13T03:23:25.325+0000][1][safepoint    ] Leaving safepoint region
[2022-06-13T03:23:25.325+0000][1][safepoint    ] Total time for which application threads were stopped: 0.0002638 seconds, Stopping threads took: 0.0001230 seconds
[2022-06-13T03:23:25.326+0000][1][safepoint    ] Application time: 0.0000568 seconds
[2022-06-13T03:23:25.326+0000][1][safepoint    ] Entering safepoint region: RevokeBias
[2022-06-13T03:23:25.326+0000][1][safepoint    ] Leaving safepoint region
[2022-06-13T03:23:25.326+0000][1][safepoint    ] Total time for which application threads were stopped: 0.0002356 seconds, Stopping threads took: 0.0001009 seconds
[2022-06-13T03:23:25.326+0000][1][safepoint    ] Application time: 0.0000545 seconds
[2022-06-13T03:23:25.326+0000][1][safepoint    ] Entering safepoint region: RevokeBias
[2022-06-13T03:23:25.326+0000][1][safepoint    ] Leaving safepoint region
[2022-06-13T03:23:25.326+0000][1][safepoint    ] Total time for which application threads were stopped: 0.0002513 seconds, Stopping threads took: 0.0001064 seconds
[2022-06-13T03:23:25.327+0000][1][safepoint    ] Application time: 0.0000692 seconds
[2022-06-13T03:23:25.327+0000][1][safepoint    ] Entering safepoint region: RevokeBias
[2022-06-13T03:23:25.327+0000][1][safepoint    ] Leaving safepoint region
[2022-06-13T03:23:25.327+0000][1][safepoint    ] Total time for which application threads were stopped: 0.0002455 seconds, Stopping threads took: 0.0001161 seconds
[2022-06-13T03:23:25.327+0000][1][safepoint    ] Application time: 0.0000671 seconds
[2022-06-13T03:23:25.327+0000][1][safepoint    ] Entering safepoint region: BulkRevokeBias
[2022-06-13T03:23:25.328+0000][1][safepoint    ] Leaving safepoint region
[2022-06-13T03:23:25.328+0000][1][safepoint    ] Total time for which application threads were stopped: 0.0003025 seconds, Stopping threads took: 0.0001131 seconds
[2022-06-13T03:23:25.328+0000][1][safepoint    ] Application time: 0.0002040 seconds
[2022-06-13T03:23:25.328+0000][1][safepoint    ] Entering safepoint region: RevokeBias
[2022-06-13T03:23:25.328+0000][1][safepoint    ] Leaving safepoint region
[2022-06-13T03:23:25.328+0000][1][safepoint    ] Total time for which application threads were stopped: 0.0002579 seconds, Stopping threads took: 0.0001226 seconds
[2022-06-13T03:23:25.328+0000][1][safepoint    ] Application time: 0.0000803 seconds
[2022-06-13T03:23:25.329+0000][1][safepoint    ] Entering safepoint region: RevokeBias
[2022-06-13T03:23:25.329+0000][1][safepoint    ] Leaving safepoint region
[2022-06-13T03:23:25.329+0000][1][safepoint    ] Total time for which application threads were stopped: 0.0002983 seconds, Stopping threads took: 0.0001415 seconds
[2022-06-13T03:23:25.329+0000][1][safepoint    ] Application time: 0.0002121 seconds
[2022-06-13T03:23:25.329+0000][1][safepoint    ] Entering safepoint region: RevokeBias
[2022-06-13T03:23:25.330+0000][1][safepoint    ] Leaving safepoint region
[2022-06-13T03:23:25.330+0000][1][safepoint    ] Total time for which application threads were stopped: 0.0002592 seconds, Stopping threads took: 0.0001177 seconds
[2022-06-13T03:23:25.330+0000][1][safepoint    ] Application time: 0.0001193 seconds
[2022-06-13T03:23:25.330+0000][1][safepoint    ] Entering safepoint region: RevokeBias
[2022-06-13T03:23:25.330+0000][1][safepoint    ] Leaving safepoint region
[2022-06-13T03:23:25.330+0000][1][safepoint    ] Total time for which application threads were stopped: 0.0003065 seconds, Stopping threads took: 0.0001377 seconds
[2022-06-13T03:23:25.331+0000][1][safepoint    ] Application time: 0.0001105 seconds
[2022-06-13T03:23:25.331+0000][1][safepoint    ] Entering safepoint region: RevokeBias
[2022-06-13T03:23:25.331+0000][1][safepoint    ] Leaving safepoint region
[2022-06-13T03:23:25.331+0000][1][safepoint    ] Total time for which application threads were stopped: 0.0003401 seconds, Stopping threads took: 0.0001576 seconds
[2022-06-13T03:23:25.331+0000][1][safepoint    ] Application time: 0.0001162 seconds
[2022-06-13T03:23:25.331+0000][1][safepoint    ] Entering safepoint region: RevokeBias
[2022-06-13T03:23:25.332+0000][1][safepoint    ] Leaving safepoint region
[2022-06-13T03:23:25.332+0000][1][safepoint    ] Total time for which application threads were stopped: 0.0002564 seconds, Stopping threads took: 0.0001097 seconds
[2022-06-13T03:23:25.332+0000][1][safepoint    ] Application time: 0.0000882 seconds
[2022-06-13T03:23:25.332+0000][1][safepoint    ] Entering safepoint region: RevokeBias
[2022-06-13T03:23:25.332+0000][1][safepoint    ] Leaving safepoint region
[2022-06-13T03:23:25.332+0000][1][safepoint    ] Total time for which application threads were stopped: 0.0002837 seconds, Stopping threads took: 0.0001304 seconds
[2022-06-13T03:23:25.332+0000][1][safepoint    ] Application time: 0.0000729 seconds
[2022-06-13T03:23:25.333+0000][1][safepoint    ] Entering safepoint region: RevokeBias
[2022-06-13T03:23:25.333+0000][1][safepoint    ] Leaving safepoint region
[2022-06-13T03:23:25.333+0000][1][safepoint    ] Total time for which application threads were stopped: 0.0003338 seconds, Stopping threads took: 0.0001555 seconds
[2022-06-13T03:23:25.333+0000][1][safepoint    ] Application time: 0.0000836 seconds
[2022-06-13T03:23:25.333+0000][1][safepoint    ] Entering safepoint region: RevokeBias
[2022-06-13T03:23:25.334+0000][1][safepoint    ] Leaving safepoint region
[2022-06-13T03:23:25.334+0000][1][safepoint    ] Total time for which application threads were stopped: 0.0003370 seconds, Stopping threads took: 0.0001947 seconds
[2022-06-13T03:23:25.334+0000][1][safepoint    ] Application time: 0.0000733 seconds
[2022-06-13T03:23:25.334+0000][1][safepoint    ] Entering safepoint region: RevokeBias
[2022-06-13T03:23:25.334+0000][1][safepoint    ] Leaving safepoint region
[2022-06-13T03:23:25.334+0000][1][safepoint    ] Total time for which application threads were stopped: 0.0002381 seconds, Stopping threads took: 0.0001050 seconds
[2022-06-13T03:23:25.334+0000][1][safepoint    ] Application time: 0.0000544 seconds
[2022-06-13T03:23:25.334+0000][1][safepoint    ] Entering safepoint region: RevokeBias
[2022-06-13T03:23:25.335+0000][1][safepoint    ] Leaving safepoint region
[2022-06-13T03:23:25.335+0000][1][safepoint    ] Total time for which application threads were stopped: 0.0002494 seconds, Stopping threads took: 0.0001113 seconds
[2022-06-13T03:23:25.335+0000][1][safepoint    ] Application time: 0.0000910 seconds
[2022-06-13T03:23:25.335+0000][1][safepoint    ] Entering safepoint region: RevokeBias
[2022-06-13T03:23:25.335+0000][1][safepoint    ] Leaving safepoint region
[2022-06-13T03:23:25.335+0000][1][safepoint    ] Total time for which application threads were stopped: 0.0003048 seconds, Stopping threads took: 0.0001389 seconds
[2022-06-13T03:23:25.336+0000][1][safepoint    ] Application time: 0.0000686 seconds
[2022-06-13T03:23:25.336+0000][1][safepoint    ] Entering safepoint region: RevokeBias
[2022-06-13T03:23:25.336+0000][1][safepoint    ] Leaving safepoint region
[2022-06-13T03:23:25.336+0000][1][safepoint    ] Total time for which application threads were stopped: 0.0002884 seconds, Stopping threads took: 0.0001217 seconds
[2022-06-13T03:23:25.336+0000][1][safepoint    ] Application time: 0.0000770 seconds
[2022-06-13T03:23:25.336+0000][1][safepoint    ] Entering safepoint region: RevokeBias
[2022-06-13T03:23:25.336+0000][1][safepoint    ] Leaving safepoint region
[2022-06-13T03:23:25.337+0000][1][safepoint    ] Total time for which application threads were stopped: 0.0002360 seconds, Stopping threads took: 0.0001010 seconds
[2022-06-13T03:23:25.337+0000][1][safepoint    ] Application time: 0.0000764 seconds
[2022-06-13T03:23:25.337+0000][1][safepoint    ] Entering safepoint region: RevokeBias
[2022-06-13T03:23:25.337+0000][1][safepoint    ] Leaving safepoint region
[2022-06-13T03:23:25.337+0000][1][safepoint    ] Total time for which application threads were stopped: 0.0002339 seconds, Stopping threads took: 0.0000972 seconds
[2022-06-13T03:23:25.337+0000][1][safepoint    ] Application time: 0.0000725 seconds
[2022-06-13T03:23:25.337+0000][1][safepoint    ] Entering safepoint region: RevokeBias
[2022-06-13T03:23:25.337+0000][1][safepoint    ] Leaving safepoint region
[2022-06-13T03:23:25.338+0000][1][safepoint    ] Total time for which application threads were stopped: 0.0002383 seconds, Stopping threads took: 0.0001033 seconds
[2022-06-13T03:23:25.338+0000][1][safepoint    ] Application time: 0.0000549 seconds
[2022-06-13T03:23:25.338+0000][1][safepoint    ] Entering safepoint region: RevokeBias
[2022-06-13T03:23:25.338+0000][1][safepoint    ] Leaving safepoint region
[2022-06-13T03:23:25.338+0000][1][safepoint    ] Total time for which application threads were stopped: 0.0002174 seconds, Stopping threads took: 0.0000951 seconds
[2022-06-13T03:23:25.338+0000][1][safepoint    ] Application time: 0.0000580 seconds
[2022-06-13T03:23:25.338+0000][1][safepoint    ] Entering safepoint region: RevokeBias
[2022-06-13T03:23:25.338+0000][1][safepoint    ] Leaving safepoint region
[2022-06-13T03:23:25.339+0000][1][safepoint    ] Total time for which application threads were stopped: 0.0002417 seconds, Stopping threads took: 0.0001032 seconds
[2022-06-13T03:23:25.339+0000][1][safepoint    ] Application time: 0.0000682 seconds
[2022-06-13T03:23:25.339+0000][1][safepoint    ] Entering safepoint region: RevokeBias
[2022-06-13T03:23:25.339+0000][1][safepoint    ] Leaving safepoint region
[2022-06-13T03:23:25.339+0000][1][safepoint    ] Total time for which application threads were stopped: 0.0002460 seconds, Stopping threads took: 0.0001084 seconds
[2022-06-13T03:23:25.339+0000][1][safepoint    ] Application time: 0.0000644 seconds
[2022-06-13T03:23:25.339+0000][1][safepoint    ] Entering safepoint region: RevokeBias
[2022-06-13T03:23:25.340+0000][1][safepoint    ] Leaving safepoint region
[2022-06-13T03:23:25.340+0000][1][safepoint    ] Total time for which application threads were stopped: 0.0002393 seconds, Stopping threads took: 0.0001242 seconds
[2022-06-13T03:23:25.340+0000][1][safepoint    ] Application time: 0.0000551 seconds
[2022-06-13T03:23:25.340+0000][1][safepoint    ] Entering safepoint region: RevokeBias
[2022-06-13T03:23:25.340+0000][1][safepoint    ] Leaving safepoint region
[2022-06-13T03:23:25.340+0000][1][safepoint    ] Total time for which application threads were stopped: 0.0002022 seconds, Stopping threads took: 0.0000954 seconds
[2022-06-13T03:23:25.340+0000][1][safepoint    ] Application time: 0.0000568 seconds
[2022-06-13T03:23:25.340+0000][1][safepoint    ] Entering safepoint region: RevokeBias
[2022-06-13T03:23:25.340+0000][1][safepoint    ] Leaving safepoint region
[2022-06-13T03:23:25.341+0000][1][safepoint    ] Total time for which application threads were stopped: 0.0002120 seconds, Stopping threads took: 0.0000922 seconds
[2022-06-13T03:23:25.341+0000][1][safepoint    ] Application time: 0.0000862 seconds
[2022-06-13T03:23:25.341+0000][1][safepoint    ] Entering safepoint region: RevokeBias
[2022-06-13T03:23:25.341+0000][1][safepoint    ] Leaving safepoint region
[2022-06-13T03:23:25.341+0000][1][safepoint    ] Total time for which application threads were stopped: 0.0002943 seconds, Stopping threads took: 0.0001215 seconds
[2022-06-13T03:23:25.341+0000][1][safepoint    ] Application time: 0.0000521 seconds
[2022-06-13T03:23:25.341+0000][1][safepoint    ] Entering safepoint region: BulkRevokeBias
[2022-06-13T03:23:25.342+0000][1][safepoint    ] Leaving safepoint region
[2022-06-13T03:23:25.342+0000][1][safepoint    ] Total time for which application threads were stopped: 0.0003470 seconds, Stopping threads took: 0.0001386 seconds
[2022-06-13T03:23:25.342+0000][1][safepoint    ] Application time: 0.0002497 seconds
[2022-06-13T03:23:25.342+0000][1][safepoint    ] Entering safepoint region: RevokeBias
[2022-06-13T03:23:25.343+0000][1][safepoint    ] Leaving safepoint region
[2022-06-13T03:23:25.343+0000][1][safepoint    ] Total time for which application threads were stopped: 0.0003776 seconds, Stopping threads took: 0.0002149 seconds
[2022-06-13T03:23:25.343+0000][1][safepoint    ] Application time: 0.0001047 seconds
[2022-06-13T03:23:25.343+0000][1][safepoint    ] Entering safepoint region: RevokeBias
[2022-06-13T03:23:25.343+0000][1][safepoint    ] Leaving safepoint region
[2022-06-13T03:23:25.343+0000][1][safepoint    ] Total time for which application threads were stopped: 0.0003077 seconds, Stopping threads took: 0.0001523 seconds
[2022-06-13T03:23:25.344+0000][1][safepoint    ] Application time: 0.0001611 seconds
[2022-06-13T03:23:25.344+0000][1][safepoint    ] Entering safepoint region: RevokeBias
[2022-06-13T03:23:25.344+0000][1][safepoint    ] Leaving safepoint region
[2022-06-13T03:23:25.344+0000][1][safepoint    ] Total time for which application threads were stopped: 0.0002783 seconds, Stopping threads took: 0.0001468 seconds
[2022-06-13T03:23:25.344+0000][1][safepoint    ] Application time: 0.0001052 seconds
[2022-06-13T03:23:25.345+0000][1][safepoint    ] Entering safepoint region: RevokeBias
[2022-06-13T03:23:25.345+0000][1][safepoint    ] Leaving safepoint region
[2022-06-13T03:23:25.345+0000][1][safepoint    ] Total time for which application threads were stopped: 0.0007196 seconds, Stopping threads took: 0.0005130 seconds
[2022-06-13T03:23:25.345+0000][1][safepoint    ] Application time: 0.0000904 seconds
[2022-06-13T03:23:25.346+0000][1][safepoint    ] Entering safepoint region: RevokeBias
[2022-06-13T03:23:25.346+0000][1][safepoint    ] Leaving safepoint region
[2022-06-13T03:23:25.346+0000][1][safepoint    ] Total time for which application threads were stopped: 0.0003573 seconds, Stopping threads took: 0.0001965 seconds
[2022-06-13T03:23:25.346+0000][1][safepoint    ] Application time: 0.0000763 seconds
[2022-06-13T03:23:25.346+0000][1][safepoint    ] Entering safepoint region: RevokeBias
[2022-06-13T03:23:25.346+0000][1][safepoint    ] Leaving safepoint region
[2022-06-13T03:23:25.346+0000][1][safepoint    ] Total time for which application threads were stopped: 0.0003344 seconds, Stopping threads took: 0.0001741 seconds
[2022-06-13T03:23:25.347+0000][1][safepoint    ] Application time: 0.0003492 seconds
[2022-06-13T03:23:25.347+0000][1][safepoint    ] Entering safepoint region: RevokeBias
[2022-06-13T03:23:25.348+0000][1][safepoint    ] Leaving safepoint region
[2022-06-13T03:23:25.348+0000][1][safepoint    ] Total time for which application threads were stopped: 0.0005886 seconds, Stopping threads took: 0.0004322 seconds
[2022-06-13T03:23:25.348+0000][1][safepoint    ] Application time: 0.0001654 seconds
[2022-06-13T03:23:25.348+0000][1][safepoint    ] Entering safepoint region: RevokeBias
[2022-06-13T03:23:25.348+0000][1][safepoint    ] Leaving safepoint region
[2022-06-13T03:23:25.348+0000][1][safepoint    ] Total time for which application threads were stopped: 0.0002871 seconds, Stopping threads took: 0.0001173 seconds
[2022-06-13T03:23:25.349+0000][1][safepoint    ] Application time: 0.0003429 seconds
[2022-06-13T03:23:25.349+0000][1][safepoint    ] Entering safepoint region: RevokeBias
[2022-06-13T03:23:25.349+0000][1][safepoint    ] Leaving safepoint region
[2022-06-13T03:23:25.349+0000][1][safepoint    ] Total time for which application threads were stopped: 0.0002795 seconds, Stopping threads took: 0.0001104 seconds
[2022-06-13T03:23:25.350+0000][1][safepoint    ] Application time: 0.0003305 seconds
[2022-06-13T03:23:25.350+0000][1][safepoint    ] Entering safepoint region: RevokeBias
[2022-06-13T03:23:25.350+0000][1][safepoint    ] Leaving safepoint region
[2022-06-13T03:23:25.350+0000][1][safepoint    ] Total time for which application threads were stopped: 0.0003341 seconds, Stopping threads took: 0.0001860 seconds
[2022-06-13T03:23:25.350+0000][1][safepoint    ] Application time: 0.0001021 seconds
[2022-06-13T03:23:25.351+0000][1][safepoint    ] Entering safepoint region: RevokeBias
[2022-06-13T03:23:25.351+0000][1][safepoint    ] Leaving safepoint region
[2022-06-13T03:23:25.351+0000][1][safepoint    ] Total time for which application threads were stopped: 0.0003496 seconds, Stopping threads took: 0.0001673 seconds
[2022-06-13T03:23:25.351+0000][1][safepoint    ] Application time: 0.0001398 seconds
[2022-06-13T03:23:25.352+0000][1][safepoint    ] Entering safepoint region: RevokeBias
[2022-06-13T03:23:25.352+0000][1][safepoint    ] Leaving safepoint region
[2022-06-13T03:23:25.352+0000][1][safepoint    ] Total time for which application threads were stopped: 0.0007364 seconds, Stopping threads took: 0.0005563 seconds
[2022-06-13T03:23:25.352+0000][1][safepoint    ] Application time: 0.0000945 seconds
[2022-06-13T03:23:25.352+0000][1][safepoint    ] Entering safepoint region: RevokeBias
[2022-06-13T03:23:25.353+0000][1][safepoint    ] Leaving safepoint region
[2022-06-13T03:23:25.353+0000][1][safepoint    ] Total time for which application threads were stopped: 0.0002843 seconds, Stopping threads took: 0.0001330 seconds
[2022-06-13T03:23:25.353+0000][1][safepoint    ] Application time: 0.0002462 seconds
[2022-06-13T03:23:25.353+0000][1][safepoint    ] Entering safepoint region: RevokeBias
[2022-06-13T03:23:25.353+0000][1][safepoint    ] Leaving safepoint region
[2022-06-13T03:23:25.353+0000][1][safepoint    ] Total time for which application threads were stopped: 0.0002664 seconds, Stopping threads took: 0.0001163 seconds
[2022-06-13T03:23:25.355+0000][1][safepoint    ] Application time: 0.0009668 seconds
[2022-06-13T03:23:25.355+0000][1][safepoint    ] Entering safepoint region: RevokeBias
[2022-06-13T03:23:25.355+0000][1][safepoint    ] Leaving safepoint region
[2022-06-13T03:23:25.355+0000][1][safepoint    ] Total time for which application threads were stopped: 0.0003286 seconds, Stopping threads took: 0.0001653 seconds
[2022-06-13T03:23:25.355+0000][1][safepoint    ] Application time: 0.0001136 seconds
[2022-06-13T03:23:25.355+0000][1][safepoint    ] Entering safepoint region: RevokeBias
[2022-06-13T03:23:25.356+0000][1][safepoint    ] Leaving safepoint region
[2022-06-13T03:23:25.356+0000][1][safepoint    ] Total time for which application threads were stopped: 0.0002805 seconds, Stopping threads took: 0.0001238 seconds
[2022-06-13T03:23:25.356+0000][1][safepoint    ] Application time: 0.0000769 seconds
[2022-06-13T03:23:25.356+0000][1][safepoint    ] Entering safepoint region: RevokeBias
[2022-06-13T03:23:25.356+0000][1][safepoint    ] Leaving safepoint region
[2022-06-13T03:23:25.356+0000][1][safepoint    ] Total time for which application threads were stopped: 0.0002422 seconds, Stopping threads took: 0.0001084 seconds
[2022-06-13T03:23:25.357+0000][1][safepoint    ] Application time: 0.0006791 seconds
[2022-06-13T03:23:25.357+0000][1][safepoint    ] Entering safepoint region: RevokeBias
[2022-06-13T03:23:25.357+0000][1][safepoint    ] Leaving safepoint region
[2022-06-13T03:23:25.358+0000][1][safepoint    ] Total time for which application threads were stopped: 0.0003314 seconds, Stopping threads took: 0.0001760 seconds
[2022-06-13T03:23:25.358+0000][1][safepoint    ] Application time: 0.0006976 seconds
[2022-06-13T03:23:25.359+0000][1][safepoint    ] Entering safepoint region: RevokeBias
[2022-06-13T03:23:25.359+0000][1][safepoint    ] Leaving safepoint region
[2022-06-13T03:23:25.359+0000][1][safepoint    ] Total time for which application threads were stopped: 0.0004786 seconds, Stopping threads took: 0.0003165 seconds
[2022-06-13T03:23:25.359+0000][1][safepoint    ] Application time: 0.0000854 seconds
[2022-06-13T03:23:25.359+0000][1][safepoint    ] Entering safepoint region: RevokeBias
[2022-06-13T03:23:25.360+0000][1][safepoint    ] Leaving safepoint region
[2022-06-13T03:23:25.360+0000][1][safepoint    ] Total time for which application threads were stopped: 0.0004079 seconds, Stopping threads took: 0.0001666 seconds
[2022-06-13T03:23:25.360+0000][1][safepoint    ] Application time: 0.0002464 seconds
[2022-06-13T03:23:25.360+0000][1][safepoint    ] Entering safepoint region: RevokeBias
[2022-06-13T03:23:25.360+0000][1][safepoint    ] Leaving safepoint region
[2022-06-13T03:23:25.361+0000][1][safepoint    ] Total time for which application threads were stopped: 0.0003032 seconds, Stopping threads took: 0.0001298 seconds
[2022-06-13T03:23:25.372+0000][1][safepoint    ] Application time: 0.0109256 seconds
[2022-06-13T03:23:25.372+0000][1][safepoint    ] Entering safepoint region: GenCollectForAllocation
[2022-06-13T03:23:25.372+0000][1][gc,start     ] GC(19) Pause Young (Allocation Failure)
[2022-06-13T03:23:25.372+0000][1][gc,task      ] GC(19) Using 5 workers of 13 for evacuation
[2022-06-13T03:23:25.376+0000][1][gc,age       ] GC(19) Desired survivor size 4456448 bytes, new threshold 2 (max threshold 6)
[2022-06-13T03:23:25.377+0000][1][gc,age       ] GC(19) Age table with threshold 2 (max threshold 6)
[2022-06-13T03:23:25.377+0000][1][gc,age       ] GC(19) - age   1:    3115880 bytes,    3115880 total
[2022-06-13T03:23:25.377+0000][1][gc,age       ] GC(19) - age   2:    3663792 bytes,    6779672 total
[2022-06-13T03:23:25.377+0000][1][gc,age       ] GC(19) - age   3:     454072 bytes,    7233744 total
[2022-06-13T03:23:25.377+0000][1][gc,heap      ] GC(19) ParNew: 75157K->7823K(78656K)
[2022-06-13T03:23:25.377+0000][1][gc,heap      ] GC(19) CMS: 55039K->55039K(174784K)
[2022-06-13T03:23:25.377+0000][1][gc,metaspace ] GC(19) Metaspace: 47278K->47278K(1093632K)
[2022-06-13T03:23:25.378+0000][1][gc           ] GC(19) Pause Young (Allocation Failure) 127M->61M(247M) 5.380ms
[2022-06-13T03:23:25.378+0000][1][gc,cpu       ] GC(19) User=0.01s Sys=0.00s Real=0.00s
[2022-06-13T03:23:25.378+0000][1][safepoint    ] Leaving safepoint region
[2022-06-13T03:23:25.378+0000][1][safepoint    ] Total time for which application threads were stopped: 0.0059946 seconds, Stopping threads took: 0.0001615 seconds
[2022-06-13T03:23:25.849+0000][1][safepoint    ] Application time: 0.4710439 seconds
[2022-06-13T03:23:25.849+0000][1][safepoint    ] Entering safepoint region: GenCollectForAllocation
[2022-06-13T03:23:25.850+0000][1][gc,start     ] GC(20) Pause Young (Allocation Failure)
[2022-06-13T03:23:25.850+0000][1][gc,task      ] GC(20) Using 5 workers of 13 for evacuation
[2022-06-13T03:23:25.856+0000][1][gc,age       ] GC(20) Desired survivor size 4456448 bytes, new threshold 2 (max threshold 6)
[2022-06-13T03:23:25.856+0000][1][gc,age       ] GC(20) Age table with threshold 2 (max threshold 6)
[2022-06-13T03:23:25.856+0000][1][gc,age       ] GC(20) - age   1:    1519312 bytes,    1519312 total
[2022-06-13T03:23:25.856+0000][1][gc,age       ] GC(20) - age   2:    3076176 bytes,    4595488 total
[2022-06-13T03:23:25.857+0000][1][gc,heap      ] GC(20) ParNew: 77775K->6187K(78656K)
[2022-06-13T03:23:25.857+0000][1][gc,heap      ] GC(20) CMS: 55039K->59196K(174784K)
[2022-06-13T03:23:25.857+0000][1][gc,metaspace ] GC(20) Metaspace: 53785K->53785K(1097728K)
[2022-06-13T03:23:25.857+0000][1][gc           ] GC(20) Pause Young (Allocation Failure) 129M->63M(247M) 7.415ms
[2022-06-13T03:23:25.857+0000][1][gc,cpu       ] GC(20) User=0.03s Sys=0.00s Real=0.00s
[2022-06-13T03:23:25.857+0000][1][safepoint    ] Leaving safepoint region
[2022-06-13T03:23:25.857+0000][1][safepoint    ] Total time for which application threads were stopped: 0.0080823 seconds, Stopping threads took: 0.0001642 seconds
[2022-06-13T03:23:26.009+0000][1][safepoint    ] Application time: 0.1520170 seconds
[2022-06-13T03:23:26.010+0000][1][safepoint    ] Entering safepoint region: Deoptimize
[2022-06-13T03:23:26.011+0000][1][safepoint    ] Leaving safepoint region
[2022-06-13T03:23:26.011+0000][1][safepoint    ] Total time for which application threads were stopped: 0.0014094 seconds, Stopping threads took: 0.0001486 seconds
[2022-06-13T03:23:26.034+0000][1][safepoint    ] Application time: 0.0221781 seconds
[2022-06-13T03:23:26.035+0000][1][safepoint    ] Entering safepoint region: RevokeBias
[2022-06-13T03:23:26.035+0000][1][safepoint    ] Leaving safepoint region
[2022-06-13T03:23:26.035+0000][1][safepoint    ] Total time for which application threads were stopped: 0.0003398 seconds, Stopping threads took: 0.0001325 seconds
[2022-06-13T03:23:26.035+0000][1][safepoint    ] Application time: 0.0001110 seconds
[2022-06-13T03:23:26.035+0000][1][safepoint    ] Entering safepoint region: RevokeBias
[2022-06-13T03:23:26.035+0000][1][safepoint    ] Leaving safepoint region
[2022-06-13T03:23:26.035+0000][1][safepoint    ] Total time for which application threads were stopped: 0.0002712 seconds, Stopping threads took: 0.0001141 seconds
[2022-06-13T03:23:26.036+0000][1][safepoint    ] Application time: 0.0001504 seconds
[2022-06-13T03:23:26.036+0000][1][safepoint    ] Entering safepoint region: RevokeBias
[2022-06-13T03:23:26.036+0000][1][safepoint    ] Leaving safepoint region
[2022-06-13T03:23:26.036+0000][1][safepoint    ] Total time for which application threads were stopped: 0.0002309 seconds, Stopping threads took: 0.0001019 seconds
[2022-06-13T03:23:26.038+0000][1][safepoint    ] Application time: 0.0022373 seconds
[2022-06-13T03:23:26.039+0000][1][safepoint    ] Entering safepoint region: RevokeBias
[2022-06-13T03:23:26.039+0000][1][safepoint    ] Leaving safepoint region
[2022-06-13T03:23:26.039+0000][1][safepoint    ] Total time for which application threads were stopped: 0.0002823 seconds, Stopping threads took: 0.0001241 seconds
[2022-06-13T03:23:26.193+0000][1][safepoint    ] Application time: 0.1542315 seconds
[2022-06-13T03:23:26.194+0000][1][safepoint    ] Entering safepoint region: Deoptimize
[2022-06-13T03:23:26.196+0000][1][safepoint    ] Leaving safepoint region
[2022-06-13T03:23:26.196+0000][1][safepoint    ] Total time for which application threads were stopped: 0.0025378 seconds, Stopping threads took: 0.0002457 seconds
[2022-06-13T03:23:26.249+0000][1][safepoint    ] Application time: 0.0517929 seconds
[2022-06-13T03:23:26.249+0000][1][safepoint    ] Entering safepoint region: RevokeBias
[2022-06-13T03:23:26.249+0000][1][safepoint    ] Leaving safepoint region
[2022-06-13T03:23:26.250+0000][1][safepoint    ] Total time for which application threads were stopped: 0.0006607 seconds, Stopping threads took: 0.0002583 seconds
[2022-06-13T03:23:26.250+0000][1][safepoint    ] Application time: 0.0001295 seconds
[2022-06-13T03:23:26.250+0000][1][safepoint    ] Entering safepoint region: RevokeBias
[2022-06-13T03:23:26.250+0000][1][safepoint    ] Leaving safepoint region
[2022-06-13T03:23:26.251+0000][1][safepoint    ] Total time for which application threads were stopped: 0.0005767 seconds, Stopping threads took: 0.0002370 seconds
[2022-06-13T03:23:26.251+0000][1][safepoint    ] Application time: 0.0002401 seconds
[2022-06-13T03:23:26.252+0000][1][safepoint    ] Entering safepoint region: RevokeBias
[2022-06-13T03:23:26.252+0000][1][safepoint    ] Leaving safepoint region
[2022-06-13T03:23:26.252+0000][1][safepoint    ] Total time for which application threads were stopped: 0.0008205 seconds, Stopping threads took: 0.0004623 seconds
[2022-06-13T03:23:26.253+0000][1][safepoint    ] Application time: 0.0001895 seconds
[2022-06-13T03:23:26.253+0000][1][safepoint    ] Entering safepoint region: RevokeBias
[2022-06-13T03:23:26.253+0000][1][safepoint    ] Leaving safepoint region
[2022-06-13T03:23:26.253+0000][1][safepoint    ] Total time for which application threads were stopped: 0.0003372 seconds, Stopping threads took: 0.0001728 seconds
[2022-06-13T03:23:26.367+0000][1][safepoint    ] Application time: 0.1140094 seconds
[2022-06-13T03:23:26.368+0000][1][safepoint    ] Entering safepoint region: RevokeBias
[2022-06-13T03:23:26.368+0000][1][safepoint    ] Leaving safepoint region
[2022-06-13T03:23:26.369+0000][1][safepoint    ] Total time for which application threads were stopped: 0.0006759 seconds, Stopping threads took: 0.0003799 seconds
[2022-06-13T03:23:26.369+0000][1][safepoint    ] Application time: 0.0001174 seconds
[2022-06-13T03:23:26.369+0000][1][safepoint    ] Entering safepoint region: BulkRevokeBias
[2022-06-13T03:23:26.369+0000][1][safepoint    ] Leaving safepoint region
[2022-06-13T03:23:26.370+0000][1][safepoint    ] Total time for which application threads were stopped: 0.0002811 seconds, Stopping threads took: 0.0001189 seconds
[2022-06-13T03:23:26.477+0000][1][safepoint    ] Application time: 0.1071520 seconds
[2022-06-13T03:23:26.477+0000][1][safepoint    ] Entering safepoint region: RevokeBias
[2022-06-13T03:23:26.477+0000][1][safepoint    ] Leaving safepoint region
[2022-06-13T03:23:26.477+0000][1][safepoint    ] Total time for which application threads were stopped: 0.0003997 seconds, Stopping threads took: 0.0002011 seconds
[2022-06-13T03:23:26.585+0000][1][safepoint    ] Application time: 0.1075242 seconds
[2022-06-13T03:23:26.585+0000][1][safepoint    ] Entering safepoint region: GenCollectForAllocation
[2022-06-13T03:23:26.586+0000][1][gc,start     ] GC(21) Pause Young (Allocation Failure)
[2022-06-13T03:23:26.586+0000][1][gc,task      ] GC(21) Using 5 workers of 13 for evacuation
[2022-06-13T03:23:26.594+0000][1][gc,age       ] GC(21) Desired survivor size 4456448 bytes, new threshold 2 (max threshold 6)
[2022-06-13T03:23:26.594+0000][1][gc,age       ] GC(21) Age table with threshold 2 (max threshold 6)
[2022-06-13T03:23:26.595+0000][1][gc,age       ] GC(21) - age   1:    4101880 bytes,    4101880 total
[2022-06-13T03:23:26.595+0000][1][gc,age       ] GC(21) - age   2:    1433872 bytes,    5535752 total
[2022-06-13T03:23:26.595+0000][1][gc,heap      ] GC(21) ParNew: 76139K->7860K(78656K)
[2022-06-13T03:23:26.595+0000][1][gc,heap      ] GC(21) CMS: 59196K->62270K(174784K)
[2022-06-13T03:23:26.595+0000][1][gc,metaspace ] GC(21) Metaspace: 62015K->62015K(1105920K)
[2022-06-13T03:23:26.595+0000][1][gc           ] GC(21) Pause Young (Allocation Failure) 132M->68M(247M) 9.360ms
[2022-06-13T03:23:26.595+0000][1][gc,cpu       ] GC(21) User=0.04s Sys=0.00s Real=0.01s
[2022-06-13T03:23:26.595+0000][1][safepoint    ] Leaving safepoint region
[2022-06-13T03:23:26.595+0000][1][safepoint    ] Total time for which application threads were stopped: 0.0099254 seconds, Stopping threads took: 0.0001799 seconds
[2022-06-13T03:23:26.632+0000][1][safepoint    ] Application time: 0.0369360 seconds
[2022-06-13T03:23:26.633+0000][1][safepoint    ] Entering safepoint region: Deoptimize
[2022-06-13T03:23:26.633+0000][1][safepoint    ] Leaving safepoint region
[2022-06-13T03:23:26.634+0000][1][safepoint    ] Total time for which application threads were stopped: 0.0008867 seconds, Stopping threads took: 0.0001219 seconds
[2022-06-13T03:23:26.640+0000][1][safepoint    ] Application time: 0.0062384 seconds
[2022-06-13T03:23:26.640+0000][1][safepoint    ] Entering safepoint region: RevokeBias
[2022-06-13T03:23:26.640+0000][1][safepoint    ] Leaving safepoint region
[2022-06-13T03:23:26.641+0000][1][safepoint    ] Total time for which application threads were stopped: 0.0004502 seconds, Stopping threads took: 0.0002123 seconds
[2022-06-13T03:23:26.641+0000][1][safepoint    ] Application time: 0.0005001 seconds
[2022-06-13T03:23:26.642+0000][1][safepoint    ] Entering safepoint region: BulkRevokeBias
[2022-06-13T03:23:26.642+0000][1][safepoint    ] Leaving safepoint region
[2022-06-13T03:23:26.642+0000][1][safepoint    ] Total time for which application threads were stopped: 0.0004133 seconds, Stopping threads took: 0.0001663 seconds
[2022-06-13T03:23:26.643+0000][1][safepoint    ] Application time: 0.0010042 seconds
[2022-06-13T03:23:26.643+0000][1][safepoint    ] Entering safepoint region: RevokeBias
[2022-06-13T03:23:26.644+0000][1][safepoint    ] Leaving safepoint region
[2022-06-13T03:23:26.644+0000][1][safepoint    ] Total time for which application threads were stopped: 0.0004208 seconds, Stopping threads took: 0.0001959 seconds
[2022-06-13T03:23:26.644+0000][1][safepoint    ] Application time: 0.0000795 seconds
[2022-06-13T03:23:26.644+0000][1][safepoint    ] Entering safepoint region: RevokeBias
[2022-06-13T03:23:26.644+0000][1][safepoint    ] Leaving safepoint region
[2022-06-13T03:23:26.644+0000][1][safepoint    ] Total time for which application threads were stopped: 0.0003833 seconds, Stopping threads took: 0.0001566 seconds
[2022-06-13T03:23:26.645+0000][1][safepoint    ] Application time: 0.0001924 seconds
[2022-06-13T03:23:26.645+0000][1][safepoint    ] Entering safepoint region: RevokeBias
[2022-06-13T03:23:26.645+0000][1][safepoint    ] Leaving safepoint region
[2022-06-13T03:23:26.645+0000][1][safepoint    ] Total time for which application threads were stopped: 0.0002703 seconds, Stopping threads took: 0.0001257 seconds
[2022-06-13T03:23:26.646+0000][1][safepoint    ] Application time: 0.0004070 seconds
[2022-06-13T03:23:26.646+0000][1][safepoint    ] Entering safepoint region: RevokeBias
[2022-06-13T03:23:26.646+0000][1][safepoint    ] Leaving safepoint region
[2022-06-13T03:23:26.646+0000][1][safepoint    ] Total time for which application threads were stopped: 0.0002835 seconds, Stopping threads took: 0.0001260 seconds
[2022-06-13T03:23:26.646+0000][1][safepoint    ] Application time: 0.0000801 seconds
[2022-06-13T03:23:26.647+0000][1][safepoint    ] Entering safepoint region: RevokeBias
[2022-06-13T03:23:26.647+0000][1][safepoint    ] Leaving safepoint region
[2022-06-13T03:23:26.647+0000][1][safepoint    ] Total time for which application threads were stopped: 0.0003256 seconds, Stopping threads took: 0.0001457 seconds
[2022-06-13T03:23:26.647+0000][1][safepoint    ] Application time: 0.0001407 seconds
[2022-06-13T03:23:26.647+0000][1][safepoint    ] Entering safepoint region: RevokeBias
[2022-06-13T03:23:26.648+0000][1][safepoint    ] Leaving safepoint region
[2022-06-13T03:23:26.648+0000][1][safepoint    ] Total time for which application threads were stopped: 0.0002792 seconds, Stopping threads took: 0.0001353 seconds
[2022-06-13T03:23:26.648+0000][1][safepoint    ] Application time: 0.0001809 seconds
[2022-06-13T03:23:26.648+0000][1][safepoint    ] Entering safepoint region: RevokeBias
[2022-06-13T03:23:26.648+0000][1][safepoint    ] Leaving safepoint region
[2022-06-13T03:23:26.648+0000][1][safepoint    ] Total time for which application threads were stopped: 0.0002920 seconds, Stopping threads took: 0.0001360 seconds
[2022-06-13T03:23:26.649+0000][1][safepoint    ] Application time: 0.0002163 seconds
[2022-06-13T03:23:26.649+0000][1][safepoint    ] Entering safepoint region: RevokeBias
[2022-06-13T03:23:26.649+0000][1][safepoint    ] Leaving safepoint region
[2022-06-13T03:23:26.649+0000][1][safepoint    ] Total time for which application threads were stopped: 0.0003731 seconds, Stopping threads took: 0.0001631 seconds
[2022-06-13T03:23:26.650+0000][1][safepoint    ] Application time: 0.0002317 seconds
[2022-06-13T03:23:26.650+0000][1][safepoint    ] Entering safepoint region: RevokeBias
[2022-06-13T03:23:26.650+0000][1][safepoint    ] Leaving safepoint region
[2022-06-13T03:23:26.650+0000][1][safepoint    ] Total time for which application threads were stopped: 0.0003038 seconds, Stopping threads took: 0.0001547 seconds
[2022-06-13T03:23:26.650+0000][1][safepoint    ] Application time: 0.0000651 seconds
[2022-06-13T03:23:26.650+0000][1][safepoint    ] Entering safepoint region: RevokeBias
[2022-06-13T03:23:26.651+0000][1][safepoint    ] Leaving safepoint region
[2022-06-13T03:23:26.651+0000][1][safepoint    ] Total time for which application threads were stopped: 0.0002315 seconds, Stopping threads took: 0.0001040 seconds
[2022-06-13T03:23:26.652+0000][1][safepoint    ] Application time: 0.0012521 seconds
[2022-06-13T03:23:26.652+0000][1][safepoint    ] Entering safepoint region: RevokeBias
[2022-06-13T03:23:26.652+0000][1][safepoint    ] Leaving safepoint region
[2022-06-13T03:23:26.653+0000][1][safepoint    ] Total time for which application threads were stopped: 0.0003245 seconds, Stopping threads took: 0.0001513 seconds
[2022-06-13T03:23:26.653+0000][1][safepoint    ] Application time: 0.0001309 seconds
[2022-06-13T03:23:26.653+0000][1][safepoint    ] Entering safepoint region: RevokeBias
[2022-06-13T03:23:26.653+0000][1][safepoint    ] Leaving safepoint region
[2022-06-13T03:23:26.653+0000][1][safepoint    ] Total time for which application threads were stopped: 0.0003065 seconds, Stopping threads took: 0.0001258 seconds
[2022-06-13T03:23:26.655+0000][1][safepoint    ] Application time: 0.0014427 seconds
[2022-06-13T03:23:26.655+0000][1][safepoint    ] Entering safepoint region: RevokeBias
[2022-06-13T03:23:26.655+0000][1][safepoint    ] Leaving safepoint region
[2022-06-13T03:23:26.655+0000][1][safepoint    ] Total time for which application threads were stopped: 0.0003632 seconds, Stopping threads took: 0.0002094 seconds
[2022-06-13T03:23:26.656+0000][1][safepoint    ] Application time: 0.0005267 seconds
[2022-06-13T03:23:26.656+0000][1][safepoint    ] Entering safepoint region: Deoptimize
[2022-06-13T03:23:26.657+0000][1][safepoint    ] Leaving safepoint region
[2022-06-13T03:23:26.657+0000][1][safepoint    ] Total time for which application threads were stopped: 0.0008807 seconds, Stopping threads took: 0.0001155 seconds
[2022-06-13T03:23:26.658+0000][1][safepoint    ] Application time: 0.0003913 seconds
[2022-06-13T03:23:26.658+0000][1][safepoint    ] Entering safepoint region: RevokeBias
[2022-06-13T03:23:26.658+0000][1][safepoint    ] Leaving safepoint region
[2022-06-13T03:23:26.658+0000][1][safepoint    ] Total time for which application threads were stopped: 0.0002046 seconds, Stopping threads took: 0.0000964 seconds
[2022-06-13T03:23:26.686+0000][1][safepoint    ] Application time: 0.0279256 seconds
[2022-06-13T03:23:26.686+0000][1][safepoint    ] Entering safepoint region: RevokeBias
[2022-06-13T03:23:26.687+0000][1][safepoint    ] Leaving safepoint region
[2022-06-13T03:23:26.687+0000][1][safepoint    ] Total time for which application threads were stopped: 0.0006547 seconds, Stopping threads took: 0.0003319 seconds
[2022-06-13T03:23:26.687+0000][1][safepoint    ] Application time: 0.0000722 seconds
[2022-06-13T03:23:26.688+0000][1][safepoint    ] Entering safepoint region: RevokeBias
[2022-06-13T03:23:26.688+0000][1][safepoint    ] Leaving safepoint region
[2022-06-13T03:23:26.688+0000][1][safepoint    ] Total time for which application threads were stopped: 0.0006076 seconds, Stopping threads took: 0.0002749 seconds
[2022-06-13T03:23:26.689+0000][1][safepoint    ] Application time: 0.0003323 seconds
[2022-06-13T03:23:26.689+0000][1][safepoint    ] Entering safepoint region: RevokeBias
[2022-06-13T03:23:26.689+0000][1][safepoint    ] Leaving safepoint region
[2022-06-13T03:23:26.689+0000][1][safepoint    ] Total time for which application threads were stopped: 0.0004282 seconds, Stopping threads took: 0.0001693 seconds
[2022-06-13T03:23:26.690+0000][1][safepoint    ] Application time: 0.0007002 seconds
[2022-06-13T03:23:26.691+0000][1][safepoint    ] Entering safepoint region: RevokeBias
[2022-06-13T03:23:26.691+0000][1][safepoint    ] Leaving safepoint region
[2022-06-13T03:23:26.691+0000][1][safepoint    ] Total time for which application threads were stopped: 0.0003909 seconds, Stopping threads took: 0.0002179 seconds
[2022-06-13T03:23:26.691+0000][1][safepoint    ] Application time: 0.0003173 seconds
[2022-06-13T03:23:26.692+0000][1][safepoint    ] Entering safepoint region: RevokeBias
[2022-06-13T03:23:26.692+0000][1][safepoint    ] Leaving safepoint region
[2022-06-13T03:23:26.692+0000][1][safepoint    ] Total time for which application threads were stopped: 0.0003400 seconds, Stopping threads took: 0.0001504 seconds
[2022-06-13T03:23:26.693+0000][1][safepoint    ] Application time: 0.0007694 seconds
[2022-06-13T03:23:26.693+0000][1][safepoint    ] Entering safepoint region: RevokeBias
[2022-06-13T03:23:26.693+0000][1][safepoint    ] Leaving safepoint region
[2022-06-13T03:23:26.693+0000][1][safepoint    ] Total time for which application threads were stopped: 0.0003273 seconds, Stopping threads took: 0.0001741 seconds
[2022-06-13T03:23:26.693+0000][1][safepoint    ] Application time: 0.0001073 seconds
[2022-06-13T03:23:26.694+0000][1][safepoint    ] Entering safepoint region: RevokeBias
[2022-06-13T03:23:26.694+0000][1][safepoint    ] Leaving safepoint region
[2022-06-13T03:23:26.694+0000][1][safepoint    ] Total time for which application threads were stopped: 0.0002705 seconds, Stopping threads took: 0.0001382 seconds
[2022-06-13T03:23:26.694+0000][1][safepoint    ] Application time: 0.0002393 seconds
[2022-06-13T03:23:26.694+0000][1][safepoint    ] Entering safepoint region: RevokeBias
[2022-06-13T03:23:26.695+0000][1][safepoint    ] Leaving safepoint region
[2022-06-13T03:23:26.695+0000][1][safepoint    ] Total time for which application threads were stopped: 0.0003303 seconds, Stopping threads took: 0.0001842 seconds
[2022-06-13T03:23:26.695+0000][1][safepoint    ] Application time: 0.0002326 seconds
[2022-06-13T03:23:26.695+0000][1][safepoint    ] Entering safepoint region: RevokeBias
[2022-06-13T03:23:26.695+0000][1][safepoint    ] Leaving safepoint region
[2022-06-13T03:23:26.695+0000][1][safepoint    ] Total time for which application threads were stopped: 0.0002649 seconds, Stopping threads took: 0.0001360 seconds
[2022-06-13T03:23:26.696+0000][1][safepoint    ] Application time: 0.0000784 seconds
[2022-06-13T03:23:26.696+0000][1][safepoint    ] Entering safepoint region: RevokeBias
[2022-06-13T03:23:26.696+0000][1][safepoint    ] Leaving safepoint region
[2022-06-13T03:23:26.696+0000][1][safepoint    ] Total time for which application threads were stopped: 0.0003015 seconds, Stopping threads took: 0.0001529 seconds
[2022-06-13T03:23:26.697+0000][1][safepoint    ] Application time: 0.0007037 seconds
[2022-06-13T03:23:26.697+0000][1][safepoint    ] Entering safepoint region: RevokeBias
[2022-06-13T03:23:26.697+0000][1][safepoint    ] Leaving safepoint region
[2022-06-13T03:23:26.697+0000][1][safepoint    ] Total time for which application threads were stopped: 0.0003228 seconds, Stopping threads took: 0.0001798 seconds
[2022-06-13T03:23:26.698+0000][1][safepoint    ] Application time: 0.0001758 seconds
[2022-06-13T03:23:26.698+0000][1][safepoint    ] Entering safepoint region: RevokeBias
[2022-06-13T03:23:26.698+0000][1][safepoint    ] Leaving safepoint region
[2022-06-13T03:23:26.698+0000][1][safepoint    ] Total time for which application threads were stopped: 0.0003506 seconds, Stopping threads took: 0.0001757 seconds
[2022-06-13T03:23:26.698+0000][1][safepoint    ] Application time: 0.0000858 seconds
[2022-06-13T03:23:26.698+0000][1][safepoint    ] Entering safepoint region: RevokeBias
[2022-06-13T03:23:26.699+0000][1][safepoint    ] Leaving safepoint region
[2022-06-13T03:23:26.699+0000][1][safepoint    ] Total time for which application threads were stopped: 0.0003169 seconds, Stopping threads took: 0.0001423 seconds
[2022-06-13T03:23:26.699+0000][1][safepoint    ] Application time: 0.0003864 seconds
[2022-06-13T03:23:26.699+0000][1][safepoint    ] Entering safepoint region: RevokeBias
[2022-06-13T03:23:26.699+0000][1][safepoint    ] Leaving safepoint region
[2022-06-13T03:23:26.700+0000][1][safepoint    ] Total time for which application threads were stopped: 0.0003204 seconds, Stopping threads took: 0.0001622 seconds
[2022-06-13T03:23:26.700+0000][1][safepoint    ] Application time: 0.0001141 seconds
[2022-06-13T03:23:26.700+0000][1][safepoint    ] Entering safepoint region: RevokeBias
[2022-06-13T03:23:26.700+0000][1][safepoint    ] Leaving safepoint region
[2022-06-13T03:23:26.700+0000][1][safepoint    ] Total time for which application threads were stopped: 0.0003897 seconds, Stopping threads took: 0.0002251 seconds
[2022-06-13T03:23:26.701+0000][1][safepoint    ] Application time: 0.0003473 seconds
[2022-06-13T03:23:26.701+0000][1][safepoint    ] Entering safepoint region: RevokeBias
[2022-06-13T03:23:26.701+0000][1][safepoint    ] Leaving safepoint region
[2022-06-13T03:23:26.701+0000][1][safepoint    ] Total time for which application threads were stopped: 0.0003439 seconds, Stopping threads took: 0.0001868 seconds
[2022-06-13T03:23:26.702+0000][1][safepoint    ] Application time: 0.0001270 seconds
[2022-06-13T03:23:26.702+0000][1][safepoint    ] Entering safepoint region: RevokeBias
[2022-06-13T03:23:26.702+0000][1][safepoint    ] Leaving safepoint region
[2022-06-13T03:23:26.702+0000][1][safepoint    ] Total time for which application threads were stopped: 0.0003801 seconds, Stopping threads took: 0.0002096 seconds
[2022-06-13T03:23:26.702+0000][1][safepoint    ] Application time: 0.0002500 seconds
[2022-06-13T03:23:26.703+0000][1][safepoint    ] Entering safepoint region: RevokeBias
[2022-06-13T03:23:26.703+0000][1][safepoint    ] Leaving safepoint region
[2022-06-13T03:23:26.703+0000][1][safepoint    ] Total time for which application threads were stopped: 0.0003777 seconds, Stopping threads took: 0.0002138 seconds
[2022-06-13T03:23:26.703+0000][1][safepoint    ] Application time: 0.0002483 seconds
[2022-06-13T03:23:26.704+0000][1][safepoint    ] Entering safepoint region: RevokeBias
[2022-06-13T03:23:26.704+0000][1][safepoint    ] Leaving safepoint region
[2022-06-13T03:23:26.704+0000][1][safepoint    ] Total time for which application threads were stopped: 0.0003138 seconds, Stopping threads took: 0.0001884 seconds
[2022-06-13T03:23:26.705+0000][1][safepoint    ] Application time: 0.0010551 seconds
[2022-06-13T03:23:26.705+0000][1][safepoint    ] Entering safepoint region: RevokeBias
[2022-06-13T03:23:26.705+0000][1][safepoint    ] Leaving safepoint region
[2022-06-13T03:23:26.705+0000][1][safepoint    ] Total time for which application threads were stopped: 0.0002245 seconds, Stopping threads took: 0.0001086 seconds
[2022-06-13T03:23:26.706+0000][1][safepoint    ] Application time: 0.0000779 seconds
[2022-06-13T03:23:26.706+0000][1][safepoint    ] Entering safepoint region: RevokeBias
[2022-06-13T03:23:26.706+0000][1][safepoint    ] Leaving safepoint region
[2022-06-13T03:23:26.706+0000][1][safepoint    ] Total time for which application threads were stopped: 0.0002472 seconds, Stopping threads took: 0.0001363 seconds
[2022-06-13T03:23:26.707+0000][1][safepoint    ] Application time: 0.0008146 seconds
[2022-06-13T03:23:26.707+0000][1][safepoint    ] Entering safepoint region: RevokeBias
[2022-06-13T03:23:26.707+0000][1][safepoint    ] Leaving safepoint region
[2022-06-13T03:23:26.707+0000][1][safepoint    ] Total time for which application threads were stopped: 0.0002346 seconds, Stopping threads took: 0.0001201 seconds
[2022-06-13T03:23:26.707+0000][1][safepoint    ] Application time: 0.0001212 seconds
[2022-06-13T03:23:26.708+0000][1][safepoint    ] Entering safepoint region: RevokeBias
[2022-06-13T03:23:26.708+0000][1][safepoint    ] Leaving safepoint region
[2022-06-13T03:23:26.708+0000][1][safepoint    ] Total time for which application threads were stopped: 0.0002744 seconds, Stopping threads took: 0.0001275 seconds
[2022-06-13T03:23:26.708+0000][1][safepoint    ] Application time: 0.0000867 seconds
[2022-06-13T03:23:26.708+0000][1][safepoint    ] Entering safepoint region: RevokeBias
[2022-06-13T03:23:26.708+0000][1][safepoint    ] Leaving safepoint region
[2022-06-13T03:23:26.708+0000][1][safepoint    ] Total time for which application threads were stopped: 0.0002606 seconds, Stopping threads took: 0.0001223 seconds
[2022-06-13T03:23:26.709+0000][1][safepoint    ] Application time: 0.0000709 seconds
[2022-06-13T03:23:26.709+0000][1][safepoint    ] Entering safepoint region: RevokeBias
[2022-06-13T03:23:26.709+0000][1][safepoint    ] Leaving safepoint region
[2022-06-13T03:23:26.709+0000][1][safepoint    ] Total time for which application threads were stopped: 0.0003430 seconds, Stopping threads took: 0.0002185 seconds
[2022-06-13T03:23:26.709+0000][1][safepoint    ] Application time: 0.0001601 seconds
[2022-06-13T03:23:26.710+0000][1][safepoint    ] Entering safepoint region: RevokeBias
[2022-06-13T03:23:26.710+0000][1][safepoint    ] Leaving safepoint region
[2022-06-13T03:23:26.710+0000][1][safepoint    ] Total time for which application threads were stopped: 0.0005943 seconds, Stopping threads took: 0.0003255 seconds
[2022-06-13T03:23:26.711+0000][1][safepoint    ] Application time: 0.0000680 seconds
[2022-06-13T03:23:26.711+0000][1][safepoint    ] Entering safepoint region: RevokeBias
[2022-06-13T03:23:26.711+0000][1][safepoint    ] Leaving safepoint region
[2022-06-13T03:23:26.711+0000][1][safepoint    ] Total time for which application threads were stopped: 0.0004353 seconds, Stopping threads took: 0.0001870 seconds
[2022-06-13T03:23:26.712+0000][1][safepoint    ] Application time: 0.0001109 seconds
[2022-06-13T03:23:26.712+0000][1][safepoint    ] Entering safepoint region: RevokeBias
[2022-06-13T03:23:26.712+0000][1][safepoint    ] Leaving safepoint region
[2022-06-13T03:23:26.712+0000][1][safepoint    ] Total time for which application threads were stopped: 0.0005336 seconds, Stopping threads took: 0.0002861 seconds
[2022-06-13T03:23:26.714+0000][1][safepoint    ] Application time: 0.0013361 seconds
[2022-06-13T03:23:26.714+0000][1][safepoint    ] Entering safepoint region: BulkRevokeBias
[2022-06-13T03:23:26.715+0000][1][safepoint    ] Leaving safepoint region
[2022-06-13T03:23:26.715+0000][1][safepoint    ] Total time for which application threads were stopped: 0.0003728 seconds, Stopping threads took: 0.0001396 seconds
[2022-06-13T03:23:26.716+0000][1][safepoint    ] Application time: 0.0015419 seconds
[2022-06-13T03:23:26.716+0000][1][safepoint    ] Entering safepoint region: RevokeBias
[2022-06-13T03:23:26.717+0000][1][safepoint    ] Leaving safepoint region
[2022-06-13T03:23:26.717+0000][1][safepoint    ] Total time for which application threads were stopped: 0.0003440 seconds, Stopping threads took: 0.0001575 seconds
[2022-06-13T03:23:26.717+0000][1][safepoint    ] Application time: 0.0001316 seconds
[2022-06-13T03:23:26.717+0000][1][safepoint    ] Entering safepoint region: RevokeBias
[2022-06-13T03:23:26.717+0000][1][safepoint    ] Leaving safepoint region
[2022-06-13T03:23:26.717+0000][1][safepoint    ] Total time for which application threads were stopped: 0.0002841 seconds, Stopping threads took: 0.0001288 seconds
[2022-06-13T03:23:26.720+0000][1][safepoint    ] Application time: 0.0021371 seconds
[2022-06-13T03:23:26.720+0000][1][safepoint    ] Entering safepoint region: RevokeBias
[2022-06-13T03:23:26.720+0000][1][safepoint    ] Leaving safepoint region
[2022-06-13T03:23:26.720+0000][1][safepoint    ] Total time for which application threads were stopped: 0.0002725 seconds, Stopping threads took: 0.0001396 seconds
[2022-06-13T03:23:26.720+0000][1][safepoint    ] Application time: 0.0001413 seconds
[2022-06-13T03:23:26.720+0000][1][safepoint    ] Entering safepoint region: RevokeBias
[2022-06-13T03:23:26.721+0000][1][safepoint    ] Leaving safepoint region
[2022-06-13T03:23:26.721+0000][1][safepoint    ] Total time for which application threads were stopped: 0.0002746 seconds, Stopping threads took: 0.0001137 seconds
[2022-06-13T03:23:26.721+0000][1][safepoint    ] Application time: 0.0001109 seconds
[2022-06-13T03:23:26.721+0000][1][safepoint    ] Entering safepoint region: RevokeBias
[2022-06-13T03:23:26.721+0000][1][safepoint    ] Leaving safepoint region
[2022-06-13T03:23:26.721+0000][1][safepoint    ] Total time for which application threads were stopped: 0.0004078 seconds, Stopping threads took: 0.0002005 seconds
[2022-06-13T03:23:26.722+0000][1][safepoint    ] Application time: 0.0001489 seconds
[2022-06-13T03:23:26.722+0000][1][safepoint    ] Entering safepoint region: RevokeBias
[2022-06-13T03:23:26.722+0000][1][safepoint    ] Leaving safepoint region
[2022-06-13T03:23:26.722+0000][1][safepoint    ] Total time for which application threads were stopped: 0.0003071 seconds, Stopping threads took: 0.0001675 seconds
[2022-06-13T03:23:26.722+0000][1][safepoint    ] Application time: 0.0001181 seconds
[2022-06-13T03:23:26.723+0000][1][safepoint    ] Entering safepoint region: RevokeBias
[2022-06-13T03:23:26.723+0000][1][safepoint    ] Leaving safepoint region
[2022-06-13T03:23:26.723+0000][1][safepoint    ] Total time for which application threads were stopped: 0.0002597 seconds, Stopping threads took: 0.0001404 seconds
[2022-06-13T03:23:26.723+0000][1][safepoint    ] Application time: 0.0001013 seconds
[2022-06-13T03:23:26.723+0000][1][safepoint    ] Entering safepoint region: RevokeBias
[2022-06-13T03:23:26.723+0000][1][safepoint    ] Leaving safepoint region
[2022-06-13T03:23:26.723+0000][1][safepoint    ] Total time for which application threads were stopped: 0.0002324 seconds, Stopping threads took: 0.0001126 seconds
[2022-06-13T03:23:26.723+0000][1][safepoint    ] Application time: 0.0000813 seconds
[2022-06-13T03:23:26.724+0000][1][safepoint    ] Entering safepoint region: RevokeBias
[2022-06-13T03:23:26.724+0000][1][safepoint    ] Leaving safepoint region
[2022-06-13T03:23:26.724+0000][1][safepoint    ] Total time for which application threads were stopped: 0.0003209 seconds, Stopping threads took: 0.0001573 seconds
[2022-06-13T03:23:26.724+0000][1][safepoint    ] Application time: 0.0002192 seconds
[2022-06-13T03:23:26.724+0000][1][safepoint    ] Entering safepoint region: RevokeBias
[2022-06-13T03:23:26.725+0000][1][safepoint    ] Leaving safepoint region
[2022-06-13T03:23:26.725+0000][1][safepoint    ] Total time for which application threads were stopped: 0.0003713 seconds, Stopping threads took: 0.0002205 seconds
[2022-06-13T03:23:26.725+0000][1][safepoint    ] Application time: 0.0004160 seconds
[2022-06-13T03:23:26.725+0000][1][safepoint    ] Entering safepoint region: RevokeBias
[2022-06-13T03:23:26.726+0000][1][safepoint    ] Leaving safepoint region
[2022-06-13T03:23:26.726+0000][1][safepoint    ] Total time for which application threads were stopped: 0.0003114 seconds, Stopping threads took: 0.0001602 seconds
[2022-06-13T03:23:26.726+0000][1][safepoint    ] Application time: 0.0001261 seconds
[2022-06-13T03:23:26.726+0000][1][safepoint    ] Entering safepoint region: RevokeBias
[2022-06-13T03:23:26.726+0000][1][safepoint    ] Leaving safepoint region
[2022-06-13T03:23:26.726+0000][1][safepoint    ] Total time for which application threads were stopped: 0.0002472 seconds, Stopping threads took: 0.0001336 seconds
[2022-06-13T03:23:26.727+0000][1][safepoint    ] Application time: 0.0002765 seconds
[2022-06-13T03:23:26.727+0000][1][safepoint    ] Entering safepoint region: BulkRevokeBias
[2022-06-13T03:23:26.727+0000][1][safepoint    ] Leaving safepoint region
[2022-06-13T03:23:26.727+0000][1][safepoint    ] Total time for which application threads were stopped: 0.0004054 seconds, Stopping threads took: 0.0001993 seconds
[2022-06-13T03:23:26.728+0000][1][safepoint    ] Application time: 0.0005881 seconds
[2022-06-13T03:23:26.728+0000][1][safepoint    ] Entering safepoint region: RevokeBias
[2022-06-13T03:23:26.728+0000][1][safepoint    ] Leaving safepoint region
[2022-06-13T03:23:26.728+0000][1][safepoint    ] Total time for which application threads were stopped: 0.0003529 seconds, Stopping threads took: 0.0001994 seconds
[2022-06-13T03:23:26.729+0000][1][safepoint    ] Application time: 0.0000735 seconds
[2022-06-13T03:23:26.729+0000][1][safepoint    ] Entering safepoint region: RevokeBias
[2022-06-13T03:23:26.729+0000][1][safepoint    ] Leaving safepoint region
[2022-06-13T03:23:26.729+0000][1][safepoint    ] Total time for which application threads were stopped: 0.0004197 seconds, Stopping threads took: 0.0002564 seconds
[2022-06-13T03:23:26.730+0000][1][safepoint    ] Application time: 0.0005064 seconds
[2022-06-13T03:23:26.730+0000][1][safepoint    ] Entering safepoint region: RevokeBias
[2022-06-13T03:23:26.730+0000][1][safepoint    ] Leaving safepoint region
[2022-06-13T03:23:26.730+0000][1][safepoint    ] Total time for which application threads were stopped: 0.0002203 seconds, Stopping threads took: 0.0001176 seconds
[2022-06-13T03:23:26.730+0000][1][safepoint    ] Application time: 0.0002243 seconds
[2022-06-13T03:23:26.731+0000][1][safepoint    ] Entering safepoint region: RevokeBias
[2022-06-13T03:23:26.731+0000][1][safepoint    ] Leaving safepoint region
[2022-06-13T03:23:26.731+0000][1][safepoint    ] Total time for which application threads were stopped: 0.0002603 seconds, Stopping threads took: 0.0001382 seconds
[2022-06-13T03:23:26.731+0000][1][safepoint    ] Application time: 0.0000800 seconds
[2022-06-13T03:23:26.731+0000][1][safepoint    ] Entering safepoint region: RevokeBias
[2022-06-13T03:23:26.731+0000][1][safepoint    ] Leaving safepoint region
[2022-06-13T03:23:26.731+0000][1][safepoint    ] Total time for which application threads were stopped: 0.0002326 seconds, Stopping threads took: 0.0001112 seconds
[2022-06-13T03:23:26.731+0000][1][safepoint    ] Application time: 0.0000681 seconds
[2022-06-13T03:23:26.732+0000][1][safepoint    ] Entering safepoint region: RevokeBias
[2022-06-13T03:23:26.732+0000][1][safepoint    ] Leaving safepoint region
[2022-06-13T03:23:26.732+0000][1][safepoint    ] Total time for which application threads were stopped: 0.0003170 seconds, Stopping threads took: 0.0002023 seconds
[2022-06-13T03:23:26.732+0000][1][safepoint    ] Application time: 0.0002696 seconds
[2022-06-13T03:23:26.732+0000][1][safepoint    ] Entering safepoint region: RevokeBias
[2022-06-13T03:23:26.733+0000][1][safepoint    ] Leaving safepoint region
[2022-06-13T03:23:26.733+0000][1][safepoint    ] Total time for which application threads were stopped: 0.0002465 seconds, Stopping threads took: 0.0001329 seconds
[2022-06-13T03:23:26.733+0000][1][safepoint    ] Application time: 0.0005650 seconds
[2022-06-13T03:23:26.734+0000][1][safepoint    ] Entering safepoint region: RevokeBias
[2022-06-13T03:23:26.735+0000][1][safepoint    ] Leaving safepoint region
[2022-06-13T03:23:26.735+0000][1][safepoint    ] Total time for which application threads were stopped: 0.0013634 seconds, Stopping threads took: 0.0011631 seconds
[2022-06-13T03:23:26.735+0000][1][safepoint    ] Application time: 0.0002149 seconds
[2022-06-13T03:23:26.736+0000][1][safepoint    ] Entering safepoint region: RevokeBias
[2022-06-13T03:23:26.736+0000][1][safepoint    ] Leaving safepoint region
[2022-06-13T03:23:26.736+0000][1][safepoint    ] Total time for which application threads were stopped: 0.0003327 seconds, Stopping threads took: 0.0001495 seconds
[2022-06-13T03:23:26.736+0000][1][safepoint    ] Application time: 0.0000944 seconds
[2022-06-13T03:23:26.736+0000][1][safepoint    ] Entering safepoint region: RevokeBias
[2022-06-13T03:23:26.736+0000][1][safepoint    ] Leaving safepoint region
[2022-06-13T03:23:26.737+0000][1][safepoint    ] Total time for which application threads were stopped: 0.0002797 seconds, Stopping threads took: 0.0000850 seconds
[2022-06-13T03:23:26.737+0000][1][safepoint    ] Application time: 0.0000790 seconds
[2022-06-13T03:23:26.737+0000][1][safepoint    ] Entering safepoint region: RevokeBias
[2022-06-13T03:23:26.737+0000][1][safepoint    ] Leaving safepoint region
[2022-06-13T03:23:26.737+0000][1][safepoint    ] Total time for which application threads were stopped: 0.0004375 seconds, Stopping threads took: 0.0002520 seconds
[2022-06-13T03:23:26.740+0000][1][safepoint    ] Application time: 0.0020434 seconds
[2022-06-13T03:23:26.740+0000][1][safepoint    ] Entering safepoint region: RevokeBias
[2022-06-13T03:23:26.740+0000][1][safepoint    ] Leaving safepoint region
[2022-06-13T03:23:26.740+0000][1][safepoint    ] Total time for which application threads were stopped: 0.0005536 seconds, Stopping threads took: 0.0003884 seconds
[2022-06-13T03:23:26.741+0000][1][safepoint    ] Application time: 0.0001795 seconds
[2022-06-13T03:23:26.741+0000][1][safepoint    ] Entering safepoint region: RevokeBias
[2022-06-13T03:23:26.741+0000][1][safepoint    ] Leaving safepoint region
[2022-06-13T03:23:26.741+0000][1][safepoint    ] Total time for which application threads were stopped: 0.0003613 seconds, Stopping threads took: 0.0002326 seconds
[2022-06-13T03:23:26.743+0000][1][safepoint    ] Application time: 0.0018891 seconds
[2022-06-13T03:23:26.744+0000][1][safepoint    ] Entering safepoint region: RevokeBias
[2022-06-13T03:23:26.744+0000][1][safepoint    ] Leaving safepoint region
[2022-06-13T03:23:26.744+0000][1][safepoint    ] Total time for which application threads were stopped: 0.0003694 seconds, Stopping threads took: 0.0002299 seconds
[2022-06-13T03:23:26.755+0000][1][safepoint    ] Application time: 0.0106272 seconds
[2022-06-13T03:23:26.755+0000][1][safepoint    ] Entering safepoint region: RevokeBias
[2022-06-13T03:23:26.755+0000][1][safepoint    ] Leaving safepoint region
[2022-06-13T03:23:26.755+0000][1][safepoint    ] Total time for which application threads were stopped: 0.0004049 seconds, Stopping threads took: 0.0001922 seconds
[2022-06-13T03:23:26.756+0000][1][safepoint    ] Application time: 0.0001258 seconds
[2022-06-13T03:23:26.756+0000][1][safepoint    ] Entering safepoint region: RevokeBias
[2022-06-13T03:23:26.757+0000][1][safepoint    ] Leaving safepoint region
[2022-06-13T03:23:26.757+0000][1][safepoint    ] Total time for which application threads were stopped: 0.0007425 seconds, Stopping threads took: 0.0004363 seconds
[2022-06-13T03:23:26.823+0000][1][safepoint    ] Application time: 0.0654645 seconds
[2022-06-13T03:23:26.823+0000][1][safepoint    ] Entering safepoint region: RevokeBias
[2022-06-13T03:23:26.823+0000][1][safepoint    ] Leaving safepoint region
[2022-06-13T03:23:26.824+0000][1][safepoint    ] Total time for which application threads were stopped: 0.0006694 seconds, Stopping threads took: 0.0003181 seconds
[2022-06-13T03:23:26.824+0000][1][safepoint    ] Application time: 0.0001991 seconds
[2022-06-13T03:23:26.824+0000][1][safepoint    ] Entering safepoint region: RevokeBias
[2022-06-13T03:23:26.825+0000][1][safepoint    ] Leaving safepoint region
[2022-06-13T03:23:26.825+0000][1][safepoint    ] Total time for which application threads were stopped: 0.0004952 seconds, Stopping threads took: 0.0002594 seconds
[2022-06-13T03:23:26.828+0000][1][safepoint    ] Application time: 0.0033402 seconds
[2022-06-13T03:23:26.829+0000][1][safepoint    ] Entering safepoint region: RevokeBias
[2022-06-13T03:23:26.829+0000][1][safepoint    ] Leaving safepoint region
[2022-06-13T03:23:26.829+0000][1][safepoint    ] Total time for which application threads were stopped: 0.0007036 seconds, Stopping threads took: 0.0002084 seconds
[2022-06-13T03:23:26.831+0000][1][safepoint    ] Application time: 0.0014383 seconds
[2022-06-13T03:23:26.831+0000][1][safepoint    ] Entering safepoint region: RevokeBias
[2022-06-13T03:23:26.832+0000][1][safepoint    ] Leaving safepoint region
[2022-06-13T03:23:26.832+0000][1][safepoint    ] Total time for which application threads were stopped: 0.0004964 seconds, Stopping threads took: 0.0002461 seconds
[2022-06-13T03:23:26.838+0000][1][safepoint    ] Application time: 0.0064431 seconds
[2022-06-13T03:23:26.839+0000][1][safepoint    ] Entering safepoint region: RevokeBias
[2022-06-13T03:23:26.839+0000][1][safepoint    ] Leaving safepoint region
[2022-06-13T03:23:26.840+0000][1][safepoint    ] Total time for which application threads were stopped: 0.0007264 seconds, Stopping threads took: 0.0003171 seconds
[2022-06-13T03:23:26.848+0000][1][safepoint    ] Application time: 0.0084273 seconds
[2022-06-13T03:23:26.848+0000][1][safepoint    ] Entering safepoint region: RevokeBias
[2022-06-13T03:23:26.849+0000][1][safepoint    ] Leaving safepoint region
[2022-06-13T03:23:26.849+0000][1][safepoint    ] Total time for which application threads were stopped: 0.0003422 seconds, Stopping threads took: 0.0001497 seconds
[2022-06-13T03:23:26.849+0000][1][safepoint    ] Application time: 0.0000754 seconds
[2022-06-13T03:23:26.849+0000][1][safepoint    ] Entering safepoint region: RevokeBias
[2022-06-13T03:23:26.849+0000][1][safepoint    ] Leaving safepoint region
[2022-06-13T03:23:26.849+0000][1][safepoint    ] Total time for which application threads were stopped: 0.0002911 seconds, Stopping threads took: 0.0001602 seconds
[2022-06-13T03:23:26.850+0000][1][safepoint    ] Application time: 0.0000706 seconds
[2022-06-13T03:23:26.850+0000][1][safepoint    ] Entering safepoint region: RevokeBias
[2022-06-13T03:23:26.850+0000][1][safepoint    ] Leaving safepoint region
[2022-06-13T03:23:26.850+0000][1][safepoint    ] Total time for which application threads were stopped: 0.0002583 seconds, Stopping threads took: 0.0001350 seconds
[2022-06-13T03:23:26.850+0000][1][safepoint    ] Application time: 0.0000881 seconds
[2022-06-13T03:23:26.850+0000][1][safepoint    ] Entering safepoint region: RevokeBias
[2022-06-13T03:23:26.850+0000][1][safepoint    ] Leaving safepoint region
[2022-06-13T03:23:26.851+0000][1][safepoint    ] Total time for which application threads were stopped: 0.0002521 seconds, Stopping threads took: 0.0001087 seconds
[2022-06-13T03:23:26.851+0000][1][safepoint    ] Application time: 0.0000627 seconds
[2022-06-13T03:23:26.851+0000][1][safepoint    ] Entering safepoint region: RevokeBias
[2022-06-13T03:23:26.851+0000][1][safepoint    ] Leaving safepoint region
[2022-06-13T03:23:26.851+0000][1][safepoint    ] Total time for which application threads were stopped: 0.0002208 seconds, Stopping threads took: 0.0001051 seconds
[2022-06-13T03:23:26.851+0000][1][safepoint    ] Application time: 0.0000754 seconds
[2022-06-13T03:23:26.851+0000][1][safepoint    ] Entering safepoint region: RevokeBias
[2022-06-13T03:23:26.851+0000][1][safepoint    ] Leaving safepoint region
[2022-06-13T03:23:26.852+0000][1][safepoint    ] Total time for which application threads were stopped: 0.0002270 seconds, Stopping threads took: 0.0001016 seconds
[2022-06-13T03:23:26.852+0000][1][safepoint    ] Application time: 0.0000634 seconds
[2022-06-13T03:23:26.852+0000][1][safepoint    ] Entering safepoint region: RevokeBias
[2022-06-13T03:23:26.852+0000][1][safepoint    ] Leaving safepoint region
[2022-06-13T03:23:26.852+0000][1][safepoint    ] Total time for which application threads were stopped: 0.0002377 seconds, Stopping threads took: 0.0001016 seconds
[2022-06-13T03:23:26.852+0000][1][safepoint    ] Application time: 0.0000600 seconds
[2022-06-13T03:23:26.852+0000][1][safepoint    ] Entering safepoint region: RevokeBias
[2022-06-13T03:23:26.852+0000][1][safepoint    ] Leaving safepoint region
[2022-06-13T03:23:26.853+0000][1][safepoint    ] Total time for which application threads were stopped: 0.0002630 seconds, Stopping threads took: 0.0001137 seconds
[2022-06-13T03:23:26.863+0000][1][safepoint    ] Application time: 0.0104817 seconds
[2022-06-13T03:23:26.864+0000][1][safepoint    ] Entering safepoint region: RevokeBias
[2022-06-13T03:23:26.864+0000][1][safepoint    ] Leaving safepoint region
[2022-06-13T03:23:26.864+0000][1][safepoint    ] Total time for which application threads were stopped: 0.0006121 seconds, Stopping threads took: 0.0002681 seconds
[2022-06-13T03:23:26.953+0000][1][safepoint    ] Application time: 0.0882748 seconds
[2022-06-13T03:23:26.953+0000][1][safepoint    ] Entering safepoint region: RevokeBias
[2022-06-13T03:23:26.953+0000][1][safepoint    ] Leaving safepoint region
[2022-06-13T03:23:26.953+0000][1][safepoint    ] Total time for which application threads were stopped: 0.0003765 seconds, Stopping threads took: 0.0001689 seconds
[2022-06-13T03:23:26.954+0000][1][safepoint    ] Application time: 0.0000775 seconds
[2022-06-13T03:23:26.954+0000][1][safepoint    ] Entering safepoint region: RevokeBias
[2022-06-13T03:23:26.954+0000][1][safepoint    ] Leaving safepoint region
[2022-06-13T03:23:26.954+0000][1][safepoint    ] Total time for which application threads were stopped: 0.0003296 seconds, Stopping threads took: 0.0001555 seconds
[2022-06-13T03:23:26.955+0000][1][safepoint    ] Application time: 0.0006627 seconds
[2022-06-13T03:23:26.955+0000][1][safepoint    ] Entering safepoint region: RevokeBias
[2022-06-13T03:23:26.955+0000][1][safepoint    ] Leaving safepoint region
[2022-06-13T03:23:26.955+0000][1][safepoint    ] Total time for which application threads were stopped: 0.0002893 seconds, Stopping threads took: 0.0001171 seconds
[2022-06-13T03:23:26.956+0000][1][safepoint    ] Application time: 0.0001448 seconds
[2022-06-13T03:23:26.956+0000][1][safepoint    ] Entering safepoint region: RevokeBias
[2022-06-13T03:23:26.956+0000][1][safepoint    ] Leaving safepoint region
[2022-06-13T03:23:26.956+0000][1][safepoint    ] Total time for which application threads were stopped: 0.0003755 seconds, Stopping threads took: 0.0001529 seconds
[2022-06-13T03:23:26.956+0000][1][safepoint    ] Application time: 0.0000786 seconds
[2022-06-13T03:23:26.957+0000][1][safepoint    ] Entering safepoint region: RevokeBias
[2022-06-13T03:23:26.957+0000][1][safepoint    ] Leaving safepoint region
[2022-06-13T03:23:26.957+0000][1][safepoint    ] Total time for which application threads were stopped: 0.0003203 seconds, Stopping threads took: 0.0001351 seconds
[2022-06-13T03:23:26.961+0000][1][safepoint    ] Application time: 0.0037528 seconds
[2022-06-13T03:23:26.961+0000][1][safepoint    ] Entering safepoint region: RevokeBias
[2022-06-13T03:23:26.961+0000][1][safepoint    ] Leaving safepoint region
[2022-06-13T03:23:26.962+0000][1][safepoint    ] Total time for which application threads were stopped: 0.0005600 seconds, Stopping threads took: 0.0003526 seconds
[2022-06-13T03:23:26.962+0000][1][safepoint    ] Application time: 0.0002295 seconds
[2022-06-13T03:23:26.962+0000][1][safepoint    ] Entering safepoint region: RevokeBias
[2022-06-13T03:23:26.962+0000][1][safepoint    ] Leaving safepoint region
[2022-06-13T03:23:26.962+0000][1][safepoint    ] Total time for which application threads were stopped: 0.0003862 seconds, Stopping threads took: 0.0002169 seconds
[2022-06-13T03:23:26.963+0000][1][safepoint    ] Application time: 0.0001066 seconds
[2022-06-13T03:23:26.963+0000][1][safepoint    ] Entering safepoint region: RevokeBias
[2022-06-13T03:23:26.963+0000][1][safepoint    ] Leaving safepoint region
[2022-06-13T03:23:26.963+0000][1][safepoint    ] Total time for which application threads were stopped: 0.0004154 seconds, Stopping threads took: 0.0002214 seconds
[2022-06-13T03:23:26.964+0000][1][safepoint    ] Application time: 0.0002740 seconds
[2022-06-13T03:23:26.964+0000][1][safepoint    ] Entering safepoint region: RevokeBias
[2022-06-13T03:23:26.964+0000][1][safepoint    ] Leaving safepoint region
[2022-06-13T03:23:26.964+0000][1][safepoint    ] Total time for which application threads were stopped: 0.0003267 seconds, Stopping threads took: 0.0001535 seconds
[2022-06-13T03:23:26.965+0000][1][safepoint    ] Application time: 0.0004554 seconds
[2022-06-13T03:23:26.965+0000][1][safepoint    ] Entering safepoint region: RevokeBias
[2022-06-13T03:23:26.965+0000][1][safepoint    ] Leaving safepoint region
[2022-06-13T03:23:26.966+0000][1][safepoint    ] Total time for which application threads were stopped: 0.0008521 seconds, Stopping threads took: 0.0004751 seconds
[2022-06-13T03:23:26.966+0000][1][safepoint    ] Application time: 0.0001600 seconds
[2022-06-13T03:23:26.967+0000][1][safepoint    ] Entering safepoint region: RevokeBias
[2022-06-13T03:23:26.967+0000][1][safepoint    ] Leaving safepoint region
[2022-06-13T03:23:26.967+0000][1][safepoint    ] Total time for which application threads were stopped: 0.0006652 seconds, Stopping threads took: 0.0003980 seconds
[2022-06-13T03:23:26.968+0000][1][safepoint    ] Application time: 0.0000814 seconds
[2022-06-13T03:23:26.968+0000][1][safepoint    ] Entering safepoint region: RevokeBias
[2022-06-13T03:23:26.968+0000][1][safepoint    ] Leaving safepoint region
[2022-06-13T03:23:26.968+0000][1][safepoint    ] Total time for which application threads were stopped: 0.0004477 seconds, Stopping threads took: 0.0002215 seconds
[2022-06-13T03:23:26.969+0000][1][safepoint    ] Application time: 0.0002649 seconds
[2022-06-13T03:23:26.969+0000][1][safepoint    ] Entering safepoint region: RevokeBias
[2022-06-13T03:23:26.970+0000][1][safepoint    ] Leaving safepoint region
[2022-06-13T03:23:26.970+0000][1][safepoint    ] Total time for which application threads were stopped: 0.0008430 seconds, Stopping threads took: 0.0005112 seconds
[2022-06-13T03:23:26.972+0000][1][safepoint    ] Application time: 0.0018138 seconds
[2022-06-13T03:23:26.972+0000][1][safepoint    ] Entering safepoint region: RevokeBias
[2022-06-13T03:23:26.973+0000][1][safepoint    ] Leaving safepoint region
[2022-06-13T03:23:26.973+0000][1][safepoint    ] Total time for which application threads were stopped: 0.0008085 seconds, Stopping threads took: 0.0004683 seconds
[2022-06-13T03:23:26.975+0000][1][safepoint    ] Application time: 0.0013215 seconds
[2022-06-13T03:23:26.975+0000][1][safepoint    ] Entering safepoint region: RevokeBias
[2022-06-13T03:23:26.976+0000][1][safepoint    ] Leaving safepoint region
[2022-06-13T03:23:26.976+0000][1][safepoint    ] Total time for which application threads were stopped: 0.0008143 seconds, Stopping threads took: 0.0004605 seconds
[2022-06-13T03:23:26.976+0000][1][safepoint    ] Application time: 0.0002828 seconds
[2022-06-13T03:23:26.977+0000][1][safepoint    ] Entering safepoint region: RevokeBias
[2022-06-13T03:23:26.977+0000][1][safepoint    ] Leaving safepoint region
[2022-06-13T03:23:26.977+0000][1][safepoint    ] Total time for which application threads were stopped: 0.0006141 seconds, Stopping threads took: 0.0003086 seconds
[2022-06-13T03:23:27.253+0000][1][safepoint    ] Application time: 0.2757346 seconds
[2022-06-13T03:23:27.254+0000][1][safepoint    ] Entering safepoint region: RevokeBias
[2022-06-13T03:23:27.254+0000][1][safepoint    ] Leaving safepoint region
[2022-06-13T03:23:27.255+0000][1][safepoint    ] Total time for which application threads were stopped: 0.0008092 seconds, Stopping threads took: 0.0003785 seconds
[2022-06-13T03:23:27.466+0000][1][safepoint    ] Application time: 0.2113417 seconds
[2022-06-13T03:23:27.467+0000][1][safepoint    ] Entering safepoint region: RevokeBias
[2022-06-13T03:23:27.467+0000][1][safepoint    ] Leaving safepoint region
[2022-06-13T03:23:27.467+0000][1][safepoint    ] Total time for which application threads were stopped: 0.0004200 seconds, Stopping threads took: 0.0002367 seconds
[2022-06-13T03:23:27.467+0000][1][safepoint    ] Application time: 0.0000890 seconds
[2022-06-13T03:23:27.467+0000][1][safepoint    ] Entering safepoint region: RevokeBias
[2022-06-13T03:23:27.467+0000][1][safepoint    ] Leaving safepoint region
[2022-06-13T03:23:27.468+0000][1][safepoint    ] Total time for which application threads were stopped: 0.0002855 seconds, Stopping threads took: 0.0000991 seconds
[2022-06-13T03:23:27.468+0000][1][safepoint    ] Application time: 0.0000728 seconds
[2022-06-13T03:23:27.468+0000][1][safepoint    ] Entering safepoint region: RevokeBias
[2022-06-13T03:23:27.468+0000][1][safepoint    ] Leaving safepoint region
[2022-06-13T03:23:27.468+0000][1][safepoint    ] Total time for which application threads were stopped: 0.0001894 seconds, Stopping threads took: 0.0000882 seconds
[2022-06-13T03:23:27.468+0000][1][safepoint    ] Application time: 0.0000844 seconds
[2022-06-13T03:23:27.468+0000][1][safepoint    ] Entering safepoint region: RevokeBias
[2022-06-13T03:23:27.469+0000][1][safepoint    ] Leaving safepoint region
[2022-06-13T03:23:27.469+0000][1][safepoint    ] Total time for which application threads were stopped: 0.0003678 seconds, Stopping threads took: 0.0002168 seconds
[2022-06-13T03:23:27.469+0000][1][safepoint    ] Application time: 0.0000779 seconds
[2022-06-13T03:23:27.469+0000][1][safepoint    ] Entering safepoint region: RevokeBias
[2022-06-13T03:23:27.470+0000][1][safepoint    ] Leaving safepoint region
[2022-06-13T03:23:27.470+0000][1][safepoint    ] Total time for which application threads were stopped: 0.0005217 seconds, Stopping threads took: 0.0003997 seconds
[2022-06-13T03:23:27.470+0000][1][safepoint    ] Application time: 0.0001101 seconds
[2022-06-13T03:23:27.470+0000][1][safepoint    ] Entering safepoint region: RevokeBias
[2022-06-13T03:23:27.470+0000][1][safepoint    ] Leaving safepoint region
[2022-06-13T03:23:27.470+0000][1][safepoint    ] Total time for which application threads were stopped: 0.0003209 seconds, Stopping threads took: 0.0001529 seconds
[2022-06-13T03:23:27.471+0000][1][safepoint    ] Application time: 0.0001053 seconds
[2022-06-13T03:23:27.471+0000][1][safepoint    ] Entering safepoint region: RevokeBias
[2022-06-13T03:23:27.471+0000][1][safepoint    ] Leaving safepoint region
[2022-06-13T03:23:27.471+0000][1][safepoint    ] Total time for which application threads were stopped: 0.0003639 seconds, Stopping threads took: 0.0001855 seconds
[2022-06-13T03:23:27.472+0000][1][safepoint    ] Application time: 0.0001053 seconds
[2022-06-13T03:23:27.472+0000][1][safepoint    ] Entering safepoint region: RevokeBias
[2022-06-13T03:23:27.472+0000][1][safepoint    ] Leaving safepoint region
[2022-06-13T03:23:27.472+0000][1][safepoint    ] Total time for which application threads were stopped: 0.0004994 seconds, Stopping threads took: 0.0001598 seconds
[2022-06-13T03:23:27.751+0000][1][safepoint    ] Application time: 0.2787115 seconds
[2022-06-13T03:23:27.752+0000][1][safepoint    ] Entering safepoint region: RevokeBias
[2022-06-13T03:23:27.752+0000][1][safepoint    ] Leaving safepoint region
[2022-06-13T03:23:27.752+0000][1][safepoint    ] Total time for which application threads were stopped: 0.0005310 seconds, Stopping threads took: 0.0002427 seconds
[2022-06-13T03:23:27.753+0000][1][safepoint    ] Application time: 0.0012287 seconds
[2022-06-13T03:23:27.754+0000][1][safepoint    ] Entering safepoint region: RevokeBias
[2022-06-13T03:23:27.754+0000][1][safepoint    ] Leaving safepoint region
[2022-06-13T03:23:27.755+0000][1][safepoint    ] Total time for which application threads were stopped: 0.0011223 seconds, Stopping threads took: 0.0004673 seconds
[2022-06-13T03:23:27.755+0000][1][safepoint    ] Application time: 0.0001683 seconds
[2022-06-13T03:23:27.756+0000][1][safepoint    ] Entering safepoint region: RevokeBias
[2022-06-13T03:23:27.756+0000][1][safepoint    ] Leaving safepoint region
[2022-06-13T03:23:27.756+0000][1][safepoint    ] Total time for which application threads were stopped: 0.0005498 seconds, Stopping threads took: 0.0002197 seconds
[2022-06-13T03:23:27.757+0000][1][safepoint    ] Application time: 0.0001774 seconds
[2022-06-13T03:23:27.757+0000][1][safepoint    ] Entering safepoint region: RevokeBias
[2022-06-13T03:23:27.757+0000][1][safepoint    ] Leaving safepoint region
[2022-06-13T03:23:27.758+0000][1][safepoint    ] Total time for which application threads were stopped: 0.0006499 seconds, Stopping threads took: 0.0003937 seconds
[2022-06-13T03:23:28.758+0000][1][safepoint    ] Application time: 1.0001874 seconds
[2022-06-13T03:23:28.758+0000][1][safepoint    ] Entering safepoint region: Cleanup
[2022-06-13T03:23:28.759+0000][1][safepoint    ] Leaving safepoint region
[2022-06-13T03:23:28.759+0000][1][safepoint    ] Total time for which application threads were stopped: 0.0004622 seconds, Stopping threads took: 0.0002792 seconds
[2022-06-13T03:23:28.800+0000][1][safepoint    ] Application time: 0.0406174 seconds
[2022-06-13T03:23:28.800+0000][1][safepoint    ] Entering safepoint region: RevokeBias
[2022-06-13T03:23:28.800+0000][1][safepoint    ] Leaving safepoint region
[2022-06-13T03:23:28.800+0000][1][safepoint    ] Total time for which application threads were stopped: 0.0004151 seconds, Stopping threads took: 0.0002075 seconds
[2022-06-13T03:23:28.801+0000][1][safepoint    ] Application time: 0.0002734 seconds
[2022-06-13T03:23:28.801+0000][1][safepoint    ] Entering safepoint region: RevokeBias
[2022-06-13T03:23:28.801+0000][1][safepoint    ] Leaving safepoint region
[2022-06-13T03:23:28.801+0000][1][safepoint    ] Total time for which application threads were stopped: 0.0002558 seconds, Stopping threads took: 0.0001185 seconds
[2022-06-13T03:23:28.801+0000][1][safepoint    ] Application time: 0.0000772 seconds
[2022-06-13T03:23:28.801+0000][1][safepoint    ] Entering safepoint region: RevokeBias
[2022-06-13T03:23:28.802+0000][1][safepoint    ] Leaving safepoint region
[2022-06-13T03:23:28.802+0000][1][safepoint    ] Total time for which application threads were stopped: 0.0002461 seconds, Stopping threads took: 0.0001088 seconds
[2022-06-13T03:23:28.802+0000][1][safepoint    ] Application time: 0.0000646 seconds
[2022-06-13T03:23:28.802+0000][1][safepoint    ] Entering safepoint region: RevokeBias
[2022-06-13T03:23:28.802+0000][1][safepoint    ] Leaving safepoint region
[2022-06-13T03:23:28.802+0000][1][safepoint    ] Total time for which application threads were stopped: 0.0002286 seconds, Stopping threads took: 0.0001182 seconds
[2022-06-13T03:23:29.802+0000][1][safepoint    ] Application time: 1.0001437 seconds
[2022-06-13T03:23:29.803+0000][1][safepoint    ] Entering safepoint region: Cleanup
[2022-06-13T03:23:29.803+0000][1][safepoint    ] Leaving safepoint region
[2022-06-13T03:23:29.804+0000][1][safepoint    ] Total time for which application threads were stopped: 0.0004992 seconds, Stopping threads took: 0.0002438 seconds
[2022-06-13T03:23:30.804+0000][1][safepoint    ] Application time: 1.0001301 seconds
[2022-06-13T03:23:30.804+0000][1][safepoint    ] Entering safepoint region: Cleanup
[2022-06-13T03:23:30.804+0000][1][safepoint    ] Leaving safepoint region
[2022-06-13T03:23:30.804+0000][1][safepoint    ] Total time for which application threads were stopped: 0.0004008 seconds, Stopping threads took: 0.0001879 seconds
[2022-06-13T03:23:31.805+0000][1][safepoint    ] Application time: 1.0001217 seconds
[2022-06-13T03:23:31.826+0000][1][safepoint    ] Entering safepoint region: Cleanup
[2022-06-13T03:23:31.827+0000][1][safepoint    ] Leaving safepoint region
[2022-06-13T03:23:31.827+0000][1][safepoint    ] Total time for which application threads were stopped: 0.0004839 seconds, Stopping threads took: 0.0002663 seconds
[2022-06-13T03:23:32.827+0000][1][safepoint    ] Application time: 1.0001748 seconds
[2022-06-13T03:23:32.828+0000][1][safepoint    ] Entering safepoint region: Cleanup
[2022-06-13T03:23:32.828+0000][1][safepoint    ] Leaving safepoint region
[2022-06-13T03:23:32.829+0000][1][safepoint    ] Total time for which application threads were stopped: 0.0009924 seconds, Stopping threads took: 0.0005102 seconds
[2022-06-13T03:23:33.829+0000][1][safepoint    ] Application time: 1.0000775 seconds
[2022-06-13T03:23:33.829+0000][1][safepoint    ] Entering safepoint region: Cleanup
[2022-06-13T03:23:33.830+0000][1][safepoint    ] Leaving safepoint region
[2022-06-13T03:23:33.830+0000][1][safepoint    ] Total time for which application threads were stopped: 0.0003938 seconds, Stopping threads took: 0.0002010 seconds
[2022-06-13T03:23:34.830+0000][1][safepoint    ] Application time: 1.0001120 seconds
[2022-06-13T03:23:34.830+0000][1][safepoint    ] Entering safepoint region: Cleanup
[2022-06-13T03:23:34.830+0000][1][safepoint    ] Leaving safepoint region
[2022-06-13T03:23:34.831+0000][1][safepoint    ] Total time for which application threads were stopped: 0.0003208 seconds, Stopping threads took: 0.0001476 seconds
[2022-06-13T03:23:35.184+0000][1][safepoint    ] Application time: 0.3533607 seconds
[2022-06-13T03:23:35.184+0000][1][safepoint    ] Entering safepoint region: RevokeBias
[2022-06-13T03:23:35.185+0000][1][safepoint    ] Leaving safepoint region
[2022-06-13T03:23:35.185+0000][1][safepoint    ] Total time for which application threads were stopped: 0.0003411 seconds, Stopping threads took: 0.0001553 seconds
[2022-06-13T03:23:35.185+0000][1][safepoint    ] Application time: 0.0000713 seconds
[2022-06-13T03:23:35.185+0000][1][safepoint    ] Entering safepoint region: RevokeBias
[2022-06-13T03:23:35.185+0000][1][safepoint    ] Leaving safepoint region
[2022-06-13T03:23:35.185+0000][1][safepoint    ] Total time for which application threads were stopped: 0.0003215 seconds, Stopping threads took: 0.0001498 seconds
[2022-06-13T03:23:36.186+0000][1][safepoint    ] Application time: 1.0001500 seconds
[2022-06-13T03:23:36.186+0000][1][safepoint    ] Entering safepoint region: Cleanup
[2022-06-13T03:23:36.187+0000][1][safepoint    ] Leaving safepoint region
[2022-06-13T03:23:36.187+0000][1][safepoint    ] Total time for which application threads were stopped: 0.0006885 seconds, Stopping threads took: 0.0002993 seconds
[2022-06-13T03:23:37.188+0000][1][safepoint    ] Application time: 1.0001841 seconds
[2022-06-13T03:23:37.188+0000][1][safepoint    ] Entering safepoint region: Cleanup
[2022-06-13T03:23:37.189+0000][1][safepoint    ] Leaving safepoint region
[2022-06-13T03:23:37.189+0000][1][safepoint    ] Total time for which application threads were stopped: 0.0008383 seconds, Stopping threads took: 0.0004219 seconds
[2022-06-13T03:23:38.190+0000][1][safepoint    ] Application time: 1.0002752 seconds
[2022-06-13T03:23:38.190+0000][1][safepoint    ] Entering safepoint region: Cleanup
[2022-06-13T03:23:38.191+0000][1][safepoint    ] Leaving safepoint region
[2022-06-13T03:23:38.192+0000][1][safepoint    ] Total time for which application threads were stopped: 0.0012263 seconds, Stopping threads took: 0.0005940 seconds
[2022-06-13T03:23:39.192+0000][1][safepoint    ] Application time: 1.0001666 seconds
[2022-06-13T03:23:39.193+0000][1][safepoint    ] Entering safepoint region: Cleanup
[2022-06-13T03:23:39.193+0000][1][safepoint    ] Leaving safepoint region
[2022-06-13T03:23:39.193+0000][1][safepoint    ] Total time for which application threads were stopped: 0.0004823 seconds, Stopping threads took: 0.0002350 seconds
[2022-06-13T03:23:40.194+0000][1][safepoint    ] Application time: 1.0001898 seconds
[2022-06-13T03:23:40.194+0000][1][safepoint    ] Entering safepoint region: Cleanup
[2022-06-13T03:23:40.195+0000][1][safepoint    ] Leaving safepoint region
[2022-06-13T03:23:40.195+0000][1][safepoint    ] Total time for which application threads were stopped: 0.0005557 seconds, Stopping threads took: 0.0003576 seconds
[2022-06-13T03:23:41.195+0000][1][safepoint    ] Application time: 1.0002570 seconds
[2022-06-13T03:23:41.196+0000][1][safepoint    ] Entering safepoint region: Cleanup
[2022-06-13T03:23:41.196+0000][1][safepoint    ] Leaving safepoint region
[2022-06-13T03:23:41.197+0000][1][safepoint    ] Total time for which application threads were stopped: 0.0008385 seconds, Stopping threads took: 0.0004279 seconds
[2022-06-13T03:23:42.197+0000][1][safepoint    ] Application time: 1.0001313 seconds
[2022-06-13T03:23:42.198+0000][1][safepoint    ] Entering safepoint region: Cleanup
[2022-06-13T03:23:42.198+0000][1][safepoint    ] Leaving safepoint region
[2022-06-13T03:23:42.199+0000][1][safepoint    ] Total time for which application threads were stopped: 0.0006174 seconds, Stopping threads took: 0.0002920 seconds
[2022-06-13T03:23:43.199+0000][1][safepoint    ] Application time: 1.0001709 seconds
[2022-06-13T03:23:43.200+0000][1][safepoint    ] Entering safepoint region: Cleanup
[2022-06-13T03:23:43.200+0000][1][safepoint    ] Leaving safepoint region
[2022-06-13T03:23:43.201+0000][1][safepoint    ] Total time for which application threads were stopped: 0.0009416 seconds, Stopping threads took: 0.0004499 seconds
[2022-06-13T03:23:44.201+0000][1][safepoint    ] Application time: 1.0002154 seconds
[2022-06-13T03:23:44.202+0000][1][safepoint    ] Entering safepoint region: Cleanup
[2022-06-13T03:23:44.202+0000][1][safepoint    ] Leaving safepoint region
[2022-06-13T03:23:44.202+0000][1][safepoint    ] Total time for which application threads were stopped: 0.0007361 seconds, Stopping threads took: 0.0003989 seconds
[2022-06-13T03:23:45.203+0000][1][safepoint    ] Application time: 1.0002803 seconds
[2022-06-13T03:23:45.204+0000][1][safepoint    ] Entering safepoint region: Cleanup
[2022-06-13T03:23:45.204+0000][1][safepoint    ] Leaving safepoint region
[2022-06-13T03:23:45.205+0000][1][safepoint    ] Total time for which application threads were stopped: 0.0008347 seconds, Stopping threads took: 0.0003992 seconds
[2022-06-13T03:23:46.489+0000][1][safepoint    ] Application time: 1.2839922 seconds
[2022-06-13T03:23:46.490+0000][1][safepoint    ] Entering safepoint region: Cleanup
[2022-06-13T03:23:46.490+0000][1][safepoint    ] Leaving safepoint region
[2022-06-13T03:23:46.490+0000][1][safepoint    ] Total time for which application threads were stopped: 0.0008376 seconds, Stopping threads took: 0.0003835 seconds
[2022-06-13T03:23:47.491+0000][1][safepoint    ] Application time: 1.0001097 seconds
[2022-06-13T03:23:47.491+0000][1][safepoint    ] Entering safepoint region: Cleanup
[2022-06-13T03:23:47.491+0000][1][safepoint    ] Leaving safepoint region
[2022-06-13T03:23:47.492+0000][1][safepoint    ] Total time for which application threads were stopped: 0.0004924 seconds, Stopping threads took: 0.0002416 seconds
[2022-06-13T03:23:48.492+0000][1][safepoint    ] Application time: 1.0001936 seconds
[2022-06-13T03:23:48.493+0000][1][safepoint    ] Entering safepoint region: Cleanup
[2022-06-13T03:23:48.493+0000][1][safepoint    ] Leaving safepoint region
[2022-06-13T03:23:48.493+0000][1][safepoint    ] Total time for which application threads were stopped: 0.0007328 seconds, Stopping threads took: 0.0003510 seconds
[2022-06-13T03:23:49.494+0000][1][safepoint    ] Application time: 1.0001744 seconds
[2022-06-13T03:23:49.494+0000][1][safepoint    ] Entering safepoint region: Cleanup
[2022-06-13T03:23:49.494+0000][1][safepoint    ] Leaving safepoint region
[2022-06-13T03:23:49.494+0000][1][safepoint    ] Total time for which application threads were stopped: 0.0004387 seconds, Stopping threads took: 0.0002156 seconds
[2022-06-13T03:23:50.495+0000][1][safepoint    ] Application time: 1.0001729 seconds
[2022-06-13T03:23:50.495+0000][1][safepoint    ] Entering safepoint region: Cleanup
[2022-06-13T03:23:50.496+0000][1][safepoint    ] Leaving safepoint region
[2022-06-13T03:23:50.496+0000][1][safepoint    ] Total time for which application threads were stopped: 0.0006620 seconds, Stopping threads took: 0.0003467 seconds
[2022-06-13T03:23:51.497+0000][1][safepoint    ] Application time: 1.0003509 seconds
[2022-06-13T03:23:51.497+0000][1][safepoint    ] Entering safepoint region: Cleanup
[2022-06-13T03:23:51.498+0000][1][safepoint    ] Leaving safepoint region
[2022-06-13T03:23:51.498+0000][1][safepoint    ] Total time for which application threads were stopped: 0.0008258 seconds, Stopping threads took: 0.0003940 seconds
[2022-06-13T03:23:52.498+0000][1][safepoint    ] Application time: 1.0001685 seconds
[2022-06-13T03:23:52.499+0000][1][safepoint    ] Entering safepoint region: Cleanup
[2022-06-13T03:23:52.499+0000][1][safepoint    ] Leaving safepoint region
[2022-06-13T03:23:52.500+0000][1][safepoint    ] Total time for which application threads were stopped: 0.0007340 seconds, Stopping threads took: 0.0004942 seconds
[2022-06-13T03:23:53.500+0000][1][safepoint    ] Application time: 1.0001845 seconds
[2022-06-13T03:23:53.500+0000][1][safepoint    ] Entering safepoint region: Cleanup
[2022-06-13T03:23:53.500+0000][1][safepoint    ] Leaving safepoint region
[2022-06-13T03:23:53.501+0000][1][safepoint    ] Total time for which application threads were stopped: 0.0003467 seconds, Stopping threads took: 0.0001742 seconds
[2022-06-13T03:23:54.501+0000][1][safepoint    ] Application time: 1.0002540 seconds
[2022-06-13T03:23:54.502+0000][1][safepoint    ] Entering safepoint region: Cleanup
[2022-06-13T03:23:54.502+0000][1][safepoint    ] Leaving safepoint region
[2022-06-13T03:23:54.502+0000][1][safepoint    ] Total time for which application threads were stopped: 0.0006892 seconds, Stopping threads took: 0.0003166 seconds
[2022-06-13T03:23:55.503+0000][1][safepoint    ] Application time: 1.0001202 seconds
[2022-06-13T03:23:55.503+0000][1][safepoint    ] Entering safepoint region: Cleanup
[2022-06-13T03:23:55.503+0000][1][safepoint    ] Leaving safepoint region
[2022-06-13T03:23:55.504+0000][1][safepoint    ] Total time for which application threads were stopped: 0.0006350 seconds, Stopping threads took: 0.0003167 seconds
[2022-06-13T03:23:56.504+0000][1][safepoint    ] Application time: 1.0003072 seconds
[2022-06-13T03:23:56.505+0000][1][safepoint    ] Entering safepoint region: Cleanup
[2022-06-13T03:23:56.505+0000][1][safepoint    ] Leaving safepoint region
[2022-06-13T03:23:56.506+0000][1][safepoint    ] Total time for which application threads were stopped: 0.0009263 seconds, Stopping threads took: 0.0004604 seconds
[2022-06-13T03:23:57.506+0000][1][safepoint    ] Application time: 1.0001334 seconds
[2022-06-13T03:23:57.507+0000][1][safepoint    ] Entering safepoint region: Cleanup
[2022-06-13T03:23:57.507+0000][1][safepoint    ] Leaving safepoint region
[2022-06-13T03:23:57.508+0000][1][safepoint    ] Total time for which application threads were stopped: 0.0007881 seconds, Stopping threads took: 0.0003991 seconds
[2022-06-13T03:23:58.508+0000][1][safepoint    ] Application time: 1.0001500 seconds
[2022-06-13T03:23:58.509+0000][1][safepoint    ] Entering safepoint region: Cleanup
[2022-06-13T03:23:58.509+0000][1][safepoint    ] Leaving safepoint region
[2022-06-13T03:23:58.509+0000][1][safepoint    ] Total time for which application threads were stopped: 0.0003850 seconds, Stopping threads took: 0.0001789 seconds
[2022-06-13T03:23:59.509+0000][1][safepoint    ] Application time: 1.0001308 seconds
[2022-06-13T03:23:59.510+0000][1][safepoint    ] Entering safepoint region: Cleanup
[2022-06-13T03:23:59.510+0000][1][safepoint    ] Leaving safepoint region
[2022-06-13T03:23:59.511+0000][1][safepoint    ] Total time for which application threads were stopped: 0.0007500 seconds, Stopping threads took: 0.0003752 seconds
[2022-06-13T03:24:00.511+0000][1][safepoint    ] Application time: 1.0001438 seconds
[2022-06-13T03:24:00.512+0000][1][safepoint    ] Entering safepoint region: Cleanup
[2022-06-13T03:24:00.512+0000][1][safepoint    ] Leaving safepoint region
[2022-06-13T03:24:00.513+0000][1][safepoint    ] Total time for which application threads were stopped: 0.0012231 seconds, Stopping threads took: 0.0005874 seconds
[2022-06-13T03:24:01.514+0000][1][safepoint    ] Application time: 1.0001520 seconds
[2022-06-13T03:24:01.514+0000][1][safepoint    ] Entering safepoint region: Cleanup
[2022-06-13T03:24:01.514+0000][1][safepoint    ] Leaving safepoint region
[2022-06-13T03:24:01.515+0000][1][safepoint    ] Total time for which application threads were stopped: 0.0005186 seconds, Stopping threads took: 0.0001694 seconds
[2022-06-13T03:24:02.515+0000][1][safepoint    ] Application time: 1.0001383 seconds
[2022-06-13T03:24:02.515+0000][1][safepoint    ] Entering safepoint region: Cleanup
[2022-06-13T03:24:02.516+0000][1][safepoint    ] Leaving safepoint region
[2022-06-13T03:24:02.517+0000][1][safepoint    ] Total time for which application threads were stopped: 0.0011725 seconds, Stopping threads took: 0.0005845 seconds
[2022-06-13T03:24:03.517+0000][1][safepoint    ] Application time: 1.0001352 seconds
[2022-06-13T03:24:03.518+0000][1][safepoint    ] Entering safepoint region: Cleanup
[2022-06-13T03:24:03.518+0000][1][safepoint    ] Leaving safepoint region
[2022-06-13T03:24:03.518+0000][1][safepoint    ] Total time for which application threads were stopped: 0.0005847 seconds, Stopping threads took: 0.0002939 seconds
[2022-06-13T03:24:04.519+0000][1][safepoint    ] Application time: 1.0002956 seconds
[2022-06-13T03:24:04.519+0000][1][safepoint    ] Entering safepoint region: Cleanup
[2022-06-13T03:24:04.520+0000][1][safepoint    ] Leaving safepoint region
[2022-06-13T03:24:04.520+0000][1][safepoint    ] Total time for which application threads were stopped: 0.0007037 seconds, Stopping threads took: 0.0003636 seconds
[2022-06-13T03:24:05.520+0000][1][safepoint    ] Application time: 1.0002019 seconds
[2022-06-13T03:24:05.521+0000][1][safepoint    ] Entering safepoint region: Cleanup
[2022-06-13T03:24:05.522+0000][1][safepoint    ] Leaving safepoint region
[2022-06-13T03:24:05.522+0000][1][safepoint    ] Total time for which application threads were stopped: 0.0010768 seconds, Stopping threads took: 0.0004797 seconds
[2022-06-13T03:24:06.523+0000][1][safepoint    ] Application time: 1.0003582 seconds
[2022-06-13T03:24:06.523+0000][1][safepoint    ] Entering safepoint region: Cleanup
[2022-06-13T03:24:06.524+0000][1][safepoint    ] Leaving safepoint region
[2022-06-13T03:24:06.524+0000][1][safepoint    ] Total time for which application threads were stopped: 0.0006521 seconds, Stopping threads took: 0.0003039 seconds
[2022-06-13T03:24:07.524+0000][1][safepoint    ] Application time: 1.0001636 seconds
[2022-06-13T03:24:07.525+0000][1][safepoint    ] Entering safepoint region: Cleanup
[2022-06-13T03:24:07.525+0000][1][safepoint    ] Leaving safepoint region
[2022-06-13T03:24:07.525+0000][1][safepoint    ] Total time for which application threads were stopped: 0.0004815 seconds, Stopping threads took: 0.0002635 seconds
[2022-06-13T03:24:08.525+0000][1][safepoint    ] Application time: 1.0001727 seconds
[2022-06-13T03:24:08.526+0000][1][safepoint    ] Entering safepoint region: Cleanup
[2022-06-13T03:24:08.527+0000][1][safepoint    ] Leaving safepoint region
[2022-06-13T03:24:08.527+0000][1][safepoint    ] Total time for which application threads were stopped: 0.0006939 seconds, Stopping threads took: 0.0003908 seconds
[2022-06-13T03:24:09.527+0000][1][safepoint    ] Application time: 1.0001341 seconds
[2022-06-13T03:24:09.528+0000][1][safepoint    ] Entering safepoint region: Cleanup
[2022-06-13T03:24:09.528+0000][1][safepoint    ] Leaving safepoint region
[2022-06-13T03:24:09.528+0000][1][safepoint    ] Total time for which application threads were stopped: 0.0006073 seconds, Stopping threads took: 0.0002809 seconds
[2022-06-13T03:24:10.529+0000][1][safepoint    ] Application time: 1.0001412 seconds
[2022-06-13T03:24:10.529+0000][1][safepoint    ] Entering safepoint region: Cleanup
[2022-06-13T03:24:10.529+0000][1][safepoint    ] Leaving safepoint region
[2022-06-13T03:24:10.529+0000][1][safepoint    ] Total time for which application threads were stopped: 0.0004073 seconds, Stopping threads took: 0.0002008 seconds
[2022-06-13T03:24:11.530+0000][1][safepoint    ] Application time: 1.0002475 seconds
[2022-06-13T03:24:11.530+0000][1][safepoint    ] Entering safepoint region: Cleanup
[2022-06-13T03:24:11.531+0000][1][safepoint    ] Leaving safepoint region
[2022-06-13T03:24:11.531+0000][1][safepoint    ] Total time for which application threads were stopped: 0.0006678 seconds, Stopping threads took: 0.0002721 seconds
[2022-06-13T03:24:12.531+0000][1][safepoint    ] Application time: 1.0001216 seconds
[2022-06-13T03:24:12.532+0000][1][safepoint    ] Entering safepoint region: Cleanup
[2022-06-13T03:24:12.532+0000][1][safepoint    ] Leaving safepoint region
[2022-06-13T03:24:12.533+0000][1][safepoint    ] Total time for which application threads were stopped: 0.0010703 seconds, Stopping threads took: 0.0005320 seconds
[2022-06-13T03:24:13.533+0000][1][safepoint    ] Application time: 1.0002351 seconds
[2022-06-13T03:24:13.534+0000][1][safepoint    ] Entering safepoint region: Cleanup
[2022-06-13T03:24:13.534+0000][1][safepoint    ] Leaving safepoint region
[2022-06-13T03:24:13.534+0000][1][safepoint    ] Total time for which application threads were stopped: 0.0003390 seconds, Stopping threads took: 0.0001624 seconds
[2022-06-13T03:24:14.535+0000][1][safepoint    ] Application time: 1.0001753 seconds
[2022-06-13T03:24:14.535+0000][1][safepoint    ] Entering safepoint region: Cleanup
[2022-06-13T03:24:14.536+0000][1][safepoint    ] Leaving safepoint region
[2022-06-13T03:24:14.536+0000][1][safepoint    ] Total time for which application threads were stopped: 0.0008167 seconds, Stopping threads took: 0.0003985 seconds
[2022-06-13T03:24:15.537+0000][1][safepoint    ] Application time: 1.0001788 seconds
[2022-06-13T03:24:15.537+0000][1][safepoint    ] Entering safepoint region: Cleanup
[2022-06-13T03:24:15.537+0000][1][safepoint    ] Leaving safepoint region
[2022-06-13T03:24:15.538+0000][1][safepoint    ] Total time for which application threads were stopped: 0.0006874 seconds, Stopping threads took: 0.0003813 seconds
[2022-06-13T03:24:16.538+0000][1][safepoint    ] Application time: 1.0001319 seconds
[2022-06-13T03:24:16.539+0000][1][safepoint    ] Entering safepoint region: Cleanup
[2022-06-13T03:24:16.540+0000][1][safepoint    ] Leaving safepoint region
[2022-06-13T03:24:16.540+0000][1][safepoint    ] Total time for which application threads were stopped: 0.0014260 seconds, Stopping threads took: 0.0007466 seconds
[2022-06-13T03:24:17.541+0000][1][safepoint    ] Application time: 1.0002242 seconds
[2022-06-13T03:24:17.542+0000][1][safepoint    ] Entering safepoint region: Cleanup
[2022-06-13T03:24:17.542+0000][1][safepoint    ] Leaving safepoint region
[2022-06-13T03:24:17.543+0000][1][safepoint    ] Total time for which application threads were stopped: 0.0005616 seconds, Stopping threads took: 0.0002771 seconds
[2022-06-13T03:24:18.543+0000][1][safepoint    ] Application time: 1.0000905 seconds
[2022-06-13T03:24:18.543+0000][1][safepoint    ] Entering safepoint region: Cleanup
[2022-06-13T03:24:18.543+0000][1][safepoint    ] Leaving safepoint region
[2022-06-13T03:24:18.544+0000][1][safepoint    ] Total time for which application threads were stopped: 0.0005593 seconds, Stopping threads took: 0.0002797 seconds
[2022-06-13T03:24:19.544+0000][1][safepoint    ] Application time: 1.0001259 seconds
[2022-06-13T03:24:19.544+0000][1][safepoint    ] Entering safepoint region: Cleanup
[2022-06-13T03:24:19.545+0000][1][safepoint    ] Leaving safepoint region
[2022-06-13T03:24:19.545+0000][1][safepoint    ] Total time for which application threads were stopped: 0.0006012 seconds, Stopping threads took: 0.0002964 seconds
[2022-06-13T03:24:20.546+0000][1][safepoint    ] Application time: 1.0002418 seconds
[2022-06-13T03:24:20.546+0000][1][safepoint    ] Entering safepoint region: Cleanup
[2022-06-13T03:24:20.546+0000][1][safepoint    ] Leaving safepoint region
[2022-06-13T03:24:20.547+0000][1][safepoint    ] Total time for which application threads were stopped: 0.0006655 seconds, Stopping threads took: 0.0003240 seconds
[2022-06-13T03:24:21.131+0000][1][safepoint    ] Application time: 0.5839686 seconds
[2022-06-13T03:24:21.131+0000][1][safepoint    ] Entering safepoint region: RevokeBias
[2022-06-13T03:24:21.132+0000][1][safepoint    ] Leaving safepoint region
[2022-06-13T03:24:21.132+0000][1][safepoint    ] Total time for which application threads were stopped: 0.0009234 seconds, Stopping threads took: 0.0003984 seconds
[2022-06-13T03:24:22.133+0000][1][safepoint    ] Application time: 1.0001481 seconds
[2022-06-13T03:24:22.134+0000][1][safepoint    ] Entering safepoint region: Cleanup
[2022-06-13T03:24:22.134+0000][1][safepoint    ] Leaving safepoint region
[2022-06-13T03:24:22.134+0000][1][safepoint    ] Total time for which application threads were stopped: 0.0005307 seconds, Stopping threads took: 0.0002711 seconds
[2022-06-13T03:24:23.134+0000][1][safepoint    ] Application time: 1.0001081 seconds
[2022-06-13T03:24:23.135+0000][1][safepoint    ] Entering safepoint region: Cleanup
[2022-06-13T03:24:23.135+0000][1][safepoint    ] Leaving safepoint region
[2022-06-13T03:24:23.135+0000][1][safepoint    ] Total time for which application threads were stopped: 0.0004533 seconds, Stopping threads took: 0.0002240 seconds
[2022-06-13T03:24:24.135+0000][1][safepoint    ] Application time: 1.0001760 seconds
[2022-06-13T03:24:24.136+0000][1][safepoint    ] Entering safepoint region: Cleanup
[2022-06-13T03:24:24.136+0000][1][safepoint    ] Leaving safepoint region
[2022-06-13T03:24:24.136+0000][1][safepoint    ] Total time for which application threads were stopped: 0.0005301 seconds, Stopping threads took: 0.0002976 seconds
[2022-06-13T03:24:25.137+0000][1][safepoint    ] Application time: 1.0002602 seconds
[2022-06-13T03:24:25.138+0000][1][safepoint    ] Entering safepoint region: Cleanup
[2022-06-13T03:24:25.138+0000][1][safepoint    ] Leaving safepoint region
[2022-06-13T03:24:25.139+0000][1][safepoint    ] Total time for which application threads were stopped: 0.0013955 seconds, Stopping threads took: 0.0006802 seconds
[2022-06-13T03:24:26.140+0000][1][safepoint    ] Application time: 1.0002647 seconds
[2022-06-13T03:24:26.140+0000][1][safepoint    ] Entering safepoint region: Cleanup
[2022-06-13T03:24:26.141+0000][1][safepoint    ] Leaving safepoint region
[2022-06-13T03:24:26.142+0000][1][safepoint    ] Total time for which application threads were stopped: 0.0012344 seconds, Stopping threads took: 0.0005599 seconds
[2022-06-13T03:24:27.143+0000][1][safepoint    ] Application time: 1.0001578 seconds
[2022-06-13T03:24:27.143+0000][1][safepoint    ] Entering safepoint region: Cleanup
[2022-06-13T03:24:27.144+0000][1][safepoint    ] Leaving safepoint region
[2022-06-13T03:24:27.144+0000][1][safepoint    ] Total time for which application threads were stopped: 0.0008339 seconds, Stopping threads took: 0.0004086 seconds
[2022-06-13T03:24:30.145+0000][1][safepoint    ] Application time: 3.0006412 seconds
[2022-06-13T03:24:30.146+0000][1][safepoint    ] Entering safepoint region: Cleanup
[2022-06-13T03:24:30.147+0000][1][safepoint    ] Leaving safepoint region
[2022-06-13T03:24:30.147+0000][1][safepoint    ] Total time for which application threads were stopped: 0.0011979 seconds, Stopping threads took: 0.0005841 seconds
[2022-06-13T03:24:35.149+0000][1][safepoint    ] Application time: 5.0011977 seconds
[2022-06-13T03:24:35.149+0000][1][safepoint    ] Entering safepoint region: Cleanup
[2022-06-13T03:24:35.150+0000][1][safepoint    ] Leaving safepoint region
[2022-06-13T03:24:35.150+0000][1][safepoint    ] Total time for which application threads were stopped: 0.0006463 seconds, Stopping threads took: 0.0003226 seconds
[2022-06-13T03:24:36.151+0000][1][safepoint    ] Application time: 1.0002109 seconds
[2022-06-13T03:24:36.151+0000][1][safepoint    ] Entering safepoint region: Cleanup
[2022-06-13T03:24:36.152+0000][1][safepoint    ] Leaving safepoint region
[2022-06-13T03:24:36.152+0000][1][safepoint    ] Total time for which application threads were stopped: 0.0008159 seconds, Stopping threads took: 0.0004056 seconds
[2022-06-13T03:24:37.152+0000][1][safepoint    ] Application time: 1.0001879 seconds
[2022-06-13T03:24:37.153+0000][1][safepoint    ] Entering safepoint region: Cleanup
[2022-06-13T03:24:37.154+0000][1][safepoint    ] Leaving safepoint region
[2022-06-13T03:24:37.154+0000][1][safepoint    ] Total time for which application threads were stopped: 0.0007505 seconds, Stopping threads took: 0.0003658 seconds
[2022-06-13T03:24:40.155+0000][1][safepoint    ] Application time: 3.0005670 seconds
[2022-06-13T03:24:40.155+0000][1][safepoint    ] Entering safepoint region: Cleanup
[2022-06-13T03:24:40.156+0000][1][safepoint    ] Leaving safepoint region
[2022-06-13T03:24:40.156+0000][1][safepoint    ] Total time for which application threads were stopped: 0.0008136 seconds, Stopping threads took: 0.0003746 seconds
[2022-06-13T03:24:42.157+0000][1][safepoint    ] Application time: 2.0002898 seconds
[2022-06-13T03:24:42.157+0000][1][safepoint    ] Entering safepoint region: Cleanup
[2022-06-13T03:24:42.158+0000][1][safepoint    ] Leaving safepoint region
[2022-06-13T03:24:42.158+0000][1][safepoint    ] Total time for which application threads were stopped: 0.0007266 seconds, Stopping threads took: 0.0003392 seconds
[2022-06-13T03:24:46.159+0000][1][safepoint    ] Application time: 4.0004527 seconds
[2022-06-13T03:24:46.159+0000][1][safepoint    ] Entering safepoint region: Cleanup
[2022-06-13T03:24:46.159+0000][1][safepoint    ] Leaving safepoint region
[2022-06-13T03:24:46.160+0000][1][safepoint    ] Total time for which application threads were stopped: 0.0004337 seconds, Stopping threads took: 0.0001985 seconds
[2022-06-13T03:24:48.161+0000][1][safepoint    ] Application time: 2.0016493 seconds
[2022-06-13T03:24:48.162+0000][1][safepoint    ] Entering safepoint region: Cleanup
[2022-06-13T03:24:48.162+0000][1][safepoint    ] Leaving safepoint region
[2022-06-13T03:24:48.162+0000][1][safepoint    ] Total time for which application threads were stopped: 0.0004308 seconds, Stopping threads took: 0.0002265 seconds
[2022-06-13T03:24:52.163+0000][1][safepoint    ] Application time: 4.0005032 seconds
[2022-06-13T03:24:52.163+0000][1][safepoint    ] Entering safepoint region: Cleanup
[2022-06-13T03:24:52.164+0000][1][safepoint    ] Leaving safepoint region
[2022-06-13T03:24:52.164+0000][1][safepoint    ] Total time for which application threads were stopped: 0.0007563 seconds, Stopping threads took: 0.0004063 seconds
[2022-06-13T03:25:02.166+0000][1][safepoint    ] Application time: 10.0019359 seconds
[2022-06-13T03:25:02.167+0000][1][safepoint    ] Entering safepoint region: Cleanup
[2022-06-13T03:25:02.167+0000][1][safepoint    ] Leaving safepoint region
[2022-06-13T03:25:02.168+0000][1][safepoint    ] Total time for which application threads were stopped: 0.0008239 seconds, Stopping threads took: 0.0003775 seconds
[2022-06-13T03:25:06.532+0000][1][safepoint    ] Application time: 4.3641835 seconds
[2022-06-13T03:25:06.533+0000][1][safepoint    ] Entering safepoint region: GenCollectForAllocation
[2022-06-13T03:25:06.533+0000][1][gc,start     ] GC(22) Pause Young (Allocation Failure)
[2022-06-13T03:25:06.533+0000][1][gc,task      ] GC(22) Using 5 workers of 13 for evacuation
[2022-06-13T03:25:06.540+0000][1][gc,age       ] GC(22) Desired survivor size 4456448 bytes, new threshold 2 (max threshold 6)
[2022-06-13T03:25:06.540+0000][1][gc,age       ] GC(22) Age table with threshold 2 (max threshold 6)
[2022-06-13T03:25:06.540+0000][1][gc,age       ] GC(22) - age   1:    1167008 bytes,    1167008 total
[2022-06-13T03:25:06.540+0000][1][gc,age       ] GC(22) - age   2:    3984288 bytes,    5151296 total
[2022-06-13T03:25:06.540+0000][1][gc,heap      ] GC(22) ParNew: 77812K->6339K(78656K)
[2022-06-13T03:25:06.540+0000][1][gc,heap      ] GC(22) CMS: 62270K->63701K(174784K)
[2022-06-13T03:25:06.540+0000][1][gc,metaspace ] GC(22) Metaspace: 65262K->65262K(1110016K)
[2022-06-13T03:25:06.541+0000][1][gc           ] GC(22) Pause Young (Allocation Failure) 136M->68M(247M) 7.852ms
[2022-06-13T03:25:06.541+0000][1][gc,cpu       ] GC(22) User=0.02s Sys=0.01s Real=0.01s
[2022-06-13T03:25:06.541+0000][1][safepoint    ] Leaving safepoint region
[2022-06-13T03:25:06.541+0000][1][safepoint    ] Total time for which application threads were stopped: 0.0084278 seconds, Stopping threads took: 0.0001749 seconds
[2022-06-13T03:25:11.542+0000][1][safepoint    ] Application time: 5.0008362 seconds
[2022-06-13T03:25:11.542+0000][1][safepoint    ] Entering safepoint region: Cleanup
[2022-06-13T03:25:11.543+0000][1][safepoint    ] Leaving safepoint region
[2022-06-13T03:25:11.543+0000][1][safepoint    ] Total time for which application threads were stopped: 0.0005957 seconds, Stopping threads took: 0.0003285 seconds
[2022-06-13T03:25:12.543+0000][1][safepoint    ] Application time: 1.0001744 seconds
[2022-06-13T03:25:12.544+0000][1][safepoint    ] Entering safepoint region: Cleanup
[2022-06-13T03:25:12.544+0000][1][safepoint    ] Leaving safepoint region
[2022-06-13T03:25:12.544+0000][1][safepoint    ] Total time for which application threads were stopped: 0.0005362 seconds, Stopping threads took: 0.0002610 seconds
[2022-06-13T03:25:16.546+0000][1][safepoint    ] Application time: 4.0009187 seconds
[2022-06-13T03:25:16.546+0000][1][safepoint    ] Entering safepoint region: Cleanup
[2022-06-13T03:25:16.547+0000][1][safepoint    ] Leaving safepoint region
[2022-06-13T03:25:16.547+0000][1][safepoint    ] Total time for which application threads were stopped: 0.0012211 seconds, Stopping threads took: 0.0006056 seconds
[2022-06-13T03:25:23.549+0000][1][safepoint    ] Application time: 7.0012546 seconds
[2022-06-13T03:25:23.550+0000][1][safepoint    ] Entering safepoint region: Cleanup
[2022-06-13T03:25:23.550+0000][1][safepoint    ] Leaving safepoint region
[2022-06-13T03:25:23.550+0000][1][safepoint    ] Total time for which application threads were stopped: 0.0006840 seconds, Stopping threads took: 0.0003289 seconds
[2022-06-13T03:25:26.551+0000][1][safepoint    ] Application time: 3.0006057 seconds
[2022-06-13T03:25:26.552+0000][1][safepoint    ] Entering safepoint region: Cleanup
[2022-06-13T03:25:26.553+0000][1][safepoint    ] Leaving safepoint region
[2022-06-13T03:25:26.553+0000][1][safepoint    ] Total time for which application threads were stopped: 0.0010174 seconds, Stopping threads took: 0.0005191 seconds
[2022-06-13T03:25:27.554+0000][1][safepoint    ] Application time: 1.0002471 seconds
[2022-06-13T03:25:27.555+0000][1][safepoint    ] Entering safepoint region: Cleanup
[2022-06-13T03:25:27.555+0000][1][safepoint    ] Leaving safepoint region
[2022-06-13T03:25:27.556+0000][1][safepoint    ] Total time for which application threads were stopped: 0.0010706 seconds, Stopping threads took: 0.0004988 seconds
[2022-06-13T03:25:34.558+0000][1][safepoint    ] Application time: 7.0017575 seconds
[2022-06-13T03:25:34.559+0000][1][safepoint    ] Entering safepoint region: Cleanup
[2022-06-13T03:25:34.560+0000][1][safepoint    ] Leaving safepoint region
[2022-06-13T03:25:34.560+0000][1][safepoint    ] Total time for which application threads were stopped: 0.0013905 seconds, Stopping threads took: 0.0007984 seconds
[2022-06-13T03:25:52.565+0000][1][safepoint    ] Application time: 18.0038741 seconds
[2022-06-13T03:25:52.565+0000][1][safepoint    ] Entering safepoint region: Cleanup
[2022-06-13T03:25:52.566+0000][1][safepoint    ] Leaving safepoint region
[2022-06-13T03:25:52.567+0000][1][safepoint    ] Total time for which application threads were stopped: 0.0011089 seconds, Stopping threads took: 0.0005654 seconds
[2022-06-13T03:26:00.578+0000][1][safepoint    ] Application time: 8.0107500 seconds
[2022-06-13T03:26:00.578+0000][1][safepoint    ] Entering safepoint region: RevokeBias
[2022-06-13T03:26:00.578+0000][1][safepoint    ] Leaving safepoint region
[2022-06-13T03:26:00.578+0000][1][safepoint    ] Total time for which application threads were stopped: 0.0004247 seconds, Stopping threads took: 0.0002378 seconds
[2022-06-13T03:26:00.580+0000][1][safepoint    ] Application time: 0.0018220 seconds
[2022-06-13T03:26:00.580+0000][1][safepoint    ] Entering safepoint region: RevokeBias
[2022-06-13T03:26:00.581+0000][1][safepoint    ] Leaving safepoint region
[2022-06-13T03:26:00.581+0000][1][safepoint    ] Total time for which application threads were stopped: 0.0004390 seconds, Stopping threads took: 0.0002078 seconds
[2022-06-13T03:26:00.594+0000][1][safepoint    ] Application time: 0.0129146 seconds
[2022-06-13T03:26:00.594+0000][1][safepoint    ] Entering safepoint region: RevokeBias
[2022-06-13T03:26:00.594+0000][1][safepoint    ] Leaving safepoint region
[2022-06-13T03:26:00.594+0000][1][safepoint    ] Total time for which application threads were stopped: 0.0002802 seconds, Stopping threads took: 0.0000995 seconds
[2022-06-13T03:26:00.594+0000][1][safepoint    ] Application time: 0.0000735 seconds
[2022-06-13T03:26:00.595+0000][1][safepoint    ] Entering safepoint region: RevokeBias
[2022-06-13T03:26:00.595+0000][1][safepoint    ] Leaving safepoint region
[2022-06-13T03:26:00.595+0000][1][safepoint    ] Total time for which application threads were stopped: 0.0001556 seconds, Stopping threads took: 0.0000680 seconds
[2022-06-13T03:26:00.600+0000][1][safepoint    ] Application time: 0.0052777 seconds
[2022-06-13T03:26:00.600+0000][1][safepoint    ] Entering safepoint region: RevokeBias
[2022-06-13T03:26:00.600+0000][1][safepoint    ] Leaving safepoint region
[2022-06-13T03:26:00.601+0000][1][safepoint    ] Total time for which application threads were stopped: 0.0004434 seconds, Stopping threads took: 0.0002212 seconds
[2022-06-13T03:26:00.604+0000][1][safepoint    ] Application time: 0.0029955 seconds
[2022-06-13T03:26:00.604+0000][1][safepoint    ] Entering safepoint region: RevokeBias
[2022-06-13T03:26:00.604+0000][1][safepoint    ] Leaving safepoint region
[2022-06-13T03:26:00.605+0000][1][safepoint    ] Total time for which application threads were stopped: 0.0003752 seconds, Stopping threads took: 0.0001731 seconds
[2022-06-13T03:26:00.612+0000][1][safepoint    ] Application time: 0.0071795 seconds
[2022-06-13T03:26:00.612+0000][1][safepoint    ] Entering safepoint region: RevokeBias
[2022-06-13T03:26:00.612+0000][1][safepoint    ] Leaving safepoint region
[2022-06-13T03:26:00.612+0000][1][safepoint    ] Total time for which application threads were stopped: 0.0003701 seconds, Stopping threads took: 0.0002271 seconds
[2022-06-13T03:26:00.647+0000][1][safepoint    ] Application time: 0.0344460 seconds
[2022-06-13T03:26:00.647+0000][1][safepoint    ] Entering safepoint region: RevokeBias
[2022-06-13T03:26:00.647+0000][1][safepoint    ] Leaving safepoint region
[2022-06-13T03:26:00.648+0000][1][safepoint    ] Total time for which application threads were stopped: 0.0003428 seconds, Stopping threads took: 0.0001627 seconds
[2022-06-13T03:26:00.648+0000][1][safepoint    ] Application time: 0.0002580 seconds
[2022-06-13T03:26:00.648+0000][1][safepoint    ] Entering safepoint region: RevokeBias
[2022-06-13T03:26:00.649+0000][1][safepoint    ] Leaving safepoint region
[2022-06-13T03:26:00.649+0000][1][safepoint    ] Total time for which application threads were stopped: 0.0004030 seconds, Stopping threads took: 0.0001440 seconds
[2022-06-13T03:26:00.649+0000][1][safepoint    ] Application time: 0.0004210 seconds
[2022-06-13T03:26:00.650+0000][1][safepoint    ] Entering safepoint region: RevokeBias
[2022-06-13T03:26:00.650+0000][1][safepoint    ] Leaving safepoint region
[2022-06-13T03:26:00.650+0000][1][safepoint    ] Total time for which application threads were stopped: 0.0004637 seconds, Stopping threads took: 0.0001689 seconds
[2022-06-13T03:26:00.650+0000][1][safepoint    ] Application time: 0.0002849 seconds
[2022-06-13T03:26:00.651+0000][1][safepoint    ] Entering safepoint region: RevokeBias
[2022-06-13T03:26:00.651+0000][1][safepoint    ] Leaving safepoint region
[2022-06-13T03:26:00.651+0000][1][safepoint    ] Total time for which application threads were stopped: 0.0006281 seconds, Stopping threads took: 0.0003191 seconds
[2022-06-13T03:26:00.652+0000][1][safepoint    ] Application time: 0.0003284 seconds
[2022-06-13T03:26:00.652+0000][1][safepoint    ] Entering safepoint region: RevokeBias
[2022-06-13T03:26:00.652+0000][1][safepoint    ] Leaving safepoint region
[2022-06-13T03:26:00.652+0000][1][safepoint    ] Total time for which application threads were stopped: 0.0004264 seconds, Stopping threads took: 0.0001824 seconds
[2022-06-13T03:26:00.653+0000][1][safepoint    ] Application time: 0.0003138 seconds
[2022-06-13T03:26:00.653+0000][1][safepoint    ] Entering safepoint region: RevokeBias
[2022-06-13T03:26:00.653+0000][1][safepoint    ] Leaving safepoint region
[2022-06-13T03:26:00.653+0000][1][safepoint    ] Total time for which application threads were stopped: 0.0002798 seconds, Stopping threads took: 0.0001285 seconds
[2022-06-13T03:26:00.654+0000][1][safepoint    ] Application time: 0.0003493 seconds
[2022-06-13T03:26:00.654+0000][1][safepoint    ] Entering safepoint region: RevokeBias
[2022-06-13T03:26:00.654+0000][1][safepoint    ] Leaving safepoint region
[2022-06-13T03:26:00.654+0000][1][safepoint    ] Total time for which application threads were stopped: 0.0005491 seconds, Stopping threads took: 0.0001585 seconds
[2022-06-13T03:26:00.656+0000][1][safepoint    ] Application time: 0.0009561 seconds
[2022-06-13T03:26:00.656+0000][1][safepoint    ] Entering safepoint region: RevokeBias
[2022-06-13T03:26:00.656+0000][1][safepoint    ] Leaving safepoint region
[2022-06-13T03:26:00.656+0000][1][safepoint    ] Total time for which application threads were stopped: 0.0003603 seconds, Stopping threads took: 0.0001753 seconds
[2022-06-13T03:26:00.657+0000][1][safepoint    ] Application time: 0.0004804 seconds
[2022-06-13T03:26:00.657+0000][1][safepoint    ] Entering safepoint region: RevokeBias
[2022-06-13T03:26:00.657+0000][1][safepoint    ] Leaving safepoint region
[2022-06-13T03:26:00.657+0000][1][safepoint    ] Total time for which application threads were stopped: 0.0003223 seconds, Stopping threads took: 0.0001560 seconds
[2022-06-13T03:26:00.658+0000][1][safepoint    ] Application time: 0.0002914 seconds
[2022-06-13T03:26:00.658+0000][1][safepoint    ] Entering safepoint region: RevokeBias
[2022-06-13T03:26:00.658+0000][1][safepoint    ] Leaving safepoint region
[2022-06-13T03:26:00.658+0000][1][safepoint    ] Total time for which application threads were stopped: 0.0003789 seconds, Stopping threads took: 0.0001977 seconds
[2022-06-13T03:26:00.659+0000][1][safepoint    ] Application time: 0.0002590 seconds
[2022-06-13T03:26:00.659+0000][1][safepoint    ] Entering safepoint region: RevokeBias
[2022-06-13T03:26:00.659+0000][1][safepoint    ] Leaving safepoint region
[2022-06-13T03:26:00.659+0000][1][safepoint    ] Total time for which application threads were stopped: 0.0004773 seconds, Stopping threads took: 0.0002699 seconds
[2022-06-13T03:26:00.660+0000][1][safepoint    ] Application time: 0.0004266 seconds
[2022-06-13T03:26:00.660+0000][1][safepoint    ] Entering safepoint region: RevokeBias
[2022-06-13T03:26:00.660+0000][1][safepoint    ] Leaving safepoint region
[2022-06-13T03:26:00.660+0000][1][safepoint    ] Total time for which application threads were stopped: 0.0004051 seconds, Stopping threads took: 0.0002146 seconds
[2022-06-13T03:26:00.661+0000][1][safepoint    ] Application time: 0.0003162 seconds
[2022-06-13T03:26:00.661+0000][1][safepoint    ] Entering safepoint region: RevokeBias
[2022-06-13T03:26:00.661+0000][1][safepoint    ] Leaving safepoint region
[2022-06-13T03:26:00.661+0000][1][safepoint    ] Total time for which application threads were stopped: 0.0002550 seconds, Stopping threads took: 0.0001130 seconds
[2022-06-13T03:26:00.662+0000][1][safepoint    ] Application time: 0.0001143 seconds
[2022-06-13T03:26:00.662+0000][1][safepoint    ] Entering safepoint region: RevokeBias
[2022-06-13T03:26:00.662+0000][1][safepoint    ] Leaving safepoint region
[2022-06-13T03:26:00.662+0000][1][safepoint    ] Total time for which application threads were stopped: 0.0004973 seconds, Stopping threads took: 0.0002026 seconds
[2022-06-13T03:26:00.666+0000][1][safepoint    ] Application time: 0.0041052 seconds
[2022-06-13T03:26:00.667+0000][1][safepoint    ] Entering safepoint region: RevokeBias
[2022-06-13T03:26:00.667+0000][1][safepoint    ] Leaving safepoint region
[2022-06-13T03:26:00.667+0000][1][safepoint    ] Total time for which application threads were stopped: 0.0006978 seconds, Stopping threads took: 0.0003993 seconds
[2022-06-13T03:26:00.672+0000][1][safepoint    ] Application time: 0.0042195 seconds
[2022-06-13T03:26:00.672+0000][1][safepoint    ] Entering safepoint region: RevokeBias
[2022-06-13T03:26:00.672+0000][1][safepoint    ] Leaving safepoint region
[2022-06-13T03:26:00.672+0000][1][safepoint    ] Total time for which application threads were stopped: 0.0003397 seconds, Stopping threads took: 0.0001277 seconds
[2022-06-13T03:26:00.674+0000][1][safepoint    ] Application time: 0.0018193 seconds
[2022-06-13T03:26:00.674+0000][1][safepoint    ] Entering safepoint region: RevokeBias
[2022-06-13T03:26:00.675+0000][1][safepoint    ] Leaving safepoint region
[2022-06-13T03:26:00.675+0000][1][safepoint    ] Total time for which application threads were stopped: 0.0004621 seconds, Stopping threads took: 0.0002681 seconds
[2022-06-13T03:26:00.678+0000][1][safepoint    ] Application time: 0.0031189 seconds
[2022-06-13T03:26:00.678+0000][1][safepoint    ] Entering safepoint region: RevokeBias
[2022-06-13T03:26:00.679+0000][1][safepoint    ] Leaving safepoint region
[2022-06-13T03:26:00.679+0000][1][safepoint    ] Total time for which application threads were stopped: 0.0005019 seconds, Stopping threads took: 0.0001926 seconds
[2022-06-13T03:26:00.679+0000][1][safepoint    ] Application time: 0.0002461 seconds
[2022-06-13T03:26:00.680+0000][1][safepoint    ] Entering safepoint region: RevokeBias
[2022-06-13T03:26:00.680+0000][1][safepoint    ] Leaving safepoint region
[2022-06-13T03:26:00.681+0000][1][safepoint    ] Total time for which application threads were stopped: 0.0009521 seconds, Stopping threads took: 0.0005288 seconds
[2022-06-13T03:26:00.683+0000][1][safepoint    ] Application time: 0.0018689 seconds
[2022-06-13T03:26:00.683+0000][1][safepoint    ] Entering safepoint region: RevokeBias
[2022-06-13T03:26:00.683+0000][1][safepoint    ] Leaving safepoint region
[2022-06-13T03:26:00.683+0000][1][safepoint    ] Total time for which application threads were stopped: 0.0004692 seconds, Stopping threads took: 0.0002419 seconds
[2022-06-13T03:26:00.684+0000][1][safepoint    ] Application time: 0.0002900 seconds
[2022-06-13T03:26:00.684+0000][1][safepoint    ] Entering safepoint region: BulkRevokeBias
[2022-06-13T03:26:00.684+0000][1][safepoint    ] Leaving safepoint region
[2022-06-13T03:26:00.685+0000][1][safepoint    ] Total time for which application threads were stopped: 0.0008736 seconds, Stopping threads took: 0.0001596 seconds
[2022-06-13T03:26:00.685+0000][1][safepoint    ] Application time: 0.0004457 seconds
[2022-06-13T03:26:00.686+0000][1][safepoint    ] Entering safepoint region: RevokeBias
[2022-06-13T03:26:00.686+0000][1][safepoint    ] Leaving safepoint region
[2022-06-13T03:26:00.686+0000][1][safepoint    ] Total time for which application threads were stopped: 0.0005529 seconds, Stopping threads took: 0.0003459 seconds
[2022-06-13T03:26:00.687+0000][1][safepoint    ] Application time: 0.0002100 seconds
[2022-06-13T03:26:00.687+0000][1][safepoint    ] Entering safepoint region: RevokeBias
[2022-06-13T03:26:00.687+0000][1][safepoint    ] Leaving safepoint region
[2022-06-13T03:26:00.687+0000][1][safepoint    ] Total time for which application threads were stopped: 0.0006671 seconds, Stopping threads took: 0.0003465 seconds
[2022-06-13T03:26:00.688+0000][1][safepoint    ] Application time: 0.0001722 seconds
[2022-06-13T03:26:00.688+0000][1][safepoint    ] Entering safepoint region: RevokeBias
[2022-06-13T03:26:00.688+0000][1][safepoint    ] Leaving safepoint region
[2022-06-13T03:26:00.688+0000][1][safepoint    ] Total time for which application threads were stopped: 0.0003980 seconds, Stopping threads took: 0.0002098 seconds
[2022-06-13T03:26:00.689+0000][1][safepoint    ] Application time: 0.0001484 seconds
[2022-06-13T03:26:00.689+0000][1][safepoint    ] Entering safepoint region: RevokeBias
[2022-06-13T03:26:00.689+0000][1][safepoint    ] Leaving safepoint region
[2022-06-13T03:26:00.689+0000][1][safepoint    ] Total time for which application threads were stopped: 0.0006497 seconds, Stopping threads took: 0.0003403 seconds
[2022-06-13T03:26:00.690+0000][1][safepoint    ] Application time: 0.0004358 seconds
[2022-06-13T03:26:00.690+0000][1][safepoint    ] Entering safepoint region: RevokeBias
[2022-06-13T03:26:00.691+0000][1][safepoint    ] Leaving safepoint region
[2022-06-13T03:26:00.691+0000][1][safepoint    ] Total time for which application threads were stopped: 0.0006762 seconds, Stopping threads took: 0.0003233 seconds
[2022-06-13T03:26:00.692+0000][1][safepoint    ] Application time: 0.0003199 seconds
[2022-06-13T03:26:00.692+0000][1][safepoint    ] Entering safepoint region: RevokeBias
[2022-06-13T03:26:00.692+0000][1][safepoint    ] Leaving safepoint region
[2022-06-13T03:26:00.692+0000][1][safepoint    ] Total time for which application threads were stopped: 0.0006011 seconds, Stopping threads took: 0.0003766 seconds
[2022-06-13T03:26:00.693+0000][1][safepoint    ] Application time: 0.0002433 seconds
[2022-06-13T03:26:00.693+0000][1][safepoint    ] Entering safepoint region: RevokeBias
[2022-06-13T03:26:00.694+0000][1][safepoint    ] Leaving safepoint region
[2022-06-13T03:26:00.694+0000][1][safepoint    ] Total time for which application threads were stopped: 0.0004746 seconds, Stopping threads took: 0.0002550 seconds
[2022-06-13T03:26:00.694+0000][1][safepoint    ] Application time: 0.0003351 seconds
[2022-06-13T03:26:00.695+0000][1][safepoint    ] Entering safepoint region: RevokeBias
[2022-06-13T03:26:00.695+0000][1][safepoint    ] Leaving safepoint region
[2022-06-13T03:26:00.695+0000][1][safepoint    ] Total time for which application threads were stopped: 0.0004655 seconds, Stopping threads took: 0.0001718 seconds
[2022-06-13T03:26:00.696+0000][1][safepoint    ] Application time: 0.0002930 seconds
[2022-06-13T03:26:00.696+0000][1][safepoint    ] Entering safepoint region: RevokeBias
[2022-06-13T03:26:00.696+0000][1][safepoint    ] Leaving safepoint region
[2022-06-13T03:26:00.696+0000][1][safepoint    ] Total time for which application threads were stopped: 0.0007542 seconds, Stopping threads took: 0.0005680 seconds
[2022-06-13T03:26:00.697+0000][1][safepoint    ] Application time: 0.0003752 seconds
[2022-06-13T03:26:00.697+0000][1][safepoint    ] Entering safepoint region: RevokeBias
[2022-06-13T03:26:00.697+0000][1][safepoint    ] Leaving safepoint region
[2022-06-13T03:26:00.698+0000][1][safepoint    ] Total time for which application threads were stopped: 0.0005023 seconds, Stopping threads took: 0.0001264 seconds
[2022-06-13T03:26:00.698+0000][1][safepoint    ] Application time: 0.0001056 seconds
[2022-06-13T03:26:00.698+0000][1][safepoint    ] Entering safepoint region: RevokeBias
[2022-06-13T03:26:00.698+0000][1][safepoint    ] Leaving safepoint region
[2022-06-13T03:26:00.698+0000][1][safepoint    ] Total time for which application threads were stopped: 0.0003084 seconds, Stopping threads took: 0.0001151 seconds
[2022-06-13T03:26:00.699+0000][1][safepoint    ] Application time: 0.0001657 seconds
[2022-06-13T03:26:00.699+0000][1][safepoint    ] Entering safepoint region: RevokeBias
[2022-06-13T03:26:00.699+0000][1][safepoint    ] Leaving safepoint region
[2022-06-13T03:26:00.699+0000][1][safepoint    ] Total time for which application threads were stopped: 0.0003957 seconds, Stopping threads took: 0.0001915 seconds
[2022-06-13T03:26:00.700+0000][1][safepoint    ] Application time: 0.0001679 seconds
[2022-06-13T03:26:00.700+0000][1][safepoint    ] Entering safepoint region: RevokeBias
[2022-06-13T03:26:00.700+0000][1][safepoint    ] Leaving safepoint region
[2022-06-13T03:26:00.700+0000][1][safepoint    ] Total time for which application threads were stopped: 0.0004353 seconds, Stopping threads took: 0.0001943 seconds
[2022-06-13T03:26:00.701+0000][1][safepoint    ] Application time: 0.0006904 seconds
[2022-06-13T03:26:00.701+0000][1][safepoint    ] Entering safepoint region: RevokeBias
[2022-06-13T03:26:00.701+0000][1][safepoint    ] Leaving safepoint region
[2022-06-13T03:26:00.702+0000][1][safepoint    ] Total time for which application threads were stopped: 0.0005919 seconds, Stopping threads took: 0.0002195 seconds
[2022-06-13T03:26:00.704+0000][1][safepoint    ] Application time: 0.0016092 seconds
[2022-06-13T03:26:00.704+0000][1][safepoint    ] Entering safepoint region: BulkRevokeBias
[2022-06-13T03:26:00.704+0000][1][safepoint    ] Leaving safepoint region
[2022-06-13T03:26:00.704+0000][1][safepoint    ] Total time for which application threads were stopped: 0.0006036 seconds, Stopping threads took: 0.0001377 seconds
[2022-06-13T03:26:00.706+0000][1][safepoint    ] Application time: 0.0012869 seconds
[2022-06-13T03:26:00.706+0000][1][safepoint    ] Entering safepoint region: RevokeBias
[2022-06-13T03:26:00.706+0000][1][safepoint    ] Leaving safepoint region
[2022-06-13T03:26:00.706+0000][1][safepoint    ] Total time for which application threads were stopped: 0.0005035 seconds, Stopping threads took: 0.0001481 seconds
[2022-06-13T03:26:00.711+0000][1][safepoint    ] Application time: 0.0045556 seconds
[2022-06-13T03:26:00.711+0000][1][safepoint    ] Entering safepoint region: RevokeBias
[2022-06-13T03:26:00.712+0000][1][safepoint    ] Leaving safepoint region
[2022-06-13T03:26:00.712+0000][1][safepoint    ] Total time for which application threads were stopped: 0.0003617 seconds, Stopping threads took: 0.0001233 seconds
[2022-06-13T03:26:00.725+0000][1][safepoint    ] Application time: 0.0132488 seconds
[2022-06-13T03:26:00.726+0000][1][safepoint    ] Entering safepoint region: RevokeBias
[2022-06-13T03:26:00.726+0000][1][safepoint    ] Leaving safepoint region
[2022-06-13T03:26:00.726+0000][1][safepoint    ] Total time for which application threads were stopped: 0.0010126 seconds, Stopping threads took: 0.0006189 seconds
[2022-06-13T03:26:00.727+0000][1][safepoint    ] Application time: 0.0005411 seconds
[2022-06-13T03:26:00.727+0000][1][safepoint    ] Entering safepoint region: RevokeBias
[2022-06-13T03:26:00.728+0000][1][safepoint    ] Leaving safepoint region
[2022-06-13T03:26:00.728+0000][1][safepoint    ] Total time for which application threads were stopped: 0.0005177 seconds, Stopping threads took: 0.0002801 seconds
[2022-06-13T03:26:00.728+0000][1][safepoint    ] Application time: 0.0004032 seconds
[2022-06-13T03:26:00.729+0000][1][safepoint    ] Entering safepoint region: RevokeBias
[2022-06-13T03:26:00.729+0000][1][safepoint    ] Leaving safepoint region
[2022-06-13T03:26:00.729+0000][1][safepoint    ] Total time for which application threads were stopped: 0.0004634 seconds, Stopping threads took: 0.0002753 seconds
[2022-06-13T03:26:00.730+0000][1][safepoint    ] Application time: 0.0002933 seconds
[2022-06-13T03:26:00.730+0000][1][safepoint    ] Entering safepoint region: RevokeBias
[2022-06-13T03:26:00.730+0000][1][safepoint    ] Leaving safepoint region
[2022-06-13T03:26:00.730+0000][1][safepoint    ] Total time for which application threads were stopped: 0.0004070 seconds, Stopping threads took: 0.0002227 seconds
[2022-06-13T03:26:00.731+0000][1][safepoint    ] Application time: 0.0004206 seconds
[2022-06-13T03:26:00.731+0000][1][safepoint    ] Entering safepoint region: RevokeBias
[2022-06-13T03:26:00.731+0000][1][safepoint    ] Leaving safepoint region
[2022-06-13T03:26:00.731+0000][1][safepoint    ] Total time for which application threads were stopped: 0.0003870 seconds, Stopping threads took: 0.0001853 seconds
[2022-06-13T03:26:00.731+0000][1][safepoint    ] Application time: 0.0002069 seconds
[2022-06-13T03:26:00.732+0000][1][safepoint    ] Entering safepoint region: RevokeBias
[2022-06-13T03:26:00.732+0000][1][safepoint    ] Leaving safepoint region
[2022-06-13T03:26:00.732+0000][1][safepoint    ] Total time for which application threads were stopped: 0.0003625 seconds, Stopping threads took: 0.0001971 seconds
[2022-06-13T03:26:00.732+0000][1][safepoint    ] Application time: 0.0003917 seconds
[2022-06-13T03:26:00.733+0000][1][safepoint    ] Entering safepoint region: RevokeBias
[2022-06-13T03:26:00.733+0000][1][safepoint    ] Leaving safepoint region
[2022-06-13T03:26:00.733+0000][1][safepoint    ] Total time for which application threads were stopped: 0.0003402 seconds, Stopping threads took: 0.0001863 seconds
[2022-06-13T03:26:00.733+0000][1][safepoint    ] Application time: 0.0001629 seconds
[2022-06-13T03:26:00.733+0000][1][safepoint    ] Entering safepoint region: RevokeBias
[2022-06-13T03:26:00.734+0000][1][safepoint    ] Leaving safepoint region
[2022-06-13T03:26:00.734+0000][1][safepoint    ] Total time for which application threads were stopped: 0.0003475 seconds, Stopping threads took: 0.0001986 seconds
[2022-06-13T03:26:00.734+0000][1][safepoint    ] Application time: 0.0003242 seconds
[2022-06-13T03:26:00.734+0000][1][safepoint    ] Entering safepoint region: RevokeBias
[2022-06-13T03:26:00.735+0000][1][safepoint    ] Leaving safepoint region
[2022-06-13T03:26:00.735+0000][1][safepoint    ] Total time for which application threads were stopped: 0.0003581 seconds, Stopping threads took: 0.0002087 seconds
[2022-06-13T03:26:00.735+0000][1][safepoint    ] Application time: 0.0002658 seconds
[2022-06-13T03:26:00.735+0000][1][safepoint    ] Entering safepoint region: RevokeBias
[2022-06-13T03:26:00.735+0000][1][safepoint    ] Leaving safepoint region
[2022-06-13T03:26:00.736+0000][1][safepoint    ] Total time for which application threads were stopped: 0.0003026 seconds, Stopping threads took: 0.0001565 seconds
[2022-06-13T03:26:00.736+0000][1][safepoint    ] Application time: 0.0002541 seconds
[2022-06-13T03:26:00.736+0000][1][safepoint    ] Entering safepoint region: RevokeBias
[2022-06-13T03:26:00.736+0000][1][safepoint    ] Leaving safepoint region
[2022-06-13T03:26:00.737+0000][1][safepoint    ] Total time for which application threads were stopped: 0.0005685 seconds, Stopping threads took: 0.0001803 seconds
[2022-06-13T03:26:00.737+0000][1][safepoint    ] Application time: 0.0001633 seconds
[2022-06-13T03:26:00.737+0000][1][safepoint    ] Entering safepoint region: RevokeBias
[2022-06-13T03:26:00.737+0000][1][safepoint    ] Leaving safepoint region
[2022-06-13T03:26:00.737+0000][1][safepoint    ] Total time for which application threads were stopped: 0.0003093 seconds, Stopping threads took: 0.0001726 seconds
[2022-06-13T03:26:00.737+0000][1][safepoint    ] Application time: 0.0001028 seconds
[2022-06-13T03:26:00.738+0000][1][safepoint    ] Entering safepoint region: RevokeBias
[2022-06-13T03:26:00.738+0000][1][safepoint    ] Leaving safepoint region
[2022-06-13T03:26:00.738+0000][1][safepoint    ] Total time for which application threads were stopped: 0.0002970 seconds, Stopping threads took: 0.0001469 seconds
[2022-06-13T03:26:00.738+0000][1][safepoint    ] Application time: 0.0004781 seconds
[2022-06-13T03:26:00.739+0000][1][safepoint    ] Entering safepoint region: RevokeBias
[2022-06-13T03:26:00.739+0000][1][safepoint    ] Leaving safepoint region
[2022-06-13T03:26:00.739+0000][1][safepoint    ] Total time for which application threads were stopped: 0.0002622 seconds, Stopping threads took: 0.0001138 seconds
[2022-06-13T03:26:00.750+0000][1][safepoint    ] Application time: 0.0106136 seconds
[2022-06-13T03:26:00.750+0000][1][safepoint    ] Entering safepoint region: BulkRevokeBias
[2022-06-13T03:26:00.751+0000][1][safepoint    ] Leaving safepoint region
[2022-06-13T03:26:00.751+0000][1][safepoint    ] Total time for which application threads were stopped: 0.0009343 seconds, Stopping threads took: 0.0003221 seconds
[2022-06-13T03:26:00.751+0000][1][safepoint    ] Application time: 0.0001328 seconds
[2022-06-13T03:26:00.751+0000][1][safepoint    ] Entering safepoint region: RevokeBias
[2022-06-13T03:26:00.752+0000][1][safepoint    ] Leaving safepoint region
[2022-06-13T03:26:00.752+0000][1][safepoint    ] Total time for which application threads were stopped: 0.0008278 seconds, Stopping threads took: 0.0004677 seconds
[2022-06-13T03:26:00.752+0000][1][safepoint    ] Application time: 0.0001071 seconds
[2022-06-13T03:26:00.753+0000][1][safepoint    ] Entering safepoint region: RevokeBias
[2022-06-13T03:26:00.753+0000][1][safepoint    ] Leaving safepoint region
[2022-06-13T03:26:00.753+0000][1][safepoint    ] Total time for which application threads were stopped: 0.0003059 seconds, Stopping threads took: 0.0001799 seconds
[2022-06-13T03:26:00.753+0000][1][safepoint    ] Application time: 0.0001217 seconds
[2022-06-13T03:26:00.753+0000][1][safepoint    ] Entering safepoint region: RevokeBias
[2022-06-13T03:26:00.753+0000][1][safepoint    ] Leaving safepoint region
[2022-06-13T03:26:00.754+0000][1][safepoint    ] Total time for which application threads were stopped: 0.0003694 seconds, Stopping threads took: 0.0002229 seconds
[2022-06-13T03:26:00.754+0000][1][safepoint    ] Application time: 0.0001039 seconds
[2022-06-13T03:26:00.754+0000][1][safepoint    ] Entering safepoint region: RevokeBias
[2022-06-13T03:26:00.754+0000][1][safepoint    ] Leaving safepoint region
[2022-06-13T03:26:00.754+0000][1][safepoint    ] Total time for which application threads were stopped: 0.0003669 seconds, Stopping threads took: 0.0001987 seconds
[2022-06-13T03:26:00.754+0000][1][safepoint    ] Application time: 0.0001123 seconds
[2022-06-13T03:26:00.755+0000][1][safepoint    ] Entering safepoint region: RevokeBias
[2022-06-13T03:26:00.755+0000][1][safepoint    ] Leaving safepoint region
[2022-06-13T03:26:00.755+0000][1][safepoint    ] Total time for which application threads were stopped: 0.0005799 seconds, Stopping threads took: 0.0003290 seconds
[2022-06-13T03:26:00.755+0000][1][safepoint    ] Application time: 0.0000441 seconds
[2022-06-13T03:26:00.756+0000][1][safepoint    ] Entering safepoint region: RevokeBias
[2022-06-13T03:26:00.756+0000][1][safepoint    ] Leaving safepoint region
[2022-06-13T03:26:00.756+0000][1][safepoint    ] Total time for which application threads were stopped: 0.0007544 seconds, Stopping threads took: 0.0003962 seconds
[2022-06-13T03:26:00.757+0000][1][safepoint    ] Application time: 0.0001881 seconds
[2022-06-13T03:26:00.757+0000][1][safepoint    ] Entering safepoint region: RevokeBias
[2022-06-13T03:26:00.757+0000][1][safepoint    ] Leaving safepoint region
[2022-06-13T03:26:00.757+0000][1][safepoint    ] Total time for which application threads were stopped: 0.0003363 seconds, Stopping threads took: 0.0001405 seconds
[2022-06-13T03:26:00.757+0000][1][safepoint    ] Application time: 0.0001413 seconds
[2022-06-13T03:26:00.758+0000][1][safepoint    ] Entering safepoint region: BulkRevokeBias
[2022-06-13T03:26:00.758+0000][1][safepoint    ] Leaving safepoint region
[2022-06-13T03:26:00.758+0000][1][safepoint    ] Total time for which application threads were stopped: 0.0009026 seconds, Stopping threads took: 0.0002286 seconds
[2022-06-13T03:26:00.759+0000][1][safepoint    ] Application time: 0.0006736 seconds
[2022-06-13T03:26:00.760+0000][1][safepoint    ] Entering safepoint region: RevokeBias
[2022-06-13T03:26:00.760+0000][1][safepoint    ] Leaving safepoint region
[2022-06-13T03:26:00.760+0000][1][safepoint    ] Total time for which application threads were stopped: 0.0004814 seconds, Stopping threads took: 0.0002948 seconds
[2022-06-13T03:26:00.816+0000][1][safepoint    ] Application time: 0.0557125 seconds
[2022-06-13T03:26:00.816+0000][1][safepoint    ] Entering safepoint region: Deoptimize
[2022-06-13T03:26:00.817+0000][1][safepoint    ] Leaving safepoint region
[2022-06-13T03:26:00.817+0000][1][safepoint    ] Total time for which application threads were stopped: 0.0014148 seconds, Stopping threads took: 0.0003759 seconds
[2022-06-13T03:26:01.321+0000][1][safepoint    ] Application time: 0.5031585 seconds
[2022-06-13T03:26:01.321+0000][1][safepoint    ] Entering safepoint region: RevokeBias
[2022-06-13T03:26:01.321+0000][1][safepoint    ] Leaving safepoint region
[2022-06-13T03:26:01.321+0000][1][safepoint    ] Total time for which application threads were stopped: 0.0003702 seconds, Stopping threads took: 0.0001516 seconds
[2022-06-13T03:26:01.333+0000][1][safepoint    ] Application time: 0.0118348 seconds
[2022-06-13T03:26:01.334+0000][1][safepoint    ] Entering safepoint region: RevokeBias
[2022-06-13T03:26:01.334+0000][1][safepoint    ] Leaving safepoint region
[2022-06-13T03:26:01.334+0000][1][safepoint    ] Total time for which application threads were stopped: 0.0004395 seconds, Stopping threads took: 0.0001766 seconds
[2022-06-13T03:26:01.334+0000][1][safepoint    ] Application time: 0.0002751 seconds
[2022-06-13T03:26:01.335+0000][1][safepoint    ] Entering safepoint region: RevokeBias
[2022-06-13T03:26:01.335+0000][1][safepoint    ] Leaving safepoint region
[2022-06-13T03:26:01.335+0000][1][safepoint    ] Total time for which application threads were stopped: 0.0003706 seconds, Stopping threads took: 0.0001641 seconds
[2022-06-13T03:26:01.335+0000][1][safepoint    ] Application time: 0.0000915 seconds
[2022-06-13T03:26:01.336+0000][1][safepoint    ] Entering safepoint region: RevokeBias
[2022-06-13T03:26:01.336+0000][1][safepoint    ] Leaving safepoint region
[2022-06-13T03:26:01.336+0000][1][safepoint    ] Total time for which application threads were stopped: 0.0006153 seconds, Stopping threads took: 0.0002932 seconds
[2022-06-13T03:26:01.337+0000][1][safepoint    ] Application time: 0.0001830 seconds
[2022-06-13T03:26:01.337+0000][1][safepoint    ] Entering safepoint region: RevokeBias
[2022-06-13T03:26:01.337+0000][1][safepoint    ] Leaving safepoint region
[2022-06-13T03:26:01.337+0000][1][safepoint    ] Total time for which application threads were stopped: 0.0003943 seconds, Stopping threads took: 0.0001955 seconds
[2022-06-13T03:26:01.339+0000][1][safepoint    ] Application time: 0.0011037 seconds
[2022-06-13T03:26:01.339+0000][1][safepoint    ] Entering safepoint region: RevokeBias
[2022-06-13T03:26:01.339+0000][1][safepoint    ] Leaving safepoint region
[2022-06-13T03:26:01.339+0000][1][safepoint    ] Total time for which application threads were stopped: 0.0002841 seconds, Stopping threads took: 0.0001646 seconds
[2022-06-13T03:26:01.339+0000][1][safepoint    ] Application time: 0.0003443 seconds
[2022-06-13T03:26:01.340+0000][1][safepoint    ] Entering safepoint region: RevokeBias
[2022-06-13T03:26:01.340+0000][1][safepoint    ] Leaving safepoint region
[2022-06-13T03:26:01.340+0000][1][safepoint    ] Total time for which application threads were stopped: 0.0001907 seconds, Stopping threads took: 0.0000841 seconds
[2022-06-13T03:26:01.343+0000][1][safepoint    ] Application time: 0.0034160 seconds
[2022-06-13T03:26:01.344+0000][1][safepoint    ] Entering safepoint region: BulkRevokeBias
[2022-06-13T03:26:01.344+0000][1][safepoint    ] Leaving safepoint region
[2022-06-13T03:26:01.344+0000][1][safepoint    ] Total time for which application threads were stopped: 0.0005466 seconds, Stopping threads took: 0.0000991 seconds
[2022-06-13T03:26:01.344+0000][1][safepoint    ] Application time: 0.0001638 seconds
[2022-06-13T03:26:01.344+0000][1][safepoint    ] Entering safepoint region: RevokeBias
[2022-06-13T03:26:01.345+0000][1][safepoint    ] Leaving safepoint region
[2022-06-13T03:26:01.345+0000][1][safepoint    ] Total time for which application threads were stopped: 0.0002119 seconds, Stopping threads took: 0.0000877 seconds
[2022-06-13T03:26:01.381+0000][1][safepoint    ] Application time: 0.0364872 seconds
[2022-06-13T03:26:01.382+0000][1][safepoint    ] Entering safepoint region: Deoptimize
[2022-06-13T03:26:01.383+0000][1][safepoint    ] Leaving safepoint region
[2022-06-13T03:26:01.383+0000][1][safepoint    ] Total time for which application threads were stopped: 0.0011110 seconds, Stopping threads took: 0.0002338 seconds
[2022-06-13T03:26:01.417+0000][1][safepoint    ] Application time: 0.0338024 seconds
[2022-06-13T03:26:01.417+0000][1][safepoint    ] Entering safepoint region: BulkRevokeBias
[2022-06-13T03:26:01.418+0000][1][safepoint    ] Leaving safepoint region
[2022-06-13T03:26:01.418+0000][1][safepoint    ] Total time for which application threads were stopped: 0.0008187 seconds, Stopping threads took: 0.0001966 seconds
[2022-06-13T03:26:01.424+0000][1][safepoint    ] Application time: 0.0056222 seconds
[2022-06-13T03:26:01.424+0000][1][safepoint    ] Entering safepoint region: RevokeBias
[2022-06-13T03:26:01.424+0000][1][safepoint    ] Leaving safepoint region
[2022-06-13T03:26:01.424+0000][1][safepoint    ] Total time for which application threads were stopped: 0.0004458 seconds, Stopping threads took: 0.0001803 seconds
[2022-06-13T03:26:01.425+0000][1][safepoint    ] Application time: 0.0003429 seconds
[2022-06-13T03:26:01.425+0000][1][safepoint    ] Entering safepoint region: RevokeBias
[2022-06-13T03:26:01.425+0000][1][safepoint    ] Leaving safepoint region
[2022-06-13T03:26:01.425+0000][1][safepoint    ] Total time for which application threads were stopped: 0.0003479 seconds, Stopping threads took: 0.0001623 seconds
[2022-06-13T03:26:01.433+0000][1][safepoint    ] Application time: 0.0075971 seconds
[2022-06-13T03:26:01.433+0000][1][safepoint    ] Entering safepoint region: RevokeBias
[2022-06-13T03:26:01.433+0000][1][safepoint    ] Leaving safepoint region
[2022-06-13T03:26:01.434+0000][1][safepoint    ] Total time for which application threads were stopped: 0.0004325 seconds, Stopping threads took: 0.0001348 seconds
[2022-06-13T03:26:01.439+0000][1][safepoint    ] Application time: 0.0055600 seconds
[2022-06-13T03:26:01.440+0000][1][safepoint    ] Entering safepoint region: RevokeBias
[2022-06-13T03:26:01.440+0000][1][safepoint    ] Leaving safepoint region
[2022-06-13T03:26:01.440+0000][1][safepoint    ] Total time for which application threads were stopped: 0.0006136 seconds, Stopping threads took: 0.0002153 seconds
[2022-06-13T03:26:01.454+0000][1][safepoint    ] Application time: 0.0135314 seconds
[2022-06-13T03:26:01.454+0000][1][safepoint    ] Entering safepoint region: RevokeBias
[2022-06-13T03:26:01.455+0000][1][safepoint    ] Leaving safepoint region
[2022-06-13T03:26:01.455+0000][1][safepoint    ] Total time for which application threads were stopped: 0.0010301 seconds, Stopping threads took: 0.0004775 seconds
[2022-06-13T03:26:01.466+0000][1][safepoint    ] Application time: 0.0096431 seconds
[2022-06-13T03:26:01.466+0000][1][safepoint    ] Entering safepoint region: RevokeBias
[2022-06-13T03:26:01.466+0000][1][safepoint    ] Leaving safepoint region
[2022-06-13T03:26:01.466+0000][1][safepoint    ] Total time for which application threads were stopped: 0.0005913 seconds, Stopping threads took: 0.0002932 seconds
[2022-06-13T03:26:01.468+0000][1][safepoint    ] Application time: 0.0008762 seconds
[2022-06-13T03:26:01.468+0000][1][safepoint    ] Entering safepoint region: RevokeBias
[2022-06-13T03:26:01.468+0000][1][safepoint    ] Leaving safepoint region
[2022-06-13T03:26:01.468+0000][1][safepoint    ] Total time for which application threads were stopped: 0.0006101 seconds, Stopping threads took: 0.0002660 seconds
[2022-06-13T03:26:01.470+0000][1][safepoint    ] Application time: 0.0015929 seconds
[2022-06-13T03:26:01.470+0000][1][safepoint    ] Entering safepoint region: RevokeBias
[2022-06-13T03:26:01.471+0000][1][safepoint    ] Leaving safepoint region
[2022-06-13T03:26:01.471+0000][1][safepoint    ] Total time for which application threads were stopped: 0.0006702 seconds, Stopping threads took: 0.0002185 seconds
[2022-06-13T03:26:01.473+0000][1][safepoint    ] Application time: 0.0022094 seconds
[2022-06-13T03:26:01.474+0000][1][safepoint    ] Entering safepoint region: RevokeBias
[2022-06-13T03:26:01.474+0000][1][safepoint    ] Leaving safepoint region
[2022-06-13T03:26:01.474+0000][1][safepoint    ] Total time for which application threads were stopped: 0.0006827 seconds, Stopping threads took: 0.0003246 seconds
[2022-06-13T03:26:02.475+0000][1][safepoint    ] Application time: 1.0001129 seconds
[2022-06-13T03:26:02.475+0000][1][safepoint    ] Entering safepoint region: Cleanup
[2022-06-13T03:26:02.475+0000][1][safepoint    ] Leaving safepoint region
[2022-06-13T03:26:02.476+0000][1][safepoint    ] Total time for which application threads were stopped: 0.0005664 seconds, Stopping threads took: 0.0002840 seconds
[2022-06-13T03:26:03.476+0000][1][safepoint    ] Application time: 1.0001682 seconds
[2022-06-13T03:26:03.477+0000][1][safepoint    ] Entering safepoint region: Cleanup
[2022-06-13T03:26:03.477+0000][1][safepoint    ] Leaving safepoint region
[2022-06-13T03:26:03.477+0000][1][safepoint    ] Total time for which application threads were stopped: 0.0009101 seconds, Stopping threads took: 0.0004577 seconds
[2022-06-13T03:26:04.478+0000][1][safepoint    ] Application time: 1.0001713 seconds
[2022-06-13T03:26:04.478+0000][1][safepoint    ] Entering safepoint region: Cleanup
[2022-06-13T03:26:04.478+0000][1][safepoint    ] Leaving safepoint region
[2022-06-13T03:26:04.479+0000][1][safepoint    ] Total time for which application threads were stopped: 0.0003149 seconds, Stopping threads took: 0.0001354 seconds
[2022-06-13T03:26:05.479+0000][1][safepoint    ] Application time: 1.0002258 seconds
[2022-06-13T03:26:05.479+0000][1][safepoint    ] Entering safepoint region: Cleanup
[2022-06-13T03:26:05.480+0000][1][safepoint    ] Leaving safepoint region
[2022-06-13T03:26:05.480+0000][1][safepoint    ] Total time for which application threads were stopped: 0.0007366 seconds, Stopping threads took: 0.0003404 seconds
[2022-06-13T03:26:07.481+0000][1][safepoint    ] Application time: 2.0004961 seconds
[2022-06-13T03:26:07.482+0000][1][safepoint    ] Entering safepoint region: Cleanup
[2022-06-13T03:26:07.482+0000][1][safepoint    ] Leaving safepoint region
[2022-06-13T03:26:07.483+0000][1][safepoint    ] Total time for which application threads were stopped: 0.0011512 seconds, Stopping threads took: 0.0004529 seconds
[2022-06-13T03:26:10.484+0000][1][safepoint    ] Application time: 3.0007475 seconds
[2022-06-13T03:26:10.484+0000][1][safepoint    ] Entering safepoint region: Cleanup
[2022-06-13T03:26:10.485+0000][1][safepoint    ] Leaving safepoint region
[2022-06-13T03:26:10.485+0000][1][safepoint    ] Total time for which application threads were stopped: 0.0006106 seconds, Stopping threads took: 0.0002571 seconds
[2022-06-13T03:26:11.485+0000][1][safepoint    ] Application time: 1.0001129 seconds
[2022-06-13T03:26:11.486+0000][1][safepoint    ] Entering safepoint region: Cleanup
[2022-06-13T03:26:11.486+0000][1][safepoint    ] Leaving safepoint region
[2022-06-13T03:26:11.486+0000][1][safepoint    ] Total time for which application threads were stopped: 0.0008240 seconds, Stopping threads took: 0.0003939 seconds
[2022-06-13T03:26:12.487+0000][1][safepoint    ] Application time: 1.0001323 seconds
[2022-06-13T03:26:12.487+0000][1][safepoint    ] Entering safepoint region: Cleanup
[2022-06-13T03:26:12.487+0000][1][safepoint    ] Leaving safepoint region
[2022-06-13T03:26:12.488+0000][1][safepoint    ] Total time for which application threads were stopped: 0.0003657 seconds, Stopping threads took: 0.0001477 seconds
[2022-06-13T03:26:13.488+0000][1][safepoint    ] Application time: 1.0001833 seconds
[2022-06-13T03:26:13.488+0000][1][safepoint    ] Entering safepoint region: Cleanup
[2022-06-13T03:26:13.489+0000][1][safepoint    ] Leaving safepoint region
[2022-06-13T03:26:13.489+0000][1][safepoint    ] Total time for which application threads were stopped: 0.0008425 seconds, Stopping threads took: 0.0004184 seconds
[2022-06-13T03:26:14.490+0000][1][safepoint    ] Application time: 1.0002391 seconds
[2022-06-13T03:26:14.490+0000][1][safepoint    ] Entering safepoint region: Cleanup
[2022-06-13T03:26:14.491+0000][1][safepoint    ] Leaving safepoint region
[2022-06-13T03:26:14.491+0000][1][safepoint    ] Total time for which application threads were stopped: 0.0008344 seconds, Stopping threads took: 0.0003668 seconds
[2022-06-13T03:26:15.491+0000][1][safepoint    ] Application time: 1.0001639 seconds
[2022-06-13T03:26:15.492+0000][1][safepoint    ] Entering safepoint region: Cleanup
[2022-06-13T03:26:15.493+0000][1][safepoint    ] Leaving safepoint region
[2022-06-13T03:26:15.493+0000][1][safepoint    ] Total time for which application threads were stopped: 0.0012802 seconds, Stopping threads took: 0.0005817 seconds
[2022-06-13T03:26:16.855+0000][1][safepoint    ] Application time: 1.3614421 seconds
[2022-06-13T03:26:16.856+0000][1][safepoint    ] Entering safepoint region: GenCollectForAllocation
[2022-06-13T03:26:16.856+0000][1][gc,start     ] GC(23) Pause Young (Allocation Failure)
[2022-06-13T03:26:16.856+0000][1][gc,task      ] GC(23) Using 5 workers of 13 for evacuation
[2022-06-13T03:26:16.863+0000][1][gc,age       ] GC(23) Desired survivor size 4456448 bytes, new threshold 6 (max threshold 6)
[2022-06-13T03:26:16.864+0000][1][gc,age       ] GC(23) Age table with threshold 6 (max threshold 6)
[2022-06-13T03:26:16.864+0000][1][gc,age       ] GC(23) - age   1:    1414992 bytes,    1414992 total
[2022-06-13T03:26:16.864+0000][1][gc,age       ] GC(23) - age   2:    1080576 bytes,    2495568 total
[2022-06-13T03:26:16.864+0000][1][gc,heap      ] GC(23) ParNew: 76291K->5093K(78656K)
[2022-06-13T03:26:16.865+0000][1][gc,heap      ] GC(23) CMS: 63701K->67724K(174784K)
[2022-06-13T03:26:16.865+0000][1][gc,metaspace ] GC(23) Metaspace: 68199K->68199K(1112064K)
[2022-06-13T03:26:16.866+0000][1][gc           ] GC(23) Pause Young (Allocation Failure) 136M->71M(247M) 9.219ms
[2022-06-13T03:26:16.866+0000][1][gc,cpu       ] GC(23) User=0.03s Sys=0.00s Real=0.01s
[2022-06-13T03:26:16.866+0000][1][safepoint    ] Leaving safepoint region
[2022-06-13T03:26:16.867+0000][1][safepoint    ] Total time for which application threads were stopped: 0.0109600 seconds, Stopping threads took: 0.0002665 seconds
[2022-06-13T03:26:17.868+0000][1][safepoint    ] Application time: 1.0002729 seconds
[2022-06-13T03:26:17.868+0000][1][safepoint    ] Entering safepoint region: Cleanup
[2022-06-13T03:26:17.868+0000][1][safepoint    ] Leaving safepoint region
[2022-06-13T03:26:17.868+0000][1][safepoint    ] Total time for which application threads were stopped: 0.0005022 seconds, Stopping threads took: 0.0002170 seconds
[2022-06-13T03:26:18.869+0000][1][safepoint    ] Application time: 1.0002286 seconds
[2022-06-13T03:26:18.869+0000][1][safepoint    ] Entering safepoint region: Cleanup
[2022-06-13T03:26:18.870+0000][1][safepoint    ] Leaving safepoint region
[2022-06-13T03:26:18.870+0000][1][safepoint    ] Total time for which application threads were stopped: 0.0010969 seconds, Stopping threads took: 0.0005860 seconds
[2022-06-13T03:26:19.871+0000][1][safepoint    ] Application time: 1.0001887 seconds
[2022-06-13T03:26:19.871+0000][1][safepoint    ] Entering safepoint region: Cleanup
[2022-06-13T03:26:19.871+0000][1][safepoint    ] Leaving safepoint region
[2022-06-13T03:26:19.872+0000][1][safepoint    ] Total time for which application threads were stopped: 0.0006153 seconds, Stopping threads took: 0.0002833 seconds
[2022-06-13T03:26:20.872+0000][1][safepoint    ] Application time: 1.0001886 seconds
[2022-06-13T03:26:20.872+0000][1][safepoint    ] Entering safepoint region: Cleanup
[2022-06-13T03:26:20.873+0000][1][safepoint    ] Leaving safepoint region
[2022-06-13T03:26:20.873+0000][1][safepoint    ] Total time for which application threads were stopped: 0.0008094 seconds, Stopping threads took: 0.0004732 seconds
[2022-06-13T03:26:21.874+0000][1][safepoint    ] Application time: 1.0001900 seconds
[2022-06-13T03:26:21.874+0000][1][safepoint    ] Entering safepoint region: Cleanup
[2022-06-13T03:26:21.875+0000][1][safepoint    ] Leaving safepoint region
[2022-06-13T03:26:21.875+0000][1][safepoint    ] Total time for which application threads were stopped: 0.0012193 seconds, Stopping threads took: 0.0006361 seconds
[2022-06-13T03:26:22.876+0000][1][safepoint    ] Application time: 1.0002989 seconds
[2022-06-13T03:26:22.877+0000][1][safepoint    ] Entering safepoint region: Cleanup
[2022-06-13T03:26:22.877+0000][1][safepoint    ] Leaving safepoint region
[2022-06-13T03:26:22.878+0000][1][safepoint    ] Total time for which application threads were stopped: 0.0008968 seconds, Stopping threads took: 0.0004055 seconds
[2022-06-13T03:26:23.878+0000][1][safepoint    ] Application time: 1.0001561 seconds
[2022-06-13T03:26:23.879+0000][1][safepoint    ] Entering safepoint region: Cleanup
[2022-06-13T03:26:23.879+0000][1][safepoint    ] Leaving safepoint region
[2022-06-13T03:26:23.880+0000][1][safepoint    ] Total time for which application threads were stopped: 0.0011012 seconds, Stopping threads took: 0.0003622 seconds
[2022-06-13T03:26:24.880+0000][1][safepoint    ] Application time: 1.0002797 seconds
[2022-06-13T03:26:24.881+0000][1][safepoint    ] Entering safepoint region: Cleanup
[2022-06-13T03:26:24.881+0000][1][safepoint    ] Leaving safepoint region
[2022-06-13T03:26:24.881+0000][1][safepoint    ] Total time for which application threads were stopped: 0.0005480 seconds, Stopping threads took: 0.0002925 seconds
[2022-06-13T03:26:25.881+0000][1][safepoint    ] Application time: 1.0001398 seconds
[2022-06-13T03:26:25.882+0000][1][safepoint    ] Entering safepoint region: Cleanup
[2022-06-13T03:26:25.882+0000][1][safepoint    ] Leaving safepoint region
[2022-06-13T03:26:25.883+0000][1][safepoint    ] Total time for which application threads were stopped: 0.0008504 seconds, Stopping threads took: 0.0004652 seconds
[2022-06-13T03:26:26.883+0000][1][safepoint    ] Application time: 1.0001820 seconds
[2022-06-13T03:26:26.884+0000][1][safepoint    ] Entering safepoint region: Cleanup
[2022-06-13T03:26:26.884+0000][1][safepoint    ] Leaving safepoint region
[2022-06-13T03:26:26.884+0000][1][safepoint    ] Total time for which application threads were stopped: 0.0006095 seconds, Stopping threads took: 0.0002723 seconds
[2022-06-13T03:26:27.885+0000][1][safepoint    ] Application time: 1.0002954 seconds
[2022-06-13T03:26:27.885+0000][1][safepoint    ] Entering safepoint region: Cleanup
[2022-06-13T03:26:27.885+0000][1][safepoint    ] Leaving safepoint region
[2022-06-13T03:26:27.886+0000][1][safepoint    ] Total time for which application threads were stopped: 0.0006347 seconds, Stopping threads took: 0.0003096 seconds
[2022-06-13T03:26:28.886+0000][1][safepoint    ] Application time: 1.0002532 seconds
[2022-06-13T03:26:28.886+0000][1][safepoint    ] Entering safepoint region: Cleanup
[2022-06-13T03:26:28.887+0000][1][safepoint    ] Leaving safepoint region
[2022-06-13T03:26:28.887+0000][1][safepoint    ] Total time for which application threads were stopped: 0.0004942 seconds, Stopping threads took: 0.0002173 seconds
[2022-06-13T03:26:29.887+0000][1][safepoint    ] Application time: 1.0001966 seconds
[2022-06-13T03:26:29.888+0000][1][safepoint    ] Entering safepoint region: Cleanup
[2022-06-13T03:26:29.888+0000][1][safepoint    ] Leaving safepoint region
[2022-06-13T03:26:29.888+0000][1][safepoint    ] Total time for which application threads were stopped: 0.0005807 seconds, Stopping threads took: 0.0002681 seconds
[2022-06-13T03:26:30.888+0000][1][safepoint    ] Application time: 1.0001397 seconds
[2022-06-13T03:26:30.889+0000][1][safepoint    ] Entering safepoint region: Cleanup
[2022-06-13T03:26:30.889+0000][1][safepoint    ] Leaving safepoint region
[2022-06-13T03:26:30.890+0000][1][safepoint    ] Total time for which application threads were stopped: 0.0008358 seconds, Stopping threads took: 0.0003324 seconds
[2022-06-13T03:26:31.890+0000][1][safepoint    ] Application time: 1.0001995 seconds
[2022-06-13T03:26:31.890+0000][1][safepoint    ] Entering safepoint region: Cleanup
[2022-06-13T03:26:31.891+0000][1][safepoint    ] Leaving safepoint region
[2022-06-13T03:26:31.891+0000][1][safepoint    ] Total time for which application threads were stopped: 0.0005324 seconds, Stopping threads took: 0.0002292 seconds
[2022-06-13T03:26:32.891+0000][1][safepoint    ] Application time: 1.0001825 seconds
[2022-06-13T03:26:32.892+0000][1][safepoint    ] Entering safepoint region: Cleanup
[2022-06-13T03:26:32.892+0000][1][safepoint    ] Leaving safepoint region
[2022-06-13T03:26:32.892+0000][1][safepoint    ] Total time for which application threads were stopped: 0.0008267 seconds, Stopping threads took: 0.0003460 seconds
[2022-06-13T03:26:33.893+0000][1][safepoint    ] Application time: 1.0001198 seconds
[2022-06-13T03:26:33.893+0000][1][safepoint    ] Entering safepoint region: Cleanup
[2022-06-13T03:26:33.893+0000][1][safepoint    ] Leaving safepoint region
[2022-06-13T03:26:33.894+0000][1][safepoint    ] Total time for which application threads were stopped: 0.0005220 seconds, Stopping threads took: 0.0002732 seconds
[2022-06-13T03:26:34.894+0000][1][safepoint    ] Application time: 1.0001586 seconds
[2022-06-13T03:26:34.895+0000][1][safepoint    ] Entering safepoint region: Cleanup
[2022-06-13T03:26:34.895+0000][1][safepoint    ] Leaving safepoint region
[2022-06-13T03:26:34.895+0000][1][safepoint    ] Total time for which application threads were stopped: 0.0005431 seconds, Stopping threads took: 0.0002163 seconds
[2022-06-13T03:26:35.895+0000][1][safepoint    ] Application time: 1.0001336 seconds
[2022-06-13T03:26:35.896+0000][1][safepoint    ] Entering safepoint region: Cleanup
[2022-06-13T03:26:35.896+0000][1][safepoint    ] Leaving safepoint region
[2022-06-13T03:26:35.896+0000][1][safepoint    ] Total time for which application threads were stopped: 0.0006082 seconds, Stopping threads took: 0.0003012 seconds
[2022-06-13T03:26:36.897+0000][1][safepoint    ] Application time: 1.0001116 seconds
[2022-06-13T03:26:36.897+0000][1][safepoint    ] Entering safepoint region: Cleanup
[2022-06-13T03:26:36.898+0000][1][safepoint    ] Leaving safepoint region
[2022-06-13T03:26:36.898+0000][1][safepoint    ] Total time for which application threads were stopped: 0.0007335 seconds, Stopping threads took: 0.0003732 seconds
[2022-06-13T03:26:37.898+0000][1][safepoint    ] Application time: 1.0001387 seconds
[2022-06-13T03:26:37.899+0000][1][safepoint    ] Entering safepoint region: Cleanup
[2022-06-13T03:26:37.899+0000][1][safepoint    ] Leaving safepoint region
[2022-06-13T03:26:37.899+0000][1][safepoint    ] Total time for which application threads were stopped: 0.0007135 seconds, Stopping threads took: 0.0002953 seconds
[2022-06-13T03:26:38.900+0000][1][safepoint    ] Application time: 1.0001359 seconds
[2022-06-13T03:26:38.900+0000][1][safepoint    ] Entering safepoint region: Cleanup
[2022-06-13T03:26:38.900+0000][1][safepoint    ] Leaving safepoint region
[2022-06-13T03:26:38.900+0000][1][safepoint    ] Total time for which application threads were stopped: 0.0006006 seconds, Stopping threads took: 0.0003198 seconds
[2022-06-13T03:26:39.901+0000][1][safepoint    ] Application time: 1.0002101 seconds
[2022-06-13T03:26:39.902+0000][1][safepoint    ] Entering safepoint region: Cleanup
[2022-06-13T03:26:39.902+0000][1][safepoint    ] Leaving safepoint region
[2022-06-13T03:26:39.902+0000][1][safepoint    ] Total time for which application threads were stopped: 0.0006601 seconds, Stopping threads took: 0.0003539 seconds
[2022-06-13T03:26:40.903+0000][1][safepoint    ] Application time: 1.0002013 seconds
[2022-06-13T03:26:40.903+0000][1][safepoint    ] Entering safepoint region: Cleanup
[2022-06-13T03:26:40.904+0000][1][safepoint    ] Leaving safepoint region
[2022-06-13T03:26:40.904+0000][1][safepoint    ] Total time for which application threads were stopped: 0.0010628 seconds, Stopping threads took: 0.0003834 seconds
[2022-06-13T03:26:41.905+0000][1][safepoint    ] Application time: 1.0002832 seconds
[2022-06-13T03:26:41.905+0000][1][safepoint    ] Entering safepoint region: Cleanup
[2022-06-13T03:26:41.906+0000][1][safepoint    ] Leaving safepoint region
[2022-06-13T03:26:41.906+0000][1][safepoint    ] Total time for which application threads were stopped: 0.0009481 seconds, Stopping threads took: 0.0003821 seconds
[2022-06-13T03:26:42.907+0000][1][safepoint    ] Application time: 1.0001503 seconds
[2022-06-13T03:26:42.907+0000][1][safepoint    ] Entering safepoint region: Cleanup
[2022-06-13T03:26:42.908+0000][1][safepoint    ] Leaving safepoint region
[2022-06-13T03:26:42.908+0000][1][safepoint    ] Total time for which application threads were stopped: 0.0003887 seconds, Stopping threads took: 0.0001848 seconds
[2022-06-13T03:26:43.908+0000][1][safepoint    ] Application time: 1.0002641 seconds
[2022-06-13T03:26:43.908+0000][1][safepoint    ] Entering safepoint region: Cleanup
[2022-06-13T03:26:43.909+0000][1][safepoint    ] Leaving safepoint region
[2022-06-13T03:26:43.909+0000][1][safepoint    ] Total time for which application threads were stopped: 0.0010012 seconds, Stopping threads took: 0.0004564 seconds
[2022-06-13T03:26:44.910+0000][1][safepoint    ] Application time: 1.0001579 seconds
[2022-06-13T03:26:44.910+0000][1][safepoint    ] Entering safepoint region: Cleanup
[2022-06-13T03:26:44.911+0000][1][safepoint    ] Leaving safepoint region
[2022-06-13T03:26:44.911+0000][1][safepoint    ] Total time for which application threads were stopped: 0.0006054 seconds, Stopping threads took: 0.0001842 seconds
[2022-06-13T03:26:45.911+0000][1][safepoint    ] Application time: 1.0001648 seconds
[2022-06-13T03:26:45.912+0000][1][safepoint    ] Entering safepoint region: Cleanup
[2022-06-13T03:26:45.912+0000][1][safepoint    ] Leaving safepoint region
[2022-06-13T03:26:45.913+0000][1][safepoint    ] Total time for which application threads were stopped: 0.0008074 seconds, Stopping threads took: 0.0004015 seconds
[2022-06-13T03:26:46.913+0000][1][safepoint    ] Application time: 1.0002692 seconds
[2022-06-13T03:26:46.914+0000][1][safepoint    ] Entering safepoint region: Cleanup
[2022-06-13T03:26:46.914+0000][1][safepoint    ] Leaving safepoint region
[2022-06-13T03:26:46.914+0000][1][safepoint    ] Total time for which application threads were stopped: 0.0007490 seconds, Stopping threads took: 0.0003877 seconds
[2022-06-13T03:26:47.915+0000][1][safepoint    ] Application time: 1.0001449 seconds
[2022-06-13T03:26:47.915+0000][1][safepoint    ] Entering safepoint region: Cleanup
[2022-06-13T03:26:47.916+0000][1][safepoint    ] Leaving safepoint region
[2022-06-13T03:26:47.916+0000][1][safepoint    ] Total time for which application threads were stopped: 0.0004386 seconds, Stopping threads took: 0.0002008 seconds
[2022-06-13T03:26:48.916+0000][1][safepoint    ] Application time: 1.0002611 seconds
[2022-06-13T03:26:48.917+0000][1][safepoint    ] Entering safepoint region: Cleanup
[2022-06-13T03:26:48.917+0000][1][safepoint    ] Leaving safepoint region
[2022-06-13T03:26:48.917+0000][1][safepoint    ] Total time for which application threads were stopped: 0.0004910 seconds, Stopping threads took: 0.0002059 seconds
[2022-06-13T03:26:49.918+0000][1][safepoint    ] Application time: 1.0001771 seconds
[2022-06-13T03:26:49.918+0000][1][safepoint    ] Entering safepoint region: Cleanup
[2022-06-13T03:26:49.918+0000][1][safepoint    ] Leaving safepoint region
[2022-06-13T03:26:49.919+0000][1][safepoint    ] Total time for which application threads were stopped: 0.0006131 seconds, Stopping threads took: 0.0002885 seconds
[2022-06-13T03:26:50.919+0000][1][safepoint    ] Application time: 1.0001125 seconds
[2022-06-13T03:26:50.919+0000][1][safepoint    ] Entering safepoint region: Cleanup
[2022-06-13T03:26:50.920+0000][1][safepoint    ] Leaving safepoint region
[2022-06-13T03:26:50.920+0000][1][safepoint    ] Total time for which application threads were stopped: 0.0007919 seconds, Stopping threads took: 0.0003811 seconds
[2022-06-13T03:26:51.921+0000][1][safepoint    ] Application time: 1.0002151 seconds
[2022-06-13T03:26:51.921+0000][1][safepoint    ] Entering safepoint region: Cleanup
[2022-06-13T03:26:51.921+0000][1][safepoint    ] Leaving safepoint region
[2022-06-13T03:26:51.922+0000][1][safepoint    ] Total time for which application threads were stopped: 0.0006916 seconds, Stopping threads took: 0.0002943 seconds
[2022-06-13T03:26:52.922+0000][1][safepoint    ] Application time: 1.0001084 seconds
[2022-06-13T03:26:52.923+0000][1][safepoint    ] Entering safepoint region: Cleanup
[2022-06-13T03:26:52.923+0000][1][safepoint    ] Leaving safepoint region
[2022-06-13T03:26:52.923+0000][1][safepoint    ] Total time for which application threads were stopped: 0.0006167 seconds, Stopping threads took: 0.0003679 seconds
[2022-06-13T03:26:53.923+0000][1][safepoint    ] Application time: 1.0001167 seconds
[2022-06-13T03:26:53.924+0000][1][safepoint    ] Entering safepoint region: Cleanup
[2022-06-13T03:26:53.924+0000][1][safepoint    ] Leaving safepoint region
[2022-06-13T03:26:53.925+0000][1][safepoint    ] Total time for which application threads were stopped: 0.0007312 seconds, Stopping threads took: 0.0004415 seconds
[2022-06-13T03:26:54.925+0000][1][safepoint    ] Application time: 1.0003238 seconds
[2022-06-13T03:26:54.926+0000][1][safepoint    ] Entering safepoint region: Cleanup
[2022-06-13T03:26:54.927+0000][1][safepoint    ] Leaving safepoint region
[2022-06-13T03:26:54.927+0000][1][safepoint    ] Total time for which application threads were stopped: 0.0013448 seconds, Stopping threads took: 0.0005302 seconds
[2022-06-13T03:26:55.928+0000][1][safepoint    ] Application time: 1.0001443 seconds
[2022-06-13T03:26:55.929+0000][1][safepoint    ] Entering safepoint region: Cleanup
[2022-06-13T03:26:55.930+0000][1][safepoint    ] Leaving safepoint region
[2022-06-13T03:26:55.930+0000][1][safepoint    ] Total time for which application threads were stopped: 0.0015327 seconds, Stopping threads took: 0.0007193 seconds
[2022-06-13T03:26:56.931+0000][1][safepoint    ] Application time: 1.0003712 seconds
[2022-06-13T03:26:56.932+0000][1][safepoint    ] Entering safepoint region: Cleanup
[2022-06-13T03:26:56.933+0000][1][safepoint    ] Leaving safepoint region
[2022-06-13T03:26:56.933+0000][1][safepoint    ] Total time for which application threads were stopped: 0.0015465 seconds, Stopping threads took: 0.0006023 seconds
[2022-06-13T03:26:57.934+0000][1][safepoint    ] Application time: 1.0002296 seconds
[2022-06-13T03:26:57.935+0000][1][safepoint    ] Entering safepoint region: Cleanup
[2022-06-13T03:26:57.935+0000][1][safepoint    ] Leaving safepoint region
[2022-06-13T03:26:57.935+0000][1][safepoint    ] Total time for which application threads were stopped: 0.0006305 seconds, Stopping threads took: 0.0003395 seconds
[2022-06-13T03:26:58.936+0000][1][safepoint    ] Application time: 1.0001554 seconds
[2022-06-13T03:26:58.936+0000][1][safepoint    ] Entering safepoint region: Cleanup
[2022-06-13T03:26:58.937+0000][1][safepoint    ] Leaving safepoint region
[2022-06-13T03:26:58.937+0000][1][safepoint    ] Total time for which application threads were stopped: 0.0012562 seconds, Stopping threads took: 0.0007208 seconds
[2022-06-13T03:26:59.938+0000][1][safepoint    ] Application time: 1.0002451 seconds
[2022-06-13T03:26:59.939+0000][1][safepoint    ] Entering safepoint region: Cleanup
[2022-06-13T03:26:59.939+0000][1][safepoint    ] Leaving safepoint region
[2022-06-13T03:26:59.939+0000][1][safepoint    ] Total time for which application threads were stopped: 0.0006091 seconds, Stopping threads took: 0.0002223 seconds
[2022-06-13T03:27:00.940+0000][1][safepoint    ] Application time: 1.0002112 seconds
[2022-06-13T03:27:00.940+0000][1][safepoint    ] Entering safepoint region: Cleanup
[2022-06-13T03:27:00.941+0000][1][safepoint    ] Leaving safepoint region
[2022-06-13T03:27:00.941+0000][1][safepoint    ] Total time for which application threads were stopped: 0.0007460 seconds, Stopping threads took: 0.0004110 seconds
[2022-06-13T03:27:01.941+0000][1][safepoint    ] Application time: 1.0001813 seconds
[2022-06-13T03:27:01.942+0000][1][safepoint    ] Entering safepoint region: Cleanup
[2022-06-13T03:27:01.942+0000][1][safepoint    ] Leaving safepoint region
[2022-06-13T03:27:01.942+0000][1][safepoint    ] Total time for which application threads were stopped: 0.0006686 seconds, Stopping threads took: 0.0003089 seconds
[2022-06-13T03:27:02.943+0000][1][safepoint    ] Application time: 1.0001533 seconds
[2022-06-13T03:27:02.943+0000][1][safepoint    ] Entering safepoint region: Cleanup
[2022-06-13T03:27:02.944+0000][1][safepoint    ] Leaving safepoint region
[2022-06-13T03:27:02.944+0000][1][safepoint    ] Total time for which application threads were stopped: 0.0008054 seconds, Stopping threads took: 0.0003710 seconds
[2022-06-13T03:27:03.945+0000][1][safepoint    ] Application time: 1.0002883 seconds
[2022-06-13T03:27:03.945+0000][1][safepoint    ] Entering safepoint region: Cleanup
[2022-06-13T03:27:03.946+0000][1][safepoint    ] Leaving safepoint region
[2022-06-13T03:27:03.946+0000][1][safepoint    ] Total time for which application threads were stopped: 0.0008514 seconds, Stopping threads took: 0.0004462 seconds
[2022-06-13T03:27:04.947+0000][1][safepoint    ] Application time: 1.0001103 seconds
[2022-06-13T03:27:04.947+0000][1][safepoint    ] Entering safepoint region: Cleanup
[2022-06-13T03:27:04.948+0000][1][safepoint    ] Leaving safepoint region
[2022-06-13T03:27:04.948+0000][1][safepoint    ] Total time for which application threads were stopped: 0.0006670 seconds, Stopping threads took: 0.0003039 seconds
[2022-06-13T03:27:05.948+0000][1][safepoint    ] Application time: 1.0002469 seconds
[2022-06-13T03:27:05.949+0000][1][safepoint    ] Entering safepoint region: Cleanup
[2022-06-13T03:27:05.949+0000][1][safepoint    ] Leaving safepoint region
[2022-06-13T03:27:05.950+0000][1][safepoint    ] Total time for which application threads were stopped: 0.0009938 seconds, Stopping threads took: 0.0003968 seconds
[2022-06-13T03:27:06.950+0000][1][safepoint    ] Application time: 1.0002007 seconds
[2022-06-13T03:27:06.951+0000][1][safepoint    ] Entering safepoint region: Cleanup
[2022-06-13T03:27:06.951+0000][1][safepoint    ] Leaving safepoint region
[2022-06-13T03:27:06.951+0000][1][safepoint    ] Total time for which application threads were stopped: 0.0007910 seconds, Stopping threads took: 0.0003712 seconds
[2022-06-13T03:27:07.952+0000][1][safepoint    ] Application time: 1.0003073 seconds
[2022-06-13T03:27:07.953+0000][1][safepoint    ] Entering safepoint region: Cleanup
[2022-06-13T03:27:07.953+0000][1][safepoint    ] Leaving safepoint region
[2022-06-13T03:27:07.954+0000][1][safepoint    ] Total time for which application threads were stopped: 0.0012350 seconds, Stopping threads took: 0.0005843 seconds
[2022-06-13T03:27:08.955+0000][1][safepoint    ] Application time: 1.0002240 seconds
[2022-06-13T03:27:08.956+0000][1][safepoint    ] Entering safepoint region: Cleanup
[2022-06-13T03:27:08.957+0000][1][safepoint    ] Leaving safepoint region
[2022-06-13T03:27:08.957+0000][1][safepoint    ] Total time for which application threads were stopped: 0.0015135 seconds, Stopping threads took: 0.0007408 seconds
[2022-06-13T03:27:09.958+0000][1][safepoint    ] Application time: 1.0002277 seconds
[2022-06-13T03:27:09.959+0000][1][safepoint    ] Entering safepoint region: Cleanup
[2022-06-13T03:27:09.959+0000][1][safepoint    ] Leaving safepoint region
[2022-06-13T03:27:09.959+0000][1][safepoint    ] Total time for which application threads were stopped: 0.0006377 seconds, Stopping threads took: 0.0002602 seconds
[2022-06-13T03:27:10.960+0000][1][safepoint    ] Application time: 1.0001911 seconds
[2022-06-13T03:27:10.960+0000][1][safepoint    ] Entering safepoint region: Cleanup
[2022-06-13T03:27:10.960+0000][1][safepoint    ] Leaving safepoint region
[2022-06-13T03:27:10.961+0000][1][safepoint    ] Total time for which application threads were stopped: 0.0006608 seconds, Stopping threads took: 0.0003637 seconds
[2022-06-13T03:27:11.961+0000][1][safepoint    ] Application time: 1.0001349 seconds
[2022-06-13T03:27:11.961+0000][1][safepoint    ] Entering safepoint region: Cleanup
[2022-06-13T03:27:11.962+0000][1][safepoint    ] Leaving safepoint region
[2022-06-13T03:27:11.962+0000][1][safepoint    ] Total time for which application threads were stopped: 0.0007585 seconds, Stopping threads took: 0.0003229 seconds
[2022-06-13T03:27:12.963+0000][1][safepoint    ] Application time: 1.0002779 seconds
[2022-06-13T03:27:12.963+0000][1][safepoint    ] Entering safepoint region: Cleanup
[2022-06-13T03:27:12.963+0000][1][safepoint    ] Leaving safepoint region
[2022-06-13T03:27:12.964+0000][1][safepoint    ] Total time for which application threads were stopped: 0.0005287 seconds, Stopping threads took: 0.0002628 seconds
[2022-06-13T03:27:13.964+0000][1][safepoint    ] Application time: 1.0001648 seconds
[2022-06-13T03:27:13.964+0000][1][safepoint    ] Entering safepoint region: Cleanup
[2022-06-13T03:27:13.964+0000][1][safepoint    ] Leaving safepoint region
[2022-06-13T03:27:13.965+0000][1][safepoint    ] Total time for which application threads were stopped: 0.0004276 seconds, Stopping threads took: 0.0001629 seconds
[2022-06-13T03:27:14.965+0000][1][safepoint    ] Application time: 1.0001533 seconds
[2022-06-13T03:27:14.965+0000][1][safepoint    ] Entering safepoint region: Cleanup
[2022-06-13T03:27:14.966+0000][1][safepoint    ] Leaving safepoint region
[2022-06-13T03:27:14.967+0000][1][safepoint    ] Total time for which application threads were stopped: 0.0012435 seconds, Stopping threads took: 0.0005335 seconds
[2022-06-13T03:27:15.967+0000][1][safepoint    ] Application time: 1.0002178 seconds
[2022-06-13T03:27:15.968+0000][1][safepoint    ] Entering safepoint region: Cleanup
[2022-06-13T03:27:15.968+0000][1][safepoint    ] Leaving safepoint region
[2022-06-13T03:27:15.968+0000][1][safepoint    ] Total time for which application threads were stopped: 0.0005773 seconds, Stopping threads took: 0.0002627 seconds
[2022-06-13T03:27:16.969+0000][1][safepoint    ] Application time: 1.0001801 seconds
[2022-06-13T03:27:16.969+0000][1][safepoint    ] Entering safepoint region: Cleanup
[2022-06-13T03:27:16.969+0000][1][safepoint    ] Leaving safepoint region
[2022-06-13T03:27:16.969+0000][1][safepoint    ] Total time for which application threads were stopped: 0.0004718 seconds, Stopping threads took: 0.0001431 seconds
[2022-06-13T03:27:17.970+0000][1][safepoint    ] Application time: 1.0001879 seconds
[2022-06-13T03:27:17.971+0000][1][safepoint    ] Entering safepoint region: Cleanup
[2022-06-13T03:27:17.971+0000][1][safepoint    ] Leaving safepoint region
[2022-06-13T03:27:17.971+0000][1][safepoint    ] Total time for which application threads were stopped: 0.0007447 seconds, Stopping threads took: 0.0002947 seconds
[2022-06-13T03:27:18.972+0000][1][safepoint    ] Application time: 1.0003626 seconds
[2022-06-13T03:27:18.973+0000][1][safepoint    ] Entering safepoint region: Cleanup
[2022-06-13T03:27:18.973+0000][1][safepoint    ] Leaving safepoint region
[2022-06-13T03:27:18.973+0000][1][safepoint    ] Total time for which application threads were stopped: 0.0008271 seconds, Stopping threads took: 0.0003858 seconds
[2022-06-13T03:27:19.974+0000][1][safepoint    ] Application time: 1.0001959 seconds
[2022-06-13T03:27:19.974+0000][1][safepoint    ] Entering safepoint region: Cleanup
[2022-06-13T03:27:19.974+0000][1][safepoint    ] Leaving safepoint region
[2022-06-13T03:27:19.975+0000][1][safepoint    ] Total time for which application threads were stopped: 0.0004982 seconds, Stopping threads took: 0.0001841 seconds
[2022-06-13T03:27:20.975+0000][1][safepoint    ] Application time: 1.0002248 seconds
[2022-06-13T03:27:20.976+0000][1][safepoint    ] Entering safepoint region: Cleanup
[2022-06-13T03:27:20.976+0000][1][safepoint    ] Leaving safepoint region
[2022-06-13T03:27:20.976+0000][1][safepoint    ] Total time for which application threads were stopped: 0.0006563 seconds, Stopping threads took: 0.0003435 seconds
[2022-06-13T03:27:21.977+0000][1][safepoint    ] Application time: 1.0002846 seconds
[2022-06-13T03:27:21.977+0000][1][safepoint    ] Entering safepoint region: Cleanup
[2022-06-13T03:27:21.978+0000][1][safepoint    ] Leaving safepoint region
[2022-06-13T03:27:21.978+0000][1][safepoint    ] Total time for which application threads were stopped: 0.0009668 seconds, Stopping threads took: 0.0004371 seconds
[2022-06-13T03:27:22.979+0000][1][safepoint    ] Application time: 1.0001958 seconds
[2022-06-13T03:27:22.980+0000][1][safepoint    ] Entering safepoint region: Cleanup
[2022-06-13T03:27:22.980+0000][1][safepoint    ] Leaving safepoint region
[2022-06-13T03:27:22.980+0000][1][safepoint    ] Total time for which application threads were stopped: 0.0006235 seconds, Stopping threads took: 0.0002883 seconds
[2022-06-13T03:27:23.981+0000][1][safepoint    ] Application time: 1.0001733 seconds
[2022-06-13T03:27:23.981+0000][1][safepoint    ] Entering safepoint region: Cleanup
[2022-06-13T03:27:23.981+0000][1][safepoint    ] Leaving safepoint region
[2022-06-13T03:27:23.981+0000][1][safepoint    ] Total time for which application threads were stopped: 0.0004416 seconds, Stopping threads took: 0.0001959 seconds
[2022-06-13T03:27:24.982+0000][1][safepoint    ] Application time: 1.0001774 seconds
[2022-06-13T03:27:24.982+0000][1][safepoint    ] Entering safepoint region: Cleanup
[2022-06-13T03:27:24.983+0000][1][safepoint    ] Leaving safepoint region
[2022-06-13T03:27:24.983+0000][1][safepoint    ] Total time for which application threads were stopped: 0.0007328 seconds, Stopping threads took: 0.0003488 seconds
[2022-06-13T03:27:25.984+0000][1][safepoint    ] Application time: 1.0001850 seconds
[2022-06-13T03:27:25.984+0000][1][safepoint    ] Entering safepoint region: Cleanup
[2022-06-13T03:27:25.984+0000][1][safepoint    ] Leaving safepoint region
[2022-06-13T03:27:25.985+0000][1][safepoint    ] Total time for which application threads were stopped: 0.0005567 seconds, Stopping threads took: 0.0002142 seconds
[2022-06-13T03:27:26.985+0000][1][safepoint    ] Application time: 1.0003255 seconds
[2022-06-13T03:27:26.986+0000][1][safepoint    ] Entering safepoint region: Cleanup
[2022-06-13T03:27:26.987+0000][1][safepoint    ] Leaving safepoint region
[2022-06-13T03:27:26.987+0000][1][safepoint    ] Total time for which application threads were stopped: 0.0011859 seconds, Stopping threads took: 0.0005231 seconds
[2022-06-13T03:27:27.988+0000][1][safepoint    ] Application time: 1.0001990 seconds
[2022-06-13T03:27:27.988+0000][1][safepoint    ] Entering safepoint region: Cleanup
[2022-06-13T03:27:27.989+0000][1][safepoint    ] Leaving safepoint region
[2022-06-13T03:27:27.989+0000][1][safepoint    ] Total time for which application threads were stopped: 0.0005085 seconds, Stopping threads took: 0.0002603 seconds
[2022-06-13T03:27:28.989+0000][1][safepoint    ] Application time: 1.0001751 seconds
[2022-06-13T03:27:28.990+0000][1][safepoint    ] Entering safepoint region: Cleanup
[2022-06-13T03:27:28.990+0000][1][safepoint    ] Leaving safepoint region
[2022-06-13T03:27:28.991+0000][1][safepoint    ] Total time for which application threads were stopped: 0.0008682 seconds, Stopping threads took: 0.0004169 seconds
[2022-06-13T03:27:29.991+0000][1][safepoint    ] Application time: 1.0001453 seconds
[2022-06-13T03:27:29.992+0000][1][safepoint    ] Entering safepoint region: Cleanup
[2022-06-13T03:27:29.992+0000][1][safepoint    ] Leaving safepoint region
[2022-06-13T03:27:29.992+0000][1][safepoint    ] Total time for which application threads were stopped: 0.0005151 seconds, Stopping threads took: 0.0002436 seconds
[2022-06-13T03:27:30.992+0000][1][safepoint    ] Application time: 1.0002106 seconds
[2022-06-13T03:27:30.993+0000][1][safepoint    ] Entering safepoint region: Cleanup
[2022-06-13T03:27:30.993+0000][1][safepoint    ] Leaving safepoint region
[2022-06-13T03:27:30.993+0000][1][safepoint    ] Total time for which application threads were stopped: 0.0006188 seconds, Stopping threads took: 0.0003594 seconds
[2022-06-13T03:27:31.994+0000][1][safepoint    ] Application time: 1.0001894 seconds
[2022-06-13T03:27:31.994+0000][1][safepoint    ] Entering safepoint region: Cleanup
[2022-06-13T03:27:31.995+0000][1][safepoint    ] Leaving safepoint region
[2022-06-13T03:27:31.995+0000][1][safepoint    ] Total time for which application threads were stopped: 0.0009282 seconds, Stopping threads took: 0.0004365 seconds
[2022-06-13T03:27:32.603+0000][1][safepoint    ] Application time: 0.6072159 seconds
[2022-06-13T03:27:32.603+0000][1][safepoint    ] Entering safepoint region: RevokeBias
[2022-06-13T03:27:32.604+0000][1][safepoint    ] Leaving safepoint region
[2022-06-13T03:27:32.604+0000][1][safepoint    ] Total time for which application threads were stopped: 0.0007251 seconds, Stopping threads took: 0.0003510 seconds
[2022-06-13T03:27:32.604+0000][1][safepoint    ] Application time: 0.0001816 seconds
[2022-06-13T03:27:32.605+0000][1][safepoint    ] Entering safepoint region: RevokeBias
[2022-06-13T03:27:32.605+0000][1][safepoint    ] Leaving safepoint region
[2022-06-13T03:27:32.605+0000][1][safepoint    ] Total time for which application threads were stopped: 0.0004364 seconds, Stopping threads took: 0.0001324 seconds
[2022-06-13T03:27:32.620+0000][1][safepoint    ] Application time: 0.0144704 seconds
[2022-06-13T03:27:32.620+0000][1][safepoint    ] Entering safepoint region: Deoptimize
[2022-06-13T03:27:32.621+0000][1][safepoint    ] Leaving safepoint region
[2022-06-13T03:27:32.622+0000][1][safepoint    ] Total time for which application threads were stopped: 0.0016683 seconds, Stopping threads took: 0.0005116 seconds
[2022-06-13T03:27:32.636+0000][1][safepoint    ] Application time: 0.0132428 seconds
[2022-06-13T03:27:32.636+0000][1][safepoint    ] Entering safepoint region: RevokeBias
[2022-06-13T03:27:32.636+0000][1][safepoint    ] Leaving safepoint region
[2022-06-13T03:27:32.637+0000][1][safepoint    ] Total time for which application threads were stopped: 0.0008451 seconds, Stopping threads took: 0.0003866 seconds
[2022-06-13T03:27:32.638+0000][1][safepoint    ] Application time: 0.0003829 seconds
[2022-06-13T03:27:32.638+0000][1][safepoint    ] Entering safepoint region: RevokeBias
[2022-06-13T03:27:32.638+0000][1][safepoint    ] Leaving safepoint region
[2022-06-13T03:27:32.639+0000][1][safepoint    ] Total time for which application threads were stopped: 0.0007725 seconds, Stopping threads took: 0.0003916 seconds
[2022-06-13T03:27:32.639+0000][1][safepoint    ] Application time: 0.0001702 seconds
[2022-06-13T03:27:32.640+0000][1][safepoint    ] Entering safepoint region: RevokeBias
[2022-06-13T03:27:32.640+0000][1][safepoint    ] Leaving safepoint region
[2022-06-13T03:27:32.641+0000][1][safepoint    ] Total time for which application threads were stopped: 0.0008092 seconds, Stopping threads took: 0.0004444 seconds
[2022-06-13T03:27:32.641+0000][1][safepoint    ] Application time: 0.0001677 seconds
[2022-06-13T03:27:32.642+0000][1][safepoint    ] Entering safepoint region: RevokeBias
[2022-06-13T03:27:32.642+0000][1][safepoint    ] Leaving safepoint region
[2022-06-13T03:27:32.643+0000][1][safepoint    ] Total time for which application threads were stopped: 0.0012286 seconds, Stopping threads took: 0.0008559 seconds
[2022-06-13T03:27:32.643+0000][1][safepoint    ] Application time: 0.0001088 seconds
[2022-06-13T03:27:32.644+0000][1][safepoint    ] Entering safepoint region: RevokeBias
[2022-06-13T03:27:32.644+0000][1][safepoint    ] Leaving safepoint region
[2022-06-13T03:27:32.645+0000][1][safepoint    ] Total time for which application threads were stopped: 0.0010461 seconds, Stopping threads took: 0.0005367 seconds
[2022-06-13T03:27:32.645+0000][1][safepoint    ] Application time: 0.0004301 seconds
[2022-06-13T03:27:32.646+0000][1][safepoint    ] Entering safepoint region: RevokeBias
[2022-06-13T03:27:32.646+0000][1][safepoint    ] Leaving safepoint region
[2022-06-13T03:27:32.646+0000][1][safepoint    ] Total time for which application threads were stopped: 0.0007485 seconds, Stopping threads took: 0.0004111 seconds
[2022-06-13T03:27:32.647+0000][1][safepoint    ] Application time: 0.0001058 seconds
[2022-06-13T03:27:32.647+0000][1][safepoint    ] Entering safepoint region: RevokeBias
[2022-06-13T03:27:32.647+0000][1][safepoint    ] Leaving safepoint region
[2022-06-13T03:27:32.648+0000][1][safepoint    ] Total time for which application threads were stopped: 0.0007239 seconds, Stopping threads took: 0.0002160 seconds
[2022-06-13T03:27:32.649+0000][1][safepoint    ] Application time: 0.0012467 seconds
[2022-06-13T03:27:32.650+0000][1][safepoint    ] Entering safepoint region: RevokeBias
[2022-06-13T03:27:32.650+0000][1][safepoint    ] Leaving safepoint region
[2022-06-13T03:27:32.650+0000][1][safepoint    ] Total time for which application threads were stopped: 0.0005761 seconds, Stopping threads took: 0.0003793 seconds
[2022-06-13T03:27:32.650+0000][1][safepoint    ] Application time: 0.0002615 seconds
[2022-06-13T03:27:32.651+0000][1][safepoint    ] Entering safepoint region: RevokeBias
[2022-06-13T03:27:32.651+0000][1][safepoint    ] Leaving safepoint region
[2022-06-13T03:27:32.651+0000][1][safepoint    ] Total time for which application threads were stopped: 0.0004872 seconds, Stopping threads took: 0.0002662 seconds
[2022-06-13T03:27:32.651+0000][1][safepoint    ] Application time: 0.0000644 seconds
[2022-06-13T03:27:32.651+0000][1][safepoint    ] Entering safepoint region: RevokeBias
[2022-06-13T03:27:32.652+0000][1][safepoint    ] Leaving safepoint region
[2022-06-13T03:27:32.652+0000][1][safepoint    ] Total time for which application threads were stopped: 0.0003762 seconds, Stopping threads took: 0.0001819 seconds
[2022-06-13T03:27:32.654+0000][1][safepoint    ] Application time: 0.0018855 seconds
[2022-06-13T03:27:32.654+0000][1][safepoint    ] Entering safepoint region: RevokeBias
[2022-06-13T03:27:32.655+0000][1][safepoint    ] Leaving safepoint region
[2022-06-13T03:27:32.655+0000][1][safepoint    ] Total time for which application threads were stopped: 0.0007606 seconds, Stopping threads took: 0.0004122 seconds
[2022-06-13T03:27:32.661+0000][1][safepoint    ] Application time: 0.0056712 seconds
[2022-06-13T03:27:32.661+0000][1][safepoint    ] Entering safepoint region: Deoptimize
[2022-06-13T03:27:32.662+0000][1][safepoint    ] Leaving safepoint region
[2022-06-13T03:27:32.662+0000][1][safepoint    ] Total time for which application threads were stopped: 0.0013238 seconds, Stopping threads took: 0.0002929 seconds
[2022-06-13T03:27:32.667+0000][1][safepoint    ] Application time: 0.0047463 seconds
[2022-06-13T03:27:32.668+0000][1][safepoint    ] Entering safepoint region: Deoptimize
[2022-06-13T03:27:32.669+0000][1][safepoint    ] Leaving safepoint region
[2022-06-13T03:27:32.669+0000][1][safepoint    ] Total time for which application threads were stopped: 0.0013698 seconds, Stopping threads took: 0.0003943 seconds
[2022-06-13T03:27:32.672+0000][1][safepoint    ] Application time: 0.0030514 seconds
[2022-06-13T03:27:32.673+0000][1][safepoint    ] Entering safepoint region: Deoptimize
[2022-06-13T03:27:32.674+0000][1][safepoint    ] Leaving safepoint region
[2022-06-13T03:27:32.674+0000][1][safepoint    ] Total time for which application threads were stopped: 0.0013455 seconds, Stopping threads took: 0.0003128 seconds
[2022-06-13T03:27:32.713+0000][1][safepoint    ] Application time: 0.0384558 seconds
[2022-06-13T03:27:32.713+0000][1][safepoint    ] Entering safepoint region: GenCollectForAllocation
[2022-06-13T03:27:32.714+0000][1][gc,start     ] GC(24) Pause Young (Allocation Failure)
[2022-06-13T03:27:32.714+0000][1][gc,task      ] GC(24) Using 5 workers of 13 for evacuation
[2022-06-13T03:27:32.717+0000][1][gc,age       ] GC(24) Desired survivor size 4456448 bytes, new threshold 6 (max threshold 6)
[2022-06-13T03:27:32.717+0000][1][gc,age       ] GC(24) Age table with threshold 6 (max threshold 6)
[2022-06-13T03:27:32.717+0000][1][gc,age       ] GC(24) - age   1:    1046800 bytes,    1046800 total
[2022-06-13T03:27:32.717+0000][1][gc,age       ] GC(24) - age   2:    1396248 bytes,    2443048 total
[2022-06-13T03:27:32.717+0000][1][gc,age       ] GC(24) - age   3:    1035000 bytes,    3478048 total
[2022-06-13T03:27:32.718+0000][1][gc,heap      ] GC(24) ParNew: 75045K->4811K(78656K)
[2022-06-13T03:27:32.718+0000][1][gc,heap      ] GC(24) CMS: 67724K->67724K(174784K)
[2022-06-13T03:27:32.718+0000][1][gc,metaspace ] GC(24) Metaspace: 70143K->70143K(1114112K)
[2022-06-13T03:27:32.718+0000][1][gc           ] GC(24) Pause Young (Allocation Failure) 139M->70M(247M) 4.205ms
[2022-06-13T03:27:32.718+0000][1][gc,cpu       ] GC(24) User=0.02s Sys=0.00s Real=0.00s
[2022-06-13T03:27:32.719+0000][1][safepoint    ] Leaving safepoint region
[2022-06-13T03:27:32.719+0000][1][safepoint    ] Total time for which application threads were stopped: 0.0053400 seconds, Stopping threads took: 0.0003988 seconds
[2022-06-13T03:27:33.552+0000][1][safepoint    ] Application time: 0.8335947 seconds
[2022-06-13T03:27:33.553+0000][1][safepoint    ] Entering safepoint region: ICBufferFull
[2022-06-13T03:27:33.553+0000][1][safepoint    ] Leaving safepoint region
[2022-06-13T03:27:33.554+0000][1][safepoint    ] Total time for which application threads were stopped: 0.0007619 seconds, Stopping threads took: 0.0002296 seconds
[2022-06-13T03:27:33.864+0000][1][safepoint    ] Application time: 0.3105124 seconds
[2022-06-13T03:27:33.865+0000][1][safepoint    ] Entering safepoint region: RevokeBias
[2022-06-13T03:27:33.865+0000][1][safepoint    ] Leaving safepoint region
[2022-06-13T03:27:33.865+0000][1][safepoint    ] Total time for which application threads were stopped: 0.0007971 seconds, Stopping threads took: 0.0003954 seconds
[2022-06-13T03:27:33.866+0000][1][safepoint    ] Application time: 0.0001052 seconds
[2022-06-13T03:27:33.866+0000][1][safepoint    ] Entering safepoint region: RevokeBias
[2022-06-13T03:27:33.866+0000][1][safepoint    ] Leaving safepoint region
[2022-06-13T03:27:33.867+0000][1][safepoint    ] Total time for which application threads were stopped: 0.0009903 seconds, Stopping threads took: 0.0002062 seconds
[2022-06-13T03:27:34.868+0000][1][safepoint    ] Application time: 1.0001738 seconds
[2022-06-13T03:27:34.868+0000][1][safepoint    ] Entering safepoint region: Cleanup
[2022-06-13T03:27:34.868+0000][1][safepoint    ] Leaving safepoint region
[2022-06-13T03:27:34.869+0000][1][safepoint    ] Total time for which application threads were stopped: 0.0008687 seconds, Stopping threads took: 0.0003346 seconds
[2022-06-13T03:27:36.869+0000][1][safepoint    ] Application time: 2.0002455 seconds
[2022-06-13T03:27:36.870+0000][1][safepoint    ] Entering safepoint region: Cleanup
[2022-06-13T03:27:36.870+0000][1][safepoint    ] Leaving safepoint region
[2022-06-13T03:27:36.871+0000][1][safepoint    ] Total time for which application threads were stopped: 0.0008702 seconds, Stopping threads took: 0.0003688 seconds
[2022-06-13T03:27:39.872+0000][1][safepoint    ] Application time: 3.0005820 seconds
[2022-06-13T03:27:39.872+0000][1][safepoint    ] Entering safepoint region: Cleanup
[2022-06-13T03:27:39.873+0000][1][safepoint    ] Leaving safepoint region
[2022-06-13T03:27:39.873+0000][1][safepoint    ] Total time for which application threads were stopped: 0.0008895 seconds, Stopping threads took: 0.0003722 seconds
[2022-06-13T03:27:44.875+0000][1][safepoint    ] Application time: 5.0009984 seconds
[2022-06-13T03:27:44.875+0000][1][safepoint    ] Entering safepoint region: Cleanup
[2022-06-13T03:27:44.875+0000][1][safepoint    ] Leaving safepoint region
[2022-06-13T03:27:44.876+0000][1][safepoint    ] Total time for which application threads were stopped: 0.0005339 seconds, Stopping threads took: 0.0002520 seconds
[2022-06-13T03:27:49.877+0000][1][safepoint    ] Application time: 5.0010411 seconds
[2022-06-13T03:27:49.878+0000][1][safepoint    ] Entering safepoint region: Cleanup
[2022-06-13T03:27:49.878+0000][1][safepoint    ] Leaving safepoint region
[2022-06-13T03:27:49.878+0000][1][safepoint    ] Total time for which application threads were stopped: 0.0009528 seconds, Stopping threads took: 0.0004382 seconds
[2022-06-13T03:27:50.879+0000][1][safepoint    ] Application time: 1.0002025 seconds
[2022-06-13T03:27:50.880+0000][1][safepoint    ] Entering safepoint region: Cleanup
[2022-06-13T03:27:50.880+0000][1][safepoint    ] Leaving safepoint region
[2022-06-13T03:27:50.880+0000][1][safepoint    ] Total time for which application threads were stopped: 0.0008965 seconds, Stopping threads took: 0.0003637 seconds
[2022-06-13T03:27:51.881+0000][1][safepoint    ] Application time: 1.0002118 seconds
[2022-06-13T03:27:51.882+0000][1][safepoint    ] Entering safepoint region: Cleanup
[2022-06-13T03:27:51.882+0000][1][safepoint    ] Leaving safepoint region
[2022-06-13T03:27:51.882+0000][1][safepoint    ] Total time for which application threads were stopped: 0.0008413 seconds, Stopping threads took: 0.0004640 seconds
[2022-06-13T03:27:52.883+0000][1][safepoint    ] Application time: 1.0001884 seconds
[2022-06-13T03:27:52.884+0000][1][safepoint    ] Entering safepoint region: Cleanup
[2022-06-13T03:27:52.884+0000][1][safepoint    ] Leaving safepoint region
[2022-06-13T03:27:52.884+0000][1][safepoint    ] Total time for which application threads were stopped: 0.0006259 seconds, Stopping threads took: 0.0002851 seconds
[2022-06-13T03:27:53.885+0000][1][safepoint    ] Application time: 1.0002693 seconds
[2022-06-13T03:27:53.885+0000][1][safepoint    ] Entering safepoint region: Cleanup
[2022-06-13T03:27:53.886+0000][1][safepoint    ] Leaving safepoint region
[2022-06-13T03:27:53.886+0000][1][safepoint    ] Total time for which application threads were stopped: 0.0008387 seconds, Stopping threads took: 0.0004271 seconds
[2022-06-13T03:27:54.887+0000][1][safepoint    ] Application time: 1.0002348 seconds
[2022-06-13T03:27:54.887+0000][1][safepoint    ] Entering safepoint region: Cleanup
[2022-06-13T03:27:54.887+0000][1][safepoint    ] Leaving safepoint region
[2022-06-13T03:27:54.887+0000][1][safepoint    ] Total time for which application threads were stopped: 0.0004338 seconds, Stopping threads took: 0.0002059 seconds
[2022-06-13T03:27:55.888+0000][1][safepoint    ] Application time: 1.0002258 seconds
[2022-06-13T03:27:55.888+0000][1][safepoint    ] Entering safepoint region: Cleanup
[2022-06-13T03:27:55.889+0000][1][safepoint    ] Leaving safepoint region
[2022-06-13T03:27:55.889+0000][1][safepoint    ] Total time for which application threads were stopped: 0.0008806 seconds, Stopping threads took: 0.0003942 seconds
[2022-06-13T03:27:56.890+0000][1][safepoint    ] Application time: 1.0001609 seconds
[2022-06-13T03:27:56.890+0000][1][safepoint    ] Entering safepoint region: Cleanup
[2022-06-13T03:27:56.890+0000][1][safepoint    ] Leaving safepoint region
[2022-06-13T03:27:56.891+0000][1][safepoint    ] Total time for which application threads were stopped: 0.0005642 seconds, Stopping threads took: 0.0002628 seconds
[2022-06-13T03:27:57.891+0000][1][safepoint    ] Application time: 1.0001281 seconds
[2022-06-13T03:27:57.891+0000][1][safepoint    ] Entering safepoint region: Cleanup
[2022-06-13T03:27:57.892+0000][1][safepoint    ] Leaving safepoint region
[2022-06-13T03:27:57.892+0000][1][safepoint    ] Total time for which application threads were stopped: 0.0004480 seconds, Stopping threads took: 0.0001796 seconds
[2022-06-13T03:27:59.892+0000][1][safepoint    ] Application time: 2.0003222 seconds
[2022-06-13T03:27:59.893+0000][1][safepoint    ] Entering safepoint region: Cleanup
[2022-06-13T03:27:59.894+0000][1][safepoint    ] Leaving safepoint region
[2022-06-13T03:27:59.894+0000][1][safepoint    ] Total time for which application threads were stopped: 0.0011043 seconds, Stopping threads took: 0.0004864 seconds
[2022-06-13T03:28:00.895+0000][1][safepoint    ] Application time: 1.0001140 seconds
[2022-06-13T03:28:00.895+0000][1][safepoint    ] Entering safepoint region: Cleanup
[2022-06-13T03:28:00.895+0000][1][safepoint    ] Leaving safepoint region
[2022-06-13T03:28:00.896+0000][1][safepoint    ] Total time for which application threads were stopped: 0.0007831 seconds, Stopping threads took: 0.0003122 seconds
[2022-06-13T03:28:05.897+0000][1][safepoint    ] Application time: 5.0009682 seconds
[2022-06-13T03:28:05.898+0000][1][safepoint    ] Entering safepoint region: Cleanup
[2022-06-13T03:28:05.898+0000][1][safepoint    ] Leaving safepoint region
[2022-06-13T03:28:05.899+0000][1][safepoint    ] Total time for which application threads were stopped: 0.0012368 seconds, Stopping threads took: 0.0005580 seconds
[2022-06-13T03:28:09.900+0000][1][safepoint    ] Application time: 4.0006763 seconds
[2022-06-13T03:28:09.900+0000][1][safepoint    ] Entering safepoint region: Cleanup
[2022-06-13T03:28:09.901+0000][1][safepoint    ] Leaving safepoint region
[2022-06-13T03:28:09.901+0000][1][safepoint    ] Total time for which application threads were stopped: 0.0009233 seconds, Stopping threads took: 0.0004670 seconds
[2022-06-13T03:28:14.903+0000][1][safepoint    ] Application time: 5.0010886 seconds
[2022-06-13T03:28:14.904+0000][1][safepoint    ] Entering safepoint region: Cleanup
[2022-06-13T03:28:14.904+0000][1][safepoint    ] Leaving safepoint region
[2022-06-13T03:28:14.904+0000][1][safepoint    ] Total time for which application threads were stopped: 0.0006553 seconds, Stopping threads took: 0.0003388 seconds
[2022-06-13T03:28:15.905+0000][1][safepoint    ] Application time: 1.0001916 seconds
[2022-06-13T03:28:15.905+0000][1][safepoint    ] Entering safepoint region: Cleanup
[2022-06-13T03:28:15.906+0000][1][safepoint    ] Leaving safepoint region
[2022-06-13T03:28:15.906+0000][1][safepoint    ] Total time for which application threads were stopped: 0.0007714 seconds, Stopping threads took: 0.0003791 seconds
[2022-06-13T03:28:17.907+0000][1][safepoint    ] Application time: 2.0004444 seconds
[2022-06-13T03:28:17.907+0000][1][safepoint    ] Entering safepoint region: Cleanup
[2022-06-13T03:28:17.908+0000][1][safepoint    ] Leaving safepoint region
[2022-06-13T03:28:17.908+0000][1][safepoint    ] Total time for which application threads were stopped: 0.0009685 seconds, Stopping threads took: 0.0003760 seconds
[2022-06-13T03:28:20.909+0000][1][safepoint    ] Application time: 3.0005945 seconds
[2022-06-13T03:28:20.909+0000][1][safepoint    ] Entering safepoint region: Cleanup
[2022-06-13T03:28:20.910+0000][1][safepoint    ] Leaving safepoint region
[2022-06-13T03:28:20.910+0000][1][safepoint    ] Total time for which application threads were stopped: 0.0006666 seconds, Stopping threads took: 0.0003546 seconds
[2022-06-13T03:28:25.911+0000][1][safepoint    ] Application time: 5.0010125 seconds
[2022-06-13T03:28:25.912+0000][1][safepoint    ] Entering safepoint region: Cleanup
[2022-06-13T03:28:25.912+0000][1][safepoint    ] Leaving safepoint region
[2022-06-13T03:28:25.913+0000][1][safepoint    ] Total time for which application threads were stopped: 0.0008734 seconds, Stopping threads took: 0.0003957 seconds
[2022-06-13T03:28:26.914+0000][1][safepoint    ] Application time: 1.0002012 seconds
[2022-06-13T03:28:26.914+0000][1][safepoint    ] Entering safepoint region: Cleanup
[2022-06-13T03:28:26.914+0000][1][safepoint    ] Leaving safepoint region
[2022-06-13T03:28:26.915+0000][1][safepoint    ] Total time for which application threads were stopped: 0.0007713 seconds, Stopping threads took: 0.0003378 seconds
[2022-06-13T03:28:27.915+0000][1][safepoint    ] Application time: 1.0001779 seconds
[2022-06-13T03:28:27.916+0000][1][safepoint    ] Entering safepoint region: Cleanup
[2022-06-13T03:28:27.916+0000][1][safepoint    ] Leaving safepoint region
[2022-06-13T03:28:27.916+0000][1][safepoint    ] Total time for which application threads were stopped: 0.0003087 seconds, Stopping threads took: 0.0001112 seconds
[2022-06-13T03:28:28.916+0000][1][safepoint    ] Application time: 1.0002427 seconds
[2022-06-13T03:28:28.917+0000][1][safepoint    ] Entering safepoint region: Cleanup
[2022-06-13T03:28:28.918+0000][1][safepoint    ] Leaving safepoint region
[2022-06-13T03:28:28.918+0000][1][safepoint    ] Total time for which application threads were stopped: 0.0013897 seconds, Stopping threads took: 0.0005753 seconds
[2022-06-13T03:28:29.919+0000][1][safepoint    ] Application time: 1.0002674 seconds
[2022-06-13T03:28:29.920+0000][1][safepoint    ] Entering safepoint region: Cleanup
[2022-06-13T03:28:29.920+0000][1][safepoint    ] Leaving safepoint region
[2022-06-13T03:28:29.920+0000][1][safepoint    ] Total time for which application threads were stopped: 0.0004847 seconds, Stopping threads took: 0.0002157 seconds
[2022-06-13T03:28:30.921+0000][1][safepoint    ] Application time: 1.0002974 seconds
[2022-06-13T03:28:30.921+0000][1][safepoint    ] Entering safepoint region: Cleanup
[2022-06-13T03:28:30.922+0000][1][safepoint    ] Leaving safepoint region
[2022-06-13T03:28:30.922+0000][1][safepoint    ] Total time for which application threads were stopped: 0.0008132 seconds, Stopping threads took: 0.0003737 seconds
[2022-06-13T03:28:31.675+0000][1][safepoint    ] Application time: 0.7529595 seconds
[2022-06-13T03:28:31.676+0000][1][safepoint    ] Entering safepoint region: GenCollectForAllocation
[2022-06-13T03:28:31.676+0000][1][gc,start     ] GC(25) Pause Young (Allocation Failure)
[2022-06-13T03:28:31.676+0000][1][gc,task      ] GC(25) Using 5 workers of 13 for evacuation
[2022-06-13T03:28:31.680+0000][1][gc,age       ] GC(25) Desired survivor size 4456448 bytes, new threshold 6 (max threshold 6)
[2022-06-13T03:28:31.713+0000][1][gc,age       ] GC(25) Age table with threshold 6 (max threshold 6)
[2022-06-13T03:28:31.713+0000][1][gc,age       ] GC(25) - age   1:     293080 bytes,     293080 total
[2022-06-13T03:28:31.713+0000][1][gc,age       ] GC(25) - age   2:     833328 bytes,    1126408 total
[2022-06-13T03:28:31.714+0000][1][gc,age       ] GC(25) - age   3:    1396216 bytes,    2522624 total
[2022-06-13T03:28:31.714+0000][1][gc,age       ] GC(25) - age   4:    1034224 bytes,    3556848 total
[2022-06-13T03:28:31.715+0000][1][gc,heap      ] GC(25) ParNew: 74763K->6187K(78656K)
[2022-06-13T03:28:31.715+0000][1][gc,heap      ] GC(25) CMS: 67724K->67724K(174784K)
[2022-06-13T03:28:31.715+0000][1][gc,metaspace ] GC(25) Metaspace: 70553K->70553K(1114112K)
[2022-06-13T03:28:31.716+0000][1][gc           ] GC(25) Pause Young (Allocation Failure) 139M->72M(247M) 39.802ms
[2022-06-13T03:28:31.716+0000][1][gc,cpu       ] GC(25) User=0.01s Sys=0.00s Real=0.04s
[2022-06-13T03:28:31.717+0000][1][safepoint    ] Leaving safepoint region
[2022-06-13T03:28:31.717+0000][1][safepoint    ] Total time for which application threads were stopped: 0.0414098 seconds, Stopping threads took: 0.0003324 seconds
[2022-06-13T03:28:32.718+0000][1][safepoint    ] Application time: 1.0002322 seconds
[2022-06-13T03:28:32.718+0000][1][safepoint    ] Entering safepoint region: Cleanup
[2022-06-13T03:28:32.719+0000][1][safepoint    ] Leaving safepoint region
[2022-06-13T03:28:32.719+0000][1][safepoint    ] Total time for which application threads were stopped: 0.0010224 seconds, Stopping threads took: 0.0004839 seconds
[2022-06-13T03:28:33.720+0000][1][safepoint    ] Application time: 1.0002467 seconds
[2022-06-13T03:28:33.721+0000][1][safepoint    ] Entering safepoint region: Cleanup
[2022-06-13T03:28:33.721+0000][1][safepoint    ] Leaving safepoint region
[2022-06-13T03:28:33.721+0000][1][safepoint    ] Total time for which application threads were stopped: 0.0006237 seconds, Stopping threads took: 0.0003415 seconds
[2022-06-13T03:28:34.722+0000][1][safepoint    ] Application time: 1.0002179 seconds
[2022-06-13T03:28:34.722+0000][1][safepoint    ] Entering safepoint region: Cleanup
[2022-06-13T03:28:34.723+0000][1][safepoint    ] Leaving safepoint region
[2022-06-13T03:28:34.723+0000][1][safepoint    ] Total time for which application threads were stopped: 0.0005170 seconds, Stopping threads took: 0.0002892 seconds
[2022-06-13T03:28:35.723+0000][1][safepoint    ] Application time: 1.0001441 seconds
[2022-06-13T03:28:35.723+0000][1][safepoint    ] Entering safepoint region: Cleanup
[2022-06-13T03:28:35.724+0000][1][safepoint    ] Leaving safepoint region
[2022-06-13T03:28:35.724+0000][1][safepoint    ] Total time for which application threads were stopped: 0.0007996 seconds, Stopping threads took: 0.0003311 seconds
[2022-06-13T03:28:36.725+0000][1][safepoint    ] Application time: 1.0001961 seconds
[2022-06-13T03:28:36.725+0000][1][safepoint    ] Entering safepoint region: Cleanup
[2022-06-13T03:28:36.725+0000][1][safepoint    ] Leaving safepoint region
[2022-06-13T03:28:36.726+0000][1][safepoint    ] Total time for which application threads were stopped: 0.0007869 seconds, Stopping threads took: 0.0003051 seconds
[2022-06-13T03:28:37.726+0000][1][safepoint    ] Application time: 1.0002230 seconds
[2022-06-13T03:28:37.727+0000][1][safepoint    ] Entering safepoint region: Cleanup
[2022-06-13T03:28:37.728+0000][1][safepoint    ] Leaving safepoint region
[2022-06-13T03:28:37.728+0000][1][safepoint    ] Total time for which application threads were stopped: 0.0013315 seconds, Stopping threads took: 0.0005641 seconds
[2022-06-13T03:28:38.729+0000][1][safepoint    ] Application time: 1.0003133 seconds
[2022-06-13T03:28:38.730+0000][1][safepoint    ] Entering safepoint region: Cleanup
[2022-06-13T03:28:38.731+0000][1][safepoint    ] Leaving safepoint region
[2022-06-13T03:28:38.731+0000][1][safepoint    ] Total time for which application threads were stopped: 0.0012195 seconds, Stopping threads took: 0.0005614 seconds
[2022-06-13T03:28:39.732+0000][1][safepoint    ] Application time: 1.0002878 seconds
[2022-06-13T03:28:39.733+0000][1][safepoint    ] Entering safepoint region: Cleanup
[2022-06-13T03:28:39.733+0000][1][safepoint    ] Leaving safepoint region
[2022-06-13T03:28:39.734+0000][1][safepoint    ] Total time for which application threads were stopped: 0.0009586 seconds, Stopping threads took: 0.0004445 seconds
[2022-06-13T03:28:40.735+0000][1][safepoint    ] Application time: 1.0002285 seconds
[2022-06-13T03:28:40.735+0000][1][safepoint    ] Entering safepoint region: Cleanup
[2022-06-13T03:28:40.736+0000][1][safepoint    ] Leaving safepoint region
[2022-06-13T03:28:40.736+0000][1][safepoint    ] Total time for which application threads were stopped: 0.0010104 seconds, Stopping threads took: 0.0005383 seconds
[2022-06-13T03:28:41.737+0000][1][safepoint    ] Application time: 1.0003478 seconds
[2022-06-13T03:28:41.737+0000][1][safepoint    ] Entering safepoint region: Cleanup
[2022-06-13T03:28:41.738+0000][1][safepoint    ] Leaving safepoint region
[2022-06-13T03:28:41.739+0000][1][safepoint    ] Total time for which application threads were stopped: 0.0014634 seconds, Stopping threads took: 0.0006482 seconds
[2022-06-13T03:28:42.740+0000][1][safepoint    ] Application time: 1.0003470 seconds
[2022-06-13T03:28:42.741+0000][1][safepoint    ] Entering safepoint region: Cleanup
[2022-06-13T03:28:42.742+0000][1][safepoint    ] Leaving safepoint region
[2022-06-13T03:28:42.742+0000][1][safepoint    ] Total time for which application threads were stopped: 0.0016569 seconds, Stopping threads took: 0.0008015 seconds
[2022-06-13T03:28:43.743+0000][1][safepoint    ] Application time: 1.0002402 seconds
[2022-06-13T03:28:43.744+0000][1][safepoint    ] Entering safepoint region: Cleanup
[2022-06-13T03:28:43.744+0000][1][safepoint    ] Leaving safepoint region
[2022-06-13T03:28:43.744+0000][1][safepoint    ] Total time for which application threads were stopped: 0.0008413 seconds, Stopping threads took: 0.0003955 seconds
[2022-06-13T03:28:44.745+0000][1][safepoint    ] Application time: 1.0001372 seconds
[2022-06-13T03:28:44.745+0000][1][safepoint    ] Entering safepoint region: Cleanup
[2022-06-13T03:28:44.746+0000][1][safepoint    ] Leaving safepoint region
[2022-06-13T03:28:44.746+0000][1][safepoint    ] Total time for which application threads were stopped: 0.0006225 seconds, Stopping threads took: 0.0002571 seconds
[2022-06-13T03:28:45.747+0000][1][safepoint    ] Application time: 1.0003527 seconds
[2022-06-13T03:28:45.747+0000][1][safepoint    ] Entering safepoint region: Cleanup
[2022-06-13T03:28:45.748+0000][1][safepoint    ] Leaving safepoint region
[2022-06-13T03:28:45.749+0000][1][safepoint    ] Total time for which application threads were stopped: 0.0015187 seconds, Stopping threads took: 0.0006350 seconds
[2022-06-13T03:28:46.749+0000][1][safepoint    ] Application time: 1.0001204 seconds
[2022-06-13T03:28:46.750+0000][1][safepoint    ] Entering safepoint region: Cleanup
[2022-06-13T03:28:46.750+0000][1][safepoint    ] Leaving safepoint region
[2022-06-13T03:28:46.750+0000][1][safepoint    ] Total time for which application threads were stopped: 0.0007304 seconds, Stopping threads took: 0.0002687 seconds
[2022-06-13T03:28:47.751+0000][1][safepoint    ] Application time: 1.0003089 seconds
[2022-06-13T03:28:47.752+0000][1][safepoint    ] Entering safepoint region: Cleanup
[2022-06-13T03:28:47.752+0000][1][safepoint    ] Leaving safepoint region
[2022-06-13T03:28:47.753+0000][1][safepoint    ] Total time for which application threads were stopped: 0.0013752 seconds, Stopping threads took: 0.0006251 seconds
[2022-06-13T03:28:48.754+0000][1][safepoint    ] Application time: 1.0001424 seconds
[2022-06-13T03:28:48.755+0000][1][safepoint    ] Entering safepoint region: Cleanup
[2022-06-13T03:28:48.755+0000][1][safepoint    ] Leaving safepoint region
[2022-06-13T03:28:48.755+0000][1][safepoint    ] Total time for which application threads were stopped: 0.0008439 seconds, Stopping threads took: 0.0004418 seconds
[2022-06-13T03:28:49.756+0000][1][safepoint    ] Application time: 1.0003468 seconds
[2022-06-13T03:28:49.757+0000][1][safepoint    ] Entering safepoint region: Cleanup
[2022-06-13T03:28:49.758+0000][1][safepoint    ] Leaving safepoint region
[2022-06-13T03:28:49.758+0000][1][safepoint    ] Total time for which application threads were stopped: 0.0013362 seconds, Stopping threads took: 0.0006813 seconds
[2022-06-13T03:28:50.759+0000][1][safepoint    ] Application time: 1.0003130 seconds
[2022-06-13T03:28:50.760+0000][1][safepoint    ] Entering safepoint region: Cleanup
[2022-06-13T03:28:50.760+0000][1][safepoint    ] Leaving safepoint region
[2022-06-13T03:28:50.761+0000][1][safepoint    ] Total time for which application threads were stopped: 0.0006032 seconds, Stopping threads took: 0.0002236 seconds
[2022-06-13T03:28:51.761+0000][1][safepoint    ] Application time: 1.0002082 seconds
[2022-06-13T03:28:51.762+0000][1][safepoint    ] Entering safepoint region: Cleanup
[2022-06-13T03:28:51.763+0000][1][safepoint    ] Leaving safepoint region
[2022-06-13T03:28:51.763+0000][1][safepoint    ] Total time for which application threads were stopped: 0.0010006 seconds, Stopping threads took: 0.0004530 seconds
[2022-06-13T03:28:52.763+0000][1][safepoint    ] Application time: 1.0001409 seconds
[2022-06-13T03:28:52.764+0000][1][safepoint    ] Entering safepoint region: Cleanup
[2022-06-13T03:28:52.765+0000][1][safepoint    ] Leaving safepoint region
[2022-06-13T03:28:52.765+0000][1][safepoint    ] Total time for which application threads were stopped: 0.0012071 seconds, Stopping threads took: 0.0004656 seconds
[2022-06-13T03:28:53.766+0000][1][safepoint    ] Application time: 1.0002276 seconds
[2022-06-13T03:28:53.767+0000][1][safepoint    ] Entering safepoint region: Cleanup
[2022-06-13T03:28:53.767+0000][1][safepoint    ] Leaving safepoint region
[2022-06-13T03:28:53.768+0000][1][safepoint    ] Total time for which application threads were stopped: 0.0009106 seconds, Stopping threads took: 0.0004293 seconds
[2022-06-13T03:28:54.768+0000][1][safepoint    ] Application time: 1.0001414 seconds
[2022-06-13T03:28:54.769+0000][1][safepoint    ] Entering safepoint region: Cleanup
[2022-06-13T03:28:54.769+0000][1][safepoint    ] Leaving safepoint region
[2022-06-13T03:28:54.769+0000][1][safepoint    ] Total time for which application threads were stopped: 0.0006672 seconds, Stopping threads took: 0.0003214 seconds
[2022-06-13T03:28:55.770+0000][1][safepoint    ] Application time: 1.0002368 seconds
[2022-06-13T03:28:55.771+0000][1][safepoint    ] Entering safepoint region: Cleanup
[2022-06-13T03:28:55.772+0000][1][safepoint    ] Leaving safepoint region
[2022-06-13T03:28:55.772+0000][1][safepoint    ] Total time for which application threads were stopped: 0.0014849 seconds, Stopping threads took: 0.0006330 seconds
[2022-06-13T03:28:56.773+0000][1][safepoint    ] Application time: 1.0003333 seconds
[2022-06-13T03:28:56.774+0000][1][safepoint    ] Entering safepoint region: Cleanup
[2022-06-13T03:28:56.774+0000][1][safepoint    ] Leaving safepoint region
[2022-06-13T03:28:56.774+0000][1][safepoint    ] Total time for which application threads were stopped: 0.0007450 seconds, Stopping threads took: 0.0004277 seconds
[2022-06-13T03:28:57.775+0000][1][safepoint    ] Application time: 1.0003304 seconds
[2022-06-13T03:28:57.776+0000][1][safepoint    ] Entering safepoint region: Cleanup
[2022-06-13T03:28:57.776+0000][1][safepoint    ] Leaving safepoint region
[2022-06-13T03:28:57.777+0000][1][safepoint    ] Total time for which application threads were stopped: 0.0011072 seconds, Stopping threads took: 0.0005252 seconds
[2022-06-13T03:28:58.777+0000][1][safepoint    ] Application time: 1.0001725 seconds
[2022-06-13T03:28:58.778+0000][1][safepoint    ] Entering safepoint region: Cleanup
[2022-06-13T03:28:58.779+0000][1][safepoint    ] Leaving safepoint region
[2022-06-13T03:28:58.779+0000][1][safepoint    ] Total time for which application threads were stopped: 0.0009516 seconds, Stopping threads took: 0.0004125 seconds
[2022-06-13T03:28:59.780+0000][1][safepoint    ] Application time: 1.0002538 seconds
[2022-06-13T03:28:59.780+0000][1][safepoint    ] Entering safepoint region: Cleanup
[2022-06-13T03:28:59.781+0000][1][safepoint    ] Leaving safepoint region
[2022-06-13T03:28:59.781+0000][1][safepoint    ] Total time for which application threads were stopped: 0.0009697 seconds, Stopping threads took: 0.0004488 seconds
[2022-06-13T03:29:00.782+0000][1][safepoint    ] Application time: 1.0001516 seconds
[2022-06-13T03:29:00.782+0000][1][safepoint    ] Entering safepoint region: Cleanup
[2022-06-13T03:29:00.783+0000][1][safepoint    ] Leaving safepoint region
[2022-06-13T03:29:00.783+0000][1][safepoint    ] Total time for which application threads were stopped: 0.0007337 seconds, Stopping threads took: 0.0003046 seconds
[2022-06-13T03:29:01.783+0000][1][safepoint    ] Application time: 1.0002182 seconds
[2022-06-13T03:29:01.784+0000][1][safepoint    ] Entering safepoint region: Cleanup
[2022-06-13T03:29:01.784+0000][1][safepoint    ] Leaving safepoint region
[2022-06-13T03:29:01.785+0000][1][safepoint    ] Total time for which application threads were stopped: 0.0008572 seconds, Stopping threads took: 0.0003623 seconds
[2022-06-13T03:29:02.785+0000][1][safepoint    ] Application time: 1.0002314 seconds
[2022-06-13T03:29:02.786+0000][1][safepoint    ] Entering safepoint region: Cleanup
[2022-06-13T03:29:02.787+0000][1][safepoint    ] Leaving safepoint region
[2022-06-13T03:29:02.788+0000][1][safepoint    ] Total time for which application threads were stopped: 0.0014586 seconds, Stopping threads took: 0.0006646 seconds
[2022-06-13T03:29:03.789+0000][1][safepoint    ] Application time: 1.0002875 seconds
[2022-06-13T03:29:03.789+0000][1][safepoint    ] Entering safepoint region: Cleanup
[2022-06-13T03:29:03.790+0000][1][safepoint    ] Leaving safepoint region
[2022-06-13T03:29:03.790+0000][1][safepoint    ] Total time for which application threads were stopped: 0.0010005 seconds, Stopping threads took: 0.0004021 seconds
[2022-06-13T03:29:04.791+0000][1][safepoint    ] Application time: 1.0001204 seconds
[2022-06-13T03:29:04.791+0000][1][safepoint    ] Entering safepoint region: Cleanup
[2022-06-13T03:29:04.792+0000][1][safepoint    ] Leaving safepoint region
[2022-06-13T03:29:04.792+0000][1][safepoint    ] Total time for which application threads were stopped: 0.0006757 seconds, Stopping threads took: 0.0002655 seconds
[2022-06-13T03:29:05.792+0000][1][safepoint    ] Application time: 1.0001886 seconds
[2022-06-13T03:29:05.793+0000][1][safepoint    ] Entering safepoint region: Cleanup
[2022-06-13T03:29:05.793+0000][1][safepoint    ] Leaving safepoint region
[2022-06-13T03:29:05.793+0000][1][safepoint    ] Total time for which application threads were stopped: 0.0005626 seconds, Stopping threads took: 0.0002716 seconds
[2022-06-13T03:29:06.794+0000][1][safepoint    ] Application time: 1.0001467 seconds
[2022-06-13T03:29:06.794+0000][1][safepoint    ] Entering safepoint region: Cleanup
[2022-06-13T03:29:06.795+0000][1][safepoint    ] Leaving safepoint region
[2022-06-13T03:29:06.795+0000][1][safepoint    ] Total time for which application threads were stopped: 0.0007237 seconds, Stopping threads took: 0.0003266 seconds
[2022-06-13T03:29:07.796+0000][1][safepoint    ] Application time: 1.0003146 seconds
[2022-06-13T03:29:07.797+0000][1][safepoint    ] Entering safepoint region: Cleanup
[2022-06-13T03:29:07.797+0000][1][safepoint    ] Leaving safepoint region
[2022-06-13T03:29:07.798+0000][1][safepoint    ] Total time for which application threads were stopped: 0.0012569 seconds, Stopping threads took: 0.0005413 seconds
[2022-06-13T03:29:08.798+0000][1][safepoint    ] Application time: 1.0001926 seconds
[2022-06-13T03:29:08.799+0000][1][safepoint    ] Entering safepoint region: Cleanup
[2022-06-13T03:29:08.800+0000][1][safepoint    ] Leaving safepoint region
[2022-06-13T03:29:08.800+0000][1][safepoint    ] Total time for which application threads were stopped: 0.0009959 seconds, Stopping threads took: 0.0005874 seconds
[2022-06-13T03:29:09.800+0000][1][safepoint    ] Application time: 1.0001486 seconds
[2022-06-13T03:29:09.801+0000][1][safepoint    ] Entering safepoint region: Cleanup
[2022-06-13T03:29:09.801+0000][1][safepoint    ] Leaving safepoint region
[2022-06-13T03:29:09.802+0000][1][safepoint    ] Total time for which application threads were stopped: 0.0006138 seconds, Stopping threads took: 0.0002844 seconds
[2022-06-13T03:29:10.802+0000][1][safepoint    ] Application time: 1.0001802 seconds
[2022-06-13T03:29:10.802+0000][1][safepoint    ] Entering safepoint region: Cleanup
[2022-06-13T03:29:10.803+0000][1][safepoint    ] Leaving safepoint region
[2022-06-13T03:29:10.803+0000][1][safepoint    ] Total time for which application threads were stopped: 0.0006110 seconds, Stopping threads took: 0.0002610 seconds
[2022-06-13T03:29:11.803+0000][1][safepoint    ] Application time: 1.0002776 seconds
[2022-06-13T03:29:11.804+0000][1][safepoint    ] Entering safepoint region: Cleanup
[2022-06-13T03:29:11.804+0000][1][safepoint    ] Leaving safepoint region
[2022-06-13T03:29:11.805+0000][1][safepoint    ] Total time for which application threads were stopped: 0.0007034 seconds, Stopping threads took: 0.0002975 seconds
[2022-06-13T03:29:12.805+0000][1][safepoint    ] Application time: 1.0002611 seconds
[2022-06-13T03:29:12.806+0000][1][safepoint    ] Entering safepoint region: Cleanup
[2022-06-13T03:29:12.806+0000][1][safepoint    ] Leaving safepoint region
[2022-06-13T03:29:12.807+0000][1][safepoint    ] Total time for which application threads were stopped: 0.0011413 seconds, Stopping threads took: 0.0004122 seconds
[2022-06-13T03:29:13.808+0000][1][safepoint    ] Application time: 1.0001604 seconds
[2022-06-13T03:29:13.808+0000][1][safepoint    ] Entering safepoint region: Cleanup
[2022-06-13T03:29:13.809+0000][1][safepoint    ] Leaving safepoint region
[2022-06-13T03:29:13.809+0000][1][safepoint    ] Total time for which application threads were stopped: 0.0011168 seconds, Stopping threads took: 0.0004191 seconds
[2022-06-13T03:29:14.810+0000][1][safepoint    ] Application time: 1.0002259 seconds
[2022-06-13T03:29:14.811+0000][1][safepoint    ] Entering safepoint region: Cleanup
[2022-06-13T03:29:14.811+0000][1][safepoint    ] Leaving safepoint region
[2022-06-13T03:29:14.812+0000][1][safepoint    ] Total time for which application threads were stopped: 0.0010712 seconds, Stopping threads took: 0.0004594 seconds
[2022-06-13T03:29:15.812+0000][1][safepoint    ] Application time: 1.0002392 seconds
[2022-06-13T03:29:15.813+0000][1][safepoint    ] Entering safepoint region: Cleanup
[2022-06-13T03:29:15.814+0000][1][safepoint    ] Leaving safepoint region
[2022-06-13T03:29:15.814+0000][1][safepoint    ] Total time for which application threads were stopped: 0.0011283 seconds, Stopping threads took: 0.0005397 seconds
[2022-06-13T03:29:16.815+0000][1][safepoint    ] Application time: 1.0001521 seconds
[2022-06-13T03:29:16.816+0000][1][safepoint    ] Entering safepoint region: Cleanup
[2022-06-13T03:29:16.816+0000][1][safepoint    ] Leaving safepoint region
[2022-06-13T03:29:16.817+0000][1][safepoint    ] Total time for which application threads were stopped: 0.0008047 seconds, Stopping threads took: 0.0003721 seconds
[2022-06-13T03:29:17.817+0000][1][safepoint    ] Application time: 1.0002484 seconds
[2022-06-13T03:29:17.818+0000][1][safepoint    ] Entering safepoint region: Cleanup
[2022-06-13T03:29:17.818+0000][1][safepoint    ] Leaving safepoint region
[2022-06-13T03:29:17.818+0000][1][safepoint    ] Total time for which application threads were stopped: 0.0007706 seconds, Stopping threads took: 0.0003680 seconds
[2022-06-13T03:29:18.819+0000][1][safepoint    ] Application time: 1.0001835 seconds
[2022-06-13T03:29:18.819+0000][1][safepoint    ] Entering safepoint region: Cleanup
[2022-06-13T03:29:18.820+0000][1][safepoint    ] Leaving safepoint region
[2022-06-13T03:29:18.820+0000][1][safepoint    ] Total time for which application threads were stopped: 0.0006592 seconds, Stopping threads took: 0.0003084 seconds
[2022-06-13T03:29:19.821+0000][1][safepoint    ] Application time: 1.0002519 seconds
[2022-06-13T03:29:19.821+0000][1][safepoint    ] Entering safepoint region: Cleanup
[2022-06-13T03:29:19.822+0000][1][safepoint    ] Leaving safepoint region
[2022-06-13T03:29:19.822+0000][1][safepoint    ] Total time for which application threads were stopped: 0.0010755 seconds, Stopping threads took: 0.0004977 seconds
[2022-06-13T03:29:20.823+0000][1][safepoint    ] Application time: 1.0002313 seconds
[2022-06-13T03:29:20.824+0000][1][safepoint    ] Entering safepoint region: Cleanup
[2022-06-13T03:29:20.824+0000][1][safepoint    ] Leaving safepoint region
[2022-06-13T03:29:20.825+0000][1][safepoint    ] Total time for which application threads were stopped: 0.0010225 seconds, Stopping threads took: 0.0005186 seconds
[2022-06-13T03:29:21.825+0000][1][safepoint    ] Application time: 1.0002924 seconds
[2022-06-13T03:29:21.826+0000][1][safepoint    ] Entering safepoint region: Cleanup
[2022-06-13T03:29:21.826+0000][1][safepoint    ] Leaving safepoint region
[2022-06-13T03:29:21.826+0000][1][safepoint    ] Total time for which application threads were stopped: 0.0007347 seconds, Stopping threads took: 0.0003570 seconds
[2022-06-13T03:29:22.827+0000][1][safepoint    ] Application time: 1.0003084 seconds
[2022-06-13T03:29:22.827+0000][1][safepoint    ] Entering safepoint region: Cleanup
[2022-06-13T03:29:22.828+0000][1][safepoint    ] Leaving safepoint region
[2022-06-13T03:29:22.828+0000][1][safepoint    ] Total time for which application threads were stopped: 0.0008946 seconds, Stopping threads took: 0.0004902 seconds
[2022-06-13T03:29:23.829+0000][1][safepoint    ] Application time: 1.0001811 seconds
[2022-06-13T03:29:23.830+0000][1][safepoint    ] Entering safepoint region: Cleanup
[2022-06-13T03:29:23.830+0000][1][safepoint    ] Leaving safepoint region
[2022-06-13T03:29:23.831+0000][1][safepoint    ] Total time for which application threads were stopped: 0.0015569 seconds, Stopping threads took: 0.0007095 seconds
[2022-06-13T03:29:24.832+0000][1][safepoint    ] Application time: 1.0001856 seconds
[2022-06-13T03:29:24.833+0000][1][safepoint    ] Entering safepoint region: Cleanup
[2022-06-13T03:29:24.834+0000][1][safepoint    ] Leaving safepoint region
[2022-06-13T03:29:24.834+0000][1][safepoint    ] Total time for which application threads were stopped: 0.0013329 seconds, Stopping threads took: 0.0006183 seconds
[2022-06-13T03:29:25.835+0000][1][safepoint    ] Application time: 1.0004017 seconds
[2022-06-13T03:29:25.836+0000][1][safepoint    ] Entering safepoint region: Cleanup
[2022-06-13T03:29:25.836+0000][1][safepoint    ] Leaving safepoint region
[2022-06-13T03:29:25.837+0000][1][safepoint    ] Total time for which application threads were stopped: 0.0007683 seconds, Stopping threads took: 0.0003809 seconds
[2022-06-13T03:29:26.837+0000][1][safepoint    ] Application time: 1.0002828 seconds
[2022-06-13T03:29:26.838+0000][1][safepoint    ] Entering safepoint region: Cleanup
[2022-06-13T03:29:26.838+0000][1][safepoint    ] Leaving safepoint region
[2022-06-13T03:29:26.838+0000][1][safepoint    ] Total time for which application threads were stopped: 0.0007244 seconds, Stopping threads took: 0.0002985 seconds
[2022-06-13T03:29:27.839+0000][1][safepoint    ] Application time: 1.0002662 seconds
[2022-06-13T03:29:27.840+0000][1][safepoint    ] Entering safepoint region: Cleanup
[2022-06-13T03:29:27.840+0000][1][safepoint    ] Leaving safepoint region
[2022-06-13T03:29:27.840+0000][1][safepoint    ] Total time for which application threads were stopped: 0.0008734 seconds, Stopping threads took: 0.0004145 seconds
[2022-06-13T03:29:28.841+0000][1][safepoint    ] Application time: 1.0002410 seconds
[2022-06-13T03:29:28.841+0000][1][safepoint    ] Entering safepoint region: Cleanup
[2022-06-13T03:29:28.842+0000][1][safepoint    ] Leaving safepoint region
[2022-06-13T03:29:28.842+0000][1][safepoint    ] Total time for which application threads were stopped: 0.0006972 seconds, Stopping threads took: 0.0002206 seconds
[2022-06-13T03:29:29.843+0000][1][safepoint    ] Application time: 1.0001517 seconds
[2022-06-13T03:29:29.843+0000][1][safepoint    ] Entering safepoint region: Cleanup
[2022-06-13T03:29:29.844+0000][1][safepoint    ] Leaving safepoint region
[2022-06-13T03:29:29.844+0000][1][safepoint    ] Total time for which application threads were stopped: 0.0009840 seconds, Stopping threads took: 0.0004690 seconds
[2022-06-13T03:29:30.845+0000][1][safepoint    ] Application time: 1.0001355 seconds
[2022-06-13T03:29:30.845+0000][1][safepoint    ] Entering safepoint region: Cleanup
[2022-06-13T03:29:30.846+0000][1][safepoint    ] Leaving safepoint region
[2022-06-13T03:29:30.846+0000][1][safepoint    ] Total time for which application threads were stopped: 0.0008732 seconds, Stopping threads took: 0.0004177 seconds
[2022-06-13T03:29:31.847+0000][1][safepoint    ] Application time: 1.0003292 seconds
[2022-06-13T03:29:31.847+0000][1][safepoint    ] Entering safepoint region: Cleanup
[2022-06-13T03:29:31.848+0000][1][safepoint    ] Leaving safepoint region
[2022-06-13T03:29:31.848+0000][1][safepoint    ] Total time for which application threads were stopped: 0.0009651 seconds, Stopping threads took: 0.0004763 seconds
[2022-06-13T03:29:32.849+0000][1][safepoint    ] Application time: 1.0002722 seconds
[2022-06-13T03:29:32.850+0000][1][safepoint    ] Entering safepoint region: Cleanup
[2022-06-13T03:29:32.851+0000][1][safepoint    ] Leaving safepoint region
[2022-06-13T03:29:32.851+0000][1][safepoint    ] Total time for which application threads were stopped: 0.0011003 seconds, Stopping threads took: 0.0005043 seconds
[2022-06-13T03:29:33.852+0000][1][safepoint    ] Application time: 1.0003193 seconds
[2022-06-13T03:29:33.852+0000][1][safepoint    ] Entering safepoint region: Cleanup
[2022-06-13T03:29:33.853+0000][1][safepoint    ] Leaving safepoint region
[2022-06-13T03:29:33.853+0000][1][safepoint    ] Total time for which application threads were stopped: 0.0006511 seconds, Stopping threads took: 0.0002915 seconds
[2022-06-13T03:29:34.853+0000][1][safepoint    ] Application time: 1.0002262 seconds
[2022-06-13T03:29:34.854+0000][1][safepoint    ] Entering safepoint region: Cleanup
[2022-06-13T03:29:34.855+0000][1][safepoint    ] Leaving safepoint region
[2022-06-13T03:29:34.855+0000][1][safepoint    ] Total time for which application threads were stopped: 0.0011665 seconds, Stopping threads took: 0.0005557 seconds
[2022-06-13T03:29:35.856+0000][1][safepoint    ] Application time: 1.0001979 seconds
[2022-06-13T03:29:35.856+0000][1][safepoint    ] Entering safepoint region: Cleanup
[2022-06-13T03:29:35.857+0000][1][safepoint    ] Leaving safepoint region
[2022-06-13T03:29:35.857+0000][1][safepoint    ] Total time for which application threads were stopped: 0.0005766 seconds, Stopping threads took: 0.0002955 seconds
[2022-06-13T03:29:36.857+0000][1][safepoint    ] Application time: 1.0002139 seconds
[2022-06-13T03:29:36.858+0000][1][safepoint    ] Entering safepoint region: Cleanup
[2022-06-13T03:29:36.858+0000][1][safepoint    ] Leaving safepoint region
[2022-06-13T03:29:36.859+0000][1][safepoint    ] Total time for which application threads were stopped: 0.0009200 seconds, Stopping threads took: 0.0004383 seconds
[2022-06-13T03:29:37.859+0000][1][safepoint    ] Application time: 1.0004144 seconds
[2022-06-13T03:29:37.860+0000][1][safepoint    ] Entering safepoint region: Cleanup
[2022-06-13T03:29:37.861+0000][1][safepoint    ] Leaving safepoint region
[2022-06-13T03:29:37.861+0000][1][safepoint    ] Total time for which application threads were stopped: 0.0009350 seconds, Stopping threads took: 0.0005229 seconds
[2022-06-13T03:29:38.862+0000][1][safepoint    ] Application time: 1.0002870 seconds
[2022-06-13T03:29:38.862+0000][1][safepoint    ] Entering safepoint region: Cleanup
[2022-06-13T03:29:38.863+0000][1][safepoint    ] Leaving safepoint region
[2022-06-13T03:29:38.863+0000][1][safepoint    ] Total time for which application threads were stopped: 0.0010307 seconds, Stopping threads took: 0.0004983 seconds
[2022-06-13T03:29:39.864+0000][1][safepoint    ] Application time: 1.0002124 seconds
[2022-06-13T03:29:39.865+0000][1][safepoint    ] Entering safepoint region: Cleanup
[2022-06-13T03:29:39.865+0000][1][safepoint    ] Leaving safepoint region
[2022-06-13T03:29:39.866+0000][1][safepoint    ] Total time for which application threads were stopped: 0.0008815 seconds, Stopping threads took: 0.0003903 seconds
[2022-06-13T03:29:40.866+0000][1][safepoint    ] Application time: 1.0002561 seconds
[2022-06-13T03:29:40.867+0000][1][safepoint    ] Entering safepoint region: Cleanup
[2022-06-13T03:29:40.868+0000][1][safepoint    ] Leaving safepoint region
[2022-06-13T03:29:40.868+0000][1][safepoint    ] Total time for which application threads were stopped: 0.0010208 seconds, Stopping threads took: 0.0005267 seconds
[2022-06-13T03:29:41.869+0000][1][safepoint    ] Application time: 1.0003479 seconds
[2022-06-13T03:29:41.869+0000][1][safepoint    ] Entering safepoint region: Cleanup
[2022-06-13T03:29:41.870+0000][1][safepoint    ] Leaving safepoint region
[2022-06-13T03:29:41.871+0000][1][safepoint    ] Total time for which application threads were stopped: 0.0014289 seconds, Stopping threads took: 0.0006873 seconds
[2022-06-13T03:29:42.872+0000][1][safepoint    ] Application time: 1.0003741 seconds
[2022-06-13T03:29:42.872+0000][1][safepoint    ] Entering safepoint region: Cleanup
[2022-06-13T03:29:42.873+0000][1][safepoint    ] Leaving safepoint region
[2022-06-13T03:29:42.874+0000][1][safepoint    ] Total time for which application threads were stopped: 0.0012068 seconds, Stopping threads took: 0.0005677 seconds
[2022-06-13T03:29:43.874+0000][1][safepoint    ] Application time: 1.0002044 seconds
[2022-06-13T03:29:43.875+0000][1][safepoint    ] Entering safepoint region: Cleanup
[2022-06-13T03:29:43.875+0000][1][safepoint    ] Leaving safepoint region
[2022-06-13T03:29:43.876+0000][1][safepoint    ] Total time for which application threads were stopped: 0.0007611 seconds, Stopping threads took: 0.0003777 seconds
[2022-06-13T03:29:44.876+0000][1][safepoint    ] Application time: 1.0001844 seconds
[2022-06-13T03:29:44.877+0000][1][safepoint    ] Entering safepoint region: Cleanup
[2022-06-13T03:29:44.877+0000][1][safepoint    ] Leaving safepoint region
[2022-06-13T03:29:44.877+0000][1][safepoint    ] Total time for which application threads were stopped: 0.0004568 seconds, Stopping threads took: 0.0001910 seconds
[2022-06-13T03:29:45.877+0000][1][safepoint    ] Application time: 1.0002555 seconds
[2022-06-13T03:29:45.878+0000][1][safepoint    ] Entering safepoint region: Cleanup
[2022-06-13T03:29:45.879+0000][1][safepoint    ] Leaving safepoint region
[2022-06-13T03:29:45.880+0000][1][safepoint    ] Total time for which application threads were stopped: 0.0016626 seconds, Stopping threads took: 0.0007284 seconds
[2022-06-13T03:29:46.881+0000][1][safepoint    ] Application time: 1.0002319 seconds
[2022-06-13T03:29:46.881+0000][1][safepoint    ] Entering safepoint region: Cleanup
[2022-06-13T03:29:46.882+0000][1][safepoint    ] Leaving safepoint region
[2022-06-13T03:29:46.882+0000][1][safepoint    ] Total time for which application threads were stopped: 0.0008085 seconds, Stopping threads took: 0.0003620 seconds
[2022-06-13T03:29:47.883+0000][1][safepoint    ] Application time: 1.0001304 seconds
[2022-06-13T03:29:47.883+0000][1][safepoint    ] Entering safepoint region: Cleanup
[2022-06-13T03:29:47.883+0000][1][safepoint    ] Leaving safepoint region
[2022-06-13T03:29:47.884+0000][1][safepoint    ] Total time for which application threads were stopped: 0.0006417 seconds, Stopping threads took: 0.0001950 seconds
[2022-06-13T03:29:48.884+0000][1][safepoint    ] Application time: 1.0001522 seconds
[2022-06-13T03:29:48.884+0000][1][safepoint    ] Entering safepoint region: Cleanup
[2022-06-13T03:29:48.885+0000][1][safepoint    ] Leaving safepoint region
[2022-06-13T03:29:48.885+0000][1][safepoint    ] Total time for which application threads were stopped: 0.0006741 seconds, Stopping threads took: 0.0002729 seconds
[2022-06-13T03:29:49.886+0000][1][safepoint    ] Application time: 1.0002511 seconds
[2022-06-13T03:29:49.886+0000][1][safepoint    ] Entering safepoint region: Cleanup
[2022-06-13T03:29:49.887+0000][1][safepoint    ] Leaving safepoint region
[2022-06-13T03:29:49.887+0000][1][safepoint    ] Total time for which application threads were stopped: 0.0010730 seconds, Stopping threads took: 0.0005560 seconds
[2022-06-13T03:29:50.888+0000][1][safepoint    ] Application time: 1.0004237 seconds
[2022-06-13T03:29:50.889+0000][1][safepoint    ] Entering safepoint region: Cleanup
[2022-06-13T03:29:50.889+0000][1][safepoint    ] Leaving safepoint region
[2022-06-13T03:29:50.889+0000][1][safepoint    ] Total time for which application threads were stopped: 0.0004145 seconds, Stopping threads took: 0.0001891 seconds
[2022-06-13T03:29:51.890+0000][1][safepoint    ] Application time: 1.0001846 seconds
[2022-06-13T03:29:51.890+0000][1][safepoint    ] Entering safepoint region: Cleanup
[2022-06-13T03:29:51.890+0000][1][safepoint    ] Leaving safepoint region
[2022-06-13T03:29:51.891+0000][1][safepoint    ] Total time for which application threads were stopped: 0.0006436 seconds, Stopping threads took: 0.0003032 seconds
[2022-06-13T03:29:52.891+0000][1][safepoint    ] Application time: 1.0001184 seconds
[2022-06-13T03:29:52.892+0000][1][safepoint    ] Entering safepoint region: Cleanup
[2022-06-13T03:29:52.892+0000][1][safepoint    ] Leaving safepoint region
[2022-06-13T03:29:52.893+0000][1][safepoint    ] Total time for which application threads were stopped: 0.0012536 seconds, Stopping threads took: 0.0005892 seconds
[2022-06-13T03:29:53.893+0000][1][safepoint    ] Application time: 1.0001251 seconds
[2022-06-13T03:29:53.894+0000][1][safepoint    ] Entering safepoint region: Cleanup
[2022-06-13T03:29:53.894+0000][1][safepoint    ] Leaving safepoint region
[2022-06-13T03:29:53.895+0000][1][safepoint    ] Total time for which application threads were stopped: 0.0007799 seconds, Stopping threads took: 0.0003790 seconds
[2022-06-13T03:29:54.895+0000][1][safepoint    ] Application time: 1.0002731 seconds
[2022-06-13T03:29:54.896+0000][1][safepoint    ] Entering safepoint region: Cleanup
[2022-06-13T03:29:54.897+0000][1][safepoint    ] Leaving safepoint region
[2022-06-13T03:29:54.897+0000][1][safepoint    ] Total time for which application threads were stopped: 0.0010445 seconds, Stopping threads took: 0.0004824 seconds
[2022-06-13T03:29:55.898+0000][1][safepoint    ] Application time: 1.0001806 seconds
[2022-06-13T03:29:55.898+0000][1][safepoint    ] Entering safepoint region: Cleanup
[2022-06-13T03:29:55.899+0000][1][safepoint    ] Leaving safepoint region
[2022-06-13T03:29:55.899+0000][1][safepoint    ] Total time for which application threads were stopped: 0.0007341 seconds, Stopping threads took: 0.0005180 seconds
[2022-06-13T03:29:56.899+0000][1][safepoint    ] Application time: 1.0003289 seconds
[2022-06-13T03:29:56.900+0000][1][safepoint    ] Entering safepoint region: Cleanup
[2022-06-13T03:29:56.900+0000][1][safepoint    ] Leaving safepoint region
[2022-06-13T03:29:56.900+0000][1][safepoint    ] Total time for which application threads were stopped: 0.0007424 seconds, Stopping threads took: 0.0003265 seconds
[2022-06-13T03:29:57.901+0000][1][safepoint    ] Application time: 1.0003303 seconds
[2022-06-13T03:29:57.902+0000][1][safepoint    ] Entering safepoint region: Cleanup
[2022-06-13T03:29:57.902+0000][1][safepoint    ] Leaving safepoint region
[2022-06-13T03:29:57.903+0000][1][safepoint    ] Total time for which application threads were stopped: 0.0013802 seconds, Stopping threads took: 0.0006624 seconds
[2022-06-13T03:29:58.904+0000][1][safepoint    ] Application time: 1.0002618 seconds
[2022-06-13T03:29:58.904+0000][1][safepoint    ] Entering safepoint region: Cleanup
[2022-06-13T03:29:58.905+0000][1][safepoint    ] Leaving safepoint region
[2022-06-13T03:29:58.905+0000][1][safepoint    ] Total time for which application threads were stopped: 0.0004588 seconds, Stopping threads took: 0.0001611 seconds
[2022-06-13T03:29:59.906+0000][1][safepoint    ] Application time: 1.0003844 seconds
[2022-06-13T03:29:59.906+0000][1][safepoint    ] Entering safepoint region: Cleanup
[2022-06-13T03:29:59.907+0000][1][safepoint    ] Leaving safepoint region
[2022-06-13T03:29:59.907+0000][1][safepoint    ] Total time for which application threads were stopped: 0.0008261 seconds, Stopping threads took: 0.0003311 seconds
[2022-06-13T03:30:00.908+0000][1][safepoint    ] Application time: 1.0002877 seconds
[2022-06-13T03:30:00.909+0000][1][safepoint    ] Entering safepoint region: Cleanup
[2022-06-13T03:30:00.909+0000][1][safepoint    ] Leaving safepoint region
[2022-06-13T03:30:00.910+0000][1][safepoint    ] Total time for which application threads were stopped: 0.0012073 seconds, Stopping threads took: 0.0005424 seconds
[2022-06-13T03:30:01.910+0000][1][safepoint    ] Application time: 1.0002869 seconds
[2022-06-13T03:30:01.911+0000][1][safepoint    ] Entering safepoint region: Cleanup
[2022-06-13T03:30:01.912+0000][1][safepoint    ] Leaving safepoint region
[2022-06-13T03:30:01.912+0000][1][safepoint    ] Total time for which application threads were stopped: 0.0008609 seconds, Stopping threads took: 0.0004574 seconds
[2022-06-13T03:30:02.912+0000][1][safepoint    ] Application time: 1.0002195 seconds
[2022-06-13T03:30:02.913+0000][1][safepoint    ] Entering safepoint region: Cleanup
[2022-06-13T03:30:02.913+0000][1][safepoint    ] Leaving safepoint region
[2022-06-13T03:30:02.914+0000][1][safepoint    ] Total time for which application threads were stopped: 0.0006672 seconds, Stopping threads took: 0.0003342 seconds
[2022-06-13T03:30:03.914+0000][1][safepoint    ] Application time: 1.0001388 seconds
[2022-06-13T03:30:03.915+0000][1][safepoint    ] Entering safepoint region: Cleanup
[2022-06-13T03:30:03.915+0000][1][safepoint    ] Leaving safepoint region
[2022-06-13T03:30:03.915+0000][1][safepoint    ] Total time for which application threads were stopped: 0.0008214 seconds, Stopping threads took: 0.0003761 seconds
[2022-06-13T03:30:04.916+0000][1][safepoint    ] Application time: 1.0003480 seconds
[2022-06-13T03:30:04.917+0000][1][safepoint    ] Entering safepoint region: Cleanup
[2022-06-13T03:30:04.918+0000][1][safepoint    ] Leaving safepoint region
[2022-06-13T03:30:04.918+0000][1][safepoint    ] Total time for which application threads were stopped: 0.0014567 seconds, Stopping threads took: 0.0006952 seconds
[2022-06-13T03:30:05.919+0000][1][safepoint    ] Application time: 1.0002351 seconds
[2022-06-13T03:30:05.920+0000][1][safepoint    ] Entering safepoint region: Cleanup
[2022-06-13T03:30:05.920+0000][1][safepoint    ] Leaving safepoint region
[2022-06-13T03:30:05.921+0000][1][safepoint    ] Total time for which application threads were stopped: 0.0010511 seconds, Stopping threads took: 0.0004687 seconds
[2022-06-13T03:30:06.790+0000][1][safepoint    ] Application time: 0.8691009 seconds
[2022-06-13T03:30:06.791+0000][1][safepoint    ] Entering safepoint region: GenCollectForAllocation
[2022-06-13T03:30:06.792+0000][1][gc,start     ] GC(26) Pause Young (Allocation Failure)
[2022-06-13T03:30:06.793+0000][1][gc,task      ] GC(26) Using 5 workers of 13 for evacuation
[2022-06-13T03:30:06.797+0000][1][gc,age       ] GC(26) Desired survivor size 4456448 bytes, new threshold 6 (max threshold 6)
[2022-06-13T03:30:06.797+0000][1][gc,age       ] GC(26) Age table with threshold 6 (max threshold 6)
[2022-06-13T03:30:06.797+0000][1][gc,age       ] GC(26) - age   1:       7232 bytes,       7232 total
[2022-06-13T03:30:06.797+0000][1][gc,age       ] GC(26) - age   2:     287872 bytes,     295104 total
[2022-06-13T03:30:06.798+0000][1][gc,age       ] GC(26) - age   3:     833328 bytes,    1128432 total
[2022-06-13T03:30:06.798+0000][1][gc,age       ] GC(26) - age   4:    1322440 bytes,    2450872 total
[2022-06-13T03:30:06.798+0000][1][gc,age       ] GC(26) - age   5:    1007240 bytes,    3458112 total
[2022-06-13T03:30:06.799+0000][1][gc,heap      ] GC(26) ParNew: 76139K->4567K(78656K)
[2022-06-13T03:30:06.799+0000][1][gc,heap      ] GC(26) CMS: 67724K->67724K(174784K)
[2022-06-13T03:30:06.799+0000][1][gc,metaspace ] GC(26) Metaspace: 70581K->70581K(1114112K)
[2022-06-13T03:30:06.800+0000][1][gc           ] GC(26) Pause Young (Allocation Failure) 140M->70M(247M) 7.946ms
[2022-06-13T03:30:06.800+0000][1][gc,cpu       ] GC(26) User=0.02s Sys=0.00s Real=0.01s
[2022-06-13T03:30:06.800+0000][1][safepoint    ] Leaving safepoint region
[2022-06-13T03:30:06.801+0000][1][safepoint    ] Total time for which application threads were stopped: 0.0100576 seconds, Stopping threads took: 0.0008455 seconds
[2022-06-13T03:30:07.801+0000][1][safepoint    ] Application time: 1.0002784 seconds
[2022-06-13T03:30:07.802+0000][1][safepoint    ] Entering safepoint region: Cleanup
[2022-06-13T03:30:07.803+0000][1][safepoint    ] Leaving safepoint region
[2022-06-13T03:30:07.803+0000][1][safepoint    ] Total time for which application threads were stopped: 0.0009031 seconds, Stopping threads took: 0.0004234 seconds
[2022-06-13T03:30:08.803+0000][1][safepoint    ] Application time: 1.0001737 seconds
[2022-06-13T03:30:08.804+0000][1][safepoint    ] Entering safepoint region: Cleanup
[2022-06-13T03:30:08.805+0000][1][safepoint    ] Leaving safepoint region
[2022-06-13T03:30:08.805+0000][1][safepoint    ] Total time for which application threads were stopped: 0.0012425 seconds, Stopping threads took: 0.0005633 seconds
[2022-06-13T03:30:09.806+0000][1][safepoint    ] Application time: 1.0001790 seconds
[2022-06-13T03:30:09.806+0000][1][safepoint    ] Entering safepoint region: Cleanup
[2022-06-13T03:30:09.806+0000][1][safepoint    ] Leaving safepoint region
[2022-06-13T03:30:09.806+0000][1][safepoint    ] Total time for which application threads were stopped: 0.0003514 seconds, Stopping threads took: 0.0001640 seconds
[2022-06-13T03:30:10.807+0000][1][safepoint    ] Application time: 1.0003144 seconds
[2022-06-13T03:30:10.808+0000][1][safepoint    ] Entering safepoint region: Cleanup
[2022-06-13T03:30:10.808+0000][1][safepoint    ] Leaving safepoint region
[2022-06-13T03:30:10.809+0000][1][safepoint    ] Total time for which application threads were stopped: 0.0009604 seconds, Stopping threads took: 0.0004741 seconds
[2022-06-13T03:30:11.809+0000][1][safepoint    ] Application time: 1.0002176 seconds
[2022-06-13T03:30:11.810+0000][1][safepoint    ] Entering safepoint region: Cleanup
[2022-06-13T03:30:11.810+0000][1][safepoint    ] Leaving safepoint region
[2022-06-13T03:30:11.810+0000][1][safepoint    ] Total time for which application threads were stopped: 0.0007142 seconds, Stopping threads took: 0.0003498 seconds
[2022-06-13T03:30:12.811+0000][1][safepoint    ] Application time: 1.0003040 seconds
[2022-06-13T03:30:12.811+0000][1][safepoint    ] Entering safepoint region: Cleanup
[2022-06-13T03:30:12.812+0000][1][safepoint    ] Leaving safepoint region
[2022-06-13T03:30:12.812+0000][1][safepoint    ] Total time for which application threads were stopped: 0.0007493 seconds, Stopping threads took: 0.0003614 seconds
[2022-06-13T03:30:13.813+0000][1][safepoint    ] Application time: 1.0001952 seconds
[2022-06-13T03:30:13.813+0000][1][safepoint    ] Entering safepoint region: Cleanup
[2022-06-13T03:30:13.814+0000][1][safepoint    ] Leaving safepoint region
[2022-06-13T03:30:13.814+0000][1][safepoint    ] Total time for which application threads were stopped: 0.0007991 seconds, Stopping threads took: 0.0003631 seconds
[2022-06-13T03:30:14.815+0000][1][safepoint    ] Application time: 1.0002055 seconds
[2022-06-13T03:30:14.815+0000][1][safepoint    ] Entering safepoint region: Cleanup
[2022-06-13T03:30:14.815+0000][1][safepoint    ] Leaving safepoint region
[2022-06-13T03:30:14.816+0000][1][safepoint    ] Total time for which application threads were stopped: 0.0006385 seconds, Stopping threads took: 0.0003168 seconds
[2022-06-13T03:30:15.816+0000][1][safepoint    ] Application time: 1.0002341 seconds
[2022-06-13T03:30:15.816+0000][1][safepoint    ] Entering safepoint region: Cleanup
[2022-06-13T03:30:15.817+0000][1][safepoint    ] Leaving safepoint region
[2022-06-13T03:30:15.817+0000][1][safepoint    ] Total time for which application threads were stopped: 0.0006905 seconds, Stopping threads took: 0.0003353 seconds
[2022-06-13T03:30:16.818+0000][1][safepoint    ] Application time: 1.0002072 seconds
[2022-06-13T03:30:16.818+0000][1][safepoint    ] Entering safepoint region: Cleanup
[2022-06-13T03:30:16.818+0000][1][safepoint    ] Leaving safepoint region
[2022-06-13T03:30:16.819+0000][1][safepoint    ] Total time for which application threads were stopped: 0.0007132 seconds, Stopping threads took: 0.0003570 seconds
[2022-06-13T03:30:17.819+0000][1][safepoint    ] Application time: 1.0001173 seconds
[2022-06-13T03:30:17.820+0000][1][safepoint    ] Entering safepoint region: Cleanup
[2022-06-13T03:30:17.820+0000][1][safepoint    ] Leaving safepoint region
[2022-06-13T03:30:17.820+0000][1][safepoint    ] Total time for which application threads were stopped: 0.0008508 seconds, Stopping threads took: 0.0004276 seconds
[2022-06-13T03:30:18.821+0000][1][safepoint    ] Application time: 1.0002009 seconds
[2022-06-13T03:30:18.822+0000][1][safepoint    ] Entering safepoint region: Cleanup
[2022-06-13T03:30:18.822+0000][1][safepoint    ] Leaving safepoint region
[2022-06-13T03:30:18.822+0000][1][safepoint    ] Total time for which application threads were stopped: 0.0007889 seconds, Stopping threads took: 0.0003536 seconds
[2022-06-13T03:30:19.823+0000][1][safepoint    ] Application time: 1.0003741 seconds
[2022-06-13T03:30:19.824+0000][1][safepoint    ] Entering safepoint region: Cleanup
[2022-06-13T03:30:19.825+0000][1][safepoint    ] Leaving safepoint region
[2022-06-13T03:30:19.825+0000][1][safepoint    ] Total time for which application threads were stopped: 0.0014961 seconds, Stopping threads took: 0.0007313 seconds
[2022-06-13T03:30:20.826+0000][1][safepoint    ] Application time: 1.0001987 seconds
[2022-06-13T03:30:20.827+0000][1][safepoint    ] Entering safepoint region: Cleanup
[2022-06-13T03:30:20.827+0000][1][safepoint    ] Leaving safepoint region
[2022-06-13T03:30:20.827+0000][1][safepoint    ] Total time for which application threads were stopped: 0.0007498 seconds, Stopping threads took: 0.0003382 seconds
[2022-06-13T03:30:21.828+0000][1][safepoint    ] Application time: 1.0003574 seconds
[2022-06-13T03:30:21.828+0000][1][safepoint    ] Entering safepoint region: Cleanup
[2022-06-13T03:30:21.829+0000][1][safepoint    ] Leaving safepoint region
[2022-06-13T03:30:21.830+0000][1][safepoint    ] Total time for which application threads were stopped: 0.0011264 seconds, Stopping threads took: 0.0006195 seconds
[2022-06-13T03:30:22.830+0000][1][safepoint    ] Application time: 1.0002101 seconds
[2022-06-13T03:30:22.831+0000][1][safepoint    ] Entering safepoint region: Cleanup
[2022-06-13T03:30:22.831+0000][1][safepoint    ] Leaving safepoint region
[2022-06-13T03:30:22.832+0000][1][safepoint    ] Total time for which application threads were stopped: 0.0010195 seconds, Stopping threads took: 0.0004049 seconds
[2022-06-13T03:30:23.832+0000][1][safepoint    ] Application time: 1.0001529 seconds
[2022-06-13T03:30:23.833+0000][1][safepoint    ] Entering safepoint region: Cleanup
[2022-06-13T03:30:23.833+0000][1][safepoint    ] Leaving safepoint region
[2022-06-13T03:30:23.833+0000][1][safepoint    ] Total time for which application threads were stopped: 0.0006562 seconds, Stopping threads took: 0.0003404 seconds
[2022-06-13T03:30:24.834+0000][1][safepoint    ] Application time: 1.0001758 seconds
[2022-06-13T03:30:24.834+0000][1][safepoint    ] Entering safepoint region: Cleanup
[2022-06-13T03:30:24.834+0000][1][safepoint    ] Leaving safepoint region
[2022-06-13T03:30:24.835+0000][1][safepoint    ] Total time for which application threads were stopped: 0.0005287 seconds, Stopping threads took: 0.0002291 seconds
[2022-06-13T03:30:25.835+0000][1][safepoint    ] Application time: 1.0002251 seconds
[2022-06-13T03:30:25.836+0000][1][safepoint    ] Entering safepoint region: Cleanup
[2022-06-13T03:30:25.836+0000][1][safepoint    ] Leaving safepoint region
[2022-06-13T03:30:25.837+0000][1][safepoint    ] Total time for which application threads were stopped: 0.0008690 seconds, Stopping threads took: 0.0003957 seconds
[2022-06-13T03:30:26.837+0000][1][safepoint    ] Application time: 1.0002826 seconds
[2022-06-13T03:30:26.838+0000][1][safepoint    ] Entering safepoint region: Cleanup
[2022-06-13T03:30:26.838+0000][1][safepoint    ] Leaving safepoint region
[2022-06-13T03:30:26.838+0000][1][safepoint    ] Total time for which application threads were stopped: 0.0005043 seconds, Stopping threads took: 0.0002539 seconds
[2022-06-13T03:30:27.839+0000][1][safepoint    ] Application time: 1.0002578 seconds
[2022-06-13T03:30:27.839+0000][1][safepoint    ] Entering safepoint region: Cleanup
[2022-06-13T03:30:27.840+0000][1][safepoint    ] Leaving safepoint region
[2022-06-13T03:30:27.841+0000][1][safepoint    ] Total time for which application threads were stopped: 0.0013814 seconds, Stopping threads took: 0.0006718 seconds
[2022-06-13T03:30:28.841+0000][1][safepoint    ] Application time: 1.0002166 seconds
[2022-06-13T03:30:28.842+0000][1][safepoint    ] Entering safepoint region: Cleanup
[2022-06-13T03:30:28.842+0000][1][safepoint    ] Leaving safepoint region
[2022-06-13T03:30:28.842+0000][1][safepoint    ] Total time for which application threads were stopped: 0.0007533 seconds, Stopping threads took: 0.0003319 seconds
[2022-06-13T03:30:29.843+0000][1][safepoint    ] Application time: 1.0001855 seconds
[2022-06-13T03:30:29.843+0000][1][safepoint    ] Entering safepoint region: Cleanup
[2022-06-13T03:30:29.844+0000][1][safepoint    ] Leaving safepoint region
[2022-06-13T03:30:29.844+0000][1][safepoint    ] Total time for which application threads were stopped: 0.0006325 seconds, Stopping threads took: 0.0002619 seconds
[2022-06-13T03:30:30.845+0000][1][safepoint    ] Application time: 1.0001853 seconds
[2022-06-13T03:30:30.845+0000][1][safepoint    ] Entering safepoint region: Cleanup
[2022-06-13T03:30:30.846+0000][1][safepoint    ] Leaving safepoint region
[2022-06-13T03:30:30.846+0000][1][safepoint    ] Total time for which application threads were stopped: 0.0006204 seconds, Stopping threads took: 0.0003143 seconds
[2022-06-13T03:30:31.846+0000][1][safepoint    ] Application time: 1.0001467 seconds
[2022-06-13T03:30:31.847+0000][1][safepoint    ] Entering safepoint region: Cleanup
[2022-06-13T03:30:31.847+0000][1][safepoint    ] Leaving safepoint region
[2022-06-13T03:30:31.847+0000][1][safepoint    ] Total time for which application threads were stopped: 0.0006525 seconds, Stopping threads took: 0.0003183 seconds
[2022-06-13T03:30:32.848+0000][1][safepoint    ] Application time: 1.0001846 seconds
[2022-06-13T03:30:32.848+0000][1][safepoint    ] Entering safepoint region: Cleanup
[2022-06-13T03:30:32.849+0000][1][safepoint    ] Leaving safepoint region
[2022-06-13T03:30:32.850+0000][1][safepoint    ] Total time for which application threads were stopped: 0.0013865 seconds, Stopping threads took: 0.0006698 seconds
[2022-06-13T03:30:33.850+0000][1][safepoint    ] Application time: 1.0001415 seconds
[2022-06-13T03:30:33.851+0000][1][safepoint    ] Entering safepoint region: Cleanup
[2022-06-13T03:30:33.851+0000][1][safepoint    ] Leaving safepoint region
[2022-06-13T03:30:33.851+0000][1][safepoint    ] Total time for which application threads were stopped: 0.0007388 seconds, Stopping threads took: 0.0002805 seconds
[2022-06-13T03:30:34.852+0000][1][safepoint    ] Application time: 1.0002118 seconds
[2022-06-13T03:30:34.852+0000][1][safepoint    ] Entering safepoint region: Cleanup
[2022-06-13T03:30:34.853+0000][1][safepoint    ] Leaving safepoint region
[2022-06-13T03:30:34.853+0000][1][safepoint    ] Total time for which application threads were stopped: 0.0006494 seconds, Stopping threads took: 0.0003006 seconds
[2022-06-13T03:30:35.853+0000][1][safepoint    ] Application time: 1.0002198 seconds
[2022-06-13T03:30:35.854+0000][1][safepoint    ] Entering safepoint region: Cleanup
[2022-06-13T03:30:35.854+0000][1][safepoint    ] Leaving safepoint region
[2022-06-13T03:30:35.855+0000][1][safepoint    ] Total time for which application threads were stopped: 0.0006678 seconds, Stopping threads took: 0.0002960 seconds
[2022-06-13T03:30:36.855+0000][1][safepoint    ] Application time: 1.0003054 seconds
[2022-06-13T03:30:36.855+0000][1][safepoint    ] Entering safepoint region: Cleanup
[2022-06-13T03:30:36.856+0000][1][safepoint    ] Leaving safepoint region
[2022-06-13T03:30:36.856+0000][1][safepoint    ] Total time for which application threads were stopped: 0.0005824 seconds, Stopping threads took: 0.0002703 seconds
[2022-06-13T03:30:37.856+0000][1][safepoint    ] Application time: 1.0001803 seconds
[2022-06-13T03:30:37.857+0000][1][safepoint    ] Entering safepoint region: Cleanup
[2022-06-13T03:30:37.857+0000][1][safepoint    ] Leaving safepoint region
[2022-06-13T03:30:37.858+0000][1][safepoint    ] Total time for which application threads were stopped: 0.0006420 seconds, Stopping threads took: 0.0003450 seconds
[2022-06-13T03:30:38.858+0000][1][safepoint    ] Application time: 1.0003113 seconds
[2022-06-13T03:30:38.859+0000][1][safepoint    ] Entering safepoint region: Cleanup
[2022-06-13T03:30:38.859+0000][1][safepoint    ] Leaving safepoint region
[2022-06-13T03:30:38.860+0000][1][safepoint    ] Total time for which application threads were stopped: 0.0009211 seconds, Stopping threads took: 0.0003912 seconds
[2022-06-13T03:30:39.861+0000][1][safepoint    ] Application time: 1.0002561 seconds
[2022-06-13T03:30:39.861+0000][1][safepoint    ] Entering safepoint region: Cleanup
[2022-06-13T03:30:39.862+0000][1][safepoint    ] Leaving safepoint region
[2022-06-13T03:30:39.862+0000][1][safepoint    ] Total time for which application threads were stopped: 0.0007082 seconds, Stopping threads took: 0.0003703 seconds
[2022-06-13T03:30:40.862+0000][1][safepoint    ] Application time: 1.0002079 seconds
[2022-06-13T03:30:40.863+0000][1][safepoint    ] Entering safepoint region: Cleanup
[2022-06-13T03:30:40.863+0000][1][safepoint    ] Leaving safepoint region
[2022-06-13T03:30:40.864+0000][1][safepoint    ] Total time for which application threads were stopped: 0.0007810 seconds, Stopping threads took: 0.0003570 seconds
[2022-06-13T03:30:41.864+0000][1][safepoint    ] Application time: 1.0002325 seconds
[2022-06-13T03:30:41.865+0000][1][safepoint    ] Entering safepoint region: Cleanup
[2022-06-13T03:30:41.866+0000][1][safepoint    ] Leaving safepoint region
[2022-06-13T03:30:41.867+0000][1][safepoint    ] Total time for which application threads were stopped: 0.0014866 seconds, Stopping threads took: 0.0006419 seconds
[2022-06-13T03:30:42.868+0000][1][safepoint    ] Application time: 1.0002864 seconds
[2022-06-13T03:30:42.868+0000][1][safepoint    ] Entering safepoint region: Cleanup
[2022-06-13T03:30:42.869+0000][1][safepoint    ] Leaving safepoint region
[2022-06-13T03:30:42.869+0000][1][safepoint    ] Total time for which application threads were stopped: 0.0009426 seconds, Stopping threads took: 0.0004933 seconds
[2022-06-13T03:30:43.870+0000][1][safepoint    ] Application time: 1.0002330 seconds
[2022-06-13T03:30:43.871+0000][1][safepoint    ] Entering safepoint region: Cleanup
[2022-06-13T03:30:43.871+0000][1][safepoint    ] Leaving safepoint region
[2022-06-13T03:30:43.872+0000][1][safepoint    ] Total time for which application threads were stopped: 0.0009353 seconds, Stopping threads took: 0.0004364 seconds
[2022-06-13T03:30:44.872+0000][1][safepoint    ] Application time: 1.0002414 seconds
[2022-06-13T03:30:44.873+0000][1][safepoint    ] Entering safepoint region: Cleanup
[2022-06-13T03:30:44.874+0000][1][safepoint    ] Leaving safepoint region
[2022-06-13T03:30:44.875+0000][1][safepoint    ] Total time for which application threads were stopped: 0.0015066 seconds, Stopping threads took: 0.0006585 seconds
[2022-06-13T03:30:45.876+0000][1][safepoint    ] Application time: 1.0001610 seconds
[2022-06-13T03:30:45.876+0000][1][safepoint    ] Entering safepoint region: Cleanup
[2022-06-13T03:30:45.877+0000][1][safepoint    ] Leaving safepoint region
[2022-06-13T03:30:45.877+0000][1][safepoint    ] Total time for which application threads were stopped: 0.0004857 seconds, Stopping threads took: 0.0003058 seconds
[2022-06-13T03:30:46.877+0000][1][safepoint    ] Application time: 1.0002197 seconds
[2022-06-13T03:30:46.878+0000][1][safepoint    ] Entering safepoint region: Cleanup
[2022-06-13T03:30:46.878+0000][1][safepoint    ] Leaving safepoint region
[2022-06-13T03:30:46.879+0000][1][safepoint    ] Total time for which application threads were stopped: 0.0012598 seconds, Stopping threads took: 0.0005371 seconds
[2022-06-13T03:30:47.880+0000][1][safepoint    ] Application time: 1.0002416 seconds
[2022-06-13T03:30:47.880+0000][1][safepoint    ] Entering safepoint region: Cleanup
[2022-06-13T03:30:47.881+0000][1][safepoint    ] Leaving safepoint region
[2022-06-13T03:30:47.881+0000][1][safepoint    ] Total time for which application threads were stopped: 0.0008971 seconds, Stopping threads took: 0.0004133 seconds
[2022-06-13T03:30:48.882+0000][1][safepoint    ] Application time: 1.0001882 seconds
[2022-06-13T03:30:48.882+0000][1][safepoint    ] Entering safepoint region: Cleanup
[2022-06-13T03:30:48.883+0000][1][safepoint    ] Leaving safepoint region
[2022-06-13T03:30:48.883+0000][1][safepoint    ] Total time for which application threads were stopped: 0.0009653 seconds, Stopping threads took: 0.0004719 seconds
[2022-06-13T03:30:49.884+0000][1][safepoint    ] Application time: 1.0001010 seconds
[2022-06-13T03:30:49.884+0000][1][safepoint    ] Entering safepoint region: Cleanup
[2022-06-13T03:30:49.885+0000][1][safepoint    ] Leaving safepoint region
[2022-06-13T03:30:49.885+0000][1][safepoint    ] Total time for which application threads were stopped: 0.0004743 seconds, Stopping threads took: 0.0002146 seconds
[2022-06-13T03:30:50.885+0000][1][safepoint    ] Application time: 1.0001259 seconds
[2022-06-13T03:30:50.886+0000][1][safepoint    ] Entering safepoint region: Cleanup
[2022-06-13T03:30:50.886+0000][1][safepoint    ] Leaving safepoint region
[2022-06-13T03:30:50.886+0000][1][safepoint    ] Total time for which application threads were stopped: 0.0008058 seconds, Stopping threads took: 0.0002064 seconds
[2022-06-13T03:30:51.887+0000][1][safepoint    ] Application time: 1.0002508 seconds
[2022-06-13T03:30:51.887+0000][1][safepoint    ] Entering safepoint region: Cleanup
[2022-06-13T03:30:51.888+0000][1][safepoint    ] Leaving safepoint region
[2022-06-13T03:30:51.888+0000][1][safepoint    ] Total time for which application threads were stopped: 0.0006591 seconds, Stopping threads took: 0.0002952 seconds
[2022-06-13T03:30:52.888+0000][1][safepoint    ] Application time: 1.0001555 seconds
[2022-06-13T03:30:52.889+0000][1][safepoint    ] Entering safepoint region: Cleanup
[2022-06-13T03:30:52.889+0000][1][safepoint    ] Leaving safepoint region
[2022-06-13T03:30:52.890+0000][1][safepoint    ] Total time for which application threads were stopped: 0.0008073 seconds, Stopping threads took: 0.0002476 seconds
[2022-06-13T03:30:53.890+0000][1][safepoint    ] Application time: 1.0001424 seconds
[2022-06-13T03:30:53.890+0000][1][safepoint    ] Entering safepoint region: Cleanup
[2022-06-13T03:30:53.891+0000][1][safepoint    ] Leaving safepoint region
[2022-06-13T03:30:53.891+0000][1][safepoint    ] Total time for which application threads were stopped: 0.0006212 seconds, Stopping threads took: 0.0002922 seconds
[2022-06-13T03:30:54.891+0000][1][safepoint    ] Application time: 1.0002424 seconds
[2022-06-13T03:30:54.892+0000][1][safepoint    ] Entering safepoint region: Cleanup
[2022-06-13T03:30:54.893+0000][1][safepoint    ] Leaving safepoint region
[2022-06-13T03:30:54.893+0000][1][safepoint    ] Total time for which application threads were stopped: 0.0011464 seconds, Stopping threads took: 0.0006334 seconds
[2022-06-13T03:30:55.894+0000][1][safepoint    ] Application time: 1.0002104 seconds
[2022-06-13T03:30:55.894+0000][1][safepoint    ] Entering safepoint region: Cleanup
[2022-06-13T03:30:55.895+0000][1][safepoint    ] Leaving safepoint region
[2022-06-13T03:30:55.895+0000][1][safepoint    ] Total time for which application threads were stopped: 0.0008153 seconds, Stopping threads took: 0.0004310 seconds
[2022-06-13T03:30:56.896+0000][1][safepoint    ] Application time: 1.0002670 seconds
[2022-06-13T03:30:56.896+0000][1][safepoint    ] Entering safepoint region: Cleanup
[2022-06-13T03:30:56.897+0000][1][safepoint    ] Leaving safepoint region
[2022-06-13T03:30:56.897+0000][1][safepoint    ] Total time for which application threads were stopped: 0.0007542 seconds, Stopping threads took: 0.0003590 seconds
[2022-06-13T03:30:57.898+0000][1][safepoint    ] Application time: 1.0001205 seconds
[2022-06-13T03:30:57.898+0000][1][safepoint    ] Entering safepoint region: Cleanup
[2022-06-13T03:30:57.899+0000][1][safepoint    ] Leaving safepoint region
[2022-06-13T03:30:57.899+0000][1][safepoint    ] Total time for which application threads were stopped: 0.0007120 seconds, Stopping threads took: 0.0003376 seconds
[2022-06-13T03:30:58.899+0000][1][safepoint    ] Application time: 1.0001957 seconds
[2022-06-13T03:30:58.900+0000][1][safepoint    ] Entering safepoint region: Cleanup
[2022-06-13T03:30:58.900+0000][1][safepoint    ] Leaving safepoint region
[2022-06-13T03:30:58.900+0000][1][safepoint    ] Total time for which application threads were stopped: 0.0005069 seconds, Stopping threads took: 0.0002073 seconds
[2022-06-13T03:30:59.901+0000][1][safepoint    ] Application time: 1.0003132 seconds
[2022-06-13T03:30:59.901+0000][1][safepoint    ] Entering safepoint region: Cleanup
[2022-06-13T03:30:59.902+0000][1][safepoint    ] Leaving safepoint region
[2022-06-13T03:30:59.902+0000][1][safepoint    ] Total time for which application threads were stopped: 0.0007664 seconds, Stopping threads took: 0.0003526 seconds
[2022-06-13T03:31:00.902+0000][1][safepoint    ] Application time: 1.0001540 seconds
[2022-06-13T03:31:00.903+0000][1][safepoint    ] Entering safepoint region: Cleanup
[2022-06-13T03:31:00.903+0000][1][safepoint    ] Leaving safepoint region
[2022-06-13T03:31:00.904+0000][1][safepoint    ] Total time for which application threads were stopped: 0.0007087 seconds, Stopping threads took: 0.0003426 seconds
[2022-06-13T03:31:01.904+0000][1][safepoint    ] Application time: 1.0001867 seconds
[2022-06-13T03:31:01.905+0000][1][safepoint    ] Entering safepoint region: Cleanup
[2022-06-13T03:31:01.905+0000][1][safepoint    ] Leaving safepoint region
[2022-06-13T03:31:01.906+0000][1][safepoint    ] Total time for which application threads were stopped: 0.0016417 seconds, Stopping threads took: 0.0006394 seconds
[2022-06-13T03:31:02.907+0000][1][safepoint    ] Application time: 1.0002793 seconds
[2022-06-13T03:31:02.908+0000][1][safepoint    ] Entering safepoint region: Cleanup
[2022-06-13T03:31:02.908+0000][1][safepoint    ] Leaving safepoint region
[2022-06-13T03:31:02.908+0000][1][safepoint    ] Total time for which application threads were stopped: 0.0005977 seconds, Stopping threads took: 0.0002527 seconds
[2022-06-13T03:31:03.909+0000][1][safepoint    ] Application time: 1.0002624 seconds
[2022-06-13T03:31:03.910+0000][1][safepoint    ] Entering safepoint region: Cleanup
[2022-06-13T03:31:03.911+0000][1][safepoint    ] Leaving safepoint region
[2022-06-13T03:31:03.911+0000][1][safepoint    ] Total time for which application threads were stopped: 0.0014414 seconds, Stopping threads took: 0.0006111 seconds
[2022-06-13T03:31:04.912+0000][1][safepoint    ] Application time: 1.0003001 seconds
[2022-06-13T03:31:04.913+0000][1][safepoint    ] Entering safepoint region: Cleanup
[2022-06-13T03:31:04.913+0000][1][safepoint    ] Leaving safepoint region
[2022-06-13T03:31:04.914+0000][1][safepoint    ] Total time for which application threads were stopped: 0.0007898 seconds, Stopping threads took: 0.0003515 seconds
[2022-06-13T03:31:05.914+0000][1][safepoint    ] Application time: 1.0002120 seconds
[2022-06-13T03:31:05.915+0000][1][safepoint    ] Entering safepoint region: Cleanup
[2022-06-13T03:31:05.916+0000][1][safepoint    ] Leaving safepoint region
[2022-06-13T03:31:05.916+0000][1][safepoint    ] Total time for which application threads were stopped: 0.0008861 seconds, Stopping threads took: 0.0004494 seconds
[2022-06-13T03:31:06.917+0000][1][safepoint    ] Application time: 1.0003248 seconds
[2022-06-13T03:31:06.917+0000][1][safepoint    ] Entering safepoint region: Cleanup
[2022-06-13T03:31:06.918+0000][1][safepoint    ] Leaving safepoint region
[2022-06-13T03:31:06.918+0000][1][safepoint    ] Total time for which application threads were stopped: 0.0011691 seconds, Stopping threads took: 0.0006243 seconds
[2022-06-13T03:31:07.919+0000][1][safepoint    ] Application time: 1.0001532 seconds
[2022-06-13T03:31:07.920+0000][1][safepoint    ] Entering safepoint region: Cleanup
[2022-06-13T03:31:07.920+0000][1][safepoint    ] Leaving safepoint region
[2022-06-13T03:31:07.921+0000][1][safepoint    ] Total time for which application threads were stopped: 0.0010574 seconds, Stopping threads took: 0.0004942 seconds
[2022-06-13T03:31:08.922+0000][1][safepoint    ] Application time: 1.0002274 seconds
[2022-06-13T03:31:08.923+0000][1][safepoint    ] Entering safepoint region: Cleanup
[2022-06-13T03:31:08.923+0000][1][safepoint    ] Leaving safepoint region
[2022-06-13T03:31:08.924+0000][1][safepoint    ] Total time for which application threads were stopped: 0.0011563 seconds, Stopping threads took: 0.0005535 seconds
[2022-06-13T03:31:09.925+0000][1][safepoint    ] Application time: 1.0001691 seconds
[2022-06-13T03:31:09.925+0000][1][safepoint    ] Entering safepoint region: Cleanup
[2022-06-13T03:31:09.926+0000][1][safepoint    ] Leaving safepoint region
[2022-06-13T03:31:09.926+0000][1][safepoint    ] Total time for which application threads were stopped: 0.0007918 seconds, Stopping threads took: 0.0003803 seconds
[2022-06-13T03:31:10.927+0000][1][safepoint    ] Application time: 1.0001983 seconds
[2022-06-13T03:31:10.927+0000][1][safepoint    ] Entering safepoint region: Cleanup
[2022-06-13T03:31:10.927+0000][1][safepoint    ] Leaving safepoint region
[2022-06-13T03:31:10.928+0000][1][safepoint    ] Total time for which application threads were stopped: 0.0008122 seconds, Stopping threads took: 0.0003796 seconds
[2022-06-13T03:31:11.928+0000][1][safepoint    ] Application time: 1.0001152 seconds
[2022-06-13T03:31:11.929+0000][1][safepoint    ] Entering safepoint region: Cleanup
[2022-06-13T03:31:11.929+0000][1][safepoint    ] Leaving safepoint region
[2022-06-13T03:31:11.929+0000][1][safepoint    ] Total time for which application threads were stopped: 0.0007588 seconds, Stopping threads took: 0.0002734 seconds
[2022-06-13T03:31:12.930+0000][1][safepoint    ] Application time: 1.0001775 seconds
[2022-06-13T03:31:12.930+0000][1][safepoint    ] Entering safepoint region: Cleanup
[2022-06-13T03:31:12.931+0000][1][safepoint    ] Leaving safepoint region
[2022-06-13T03:31:12.931+0000][1][safepoint    ] Total time for which application threads were stopped: 0.0007355 seconds, Stopping threads took: 0.0003587 seconds
[2022-06-13T03:31:13.931+0000][1][safepoint    ] Application time: 1.0001528 seconds
[2022-06-13T03:31:13.932+0000][1][safepoint    ] Entering safepoint region: Cleanup
[2022-06-13T03:31:13.932+0000][1][safepoint    ] Leaving safepoint region
[2022-06-13T03:31:13.932+0000][1][safepoint    ] Total time for which application threads were stopped: 0.0004546 seconds, Stopping threads took: 0.0001907 seconds
[2022-06-13T03:31:14.933+0000][1][safepoint    ] Application time: 1.0002094 seconds
[2022-06-13T03:31:14.933+0000][1][safepoint    ] Entering safepoint region: Cleanup
[2022-06-13T03:31:14.934+0000][1][safepoint    ] Leaving safepoint region
[2022-06-13T03:31:14.934+0000][1][safepoint    ] Total time for which application threads were stopped: 0.0008452 seconds, Stopping threads took: 0.0004016 seconds
[2022-06-13T03:31:15.934+0000][1][safepoint    ] Application time: 1.0002323 seconds
[2022-06-13T03:31:15.935+0000][1][safepoint    ] Entering safepoint region: Cleanup
[2022-06-13T03:31:15.936+0000][1][safepoint    ] Leaving safepoint region
[2022-06-13T03:31:15.936+0000][1][safepoint    ] Total time for which application threads were stopped: 0.0008102 seconds, Stopping threads took: 0.0004514 seconds
[2022-06-13T03:31:16.937+0000][1][safepoint    ] Application time: 1.0002293 seconds
[2022-06-13T03:31:16.937+0000][1][safepoint    ] Entering safepoint region: Cleanup
[2022-06-13T03:31:16.937+0000][1][safepoint    ] Leaving safepoint region
[2022-06-13T03:31:16.938+0000][1][safepoint    ] Total time for which application threads were stopped: 0.0007021 seconds, Stopping threads took: 0.0003418 seconds
[2022-06-13T03:31:17.938+0000][1][safepoint    ] Application time: 1.0002467 seconds
[2022-06-13T03:31:17.939+0000][1][safepoint    ] Entering safepoint region: Cleanup
[2022-06-13T03:31:17.939+0000][1][safepoint    ] Leaving safepoint region
[2022-06-13T03:31:17.939+0000][1][safepoint    ] Total time for which application threads were stopped: 0.0005824 seconds, Stopping threads took: 0.0002189 seconds
[2022-06-13T03:31:18.940+0000][1][safepoint    ] Application time: 1.0002105 seconds
[2022-06-13T03:31:18.940+0000][1][safepoint    ] Entering safepoint region: Cleanup
[2022-06-13T03:31:18.941+0000][1][safepoint    ] Leaving safepoint region
[2022-06-13T03:31:18.941+0000][1][safepoint    ] Total time for which application threads were stopped: 0.0009339 seconds, Stopping threads took: 0.0004679 seconds
[2022-06-13T03:31:19.942+0000][1][safepoint    ] Application time: 1.0002723 seconds
[2022-06-13T03:31:19.943+0000][1][safepoint    ] Entering safepoint region: Cleanup
[2022-06-13T03:31:19.944+0000][1][safepoint    ] Leaving safepoint region
[2022-06-13T03:31:19.944+0000][1][safepoint    ] Total time for which application threads were stopped: 0.0014463 seconds, Stopping threads took: 0.0006487 seconds
[2022-06-13T03:31:20.945+0000][1][safepoint    ] Application time: 1.0002771 seconds
[2022-06-13T03:31:20.945+0000][1][safepoint    ] Entering safepoint region: Cleanup
[2022-06-13T03:31:20.946+0000][1][safepoint    ] Leaving safepoint region
[2022-06-13T03:31:20.946+0000][1][safepoint    ] Total time for which application threads were stopped: 0.0005273 seconds, Stopping threads took: 0.0002540 seconds
[2022-06-13T03:31:21.946+0000][1][safepoint    ] Application time: 1.0001850 seconds
[2022-06-13T03:31:21.947+0000][1][safepoint    ] Entering safepoint region: Cleanup
[2022-06-13T03:31:21.947+0000][1][safepoint    ] Leaving safepoint region
[2022-06-13T03:31:21.948+0000][1][safepoint    ] Total time for which application threads were stopped: 0.0008521 seconds, Stopping threads took: 0.0004210 seconds
[2022-06-13T03:31:22.948+0000][1][safepoint    ] Application time: 1.0002603 seconds
[2022-06-13T03:31:22.949+0000][1][safepoint    ] Entering safepoint region: Cleanup
[2022-06-13T03:31:22.949+0000][1][safepoint    ] Leaving safepoint region
[2022-06-13T03:31:22.950+0000][1][safepoint    ] Total time for which application threads were stopped: 0.0008041 seconds, Stopping threads took: 0.0004200 seconds
[2022-06-13T03:31:23.950+0000][1][safepoint    ] Application time: 1.0002278 seconds
[2022-06-13T03:31:23.951+0000][1][safepoint    ] Entering safepoint region: Cleanup
[2022-06-13T03:31:23.952+0000][1][safepoint    ] Leaving safepoint region
[2022-06-13T03:31:23.952+0000][1][safepoint    ] Total time for which application threads were stopped: 0.0009706 seconds, Stopping threads took: 0.0004550 seconds
[2022-06-13T03:31:24.953+0000][1][safepoint    ] Application time: 1.0001736 seconds
[2022-06-13T03:31:24.953+0000][1][safepoint    ] Entering safepoint region: Cleanup
[2022-06-13T03:31:24.954+0000][1][safepoint    ] Leaving safepoint region
[2022-06-13T03:31:24.954+0000][1][safepoint    ] Total time for which application threads were stopped: 0.0007821 seconds, Stopping threads took: 0.0003919 seconds
[2022-06-13T03:31:25.955+0000][1][safepoint    ] Application time: 1.0002075 seconds
[2022-06-13T03:31:25.955+0000][1][safepoint    ] Entering safepoint region: Cleanup
[2022-06-13T03:31:25.955+0000][1][safepoint    ] Leaving safepoint region
[2022-06-13T03:31:25.956+0000][1][safepoint    ] Total time for which application threads were stopped: 0.0006952 seconds, Stopping threads took: 0.0002716 seconds
[2022-06-13T03:31:26.956+0000][1][safepoint    ] Application time: 1.0001121 seconds
[2022-06-13T03:31:26.956+0000][1][safepoint    ] Entering safepoint region: Cleanup
[2022-06-13T03:31:26.957+0000][1][safepoint    ] Leaving safepoint region
[2022-06-13T03:31:26.957+0000][1][safepoint    ] Total time for which application threads were stopped: 0.0010012 seconds, Stopping threads took: 0.0004370 seconds
[2022-06-13T03:31:27.958+0000][1][safepoint    ] Application time: 1.0002588 seconds
[2022-06-13T03:31:27.959+0000][1][safepoint    ] Entering safepoint region: Cleanup
[2022-06-13T03:31:27.959+0000][1][safepoint    ] Leaving safepoint region
[2022-06-13T03:31:27.960+0000][1][safepoint    ] Total time for which application threads were stopped: 0.0009989 seconds, Stopping threads took: 0.0004626 seconds
[2022-06-13T03:31:28.960+0000][1][safepoint    ] Application time: 1.0003191 seconds
[2022-06-13T03:31:28.961+0000][1][safepoint    ] Entering safepoint region: Cleanup
[2022-06-13T03:31:28.961+0000][1][safepoint    ] Leaving safepoint region
[2022-06-13T03:31:28.962+0000][1][safepoint    ] Total time for which application threads were stopped: 0.0009244 seconds, Stopping threads took: 0.0003912 seconds
[2022-06-13T03:31:29.963+0000][1][safepoint    ] Application time: 1.0003271 seconds
[2022-06-13T03:31:29.963+0000][1][safepoint    ] Entering safepoint region: Cleanup
[2022-06-13T03:31:29.963+0000][1][safepoint    ] Leaving safepoint region
[2022-06-13T03:31:29.964+0000][1][safepoint    ] Total time for which application threads were stopped: 0.0008039 seconds, Stopping threads took: 0.0003912 seconds
[2022-06-13T03:31:30.964+0000][1][safepoint    ] Application time: 1.0001104 seconds
[2022-06-13T03:31:30.965+0000][1][safepoint    ] Entering safepoint region: Cleanup
[2022-06-13T03:31:30.965+0000][1][safepoint    ] Leaving safepoint region
[2022-06-13T03:31:30.965+0000][1][safepoint    ] Total time for which application threads were stopped: 0.0006859 seconds, Stopping threads took: 0.0003156 seconds
[2022-06-13T03:31:31.966+0000][1][safepoint    ] Application time: 1.0001693 seconds
[2022-06-13T03:31:31.966+0000][1][safepoint    ] Entering safepoint region: Cleanup
[2022-06-13T03:31:31.967+0000][1][safepoint    ] Leaving safepoint region
[2022-06-13T03:31:31.967+0000][1][safepoint    ] Total time for which application threads were stopped: 0.0007275 seconds, Stopping threads took: 0.0003004 seconds
[2022-06-13T03:31:32.967+0000][1][safepoint    ] Application time: 1.0001037 seconds
[2022-06-13T03:31:32.968+0000][1][safepoint    ] Entering safepoint region: Cleanup
[2022-06-13T03:31:32.968+0000][1][safepoint    ] Leaving safepoint region
[2022-06-13T03:31:32.969+0000][1][safepoint    ] Total time for which application threads were stopped: 0.0006270 seconds, Stopping threads took: 0.0003371 seconds
[2022-06-13T03:31:33.969+0000][1][safepoint    ] Application time: 1.0001958 seconds
[2022-06-13T03:31:33.970+0000][1][safepoint    ] Entering safepoint region: Cleanup
[2022-06-13T03:31:33.970+0000][1][safepoint    ] Leaving safepoint region
[2022-06-13T03:31:33.971+0000][1][safepoint    ] Total time for which application threads were stopped: 0.0011911 seconds, Stopping threads took: 0.0005195 seconds
[2022-06-13T03:31:34.972+0000][1][safepoint    ] Application time: 1.0002812 seconds
[2022-06-13T03:31:34.972+0000][1][safepoint    ] Entering safepoint region: Cleanup
[2022-06-13T03:31:34.973+0000][1][safepoint    ] Leaving safepoint region
[2022-06-13T03:31:34.973+0000][1][safepoint    ] Total time for which application threads were stopped: 0.0006594 seconds, Stopping threads took: 0.0002748 seconds
[2022-06-13T03:31:35.973+0000][1][safepoint    ] Application time: 1.0002642 seconds
[2022-06-13T03:31:35.974+0000][1][safepoint    ] Entering safepoint region: Cleanup
[2022-06-13T03:31:35.975+0000][1][safepoint    ] Leaving safepoint region
[2022-06-13T03:31:35.976+0000][1][safepoint    ] Total time for which application threads were stopped: 0.0015286 seconds, Stopping threads took: 0.0006906 seconds
[2022-06-13T03:31:36.977+0000][1][safepoint    ] Application time: 1.0003049 seconds
[2022-06-13T03:31:36.977+0000][1][safepoint    ] Entering safepoint region: Cleanup
[2022-06-13T03:31:36.978+0000][1][safepoint    ] Leaving safepoint region
[2022-06-13T03:31:36.978+0000][1][safepoint    ] Total time for which application threads were stopped: 0.0006160 seconds, Stopping threads took: 0.0003084 seconds
[2022-06-13T03:31:37.978+0000][1][safepoint    ] Application time: 1.0001219 seconds
[2022-06-13T03:31:37.979+0000][1][safepoint    ] Entering safepoint region: Cleanup
[2022-06-13T03:31:37.979+0000][1][safepoint    ] Leaving safepoint region
[2022-06-13T03:31:37.979+0000][1][safepoint    ] Total time for which application threads were stopped: 0.0005864 seconds, Stopping threads took: 0.0002634 seconds
[2022-06-13T03:31:38.980+0000][1][safepoint    ] Application time: 1.0002868 seconds
[2022-06-13T03:31:38.980+0000][1][safepoint    ] Entering safepoint region: Cleanup
[2022-06-13T03:31:38.980+0000][1][safepoint    ] Leaving safepoint region
[2022-06-13T03:31:38.981+0000][1][safepoint    ] Total time for which application threads were stopped: 0.0006268 seconds, Stopping threads took: 0.0003010 seconds
[2022-06-13T03:31:39.981+0000][1][safepoint    ] Application time: 1.0002644 seconds
[2022-06-13T03:31:39.982+0000][1][safepoint    ] Entering safepoint region: Cleanup
[2022-06-13T03:31:39.982+0000][1][safepoint    ] Leaving safepoint region
[2022-06-13T03:31:39.982+0000][1][safepoint    ] Total time for which application threads were stopped: 0.0005642 seconds, Stopping threads took: 0.0003008 seconds
[2022-06-13T03:31:40.983+0000][1][safepoint    ] Application time: 1.0001908 seconds
[2022-06-13T03:31:40.984+0000][1][safepoint    ] Entering safepoint region: Cleanup
[2022-06-13T03:31:40.984+0000][1][safepoint    ] Leaving safepoint region
[2022-06-13T03:31:40.985+0000][1][safepoint    ] Total time for which application threads were stopped: 0.0015100 seconds, Stopping threads took: 0.0007562 seconds
[2022-06-13T03:31:41.986+0000][1][safepoint    ] Application time: 1.0001587 seconds
[2022-06-13T03:31:41.986+0000][1][safepoint    ] Entering safepoint region: Cleanup
[2022-06-13T03:31:41.987+0000][1][safepoint    ] Leaving safepoint region
[2022-06-13T03:31:41.987+0000][1][safepoint    ] Total time for which application threads were stopped: 0.0007855 seconds, Stopping threads took: 0.0004308 seconds
[2022-06-13T03:31:42.988+0000][1][safepoint    ] Application time: 1.0003213 seconds
[2022-06-13T03:31:42.989+0000][1][safepoint    ] Entering safepoint region: Cleanup
[2022-06-13T03:31:42.989+0000][1][safepoint    ] Leaving safepoint region
[2022-06-13T03:31:42.990+0000][1][safepoint    ] Total time for which application threads were stopped: 0.0012264 seconds, Stopping threads took: 0.0005354 seconds
[2022-06-13T03:31:43.991+0000][1][safepoint    ] Application time: 1.0002870 seconds
[2022-06-13T03:31:43.991+0000][1][safepoint    ] Entering safepoint region: Cleanup
[2022-06-13T03:31:43.992+0000][1][safepoint    ] Leaving safepoint region
[2022-06-13T03:31:43.992+0000][1][safepoint    ] Total time for which application threads were stopped: 0.0009247 seconds, Stopping threads took: 0.0004506 seconds
[2022-06-13T03:31:44.993+0000][1][safepoint    ] Application time: 1.0002068 seconds
[2022-06-13T03:31:44.993+0000][1][safepoint    ] Entering safepoint region: Cleanup
[2022-06-13T03:31:44.994+0000][1][safepoint    ] Leaving safepoint region
[2022-06-13T03:31:44.994+0000][1][safepoint    ] Total time for which application threads were stopped: 0.0008012 seconds, Stopping threads took: 0.0004321 seconds
[2022-06-13T03:31:45.995+0000][1][safepoint    ] Application time: 1.0002173 seconds
[2022-06-13T03:31:45.995+0000][1][safepoint    ] Entering safepoint region: Cleanup
[2022-06-13T03:31:45.995+0000][1][safepoint    ] Leaving safepoint region
[2022-06-13T03:31:45.996+0000][1][safepoint    ] Total time for which application threads were stopped: 0.0007118 seconds, Stopping threads took: 0.0002637 seconds
[2022-06-13T03:31:46.868+0000][1][safepoint    ] Application time: 0.8722083 seconds
[2022-06-13T03:31:46.869+0000][1][safepoint    ] Entering safepoint region: GenCollectForAllocation
[2022-06-13T03:31:46.869+0000][1][gc,start     ] GC(27) Pause Young (Allocation Failure)
[2022-06-13T03:31:46.870+0000][1][gc,task      ] GC(27) Using 5 workers of 13 for evacuation
[2022-06-13T03:31:46.874+0000][1][gc,age       ] GC(27) Desired survivor size 4456448 bytes, new threshold 6 (max threshold 6)
[2022-06-13T03:31:46.875+0000][1][gc,age       ] GC(27) Age table with threshold 6 (max threshold 6)
[2022-06-13T03:31:46.875+0000][1][gc,age       ] GC(27) - age   1:     137640 bytes,     137640 total
[2022-06-13T03:31:46.876+0000][1][gc,age       ] GC(27) - age   2:       2120 bytes,     139760 total
[2022-06-13T03:31:46.877+0000][1][gc,age       ] GC(27) - age   3:     287808 bytes,     427568 total
[2022-06-13T03:31:46.877+0000][1][gc,age       ] GC(27) - age   4:     785840 bytes,    1213408 total
[2022-06-13T03:31:46.878+0000][1][gc,age       ] GC(27) - age   5:    1322440 bytes,    2535848 total
[2022-06-13T03:31:46.878+0000][1][gc,age       ] GC(27) - age   6:    1002280 bytes,    3538128 total
[2022-06-13T03:31:46.878+0000][1][gc,heap      ] GC(27) ParNew: 74519K->5557K(78656K)
[2022-06-13T03:31:46.879+0000][1][gc,heap      ] GC(27) CMS: 67724K->67724K(174784K)
[2022-06-13T03:31:46.879+0000][1][gc,metaspace ] GC(27) Metaspace: 70591K->70591K(1114112K)
[2022-06-13T03:31:46.880+0000][1][gc           ] GC(27) Pause Young (Allocation Failure) 138M->71M(247M) 10.616ms
[2022-06-13T03:31:46.880+0000][1][gc,cpu       ] GC(27) User=0.01s Sys=0.00s Real=0.01s
[2022-06-13T03:31:46.881+0000][1][safepoint    ] Leaving safepoint region
[2022-06-13T03:31:46.881+0000][1][safepoint    ] Total time for which application threads were stopped: 0.0124963 seconds, Stopping threads took: 0.0004435 seconds
[2022-06-13T03:31:47.882+0000][1][safepoint    ] Application time: 1.0002450 seconds
[2022-06-13T03:31:47.883+0000][1][safepoint    ] Entering safepoint region: Cleanup
[2022-06-13T03:31:47.884+0000][1][safepoint    ] Leaving safepoint region
[2022-06-13T03:31:47.884+0000][1][safepoint    ] Total time for which application threads were stopped: 0.0018018 seconds, Stopping threads took: 0.0007540 seconds
[2022-06-13T03:31:48.885+0000][1][safepoint    ] Application time: 1.0002806 seconds
[2022-06-13T03:31:48.886+0000][1][safepoint    ] Entering safepoint region: Cleanup
[2022-06-13T03:31:48.886+0000][1][safepoint    ] Leaving safepoint region
[2022-06-13T03:31:48.887+0000][1][safepoint    ] Total time for which application threads were stopped: 0.0008168 seconds, Stopping threads took: 0.0003326 seconds
[2022-06-13T03:31:49.887+0000][1][safepoint    ] Application time: 1.0002629 seconds
[2022-06-13T03:31:49.888+0000][1][safepoint    ] Entering safepoint region: Cleanup
[2022-06-13T03:31:49.889+0000][1][safepoint    ] Leaving safepoint region
[2022-06-13T03:31:49.889+0000][1][safepoint    ] Total time for which application threads were stopped: 0.0009395 seconds, Stopping threads took: 0.0006286 seconds
[2022-06-13T03:31:50.890+0000][1][safepoint    ] Application time: 1.0001600 seconds
[2022-06-13T03:31:50.890+0000][1][safepoint    ] Entering safepoint region: Cleanup
[2022-06-13T03:31:50.891+0000][1][safepoint    ] Leaving safepoint region
[2022-06-13T03:31:50.891+0000][1][safepoint    ] Total time for which application threads were stopped: 0.0014063 seconds, Stopping threads took: 0.0007501 seconds
[2022-06-13T03:31:51.892+0000][1][safepoint    ] Application time: 1.0001422 seconds
[2022-06-13T03:31:51.892+0000][1][safepoint    ] Entering safepoint region: Cleanup
[2022-06-13T03:31:51.892+0000][1][safepoint    ] Leaving safepoint region
[2022-06-13T03:31:51.892+0000][1][safepoint    ] Total time for which application threads were stopped: 0.0004002 seconds, Stopping threads took: 0.0001779 seconds
[2022-06-13T03:31:52.893+0000][1][safepoint    ] Application time: 1.0001614 seconds
[2022-06-13T03:31:52.893+0000][1][safepoint    ] Entering safepoint region: Cleanup
[2022-06-13T03:31:52.894+0000][1][safepoint    ] Leaving safepoint region
[2022-06-13T03:31:52.894+0000][1][safepoint    ] Total time for which application threads were stopped: 0.0007849 seconds, Stopping threads took: 0.0002848 seconds
[2022-06-13T03:31:53.895+0000][1][safepoint    ] Application time: 1.0001836 seconds
[2022-06-13T03:31:53.895+0000][1][safepoint    ] Entering safepoint region: Cleanup
[2022-06-13T03:31:53.896+0000][1][safepoint    ] Leaving safepoint region
[2022-06-13T03:31:53.896+0000][1][safepoint    ] Total time for which application threads were stopped: 0.0009252 seconds, Stopping threads took: 0.0004269 seconds
[2022-06-13T03:31:54.897+0000][1][safepoint    ] Application time: 1.0003300 seconds
[2022-06-13T03:31:54.898+0000][1][safepoint    ] Entering safepoint region: Cleanup
[2022-06-13T03:31:54.898+0000][1][safepoint    ] Leaving safepoint region
[2022-06-13T03:31:54.899+0000][1][safepoint    ] Total time for which application threads were stopped: 0.0014194 seconds, Stopping threads took: 0.0006595 seconds
[2022-06-13T03:31:55.900+0000][1][safepoint    ] Application time: 1.0002014 seconds
[2022-06-13T03:31:55.901+0000][1][safepoint    ] Entering safepoint region: Cleanup
[2022-06-13T03:31:55.901+0000][1][safepoint    ] Leaving safepoint region
[2022-06-13T03:31:55.902+0000][1][safepoint    ] Total time for which application threads were stopped: 0.0011004 seconds, Stopping threads took: 0.0005255 seconds
[2022-06-13T03:31:56.902+0000][1][safepoint    ] Application time: 1.0002949 seconds
[2022-06-13T03:31:56.903+0000][1][safepoint    ] Entering safepoint region: Cleanup
[2022-06-13T03:31:56.903+0000][1][safepoint    ] Leaving safepoint region
[2022-06-13T03:31:56.903+0000][1][safepoint    ] Total time for which application threads were stopped: 0.0004968 seconds, Stopping threads took: 0.0002146 seconds
[2022-06-13T03:31:57.904+0000][1][safepoint    ] Application time: 1.0001756 seconds
[2022-06-13T03:31:57.904+0000][1][safepoint    ] Entering safepoint region: Cleanup
[2022-06-13T03:31:57.905+0000][1][safepoint    ] Leaving safepoint region
[2022-06-13T03:31:57.906+0000][1][safepoint    ] Total time for which application threads were stopped: 0.0011992 seconds, Stopping threads took: 0.0005598 seconds
[2022-06-13T03:32:01.907+0000][1][safepoint    ] Application time: 4.0004506 seconds
[2022-06-13T03:32:01.907+0000][1][safepoint    ] Entering safepoint region: Cleanup
[2022-06-13T03:32:01.907+0000][1][safepoint    ] Leaving safepoint region
[2022-06-13T03:32:01.908+0000][1][safepoint    ] Total time for which application threads were stopped: 0.0006846 seconds, Stopping threads took: 0.0002576 seconds
[2022-06-13T03:32:05.908+0000][1][safepoint    ] Application time: 4.0005562 seconds
[2022-06-13T03:32:05.909+0000][1][safepoint    ] Entering safepoint region: Cleanup
[2022-06-13T03:32:05.910+0000][1][safepoint    ] Leaving safepoint region
[2022-06-13T03:32:05.910+0000][1][safepoint    ] Total time for which application threads were stopped: 0.0009138 seconds, Stopping threads took: 0.0004979 seconds
[2022-06-13T03:32:09.911+0000][1][safepoint    ] Application time: 4.0006804 seconds
[2022-06-13T03:32:09.911+0000][1][safepoint    ] Entering safepoint region: Cleanup
[2022-06-13T03:32:09.912+0000][1][safepoint    ] Leaving safepoint region
[2022-06-13T03:32:09.912+0000][1][safepoint    ] Total time for which application threads were stopped: 0.0006511 seconds, Stopping threads took: 0.0002701 seconds
[2022-06-13T03:32:19.914+0000][1][safepoint    ] Application time: 10.0018979 seconds
[2022-06-13T03:32:19.915+0000][1][safepoint    ] Entering safepoint region: Cleanup
[2022-06-13T03:32:19.915+0000][1][safepoint    ] Leaving safepoint region
[2022-06-13T03:32:19.916+0000][1][safepoint    ] Total time for which application threads were stopped: 0.0008796 seconds, Stopping threads took: 0.0004563 seconds
[2022-06-13T03:32:20.983+0000][1][safepoint    ] Application time: 1.0666700 seconds
[2022-06-13T03:32:20.983+0000][1][safepoint    ] Entering safepoint region: RevokeBias
[2022-06-13T03:32:20.984+0000][1][safepoint    ] Leaving safepoint region
[2022-06-13T03:32:20.984+0000][1][safepoint    ] Total time for which application threads were stopped: 0.0008435 seconds, Stopping threads took: 0.0003525 seconds
[2022-06-13T03:32:20.984+0000][1][safepoint    ] Application time: 0.0002407 seconds
[2022-06-13T03:32:20.985+0000][1][safepoint    ] Entering safepoint region: RevokeBias
[2022-06-13T03:32:20.985+0000][1][safepoint    ] Leaving safepoint region
[2022-06-13T03:32:20.985+0000][1][safepoint    ] Total time for which application threads were stopped: 0.0005282 seconds, Stopping threads took: 0.0002352 seconds
[2022-06-13T03:32:20.987+0000][1][safepoint    ] Application time: 0.0011779 seconds
[2022-06-13T03:32:20.987+0000][1][safepoint    ] Entering safepoint region: RevokeBias
[2022-06-13T03:32:20.989+0000][1][safepoint    ] Leaving safepoint region
[2022-06-13T03:32:20.990+0000][1][safepoint    ] Total time for which application threads were stopped: 0.0028173 seconds, Stopping threads took: 0.0023634 seconds
[2022-06-13T03:32:20.990+0000][1][safepoint    ] Application time: 0.0003340 seconds
[2022-06-13T03:32:20.990+0000][1][safepoint    ] Entering safepoint region: RevokeBias
[2022-06-13T03:32:20.991+0000][1][safepoint    ] Leaving safepoint region
[2022-06-13T03:32:20.991+0000][1][safepoint    ] Total time for which application threads were stopped: 0.0007974 seconds, Stopping threads took: 0.0003115 seconds
[2022-06-13T03:32:20.992+0000][1][safepoint    ] Application time: 0.0005827 seconds
[2022-06-13T03:32:20.992+0000][1][safepoint    ] Entering safepoint region: RevokeBias
[2022-06-13T03:32:20.993+0000][1][safepoint    ] Leaving safepoint region
[2022-06-13T03:32:20.993+0000][1][safepoint    ] Total time for which application threads were stopped: 0.0005609 seconds, Stopping threads took: 0.0002621 seconds
[2022-06-13T03:32:20.993+0000][1][safepoint    ] Application time: 0.0004034 seconds
[2022-06-13T03:32:20.994+0000][1][safepoint    ] Entering safepoint region: RevokeBias
[2022-06-13T03:32:20.995+0000][1][safepoint    ] Leaving safepoint region
[2022-06-13T03:32:20.995+0000][1][safepoint    ] Total time for which application threads were stopped: 0.0009326 seconds, Stopping threads took: 0.0005375 seconds
[2022-06-13T03:32:20.998+0000][1][safepoint    ] Application time: 0.0026511 seconds
[2022-06-13T03:32:20.998+0000][1][safepoint    ] Entering safepoint region: RevokeBias
[2022-06-13T03:32:20.998+0000][1][safepoint    ] Leaving safepoint region
[2022-06-13T03:32:20.999+0000][1][safepoint    ] Total time for which application threads were stopped: 0.0006873 seconds, Stopping threads took: 0.0002149 seconds
[2022-06-13T03:32:20.999+0000][1][safepoint    ] Application time: 0.0001972 seconds
[2022-06-13T03:32:20.999+0000][1][safepoint    ] Entering safepoint region: RevokeBias
[2022-06-13T03:32:20.999+0000][1][safepoint    ] Leaving safepoint region
[2022-06-13T03:32:21.000+0000][1][safepoint    ] Total time for which application threads were stopped: 0.0004766 seconds, Stopping threads took: 0.0001796 seconds
[2022-06-13T03:32:21.000+0000][1][safepoint    ] Application time: 0.0002191 seconds
[2022-06-13T03:32:21.000+0000][1][safepoint    ] Entering safepoint region: RevokeBias
[2022-06-13T03:32:21.001+0000][1][safepoint    ] Leaving safepoint region
[2022-06-13T03:32:21.001+0000][1][safepoint    ] Total time for which application threads were stopped: 0.0004582 seconds, Stopping threads took: 0.0001874 seconds
[2022-06-13T03:32:21.001+0000][1][safepoint    ] Application time: 0.0001603 seconds
[2022-06-13T03:32:21.001+0000][1][safepoint    ] Entering safepoint region: RevokeBias
[2022-06-13T03:32:21.002+0000][1][safepoint    ] Leaving safepoint region
[2022-06-13T03:32:21.002+0000][1][safepoint    ] Total time for which application threads were stopped: 0.0006429 seconds, Stopping threads took: 0.0002812 seconds
[2022-06-13T03:32:21.002+0000][1][safepoint    ] Application time: 0.0001106 seconds
[2022-06-13T03:32:21.003+0000][1][safepoint    ] Entering safepoint region: RevokeBias
[2022-06-13T03:32:21.003+0000][1][safepoint    ] Leaving safepoint region
[2022-06-13T03:32:21.003+0000][1][safepoint    ] Total time for which application threads were stopped: 0.0006751 seconds, Stopping threads took: 0.0003433 seconds
[2022-06-13T03:32:21.004+0000][1][safepoint    ] Application time: 0.0002810 seconds
[2022-06-13T03:32:21.004+0000][1][safepoint    ] Entering safepoint region: RevokeBias
[2022-06-13T03:32:21.005+0000][1][safepoint    ] Leaving safepoint region
[2022-06-13T03:32:21.005+0000][1][safepoint    ] Total time for which application threads were stopped: 0.0007135 seconds, Stopping threads took: 0.0003988 seconds
[2022-06-13T03:32:21.005+0000][1][safepoint    ] Application time: 0.0001976 seconds
[2022-06-13T03:32:21.005+0000][1][safepoint    ] Entering safepoint region: RevokeBias
[2022-06-13T03:32:21.006+0000][1][safepoint    ] Leaving safepoint region
[2022-06-13T03:32:21.006+0000][1][safepoint    ] Total time for which application threads were stopped: 0.0004278 seconds, Stopping threads took: 0.0001958 seconds
[2022-06-13T03:32:21.007+0000][1][safepoint    ] Application time: 0.0005847 seconds
[2022-06-13T03:32:21.007+0000][1][safepoint    ] Entering safepoint region: RevokeBias
[2022-06-13T03:32:21.007+0000][1][safepoint    ] Leaving safepoint region
[2022-06-13T03:32:21.008+0000][1][safepoint    ] Total time for which application threads were stopped: 0.0006161 seconds, Stopping threads took: 0.0003934 seconds
[2022-06-13T03:32:21.008+0000][1][safepoint    ] Application time: 0.0003596 seconds
[2022-06-13T03:32:21.009+0000][1][safepoint    ] Entering safepoint region: RevokeBias
[2022-06-13T03:32:21.009+0000][1][safepoint    ] Leaving safepoint region
[2022-06-13T03:32:21.010+0000][1][safepoint    ] Total time for which application threads were stopped: 0.0010331 seconds, Stopping threads took: 0.0008321 seconds
[2022-06-13T03:32:21.010+0000][1][safepoint    ] Application time: 0.0001758 seconds
[2022-06-13T03:32:21.010+0000][1][safepoint    ] Entering safepoint region: RevokeBias
[2022-06-13T03:32:21.011+0000][1][safepoint    ] Leaving safepoint region
[2022-06-13T03:32:21.011+0000][1][safepoint    ] Total time for which application threads were stopped: 0.0004761 seconds, Stopping threads took: 0.0001360 seconds
[2022-06-13T03:32:21.011+0000][1][safepoint    ] Application time: 0.0001006 seconds
[2022-06-13T03:32:21.011+0000][1][safepoint    ] Entering safepoint region: RevokeBias
[2022-06-13T03:32:21.012+0000][1][safepoint    ] Leaving safepoint region
[2022-06-13T03:32:21.012+0000][1][safepoint    ] Total time for which application threads were stopped: 0.0005873 seconds, Stopping threads took: 0.0003422 seconds
[2022-06-13T03:32:21.012+0000][1][safepoint    ] Application time: 0.0001263 seconds
[2022-06-13T03:32:21.013+0000][1][safepoint    ] Entering safepoint region: RevokeBias
[2022-06-13T03:32:21.013+0000][1][safepoint    ] Leaving safepoint region
[2022-06-13T03:32:21.013+0000][1][safepoint    ] Total time for which application threads were stopped: 0.0006830 seconds, Stopping threads took: 0.0002659 seconds
[2022-06-13T03:32:21.014+0000][1][safepoint    ] Application time: 0.0003352 seconds
[2022-06-13T03:32:21.014+0000][1][safepoint    ] Entering safepoint region: RevokeBias
[2022-06-13T03:32:21.014+0000][1][safepoint    ] Leaving safepoint region
[2022-06-13T03:32:21.015+0000][1][safepoint    ] Total time for which application threads were stopped: 0.0005188 seconds, Stopping threads took: 0.0002280 seconds
[2022-06-13T03:32:21.015+0000][1][safepoint    ] Application time: 0.0004927 seconds
[2022-06-13T03:32:21.016+0000][1][safepoint    ] Entering safepoint region: RevokeBias
[2022-06-13T03:32:21.016+0000][1][safepoint    ] Leaving safepoint region
[2022-06-13T03:32:21.017+0000][1][safepoint    ] Total time for which application threads were stopped: 0.0009208 seconds, Stopping threads took: 0.0006510 seconds
[2022-06-13T03:32:21.017+0000][1][safepoint    ] Application time: 0.0002741 seconds
[2022-06-13T03:32:21.018+0000][1][safepoint    ] Entering safepoint region: RevokeBias
[2022-06-13T03:32:21.018+0000][1][safepoint    ] Leaving safepoint region
[2022-06-13T03:32:21.018+0000][1][safepoint    ] Total time for which application threads were stopped: 0.0006815 seconds, Stopping threads took: 0.0001924 seconds
[2022-06-13T03:32:21.019+0000][1][safepoint    ] Application time: 0.0001536 seconds
[2022-06-13T03:32:21.019+0000][1][safepoint    ] Entering safepoint region: RevokeBias
[2022-06-13T03:32:21.019+0000][1][safepoint    ] Leaving safepoint region
[2022-06-13T03:32:21.019+0000][1][safepoint    ] Total time for which application threads were stopped: 0.0005307 seconds, Stopping threads took: 0.0002272 seconds
[2022-06-13T03:32:21.020+0000][1][safepoint    ] Application time: 0.0001275 seconds
[2022-06-13T03:32:21.020+0000][1][safepoint    ] Entering safepoint region: RevokeBias
[2022-06-13T03:32:21.020+0000][1][safepoint    ] Leaving safepoint region
[2022-06-13T03:32:21.021+0000][1][safepoint    ] Total time for which application threads were stopped: 0.0006967 seconds, Stopping threads took: 0.0003272 seconds
[2022-06-13T03:32:21.021+0000][1][safepoint    ] Application time: 0.0002394 seconds
[2022-06-13T03:32:21.021+0000][1][safepoint    ] Entering safepoint region: RevokeBias
[2022-06-13T03:32:21.021+0000][1][safepoint    ] Leaving safepoint region
[2022-06-13T03:32:21.022+0000][1][safepoint    ] Total time for which application threads were stopped: 0.0004511 seconds, Stopping threads took: 0.0002203 seconds
[2022-06-13T03:32:21.022+0000][1][safepoint    ] Application time: 0.0003767 seconds
[2022-06-13T03:32:21.022+0000][1][safepoint    ] Entering safepoint region: RevokeBias
[2022-06-13T03:32:21.022+0000][1][safepoint    ] Leaving safepoint region
[2022-06-13T03:32:21.023+0000][1][safepoint    ] Total time for which application threads were stopped: 0.0003283 seconds, Stopping threads took: 0.0001587 seconds
[2022-06-13T03:32:21.023+0000][1][safepoint    ] Application time: 0.0002752 seconds
[2022-06-13T03:32:21.023+0000][1][safepoint    ] Entering safepoint region: BulkRevokeBias
[2022-06-13T03:32:21.024+0000][1][safepoint    ] Leaving safepoint region
[2022-06-13T03:32:21.024+0000][1][safepoint    ] Total time for which application threads were stopped: 0.0006105 seconds, Stopping threads took: 0.0001812 seconds
[2022-06-13T03:32:21.025+0000][1][safepoint    ] Application time: 0.0005229 seconds
[2022-06-13T03:32:21.025+0000][1][safepoint    ] Entering safepoint region: RevokeBias
[2022-06-13T03:32:21.025+0000][1][safepoint    ] Leaving safepoint region
[2022-06-13T03:32:21.025+0000][1][safepoint    ] Total time for which application threads were stopped: 0.0003553 seconds, Stopping threads took: 0.0002032 seconds
[2022-06-13T03:32:21.026+0000][1][safepoint    ] Application time: 0.0002841 seconds
[2022-06-13T03:32:21.026+0000][1][safepoint    ] Entering safepoint region: RevokeBias
[2022-06-13T03:32:21.026+0000][1][safepoint    ] Leaving safepoint region
[2022-06-13T03:32:21.026+0000][1][safepoint    ] Total time for which application threads were stopped: 0.0004473 seconds, Stopping threads took: 0.0002517 seconds
[2022-06-13T03:32:21.027+0000][1][safepoint    ] Application time: 0.0004511 seconds
[2022-06-13T03:32:21.027+0000][1][safepoint    ] Entering safepoint region: RevokeBias
[2022-06-13T03:32:21.028+0000][1][safepoint    ] Leaving safepoint region
[2022-06-13T03:32:21.028+0000][1][safepoint    ] Total time for which application threads were stopped: 0.0005487 seconds, Stopping threads took: 0.0003310 seconds
[2022-06-13T03:32:21.028+0000][1][safepoint    ] Application time: 0.0003957 seconds
[2022-06-13T03:32:21.029+0000][1][safepoint    ] Entering safepoint region: RevokeBias
[2022-06-13T03:32:21.029+0000][1][safepoint    ] Leaving safepoint region
[2022-06-13T03:32:21.029+0000][1][safepoint    ] Total time for which application threads were stopped: 0.0005194 seconds, Stopping threads took: 0.0002265 seconds
[2022-06-13T03:32:21.030+0000][1][safepoint    ] Application time: 0.0003348 seconds
[2022-06-13T03:32:21.030+0000][1][safepoint    ] Entering safepoint region: RevokeBias
[2022-06-13T03:32:21.030+0000][1][safepoint    ] Leaving safepoint region
[2022-06-13T03:32:21.031+0000][1][safepoint    ] Total time for which application threads were stopped: 0.0004571 seconds, Stopping threads took: 0.0002023 seconds
[2022-06-13T03:32:21.031+0000][1][safepoint    ] Application time: 0.0001411 seconds
[2022-06-13T03:32:21.031+0000][1][safepoint    ] Entering safepoint region: RevokeBias
[2022-06-13T03:32:21.031+0000][1][safepoint    ] Leaving safepoint region
[2022-06-13T03:32:21.031+0000][1][safepoint    ] Total time for which application threads were stopped: 0.0004122 seconds, Stopping threads took: 0.0001904 seconds
[2022-06-13T03:32:21.032+0000][1][safepoint    ] Application time: 0.0000730 seconds
[2022-06-13T03:32:21.032+0000][1][safepoint    ] Entering safepoint region: RevokeBias
[2022-06-13T03:32:21.032+0000][1][safepoint    ] Leaving safepoint region
[2022-06-13T03:32:21.032+0000][1][safepoint    ] Total time for which application threads were stopped: 0.0003029 seconds, Stopping threads took: 0.0001417 seconds
[2022-06-13T03:32:21.034+0000][1][safepoint    ] Application time: 0.0019907 seconds
[2022-06-13T03:32:21.035+0000][1][safepoint    ] Entering safepoint region: RevokeBias
[2022-06-13T03:32:21.035+0000][1][safepoint    ] Leaving safepoint region
[2022-06-13T03:32:21.035+0000][1][safepoint    ] Total time for which application threads were stopped: 0.0007879 seconds, Stopping threads took: 0.0004451 seconds
[2022-06-13T03:32:21.036+0000][1][safepoint    ] Application time: 0.0003626 seconds
[2022-06-13T03:32:21.036+0000][1][safepoint    ] Entering safepoint region: RevokeBias
[2022-06-13T03:32:21.036+0000][1][safepoint    ] Leaving safepoint region
[2022-06-13T03:32:21.037+0000][1][safepoint    ] Total time for which application threads were stopped: 0.0003860 seconds, Stopping threads took: 0.0001744 seconds
[2022-06-13T03:32:21.037+0000][1][safepoint    ] Application time: 0.0000422 seconds
[2022-06-13T03:32:21.037+0000][1][safepoint    ] Entering safepoint region: RevokeBias
[2022-06-13T03:32:21.037+0000][1][safepoint    ] Leaving safepoint region
[2022-06-13T03:32:21.038+0000][1][safepoint    ] Total time for which application threads were stopped: 0.0006084 seconds, Stopping threads took: 0.0003100 seconds
[2022-06-13T03:32:21.038+0000][1][safepoint    ] Application time: 0.0001448 seconds
[2022-06-13T03:32:21.038+0000][1][safepoint    ] Entering safepoint region: RevokeBias
[2022-06-13T03:32:21.039+0000][1][safepoint    ] Leaving safepoint region
[2022-06-13T03:32:21.039+0000][1][safepoint    ] Total time for which application threads were stopped: 0.0003574 seconds, Stopping threads took: 0.0001889 seconds
[2022-06-13T03:32:21.039+0000][1][safepoint    ] Application time: 0.0001247 seconds
[2022-06-13T03:32:21.039+0000][1][safepoint    ] Entering safepoint region: RevokeBias
[2022-06-13T03:32:21.039+0000][1][safepoint    ] Leaving safepoint region
[2022-06-13T03:32:21.040+0000][1][safepoint    ] Total time for which application threads were stopped: 0.0005119 seconds, Stopping threads took: 0.0002985 seconds
[2022-06-13T03:32:21.040+0000][1][safepoint    ] Application time: 0.0002339 seconds
[2022-06-13T03:32:21.041+0000][1][safepoint    ] Entering safepoint region: RevokeBias
[2022-06-13T03:32:21.041+0000][1][safepoint    ] Leaving safepoint region
[2022-06-13T03:32:21.041+0000][1][safepoint    ] Total time for which application threads were stopped: 0.0007557 seconds, Stopping threads took: 0.0003218 seconds
[2022-06-13T03:32:21.042+0000][1][safepoint    ] Application time: 0.0010056 seconds
[2022-06-13T03:32:21.043+0000][1][safepoint    ] Entering safepoint region: RevokeBias
[2022-06-13T03:32:21.043+0000][1][safepoint    ] Leaving safepoint region
[2022-06-13T03:32:21.043+0000][1][safepoint    ] Total time for which application threads were stopped: 0.0006179 seconds, Stopping threads took: 0.0002273 seconds
[2022-06-13T03:32:21.048+0000][1][safepoint    ] Application time: 0.0048201 seconds
[2022-06-13T03:32:21.048+0000][1][safepoint    ] Entering safepoint region: RevokeBias
[2022-06-13T03:32:21.049+0000][1][safepoint    ] Leaving safepoint region
[2022-06-13T03:32:21.049+0000][1][safepoint    ] Total time for which application threads were stopped: 0.0009287 seconds, Stopping threads took: 0.0002663 seconds
[2022-06-13T03:32:21.051+0000][1][safepoint    ] Application time: 0.0010074 seconds
[2022-06-13T03:32:21.051+0000][1][safepoint    ] Entering safepoint region: RevokeBias
[2022-06-13T03:32:21.052+0000][1][safepoint    ] Leaving safepoint region
[2022-06-13T03:32:21.052+0000][1][safepoint    ] Total time for which application threads were stopped: 0.0007186 seconds, Stopping threads took: 0.0003115 seconds
[2022-06-13T03:32:21.055+0000][1][safepoint    ] Application time: 0.0030544 seconds
[2022-06-13T03:32:21.056+0000][1][safepoint    ] Entering safepoint region: RevokeBias
[2022-06-13T03:32:21.057+0000][1][safepoint    ] Leaving safepoint region
[2022-06-13T03:32:21.057+0000][1][safepoint    ] Total time for which application threads were stopped: 0.0013266 seconds, Stopping threads took: 0.0010807 seconds
[2022-06-13T03:32:21.058+0000][1][safepoint    ] Application time: 0.0004013 seconds
[2022-06-13T03:32:21.058+0000][1][safepoint    ] Entering safepoint region: RevokeBias
[2022-06-13T03:32:21.058+0000][1][safepoint    ] Leaving safepoint region
[2022-06-13T03:32:21.058+0000][1][safepoint    ] Total time for which application threads were stopped: 0.0004514 seconds, Stopping threads took: 0.0001772 seconds
[2022-06-13T03:32:21.059+0000][1][safepoint    ] Application time: 0.0001467 seconds
[2022-06-13T03:32:21.059+0000][1][safepoint    ] Entering safepoint region: RevokeBias
[2022-06-13T03:32:21.060+0000][1][safepoint    ] Leaving safepoint region
[2022-06-13T03:32:21.060+0000][1][safepoint    ] Total time for which application threads were stopped: 0.0010203 seconds, Stopping threads took: 0.0005167 seconds
[2022-06-13T03:32:21.060+0000][1][safepoint    ] Application time: 0.0001247 seconds
[2022-06-13T03:32:21.061+0000][1][safepoint    ] Entering safepoint region: RevokeBias
[2022-06-13T03:32:21.061+0000][1][safepoint    ] Leaving safepoint region
[2022-06-13T03:32:21.061+0000][1][safepoint    ] Total time for which application threads were stopped: 0.0007406 seconds, Stopping threads took: 0.0004580 seconds
[2022-06-13T03:32:21.062+0000][1][safepoint    ] Application time: 0.0001833 seconds
[2022-06-13T03:32:21.062+0000][1][safepoint    ] Entering safepoint region: RevokeBias
[2022-06-13T03:32:21.062+0000][1][safepoint    ] Leaving safepoint region
[2022-06-13T03:32:21.063+0000][1][safepoint    ] Total time for which application threads were stopped: 0.0004698 seconds, Stopping threads took: 0.0002999 seconds
[2022-06-13T03:32:21.063+0000][1][safepoint    ] Application time: 0.0001094 seconds
[2022-06-13T03:32:21.064+0000][1][safepoint    ] Entering safepoint region: RevokeBias
[2022-06-13T03:32:21.064+0000][1][safepoint    ] Leaving safepoint region
[2022-06-13T03:32:21.065+0000][1][safepoint    ] Total time for which application threads were stopped: 0.0008527 seconds, Stopping threads took: 0.0002583 seconds
[2022-06-13T03:32:21.066+0000][1][safepoint    ] Application time: 0.0002033 seconds
[2022-06-13T03:32:21.066+0000][1][safepoint    ] Entering safepoint region: RevokeBias
[2022-06-13T03:32:21.067+0000][1][safepoint    ] Leaving safepoint region
[2022-06-13T03:32:21.067+0000][1][safepoint    ] Total time for which application threads were stopped: 0.0004219 seconds, Stopping threads took: 0.0001752 seconds
[2022-06-13T03:32:21.067+0000][1][safepoint    ] Application time: 0.0002987 seconds
[2022-06-13T03:32:21.067+0000][1][safepoint    ] Entering safepoint region: RevokeBias
[2022-06-13T03:32:21.068+0000][1][safepoint    ] Leaving safepoint region
[2022-06-13T03:32:21.068+0000][1][safepoint    ] Total time for which application threads were stopped: 0.0004175 seconds, Stopping threads took: 0.0002217 seconds
[2022-06-13T03:32:21.068+0000][1][safepoint    ] Application time: 0.0001721 seconds
[2022-06-13T03:32:21.068+0000][1][safepoint    ] Entering safepoint region: RevokeBias
[2022-06-13T03:32:21.069+0000][1][safepoint    ] Leaving safepoint region
[2022-06-13T03:32:21.069+0000][1][safepoint    ] Total time for which application threads were stopped: 0.0005291 seconds, Stopping threads took: 0.0002264 seconds
[2022-06-13T03:32:21.070+0000][1][safepoint    ] Application time: 0.0012357 seconds
[2022-06-13T03:32:21.071+0000][1][safepoint    ] Entering safepoint region: RevokeBias
[2022-06-13T03:32:21.071+0000][1][safepoint    ] Leaving safepoint region
[2022-06-13T03:32:21.072+0000][1][safepoint    ] Total time for which application threads were stopped: 0.0009771 seconds, Stopping threads took: 0.0004330 seconds
[2022-06-13T03:32:21.072+0000][1][safepoint    ] Application time: 0.0001471 seconds
[2022-06-13T03:32:21.072+0000][1][safepoint    ] Entering safepoint region: RevokeBias
[2022-06-13T03:32:21.073+0000][1][safepoint    ] Leaving safepoint region
[2022-06-13T03:32:21.073+0000][1][safepoint    ] Total time for which application threads were stopped: 0.0003038 seconds, Stopping threads took: 0.0001265 seconds
[2022-06-13T03:32:21.073+0000][1][safepoint    ] Application time: 0.0001197 seconds
[2022-06-13T03:32:21.073+0000][1][safepoint    ] Entering safepoint region: RevokeBias
[2022-06-13T03:32:21.073+0000][1][safepoint    ] Leaving safepoint region
[2022-06-13T03:32:21.073+0000][1][safepoint    ] Total time for which application threads were stopped: 0.0003337 seconds, Stopping threads took: 0.0001320 seconds
[2022-06-13T03:32:21.074+0000][1][safepoint    ] Application time: 0.0001706 seconds
[2022-06-13T03:32:21.074+0000][1][safepoint    ] Entering safepoint region: BulkRevokeBias
[2022-06-13T03:32:21.074+0000][1][safepoint    ] Leaving safepoint region
[2022-06-13T03:32:21.075+0000][1][safepoint    ] Total time for which application threads were stopped: 0.0006631 seconds, Stopping threads took: 0.0003067 seconds
[2022-06-13T03:32:21.078+0000][1][safepoint    ] Application time: 0.0029103 seconds
[2022-06-13T03:32:21.080+0000][1][safepoint    ] Entering safepoint region: RevokeBias
[2022-06-13T03:32:21.080+0000][1][safepoint    ] Leaving safepoint region
[2022-06-13T03:32:21.080+0000][1][safepoint    ] Total time for which application threads were stopped: 0.0005466 seconds, Stopping threads took: 0.0003139 seconds
[2022-06-13T03:32:21.088+0000][1][safepoint    ] Application time: 0.0074131 seconds
[2022-06-13T03:32:21.088+0000][1][safepoint    ] Entering safepoint region: RevokeBias
[2022-06-13T03:32:21.089+0000][1][safepoint    ] Leaving safepoint region
[2022-06-13T03:32:21.089+0000][1][safepoint    ] Total time for which application threads were stopped: 0.0004468 seconds, Stopping threads took: 0.0001829 seconds
[2022-06-13T03:32:21.090+0000][1][safepoint    ] Application time: 0.0007230 seconds
[2022-06-13T03:32:21.090+0000][1][safepoint    ] Entering safepoint region: RevokeBias
[2022-06-13T03:32:21.090+0000][1][safepoint    ] Leaving safepoint region
[2022-06-13T03:32:21.090+0000][1][safepoint    ] Total time for which application threads were stopped: 0.0002912 seconds, Stopping threads took: 0.0001292 seconds
[2022-06-13T03:32:21.091+0000][1][safepoint    ] Application time: 0.0011081 seconds
[2022-06-13T03:32:21.092+0000][1][safepoint    ] Entering safepoint region: RevokeBias
[2022-06-13T03:32:21.092+0000][1][safepoint    ] Leaving safepoint region
[2022-06-13T03:32:21.092+0000][1][safepoint    ] Total time for which application threads were stopped: 0.0007358 seconds, Stopping threads took: 0.0003983 seconds
[2022-06-13T03:32:21.093+0000][1][safepoint    ] Application time: 0.0004967 seconds
[2022-06-13T03:32:21.093+0000][1][safepoint    ] Entering safepoint region: RevokeBias
[2022-06-13T03:32:21.093+0000][1][safepoint    ] Leaving safepoint region
[2022-06-13T03:32:21.094+0000][1][safepoint    ] Total time for which application threads were stopped: 0.0004090 seconds, Stopping threads took: 0.0001941 seconds
[2022-06-13T03:32:21.094+0000][1][safepoint    ] Application time: 0.0004370 seconds
[2022-06-13T03:32:21.094+0000][1][safepoint    ] Entering safepoint region: RevokeBias
[2022-06-13T03:32:21.095+0000][1][safepoint    ] Leaving safepoint region
[2022-06-13T03:32:21.095+0000][1][safepoint    ] Total time for which application threads were stopped: 0.0008900 seconds, Stopping threads took: 0.0004301 seconds
[2022-06-13T03:32:21.097+0000][1][safepoint    ] Application time: 0.0011139 seconds
[2022-06-13T03:32:21.097+0000][1][safepoint    ] Entering safepoint region: RevokeBias
[2022-06-13T03:32:21.097+0000][1][safepoint    ] Leaving safepoint region
[2022-06-13T03:32:21.097+0000][1][safepoint    ] Total time for which application threads were stopped: 0.0004183 seconds, Stopping threads took: 0.0002453 seconds
[2022-06-13T03:32:21.098+0000][1][safepoint    ] Application time: 0.0003549 seconds
[2022-06-13T03:32:21.098+0000][1][safepoint    ] Entering safepoint region: RevokeBias
[2022-06-13T03:32:21.098+0000][1][safepoint    ] Leaving safepoint region
[2022-06-13T03:32:21.099+0000][1][safepoint    ] Total time for which application threads were stopped: 0.0003271 seconds, Stopping threads took: 0.0001520 seconds
[2022-06-13T03:32:21.101+0000][1][safepoint    ] Application time: 0.0025382 seconds
[2022-06-13T03:32:21.102+0000][1][safepoint    ] Entering safepoint region: RevokeBias
[2022-06-13T03:32:21.102+0000][1][safepoint    ] Leaving safepoint region
[2022-06-13T03:32:21.103+0000][1][safepoint    ] Total time for which application threads were stopped: 0.0011588 seconds, Stopping threads took: 0.0004420 seconds
[2022-06-13T03:32:21.106+0000][1][gc,heap,exit ] Heap
[2022-06-13T03:32:21.106+0000][1][gc,heap,exit ]  par new generation   total 78656K, used 38081K [0x00000000f0000000, 0x00000000f5550000, 0x00000000f5550000)
[2022-06-13T03:32:21.106+0000][1][gc,heap,exit ]   eden space 69952K,  46% used [0x00000000f0000000, 0x00000000f1fc30d0, 0x00000000f4450000)
[2022-06-13T03:32:21.106+0000][1][gc,heap,exit ]   from space 8704K,  63% used [0x00000000f4450000, 0x00000000f49bd4b8, 0x00000000f4cd0000)
[2022-06-13T03:32:21.106+0000][1][gc,heap,exit ]   to   space 8704K,   0% used [0x00000000f4cd0000, 0x00000000f4cd0000, 0x00000000f5550000)
[2022-06-13T03:32:21.106+0000][1][gc,heap,exit ]  concurrent mark-sweep generation total 174784K, used 67724K [0x00000000f5550000, 0x0000000100000000, 0x0000000100000000)
[2022-06-13T03:32:21.106+0000][1][gc,heap,exit ]  Metaspace       used 70772K, capacity 75993K, committed 76144K, reserved 1114112K
[2022-06-13T03:32:21.106+0000][1][gc,heap,exit ]   class space    used 9555K, capacity 11756K, committed 11836K, reserved 1048576K
[2022-06-13T03:32:21.107+0000][1][safepoint    ] Application time: 0.0037422 seconds
[2022-06-13T03:32:21.107+0000][1][safepoint    ] Entering safepoint region: Exit
