[2022-06-13T01:18:42.332+0000][1][gc] Using Concurrent Mark Sweep
[2022-06-13T01:18:42.333+0000][1][gc,heap,coops] Heap address: 0x00000000f0000000, size: 256 MB, Compressed Oops mode: 32-bit
[2022-06-13T01:18:42.381+0000][1][safepoint    ] Entering safepoint region: EnableBiasedLocking
[2022-06-13T01:18:42.382+0000][1][safepoint    ] Leaving safepoint region
[2022-06-13T01:18:42.382+0000][1][safepoint    ] Total time for which application threads were stopped: 0.0010377 seconds, Stopping threads took: 0.0007091 seconds
[2022-06-13T01:18:42.385+0000][1][safepoint    ] Application time: 0.0028331 seconds
[2022-06-13T01:18:42.386+0000][1][safepoint    ] Entering safepoint region: RevokeBias
[2022-06-13T01:18:42.386+0000][1][safepoint    ] Leaving safepoint region
[2022-06-13T01:18:42.386+0000][1][safepoint    ] Total time for which application threads were stopped: 0.0008444 seconds, Stopping threads took: 0.0005070 seconds
[2022-06-13T01:18:42.398+0000][1][safepoint    ] Application time: 0.0114128 seconds
[2022-06-13T01:18:42.398+0000][1][safepoint    ] Entering safepoint region: Deoptimize
[2022-06-13T01:18:42.399+0000][1][safepoint    ] Leaving safepoint region
[2022-06-13T01:18:42.399+0000][1][safepoint    ] Total time for which application threads were stopped: 0.0003548 seconds, Stopping threads took: 0.0001494 seconds
[2022-06-13T01:18:42.505+0000][1][safepoint    ] Application time: 0.1066525 seconds
[2022-06-13T01:18:42.506+0000][1][safepoint    ] Entering safepoint region: RevokeBias
[2022-06-13T01:18:42.507+0000][1][safepoint    ] Leaving safepoint region
[2022-06-13T01:18:42.507+0000][1][safepoint    ] Total time for which application threads were stopped: 0.0006957 seconds, Stopping threads took: 0.0003588 seconds
[2022-06-13T01:18:42.547+0000][1][safepoint    ] Application time: 0.0397186 seconds
[2022-06-13T01:18:42.547+0000][1][safepoint    ] Entering safepoint region: Deoptimize
[2022-06-13T01:18:42.547+0000][1][safepoint    ] Leaving safepoint region
[2022-06-13T01:18:42.548+0000][1][safepoint    ] Total time for which application threads were stopped: 0.0006625 seconds, Stopping threads took: 0.0002756 seconds
[2022-06-13T01:18:42.961+0000][1][safepoint    ] Application time: 0.4133239 seconds
[2022-06-13T01:18:42.962+0000][1][safepoint    ] Entering safepoint region: Deoptimize
[2022-06-13T01:18:42.962+0000][1][safepoint    ] Leaving safepoint region
[2022-06-13T01:18:42.962+0000][1][safepoint    ] Total time for which application threads were stopped: 0.0007511 seconds, Stopping threads took: 0.0002403 seconds
[2022-06-13T01:18:43.001+0000][1][safepoint    ] Application time: 0.0380964 seconds
[2022-06-13T01:18:43.001+0000][1][safepoint    ] Entering safepoint region: Deoptimize
[2022-06-13T01:18:43.002+0000][1][safepoint    ] Leaving safepoint region
[2022-06-13T01:18:43.002+0000][1][safepoint    ] Total time for which application threads were stopped: 0.0008673 seconds, Stopping threads took: 0.0003676 seconds
[2022-06-13T01:18:43.040+0000][1][safepoint    ] Application time: 0.0381558 seconds
[2022-06-13T01:18:43.041+0000][1][safepoint    ] Entering safepoint region: Deoptimize
[2022-06-13T01:18:43.042+0000][1][safepoint    ] Leaving safepoint region
[2022-06-13T01:18:43.043+0000][1][safepoint    ] Total time for which application threads were stopped: 0.0015294 seconds, Stopping threads took: 0.0006448 seconds
[2022-06-13T01:18:43.056+0000][1][safepoint    ] Application time: 0.0120734 seconds
[2022-06-13T01:18:43.056+0000][1][safepoint    ] Entering safepoint region: RevokeBias
[2022-06-13T01:18:43.057+0000][1][safepoint    ] Leaving safepoint region
[2022-06-13T01:18:43.057+0000][1][safepoint    ] Total time for which application threads were stopped: 0.0006933 seconds, Stopping threads took: 0.0003681 seconds
[2022-06-13T01:18:43.062+0000][1][safepoint    ] Application time: 0.0053998 seconds
[2022-06-13T01:18:43.063+0000][1][safepoint    ] Entering safepoint region: Deoptimize
[2022-06-13T01:18:43.063+0000][1][safepoint    ] Leaving safepoint region
[2022-06-13T01:18:43.064+0000][1][safepoint    ] Total time for which application threads were stopped: 0.0007606 seconds, Stopping threads took: 0.0002944 seconds
[2022-06-13T01:18:43.622+0000][1][safepoint    ] Application time: 0.5585514 seconds
[2022-06-13T01:18:43.623+0000][1][safepoint    ] Entering safepoint region: Deoptimize
[2022-06-13T01:18:43.623+0000][1][safepoint    ] Leaving safepoint region
[2022-06-13T01:18:43.624+0000][1][safepoint    ] Total time for which application threads were stopped: 0.0014166 seconds, Stopping threads took: 0.0002527 seconds
[2022-06-13T01:18:43.985+0000][1][safepoint    ] Application time: 0.3603875 seconds
[2022-06-13T01:18:43.985+0000][1][safepoint    ] Entering safepoint region: RevokeBias
[2022-06-13T01:18:43.986+0000][1][safepoint    ] Leaving safepoint region
[2022-06-13T01:18:43.986+0000][1][safepoint    ] Total time for which application threads were stopped: 0.0007528 seconds, Stopping threads took: 0.0003569 seconds
[2022-06-13T01:18:44.149+0000][1][safepoint    ] Application time: 0.1625184 seconds
[2022-06-13T01:18:44.149+0000][1][safepoint    ] Entering safepoint region: Deoptimize
[2022-06-13T01:18:44.150+0000][1][safepoint    ] Leaving safepoint region
[2022-06-13T01:18:44.150+0000][1][safepoint    ] Total time for which application threads were stopped: 0.0009632 seconds, Stopping threads took: 0.0002621 seconds
[2022-06-13T01:18:44.308+0000][1][safepoint    ] Application time: 0.1573926 seconds
[2022-06-13T01:18:44.309+0000][1][safepoint    ] Entering safepoint region: Deoptimize
[2022-06-13T01:18:44.310+0000][1][safepoint    ] Leaving safepoint region
[2022-06-13T01:18:44.310+0000][1][safepoint    ] Total time for which application threads were stopped: 0.0012731 seconds, Stopping threads took: 0.0004236 seconds
[2022-06-13T01:18:44.312+0000][1][safepoint    ] Application time: 0.0012623 seconds
[2022-06-13T01:18:44.312+0000][1][safepoint    ] Entering safepoint region: Deoptimize
[2022-06-13T01:18:44.313+0000][1][safepoint    ] Leaving safepoint region
[2022-06-13T01:18:44.313+0000][1][safepoint    ] Total time for which application threads were stopped: 0.0011114 seconds, Stopping threads took: 0.0004658 seconds
[2022-06-13T01:18:44.352+0000][1][safepoint    ] Application time: 0.0380528 seconds
[2022-06-13T01:18:44.352+0000][1][safepoint    ] Entering safepoint region: Deoptimize
[2022-06-13T01:18:44.353+0000][1][safepoint    ] Leaving safepoint region
[2022-06-13T01:18:44.353+0000][1][safepoint    ] Total time for which application threads were stopped: 0.0009217 seconds, Stopping threads took: 0.0002963 seconds
[2022-06-13T01:18:44.379+0000][1][safepoint    ] Application time: 0.0253742 seconds
[2022-06-13T01:18:44.379+0000][1][safepoint    ] Entering safepoint region: Deoptimize
[2022-06-13T01:18:44.383+0000][1][safepoint    ] Leaving safepoint region
[2022-06-13T01:18:44.383+0000][1][safepoint    ] Total time for which application threads were stopped: 0.0041678 seconds, Stopping threads took: 0.0032952 seconds
[2022-06-13T01:18:44.396+0000][1][safepoint    ] Application time: 0.0130192 seconds
[2022-06-13T01:18:44.397+0000][1][safepoint    ] Entering safepoint region: RevokeBias
[2022-06-13T01:18:44.397+0000][1][safepoint    ] Leaving safepoint region
[2022-06-13T01:18:44.398+0000][1][safepoint    ] Total time for which application threads were stopped: 0.0009531 seconds, Stopping threads took: 0.0004478 seconds
[2022-06-13T01:18:44.398+0000][1][safepoint    ] Application time: 0.0002369 seconds
[2022-06-13T01:18:44.399+0000][1][safepoint    ] Entering safepoint region: RevokeBias
[2022-06-13T01:18:44.399+0000][1][safepoint    ] Leaving safepoint region
[2022-06-13T01:18:44.400+0000][1][safepoint    ] Total time for which application threads were stopped: 0.0009511 seconds, Stopping threads took: 0.0005505 seconds
[2022-06-13T01:18:44.400+0000][1][safepoint    ] Application time: 0.0002656 seconds
[2022-06-13T01:18:44.401+0000][1][safepoint    ] Entering safepoint region: RevokeBias
[2022-06-13T01:18:44.401+0000][1][safepoint    ] Leaving safepoint region
[2022-06-13T01:18:44.403+0000][1][safepoint    ] Total time for which application threads were stopped: 0.0023177 seconds, Stopping threads took: 0.0004097 seconds
[2022-06-13T01:18:44.404+0000][1][safepoint    ] Application time: 0.0004301 seconds
[2022-06-13T01:18:44.406+0000][1][safepoint    ] Entering safepoint region: RevokeBias
[2022-06-13T01:18:44.407+0000][1][safepoint    ] Leaving safepoint region
[2022-06-13T01:18:44.407+0000][1][safepoint    ] Total time for which application threads were stopped: 0.0007918 seconds, Stopping threads took: 0.0004510 seconds
[2022-06-13T01:18:44.420+0000][1][safepoint    ] Application time: 0.0127374 seconds
[2022-06-13T01:18:44.421+0000][1][safepoint    ] Entering safepoint region: Deoptimize
[2022-06-13T01:18:44.421+0000][1][safepoint    ] Leaving safepoint region
[2022-06-13T01:18:44.422+0000][1][safepoint    ] Total time for which application threads were stopped: 0.0009689 seconds, Stopping threads took: 0.0003018 seconds
[2022-06-13T01:18:44.582+0000][1][safepoint    ] Application time: 0.1600785 seconds
[2022-06-13T01:18:44.582+0000][1][safepoint    ] Entering safepoint region: GenCollectForAllocation
[2022-06-13T01:18:44.583+0000][1][gc,start     ] GC(0) Pause Young (Allocation Failure)
[2022-06-13T01:18:44.584+0000][1][gc,task      ] GC(0) Using 5 workers of 13 for evacuation
[2022-06-13T01:18:44.589+0000][1][gc,age       ] GC(0) Desired survivor size 4456448 bytes, new threshold 1 (max threshold 6)
[2022-06-13T01:18:44.590+0000][1][gc,age       ] GC(0) Age table with threshold 1 (max threshold 6)
[2022-06-13T01:18:44.590+0000][1][gc,age       ] GC(0) - age   1:    6374912 bytes,    6374912 total
[2022-06-13T01:18:44.590+0000][1][gc,heap      ] GC(0) ParNew: 69952K->6300K(78656K)
[2022-06-13T01:18:44.590+0000][1][gc,heap      ] GC(0) CMS: 0K->0K(174784K)
[2022-06-13T01:18:44.591+0000][1][gc,metaspace ] GC(0) Metaspace: 12367K->12367K(1060864K)
[2022-06-13T01:18:44.591+0000][1][gc           ] GC(0) Pause Young (Allocation Failure) 68M->6M(247M) 8.329ms
[2022-06-13T01:18:44.591+0000][1][gc,cpu       ] GC(0) User=0.05s Sys=0.00s Real=0.01s
[2022-06-13T01:18:44.592+0000][1][safepoint    ] Leaving safepoint region
[2022-06-13T01:18:44.592+0000][1][safepoint    ] Total time for which application threads were stopped: 0.0100840 seconds, Stopping threads took: 0.0002053 seconds
[2022-06-13T01:18:44.594+0000][1][safepoint    ] Application time: 0.0007925 seconds
[2022-06-13T01:18:44.594+0000][1][safepoint    ] Entering safepoint region: RevokeBias
[2022-06-13T01:18:44.594+0000][1][safepoint    ] Leaving safepoint region
[2022-06-13T01:18:44.595+0000][1][safepoint    ] Total time for which application threads were stopped: 0.0007913 seconds, Stopping threads took: 0.0004076 seconds
[2022-06-13T01:18:44.595+0000][1][safepoint    ] Application time: 0.0004205 seconds
[2022-06-13T01:18:44.596+0000][1][safepoint    ] Entering safepoint region: RevokeBias
[2022-06-13T01:18:44.596+0000][1][safepoint    ] Leaving safepoint region
[2022-06-13T01:18:44.596+0000][1][safepoint    ] Total time for which application threads were stopped: 0.0008078 seconds, Stopping threads took: 0.0004529 seconds
[2022-06-13T01:18:44.597+0000][1][safepoint    ] Application time: 0.0001575 seconds
[2022-06-13T01:18:44.597+0000][1][safepoint    ] Entering safepoint region: RevokeBias
[2022-06-13T01:18:44.597+0000][1][safepoint    ] Leaving safepoint region
[2022-06-13T01:18:44.598+0000][1][safepoint    ] Total time for which application threads were stopped: 0.0006921 seconds, Stopping threads took: 0.0002726 seconds
[2022-06-13T01:18:44.598+0000][1][safepoint    ] Application time: 0.0001258 seconds
[2022-06-13T01:18:44.598+0000][1][safepoint    ] Entering safepoint region: RevokeBias
[2022-06-13T01:18:44.599+0000][1][safepoint    ] Leaving safepoint region
[2022-06-13T01:18:44.599+0000][1][safepoint    ] Total time for which application threads were stopped: 0.0007096 seconds, Stopping threads took: 0.0003302 seconds
[2022-06-13T01:18:44.600+0000][1][safepoint    ] Application time: 0.0002094 seconds
[2022-06-13T01:18:44.600+0000][1][safepoint    ] Entering safepoint region: RevokeBias
[2022-06-13T01:18:44.600+0000][1][safepoint    ] Leaving safepoint region
[2022-06-13T01:18:44.601+0000][1][safepoint    ] Total time for which application threads were stopped: 0.0007247 seconds, Stopping threads took: 0.0004077 seconds
[2022-06-13T01:18:44.601+0000][1][safepoint    ] Application time: 0.0001700 seconds
[2022-06-13T01:18:44.602+0000][1][safepoint    ] Entering safepoint region: RevokeBias
[2022-06-13T01:18:44.602+0000][1][safepoint    ] Leaving safepoint region
[2022-06-13T01:18:44.602+0000][1][safepoint    ] Total time for which application threads were stopped: 0.0006975 seconds, Stopping threads took: 0.0003828 seconds
[2022-06-13T01:18:44.603+0000][1][safepoint    ] Application time: 0.0002883 seconds
[2022-06-13T01:18:44.603+0000][1][safepoint    ] Entering safepoint region: RevokeBias
[2022-06-13T01:18:44.603+0000][1][safepoint    ] Leaving safepoint region
[2022-06-13T01:18:44.604+0000][1][safepoint    ] Total time for which application threads were stopped: 0.0006066 seconds, Stopping threads took: 0.0003031 seconds
[2022-06-13T01:18:44.604+0000][1][safepoint    ] Application time: 0.0001601 seconds
[2022-06-13T01:18:44.604+0000][1][safepoint    ] Entering safepoint region: RevokeBias
[2022-06-13T01:18:44.605+0000][1][safepoint    ] Leaving safepoint region
[2022-06-13T01:18:44.605+0000][1][safepoint    ] Total time for which application threads were stopped: 0.0006903 seconds, Stopping threads took: 0.0003900 seconds
[2022-06-13T01:18:44.605+0000][1][safepoint    ] Application time: 0.0001993 seconds
[2022-06-13T01:18:44.606+0000][1][safepoint    ] Entering safepoint region: RevokeBias
[2022-06-13T01:18:44.606+0000][1][safepoint    ] Leaving safepoint region
[2022-06-13T01:18:44.607+0000][1][safepoint    ] Total time for which application threads were stopped: 0.0008777 seconds, Stopping threads took: 0.0004414 seconds
[2022-06-13T01:18:44.607+0000][1][safepoint    ] Application time: 0.0002142 seconds
[2022-06-13T01:18:44.608+0000][1][safepoint    ] Entering safepoint region: RevokeBias
[2022-06-13T01:18:44.608+0000][1][safepoint    ] Leaving safepoint region
[2022-06-13T01:18:44.609+0000][1][safepoint    ] Total time for which application threads were stopped: 0.0010713 seconds, Stopping threads took: 0.0004786 seconds
[2022-06-13T01:18:44.609+0000][1][safepoint    ] Application time: 0.0001678 seconds
[2022-06-13T01:18:44.610+0000][1][safepoint    ] Entering safepoint region: RevokeBias
[2022-06-13T01:18:44.610+0000][1][safepoint    ] Leaving safepoint region
[2022-06-13T01:18:44.611+0000][1][safepoint    ] Total time for which application threads were stopped: 0.0009453 seconds, Stopping threads took: 0.0004046 seconds
[2022-06-13T01:18:44.611+0000][1][safepoint    ] Application time: 0.0002231 seconds
[2022-06-13T01:18:44.612+0000][1][safepoint    ] Entering safepoint region: RevokeBias
[2022-06-13T01:18:44.612+0000][1][safepoint    ] Leaving safepoint region
[2022-06-13T01:18:44.613+0000][1][safepoint    ] Total time for which application threads were stopped: 0.0006572 seconds, Stopping threads took: 0.0003382 seconds
[2022-06-13T01:18:44.613+0000][1][safepoint    ] Application time: 0.0001975 seconds
[2022-06-13T01:18:44.613+0000][1][safepoint    ] Entering safepoint region: RevokeBias
[2022-06-13T01:18:44.614+0000][1][safepoint    ] Leaving safepoint region
[2022-06-13T01:18:44.614+0000][1][safepoint    ] Total time for which application threads were stopped: 0.0006573 seconds, Stopping threads took: 0.0003080 seconds
[2022-06-13T01:18:44.615+0000][1][safepoint    ] Application time: 0.0003269 seconds
[2022-06-13T01:18:44.615+0000][1][safepoint    ] Entering safepoint region: RevokeBias
[2022-06-13T01:18:44.616+0000][1][safepoint    ] Leaving safepoint region
[2022-06-13T01:18:44.616+0000][1][safepoint    ] Total time for which application threads were stopped: 0.0007530 seconds, Stopping threads took: 0.0003583 seconds
[2022-06-13T01:18:44.616+0000][1][safepoint    ] Application time: 0.0001669 seconds
[2022-06-13T01:18:44.617+0000][1][safepoint    ] Entering safepoint region: RevokeBias
[2022-06-13T01:18:44.617+0000][1][safepoint    ] Leaving safepoint region
[2022-06-13T01:18:44.618+0000][1][safepoint    ] Total time for which application threads were stopped: 0.0007624 seconds, Stopping threads took: 0.0003644 seconds
[2022-06-13T01:18:44.618+0000][1][safepoint    ] Application time: 0.0001706 seconds
[2022-06-13T01:18:44.618+0000][1][safepoint    ] Entering safepoint region: RevokeBias
[2022-06-13T01:18:44.619+0000][1][safepoint    ] Leaving safepoint region
[2022-06-13T01:18:44.619+0000][1][safepoint    ] Total time for which application threads were stopped: 0.0006905 seconds, Stopping threads took: 0.0003373 seconds
[2022-06-13T01:18:44.620+0000][1][safepoint    ] Application time: 0.0003557 seconds
[2022-06-13T01:18:44.620+0000][1][safepoint    ] Entering safepoint region: RevokeBias
[2022-06-13T01:18:44.620+0000][1][safepoint    ] Leaving safepoint region
[2022-06-13T01:18:44.621+0000][1][safepoint    ] Total time for which application threads were stopped: 0.0006809 seconds, Stopping threads took: 0.0003447 seconds
[2022-06-13T01:18:44.621+0000][1][safepoint    ] Application time: 0.0001773 seconds
[2022-06-13T01:18:44.622+0000][1][safepoint    ] Entering safepoint region: RevokeBias
[2022-06-13T01:18:44.622+0000][1][safepoint    ] Leaving safepoint region
[2022-06-13T01:18:44.622+0000][1][safepoint    ] Total time for which application threads were stopped: 0.0007560 seconds, Stopping threads took: 0.0004329 seconds
[2022-06-13T01:18:44.623+0000][1][safepoint    ] Application time: 0.0001833 seconds
[2022-06-13T01:18:44.623+0000][1][safepoint    ] Entering safepoint region: RevokeBias
[2022-06-13T01:18:44.624+0000][1][safepoint    ] Leaving safepoint region
[2022-06-13T01:18:44.624+0000][1][safepoint    ] Total time for which application threads were stopped: 0.0009764 seconds, Stopping threads took: 0.0006657 seconds
[2022-06-13T01:18:44.624+0000][1][safepoint    ] Application time: 0.0001362 seconds
[2022-06-13T01:18:44.625+0000][1][safepoint    ] Entering safepoint region: RevokeBias
[2022-06-13T01:18:44.625+0000][1][safepoint    ] Leaving safepoint region
[2022-06-13T01:18:44.625+0000][1][safepoint    ] Total time for which application threads were stopped: 0.0008590 seconds, Stopping threads took: 0.0003012 seconds
[2022-06-13T01:18:44.626+0000][1][safepoint    ] Application time: 0.0004927 seconds
[2022-06-13T01:18:44.627+0000][1][safepoint    ] Entering safepoint region: RevokeBias
[2022-06-13T01:18:44.627+0000][1][safepoint    ] Leaving safepoint region
[2022-06-13T01:18:44.628+0000][1][safepoint    ] Total time for which application threads were stopped: 0.0013139 seconds, Stopping threads took: 0.0005069 seconds
[2022-06-13T01:18:44.628+0000][1][safepoint    ] Application time: 0.0001456 seconds
[2022-06-13T01:18:44.644+0000][1][safepoint    ] Entering safepoint region: RevokeBias
[2022-06-13T01:18:44.644+0000][1][safepoint    ] Leaving safepoint region
[2022-06-13T01:18:44.645+0000][1][safepoint    ] Total time for which application threads were stopped: 0.0009328 seconds, Stopping threads took: 0.0005261 seconds
[2022-06-13T01:18:44.645+0000][1][safepoint    ] Application time: 0.0002899 seconds
[2022-06-13T01:18:44.646+0000][1][safepoint    ] Entering safepoint region: RevokeBias
[2022-06-13T01:18:44.646+0000][1][safepoint    ] Leaving safepoint region
[2022-06-13T01:18:44.646+0000][1][safepoint    ] Total time for which application threads were stopped: 0.0007520 seconds, Stopping threads took: 0.0004291 seconds
[2022-06-13T01:18:44.647+0000][1][safepoint    ] Application time: 0.0002563 seconds
[2022-06-13T01:18:44.648+0000][1][safepoint    ] Entering safepoint region: RevokeBias
[2022-06-13T01:18:44.648+0000][1][safepoint    ] Leaving safepoint region
[2022-06-13T01:18:44.648+0000][1][safepoint    ] Total time for which application threads were stopped: 0.0009372 seconds, Stopping threads took: 0.0006540 seconds
[2022-06-13T01:18:44.649+0000][1][safepoint    ] Application time: 0.0002364 seconds
[2022-06-13T01:18:44.650+0000][1][safepoint    ] Entering safepoint region: RevokeBias
[2022-06-13T01:18:44.650+0000][1][safepoint    ] Leaving safepoint region
[2022-06-13T01:18:44.650+0000][1][safepoint    ] Total time for which application threads were stopped: 0.0011004 seconds, Stopping threads took: 0.0006956 seconds
[2022-06-13T01:18:44.651+0000][1][safepoint    ] Application time: 0.0001901 seconds
[2022-06-13T01:18:44.651+0000][1][safepoint    ] Entering safepoint region: RevokeBias
[2022-06-13T01:18:44.652+0000][1][safepoint    ] Leaving safepoint region
[2022-06-13T01:18:44.652+0000][1][safepoint    ] Total time for which application threads were stopped: 0.0006405 seconds, Stopping threads took: 0.0003440 seconds
[2022-06-13T01:18:44.652+0000][1][safepoint    ] Application time: 0.0002313 seconds
[2022-06-13T01:18:44.653+0000][1][safepoint    ] Entering safepoint region: RevokeBias
[2022-06-13T01:18:44.653+0000][1][safepoint    ] Leaving safepoint region
[2022-06-13T01:18:44.653+0000][1][safepoint    ] Total time for which application threads were stopped: 0.0005424 seconds, Stopping threads took: 0.0002701 seconds
[2022-06-13T01:18:44.654+0000][1][safepoint    ] Application time: 0.0001820 seconds
[2022-06-13T01:18:44.654+0000][1][safepoint    ] Entering safepoint region: RevokeBias
[2022-06-13T01:18:44.654+0000][1][safepoint    ] Leaving safepoint region
[2022-06-13T01:18:44.654+0000][1][safepoint    ] Total time for which application threads were stopped: 0.0005742 seconds, Stopping threads took: 0.0003160 seconds
[2022-06-13T01:18:44.914+0000][1][safepoint    ] Application time: 0.2593636 seconds
[2022-06-13T01:18:44.914+0000][1][safepoint    ] Entering safepoint region: Deoptimize
[2022-06-13T01:18:44.915+0000][1][safepoint    ] Leaving safepoint region
[2022-06-13T01:18:44.915+0000][1][safepoint    ] Total time for which application threads were stopped: 0.0009931 seconds, Stopping threads took: 0.0002731 seconds
[2022-06-13T01:18:45.129+0000][1][safepoint    ] Application time: 0.2130624 seconds
[2022-06-13T01:18:45.129+0000][1][safepoint    ] Entering safepoint region: RevokeBias
[2022-06-13T01:18:45.129+0000][1][safepoint    ] Leaving safepoint region
[2022-06-13T01:18:45.130+0000][1][safepoint    ] Total time for which application threads were stopped: 0.0007313 seconds, Stopping threads took: 0.0003148 seconds
[2022-06-13T01:18:45.259+0000][1][safepoint    ] Application time: 0.1289269 seconds
[2022-06-13T01:18:45.259+0000][1][safepoint    ] Entering safepoint region: RevokeBias
[2022-06-13T01:18:45.260+0000][1][safepoint    ] Leaving safepoint region
[2022-06-13T01:18:45.260+0000][1][safepoint    ] Total time for which application threads were stopped: 0.0006758 seconds, Stopping threads took: 0.0003112 seconds
[2022-06-13T01:18:45.266+0000][1][safepoint    ] Application time: 0.0053627 seconds
[2022-06-13T01:18:45.266+0000][1][safepoint    ] Entering safepoint region: RevokeBias
[2022-06-13T01:18:45.267+0000][1][safepoint    ] Leaving safepoint region
[2022-06-13T01:18:45.267+0000][1][safepoint    ] Total time for which application threads were stopped: 0.0007442 seconds, Stopping threads took: 0.0003327 seconds
[2022-06-13T01:18:45.272+0000][1][safepoint    ] Application time: 0.0043984 seconds
[2022-06-13T01:18:45.272+0000][1][safepoint    ] Entering safepoint region: RevokeBias
[2022-06-13T01:18:45.273+0000][1][safepoint    ] Leaving safepoint region
[2022-06-13T01:18:45.273+0000][1][safepoint    ] Total time for which application threads were stopped: 0.0009977 seconds, Stopping threads took: 0.0002964 seconds
[2022-06-13T01:18:45.310+0000][1][safepoint    ] Application time: 0.0366383 seconds
[2022-06-13T01:18:45.311+0000][1][safepoint    ] Entering safepoint region: GenCollectForAllocation
[2022-06-13T01:18:45.311+0000][1][gc,start     ] GC(1) Pause Young (Allocation Failure)
[2022-06-13T01:18:45.311+0000][1][gc,task      ] GC(1) Using 5 workers of 13 for evacuation
[2022-06-13T01:18:45.337+0000][1][gc,age       ] GC(1) Desired survivor size 4456448 bytes, new threshold 6 (max threshold 6)
[2022-06-13T01:18:45.338+0000][1][gc,age       ] GC(1) Age table with threshold 6 (max threshold 6)
[2022-06-13T01:18:45.338+0000][1][gc,age       ] GC(1) - age   1:    2444336 bytes,    2444336 total
[2022-06-13T01:18:45.338+0000][1][gc,heap      ] GC(1) ParNew: 76252K->4542K(78656K)
[2022-06-13T01:18:45.339+0000][1][gc,heap      ] GC(1) CMS: 0K->6698K(174784K)
[2022-06-13T01:18:45.339+0000][1][gc,metaspace ] GC(1) Metaspace: 14891K->14891K(1062912K)
[2022-06-13T01:18:45.339+0000][1][gc           ] GC(1) Pause Young (Allocation Failure) 74M->10M(247M) 28.254ms
[2022-06-13T01:18:45.340+0000][1][gc,cpu       ] GC(1) User=0.12s Sys=0.01s Real=0.03s
[2022-06-13T01:18:45.340+0000][1][safepoint    ] Leaving safepoint region
[2022-06-13T01:18:45.340+0000][1][safepoint    ] Total time for which application threads were stopped: 0.0295167 seconds, Stopping threads took: 0.0003410 seconds
[2022-06-13T01:18:45.341+0000][1][safepoint    ] Application time: 0.0003981 seconds
[2022-06-13T01:18:45.341+0000][1][safepoint    ] Entering safepoint region: RevokeBias
[2022-06-13T01:18:45.341+0000][1][safepoint    ] Leaving safepoint region
[2022-06-13T01:18:45.342+0000][1][safepoint    ] Total time for which application threads were stopped: 0.0006587 seconds, Stopping threads took: 0.0003101 seconds
[2022-06-13T01:18:45.342+0000][1][safepoint    ] Application time: 0.0001598 seconds
[2022-06-13T01:18:45.342+0000][1][safepoint    ] Entering safepoint region: RevokeBias
[2022-06-13T01:18:45.343+0000][1][safepoint    ] Leaving safepoint region
[2022-06-13T01:18:45.343+0000][1][safepoint    ] Total time for which application threads were stopped: 0.0008843 seconds, Stopping threads took: 0.0003612 seconds
[2022-06-13T01:18:45.344+0000][1][safepoint    ] Application time: 0.0001802 seconds
[2022-06-13T01:18:45.344+0000][1][safepoint    ] Entering safepoint region: RevokeBias
[2022-06-13T01:18:45.344+0000][1][safepoint    ] Leaving safepoint region
[2022-06-13T01:18:45.345+0000][1][safepoint    ] Total time for which application threads were stopped: 0.0009547 seconds, Stopping threads took: 0.0003335 seconds
[2022-06-13T01:18:45.345+0000][1][safepoint    ] Application time: 0.0001934 seconds
[2022-06-13T01:18:45.346+0000][1][safepoint    ] Entering safepoint region: RevokeBias
[2022-06-13T01:18:45.346+0000][1][safepoint    ] Leaving safepoint region
[2022-06-13T01:18:45.346+0000][1][safepoint    ] Total time for which application threads were stopped: 0.0007184 seconds, Stopping threads took: 0.0003324 seconds
[2022-06-13T01:18:45.347+0000][1][safepoint    ] Application time: 0.0001761 seconds
[2022-06-13T01:18:45.347+0000][1][safepoint    ] Entering safepoint region: RevokeBias
[2022-06-13T01:18:45.348+0000][1][safepoint    ] Leaving safepoint region
[2022-06-13T01:18:45.348+0000][1][safepoint    ] Total time for which application threads were stopped: 0.0006337 seconds, Stopping threads took: 0.0003055 seconds
[2022-06-13T01:18:45.348+0000][1][safepoint    ] Application time: 0.0001663 seconds
[2022-06-13T01:18:45.348+0000][1][safepoint    ] Entering safepoint region: RevokeBias
[2022-06-13T01:18:45.349+0000][1][safepoint    ] Leaving safepoint region
[2022-06-13T01:18:45.349+0000][1][safepoint    ] Total time for which application threads were stopped: 0.0005974 seconds, Stopping threads took: 0.0002838 seconds
[2022-06-13T01:18:45.350+0000][1][safepoint    ] Application time: 0.0002721 seconds
[2022-06-13T01:18:45.350+0000][1][safepoint    ] Entering safepoint region: RevokeBias
[2022-06-13T01:18:45.351+0000][1][safepoint    ] Leaving safepoint region
[2022-06-13T01:18:45.351+0000][1][safepoint    ] Total time for which application threads were stopped: 0.0007514 seconds, Stopping threads took: 0.0003707 seconds
[2022-06-13T01:18:45.352+0000][1][safepoint    ] Application time: 0.0002111 seconds
[2022-06-13T01:18:45.352+0000][1][safepoint    ] Entering safepoint region: RevokeBias
[2022-06-13T01:18:45.352+0000][1][safepoint    ] Leaving safepoint region
[2022-06-13T01:18:45.353+0000][1][safepoint    ] Total time for which application threads were stopped: 0.0007962 seconds, Stopping threads took: 0.0004406 seconds
[2022-06-13T01:18:45.353+0000][1][safepoint    ] Application time: 0.0002074 seconds
[2022-06-13T01:18:45.354+0000][1][safepoint    ] Entering safepoint region: BulkRevokeBias
[2022-06-13T01:18:45.354+0000][1][safepoint    ] Leaving safepoint region
[2022-06-13T01:18:45.354+0000][1][safepoint    ] Total time for which application threads were stopped: 0.0007474 seconds, Stopping threads took: 0.0003774 seconds
[2022-06-13T01:18:45.355+0000][1][safepoint    ] Application time: 0.0001574 seconds
[2022-06-13T01:18:45.355+0000][1][safepoint    ] Entering safepoint region: RevokeBias
[2022-06-13T01:18:45.355+0000][1][safepoint    ] Leaving safepoint region
[2022-06-13T01:18:45.356+0000][1][safepoint    ] Total time for which application threads were stopped: 0.0006625 seconds, Stopping threads took: 0.0003100 seconds
[2022-06-13T01:18:45.356+0000][1][safepoint    ] Application time: 0.0002072 seconds
[2022-06-13T01:18:45.357+0000][1][safepoint    ] Entering safepoint region: BulkRevokeBias
[2022-06-13T01:18:45.357+0000][1][safepoint    ] Leaving safepoint region
[2022-06-13T01:18:45.357+0000][1][safepoint    ] Total time for which application threads were stopped: 0.0007330 seconds, Stopping threads took: 0.0003774 seconds
[2022-06-13T01:18:45.550+0000][1][safepoint    ] Application time: 0.1924378 seconds
[2022-06-13T01:18:45.550+0000][1][safepoint    ] Entering safepoint region: GenCollectForAllocation
[2022-06-13T01:18:45.551+0000][1][gc,start     ] GC(2) Pause Young (Allocation Failure)
[2022-06-13T01:18:45.551+0000][1][gc,task      ] GC(2) Using 5 workers of 13 for evacuation
[2022-06-13T01:18:45.556+0000][1][gc,age       ] GC(2) Desired survivor size 4456448 bytes, new threshold 6 (max threshold 6)
[2022-06-13T01:18:45.556+0000][1][gc,age       ] GC(2) Age table with threshold 6 (max threshold 6)
[2022-06-13T01:18:45.557+0000][1][gc,age       ] GC(2) - age   1:    2781760 bytes,    2781760 total
[2022-06-13T01:18:45.557+0000][1][gc,age       ] GC(2) - age   2:    1147792 bytes,    3929552 total
[2022-06-13T01:18:45.557+0000][1][gc,heap      ] GC(2) ParNew: 74494K->4787K(78656K)
[2022-06-13T01:18:45.558+0000][1][gc,heap      ] GC(2) CMS: 6698K->6698K(174784K)
[2022-06-13T01:18:45.558+0000][1][gc,metaspace ] GC(2) Metaspace: 15027K->15027K(1062912K)
[2022-06-13T01:18:45.558+0000][1][gc           ] GC(2) Pause Young (Allocation Failure) 79M->11M(247M) 7.415ms
[2022-06-13T01:18:45.559+0000][1][gc,cpu       ] GC(2) User=0.02s Sys=0.01s Real=0.00s
[2022-06-13T01:18:45.559+0000][1][safepoint    ] Leaving safepoint region
[2022-06-13T01:18:45.559+0000][1][safepoint    ] Total time for which application threads were stopped: 0.0089818 seconds, Stopping threads took: 0.0003363 seconds
[2022-06-13T01:18:45.560+0000][1][safepoint    ] Application time: 0.0003498 seconds
[2022-06-13T01:18:45.560+0000][1][safepoint    ] Entering safepoint region: RevokeBias
[2022-06-13T01:18:45.561+0000][1][safepoint    ] Leaving safepoint region
[2022-06-13T01:18:45.561+0000][1][safepoint    ] Total time for which application threads were stopped: 0.0007091 seconds, Stopping threads took: 0.0003362 seconds
[2022-06-13T01:18:45.561+0000][1][safepoint    ] Application time: 0.0001754 seconds
[2022-06-13T01:18:45.562+0000][1][safepoint    ] Entering safepoint region: RevokeBias
[2022-06-13T01:18:45.562+0000][1][safepoint    ] Leaving safepoint region
[2022-06-13T01:18:45.563+0000][1][safepoint    ] Total time for which application threads were stopped: 0.0009086 seconds, Stopping threads took: 0.0005033 seconds
[2022-06-13T01:18:45.563+0000][1][safepoint    ] Application time: 0.0001563 seconds
[2022-06-13T01:18:45.564+0000][1][safepoint    ] Entering safepoint region: RevokeBias
[2022-06-13T01:18:45.564+0000][1][safepoint    ] Leaving safepoint region
[2022-06-13T01:18:45.564+0000][1][safepoint    ] Total time for which application threads were stopped: 0.0009538 seconds, Stopping threads took: 0.0005810 seconds
[2022-06-13T01:18:45.565+0000][1][safepoint    ] Application time: 0.0001159 seconds
[2022-06-13T01:18:45.565+0000][1][safepoint    ] Entering safepoint region: RevokeBias
[2022-06-13T01:18:45.565+0000][1][safepoint    ] Leaving safepoint region
[2022-06-13T01:18:45.566+0000][1][safepoint    ] Total time for which application threads were stopped: 0.0007718 seconds, Stopping threads took: 0.0002670 seconds
[2022-06-13T01:18:45.566+0000][1][safepoint    ] Application time: 0.0001542 seconds
[2022-06-13T01:18:45.566+0000][1][safepoint    ] Entering safepoint region: RevokeBias
[2022-06-13T01:18:45.567+0000][1][safepoint    ] Leaving safepoint region
[2022-06-13T01:18:45.567+0000][1][safepoint    ] Total time for which application threads were stopped: 0.0006087 seconds, Stopping threads took: 0.0003182 seconds
[2022-06-13T01:18:45.567+0000][1][safepoint    ] Application time: 0.0002238 seconds
[2022-06-13T01:18:45.568+0000][1][safepoint    ] Entering safepoint region: RevokeBias
[2022-06-13T01:18:45.568+0000][1][safepoint    ] Leaving safepoint region
[2022-06-13T01:18:45.568+0000][1][safepoint    ] Total time for which application threads were stopped: 0.0005658 seconds, Stopping threads took: 0.0002732 seconds
[2022-06-13T01:18:45.784+0000][1][safepoint    ] Application time: 0.2154818 seconds
[2022-06-13T01:18:45.784+0000][1][safepoint    ] Entering safepoint region: Deoptimize
[2022-06-13T01:18:45.785+0000][1][safepoint    ] Leaving safepoint region
[2022-06-13T01:18:45.786+0000][1][safepoint    ] Total time for which application threads were stopped: 0.0012456 seconds, Stopping threads took: 0.0004179 seconds
[2022-06-13T01:18:45.787+0000][1][safepoint    ] Application time: 0.0009646 seconds
[2022-06-13T01:18:45.787+0000][1][safepoint    ] Entering safepoint region: Deoptimize
[2022-06-13T01:18:45.788+0000][1][safepoint    ] Leaving safepoint region
[2022-06-13T01:18:45.788+0000][1][safepoint    ] Total time for which application threads were stopped: 0.0008238 seconds, Stopping threads took: 0.0002260 seconds
[2022-06-13T01:18:46.126+0000][1][safepoint    ] Application time: 0.3376834 seconds
[2022-06-13T01:18:46.129+0000][1][safepoint    ] Entering safepoint region: GenCollectForAllocation
[2022-06-13T01:18:46.129+0000][1][gc,start     ] GC(3) Pause Young (Allocation Failure)
[2022-06-13T01:18:46.130+0000][1][gc,task      ] GC(3) Using 5 workers of 13 for evacuation
[2022-06-13T01:18:46.134+0000][1][gc,age       ] GC(3) Desired survivor size 4456448 bytes, new threshold 3 (max threshold 6)
[2022-06-13T01:18:46.135+0000][1][gc,age       ] GC(3) Age table with threshold 3 (max threshold 6)
[2022-06-13T01:18:46.135+0000][1][gc,age       ] GC(3) - age   1:    3569744 bytes,    3569744 total
[2022-06-13T01:18:46.135+0000][1][gc,age       ] GC(3) - age   2:     294272 bytes,    3864016 total
[2022-06-13T01:18:46.136+0000][1][gc,age       ] GC(3) - age   3:    1144768 bytes,    5008784 total
[2022-06-13T01:18:46.136+0000][1][gc,heap      ] GC(3) ParNew: 74739K->6128K(78656K)
[2022-06-13T01:18:46.136+0000][1][gc,heap      ] GC(3) CMS: 6698K->6698K(174784K)
[2022-06-13T01:18:46.137+0000][1][gc,metaspace ] GC(3) Metaspace: 18499K->18499K(1067008K)
[2022-06-13T01:18:46.137+0000][1][gc           ] GC(3) Pause Young (Allocation Failure) 79M->12M(247M) 7.703ms
[2022-06-13T01:18:46.137+0000][1][gc,cpu       ] GC(3) User=0.02s Sys=0.00s Real=0.00s
[2022-06-13T01:18:46.138+0000][1][safepoint    ] Leaving safepoint region
[2022-06-13T01:18:46.138+0000][1][safepoint    ] Total time for which application threads were stopped: 0.0116782 seconds, Stopping threads took: 0.0029148 seconds
[2022-06-13T01:18:46.139+0000][1][safepoint    ] Application time: 0.0007120 seconds
[2022-06-13T01:18:46.139+0000][1][safepoint    ] Entering safepoint region: BulkRevokeBias
[2022-06-13T01:18:46.140+0000][1][safepoint    ] Leaving safepoint region
[2022-06-13T01:18:46.140+0000][1][safepoint    ] Total time for which application threads were stopped: 0.0006588 seconds, Stopping threads took: 0.0002589 seconds
[2022-06-13T01:18:46.141+0000][1][safepoint    ] Application time: 0.0003683 seconds
[2022-06-13T01:18:46.141+0000][1][safepoint    ] Entering safepoint region: RevokeBias
[2022-06-13T01:18:46.142+0000][1][safepoint    ] Leaving safepoint region
[2022-06-13T01:18:46.142+0000][1][safepoint    ] Total time for which application threads were stopped: 0.0011154 seconds, Stopping threads took: 0.0007640 seconds
[2022-06-13T01:18:46.142+0000][1][safepoint    ] Application time: 0.0001730 seconds
[2022-06-13T01:18:46.143+0000][1][safepoint    ] Entering safepoint region: RevokeBias
[2022-06-13T01:18:46.143+0000][1][safepoint    ] Leaving safepoint region
[2022-06-13T01:18:46.143+0000][1][safepoint    ] Total time for which application threads were stopped: 0.0006787 seconds, Stopping threads took: 0.0003267 seconds
[2022-06-13T01:18:46.144+0000][1][safepoint    ] Application time: 0.0001686 seconds
[2022-06-13T01:18:46.144+0000][1][safepoint    ] Entering safepoint region: RevokeBias
[2022-06-13T01:18:46.144+0000][1][safepoint    ] Leaving safepoint region
[2022-06-13T01:18:46.145+0000][1][safepoint    ] Total time for which application threads were stopped: 0.0005579 seconds, Stopping threads took: 0.0002672 seconds
[2022-06-13T01:18:46.145+0000][1][safepoint    ] Application time: 0.0001410 seconds
[2022-06-13T01:18:46.145+0000][1][safepoint    ] Entering safepoint region: RevokeBias
[2022-06-13T01:18:46.145+0000][1][safepoint    ] Leaving safepoint region
[2022-06-13T01:18:46.146+0000][1][safepoint    ] Total time for which application threads were stopped: 0.0005562 seconds, Stopping threads took: 0.0002532 seconds
[2022-06-13T01:18:46.146+0000][1][safepoint    ] Application time: 0.0001753 seconds
[2022-06-13T01:18:46.146+0000][1][safepoint    ] Entering safepoint region: RevokeBias
[2022-06-13T01:18:46.147+0000][1][safepoint    ] Leaving safepoint region
[2022-06-13T01:18:46.147+0000][1][safepoint    ] Total time for which application threads were stopped: 0.0006884 seconds, Stopping threads took: 0.0003759 seconds
[2022-06-13T01:18:46.148+0000][1][safepoint    ] Application time: 0.0003793 seconds
[2022-06-13T01:18:46.148+0000][1][safepoint    ] Entering safepoint region: RevokeBias
[2022-06-13T01:18:46.149+0000][1][safepoint    ] Leaving safepoint region
[2022-06-13T01:18:46.149+0000][1][safepoint    ] Total time for which application threads were stopped: 0.0008807 seconds, Stopping threads took: 0.0005283 seconds
[2022-06-13T01:18:46.149+0000][1][safepoint    ] Application time: 0.0001734 seconds
[2022-06-13T01:18:46.150+0000][1][safepoint    ] Entering safepoint region: RevokeBias
[2022-06-13T01:18:46.150+0000][1][safepoint    ] Leaving safepoint region
[2022-06-13T01:18:46.150+0000][1][safepoint    ] Total time for which application threads were stopped: 0.0006612 seconds, Stopping threads took: 0.0003324 seconds
[2022-06-13T01:18:46.151+0000][1][safepoint    ] Application time: 0.0001553 seconds
[2022-06-13T01:18:46.151+0000][1][safepoint    ] Entering safepoint region: RevokeBias
[2022-06-13T01:18:46.151+0000][1][safepoint    ] Leaving safepoint region
[2022-06-13T01:18:46.152+0000][1][safepoint    ] Total time for which application threads were stopped: 0.0006944 seconds, Stopping threads took: 0.0003447 seconds
[2022-06-13T01:18:46.152+0000][1][safepoint    ] Application time: 0.0001809 seconds
[2022-06-13T01:18:46.152+0000][1][safepoint    ] Entering safepoint region: RevokeBias
[2022-06-13T01:18:46.153+0000][1][safepoint    ] Leaving safepoint region
[2022-06-13T01:18:46.153+0000][1][safepoint    ] Total time for which application threads were stopped: 0.0006338 seconds, Stopping threads took: 0.0002849 seconds
[2022-06-13T01:18:46.153+0000][1][safepoint    ] Application time: 0.0001753 seconds
[2022-06-13T01:18:46.154+0000][1][safepoint    ] Entering safepoint region: RevokeBias
[2022-06-13T01:18:46.154+0000][1][safepoint    ] Leaving safepoint region
[2022-06-13T01:18:46.154+0000][1][safepoint    ] Total time for which application threads were stopped: 0.0005976 seconds, Stopping threads took: 0.0002901 seconds
[2022-06-13T01:18:46.155+0000][1][safepoint    ] Application time: 0.0001942 seconds
[2022-06-13T01:18:46.155+0000][1][safepoint    ] Entering safepoint region: RevokeBias
[2022-06-13T01:18:46.155+0000][1][safepoint    ] Leaving safepoint region
[2022-06-13T01:18:46.156+0000][1][safepoint    ] Total time for which application threads were stopped: 0.0006983 seconds, Stopping threads took: 0.0003452 seconds
[2022-06-13T01:18:46.156+0000][1][safepoint    ] Application time: 0.0001663 seconds
[2022-06-13T01:18:46.156+0000][1][safepoint    ] Entering safepoint region: RevokeBias
[2022-06-13T01:18:46.157+0000][1][safepoint    ] Leaving safepoint region
[2022-06-13T01:18:46.157+0000][1][safepoint    ] Total time for which application threads were stopped: 0.0006013 seconds, Stopping threads took: 0.0002727 seconds
[2022-06-13T01:18:46.157+0000][1][safepoint    ] Application time: 0.0001700 seconds
[2022-06-13T01:18:46.158+0000][1][safepoint    ] Entering safepoint region: RevokeBias
[2022-06-13T01:18:46.158+0000][1][safepoint    ] Leaving safepoint region
[2022-06-13T01:18:46.158+0000][1][safepoint    ] Total time for which application threads were stopped: 0.0006232 seconds, Stopping threads took: 0.0003339 seconds
[2022-06-13T01:18:46.159+0000][1][safepoint    ] Application time: 0.0001467 seconds
[2022-06-13T01:18:46.159+0000][1][safepoint    ] Entering safepoint region: RevokeBias
[2022-06-13T01:18:46.159+0000][1][safepoint    ] Leaving safepoint region
[2022-06-13T01:18:46.160+0000][1][safepoint    ] Total time for which application threads were stopped: 0.0009475 seconds, Stopping threads took: 0.0005494 seconds
[2022-06-13T01:18:46.160+0000][1][safepoint    ] Application time: 0.0001983 seconds
[2022-06-13T01:18:46.161+0000][1][safepoint    ] Entering safepoint region: RevokeBias
[2022-06-13T01:18:46.161+0000][1][safepoint    ] Leaving safepoint region
[2022-06-13T01:18:46.162+0000][1][safepoint    ] Total time for which application threads were stopped: 0.0010056 seconds, Stopping threads took: 0.0006489 seconds
[2022-06-13T01:18:46.162+0000][1][safepoint    ] Application time: 0.0001816 seconds
[2022-06-13T01:18:46.162+0000][1][safepoint    ] Entering safepoint region: RevokeBias
[2022-06-13T01:18:46.163+0000][1][safepoint    ] Leaving safepoint region
[2022-06-13T01:18:46.163+0000][1][safepoint    ] Total time for which application threads were stopped: 0.0006718 seconds, Stopping threads took: 0.0003261 seconds
[2022-06-13T01:18:46.163+0000][1][safepoint    ] Application time: 0.0001375 seconds
[2022-06-13T01:18:46.164+0000][1][safepoint    ] Entering safepoint region: RevokeBias
[2022-06-13T01:18:46.164+0000][1][safepoint    ] Leaving safepoint region
[2022-06-13T01:18:46.164+0000][1][safepoint    ] Total time for which application threads were stopped: 0.0007265 seconds, Stopping threads took: 0.0004353 seconds
[2022-06-13T01:18:46.165+0000][1][safepoint    ] Application time: 0.0003475 seconds
[2022-06-13T01:18:46.165+0000][1][safepoint    ] Entering safepoint region: RevokeBias
[2022-06-13T01:18:46.166+0000][1][safepoint    ] Leaving safepoint region
[2022-06-13T01:18:46.166+0000][1][safepoint    ] Total time for which application threads were stopped: 0.0009116 seconds, Stopping threads took: 0.0005764 seconds
[2022-06-13T01:18:46.167+0000][1][safepoint    ] Application time: 0.0001662 seconds
[2022-06-13T01:18:46.167+0000][1][safepoint    ] Entering safepoint region: RevokeBias
[2022-06-13T01:18:46.167+0000][1][safepoint    ] Leaving safepoint region
[2022-06-13T01:18:46.167+0000][1][safepoint    ] Total time for which application threads were stopped: 0.0005070 seconds, Stopping threads took: 0.0002417 seconds
[2022-06-13T01:18:46.168+0000][1][safepoint    ] Application time: 0.0001824 seconds
[2022-06-13T01:18:46.168+0000][1][safepoint    ] Entering safepoint region: RevokeBias
[2022-06-13T01:18:46.168+0000][1][safepoint    ] Leaving safepoint region
[2022-06-13T01:18:46.169+0000][1][safepoint    ] Total time for which application threads were stopped: 0.0006120 seconds, Stopping threads took: 0.0002822 seconds
[2022-06-13T01:18:46.169+0000][1][safepoint    ] Application time: 0.0001391 seconds
[2022-06-13T01:18:46.170+0000][1][safepoint    ] Entering safepoint region: RevokeBias
[2022-06-13T01:18:46.170+0000][1][safepoint    ] Leaving safepoint region
[2022-06-13T01:18:46.170+0000][1][safepoint    ] Total time for which application threads were stopped: 0.0010020 seconds, Stopping threads took: 0.0006891 seconds
[2022-06-13T01:18:46.317+0000][1][safepoint    ] Application time: 0.1467182 seconds
[2022-06-13T01:18:46.318+0000][1][safepoint    ] Entering safepoint region: GenCollectForAllocation
[2022-06-13T01:18:46.318+0000][1][gc,start     ] GC(4) Pause Young (Allocation Failure)
[2022-06-13T01:18:46.318+0000][1][gc,task      ] GC(4) Using 5 workers of 13 for evacuation
[2022-06-13T01:18:46.324+0000][1][gc,age       ] GC(4) Desired survivor size 4456448 bytes, new threshold 2 (max threshold 6)
[2022-06-13T01:18:46.324+0000][1][gc,age       ] GC(4) Age table with threshold 2 (max threshold 6)
[2022-06-13T01:18:46.325+0000][1][gc,age       ] GC(4) - age   1:    1587912 bytes,    1587912 total
[2022-06-13T01:18:46.325+0000][1][gc,age       ] GC(4) - age   2:    3329824 bytes,    4917736 total
[2022-06-13T01:18:46.325+0000][1][gc,age       ] GC(4) - age   3:     293744 bytes,    5211480 total
[2022-06-13T01:18:46.325+0000][1][gc,heap      ] GC(4) ParNew: 76080K->7943K(78656K)
[2022-06-13T01:18:46.325+0000][1][gc,heap      ] GC(4) CMS: 6698K->7833K(174784K)
[2022-06-13T01:18:46.326+0000][1][gc,metaspace ] GC(4) Metaspace: 18691K->18691K(1067008K)
[2022-06-13T01:18:46.326+0000][1][gc           ] GC(4) Pause Young (Allocation Failure) 80M->15M(247M) 7.850ms
[2022-06-13T01:18:46.326+0000][1][gc,cpu       ] GC(4) User=0.05s Sys=0.00s Real=0.01s
[2022-06-13T01:18:46.327+0000][1][safepoint    ] Leaving safepoint region
[2022-06-13T01:18:46.327+0000][1][safepoint    ] Total time for which application threads were stopped: 0.0092094 seconds, Stopping threads took: 0.0003067 seconds
[2022-06-13T01:18:46.327+0000][1][safepoint    ] Application time: 0.0003583 seconds
[2022-06-13T01:18:46.328+0000][1][safepoint    ] Entering safepoint region: RevokeBias
[2022-06-13T01:18:46.328+0000][1][safepoint    ] Leaving safepoint region
[2022-06-13T01:18:46.328+0000][1][safepoint    ] Total time for which application threads were stopped: 0.0006854 seconds, Stopping threads took: 0.0003229 seconds
[2022-06-13T01:18:46.329+0000][1][safepoint    ] Application time: 0.0001788 seconds
[2022-06-13T01:18:46.329+0000][1][safepoint    ] Entering safepoint region: RevokeBias
[2022-06-13T01:18:46.330+0000][1][safepoint    ] Leaving safepoint region
[2022-06-13T01:18:46.330+0000][1][safepoint    ] Total time for which application threads were stopped: 0.0007478 seconds, Stopping threads took: 0.0003567 seconds
[2022-06-13T01:18:46.330+0000][1][safepoint    ] Application time: 0.0001848 seconds
[2022-06-13T01:18:46.331+0000][1][safepoint    ] Entering safepoint region: RevokeBias
[2022-06-13T01:18:46.331+0000][1][safepoint    ] Leaving safepoint region
[2022-06-13T01:18:46.331+0000][1][safepoint    ] Total time for which application threads were stopped: 0.0007501 seconds, Stopping threads took: 0.0003562 seconds
[2022-06-13T01:18:46.332+0000][1][safepoint    ] Application time: 0.0001579 seconds
[2022-06-13T01:18:46.332+0000][1][safepoint    ] Entering safepoint region: RevokeBias
[2022-06-13T01:18:46.333+0000][1][safepoint    ] Leaving safepoint region
[2022-06-13T01:18:46.333+0000][1][safepoint    ] Total time for which application threads were stopped: 0.0006778 seconds, Stopping threads took: 0.0003205 seconds
[2022-06-13T01:18:46.362+0000][1][safepoint    ] Application time: 0.0287608 seconds
[2022-06-13T01:18:46.362+0000][1][safepoint    ] Entering safepoint region: Deoptimize
[2022-06-13T01:18:46.363+0000][1][safepoint    ] Leaving safepoint region
[2022-06-13T01:18:46.363+0000][1][safepoint    ] Total time for which application threads were stopped: 0.0010044 seconds, Stopping threads took: 0.0002525 seconds
[2022-06-13T01:18:46.420+0000][1][safepoint    ] Application time: 0.0569250 seconds
[2022-06-13T01:18:46.421+0000][1][safepoint    ] Entering safepoint region: Deoptimize
[2022-06-13T01:18:46.422+0000][1][safepoint    ] Leaving safepoint region
[2022-06-13T01:18:46.422+0000][1][safepoint    ] Total time for which application threads were stopped: 0.0011351 seconds, Stopping threads took: 0.0002682 seconds
[2022-06-13T01:18:46.559+0000][1][safepoint    ] Application time: 0.1363847 seconds
[2022-06-13T01:18:46.560+0000][1][safepoint    ] Entering safepoint region: GenCollectForAllocation
[2022-06-13T01:18:46.560+0000][1][gc,start     ] GC(5) Pause Young (Allocation Failure)
[2022-06-13T01:18:46.561+0000][1][gc,task      ] GC(5) Using 5 workers of 13 for evacuation
[2022-06-13T01:18:46.567+0000][1][gc,age       ] GC(5) Desired survivor size 4456448 bytes, new threshold 6 (max threshold 6)
[2022-06-13T01:18:46.567+0000][1][gc,age       ] GC(5) Age table with threshold 6 (max threshold 6)
[2022-06-13T01:18:46.567+0000][1][gc,age       ] GC(5) - age   1:    2474728 bytes,    2474728 total
[2022-06-13T01:18:46.568+0000][1][gc,age       ] GC(5) - age   2:     445896 bytes,    2920624 total
[2022-06-13T01:18:46.568+0000][1][gc,heap      ] GC(5) ParNew: 77895K->5904K(78656K)
[2022-06-13T01:18:46.568+0000][1][gc,heap      ] GC(5) CMS: 7833K->11403K(174784K)
[2022-06-13T01:18:46.568+0000][1][gc,metaspace ] GC(5) Metaspace: 19033K->19033K(1067008K)
[2022-06-13T01:18:46.569+0000][1][gc           ] GC(5) Pause Young (Allocation Failure) 83M->16M(247M) 8.431ms
[2022-06-13T01:18:46.569+0000][1][gc,cpu       ] GC(5) User=0.03s Sys=0.00s Real=0.00s
[2022-06-13T01:18:46.569+0000][1][safepoint    ] Leaving safepoint region
[2022-06-13T01:18:46.570+0000][1][safepoint    ] Total time for which application threads were stopped: 0.0097134 seconds, Stopping threads took: 0.0003465 seconds
[2022-06-13T01:18:46.573+0000][1][safepoint    ] Application time: 0.0033010 seconds
[2022-06-13T01:18:46.574+0000][1][safepoint    ] Entering safepoint region: RevokeBias
[2022-06-13T01:18:46.574+0000][1][safepoint    ] Leaving safepoint region
[2022-06-13T01:18:46.574+0000][1][safepoint    ] Total time for which application threads were stopped: 0.0007094 seconds, Stopping threads took: 0.0003399 seconds
[2022-06-13T01:18:46.575+0000][1][safepoint    ] Application time: 0.0001406 seconds
[2022-06-13T01:18:46.575+0000][1][safepoint    ] Entering safepoint region: RevokeBias
[2022-06-13T01:18:46.575+0000][1][safepoint    ] Leaving safepoint region
[2022-06-13T01:18:46.576+0000][1][safepoint    ] Total time for which application threads were stopped: 0.0007186 seconds, Stopping threads took: 0.0003498 seconds
[2022-06-13T01:18:46.576+0000][1][safepoint    ] Application time: 0.0001634 seconds
[2022-06-13T01:18:46.576+0000][1][safepoint    ] Entering safepoint region: RevokeBias
[2022-06-13T01:18:46.577+0000][1][safepoint    ] Leaving safepoint region
[2022-06-13T01:18:46.577+0000][1][safepoint    ] Total time for which application threads were stopped: 0.0006588 seconds, Stopping threads took: 0.0002972 seconds
[2022-06-13T01:18:46.577+0000][1][safepoint    ] Application time: 0.0001817 seconds
[2022-06-13T01:18:46.578+0000][1][safepoint    ] Entering safepoint region: RevokeBias
[2022-06-13T01:18:46.578+0000][1][safepoint    ] Leaving safepoint region
[2022-06-13T01:18:46.578+0000][1][safepoint    ] Total time for which application threads were stopped: 0.0006536 seconds, Stopping threads took: 0.0003735 seconds
[2022-06-13T01:18:46.579+0000][1][safepoint    ] Application time: 0.0001789 seconds
[2022-06-13T01:18:46.579+0000][1][safepoint    ] Entering safepoint region: RevokeBias
[2022-06-13T01:18:46.579+0000][1][safepoint    ] Leaving safepoint region
[2022-06-13T01:18:46.580+0000][1][safepoint    ] Total time for which application threads were stopped: 0.0005418 seconds, Stopping threads took: 0.0002784 seconds
[2022-06-13T01:18:46.580+0000][1][safepoint    ] Application time: 0.0001562 seconds
[2022-06-13T01:18:46.580+0000][1][safepoint    ] Entering safepoint region: RevokeBias
[2022-06-13T01:18:46.581+0000][1][safepoint    ] Leaving safepoint region
[2022-06-13T01:18:46.581+0000][1][safepoint    ] Total time for which application threads were stopped: 0.0007098 seconds, Stopping threads took: 0.0003448 seconds
[2022-06-13T01:18:46.702+0000][1][safepoint    ] Application time: 0.1207977 seconds
[2022-06-13T01:18:46.702+0000][1][safepoint    ] Entering safepoint region: RevokeBias
[2022-06-13T01:18:46.703+0000][1][safepoint    ] Leaving safepoint region
[2022-06-13T01:18:46.703+0000][1][safepoint    ] Total time for which application threads were stopped: 0.0009193 seconds, Stopping threads took: 0.0005226 seconds
[2022-06-13T01:18:46.704+0000][1][safepoint    ] Application time: 0.0008670 seconds
[2022-06-13T01:18:46.705+0000][1][safepoint    ] Entering safepoint region: BulkRevokeBias
[2022-06-13T01:18:46.705+0000][1][safepoint    ] Leaving safepoint region
[2022-06-13T01:18:46.705+0000][1][safepoint    ] Total time for which application threads were stopped: 0.0005794 seconds, Stopping threads took: 0.0002466 seconds
[2022-06-13T01:18:46.740+0000][1][safepoint    ] Application time: 0.0341570 seconds
[2022-06-13T01:18:46.740+0000][1][safepoint    ] Entering safepoint region: GenCollectForAllocation
[2022-06-13T01:18:46.740+0000][1][gc,start     ] GC(6) Pause Young (Allocation Failure)
[2022-06-13T01:18:46.741+0000][1][gc,task      ] GC(6) Using 5 workers of 13 for evacuation
[2022-06-13T01:18:46.743+0000][1][gc,age       ] GC(6) Desired survivor size 4456448 bytes, new threshold 6 (max threshold 6)
[2022-06-13T01:18:46.743+0000][1][gc,age       ] GC(6) Age table with threshold 6 (max threshold 6)
[2022-06-13T01:18:46.743+0000][1][gc,age       ] GC(6) - age   1:    1456960 bytes,    1456960 total
[2022-06-13T01:18:46.743+0000][1][gc,age       ] GC(6) - age   2:    2195504 bytes,    3652464 total
[2022-06-13T01:18:46.743+0000][1][gc,age       ] GC(6) - age   3:     445896 bytes,    4098360 total
[2022-06-13T01:18:46.744+0000][1][gc,heap      ] GC(6) ParNew: 75856K->5098K(78656K)
[2022-06-13T01:18:46.744+0000][1][gc,heap      ] GC(6) CMS: 11403K->11403K(174784K)
[2022-06-13T01:18:46.744+0000][1][gc,metaspace ] GC(6) Metaspace: 19339K->19339K(1067008K)
[2022-06-13T01:18:46.744+0000][1][gc           ] GC(6) Pause Young (Allocation Failure) 85M->16M(247M) 3.735ms
[2022-06-13T01:18:46.744+0000][1][gc,cpu       ] GC(6) User=0.01s Sys=0.00s Real=0.00s
[2022-06-13T01:18:46.745+0000][1][safepoint    ] Leaving safepoint region
[2022-06-13T01:18:46.745+0000][1][safepoint    ] Total time for which application threads were stopped: 0.0047227 seconds, Stopping threads took: 0.0002084 seconds
[2022-06-13T01:18:46.745+0000][1][safepoint    ] Application time: 0.0002769 seconds
[2022-06-13T01:18:46.746+0000][1][safepoint    ] Entering safepoint region: BulkRevokeBias
[2022-06-13T01:18:46.746+0000][1][safepoint    ] Leaving safepoint region
[2022-06-13T01:18:46.746+0000][1][safepoint    ] Total time for which application threads were stopped: 0.0006369 seconds, Stopping threads took: 0.0003295 seconds
[2022-06-13T01:18:46.907+0000][1][safepoint    ] Application time: 0.1606406 seconds
[2022-06-13T01:18:46.907+0000][1][safepoint    ] Entering safepoint region: CollectForMetadataAllocation
[2022-06-13T01:18:46.908+0000][1][safepoint    ] Leaving safepoint region
[2022-06-13T01:18:46.909+0000][1][safepoint    ] Total time for which application threads were stopped: 0.0014536 seconds, Stopping threads took: 0.0002255 seconds
[2022-06-13T01:18:46.911+0000][1][safepoint    ] Application time: 0.0020825 seconds
[2022-06-13T01:18:46.911+0000][1][safepoint    ] Entering safepoint region: GenCollectForAllocation
[2022-06-13T01:18:46.912+0000][1][gc,start     ] GC(7) Pause Young (Allocation Failure)
[2022-06-13T01:18:46.912+0000][1][gc,task      ] GC(7) Using 5 workers of 13 for evacuation
[2022-06-13T01:18:46.914+0000][1][gc,age       ] GC(7) Desired survivor size 4456448 bytes, new threshold 6 (max threshold 6)
[2022-06-13T01:18:46.915+0000][1][gc,age       ] GC(7) Age table with threshold 6 (max threshold 6)
[2022-06-13T01:18:46.915+0000][1][gc,age       ] GC(7) - age   1:     565760 bytes,     565760 total
[2022-06-13T01:18:46.915+0000][1][gc,age       ] GC(7) - age   2:    1129472 bytes,    1695232 total
[2022-06-13T01:18:46.915+0000][1][gc,age       ] GC(7) - age   3:    2193496 bytes,    3888728 total
[2022-06-13T01:18:46.915+0000][1][gc,age       ] GC(7) - age   4:     445896 bytes,    4334624 total
[2022-06-13T01:18:46.915+0000][1][gc,heap      ] GC(7) ParNew: 75050K->5380K(78656K)
[2022-06-13T01:18:46.916+0000][1][gc,heap      ] GC(7) CMS: 11403K->11403K(174784K)
[2022-06-13T01:18:46.916+0000][1][gc,metaspace ] GC(7) Metaspace: 20066K->20066K(1069056K)
[2022-06-13T01:18:46.916+0000][1][gc           ] GC(7) Pause Young (Allocation Failure) 84M->16M(247M) 4.392ms
[2022-06-13T01:18:46.916+0000][1][gc,cpu       ] GC(7) User=0.01s Sys=0.00s Real=0.00s
[2022-06-13T01:18:46.916+0000][1][safepoint    ] Leaving safepoint region
[2022-06-13T01:18:46.916+0000][1][safepoint    ] Total time for which application threads were stopped: 0.0052277 seconds, Stopping threads took: 0.0002394 seconds
[2022-06-13T01:18:46.917+0000][1][safepoint    ] Application time: 0.0002326 seconds
[2022-06-13T01:18:46.917+0000][1][safepoint    ] Entering safepoint region: CMS_Initial_Mark
[2022-06-13T01:18:46.917+0000][1][gc,start     ] GC(8) Pause Initial Mark
[2022-06-13T01:18:46.918+0000][1][gc           ] GC(8) Pause Initial Mark 17M->17M(247M) 1.037ms
[2022-06-13T01:18:46.919+0000][1][gc,cpu       ] GC(8) User=0.01s Sys=0.01s Real=0.00s
[2022-06-13T01:18:46.919+0000][1][safepoint    ] Leaving safepoint region
[2022-06-13T01:18:46.919+0000][1][safepoint    ] Total time for which application threads were stopped: 0.0019984 seconds, Stopping threads took: 0.0001870 seconds
[2022-06-13T01:18:46.919+0000][1][gc           ] GC(8) Concurrent Mark
[2022-06-13T01:18:46.920+0000][1][gc,task      ] GC(8) Using 4 workers of 4 for marking
[2022-06-13T01:18:46.927+0000][1][gc           ] GC(8) Concurrent Mark 7.443ms
[2022-06-13T01:18:46.927+0000][1][gc,cpu       ] GC(8) User=0.02s Sys=0.00s Real=0.00s
[2022-06-13T01:18:46.928+0000][1][gc           ] GC(8) Concurrent Preclean
[2022-06-13T01:18:46.929+0000][1][gc           ] GC(8) Concurrent Preclean 1.004ms
[2022-06-13T01:18:46.929+0000][1][gc,cpu       ] GC(8) User=0.01s Sys=0.00s Real=0.00s
[2022-06-13T01:18:46.929+0000][1][safepoint    ] Application time: 0.0099755 seconds
[2022-06-13T01:18:46.930+0000][1][safepoint    ] Entering safepoint region: CMS_Final_Remark
[2022-06-13T01:18:46.930+0000][1][gc,start     ] GC(8) Pause Remark
[2022-06-13T01:18:46.941+0000][1][gc           ] GC(8) Pause Remark 17M->17M(247M) 10.696ms
[2022-06-13T01:18:46.941+0000][1][gc,cpu       ] GC(8) User=0.03s Sys=0.00s Real=0.01s
[2022-06-13T01:18:46.941+0000][1][safepoint    ] Leaving safepoint region
[2022-06-13T01:18:46.941+0000][1][safepoint    ] Total time for which application threads were stopped: 0.0119077 seconds, Stopping threads took: 0.0002758 seconds
[2022-06-13T01:18:46.942+0000][1][gc           ] GC(8) Concurrent Sweep
[2022-06-13T01:18:46.947+0000][1][gc           ] GC(8) Concurrent Sweep 5.750ms
[2022-06-13T01:18:46.948+0000][1][gc,cpu       ] GC(8) User=0.01s Sys=0.00s Real=0.00s
[2022-06-13T01:18:46.948+0000][1][gc           ] GC(8) Concurrent Reset
[2022-06-13T01:18:46.949+0000][1][gc           ] GC(8) Concurrent Reset 0.523ms
[2022-06-13T01:18:46.949+0000][1][gc,cpu       ] GC(8) User=0.00s Sys=0.00s Real=0.00s
[2022-06-13T01:18:46.949+0000][1][gc,heap      ] GC(8) Old: 11403K->11378K(174784K)
[2022-06-13T01:18:47.074+0000][1][safepoint    ] Application time: 0.1322352 seconds
[2022-06-13T01:18:47.074+0000][1][safepoint    ] Entering safepoint region: GenCollectForAllocation
[2022-06-13T01:18:47.075+0000][1][gc,start     ] GC(9) Pause Young (Allocation Failure)
[2022-06-13T01:18:47.076+0000][1][gc,task      ] GC(9) Using 5 workers of 13 for evacuation
[2022-06-13T01:18:47.078+0000][1][gc,age       ] GC(9) Desired survivor size 4456448 bytes, new threshold 4 (max threshold 6)
[2022-06-13T01:18:47.079+0000][1][gc,age       ] GC(9) Age table with threshold 4 (max threshold 6)
[2022-06-13T01:18:47.079+0000][1][gc,age       ] GC(9) - age   1:     861064 bytes,     861064 total
[2022-06-13T01:18:47.079+0000][1][gc,age       ] GC(9) - age   2:     545864 bytes,    1406928 total
[2022-06-13T01:18:47.079+0000][1][gc,age       ] GC(9) - age   3:    1129496 bytes,    2536424 total
[2022-06-13T01:18:47.079+0000][1][gc,age       ] GC(9) - age   4:    2192464 bytes,    4728888 total
[2022-06-13T01:18:47.079+0000][1][gc,age       ] GC(9) - age   5:     445968 bytes,    5174856 total
[2022-06-13T01:18:47.080+0000][1][gc,heap      ] GC(9) ParNew: 75332K->6336K(78656K)
[2022-06-13T01:18:47.080+0000][1][gc,heap      ] GC(9) CMS: 11378K->11378K(174784K)
[2022-06-13T01:18:47.080+0000][1][gc,metaspace ] GC(9) Metaspace: 20401K->20401K(1069056K)
[2022-06-13T01:18:47.080+0000][1][gc           ] GC(9) Pause Young (Allocation Failure) 84M->17M(247M) 4.639ms
[2022-06-13T01:18:47.080+0000][1][gc,cpu       ] GC(9) User=0.05s Sys=0.00s Real=0.01s
[2022-06-13T01:18:47.080+0000][1][safepoint    ] Leaving safepoint region
[2022-06-13T01:18:47.081+0000][1][safepoint    ] Total time for which application threads were stopped: 0.0063608 seconds, Stopping threads took: 0.0004535 seconds
[2022-06-13T01:18:47.177+0000][1][safepoint    ] Application time: 0.0960548 seconds
[2022-06-13T01:18:47.177+0000][1][safepoint    ] Entering safepoint region: GenCollectForAllocation
[2022-06-13T01:18:47.178+0000][1][gc,start     ] GC(10) Pause Young (Allocation Failure)
[2022-06-13T01:18:47.178+0000][1][gc,task      ] GC(10) Using 5 workers of 13 for evacuation
[2022-06-13T01:18:47.182+0000][1][gc,age       ] GC(10) Desired survivor size 4456448 bytes, new threshold 6 (max threshold 6)
[2022-06-13T01:18:47.182+0000][1][gc,age       ] GC(10) Age table with threshold 6 (max threshold 6)
[2022-06-13T01:18:47.183+0000][1][gc,age       ] GC(10) - age   1:     282344 bytes,     282344 total
[2022-06-13T01:18:47.183+0000][1][gc,age       ] GC(10) - age   2:     449696 bytes,     732040 total
[2022-06-13T01:18:47.183+0000][1][gc,age       ] GC(10) - age   3:     545768 bytes,    1277808 total
[2022-06-13T01:18:47.183+0000][1][gc,age       ] GC(10) - age   4:    1129472 bytes,    2407280 total
[2022-06-13T01:18:47.184+0000][1][gc,heap      ] GC(10) ParNew: 76288K->6006K(78656K)
[2022-06-13T01:18:47.184+0000][1][gc,heap      ] GC(10) CMS: 11378K->13972K(174784K)
[2022-06-13T01:18:47.184+0000][1][gc,metaspace ] GC(10) Metaspace: 20503K->20503K(1069056K)
[2022-06-13T01:18:47.184+0000][1][gc           ] GC(10) Pause Young (Allocation Failure) 85M->19M(247M) 6.731ms
[2022-06-13T01:18:47.184+0000][1][gc,cpu       ] GC(10) User=0.04s Sys=0.00s Real=0.01s
[2022-06-13T01:18:47.185+0000][1][safepoint    ] Leaving safepoint region
[2022-06-13T01:18:47.185+0000][1][safepoint    ] Total time for which application threads were stopped: 0.0075894 seconds, Stopping threads took: 0.0001869 seconds
[2022-06-13T01:18:47.313+0000][1][safepoint    ] Application time: 0.1281978 seconds
[2022-06-13T01:18:47.314+0000][1][safepoint    ] Entering safepoint region: GenCollectForAllocation
[2022-06-13T01:18:47.314+0000][1][gc,start     ] GC(11) Pause Young (Allocation Failure)
[2022-06-13T01:18:47.314+0000][1][gc,task      ] GC(11) Using 5 workers of 13 for evacuation
[2022-06-13T01:18:47.318+0000][1][gc,age       ] GC(11) Desired survivor size 4456448 bytes, new threshold 6 (max threshold 6)
[2022-06-13T01:18:47.318+0000][1][gc,age       ] GC(11) Age table with threshold 6 (max threshold 6)
[2022-06-13T01:18:47.318+0000][1][gc,age       ] GC(11) - age   1:    1941904 bytes,    1941904 total
[2022-06-13T01:18:47.319+0000][1][gc,age       ] GC(11) - age   2:      99568 bytes,    2041472 total
[2022-06-13T01:18:47.319+0000][1][gc,age       ] GC(11) - age   3:     449600 bytes,    2491072 total
[2022-06-13T01:18:47.319+0000][1][gc,age       ] GC(11) - age   4:     545592 bytes,    3036664 total
[2022-06-13T01:18:47.319+0000][1][gc,age       ] GC(11) - age   5:    1129112 bytes,    4165776 total
[2022-06-13T01:18:47.320+0000][1][gc,heap      ] GC(11) ParNew: 75958K->5349K(78656K)
[2022-06-13T01:18:47.320+0000][1][gc,heap      ] GC(11) CMS: 13972K->13972K(174784K)
[2022-06-13T01:18:47.320+0000][1][gc,metaspace ] GC(11) Metaspace: 20564K->20564K(1069056K)
[2022-06-13T01:18:47.320+0000][1][gc           ] GC(11) Pause Young (Allocation Failure) 87M->18M(247M) 6.092ms
[2022-06-13T01:18:47.320+0000][1][gc,cpu       ] GC(11) User=0.04s Sys=0.00s Real=0.01s
[2022-06-13T01:18:47.321+0000][1][safepoint    ] Leaving safepoint region
[2022-06-13T01:18:47.321+0000][1][safepoint    ] Total time for which application threads were stopped: 0.0071535 seconds, Stopping threads took: 0.0002764 seconds
[2022-06-13T01:18:47.703+0000][1][safepoint    ] Application time: 0.3821148 seconds
[2022-06-13T01:18:47.703+0000][1][safepoint    ] Entering safepoint region: Deoptimize
[2022-06-13T01:18:47.705+0000][1][safepoint    ] Leaving safepoint region
[2022-06-13T01:18:47.705+0000][1][safepoint    ] Total time for which application threads were stopped: 0.0014350 seconds, Stopping threads took: 0.0002607 seconds
[2022-06-13T01:18:47.782+0000][1][safepoint    ] Application time: 0.0767359 seconds
[2022-06-13T01:18:47.782+0000][1][safepoint    ] Entering safepoint region: Deoptimize
[2022-06-13T01:18:47.783+0000][1][safepoint    ] Leaving safepoint region
[2022-06-13T01:18:47.784+0000][1][safepoint    ] Total time for which application threads were stopped: 0.0011662 seconds, Stopping threads took: 0.0004264 seconds
[2022-06-13T01:18:47.784+0000][1][safepoint    ] Application time: 0.0005593 seconds
[2022-06-13T01:18:47.785+0000][1][safepoint    ] Entering safepoint region: Deoptimize
[2022-06-13T01:18:47.786+0000][1][safepoint    ] Leaving safepoint region
[2022-06-13T01:18:47.786+0000][1][safepoint    ] Total time for which application threads were stopped: 0.0014898 seconds, Stopping threads took: 0.0004900 seconds
[2022-06-13T01:18:47.796+0000][1][safepoint    ] Application time: 0.0098339 seconds
[2022-06-13T01:18:47.797+0000][1][safepoint    ] Entering safepoint region: RevokeBias
[2022-06-13T01:18:47.798+0000][1][safepoint    ] Leaving safepoint region
[2022-06-13T01:18:47.798+0000][1][safepoint    ] Total time for which application threads were stopped: 0.0010396 seconds, Stopping threads took: 0.0005534 seconds
[2022-06-13T01:18:47.800+0000][1][safepoint    ] Application time: 0.0016984 seconds
[2022-06-13T01:18:47.801+0000][1][safepoint    ] Entering safepoint region: Deoptimize
[2022-06-13T01:18:47.802+0000][1][safepoint    ] Leaving safepoint region
[2022-06-13T01:18:47.802+0000][1][safepoint    ] Total time for which application threads were stopped: 0.0014063 seconds, Stopping threads took: 0.0005113 seconds
[2022-06-13T01:18:47.807+0000][1][safepoint    ] Application time: 0.0043534 seconds
[2022-06-13T01:18:47.807+0000][1][safepoint    ] Entering safepoint region: Deoptimize
[2022-06-13T01:18:47.808+0000][1][safepoint    ] Leaving safepoint region
[2022-06-13T01:18:47.809+0000][1][safepoint    ] Total time for which application threads were stopped: 0.0012418 seconds, Stopping threads took: 0.0004205 seconds
[2022-06-13T01:18:47.939+0000][1][safepoint    ] Application time: 0.1304027 seconds
[2022-06-13T01:18:47.940+0000][1][safepoint    ] Entering safepoint region: GenCollectForAllocation
[2022-06-13T01:18:47.940+0000][1][gc,start     ] GC(12) Pause Young (Allocation Failure)
[2022-06-13T01:18:47.941+0000][1][gc,task      ] GC(12) Using 5 workers of 13 for evacuation
[2022-06-13T01:18:47.947+0000][1][gc,age       ] GC(12) Desired survivor size 4456448 bytes, new threshold 4 (max threshold 6)
[2022-06-13T01:18:47.947+0000][1][gc,age       ] GC(12) Age table with threshold 4 (max threshold 6)
[2022-06-13T01:18:47.947+0000][1][gc,age       ] GC(12) - age   1:    3774280 bytes,    3774280 total
[2022-06-13T01:18:47.948+0000][1][gc,age       ] GC(12) - age   2:     344344 bytes,    4118624 total
[2022-06-13T01:18:47.948+0000][1][gc,age       ] GC(12) - age   3:      99280 bytes,    4217904 total
[2022-06-13T01:18:47.948+0000][1][gc,age       ] GC(12) - age   4:     449440 bytes,    4667344 total
[2022-06-13T01:18:47.948+0000][1][gc,age       ] GC(12) - age   5:     540272 bytes,    5207616 total
[2022-06-13T01:18:47.949+0000][1][gc,age       ] GC(12) - age   6:    1128928 bytes,    6336544 total
[2022-06-13T01:18:47.949+0000][1][gc,heap      ] GC(12) ParNew: 75301K->8100K(78656K)
[2022-06-13T01:18:47.949+0000][1][gc,heap      ] GC(12) CMS: 13972K->13972K(174784K)
[2022-06-13T01:18:47.950+0000][1][gc,metaspace ] GC(12) Metaspace: 26457K->26457K(1073152K)
[2022-06-13T01:18:47.950+0000][1][gc           ] GC(12) Pause Young (Allocation Failure) 87M->21M(247M) 9.757ms
[2022-06-13T01:18:47.950+0000][1][gc,cpu       ] GC(12) User=0.07s Sys=0.00s Real=0.01s
[2022-06-13T01:18:47.950+0000][1][safepoint    ] Leaving safepoint region
[2022-06-13T01:18:47.951+0000][1][safepoint    ] Total time for which application threads were stopped: 0.0109307 seconds, Stopping threads took: 0.0002994 seconds
[2022-06-13T01:18:48.762+0000][1][safepoint    ] Application time: 0.8107670 seconds
[2022-06-13T01:18:48.762+0000][1][safepoint    ] Entering safepoint region: GenCollectForAllocation
[2022-06-13T01:18:48.763+0000][1][gc,start     ] GC(13) Pause Young (Allocation Failure)
[2022-06-13T01:18:48.764+0000][1][gc,task      ] GC(13) Using 5 workers of 13 for evacuation
[2022-06-13T01:18:48.798+0000][1][gc,age       ] GC(13) Desired survivor size 4456448 bytes, new threshold 1 (max threshold 6)
[2022-06-13T01:18:48.799+0000][1][gc,age       ] GC(13) Age table with threshold 1 (max threshold 6)
[2022-06-13T01:18:48.799+0000][1][gc,age       ] GC(13) - age   1:    5100104 bytes,    5100104 total
[2022-06-13T01:18:48.800+0000][1][gc,age       ] GC(13) - age   2:    3377048 bytes,    8477152 total
[2022-06-13T01:18:48.803+0000][1][gc,age       ] GC(13) - age   3:     344344 bytes,    8821496 total
[2022-06-13T01:18:48.803+0000][1][gc,age       ] GC(13) - age   4:      99280 bytes,    8920776 total
[2022-06-13T01:18:48.804+0000][1][gc,heap      ] GC(13) ParNew: 78052K->8704K(78656K)
[2022-06-13T01:18:48.804+0000][1][gc,heap      ] GC(13) CMS: 13972K->25625K(174784K)
[2022-06-13T01:18:48.805+0000][1][gc,metaspace ] GC(13) Metaspace: 26996K->26996K(1075200K)
[2022-06-13T01:18:48.805+0000][1][gc           ] GC(13) Pause Young (Allocation Failure) 89M->33M(247M) 41.492ms
[2022-06-13T01:18:48.805+0000][1][gc,cpu       ] GC(13) User=0.27s Sys=0.01s Real=0.04s
[2022-06-13T01:18:48.805+0000][1][safepoint    ] Leaving safepoint region
[2022-06-13T01:18:48.806+0000][1][safepoint    ] Total time for which application threads were stopped: 0.0431164 seconds, Stopping threads took: 0.0002649 seconds
[2022-06-13T01:18:49.380+0000][1][safepoint    ] Application time: 0.5737302 seconds
[2022-06-13T01:18:49.380+0000][1][safepoint    ] Entering safepoint region: Deoptimize
[2022-06-13T01:18:49.381+0000][1][safepoint    ] Leaving safepoint region
[2022-06-13T01:18:49.382+0000][1][safepoint    ] Total time for which application threads were stopped: 0.0014511 seconds, Stopping threads took: 0.0003366 seconds
[2022-06-13T01:18:49.563+0000][1][safepoint    ] Application time: 0.1813435 seconds
[2022-06-13T01:18:49.564+0000][1][safepoint    ] Entering safepoint region: GenCollectForAllocation
[2022-06-13T01:18:49.564+0000][1][gc,start     ] GC(14) Pause Young (Allocation Failure)
[2022-06-13T01:18:49.564+0000][1][gc,task      ] GC(14) Using 5 workers of 13 for evacuation
[2022-06-13T01:18:49.590+0000][1][gc,age       ] GC(14) Desired survivor size 4456448 bytes, new threshold 1 (max threshold 6)
[2022-06-13T01:18:49.590+0000][1][gc,age       ] GC(14) Age table with threshold 1 (max threshold 6)
[2022-06-13T01:18:49.591+0000][1][gc,age       ] GC(14) - age   1:    8754800 bytes,    8754800 total
[2022-06-13T01:18:49.591+0000][1][gc,heap      ] GC(14) ParNew: 78656K->8704K(78656K)
[2022-06-13T01:18:49.591+0000][1][gc,heap      ] GC(14) CMS: 25625K->39076K(174784K)
[2022-06-13T01:18:49.592+0000][1][gc,metaspace ] GC(14) Metaspace: 27127K->27127K(1075200K)
[2022-06-13T01:18:49.592+0000][1][gc           ] GC(14) Pause Young (Allocation Failure) 101M->46M(247M) 28.335ms
[2022-06-13T01:18:49.593+0000][1][gc,cpu       ] GC(14) User=0.12s Sys=0.00s Real=0.03s
[2022-06-13T01:18:49.593+0000][1][safepoint    ] Leaving safepoint region
[2022-06-13T01:18:49.594+0000][1][safepoint    ] Total time for which application threads were stopped: 0.0298276 seconds, Stopping threads took: 0.0003467 seconds
[2022-06-13T01:18:49.679+0000][1][safepoint    ] Application time: 0.0854002 seconds
[2022-06-13T01:18:49.680+0000][1][safepoint    ] Entering safepoint region: RevokeBias
[2022-06-13T01:18:49.680+0000][1][safepoint    ] Leaving safepoint region
[2022-06-13T01:18:49.681+0000][1][safepoint    ] Total time for which application threads were stopped: 0.0006517 seconds, Stopping threads took: 0.0003031 seconds
[2022-06-13T01:18:49.838+0000][1][safepoint    ] Application time: 0.1570564 seconds
[2022-06-13T01:18:49.839+0000][1][safepoint    ] Entering safepoint region: RevokeBias
[2022-06-13T01:18:49.839+0000][1][safepoint    ] Leaving safepoint region
[2022-06-13T01:18:49.839+0000][1][safepoint    ] Total time for which application threads were stopped: 0.0008460 seconds, Stopping threads took: 0.0002729 seconds
[2022-06-13T01:18:50.125+0000][1][safepoint    ] Application time: 0.2855088 seconds
[2022-06-13T01:18:50.126+0000][1][safepoint    ] Entering safepoint region: RevokeBias
[2022-06-13T01:18:50.126+0000][1][safepoint    ] Leaving safepoint region
[2022-06-13T01:18:50.126+0000][1][safepoint    ] Total time for which application threads were stopped: 0.0005453 seconds, Stopping threads took: 0.0002388 seconds
[2022-06-13T01:18:50.129+0000][1][safepoint    ] Application time: 0.0026284 seconds
[2022-06-13T01:18:50.129+0000][1][safepoint    ] Entering safepoint region: RevokeBias
[2022-06-13T01:18:50.129+0000][1][safepoint    ] Leaving safepoint region
[2022-06-13T01:18:50.130+0000][1][safepoint    ] Total time for which application threads were stopped: 0.0004389 seconds, Stopping threads took: 0.0002028 seconds
[2022-06-13T01:18:50.376+0000][1][safepoint    ] Application time: 0.2456863 seconds
[2022-06-13T01:18:50.376+0000][1][safepoint    ] Entering safepoint region: GenCollectForAllocation
[2022-06-13T01:18:50.376+0000][1][gc,start     ] GC(15) Pause Young (Allocation Failure)
[2022-06-13T01:18:50.376+0000][1][gc,task      ] GC(15) Using 5 workers of 13 for evacuation
[2022-06-13T01:18:50.395+0000][1][gc,age       ] GC(15) Desired survivor size 4456448 bytes, new threshold 1 (max threshold 6)
[2022-06-13T01:18:50.396+0000][1][gc,age       ] GC(15) Age table with threshold 1 (max threshold 6)
[2022-06-13T01:18:50.396+0000][1][gc,age       ] GC(15) - age   1:    6497312 bytes,    6497312 total
[2022-06-13T01:18:50.396+0000][1][gc,heap      ] GC(15) ParNew: 78656K->8704K(78656K)
[2022-06-13T01:18:50.397+0000][1][gc,heap      ] GC(15) CMS: 39076K->49172K(174784K)
[2022-06-13T01:18:50.397+0000][1][gc,metaspace ] GC(15) Metaspace: 32631K->32631K(1079296K)
[2022-06-13T01:18:50.398+0000][1][gc           ] GC(15) Pause Young (Allocation Failure) 114M->56M(247M) 21.347ms
[2022-06-13T01:18:50.398+0000][1][gc,cpu       ] GC(15) User=0.16s Sys=0.00s Real=0.02s
[2022-06-13T01:18:50.398+0000][1][safepoint    ] Leaving safepoint region
[2022-06-13T01:18:50.399+0000][1][safepoint    ] Total time for which application threads were stopped: 0.0226143 seconds, Stopping threads took: 0.0002287 seconds
[2022-06-13T01:18:50.548+0000][1][safepoint    ] Application time: 0.1489718 seconds
[2022-06-13T01:18:50.548+0000][1][safepoint    ] Entering safepoint region: GenCollectForAllocation
[2022-06-13T01:18:50.549+0000][1][gc,start     ] GC(16) Pause Young (Allocation Failure)
[2022-06-13T01:18:50.549+0000][1][gc,task      ] GC(16) Using 5 workers of 13 for evacuation
[2022-06-13T01:18:50.557+0000][1][gc,age       ] GC(16) Desired survivor size 4456448 bytes, new threshold 6 (max threshold 6)
[2022-06-13T01:18:50.558+0000][1][gc,age       ] GC(16) Age table with threshold 6 (max threshold 6)
[2022-06-13T01:18:50.558+0000][1][gc,age       ] GC(16) - age   1:     249632 bytes,     249632 total
[2022-06-13T01:18:50.558+0000][1][gc,heap      ] GC(16) ParNew: 78656K->6844K(78656K)
[2022-06-13T01:18:50.558+0000][1][gc,heap      ] GC(16) CMS: 49172K->55540K(174784K)
[2022-06-13T01:18:50.558+0000][1][gc,metaspace ] GC(16) Metaspace: 32961K->32961K(1079296K)
[2022-06-13T01:18:50.559+0000][1][gc           ] GC(16) Pause Young (Allocation Failure) 124M->60M(247M) 10.142ms
[2022-06-13T01:18:50.559+0000][1][gc,cpu       ] GC(16) User=0.06s Sys=0.01s Real=0.02s
[2022-06-13T01:18:50.559+0000][1][safepoint    ] Leaving safepoint region
[2022-06-13T01:18:50.560+0000][1][safepoint    ] Total time for which application threads were stopped: 0.0113622 seconds, Stopping threads took: 0.0002426 seconds
[2022-06-13T01:18:50.584+0000][1][safepoint    ] Application time: 0.0243117 seconds
[2022-06-13T01:18:50.584+0000][1][safepoint    ] Entering safepoint region: RevokeBias
[2022-06-13T01:18:50.585+0000][1][safepoint    ] Leaving safepoint region
[2022-06-13T01:18:50.585+0000][1][safepoint    ] Total time for which application threads were stopped: 0.0005792 seconds, Stopping threads took: 0.0002455 seconds
[2022-06-13T01:18:50.713+0000][1][safepoint    ] Application time: 0.1274241 seconds
[2022-06-13T01:18:50.713+0000][1][safepoint    ] Entering safepoint region: CollectForMetadataAllocation
[2022-06-13T01:18:50.714+0000][1][safepoint    ] Leaving safepoint region
[2022-06-13T01:18:50.714+0000][1][safepoint    ] Total time for which application threads were stopped: 0.0011093 seconds, Stopping threads took: 0.0005856 seconds
[2022-06-13T01:18:50.781+0000][1][safepoint    ] Application time: 0.0668006 seconds
[2022-06-13T01:18:50.782+0000][1][safepoint    ] Entering safepoint region: CollectForMetadataAllocation
[2022-06-13T01:18:50.782+0000][1][safepoint    ] Leaving safepoint region
[2022-06-13T01:18:50.782+0000][1][safepoint    ] Total time for which application threads were stopped: 0.0007082 seconds, Stopping threads took: 0.0002621 seconds
[2022-06-13T01:18:50.846+0000][1][safepoint    ] Application time: 0.0636619 seconds
[2022-06-13T01:18:50.847+0000][1][safepoint    ] Entering safepoint region: CollectForMetadataAllocation
[2022-06-13T01:18:50.847+0000][1][safepoint    ] Leaving safepoint region
[2022-06-13T01:18:50.847+0000][1][safepoint    ] Total time for which application threads were stopped: 0.0004778 seconds, Stopping threads took: 0.0002146 seconds
[2022-06-13T01:18:50.892+0000][1][safepoint    ] Application time: 0.0445331 seconds
[2022-06-13T01:18:50.892+0000][1][safepoint    ] Entering safepoint region: CollectForMetadataAllocation
[2022-06-13T01:18:50.893+0000][1][safepoint    ] Leaving safepoint region
[2022-06-13T01:18:50.893+0000][1][safepoint    ] Total time for which application threads were stopped: 0.0007385 seconds, Stopping threads took: 0.0003203 seconds
[2022-06-13T01:18:50.909+0000][1][safepoint    ] Application time: 0.0161121 seconds
[2022-06-13T01:18:50.910+0000][1][safepoint    ] Entering safepoint region: CollectForMetadataAllocation
[2022-06-13T01:18:50.910+0000][1][safepoint    ] Leaving safepoint region
[2022-06-13T01:18:50.910+0000][1][safepoint    ] Total time for which application threads were stopped: 0.0007476 seconds, Stopping threads took: 0.0002711 seconds
[2022-06-13T01:18:50.926+0000][1][safepoint    ] Application time: 0.0156869 seconds
[2022-06-13T01:18:50.927+0000][1][safepoint    ] Entering safepoint region: CollectForMetadataAllocation
[2022-06-13T01:18:50.928+0000][1][safepoint    ] Leaving safepoint region
[2022-06-13T01:18:50.928+0000][1][safepoint    ] Total time for which application threads were stopped: 0.0009785 seconds, Stopping threads took: 0.0003078 seconds
[2022-06-13T01:18:50.947+0000][1][safepoint    ] Application time: 0.0191898 seconds
[2022-06-13T01:18:50.948+0000][1][safepoint    ] Entering safepoint region: CollectForMetadataAllocation
[2022-06-13T01:18:50.949+0000][1][safepoint    ] Leaving safepoint region
[2022-06-13T01:18:50.949+0000][1][safepoint    ] Total time for which application threads were stopped: 0.0015923 seconds, Stopping threads took: 0.0003797 seconds
[2022-06-13T01:18:50.972+0000][1][safepoint    ] Application time: 0.0217578 seconds
[2022-06-13T01:18:50.972+0000][1][safepoint    ] Entering safepoint region: CollectForMetadataAllocation
[2022-06-13T01:18:50.973+0000][1][safepoint    ] Leaving safepoint region
[2022-06-13T01:18:50.973+0000][1][safepoint    ] Total time for which application threads were stopped: 0.0008344 seconds, Stopping threads took: 0.0003343 seconds
[2022-06-13T01:18:51.018+0000][1][safepoint    ] Application time: 0.0443666 seconds
[2022-06-13T01:18:51.018+0000][1][safepoint    ] Entering safepoint region: CollectForMetadataAllocation
[2022-06-13T01:18:51.020+0000][1][safepoint    ] Leaving safepoint region
[2022-06-13T01:18:51.020+0000][1][safepoint    ] Total time for which application threads were stopped: 0.0019356 seconds, Stopping threads took: 0.0003186 seconds
[2022-06-13T01:18:51.046+0000][1][safepoint    ] Application time: 0.0254409 seconds
[2022-06-13T01:18:51.047+0000][1][safepoint    ] Entering safepoint region: CollectForMetadataAllocation
[2022-06-13T01:18:51.047+0000][1][safepoint    ] Leaving safepoint region
[2022-06-13T01:18:51.048+0000][1][safepoint    ] Total time for which application threads were stopped: 0.0009014 seconds, Stopping threads took: 0.0003406 seconds
[2022-06-13T01:18:51.067+0000][1][safepoint    ] Application time: 0.0190890 seconds
[2022-06-13T01:18:51.068+0000][1][safepoint    ] Entering safepoint region: CollectForMetadataAllocation
[2022-06-13T01:18:51.068+0000][1][safepoint    ] Leaving safepoint region
[2022-06-13T01:18:51.068+0000][1][safepoint    ] Total time for which application threads were stopped: 0.0008374 seconds, Stopping threads took: 0.0003077 seconds
[2022-06-13T01:18:51.089+0000][1][safepoint    ] Application time: 0.0199755 seconds
[2022-06-13T01:18:51.089+0000][1][safepoint    ] Entering safepoint region: CollectForMetadataAllocation
[2022-06-13T01:18:51.090+0000][1][safepoint    ] Leaving safepoint region
[2022-06-13T01:18:51.091+0000][1][safepoint    ] Total time for which application threads were stopped: 0.0012526 seconds, Stopping threads took: 0.0004872 seconds
[2022-06-13T01:18:51.092+0000][1][safepoint    ] Application time: 0.0015629 seconds
[2022-06-13T01:18:51.093+0000][1][safepoint    ] Entering safepoint region: RevokeBias
[2022-06-13T01:18:51.094+0000][1][safepoint    ] Leaving safepoint region
[2022-06-13T01:18:51.094+0000][1][safepoint    ] Total time for which application threads were stopped: 0.0014536 seconds, Stopping threads took: 0.0005228 seconds
[2022-06-13T01:18:51.127+0000][1][safepoint    ] Application time: 0.0325028 seconds
[2022-06-13T01:18:51.128+0000][1][safepoint    ] Entering safepoint region: CollectForMetadataAllocation
[2022-06-13T01:18:51.128+0000][1][safepoint    ] Leaving safepoint region
[2022-06-13T01:18:51.129+0000][1][safepoint    ] Total time for which application threads were stopped: 0.0008610 seconds, Stopping threads took: 0.0003071 seconds
[2022-06-13T01:18:51.166+0000][1][safepoint    ] Application time: 0.0366371 seconds
[2022-06-13T01:18:51.166+0000][1][safepoint    ] Entering safepoint region: CollectForMetadataAllocation
[2022-06-13T01:18:51.168+0000][1][safepoint    ] Leaving safepoint region
[2022-06-13T01:18:51.168+0000][1][safepoint    ] Total time for which application threads were stopped: 0.0019954 seconds, Stopping threads took: 0.0004481 seconds
[2022-06-13T01:18:51.190+0000][1][safepoint    ] Application time: 0.0217916 seconds
[2022-06-13T01:18:51.191+0000][1][safepoint    ] Entering safepoint region: CollectForMetadataAllocation
[2022-06-13T01:18:51.192+0000][1][safepoint    ] Leaving safepoint region
[2022-06-13T01:18:51.192+0000][1][safepoint    ] Total time for which application threads were stopped: 0.0013057 seconds, Stopping threads took: 0.0007916 seconds
[2022-06-13T01:18:51.221+0000][1][safepoint    ] Application time: 0.0289650 seconds
[2022-06-13T01:18:51.222+0000][1][safepoint    ] Entering safepoint region: CollectForMetadataAllocation
[2022-06-13T01:18:51.223+0000][1][safepoint    ] Leaving safepoint region
[2022-06-13T01:18:51.223+0000][1][safepoint    ] Total time for which application threads were stopped: 0.0014342 seconds, Stopping threads took: 0.0006778 seconds
[2022-06-13T01:18:51.250+0000][1][safepoint    ] Application time: 0.0257880 seconds
[2022-06-13T01:18:51.250+0000][1][safepoint    ] Entering safepoint region: CollectForMetadataAllocation
[2022-06-13T01:18:51.250+0000][1][safepoint    ] Leaving safepoint region
[2022-06-13T01:18:51.250+0000][1][safepoint    ] Total time for which application threads were stopped: 0.0005607 seconds, Stopping threads took: 0.0002504 seconds
[2022-06-13T01:18:51.280+0000][1][safepoint    ] Application time: 0.0293033 seconds
[2022-06-13T01:18:51.280+0000][1][safepoint    ] Entering safepoint region: CollectForMetadataAllocation
[2022-06-13T01:18:51.281+0000][1][safepoint    ] Leaving safepoint region
[2022-06-13T01:18:51.281+0000][1][safepoint    ] Total time for which application threads were stopped: 0.0007525 seconds, Stopping threads took: 0.0002379 seconds
[2022-06-13T01:18:51.298+0000][1][safepoint    ] Application time: 0.0171114 seconds
[2022-06-13T01:18:51.299+0000][1][safepoint    ] Entering safepoint region: CollectForMetadataAllocation
[2022-06-13T01:18:51.299+0000][1][safepoint    ] Leaving safepoint region
[2022-06-13T01:18:51.300+0000][1][safepoint    ] Total time for which application threads were stopped: 0.0009174 seconds, Stopping threads took: 0.0003397 seconds
[2022-06-13T01:18:51.326+0000][1][safepoint    ] Application time: 0.0261518 seconds
[2022-06-13T01:18:51.326+0000][1][safepoint    ] Entering safepoint region: CollectForMetadataAllocation
[2022-06-13T01:18:51.326+0000][1][safepoint    ] Leaving safepoint region
[2022-06-13T01:18:51.327+0000][1][safepoint    ] Total time for which application threads were stopped: 0.0005123 seconds, Stopping threads took: 0.0002101 seconds
[2022-06-13T01:18:51.351+0000][1][safepoint    ] Application time: 0.0242023 seconds
[2022-06-13T01:18:51.351+0000][1][safepoint    ] Entering safepoint region: CollectForMetadataAllocation
[2022-06-13T01:18:51.352+0000][1][safepoint    ] Leaving safepoint region
[2022-06-13T01:18:51.352+0000][1][safepoint    ] Total time for which application threads were stopped: 0.0008151 seconds, Stopping threads took: 0.0002179 seconds
[2022-06-13T01:18:51.367+0000][1][safepoint    ] Application time: 0.0143924 seconds
[2022-06-13T01:18:51.367+0000][1][safepoint    ] Entering safepoint region: CollectForMetadataAllocation
[2022-06-13T01:18:51.368+0000][1][safepoint    ] Leaving safepoint region
[2022-06-13T01:18:51.368+0000][1][safepoint    ] Total time for which application threads were stopped: 0.0008798 seconds, Stopping threads took: 0.0005078 seconds
[2022-06-13T01:18:51.394+0000][1][safepoint    ] Application time: 0.0258008 seconds
[2022-06-13T01:18:51.395+0000][1][safepoint    ] Entering safepoint region: CollectForMetadataAllocation
[2022-06-13T01:18:51.395+0000][1][safepoint    ] Leaving safepoint region
[2022-06-13T01:18:51.395+0000][1][safepoint    ] Total time for which application threads were stopped: 0.0006683 seconds, Stopping threads took: 0.0002611 seconds
[2022-06-13T01:18:51.415+0000][1][safepoint    ] Application time: 0.0193508 seconds
[2022-06-13T01:18:51.415+0000][1][safepoint    ] Entering safepoint region: CollectForMetadataAllocation
[2022-06-13T01:18:51.416+0000][1][safepoint    ] Leaving safepoint region
[2022-06-13T01:18:51.416+0000][1][safepoint    ] Total time for which application threads were stopped: 0.0004693 seconds, Stopping threads took: 0.0001751 seconds
[2022-06-13T01:18:51.452+0000][1][safepoint    ] Application time: 0.0359633 seconds
[2022-06-13T01:18:51.452+0000][1][safepoint    ] Entering safepoint region: CollectForMetadataAllocation
[2022-06-13T01:18:51.453+0000][1][safepoint    ] Leaving safepoint region
[2022-06-13T01:18:51.453+0000][1][safepoint    ] Total time for which application threads were stopped: 0.0009867 seconds, Stopping threads took: 0.0002438 seconds
[2022-06-13T01:18:51.476+0000][1][safepoint    ] Application time: 0.0221832 seconds
[2022-06-13T01:18:51.476+0000][1][safepoint    ] Entering safepoint region: CollectForMetadataAllocation
[2022-06-13T01:18:51.476+0000][1][safepoint    ] Leaving safepoint region
[2022-06-13T01:18:51.477+0000][1][safepoint    ] Total time for which application threads were stopped: 0.0005952 seconds, Stopping threads took: 0.0002096 seconds
[2022-06-13T01:18:51.515+0000][1][safepoint    ] Application time: 0.0376971 seconds
[2022-06-13T01:18:51.515+0000][1][safepoint    ] Entering safepoint region: CollectForMetadataAllocation
[2022-06-13T01:18:51.516+0000][1][safepoint    ] Leaving safepoint region
[2022-06-13T01:18:51.516+0000][1][safepoint    ] Total time for which application threads were stopped: 0.0009197 seconds, Stopping threads took: 0.0003804 seconds
[2022-06-13T01:18:51.549+0000][1][safepoint    ] Application time: 0.0331586 seconds
[2022-06-13T01:18:51.550+0000][1][safepoint    ] Entering safepoint region: CollectForMetadataAllocation
[2022-06-13T01:18:51.551+0000][1][safepoint    ] Leaving safepoint region
[2022-06-13T01:18:51.551+0000][1][safepoint    ] Total time for which application threads were stopped: 0.0009261 seconds, Stopping threads took: 0.0004069 seconds
[2022-06-13T01:18:51.568+0000][1][safepoint    ] Application time: 0.0167590 seconds
[2022-06-13T01:18:51.568+0000][1][safepoint    ] Entering safepoint region: RevokeBias
[2022-06-13T01:18:51.570+0000][1][safepoint    ] Leaving safepoint region
[2022-06-13T01:18:51.570+0000][1][safepoint    ] Total time for which application threads were stopped: 0.0018726 seconds, Stopping threads took: 0.0005555 seconds
[2022-06-13T01:18:51.911+0000][1][safepoint    ] Application time: 0.3399617 seconds
[2022-06-13T01:18:51.911+0000][1][safepoint    ] Entering safepoint region: CollectForMetadataAllocation
[2022-06-13T01:18:51.912+0000][1][safepoint    ] Leaving safepoint region
[2022-06-13T01:18:51.912+0000][1][safepoint    ] Total time for which application threads were stopped: 0.0009401 seconds, Stopping threads took: 0.0003832 seconds
[2022-06-13T01:18:52.273+0000][1][safepoint    ] Application time: 0.3606356 seconds
[2022-06-13T01:18:52.274+0000][1][safepoint    ] Entering safepoint region: CollectForMetadataAllocation
[2022-06-13T01:18:52.274+0000][1][safepoint    ] Leaving safepoint region
[2022-06-13T01:18:52.275+0000][1][safepoint    ] Total time for which application threads were stopped: 0.0012942 seconds, Stopping threads took: 0.0005527 seconds
[2022-06-13T01:18:52.292+0000][1][safepoint    ] Application time: 0.0161142 seconds
[2022-06-13T01:18:52.292+0000][1][safepoint    ] Entering safepoint region: GenCollectForAllocation
[2022-06-13T01:18:52.293+0000][1][gc,start     ] GC(17) Pause Young (Allocation Failure)
[2022-06-13T01:18:52.293+0000][1][gc,task      ] GC(17) Using 5 workers of 13 for evacuation
[2022-06-13T01:18:52.298+0000][1][gc,age       ] GC(17) Desired survivor size 4456448 bytes, new threshold 6 (max threshold 6)
[2022-06-13T01:18:52.299+0000][1][gc,age       ] GC(17) Age table with threshold 6 (max threshold 6)
[2022-06-13T01:18:52.299+0000][1][gc,age       ] GC(17) - age   1:    3978832 bytes,    3978832 total
[2022-06-13T01:18:52.300+0000][1][gc,age       ] GC(17) - age   2:     247736 bytes,    4226568 total
[2022-06-13T01:18:52.301+0000][1][gc,heap      ] GC(17) ParNew: 76796K->5270K(78656K)
[2022-06-13T01:18:52.301+0000][1][gc,heap      ] GC(17) CMS: 55540K->55540K(174784K)
[2022-06-13T01:18:52.302+0000][1][gc,metaspace ] GC(17) Metaspace: 42409K->42409K(1087488K)
[2022-06-13T01:18:52.303+0000][1][gc           ] GC(17) Pause Young (Allocation Failure) 129M->59M(247M) 9.802ms
[2022-06-13T01:18:52.303+0000][1][gc,cpu       ] GC(17) User=0.02s Sys=0.00s Real=0.01s
[2022-06-13T01:18:52.304+0000][1][safepoint    ] Leaving safepoint region
[2022-06-13T01:18:52.305+0000][1][safepoint    ] Total time for which application threads were stopped: 0.0122714 seconds, Stopping threads took: 0.0004467 seconds
[2022-06-13T01:18:52.305+0000][1][safepoint    ] Application time: 0.0001564 seconds
[2022-06-13T01:18:52.306+0000][1][safepoint    ] Entering safepoint region: CMS_Initial_Mark
[2022-06-13T01:18:52.307+0000][1][gc,start     ] GC(18) Pause Initial Mark
[2022-06-13T01:18:52.309+0000][1][gc           ] GC(18) Pause Initial Mark 60M->60M(247M) 2.237ms
[2022-06-13T01:18:52.309+0000][1][gc,cpu       ] GC(18) User=0.01s Sys=0.00s Real=0.01s
[2022-06-13T01:18:52.310+0000][1][safepoint    ] Leaving safepoint region
[2022-06-13T01:18:52.311+0000][1][safepoint    ] Total time for which application threads were stopped: 0.0049990 seconds, Stopping threads took: 0.0008790 seconds
[2022-06-13T01:18:52.312+0000][1][gc           ] GC(18) Concurrent Mark
[2022-06-13T01:18:52.312+0000][1][gc,task      ] GC(18) Using 4 workers of 4 for marking
[2022-06-13T01:18:52.316+0000][1][safepoint    ] Application time: 0.0046339 seconds
[2022-06-13T01:18:52.317+0000][1][safepoint    ] Entering safepoint region: RevokeBias
[2022-06-13T01:18:52.317+0000][1][safepoint    ] Leaving safepoint region
[2022-06-13T01:18:52.318+0000][1][safepoint    ] Total time for which application threads were stopped: 0.0013867 seconds, Stopping threads took: 0.0006554 seconds
[2022-06-13T01:18:52.345+0000][1][safepoint    ] Application time: 0.0261236 seconds
[2022-06-13T01:18:52.346+0000][1][safepoint    ] Entering safepoint region: CollectForMetadataAllocation
[2022-06-13T01:18:52.346+0000][1][safepoint    ] Leaving safepoint region
[2022-06-13T01:18:52.347+0000][1][safepoint    ] Total time for which application threads were stopped: 0.0009402 seconds, Stopping threads took: 0.0003469 seconds
[2022-06-13T01:18:52.348+0000][1][gc           ] GC(18) Concurrent Mark 36.694ms
[2022-06-13T01:18:52.349+0000][1][gc,cpu       ] GC(18) User=0.17s Sys=0.01s Real=0.03s
[2022-06-13T01:18:52.350+0000][1][gc           ] GC(18) Concurrent Preclean
[2022-06-13T01:18:52.352+0000][1][gc           ] GC(18) Concurrent Preclean 2.333ms
[2022-06-13T01:18:52.353+0000][1][gc,cpu       ] GC(18) User=0.00s Sys=0.00s Real=0.00s
[2022-06-13T01:18:52.354+0000][1][gc           ] GC(18) Concurrent Abortable Preclean
[2022-06-13T01:18:52.566+0000][1][safepoint    ] Application time: 0.2194492 seconds
[2022-06-13T01:18:52.567+0000][1][safepoint    ] Entering safepoint region: CollectForMetadataAllocation
[2022-06-13T01:18:52.567+0000][1][safepoint    ] Leaving safepoint region
[2022-06-13T01:18:52.568+0000][1][safepoint    ] Total time for which application threads were stopped: 0.0008834 seconds, Stopping threads took: 0.0003153 seconds
[2022-06-13T01:18:52.608+0000][1][safepoint    ] Application time: 0.0400124 seconds
[2022-06-13T01:18:52.608+0000][1][safepoint    ] Entering safepoint region: CollectForMetadataAllocation
[2022-06-13T01:18:52.609+0000][1][safepoint    ] Leaving safepoint region
[2022-06-13T01:18:52.609+0000][1][safepoint    ] Total time for which application threads were stopped: 0.0007210 seconds, Stopping threads took: 0.0002842 seconds
[2022-06-13T01:18:52.622+0000][1][safepoint    ] Application time: 0.0123052 seconds
[2022-06-13T01:18:52.622+0000][1][safepoint    ] Entering safepoint region: CollectForMetadataAllocation
[2022-06-13T01:18:52.623+0000][1][safepoint    ] Leaving safepoint region
[2022-06-13T01:18:52.623+0000][1][safepoint    ] Total time for which application threads were stopped: 0.0011453 seconds, Stopping threads took: 0.0002729 seconds
[2022-06-13T01:18:52.673+0000][1][safepoint    ] Application time: 0.0494697 seconds
[2022-06-13T01:18:52.673+0000][1][safepoint    ] Entering safepoint region: CollectForMetadataAllocation
[2022-06-13T01:18:52.674+0000][1][safepoint    ] Leaving safepoint region
[2022-06-13T01:18:52.674+0000][1][safepoint    ] Total time for which application threads were stopped: 0.0007744 seconds, Stopping threads took: 0.0003294 seconds
[2022-06-13T01:18:52.689+0000][1][safepoint    ] Application time: 0.0145324 seconds
[2022-06-13T01:18:52.689+0000][1][safepoint    ] Entering safepoint region: CollectForMetadataAllocation
[2022-06-13T01:18:52.690+0000][1][safepoint    ] Leaving safepoint region
[2022-06-13T01:18:52.690+0000][1][safepoint    ] Total time for which application threads were stopped: 0.0006119 seconds, Stopping threads took: 0.0002106 seconds
[2022-06-13T01:18:52.691+0000][1][gc           ] GC(18) Concurrent Abortable Preclean 337.162ms
[2022-06-13T01:18:52.692+0000][1][gc,cpu       ] GC(18) User=1.61s Sys=0.09s Real=0.34s
[2022-06-13T01:18:52.692+0000][1][safepoint    ] Application time: 0.0016853 seconds
[2022-06-13T01:18:52.692+0000][1][safepoint    ] Entering safepoint region: CMS_Final_Remark
[2022-06-13T01:18:52.693+0000][1][gc,start     ] GC(18) Pause Remark
[2022-06-13T01:18:52.717+0000][1][gc           ] GC(18) Pause Remark 93M->93M(247M) 24.029ms
[2022-06-13T01:18:52.717+0000][1][gc,cpu       ] GC(18) User=0.06s Sys=0.01s Real=0.02s
[2022-06-13T01:18:52.717+0000][1][safepoint    ] Leaving safepoint region
[2022-06-13T01:18:52.717+0000][1][safepoint    ] Total time for which application threads were stopped: 0.0252228 seconds, Stopping threads took: 0.0003009 seconds
[2022-06-13T01:18:52.718+0000][1][gc           ] GC(18) Concurrent Sweep
[2022-06-13T01:18:52.747+0000][1][safepoint    ] Application time: 0.0298218 seconds
[2022-06-13T01:18:52.748+0000][1][safepoint    ] Entering safepoint region: RevokeBias
[2022-06-13T01:18:52.749+0000][1][safepoint    ] Leaving safepoint region
[2022-06-13T01:18:52.750+0000][1][safepoint    ] Total time for which application threads were stopped: 0.0017186 seconds, Stopping threads took: 0.0003184 seconds
[2022-06-13T01:18:52.752+0000][1][safepoint    ] Application time: 0.0024469 seconds
[2022-06-13T01:18:52.752+0000][1][safepoint    ] Entering safepoint region: RevokeBias
[2022-06-13T01:18:52.753+0000][1][safepoint    ] Leaving safepoint region
[2022-06-13T01:18:52.753+0000][1][safepoint    ] Total time for which application threads were stopped: 0.0009113 seconds, Stopping threads took: 0.0003546 seconds
[2022-06-13T01:18:52.755+0000][1][safepoint    ] Application time: 0.0012312 seconds
[2022-06-13T01:18:52.755+0000][1][safepoint    ] Entering safepoint region: RevokeBias
[2022-06-13T01:18:52.755+0000][1][safepoint    ] Leaving safepoint region
[2022-06-13T01:18:52.756+0000][1][safepoint    ] Total time for which application threads were stopped: 0.0004238 seconds, Stopping threads took: 0.0002114 seconds
[2022-06-13T01:18:52.757+0000][1][gc           ] GC(18) Concurrent Sweep 38.734ms
[2022-06-13T01:18:52.757+0000][1][gc,cpu       ] GC(18) User=0.17s Sys=0.00s Real=0.04s
[2022-06-13T01:18:52.757+0000][1][gc           ] GC(18) Concurrent Reset
[2022-06-13T01:18:52.758+0000][1][gc           ] GC(18) Concurrent Reset 0.808ms
[2022-06-13T01:18:52.758+0000][1][gc,cpu       ] GC(18) User=0.01s Sys=0.00s Real=0.00s
[2022-06-13T01:18:52.759+0000][1][gc,heap      ] GC(18) Old: 55540K->55324K(174784K)
[2022-06-13T01:18:52.814+0000][1][safepoint    ] Application time: 0.0583630 seconds
[2022-06-13T01:18:52.815+0000][1][safepoint    ] Entering safepoint region: RevokeBias
[2022-06-13T01:18:52.815+0000][1][safepoint    ] Leaving safepoint region
[2022-06-13T01:18:52.816+0000][1][safepoint    ] Total time for which application threads were stopped: 0.0011117 seconds, Stopping threads took: 0.0005358 seconds
[2022-06-13T01:18:52.821+0000][1][safepoint    ] Application time: 0.0052421 seconds
[2022-06-13T01:18:52.822+0000][1][safepoint    ] Entering safepoint region: RevokeBias
[2022-06-13T01:18:52.822+0000][1][safepoint    ] Leaving safepoint region
[2022-06-13T01:18:52.823+0000][1][safepoint    ] Total time for which application threads were stopped: 0.0010538 seconds, Stopping threads took: 0.0003925 seconds
[2022-06-13T01:18:53.106+0000][1][safepoint    ] Application time: 0.2825537 seconds
[2022-06-13T01:18:53.107+0000][1][safepoint    ] Entering safepoint region: RevokeBias
[2022-06-13T01:18:53.108+0000][1][safepoint    ] Leaving safepoint region
[2022-06-13T01:18:53.108+0000][1][safepoint    ] Total time for which application threads were stopped: 0.0017806 seconds, Stopping threads took: 0.0008247 seconds
[2022-06-13T01:18:53.109+0000][1][safepoint    ] Application time: 0.0001493 seconds
[2022-06-13T01:18:53.109+0000][1][safepoint    ] Entering safepoint region: RevokeBias
[2022-06-13T01:18:53.109+0000][1][safepoint    ] Leaving safepoint region
[2022-06-13T01:18:53.110+0000][1][safepoint    ] Total time for which application threads were stopped: 0.0007513 seconds, Stopping threads took: 0.0004441 seconds
[2022-06-13T01:18:53.110+0000][1][safepoint    ] Application time: 0.0002046 seconds
[2022-06-13T01:18:53.110+0000][1][safepoint    ] Entering safepoint region: RevokeBias
[2022-06-13T01:18:53.111+0000][1][safepoint    ] Leaving safepoint region
[2022-06-13T01:18:53.111+0000][1][safepoint    ] Total time for which application threads were stopped: 0.0005798 seconds, Stopping threads took: 0.0002820 seconds
[2022-06-13T01:18:53.111+0000][1][safepoint    ] Application time: 0.0001731 seconds
[2022-06-13T01:18:53.111+0000][1][safepoint    ] Entering safepoint region: RevokeBias
[2022-06-13T01:18:53.112+0000][1][safepoint    ] Leaving safepoint region
[2022-06-13T01:18:53.112+0000][1][safepoint    ] Total time for which application threads were stopped: 0.0005019 seconds, Stopping threads took: 0.0002748 seconds
[2022-06-13T01:18:53.113+0000][1][safepoint    ] Application time: 0.0005126 seconds
[2022-06-13T01:18:53.113+0000][1][safepoint    ] Entering safepoint region: RevokeBias
[2022-06-13T01:18:53.113+0000][1][safepoint    ] Leaving safepoint region
[2022-06-13T01:18:53.114+0000][1][safepoint    ] Total time for which application threads were stopped: 0.0006587 seconds, Stopping threads took: 0.0004086 seconds
[2022-06-13T01:18:53.114+0000][1][safepoint    ] Application time: 0.0006489 seconds
[2022-06-13T01:18:53.115+0000][1][safepoint    ] Entering safepoint region: RevokeBias
[2022-06-13T01:18:53.115+0000][1][safepoint    ] Leaving safepoint region
[2022-06-13T01:18:53.115+0000][1][safepoint    ] Total time for which application threads were stopped: 0.0006171 seconds, Stopping threads took: 0.0003605 seconds
[2022-06-13T01:18:53.116+0000][1][safepoint    ] Application time: 0.0002632 seconds
[2022-06-13T01:18:53.116+0000][1][safepoint    ] Entering safepoint region: RevokeBias
[2022-06-13T01:18:53.116+0000][1][safepoint    ] Leaving safepoint region
[2022-06-13T01:18:53.117+0000][1][safepoint    ] Total time for which application threads were stopped: 0.0005400 seconds, Stopping threads took: 0.0002953 seconds
[2022-06-13T01:18:53.117+0000][1][safepoint    ] Application time: 0.0005313 seconds
[2022-06-13T01:18:53.118+0000][1][safepoint    ] Entering safepoint region: RevokeBias
[2022-06-13T01:18:53.118+0000][1][safepoint    ] Leaving safepoint region
[2022-06-13T01:18:53.118+0000][1][safepoint    ] Total time for which application threads were stopped: 0.0006303 seconds, Stopping threads took: 0.0003149 seconds
[2022-06-13T01:18:53.119+0000][1][safepoint    ] Application time: 0.0001537 seconds
[2022-06-13T01:18:53.119+0000][1][safepoint    ] Entering safepoint region: RevokeBias
[2022-06-13T01:18:53.119+0000][1][safepoint    ] Leaving safepoint region
[2022-06-13T01:18:53.120+0000][1][safepoint    ] Total time for which application threads were stopped: 0.0008235 seconds, Stopping threads took: 0.0004678 seconds
[2022-06-13T01:18:53.120+0000][1][safepoint    ] Application time: 0.0002356 seconds
[2022-06-13T01:18:53.121+0000][1][safepoint    ] Entering safepoint region: RevokeBias
[2022-06-13T01:18:53.121+0000][1][safepoint    ] Leaving safepoint region
[2022-06-13T01:18:53.122+0000][1][safepoint    ] Total time for which application threads were stopped: 0.0009408 seconds, Stopping threads took: 0.0005575 seconds
[2022-06-13T01:18:53.122+0000][1][safepoint    ] Application time: 0.0002637 seconds
[2022-06-13T01:18:53.123+0000][1][safepoint    ] Entering safepoint region: RevokeBias
[2022-06-13T01:18:53.124+0000][1][safepoint    ] Leaving safepoint region
[2022-06-13T01:18:53.124+0000][1][safepoint    ] Total time for which application threads were stopped: 0.0012110 seconds, Stopping threads took: 0.0008858 seconds
[2022-06-13T01:18:53.124+0000][1][safepoint    ] Application time: 0.0002068 seconds
[2022-06-13T01:18:53.125+0000][1][safepoint    ] Entering safepoint region: RevokeBias
[2022-06-13T01:18:53.125+0000][1][safepoint    ] Leaving safepoint region
[2022-06-13T01:18:53.125+0000][1][safepoint    ] Total time for which application threads were stopped: 0.0008268 seconds, Stopping threads took: 0.0005230 seconds
[2022-06-13T01:18:53.126+0000][1][safepoint    ] Application time: 0.0002483 seconds
[2022-06-13T01:18:53.126+0000][1][safepoint    ] Entering safepoint region: RevokeBias
[2022-06-13T01:18:53.126+0000][1][safepoint    ] Leaving safepoint region
[2022-06-13T01:18:53.127+0000][1][safepoint    ] Total time for which application threads were stopped: 0.0005812 seconds, Stopping threads took: 0.0002473 seconds
[2022-06-13T01:18:53.127+0000][1][safepoint    ] Application time: 0.0001244 seconds
[2022-06-13T01:18:53.127+0000][1][safepoint    ] Entering safepoint region: RevokeBias
[2022-06-13T01:18:53.128+0000][1][safepoint    ] Leaving safepoint region
[2022-06-13T01:18:53.128+0000][1][safepoint    ] Total time for which application threads were stopped: 0.0005143 seconds, Stopping threads took: 0.0002267 seconds
[2022-06-13T01:18:53.128+0000][1][safepoint    ] Application time: 0.0001847 seconds
[2022-06-13T01:18:53.128+0000][1][safepoint    ] Entering safepoint region: RevokeBias
[2022-06-13T01:18:53.129+0000][1][safepoint    ] Leaving safepoint region
[2022-06-13T01:18:53.129+0000][1][safepoint    ] Total time for which application threads were stopped: 0.0008765 seconds, Stopping threads took: 0.0002508 seconds
[2022-06-13T01:18:53.130+0000][1][safepoint    ] Application time: 0.0001502 seconds
[2022-06-13T01:18:53.130+0000][1][safepoint    ] Entering safepoint region: RevokeBias
[2022-06-13T01:18:53.130+0000][1][safepoint    ] Leaving safepoint region
[2022-06-13T01:18:53.131+0000][1][safepoint    ] Total time for which application threads were stopped: 0.0004776 seconds, Stopping threads took: 0.0002058 seconds
[2022-06-13T01:18:53.131+0000][1][safepoint    ] Application time: 0.0001356 seconds
[2022-06-13T01:18:53.131+0000][1][safepoint    ] Entering safepoint region: RevokeBias
[2022-06-13T01:18:53.131+0000][1][safepoint    ] Leaving safepoint region
[2022-06-13T01:18:53.132+0000][1][safepoint    ] Total time for which application threads were stopped: 0.0005944 seconds, Stopping threads took: 0.0002367 seconds
[2022-06-13T01:18:53.132+0000][1][safepoint    ] Application time: 0.0001699 seconds
[2022-06-13T01:18:53.132+0000][1][safepoint    ] Entering safepoint region: RevokeBias
[2022-06-13T01:18:53.133+0000][1][safepoint    ] Leaving safepoint region
[2022-06-13T01:18:53.133+0000][1][safepoint    ] Total time for which application threads were stopped: 0.0004413 seconds, Stopping threads took: 0.0001916 seconds
[2022-06-13T01:18:53.133+0000][1][safepoint    ] Application time: 0.0001213 seconds
[2022-06-13T01:18:53.133+0000][1][safepoint    ] Entering safepoint region: RevokeBias
[2022-06-13T01:18:53.134+0000][1][safepoint    ] Leaving safepoint region
[2022-06-13T01:18:53.134+0000][1][safepoint    ] Total time for which application threads were stopped: 0.0004386 seconds, Stopping threads took: 0.0001888 seconds
[2022-06-13T01:18:53.134+0000][1][safepoint    ] Application time: 0.0001373 seconds
[2022-06-13T01:18:53.134+0000][1][safepoint    ] Entering safepoint region: RevokeBias
[2022-06-13T01:18:53.135+0000][1][safepoint    ] Leaving safepoint region
[2022-06-13T01:18:53.135+0000][1][safepoint    ] Total time for which application threads were stopped: 0.0003992 seconds, Stopping threads took: 0.0001846 seconds
[2022-06-13T01:18:53.135+0000][1][safepoint    ] Application time: 0.0001109 seconds
[2022-06-13T01:18:53.135+0000][1][safepoint    ] Entering safepoint region: RevokeBias
[2022-06-13T01:18:53.135+0000][1][safepoint    ] Leaving safepoint region
[2022-06-13T01:18:53.136+0000][1][safepoint    ] Total time for which application threads were stopped: 0.0003842 seconds, Stopping threads took: 0.0001726 seconds
[2022-06-13T01:18:53.136+0000][1][safepoint    ] Application time: 0.0002457 seconds
[2022-06-13T01:18:53.137+0000][1][safepoint    ] Entering safepoint region: RevokeBias
[2022-06-13T01:18:53.137+0000][1][safepoint    ] Leaving safepoint region
[2022-06-13T01:18:53.137+0000][1][safepoint    ] Total time for which application threads were stopped: 0.0005664 seconds, Stopping threads took: 0.0002423 seconds
[2022-06-13T01:18:53.137+0000][1][safepoint    ] Application time: 0.0001154 seconds
[2022-06-13T01:18:53.138+0000][1][safepoint    ] Entering safepoint region: RevokeBias
[2022-06-13T01:18:53.138+0000][1][safepoint    ] Leaving safepoint region
[2022-06-13T01:18:53.138+0000][1][safepoint    ] Total time for which application threads were stopped: 0.0003899 seconds, Stopping threads took: 0.0001717 seconds
[2022-06-13T01:18:53.138+0000][1][safepoint    ] Application time: 0.0001618 seconds
[2022-06-13T01:18:53.139+0000][1][safepoint    ] Entering safepoint region: RevokeBias
[2022-06-13T01:18:53.139+0000][1][safepoint    ] Leaving safepoint region
[2022-06-13T01:18:53.139+0000][1][safepoint    ] Total time for which application threads were stopped: 0.0005052 seconds, Stopping threads took: 0.0002115 seconds
[2022-06-13T01:18:53.140+0000][1][safepoint    ] Application time: 0.0001549 seconds
[2022-06-13T01:18:53.140+0000][1][safepoint    ] Entering safepoint region: RevokeBias
[2022-06-13T01:18:53.140+0000][1][safepoint    ] Leaving safepoint region
[2022-06-13T01:18:53.140+0000][1][safepoint    ] Total time for which application threads were stopped: 0.0005201 seconds, Stopping threads took: 0.0002346 seconds
[2022-06-13T01:18:53.141+0000][1][safepoint    ] Application time: 0.0001548 seconds
[2022-06-13T01:18:53.141+0000][1][safepoint    ] Entering safepoint region: RevokeBias
[2022-06-13T01:18:53.142+0000][1][safepoint    ] Leaving safepoint region
[2022-06-13T01:18:53.142+0000][1][safepoint    ] Total time for which application threads were stopped: 0.0007342 seconds, Stopping threads took: 0.0004376 seconds
[2022-06-13T01:18:53.142+0000][1][safepoint    ] Application time: 0.0001284 seconds
[2022-06-13T01:18:53.142+0000][1][safepoint    ] Entering safepoint region: RevokeBias
[2022-06-13T01:18:53.143+0000][1][safepoint    ] Leaving safepoint region
[2022-06-13T01:18:53.143+0000][1][safepoint    ] Total time for which application threads were stopped: 0.0005734 seconds, Stopping threads took: 0.0002240 seconds
[2022-06-13T01:18:53.143+0000][1][safepoint    ] Application time: 0.0001244 seconds
[2022-06-13T01:18:53.144+0000][1][safepoint    ] Entering safepoint region: RevokeBias
[2022-06-13T01:18:53.144+0000][1][safepoint    ] Leaving safepoint region
[2022-06-13T01:18:53.144+0000][1][safepoint    ] Total time for which application threads were stopped: 0.0004095 seconds, Stopping threads took: 0.0002022 seconds
[2022-06-13T01:18:53.144+0000][1][safepoint    ] Application time: 0.0001336 seconds
[2022-06-13T01:18:53.144+0000][1][safepoint    ] Entering safepoint region: RevokeBias
[2022-06-13T01:18:53.145+0000][1][safepoint    ] Leaving safepoint region
[2022-06-13T01:18:53.145+0000][1][safepoint    ] Total time for which application threads were stopped: 0.0004426 seconds, Stopping threads took: 0.0001880 seconds
[2022-06-13T01:18:53.145+0000][1][safepoint    ] Application time: 0.0001473 seconds
[2022-06-13T01:18:53.146+0000][1][safepoint    ] Entering safepoint region: RevokeBias
[2022-06-13T01:18:53.146+0000][1][safepoint    ] Leaving safepoint region
[2022-06-13T01:18:53.146+0000][1][safepoint    ] Total time for which application threads were stopped: 0.0005766 seconds, Stopping threads took: 0.0002252 seconds
[2022-06-13T01:18:53.147+0000][1][safepoint    ] Application time: 0.0002673 seconds
[2022-06-13T01:18:53.147+0000][1][safepoint    ] Entering safepoint region: RevokeBias
[2022-06-13T01:18:53.148+0000][1][safepoint    ] Leaving safepoint region
[2022-06-13T01:18:53.148+0000][1][safepoint    ] Total time for which application threads were stopped: 0.0010707 seconds, Stopping threads took: 0.0005791 seconds
[2022-06-13T01:18:53.149+0000][1][safepoint    ] Application time: 0.0003275 seconds
[2022-06-13T01:18:53.150+0000][1][safepoint    ] Entering safepoint region: BulkRevokeBias
[2022-06-13T01:18:53.150+0000][1][safepoint    ] Leaving safepoint region
[2022-06-13T01:18:53.150+0000][1][safepoint    ] Total time for which application threads were stopped: 0.0008774 seconds, Stopping threads took: 0.0004435 seconds
[2022-06-13T01:18:53.151+0000][1][safepoint    ] Application time: 0.0005114 seconds
[2022-06-13T01:18:53.152+0000][1][safepoint    ] Entering safepoint region: RevokeBias
[2022-06-13T01:18:53.152+0000][1][safepoint    ] Leaving safepoint region
[2022-06-13T01:18:53.153+0000][1][safepoint    ] Total time for which application threads were stopped: 0.0007903 seconds, Stopping threads took: 0.0003605 seconds
[2022-06-13T01:18:53.153+0000][1][safepoint    ] Application time: 0.0003082 seconds
[2022-06-13T01:18:53.154+0000][1][safepoint    ] Entering safepoint region: RevokeBias
[2022-06-13T01:18:53.154+0000][1][safepoint    ] Leaving safepoint region
[2022-06-13T01:18:53.155+0000][1][safepoint    ] Total time for which application threads were stopped: 0.0009892 seconds, Stopping threads took: 0.0004673 seconds
[2022-06-13T01:18:53.156+0000][1][safepoint    ] Application time: 0.0003804 seconds
[2022-06-13T01:18:53.156+0000][1][safepoint    ] Entering safepoint region: RevokeBias
[2022-06-13T01:18:53.156+0000][1][safepoint    ] Leaving safepoint region
[2022-06-13T01:18:53.157+0000][1][safepoint    ] Total time for which application threads were stopped: 0.0010793 seconds, Stopping threads took: 0.0004110 seconds
[2022-06-13T01:18:53.158+0000][1][safepoint    ] Application time: 0.0002973 seconds
[2022-06-13T01:18:53.158+0000][1][safepoint    ] Entering safepoint region: RevokeBias
[2022-06-13T01:18:53.159+0000][1][safepoint    ] Leaving safepoint region
[2022-06-13T01:18:53.159+0000][1][safepoint    ] Total time for which application threads were stopped: 0.0010453 seconds, Stopping threads took: 0.0005490 seconds
[2022-06-13T01:18:53.160+0000][1][safepoint    ] Application time: 0.0002941 seconds
[2022-06-13T01:18:53.161+0000][1][safepoint    ] Entering safepoint region: RevokeBias
[2022-06-13T01:18:53.161+0000][1][safepoint    ] Leaving safepoint region
[2022-06-13T01:18:53.162+0000][1][safepoint    ] Total time for which application threads were stopped: 0.0009891 seconds, Stopping threads took: 0.0004661 seconds
[2022-06-13T01:18:53.162+0000][1][safepoint    ] Application time: 0.0002593 seconds
[2022-06-13T01:18:53.163+0000][1][safepoint    ] Entering safepoint region: RevokeBias
[2022-06-13T01:18:53.163+0000][1][safepoint    ] Leaving safepoint region
[2022-06-13T01:18:53.164+0000][1][safepoint    ] Total time for which application threads were stopped: 0.0010144 seconds, Stopping threads took: 0.0004890 seconds
[2022-06-13T01:18:53.165+0000][1][safepoint    ] Application time: 0.0003061 seconds
[2022-06-13T01:18:53.165+0000][1][safepoint    ] Entering safepoint region: RevokeBias
[2022-06-13T01:18:53.166+0000][1][safepoint    ] Leaving safepoint region
[2022-06-13T01:18:53.166+0000][1][safepoint    ] Total time for which application threads were stopped: 0.0009540 seconds, Stopping threads took: 0.0004810 seconds
[2022-06-13T01:18:53.167+0000][1][safepoint    ] Application time: 0.0002604 seconds
[2022-06-13T01:18:53.167+0000][1][safepoint    ] Entering safepoint region: RevokeBias
[2022-06-13T01:18:53.168+0000][1][safepoint    ] Leaving safepoint region
[2022-06-13T01:18:53.168+0000][1][safepoint    ] Total time for which application threads were stopped: 0.0013377 seconds, Stopping threads took: 0.0004739 seconds
[2022-06-13T01:18:53.170+0000][1][safepoint    ] Application time: 0.0005851 seconds
[2022-06-13T01:18:53.170+0000][1][safepoint    ] Entering safepoint region: RevokeBias
[2022-06-13T01:18:53.171+0000][1][safepoint    ] Leaving safepoint region
[2022-06-13T01:18:53.171+0000][1][safepoint    ] Total time for which application threads were stopped: 0.0009608 seconds, Stopping threads took: 0.0005031 seconds
[2022-06-13T01:18:53.172+0000][1][safepoint    ] Application time: 0.0003290 seconds
[2022-06-13T01:18:53.172+0000][1][safepoint    ] Entering safepoint region: RevokeBias
[2022-06-13T01:18:53.173+0000][1][safepoint    ] Leaving safepoint region
[2022-06-13T01:18:53.173+0000][1][safepoint    ] Total time for which application threads were stopped: 0.0007165 seconds, Stopping threads took: 0.0003387 seconds
[2022-06-13T01:18:53.173+0000][1][safepoint    ] Application time: 0.0001276 seconds
[2022-06-13T01:18:53.174+0000][1][safepoint    ] Entering safepoint region: RevokeBias
[2022-06-13T01:18:53.174+0000][1][safepoint    ] Leaving safepoint region
[2022-06-13T01:18:53.175+0000][1][safepoint    ] Total time for which application threads were stopped: 0.0008028 seconds, Stopping threads took: 0.0003359 seconds
[2022-06-13T01:18:53.175+0000][1][safepoint    ] Application time: 0.0001536 seconds
[2022-06-13T01:18:53.175+0000][1][safepoint    ] Entering safepoint region: RevokeBias
[2022-06-13T01:18:53.176+0000][1][safepoint    ] Leaving safepoint region
[2022-06-13T01:18:53.176+0000][1][safepoint    ] Total time for which application threads were stopped: 0.0007440 seconds, Stopping threads took: 0.0003569 seconds
[2022-06-13T01:18:53.177+0000][1][safepoint    ] Application time: 0.0001525 seconds
[2022-06-13T01:18:53.177+0000][1][safepoint    ] Entering safepoint region: RevokeBias
[2022-06-13T01:18:53.177+0000][1][safepoint    ] Leaving safepoint region
[2022-06-13T01:18:53.178+0000][1][safepoint    ] Total time for which application threads were stopped: 0.0006620 seconds, Stopping threads took: 0.0002806 seconds
[2022-06-13T01:18:53.178+0000][1][safepoint    ] Application time: 0.0001291 seconds
[2022-06-13T01:18:53.178+0000][1][safepoint    ] Entering safepoint region: RevokeBias
[2022-06-13T01:18:53.179+0000][1][safepoint    ] Leaving safepoint region
[2022-06-13T01:18:53.179+0000][1][safepoint    ] Total time for which application threads were stopped: 0.0006704 seconds, Stopping threads took: 0.0002561 seconds
[2022-06-13T01:18:53.179+0000][1][safepoint    ] Application time: 0.0001657 seconds
[2022-06-13T01:18:53.180+0000][1][safepoint    ] Entering safepoint region: RevokeBias
[2022-06-13T01:18:53.180+0000][1][safepoint    ] Leaving safepoint region
[2022-06-13T01:18:53.180+0000][1][safepoint    ] Total time for which application threads were stopped: 0.0006576 seconds, Stopping threads took: 0.0002751 seconds
[2022-06-13T01:18:53.181+0000][1][safepoint    ] Application time: 0.0001767 seconds
[2022-06-13T01:18:53.181+0000][1][safepoint    ] Entering safepoint region: RevokeBias
[2022-06-13T01:18:53.181+0000][1][safepoint    ] Leaving safepoint region
[2022-06-13T01:18:53.182+0000][1][safepoint    ] Total time for which application threads were stopped: 0.0006446 seconds, Stopping threads took: 0.0002566 seconds
[2022-06-13T01:18:53.182+0000][1][safepoint    ] Application time: 0.0001795 seconds
[2022-06-13T01:18:53.183+0000][1][safepoint    ] Entering safepoint region: RevokeBias
[2022-06-13T01:18:53.183+0000][1][safepoint    ] Leaving safepoint region
[2022-06-13T01:18:53.183+0000][1][safepoint    ] Total time for which application threads were stopped: 0.0006015 seconds, Stopping threads took: 0.0002690 seconds
[2022-06-13T01:18:53.184+0000][1][safepoint    ] Application time: 0.0001289 seconds
[2022-06-13T01:18:53.184+0000][1][safepoint    ] Entering safepoint region: RevokeBias
[2022-06-13T01:18:53.184+0000][1][safepoint    ] Leaving safepoint region
[2022-06-13T01:18:53.184+0000][1][safepoint    ] Total time for which application threads were stopped: 0.0005895 seconds, Stopping threads took: 0.0002517 seconds
[2022-06-13T01:18:53.185+0000][1][safepoint    ] Application time: 0.0001493 seconds
[2022-06-13T01:18:53.185+0000][1][safepoint    ] Entering safepoint region: RevokeBias
[2022-06-13T01:18:53.185+0000][1][safepoint    ] Leaving safepoint region
[2022-06-13T01:18:53.186+0000][1][safepoint    ] Total time for which application threads were stopped: 0.0005495 seconds, Stopping threads took: 0.0002276 seconds
[2022-06-13T01:18:53.186+0000][1][safepoint    ] Application time: 0.0001619 seconds
[2022-06-13T01:18:53.186+0000][1][safepoint    ] Entering safepoint region: RevokeBias
[2022-06-13T01:18:53.187+0000][1][safepoint    ] Leaving safepoint region
[2022-06-13T01:18:53.187+0000][1][safepoint    ] Total time for which application threads were stopped: 0.0005475 seconds, Stopping threads took: 0.0002555 seconds
[2022-06-13T01:18:53.187+0000][1][safepoint    ] Application time: 0.0001319 seconds
[2022-06-13T01:18:53.187+0000][1][safepoint    ] Entering safepoint region: RevokeBias
[2022-06-13T01:18:53.188+0000][1][safepoint    ] Leaving safepoint region
[2022-06-13T01:18:53.188+0000][1][safepoint    ] Total time for which application threads were stopped: 0.0005073 seconds, Stopping threads took: 0.0002186 seconds
[2022-06-13T01:18:53.188+0000][1][safepoint    ] Application time: 0.0001538 seconds
[2022-06-13T01:18:53.188+0000][1][safepoint    ] Entering safepoint region: RevokeBias
[2022-06-13T01:18:53.189+0000][1][safepoint    ] Leaving safepoint region
[2022-06-13T01:18:53.189+0000][1][safepoint    ] Total time for which application threads were stopped: 0.0004499 seconds, Stopping threads took: 0.0001941 seconds
[2022-06-13T01:18:53.189+0000][1][safepoint    ] Application time: 0.0001279 seconds
[2022-06-13T01:18:53.190+0000][1][safepoint    ] Entering safepoint region: RevokeBias
[2022-06-13T01:18:53.190+0000][1][safepoint    ] Leaving safepoint region
[2022-06-13T01:18:53.190+0000][1][safepoint    ] Total time for which application threads were stopped: 0.0006212 seconds, Stopping threads took: 0.0002789 seconds
[2022-06-13T01:18:53.191+0000][1][safepoint    ] Application time: 0.0001159 seconds
[2022-06-13T01:18:53.191+0000][1][safepoint    ] Entering safepoint region: BulkRevokeBias
[2022-06-13T01:18:53.191+0000][1][safepoint    ] Leaving safepoint region
[2022-06-13T01:18:53.191+0000][1][safepoint    ] Total time for which application threads were stopped: 0.0006126 seconds, Stopping threads took: 0.0002261 seconds
[2022-06-13T01:18:53.192+0000][1][safepoint    ] Application time: 0.0005497 seconds
[2022-06-13T01:18:53.193+0000][1][safepoint    ] Entering safepoint region: RevokeBias
[2022-06-13T01:18:53.194+0000][1][safepoint    ] Leaving safepoint region
[2022-06-13T01:18:53.194+0000][1][safepoint    ] Total time for which application threads were stopped: 0.0012156 seconds, Stopping threads took: 0.0008568 seconds
[2022-06-13T01:18:53.194+0000][1][safepoint    ] Application time: 0.0002859 seconds
[2022-06-13T01:18:53.195+0000][1][safepoint    ] Entering safepoint region: RevokeBias
[2022-06-13T01:18:53.195+0000][1][safepoint    ] Leaving safepoint region
[2022-06-13T01:18:53.195+0000][1][safepoint    ] Total time for which application threads were stopped: 0.0005731 seconds, Stopping threads took: 0.0002474 seconds
[2022-06-13T01:18:53.196+0000][1][safepoint    ] Application time: 0.0006079 seconds
[2022-06-13T01:18:53.196+0000][1][safepoint    ] Entering safepoint region: RevokeBias
[2022-06-13T01:18:53.197+0000][1][safepoint    ] Leaving safepoint region
[2022-06-13T01:18:53.197+0000][1][safepoint    ] Total time for which application threads were stopped: 0.0006196 seconds, Stopping threads took: 0.0003173 seconds
[2022-06-13T01:18:53.197+0000][1][safepoint    ] Application time: 0.0003726 seconds
[2022-06-13T01:18:53.198+0000][1][safepoint    ] Entering safepoint region: RevokeBias
[2022-06-13T01:18:53.198+0000][1][safepoint    ] Leaving safepoint region
[2022-06-13T01:18:53.199+0000][1][safepoint    ] Total time for which application threads were stopped: 0.0009115 seconds, Stopping threads took: 0.0004535 seconds
[2022-06-13T01:18:53.199+0000][1][safepoint    ] Application time: 0.0001190 seconds
[2022-06-13T01:18:53.199+0000][1][safepoint    ] Entering safepoint region: RevokeBias
[2022-06-13T01:18:53.200+0000][1][safepoint    ] Leaving safepoint region
[2022-06-13T01:18:53.200+0000][1][safepoint    ] Total time for which application threads were stopped: 0.0007062 seconds, Stopping threads took: 0.0004034 seconds
[2022-06-13T01:18:53.200+0000][1][safepoint    ] Application time: 0.0001351 seconds
[2022-06-13T01:18:53.201+0000][1][safepoint    ] Entering safepoint region: RevokeBias
[2022-06-13T01:18:53.201+0000][1][safepoint    ] Leaving safepoint region
[2022-06-13T01:18:53.201+0000][1][safepoint    ] Total time for which application threads were stopped: 0.0006469 seconds, Stopping threads took: 0.0003939 seconds
[2022-06-13T01:18:53.202+0000][1][safepoint    ] Application time: 0.0006978 seconds
[2022-06-13T01:18:53.203+0000][1][safepoint    ] Entering safepoint region: RevokeBias
[2022-06-13T01:18:53.203+0000][1][safepoint    ] Leaving safepoint region
[2022-06-13T01:18:53.203+0000][1][safepoint    ] Total time for which application threads were stopped: 0.0009016 seconds, Stopping threads took: 0.0006230 seconds
[2022-06-13T01:18:53.204+0000][1][safepoint    ] Application time: 0.0003289 seconds
[2022-06-13T01:18:53.204+0000][1][safepoint    ] Entering safepoint region: RevokeBias
[2022-06-13T01:18:53.204+0000][1][safepoint    ] Leaving safepoint region
[2022-06-13T01:18:53.204+0000][1][safepoint    ] Total time for which application threads were stopped: 0.0004896 seconds, Stopping threads took: 0.0002170 seconds
[2022-06-13T01:18:53.205+0000][1][safepoint    ] Application time: 0.0003666 seconds
[2022-06-13T01:18:53.205+0000][1][safepoint    ] Entering safepoint region: RevokeBias
[2022-06-13T01:18:53.206+0000][1][safepoint    ] Leaving safepoint region
[2022-06-13T01:18:53.206+0000][1][safepoint    ] Total time for which application threads were stopped: 0.0008033 seconds, Stopping threads took: 0.0003666 seconds
[2022-06-13T01:18:53.207+0000][1][safepoint    ] Application time: 0.0008180 seconds
[2022-06-13T01:18:53.207+0000][1][safepoint    ] Entering safepoint region: RevokeBias
[2022-06-13T01:18:53.208+0000][1][safepoint    ] Leaving safepoint region
[2022-06-13T01:18:53.208+0000][1][safepoint    ] Total time for which application threads were stopped: 0.0006342 seconds, Stopping threads took: 0.0003495 seconds
[2022-06-13T01:18:53.209+0000][1][safepoint    ] Application time: 0.0005891 seconds
[2022-06-13T01:18:53.210+0000][1][safepoint    ] Entering safepoint region: RevokeBias
[2022-06-13T01:18:53.210+0000][1][safepoint    ] Leaving safepoint region
[2022-06-13T01:18:53.210+0000][1][safepoint    ] Total time for which application threads were stopped: 0.0009818 seconds, Stopping threads took: 0.0006354 seconds
[2022-06-13T01:18:53.211+0000][1][safepoint    ] Application time: 0.0005743 seconds
[2022-06-13T01:18:53.211+0000][1][safepoint    ] Entering safepoint region: RevokeBias
[2022-06-13T01:18:53.212+0000][1][safepoint    ] Leaving safepoint region
[2022-06-13T01:18:53.212+0000][1][safepoint    ] Total time for which application threads were stopped: 0.0005800 seconds, Stopping threads took: 0.0002897 seconds
[2022-06-13T01:18:53.212+0000][1][safepoint    ] Application time: 0.0002031 seconds
[2022-06-13T01:18:53.212+0000][1][safepoint    ] Entering safepoint region: RevokeBias
[2022-06-13T01:18:53.213+0000][1][safepoint    ] Leaving safepoint region
[2022-06-13T01:18:53.213+0000][1][safepoint    ] Total time for which application threads were stopped: 0.0005652 seconds, Stopping threads took: 0.0002505 seconds
[2022-06-13T01:18:53.213+0000][1][safepoint    ] Application time: 0.0003229 seconds
[2022-06-13T01:18:53.214+0000][1][safepoint    ] Entering safepoint region: RevokeBias
[2022-06-13T01:18:53.214+0000][1][safepoint    ] Leaving safepoint region
[2022-06-13T01:18:53.214+0000][1][safepoint    ] Total time for which application threads were stopped: 0.0005053 seconds, Stopping threads took: 0.0002454 seconds
[2022-06-13T01:18:53.215+0000][1][safepoint    ] Application time: 0.0004092 seconds
[2022-06-13T01:18:53.215+0000][1][safepoint    ] Entering safepoint region: RevokeBias
[2022-06-13T01:18:53.215+0000][1][safepoint    ] Leaving safepoint region
[2022-06-13T01:18:53.215+0000][1][safepoint    ] Total time for which application threads were stopped: 0.0004423 seconds, Stopping threads took: 0.0001909 seconds
[2022-06-13T01:18:53.216+0000][1][safepoint    ] Application time: 0.0003973 seconds
[2022-06-13T01:18:53.216+0000][1][safepoint    ] Entering safepoint region: RevokeBias
[2022-06-13T01:18:53.217+0000][1][safepoint    ] Leaving safepoint region
[2022-06-13T01:18:53.217+0000][1][safepoint    ] Total time for which application threads were stopped: 0.0006333 seconds, Stopping threads took: 0.0002675 seconds
[2022-06-13T01:18:53.217+0000][1][safepoint    ] Application time: 0.0001852 seconds
[2022-06-13T01:18:53.217+0000][1][safepoint    ] Entering safepoint region: RevokeBias
[2022-06-13T01:18:53.218+0000][1][safepoint    ] Leaving safepoint region
[2022-06-13T01:18:53.218+0000][1][safepoint    ] Total time for which application threads were stopped: 0.0006613 seconds, Stopping threads took: 0.0002043 seconds
[2022-06-13T01:18:53.219+0000][1][safepoint    ] Application time: 0.0005895 seconds
[2022-06-13T01:18:53.219+0000][1][safepoint    ] Entering safepoint region: RevokeBias
[2022-06-13T01:18:53.220+0000][1][safepoint    ] Leaving safepoint region
[2022-06-13T01:18:53.220+0000][1][safepoint    ] Total time for which application threads were stopped: 0.0005966 seconds, Stopping threads took: 0.0003251 seconds
[2022-06-13T01:18:53.222+0000][1][safepoint    ] Application time: 0.0019689 seconds
[2022-06-13T01:18:53.222+0000][1][safepoint    ] Entering safepoint region: BulkRevokeBias
[2022-06-13T01:18:53.223+0000][1][safepoint    ] Leaving safepoint region
[2022-06-13T01:18:53.223+0000][1][safepoint    ] Total time for which application threads were stopped: 0.0007145 seconds, Stopping threads took: 0.0003076 seconds
[2022-06-13T01:18:53.223+0000][1][safepoint    ] Application time: 0.0002514 seconds
[2022-06-13T01:18:53.225+0000][1][safepoint    ] Entering safepoint region: RevokeBias
[2022-06-13T01:18:53.225+0000][1][safepoint    ] Leaving safepoint region
[2022-06-13T01:18:53.225+0000][1][safepoint    ] Total time for which application threads were stopped: 0.0014335 seconds, Stopping threads took: 0.0011737 seconds
[2022-06-13T01:18:53.225+0000][1][safepoint    ] Application time: 0.0001540 seconds
[2022-06-13T01:18:53.226+0000][1][safepoint    ] Entering safepoint region: RevokeBias
[2022-06-13T01:18:53.226+0000][1][safepoint    ] Leaving safepoint region
[2022-06-13T01:18:53.226+0000][1][safepoint    ] Total time for which application threads were stopped: 0.0005481 seconds, Stopping threads took: 0.0002985 seconds
[2022-06-13T01:18:53.228+0000][1][safepoint    ] Application time: 0.0013912 seconds
[2022-06-13T01:18:53.228+0000][1][safepoint    ] Entering safepoint region: RevokeBias
[2022-06-13T01:18:53.228+0000][1][safepoint    ] Leaving safepoint region
[2022-06-13T01:18:53.229+0000][1][safepoint    ] Total time for which application threads were stopped: 0.0006667 seconds, Stopping threads took: 0.0003067 seconds
[2022-06-13T01:18:53.231+0000][1][safepoint    ] Application time: 0.0017187 seconds
[2022-06-13T01:18:53.231+0000][1][safepoint    ] Entering safepoint region: RevokeBias
[2022-06-13T01:18:53.232+0000][1][safepoint    ] Leaving safepoint region
[2022-06-13T01:18:53.232+0000][1][safepoint    ] Total time for which application threads were stopped: 0.0007201 seconds, Stopping threads took: 0.0003563 seconds
[2022-06-13T01:18:53.232+0000][1][safepoint    ] Application time: 0.0001916 seconds
[2022-06-13T01:18:53.233+0000][1][safepoint    ] Entering safepoint region: RevokeBias
[2022-06-13T01:18:53.233+0000][1][safepoint    ] Leaving safepoint region
[2022-06-13T01:18:53.234+0000][1][safepoint    ] Total time for which application threads were stopped: 0.0011441 seconds, Stopping threads took: 0.0007424 seconds
[2022-06-13T01:18:53.235+0000][1][safepoint    ] Application time: 0.0003784 seconds
[2022-06-13T01:18:53.235+0000][1][safepoint    ] Entering safepoint region: RevokeBias
[2022-06-13T01:18:53.235+0000][1][safepoint    ] Leaving safepoint region
[2022-06-13T01:18:53.236+0000][1][safepoint    ] Total time for which application threads were stopped: 0.0004844 seconds, Stopping threads took: 0.0002483 seconds
[2022-06-13T01:18:53.268+0000][1][safepoint    ] Application time: 0.0325420 seconds
[2022-06-13T01:18:53.269+0000][1][safepoint    ] Entering safepoint region: GenCollectForAllocation
[2022-06-13T01:18:53.269+0000][1][gc,start     ] GC(19) Pause Young (Allocation Failure)
[2022-06-13T01:18:53.270+0000][1][gc,task      ] GC(19) Using 5 workers of 13 for evacuation
[2022-06-13T01:18:53.278+0000][1][gc,age       ] GC(19) Desired survivor size 4456448 bytes, new threshold 2 (max threshold 6)
[2022-06-13T01:18:53.279+0000][1][gc,age       ] GC(19) Age table with threshold 2 (max threshold 6)
[2022-06-13T01:18:53.280+0000][1][gc,age       ] GC(19) - age   1:    2967456 bytes,    2967456 total
[2022-06-13T01:18:53.280+0000][1][gc,age       ] GC(19) - age   2:    3876472 bytes,    6843928 total
[2022-06-13T01:18:53.281+0000][1][gc,age       ] GC(19) - age   3:     247512 bytes,    7091440 total
[2022-06-13T01:18:53.281+0000][1][gc,heap      ] GC(19) ParNew: 75222K->8482K(78656K)
[2022-06-13T01:18:53.282+0000][1][gc,heap      ] GC(19) CMS: 55324K->55324K(174784K)
[2022-06-13T01:18:53.282+0000][1][gc,metaspace ] GC(19) Metaspace: 47391K->47391K(1093632K)
[2022-06-13T01:18:53.282+0000][1][gc           ] GC(19) Pause Young (Allocation Failure) 127M->62M(247M) 12.920ms
[2022-06-13T01:18:53.283+0000][1][gc,cpu       ] GC(19) User=0.04s Sys=0.00s Real=0.01s
[2022-06-13T01:18:53.284+0000][1][safepoint    ] Leaving safepoint region
[2022-06-13T01:18:53.284+0000][1][safepoint    ] Total time for which application threads were stopped: 0.0153514 seconds, Stopping threads took: 0.0005614 seconds
[2022-06-13T01:18:53.506+0000][1][safepoint    ] Application time: 0.2213955 seconds
[2022-06-13T01:18:53.507+0000][1][safepoint    ] Entering safepoint region: RevokeBias
[2022-06-13T01:18:53.508+0000][1][safepoint    ] Leaving safepoint region
[2022-06-13T01:18:53.508+0000][1][safepoint    ] Total time for which application threads were stopped: 0.0011515 seconds, Stopping threads took: 0.0005536 seconds
[2022-06-13T01:18:54.010+0000][1][safepoint    ] Application time: 0.5017623 seconds
[2022-06-13T01:18:54.011+0000][1][safepoint    ] Entering safepoint region: GenCollectForAllocation
[2022-06-13T01:18:54.013+0000][1][gc,start     ] GC(20) Pause Young (Allocation Failure)
[2022-06-13T01:18:54.013+0000][1][gc,task      ] GC(20) Using 5 workers of 13 for evacuation
[2022-06-13T01:18:54.023+0000][1][gc,age       ] GC(20) Desired survivor size 4456448 bytes, new threshold 2 (max threshold 6)
[2022-06-13T01:18:54.024+0000][1][gc,age       ] GC(20) Age table with threshold 2 (max threshold 6)
[2022-06-13T01:18:54.025+0000][1][gc,age       ] GC(20) - age   1:    1577632 bytes,    1577632 total
[2022-06-13T01:18:54.025+0000][1][gc,age       ] GC(20) - age   2:    2882032 bytes,    4459664 total
[2022-06-13T01:18:54.026+0000][1][gc,heap      ] GC(20) ParNew: 78434K->7292K(78656K)
[2022-06-13T01:18:54.027+0000][1][gc,heap      ] GC(20) CMS: 55324K->59467K(174784K)
[2022-06-13T01:18:54.027+0000][1][gc,metaspace ] GC(20) Metaspace: 54080K->54080K(1099776K)
[2022-06-13T01:18:54.028+0000][1][gc           ] GC(20) Pause Young (Allocation Failure) 130M->65M(247M) 15.442ms
[2022-06-13T01:18:54.029+0000][1][gc,cpu       ] GC(20) User=0.05s Sys=0.00s Real=0.01s
[2022-06-13T01:18:54.029+0000][1][safepoint    ] Leaving safepoint region
[2022-06-13T01:18:54.030+0000][1][safepoint    ] Total time for which application threads were stopped: 0.0184560 seconds, Stopping threads took: 0.0009318 seconds
[2022-06-13T01:18:54.032+0000][1][safepoint    ] Application time: 0.0014874 seconds
[2022-06-13T01:18:54.032+0000][1][safepoint    ] Entering safepoint region: RevokeBias
[2022-06-13T01:18:54.033+0000][1][safepoint    ] Leaving safepoint region
[2022-06-13T01:18:54.034+0000][1][safepoint    ] Total time for which application threads were stopped: 0.0015390 seconds, Stopping threads took: 0.0006926 seconds
[2022-06-13T01:18:54.034+0000][1][safepoint    ] Application time: 0.0002269 seconds
[2022-06-13T01:18:54.035+0000][1][safepoint    ] Entering safepoint region: RevokeBias
[2022-06-13T01:18:54.036+0000][1][safepoint    ] Leaving safepoint region
[2022-06-13T01:18:54.036+0000][1][safepoint    ] Total time for which application threads were stopped: 0.0014411 seconds, Stopping threads took: 0.0007186 seconds
[2022-06-13T01:18:54.053+0000][1][safepoint    ] Application time: 0.0162111 seconds
[2022-06-13T01:18:54.054+0000][1][safepoint    ] Entering safepoint region: RevokeBias
[2022-06-13T01:18:54.054+0000][1][safepoint    ] Leaving safepoint region
[2022-06-13T01:18:54.055+0000][1][safepoint    ] Total time for which application threads were stopped: 0.0011026 seconds, Stopping threads took: 0.0004910 seconds
[2022-06-13T01:18:54.180+0000][1][safepoint    ] Application time: 0.1250046 seconds
[2022-06-13T01:18:54.181+0000][1][safepoint    ] Entering safepoint region: RevokeBias
[2022-06-13T01:18:54.181+0000][1][safepoint    ] Leaving safepoint region
[2022-06-13T01:18:54.182+0000][1][safepoint    ] Total time for which application threads were stopped: 0.0010533 seconds, Stopping threads took: 0.0002487 seconds
[2022-06-13T01:18:54.242+0000][1][safepoint    ] Application time: 0.0597168 seconds
[2022-06-13T01:18:54.243+0000][1][safepoint    ] Entering safepoint region: Deoptimize
[2022-06-13T01:18:54.244+0000][1][safepoint    ] Leaving safepoint region
[2022-06-13T01:18:54.244+0000][1][safepoint    ] Total time for which application threads were stopped: 0.0013319 seconds, Stopping threads took: 0.0002964 seconds
[2022-06-13T01:18:54.279+0000][1][safepoint    ] Application time: 0.0348538 seconds
[2022-06-13T01:18:54.280+0000][1][safepoint    ] Entering safepoint region: RevokeBias
[2022-06-13T01:18:54.280+0000][1][safepoint    ] Leaving safepoint region
[2022-06-13T01:18:54.280+0000][1][safepoint    ] Total time for which application threads were stopped: 0.0004866 seconds, Stopping threads took: 0.0002224 seconds
[2022-06-13T01:18:54.281+0000][1][safepoint    ] Application time: 0.0001775 seconds
[2022-06-13T01:18:54.281+0000][1][safepoint    ] Entering safepoint region: RevokeBias
[2022-06-13T01:18:54.281+0000][1][safepoint    ] Leaving safepoint region
[2022-06-13T01:18:54.281+0000][1][safepoint    ] Total time for which application threads were stopped: 0.0004203 seconds, Stopping threads took: 0.0001994 seconds
[2022-06-13T01:18:54.282+0000][1][safepoint    ] Application time: 0.0001672 seconds
[2022-06-13T01:18:54.282+0000][1][safepoint    ] Entering safepoint region: RevokeBias
[2022-06-13T01:18:54.282+0000][1][safepoint    ] Leaving safepoint region
[2022-06-13T01:18:54.282+0000][1][safepoint    ] Total time for which application threads were stopped: 0.0003202 seconds, Stopping threads took: 0.0001455 seconds
[2022-06-13T01:18:54.285+0000][1][safepoint    ] Application time: 0.0031607 seconds
[2022-06-13T01:18:54.286+0000][1][safepoint    ] Entering safepoint region: RevokeBias
[2022-06-13T01:18:54.286+0000][1][safepoint    ] Leaving safepoint region
[2022-06-13T01:18:54.286+0000][1][safepoint    ] Total time for which application threads were stopped: 0.0006135 seconds, Stopping threads took: 0.0002939 seconds
[2022-06-13T01:18:54.489+0000][1][safepoint    ] Application time: 0.2026967 seconds
[2022-06-13T01:18:54.490+0000][1][safepoint    ] Entering safepoint region: Deoptimize
[2022-06-13T01:18:54.492+0000][1][safepoint    ] Leaving safepoint region
[2022-06-13T01:18:54.493+0000][1][safepoint    ] Total time for which application threads were stopped: 0.0027811 seconds, Stopping threads took: 0.0005111 seconds
[2022-06-13T01:18:54.717+0000][1][safepoint    ] Application time: 0.2239378 seconds
[2022-06-13T01:18:54.717+0000][1][safepoint    ] Entering safepoint region: RevokeBias
[2022-06-13T01:18:54.718+0000][1][safepoint    ] Leaving safepoint region
[2022-06-13T01:18:54.718+0000][1][safepoint    ] Total time for which application threads were stopped: 0.0008867 seconds, Stopping threads took: 0.0004196 seconds
[2022-06-13T01:18:54.813+0000][1][safepoint    ] Application time: 0.0943006 seconds
[2022-06-13T01:18:54.813+0000][1][safepoint    ] Entering safepoint region: RevokeBias
[2022-06-13T01:18:54.814+0000][1][safepoint    ] Leaving safepoint region
[2022-06-13T01:18:54.814+0000][1][safepoint    ] Total time for which application threads were stopped: 0.0007975 seconds, Stopping threads took: 0.0002866 seconds
[2022-06-13T01:18:54.815+0000][1][safepoint    ] Application time: 0.0003787 seconds
[2022-06-13T01:18:54.816+0000][1][safepoint    ] Entering safepoint region: RevokeBias
[2022-06-13T01:18:54.816+0000][1][safepoint    ] Leaving safepoint region
[2022-06-13T01:18:54.816+0000][1][safepoint    ] Total time for which application threads were stopped: 0.0005737 seconds, Stopping threads took: 0.0003342 seconds
[2022-06-13T01:18:54.817+0000][1][safepoint    ] Application time: 0.0001329 seconds
[2022-06-13T01:18:54.817+0000][1][safepoint    ] Entering safepoint region: RevokeBias
[2022-06-13T01:18:54.818+0000][1][safepoint    ] Leaving safepoint region
[2022-06-13T01:18:54.818+0000][1][safepoint    ] Total time for which application threads were stopped: 0.0011214 seconds, Stopping threads took: 0.0004511 seconds
[2022-06-13T01:18:54.819+0000][1][safepoint    ] Application time: 0.0001626 seconds
[2022-06-13T01:18:54.819+0000][1][safepoint    ] Entering safepoint region: RevokeBias
[2022-06-13T01:18:54.820+0000][1][safepoint    ] Leaving safepoint region
[2022-06-13T01:18:54.821+0000][1][safepoint    ] Total time for which application threads were stopped: 0.0012550 seconds, Stopping threads took: 0.0006116 seconds
[2022-06-13T01:18:54.821+0000][1][safepoint    ] Application time: 0.0002921 seconds
[2022-06-13T01:18:54.822+0000][1][safepoint    ] Entering safepoint region: RevokeBias
[2022-06-13T01:18:54.822+0000][1][safepoint    ] Leaving safepoint region
[2022-06-13T01:18:54.823+0000][1][safepoint    ] Total time for which application threads were stopped: 0.0010000 seconds, Stopping threads took: 0.0003391 seconds
[2022-06-13T01:18:54.824+0000][1][safepoint    ] Application time: 0.0004312 seconds
[2022-06-13T01:18:54.824+0000][1][safepoint    ] Entering safepoint region: RevokeBias
[2022-06-13T01:18:54.825+0000][1][safepoint    ] Leaving safepoint region
[2022-06-13T01:18:54.825+0000][1][safepoint    ] Total time for which application threads were stopped: 0.0006731 seconds, Stopping threads took: 0.0004263 seconds
[2022-06-13T01:18:54.826+0000][1][safepoint    ] Application time: 0.0003184 seconds
[2022-06-13T01:18:54.826+0000][1][safepoint    ] Entering safepoint region: RevokeBias
[2022-06-13T01:18:54.827+0000][1][safepoint    ] Leaving safepoint region
[2022-06-13T01:18:54.827+0000][1][safepoint    ] Total time for which application threads were stopped: 0.0008009 seconds, Stopping threads took: 0.0003696 seconds
[2022-06-13T01:18:54.951+0000][1][safepoint    ] Application time: 0.1240541 seconds
[2022-06-13T01:18:54.952+0000][1][safepoint    ] Entering safepoint region: RevokeBias
[2022-06-13T01:18:54.953+0000][1][safepoint    ] Leaving safepoint region
[2022-06-13T01:18:54.953+0000][1][safepoint    ] Total time for which application threads were stopped: 0.0012952 seconds, Stopping threads took: 0.0005291 seconds
[2022-06-13T01:18:55.039+0000][1][safepoint    ] Application time: 0.0846149 seconds
[2022-06-13T01:18:55.069+0000][1][safepoint    ] Entering safepoint region: RevokeBias
[2022-06-13T01:18:55.070+0000][1][safepoint    ] Leaving safepoint region
[2022-06-13T01:18:55.070+0000][1][safepoint    ] Total time for which application threads were stopped: 0.0307145 seconds, Stopping threads took: 0.0304627 seconds
[2022-06-13T01:18:55.070+0000][1][safepoint    ] Application time: 0.0001487 seconds
[2022-06-13T01:18:55.071+0000][1][safepoint    ] Entering safepoint region: RevokeBias
[2022-06-13T01:18:55.071+0000][1][safepoint    ] Leaving safepoint region
[2022-06-13T01:18:55.071+0000][1][safepoint    ] Total time for which application threads were stopped: 0.0005630 seconds, Stopping threads took: 0.0003227 seconds
[2022-06-13T01:18:55.072+0000][1][safepoint    ] Application time: 0.0002065 seconds
[2022-06-13T01:18:55.072+0000][1][safepoint    ] Entering safepoint region: RevokeBias
[2022-06-13T01:18:55.073+0000][1][safepoint    ] Leaving safepoint region
[2022-06-13T01:18:55.073+0000][1][safepoint    ] Total time for which application threads were stopped: 0.0006491 seconds, Stopping threads took: 0.0003329 seconds
[2022-06-13T01:18:55.073+0000][1][safepoint    ] Application time: 0.0003767 seconds
[2022-06-13T01:18:55.074+0000][1][safepoint    ] Entering safepoint region: RevokeBias
[2022-06-13T01:18:55.074+0000][1][safepoint    ] Leaving safepoint region
[2022-06-13T01:18:55.075+0000][1][safepoint    ] Total time for which application threads were stopped: 0.0009143 seconds, Stopping threads took: 0.0004628 seconds
[2022-06-13T01:18:55.106+0000][1][safepoint    ] Application time: 0.0311838 seconds
[2022-06-13T01:18:55.107+0000][1][safepoint    ] Entering safepoint region: GenCollectForAllocation
[2022-06-13T01:18:55.107+0000][1][gc,start     ] GC(21) Pause Young (Allocation Failure)
[2022-06-13T01:18:55.107+0000][1][gc,task      ] GC(21) Using 5 workers of 13 for evacuation
[2022-06-13T01:18:55.119+0000][1][gc,age       ] GC(21) Desired survivor size 4456448 bytes, new threshold 2 (max threshold 6)
[2022-06-13T01:18:55.119+0000][1][gc,age       ] GC(21) Age table with threshold 2 (max threshold 6)
[2022-06-13T01:18:55.120+0000][1][gc,age       ] GC(21) - age   1:    4034624 bytes,    4034624 total
[2022-06-13T01:18:55.120+0000][1][gc,age       ] GC(21) - age   2:    1509952 bytes,    5544576 total
[2022-06-13T01:18:55.121+0000][1][gc,heap      ] GC(21) ParNew: 77244K->7629K(78656K)
[2022-06-13T01:18:55.122+0000][1][gc,heap      ] GC(21) CMS: 59467K->62338K(174784K)
[2022-06-13T01:18:55.122+0000][1][gc,metaspace ] GC(21) Metaspace: 62208K->62208K(1105920K)
[2022-06-13T01:18:55.123+0000][1][gc           ] GC(21) Pause Young (Allocation Failure) 133M->68M(247M) 15.499ms
[2022-06-13T01:18:55.123+0000][1][gc,cpu       ] GC(21) User=0.07s Sys=0.01s Real=0.02s
[2022-06-13T01:18:55.124+0000][1][safepoint    ] Leaving safepoint region
[2022-06-13T01:18:55.124+0000][1][safepoint    ] Total time for which application threads were stopped: 0.0176436 seconds, Stopping threads took: 0.0002878 seconds
[2022-06-13T01:18:55.178+0000][1][safepoint    ] Application time: 0.0533192 seconds
[2022-06-13T01:18:55.179+0000][1][safepoint    ] Entering safepoint region: Deoptimize
[2022-06-13T01:18:55.180+0000][1][safepoint    ] Leaving safepoint region
[2022-06-13T01:18:55.181+0000][1][safepoint    ] Total time for which application threads were stopped: 0.0019920 seconds, Stopping threads took: 0.0005655 seconds
[2022-06-13T01:18:55.189+0000][1][safepoint    ] Application time: 0.0079144 seconds
[2022-06-13T01:18:55.190+0000][1][safepoint    ] Entering safepoint region: RevokeBias
[2022-06-13T01:18:55.190+0000][1][safepoint    ] Leaving safepoint region
[2022-06-13T01:18:55.191+0000][1][safepoint    ] Total time for which application threads were stopped: 0.0012236 seconds, Stopping threads took: 0.0005174 seconds
[2022-06-13T01:18:55.192+0000][1][safepoint    ] Application time: 0.0006602 seconds
[2022-06-13T01:18:55.193+0000][1][safepoint    ] Entering safepoint region: BulkRevokeBias
[2022-06-13T01:18:55.194+0000][1][safepoint    ] Leaving safepoint region
[2022-06-13T01:18:55.194+0000][1][safepoint    ] Total time for which application threads were stopped: 0.0013545 seconds, Stopping threads took: 0.0004734 seconds
[2022-06-13T01:18:55.196+0000][1][safepoint    ] Application time: 0.0011088 seconds
[2022-06-13T01:18:55.196+0000][1][safepoint    ] Entering safepoint region: RevokeBias
[2022-06-13T01:18:55.197+0000][1][safepoint    ] Leaving safepoint region
[2022-06-13T01:18:55.197+0000][1][safepoint    ] Total time for which application threads were stopped: 0.0009803 seconds, Stopping threads took: 0.0003785 seconds
[2022-06-13T01:18:55.198+0000][1][safepoint    ] Application time: 0.0006195 seconds
[2022-06-13T01:18:55.199+0000][1][safepoint    ] Entering safepoint region: RevokeBias
[2022-06-13T01:18:55.199+0000][1][safepoint    ] Leaving safepoint region
[2022-06-13T01:18:55.199+0000][1][safepoint    ] Total time for which application threads were stopped: 0.0007441 seconds, Stopping threads took: 0.0002637 seconds
[2022-06-13T01:18:55.201+0000][1][safepoint    ] Application time: 0.0005508 seconds
[2022-06-13T01:18:55.201+0000][1][safepoint    ] Entering safepoint region: RevokeBias
[2022-06-13T01:18:55.202+0000][1][safepoint    ] Leaving safepoint region
[2022-06-13T01:18:55.202+0000][1][safepoint    ] Total time for which application threads were stopped: 0.0011528 seconds, Stopping threads took: 0.0004937 seconds
[2022-06-13T01:18:55.203+0000][1][safepoint    ] Application time: 0.0002310 seconds
[2022-06-13T01:18:55.204+0000][1][safepoint    ] Entering safepoint region: RevokeBias
[2022-06-13T01:18:55.204+0000][1][safepoint    ] Leaving safepoint region
[2022-06-13T01:18:55.205+0000][1][safepoint    ] Total time for which application threads were stopped: 0.0012585 seconds, Stopping threads took: 0.0005549 seconds
[2022-06-13T01:18:55.206+0000][1][safepoint    ] Application time: 0.0002436 seconds
[2022-06-13T01:18:55.207+0000][1][safepoint    ] Entering safepoint region: RevokeBias
[2022-06-13T01:18:55.207+0000][1][safepoint    ] Leaving safepoint region
[2022-06-13T01:18:55.208+0000][1][safepoint    ] Total time for which application threads were stopped: 0.0014777 seconds, Stopping threads took: 0.0006354 seconds
[2022-06-13T01:18:55.209+0000][1][safepoint    ] Application time: 0.0004135 seconds
[2022-06-13T01:18:55.209+0000][1][safepoint    ] Entering safepoint region: RevokeBias
[2022-06-13T01:18:55.210+0000][1][safepoint    ] Leaving safepoint region
[2022-06-13T01:18:55.211+0000][1][safepoint    ] Total time for which application threads were stopped: 0.0012210 seconds, Stopping threads took: 0.0005048 seconds
[2022-06-13T01:18:55.211+0000][1][safepoint    ] Application time: 0.0004148 seconds
[2022-06-13T01:18:55.212+0000][1][safepoint    ] Entering safepoint region: RevokeBias
[2022-06-13T01:18:55.212+0000][1][safepoint    ] Leaving safepoint region
[2022-06-13T01:18:55.213+0000][1][safepoint    ] Total time for which application threads were stopped: 0.0009177 seconds, Stopping threads took: 0.0004411 seconds
[2022-06-13T01:18:55.214+0000][1][safepoint    ] Application time: 0.0006209 seconds
[2022-06-13T01:18:55.214+0000][1][safepoint    ] Entering safepoint region: RevokeBias
[2022-06-13T01:18:55.215+0000][1][safepoint    ] Leaving safepoint region
[2022-06-13T01:18:55.215+0000][1][safepoint    ] Total time for which application threads were stopped: 0.0010277 seconds, Stopping threads took: 0.0005135 seconds
[2022-06-13T01:18:55.216+0000][1][safepoint    ] Application time: 0.0001367 seconds
[2022-06-13T01:18:55.216+0000][1][safepoint    ] Entering safepoint region: RevokeBias
[2022-06-13T01:18:55.217+0000][1][safepoint    ] Leaving safepoint region
[2022-06-13T01:18:55.217+0000][1][safepoint    ] Total time for which application threads were stopped: 0.0010160 seconds, Stopping threads took: 0.0005113 seconds
[2022-06-13T01:18:55.218+0000][1][safepoint    ] Application time: 0.0007752 seconds
[2022-06-13T01:18:55.219+0000][1][safepoint    ] Entering safepoint region: RevokeBias
[2022-06-13T01:18:55.219+0000][1][safepoint    ] Leaving safepoint region
[2022-06-13T01:18:55.220+0000][1][safepoint    ] Total time for which application threads were stopped: 0.0007235 seconds, Stopping threads took: 0.0003745 seconds
[2022-06-13T01:18:55.221+0000][1][safepoint    ] Application time: 0.0013854 seconds
[2022-06-13T01:18:55.222+0000][1][safepoint    ] Entering safepoint region: RevokeBias
[2022-06-13T01:18:55.222+0000][1][safepoint    ] Leaving safepoint region
[2022-06-13T01:18:55.222+0000][1][safepoint    ] Total time for which application threads were stopped: 0.0005306 seconds, Stopping threads took: 0.0002404 seconds
[2022-06-13T01:18:55.223+0000][1][safepoint    ] Application time: 0.0001552 seconds
[2022-06-13T01:18:55.223+0000][1][safepoint    ] Entering safepoint region: RevokeBias
[2022-06-13T01:18:55.223+0000][1][safepoint    ] Leaving safepoint region
[2022-06-13T01:18:55.224+0000][1][safepoint    ] Total time for which application threads were stopped: 0.0007504 seconds, Stopping threads took: 0.0004153 seconds
[2022-06-13T01:18:55.226+0000][1][safepoint    ] Application time: 0.0017087 seconds
[2022-06-13T01:18:55.226+0000][1][safepoint    ] Entering safepoint region: RevokeBias
[2022-06-13T01:18:55.227+0000][1][safepoint    ] Leaving safepoint region
[2022-06-13T01:18:55.228+0000][1][safepoint    ] Total time for which application threads were stopped: 0.0017170 seconds, Stopping threads took: 0.0009998 seconds
[2022-06-13T01:18:55.231+0000][1][safepoint    ] Application time: 0.0022321 seconds
[2022-06-13T01:18:55.232+0000][1][safepoint    ] Entering safepoint region: Deoptimize
[2022-06-13T01:18:55.233+0000][1][safepoint    ] Leaving safepoint region
[2022-06-13T01:18:55.234+0000][1][safepoint    ] Total time for which application threads were stopped: 0.0021848 seconds, Stopping threads took: 0.0008126 seconds
[2022-06-13T01:18:55.235+0000][1][safepoint    ] Application time: 0.0010384 seconds
[2022-06-13T01:18:55.236+0000][1][safepoint    ] Entering safepoint region: RevokeBias
[2022-06-13T01:18:55.237+0000][1][safepoint    ] Leaving safepoint region
[2022-06-13T01:18:55.237+0000][1][safepoint    ] Total time for which application threads were stopped: 0.0013514 seconds, Stopping threads took: 0.0006259 seconds
[2022-06-13T01:18:55.240+0000][1][safepoint    ] Application time: 0.0017813 seconds
[2022-06-13T01:18:55.240+0000][1][safepoint    ] Entering safepoint region: RevokeBias
[2022-06-13T01:18:55.241+0000][1][safepoint    ] Leaving safepoint region
[2022-06-13T01:18:55.242+0000][1][safepoint    ] Total time for which application threads were stopped: 0.0014770 seconds, Stopping threads took: 0.0006535 seconds
[2022-06-13T01:18:55.242+0000][1][safepoint    ] Application time: 0.0001633 seconds
[2022-06-13T01:18:55.243+0000][1][safepoint    ] Entering safepoint region: RevokeBias
[2022-06-13T01:18:55.243+0000][1][safepoint    ] Leaving safepoint region
[2022-06-13T01:18:55.244+0000][1][safepoint    ] Total time for which application threads were stopped: 0.0012635 seconds, Stopping threads took: 0.0005739 seconds
[2022-06-13T01:18:55.245+0000][1][safepoint    ] Application time: 0.0002049 seconds
[2022-06-13T01:18:55.245+0000][1][safepoint    ] Entering safepoint region: RevokeBias
[2022-06-13T01:18:55.246+0000][1][safepoint    ] Leaving safepoint region
[2022-06-13T01:18:55.247+0000][1][safepoint    ] Total time for which application threads were stopped: 0.0014118 seconds, Stopping threads took: 0.0006644 seconds
[2022-06-13T01:18:55.248+0000][1][safepoint    ] Application time: 0.0004618 seconds
[2022-06-13T01:18:55.249+0000][1][safepoint    ] Entering safepoint region: RevokeBias
[2022-06-13T01:18:55.249+0000][1][safepoint    ] Leaving safepoint region
[2022-06-13T01:18:55.250+0000][1][safepoint    ] Total time for which application threads were stopped: 0.0012452 seconds, Stopping threads took: 0.0006818 seconds
[2022-06-13T01:18:55.251+0000][1][safepoint    ] Application time: 0.0002071 seconds
[2022-06-13T01:18:55.251+0000][1][safepoint    ] Entering safepoint region: RevokeBias
[2022-06-13T01:18:55.252+0000][1][safepoint    ] Leaving safepoint region
[2022-06-13T01:18:55.253+0000][1][safepoint    ] Total time for which application threads were stopped: 0.0014168 seconds, Stopping threads took: 0.0006488 seconds
[2022-06-13T01:18:55.298+0000][1][safepoint    ] Application time: 0.0443963 seconds
[2022-06-13T01:18:55.298+0000][1][safepoint    ] Entering safepoint region: RevokeBias
[2022-06-13T01:18:55.299+0000][1][safepoint    ] Leaving safepoint region
[2022-06-13T01:18:55.300+0000][1][safepoint    ] Total time for which application threads were stopped: 0.0014379 seconds, Stopping threads took: 0.0006390 seconds
[2022-06-13T01:18:55.301+0000][1][safepoint    ] Application time: 0.0003379 seconds
[2022-06-13T01:18:55.301+0000][1][safepoint    ] Entering safepoint region: RevokeBias
[2022-06-13T01:18:55.302+0000][1][safepoint    ] Leaving safepoint region
[2022-06-13T01:18:55.302+0000][1][safepoint    ] Total time for which application threads were stopped: 0.0013874 seconds, Stopping threads took: 0.0007134 seconds
[2022-06-13T01:18:55.306+0000][1][safepoint    ] Application time: 0.0030089 seconds
[2022-06-13T01:18:55.306+0000][1][safepoint    ] Entering safepoint region: RevokeBias
[2022-06-13T01:18:55.307+0000][1][safepoint    ] Leaving safepoint region
[2022-06-13T01:18:55.307+0000][1][safepoint    ] Total time for which application threads were stopped: 0.0009954 seconds, Stopping threads took: 0.0005483 seconds
[2022-06-13T01:18:55.309+0000][1][safepoint    ] Application time: 0.0007348 seconds
[2022-06-13T01:18:55.310+0000][1][safepoint    ] Entering safepoint region: RevokeBias
[2022-06-13T01:18:55.310+0000][1][safepoint    ] Leaving safepoint region
[2022-06-13T01:18:55.311+0000][1][safepoint    ] Total time for which application threads were stopped: 0.0013852 seconds, Stopping threads took: 0.0007523 seconds
[2022-06-13T01:18:55.312+0000][1][safepoint    ] Application time: 0.0007581 seconds
[2022-06-13T01:18:55.313+0000][1][safepoint    ] Entering safepoint region: RevokeBias
[2022-06-13T01:18:55.314+0000][1][safepoint    ] Leaving safepoint region
[2022-06-13T01:18:55.314+0000][1][safepoint    ] Total time for which application threads were stopped: 0.0012923 seconds, Stopping threads took: 0.0007286 seconds
[2022-06-13T01:18:55.315+0000][1][safepoint    ] Application time: 0.0003140 seconds
[2022-06-13T01:18:55.315+0000][1][safepoint    ] Entering safepoint region: BulkRevokeBias
[2022-06-13T01:18:55.316+0000][1][safepoint    ] Leaving safepoint region
[2022-06-13T01:18:55.317+0000][1][safepoint    ] Total time for which application threads were stopped: 0.0015238 seconds, Stopping threads took: 0.0006184 seconds
[2022-06-13T01:18:55.318+0000][1][safepoint    ] Application time: 0.0009913 seconds
[2022-06-13T01:18:55.319+0000][1][safepoint    ] Entering safepoint region: RevokeBias
[2022-06-13T01:18:55.319+0000][1][safepoint    ] Leaving safepoint region
[2022-06-13T01:18:55.319+0000][1][safepoint    ] Total time for which application threads were stopped: 0.0009515 seconds, Stopping threads took: 0.0004390 seconds
[2022-06-13T01:18:55.320+0000][1][safepoint    ] Application time: 0.0002394 seconds
[2022-06-13T01:18:55.321+0000][1][safepoint    ] Entering safepoint region: RevokeBias
[2022-06-13T01:18:55.321+0000][1][safepoint    ] Leaving safepoint region
[2022-06-13T01:18:55.322+0000][1][safepoint    ] Total time for which application threads were stopped: 0.0009612 seconds, Stopping threads took: 0.0003970 seconds
[2022-06-13T01:18:55.324+0000][1][safepoint    ] Application time: 0.0016041 seconds
[2022-06-13T01:18:55.324+0000][1][safepoint    ] Entering safepoint region: RevokeBias
[2022-06-13T01:18:55.325+0000][1][safepoint    ] Leaving safepoint region
[2022-06-13T01:18:55.325+0000][1][safepoint    ] Total time for which application threads were stopped: 0.0015015 seconds, Stopping threads took: 0.0008037 seconds
[2022-06-13T01:18:55.328+0000][1][safepoint    ] Application time: 0.0022671 seconds
[2022-06-13T01:18:55.329+0000][1][safepoint    ] Entering safepoint region: RevokeBias
[2022-06-13T01:18:55.330+0000][1][safepoint    ] Leaving safepoint region
[2022-06-13T01:18:55.330+0000][1][safepoint    ] Total time for which application threads were stopped: 0.0013896 seconds, Stopping threads took: 0.0007702 seconds
[2022-06-13T01:18:55.332+0000][1][safepoint    ] Application time: 0.0005618 seconds
[2022-06-13T01:18:55.332+0000][1][safepoint    ] Entering safepoint region: RevokeBias
[2022-06-13T01:18:55.333+0000][1][safepoint    ] Leaving safepoint region
[2022-06-13T01:18:55.333+0000][1][safepoint    ] Total time for which application threads were stopped: 0.0011128 seconds, Stopping threads took: 0.0005627 seconds
[2022-06-13T01:18:55.334+0000][1][safepoint    ] Application time: 0.0002708 seconds
[2022-06-13T01:18:55.334+0000][1][safepoint    ] Entering safepoint region: RevokeBias
[2022-06-13T01:18:55.335+0000][1][safepoint    ] Leaving safepoint region
[2022-06-13T01:18:55.336+0000][1][safepoint    ] Total time for which application threads were stopped: 0.0014181 seconds, Stopping threads took: 0.0006536 seconds
[2022-06-13T01:18:55.337+0000][1][safepoint    ] Application time: 0.0010073 seconds
[2022-06-13T01:18:55.338+0000][1][safepoint    ] Entering safepoint region: RevokeBias
[2022-06-13T01:18:55.339+0000][1][safepoint    ] Leaving safepoint region
[2022-06-13T01:18:55.340+0000][1][safepoint    ] Total time for which application threads were stopped: 0.0016112 seconds, Stopping threads took: 0.0008144 seconds
[2022-06-13T01:18:55.341+0000][1][safepoint    ] Application time: 0.0006074 seconds
[2022-06-13T01:18:55.342+0000][1][safepoint    ] Entering safepoint region: RevokeBias
[2022-06-13T01:18:55.342+0000][1][safepoint    ] Leaving safepoint region
[2022-06-13T01:18:55.343+0000][1][safepoint    ] Total time for which application threads were stopped: 0.0013262 seconds, Stopping threads took: 0.0006524 seconds
[2022-06-13T01:18:55.344+0000][1][safepoint    ] Application time: 0.0003829 seconds
[2022-06-13T01:18:55.345+0000][1][safepoint    ] Entering safepoint region: RevokeBias
[2022-06-13T01:18:55.345+0000][1][safepoint    ] Leaving safepoint region
[2022-06-13T01:18:55.346+0000][1][safepoint    ] Total time for which application threads were stopped: 0.0014485 seconds, Stopping threads took: 0.0006721 seconds
[2022-06-13T01:18:55.348+0000][1][safepoint    ] Application time: 0.0008620 seconds
[2022-06-13T01:18:55.348+0000][1][safepoint    ] Entering safepoint region: RevokeBias
[2022-06-13T01:18:55.349+0000][1][safepoint    ] Leaving safepoint region
[2022-06-13T01:18:55.350+0000][1][safepoint    ] Total time for which application threads were stopped: 0.0013293 seconds, Stopping threads took: 0.0006935 seconds
[2022-06-13T01:18:55.350+0000][1][safepoint    ] Application time: 0.0003047 seconds
[2022-06-13T01:18:55.351+0000][1][safepoint    ] Entering safepoint region: RevokeBias
[2022-06-13T01:18:55.352+0000][1][safepoint    ] Leaving safepoint region
[2022-06-13T01:18:55.352+0000][1][safepoint    ] Total time for which application threads were stopped: 0.0011227 seconds, Stopping threads took: 0.0003751 seconds
[2022-06-13T01:18:55.357+0000][1][safepoint    ] Application time: 0.0043744 seconds
[2022-06-13T01:18:55.358+0000][1][safepoint    ] Entering safepoint region: RevokeBias
[2022-06-13T01:18:55.359+0000][1][safepoint    ] Leaving safepoint region
[2022-06-13T01:18:55.359+0000][1][safepoint    ] Total time for which application threads were stopped: 0.0014073 seconds, Stopping threads took: 0.0007600 seconds
[2022-06-13T01:18:55.360+0000][1][safepoint    ] Application time: 0.0004757 seconds
[2022-06-13T01:18:55.361+0000][1][safepoint    ] Entering safepoint region: RevokeBias
[2022-06-13T01:18:55.362+0000][1][safepoint    ] Leaving safepoint region
[2022-06-13T01:18:55.363+0000][1][safepoint    ] Total time for which application threads were stopped: 0.0019372 seconds, Stopping threads took: 0.0009111 seconds
[2022-06-13T01:18:55.367+0000][1][safepoint    ] Application time: 0.0030852 seconds
[2022-06-13T01:18:55.368+0000][1][safepoint    ] Entering safepoint region: RevokeBias
[2022-06-13T01:18:55.368+0000][1][safepoint    ] Leaving safepoint region
[2022-06-13T01:18:55.369+0000][1][safepoint    ] Total time for which application threads were stopped: 0.0012631 seconds, Stopping threads took: 0.0009156 seconds
[2022-06-13T01:18:55.369+0000][1][safepoint    ] Application time: 0.0006266 seconds
[2022-06-13T01:18:55.370+0000][1][safepoint    ] Entering safepoint region: RevokeBias
[2022-06-13T01:18:55.371+0000][1][safepoint    ] Leaving safepoint region
[2022-06-13T01:18:55.371+0000][1][safepoint    ] Total time for which application threads were stopped: 0.0011604 seconds, Stopping threads took: 0.0006826 seconds
[2022-06-13T01:18:55.372+0000][1][safepoint    ] Application time: 0.0001724 seconds
[2022-06-13T01:18:55.372+0000][1][safepoint    ] Entering safepoint region: RevokeBias
[2022-06-13T01:18:55.373+0000][1][safepoint    ] Leaving safepoint region
[2022-06-13T01:18:55.373+0000][1][safepoint    ] Total time for which application threads were stopped: 0.0009981 seconds, Stopping threads took: 0.0005900 seconds
[2022-06-13T01:18:55.374+0000][1][safepoint    ] Application time: 0.0001873 seconds
[2022-06-13T01:18:55.375+0000][1][safepoint    ] Entering safepoint region: RevokeBias
[2022-06-13T01:18:55.375+0000][1][safepoint    ] Leaving safepoint region
[2022-06-13T01:18:55.375+0000][1][safepoint    ] Total time for which application threads were stopped: 0.0009754 seconds, Stopping threads took: 0.0004497 seconds
[2022-06-13T01:18:55.377+0000][1][safepoint    ] Application time: 0.0006850 seconds
[2022-06-13T01:18:55.377+0000][1][safepoint    ] Entering safepoint region: RevokeBias
[2022-06-13T01:18:55.378+0000][1][safepoint    ] Leaving safepoint region
[2022-06-13T01:18:55.378+0000][1][safepoint    ] Total time for which application threads were stopped: 0.0010916 seconds, Stopping threads took: 0.0005679 seconds
[2022-06-13T01:18:55.379+0000][1][safepoint    ] Application time: 0.0001978 seconds
[2022-06-13T01:18:55.379+0000][1][safepoint    ] Entering safepoint region: RevokeBias
[2022-06-13T01:18:55.380+0000][1][safepoint    ] Leaving safepoint region
[2022-06-13T01:18:55.380+0000][1][safepoint    ] Total time for which application threads were stopped: 0.0016591 seconds, Stopping threads took: 0.0010747 seconds
[2022-06-13T01:18:55.381+0000][1][safepoint    ] Application time: 0.0002978 seconds
[2022-06-13T01:18:55.382+0000][1][safepoint    ] Entering safepoint region: RevokeBias
[2022-06-13T01:18:55.383+0000][1][safepoint    ] Leaving safepoint region
[2022-06-13T01:18:55.383+0000][1][safepoint    ] Total time for which application threads were stopped: 0.0011252 seconds, Stopping threads took: 0.0007366 seconds
[2022-06-13T01:18:55.384+0000][1][safepoint    ] Application time: 0.0005918 seconds
[2022-06-13T01:18:55.385+0000][1][safepoint    ] Entering safepoint region: RevokeBias
[2022-06-13T01:18:55.385+0000][1][safepoint    ] Leaving safepoint region
[2022-06-13T01:18:55.385+0000][1][safepoint    ] Total time for which application threads were stopped: 0.0009965 seconds, Stopping threads took: 0.0007208 seconds
[2022-06-13T01:18:55.386+0000][1][safepoint    ] Application time: 0.0008465 seconds
[2022-06-13T01:18:55.388+0000][1][safepoint    ] Entering safepoint region: RevokeBias
[2022-06-13T01:18:55.388+0000][1][safepoint    ] Leaving safepoint region
[2022-06-13T01:18:55.388+0000][1][safepoint    ] Total time for which application threads were stopped: 0.0010819 seconds, Stopping threads took: 0.0007566 seconds
[2022-06-13T01:18:55.389+0000][1][safepoint    ] Application time: 0.0002037 seconds
[2022-06-13T01:18:55.389+0000][1][safepoint    ] Entering safepoint region: RevokeBias
[2022-06-13T01:18:55.390+0000][1][safepoint    ] Leaving safepoint region
[2022-06-13T01:18:55.390+0000][1][safepoint    ] Total time for which application threads were stopped: 0.0006622 seconds, Stopping threads took: 0.0003465 seconds
[2022-06-13T01:18:55.393+0000][1][safepoint    ] Application time: 0.0030588 seconds
[2022-06-13T01:18:55.394+0000][1][safepoint    ] Entering safepoint region: RevokeBias
[2022-06-13T01:18:55.394+0000][1][safepoint    ] Leaving safepoint region
[2022-06-13T01:18:55.395+0000][1][safepoint    ] Total time for which application threads were stopped: 0.0011799 seconds, Stopping threads took: 0.0005155 seconds
[2022-06-13T01:18:55.395+0000][1][safepoint    ] Application time: 0.0002013 seconds
[2022-06-13T01:18:55.396+0000][1][safepoint    ] Entering safepoint region: RevokeBias
[2022-06-13T01:18:55.396+0000][1][safepoint    ] Leaving safepoint region
[2022-06-13T01:18:55.396+0000][1][safepoint    ] Total time for which application threads were stopped: 0.0006982 seconds, Stopping threads took: 0.0003139 seconds
[2022-06-13T01:18:55.397+0000][1][safepoint    ] Application time: 0.0001438 seconds
[2022-06-13T01:18:55.398+0000][1][safepoint    ] Entering safepoint region: RevokeBias
[2022-06-13T01:18:55.398+0000][1][safepoint    ] Leaving safepoint region
[2022-06-13T01:18:55.398+0000][1][safepoint    ] Total time for which application threads were stopped: 0.0010468 seconds, Stopping threads took: 0.0007936 seconds
[2022-06-13T01:18:55.399+0000][1][safepoint    ] Application time: 0.0001183 seconds
[2022-06-13T01:18:55.399+0000][1][safepoint    ] Entering safepoint region: RevokeBias
[2022-06-13T01:18:55.400+0000][1][safepoint    ] Leaving safepoint region
[2022-06-13T01:18:55.400+0000][1][safepoint    ] Total time for which application threads were stopped: 0.0012200 seconds, Stopping threads took: 0.0006686 seconds
[2022-06-13T01:18:55.403+0000][1][safepoint    ] Application time: 0.0024818 seconds
[2022-06-13T01:18:55.403+0000][1][safepoint    ] Entering safepoint region: RevokeBias
[2022-06-13T01:18:55.404+0000][1][safepoint    ] Leaving safepoint region
[2022-06-13T01:18:55.405+0000][1][safepoint    ] Total time for which application threads were stopped: 0.0011593 seconds, Stopping threads took: 0.0006556 seconds
[2022-06-13T01:18:55.405+0000][1][safepoint    ] Application time: 0.0003532 seconds
[2022-06-13T01:18:55.406+0000][1][safepoint    ] Entering safepoint region: RevokeBias
[2022-06-13T01:18:55.406+0000][1][safepoint    ] Leaving safepoint region
[2022-06-13T01:18:55.407+0000][1][safepoint    ] Total time for which application threads were stopped: 0.0008909 seconds, Stopping threads took: 0.0005071 seconds
[2022-06-13T01:18:55.407+0000][1][safepoint    ] Application time: 0.0003119 seconds
[2022-06-13T01:18:55.408+0000][1][safepoint    ] Entering safepoint region: RevokeBias
[2022-06-13T01:18:55.409+0000][1][safepoint    ] Leaving safepoint region
[2022-06-13T01:18:55.409+0000][1][safepoint    ] Total time for which application threads were stopped: 0.0011048 seconds, Stopping threads took: 0.0006926 seconds
[2022-06-13T01:18:55.410+0000][1][safepoint    ] Application time: 0.0001970 seconds
[2022-06-13T01:18:55.410+0000][1][safepoint    ] Entering safepoint region: RevokeBias
[2022-06-13T01:18:55.411+0000][1][safepoint    ] Leaving safepoint region
[2022-06-13T01:18:55.411+0000][1][safepoint    ] Total time for which application threads were stopped: 0.0005605 seconds, Stopping threads took: 0.0002920 seconds
[2022-06-13T01:18:55.414+0000][1][safepoint    ] Application time: 0.0026364 seconds
[2022-06-13T01:18:55.414+0000][1][safepoint    ] Entering safepoint region: RevokeBias
[2022-06-13T01:18:55.414+0000][1][safepoint    ] Leaving safepoint region
[2022-06-13T01:18:55.415+0000][1][safepoint    ] Total time for which application threads were stopped: 0.0007411 seconds, Stopping threads took: 0.0003410 seconds
[2022-06-13T01:18:55.427+0000][1][safepoint    ] Application time: 0.0118834 seconds
[2022-06-13T01:18:55.427+0000][1][safepoint    ] Entering safepoint region: RevokeBias
[2022-06-13T01:18:55.428+0000][1][safepoint    ] Leaving safepoint region
[2022-06-13T01:18:55.428+0000][1][safepoint    ] Total time for which application threads were stopped: 0.0010974 seconds, Stopping threads took: 0.0005524 seconds
[2022-06-13T01:18:55.433+0000][1][safepoint    ] Application time: 0.0040397 seconds
[2022-06-13T01:18:55.433+0000][1][safepoint    ] Entering safepoint region: RevokeBias
[2022-06-13T01:18:55.434+0000][1][safepoint    ] Leaving safepoint region
[2022-06-13T01:18:55.434+0000][1][safepoint    ] Total time for which application threads were stopped: 0.0007493 seconds, Stopping threads took: 0.0004119 seconds
[2022-06-13T01:18:55.434+0000][1][safepoint    ] Application time: 0.0002006 seconds
[2022-06-13T01:18:55.435+0000][1][safepoint    ] Entering safepoint region: RevokeBias
[2022-06-13T01:18:55.435+0000][1][safepoint    ] Leaving safepoint region
[2022-06-13T01:18:55.436+0000][1][safepoint    ] Total time for which application threads were stopped: 0.0009608 seconds, Stopping threads took: 0.0005843 seconds
[2022-06-13T01:18:55.536+0000][1][safepoint    ] Application time: 0.0993819 seconds
[2022-06-13T01:18:55.537+0000][1][safepoint    ] Entering safepoint region: RevokeBias
[2022-06-13T01:18:55.537+0000][1][safepoint    ] Leaving safepoint region
[2022-06-13T01:18:55.537+0000][1][safepoint    ] Total time for which application threads were stopped: 0.0011109 seconds, Stopping threads took: 0.0006297 seconds
[2022-06-13T01:18:55.538+0000][1][safepoint    ] Application time: 0.0001781 seconds
[2022-06-13T01:18:55.538+0000][1][safepoint    ] Entering safepoint region: RevokeBias
[2022-06-13T01:18:55.539+0000][1][safepoint    ] Leaving safepoint region
[2022-06-13T01:18:55.540+0000][1][safepoint    ] Total time for which application threads were stopped: 0.0013019 seconds, Stopping threads took: 0.0004003 seconds
[2022-06-13T01:18:55.546+0000][1][safepoint    ] Application time: 0.0059892 seconds
[2022-06-13T01:18:55.546+0000][1][safepoint    ] Entering safepoint region: RevokeBias
[2022-06-13T01:18:55.547+0000][1][safepoint    ] Leaving safepoint region
[2022-06-13T01:18:55.547+0000][1][safepoint    ] Total time for which application threads were stopped: 0.0008843 seconds, Stopping threads took: 0.0004182 seconds
[2022-06-13T01:18:55.550+0000][1][safepoint    ] Application time: 0.0019531 seconds
[2022-06-13T01:18:55.550+0000][1][safepoint    ] Entering safepoint region: RevokeBias
[2022-06-13T01:18:55.551+0000][1][safepoint    ] Leaving safepoint region
[2022-06-13T01:18:55.551+0000][1][safepoint    ] Total time for which application threads were stopped: 0.0008470 seconds, Stopping threads took: 0.0003732 seconds
[2022-06-13T01:18:55.558+0000][1][safepoint    ] Application time: 0.0069635 seconds
[2022-06-13T01:18:55.559+0000][1][safepoint    ] Entering safepoint region: RevokeBias
[2022-06-13T01:18:55.559+0000][1][safepoint    ] Leaving safepoint region
[2022-06-13T01:18:55.560+0000][1][safepoint    ] Total time for which application threads were stopped: 0.0011642 seconds, Stopping threads took: 0.0004895 seconds
[2022-06-13T01:18:55.570+0000][1][safepoint    ] Application time: 0.0091155 seconds
[2022-06-13T01:18:55.570+0000][1][safepoint    ] Entering safepoint region: RevokeBias
[2022-06-13T01:18:55.571+0000][1][safepoint    ] Leaving safepoint region
[2022-06-13T01:18:55.571+0000][1][safepoint    ] Total time for which application threads were stopped: 0.0009497 seconds, Stopping threads took: 0.0005322 seconds
[2022-06-13T01:18:55.572+0000][1][safepoint    ] Application time: 0.0002248 seconds
[2022-06-13T01:18:55.572+0000][1][safepoint    ] Entering safepoint region: RevokeBias
[2022-06-13T01:18:55.573+0000][1][safepoint    ] Leaving safepoint region
[2022-06-13T01:18:55.573+0000][1][safepoint    ] Total time for which application threads were stopped: 0.0008247 seconds, Stopping threads took: 0.0003537 seconds
[2022-06-13T01:18:55.574+0000][1][safepoint    ] Application time: 0.0002156 seconds
[2022-06-13T01:18:55.575+0000][1][safepoint    ] Entering safepoint region: RevokeBias
[2022-06-13T01:18:55.575+0000][1][safepoint    ] Leaving safepoint region
[2022-06-13T01:18:55.575+0000][1][safepoint    ] Total time for which application threads were stopped: 0.0009204 seconds, Stopping threads took: 0.0004711 seconds
[2022-06-13T01:18:55.576+0000][1][safepoint    ] Application time: 0.0002364 seconds
[2022-06-13T01:18:55.577+0000][1][safepoint    ] Entering safepoint region: RevokeBias
[2022-06-13T01:18:55.577+0000][1][safepoint    ] Leaving safepoint region
[2022-06-13T01:18:55.578+0000][1][safepoint    ] Total time for which application threads were stopped: 0.0009622 seconds, Stopping threads took: 0.0004743 seconds
[2022-06-13T01:18:55.578+0000][1][safepoint    ] Application time: 0.0002040 seconds
[2022-06-13T01:18:55.579+0000][1][safepoint    ] Entering safepoint region: RevokeBias
[2022-06-13T01:18:55.579+0000][1][safepoint    ] Leaving safepoint region
[2022-06-13T01:18:55.580+0000][1][safepoint    ] Total time for which application threads were stopped: 0.0009766 seconds, Stopping threads took: 0.0004114 seconds
[2022-06-13T01:18:55.581+0000][1][safepoint    ] Application time: 0.0002816 seconds
[2022-06-13T01:18:55.581+0000][1][safepoint    ] Entering safepoint region: RevokeBias
[2022-06-13T01:18:55.582+0000][1][safepoint    ] Leaving safepoint region
[2022-06-13T01:18:55.582+0000][1][safepoint    ] Total time for which application threads were stopped: 0.0009866 seconds, Stopping threads took: 0.0004872 seconds
[2022-06-13T01:18:55.583+0000][1][safepoint    ] Application time: 0.0002312 seconds
[2022-06-13T01:18:55.583+0000][1][safepoint    ] Entering safepoint region: RevokeBias
[2022-06-13T01:18:55.584+0000][1][safepoint    ] Leaving safepoint region
[2022-06-13T01:18:55.584+0000][1][safepoint    ] Total time for which application threads were stopped: 0.0009586 seconds, Stopping threads took: 0.0004578 seconds
[2022-06-13T01:18:55.585+0000][1][safepoint    ] Application time: 0.0002111 seconds
[2022-06-13T01:18:55.585+0000][1][safepoint    ] Entering safepoint region: RevokeBias
[2022-06-13T01:18:55.586+0000][1][safepoint    ] Leaving safepoint region
[2022-06-13T01:18:55.587+0000][1][safepoint    ] Total time for which application threads were stopped: 0.0014182 seconds, Stopping threads took: 0.0008000 seconds
[2022-06-13T01:18:55.605+0000][1][safepoint    ] Application time: 0.0175501 seconds
[2022-06-13T01:18:55.605+0000][1][safepoint    ] Entering safepoint region: RevokeBias
[2022-06-13T01:18:55.606+0000][1][safepoint    ] Leaving safepoint region
[2022-06-13T01:18:55.606+0000][1][safepoint    ] Total time for which application threads were stopped: 0.0010593 seconds, Stopping threads took: 0.0005532 seconds
[2022-06-13T01:18:55.789+0000][1][safepoint    ] Application time: 0.1823476 seconds
[2022-06-13T01:18:55.790+0000][1][safepoint    ] Entering safepoint region: RevokeBias
[2022-06-13T01:18:55.790+0000][1][safepoint    ] Leaving safepoint region
[2022-06-13T01:18:55.790+0000][1][safepoint    ] Total time for which application threads were stopped: 0.0008308 seconds, Stopping threads took: 0.0003636 seconds
[2022-06-13T01:18:55.791+0000][1][safepoint    ] Application time: 0.0001153 seconds
[2022-06-13T01:18:55.791+0000][1][safepoint    ] Entering safepoint region: RevokeBias
[2022-06-13T01:18:55.792+0000][1][safepoint    ] Leaving safepoint region
[2022-06-13T01:18:55.792+0000][1][safepoint    ] Total time for which application threads were stopped: 0.0008099 seconds, Stopping threads took: 0.0005378 seconds
[2022-06-13T01:18:55.794+0000][1][safepoint    ] Application time: 0.0015386 seconds
[2022-06-13T01:18:55.794+0000][1][safepoint    ] Entering safepoint region: RevokeBias
[2022-06-13T01:18:55.794+0000][1][safepoint    ] Leaving safepoint region
[2022-06-13T01:18:55.794+0000][1][safepoint    ] Total time for which application threads were stopped: 0.0006241 seconds, Stopping threads took: 0.0002573 seconds
[2022-06-13T01:18:55.795+0000][1][safepoint    ] Application time: 0.0002397 seconds
[2022-06-13T01:18:55.795+0000][1][safepoint    ] Entering safepoint region: RevokeBias
[2022-06-13T01:18:55.796+0000][1][safepoint    ] Leaving safepoint region
[2022-06-13T01:18:55.796+0000][1][safepoint    ] Total time for which application threads were stopped: 0.0008165 seconds, Stopping threads took: 0.0003681 seconds
[2022-06-13T01:18:55.797+0000][1][safepoint    ] Application time: 0.0001794 seconds
[2022-06-13T01:18:55.797+0000][1][safepoint    ] Entering safepoint region: RevokeBias
[2022-06-13T01:18:55.797+0000][1][safepoint    ] Leaving safepoint region
[2022-06-13T01:18:55.798+0000][1][safepoint    ] Total time for which application threads were stopped: 0.0008425 seconds, Stopping threads took: 0.0003679 seconds
[2022-06-13T01:18:55.807+0000][1][safepoint    ] Application time: 0.0089034 seconds
[2022-06-13T01:18:55.808+0000][1][safepoint    ] Entering safepoint region: RevokeBias
[2022-06-13T01:18:55.809+0000][1][safepoint    ] Leaving safepoint region
[2022-06-13T01:18:55.809+0000][1][safepoint    ] Total time for which application threads were stopped: 0.0016734 seconds, Stopping threads took: 0.0008420 seconds
[2022-06-13T01:18:55.811+0000][1][safepoint    ] Application time: 0.0006206 seconds
[2022-06-13T01:18:55.811+0000][1][safepoint    ] Entering safepoint region: RevokeBias
[2022-06-13T01:18:55.812+0000][1][safepoint    ] Leaving safepoint region
[2022-06-13T01:18:55.812+0000][1][safepoint    ] Total time for which application threads were stopped: 0.0014125 seconds, Stopping threads took: 0.0006529 seconds
[2022-06-13T01:18:55.814+0000][1][safepoint    ] Application time: 0.0007874 seconds
[2022-06-13T01:18:55.814+0000][1][safepoint    ] Entering safepoint region: RevokeBias
[2022-06-13T01:18:55.815+0000][1][safepoint    ] Leaving safepoint region
[2022-06-13T01:18:55.815+0000][1][safepoint    ] Total time for which application threads were stopped: 0.0012595 seconds, Stopping threads took: 0.0005769 seconds
[2022-06-13T01:18:55.817+0000][1][safepoint    ] Application time: 0.0006127 seconds
[2022-06-13T01:18:55.817+0000][1][safepoint    ] Entering safepoint region: RevokeBias
[2022-06-13T01:18:55.818+0000][1][safepoint    ] Leaving safepoint region
[2022-06-13T01:18:55.819+0000][1][safepoint    ] Total time for which application threads were stopped: 0.0022631 seconds, Stopping threads took: 0.0011224 seconds
[2022-06-13T01:18:55.821+0000][1][safepoint    ] Application time: 0.0010365 seconds
[2022-06-13T01:18:55.822+0000][1][safepoint    ] Entering safepoint region: RevokeBias
[2022-06-13T01:18:55.822+0000][1][safepoint    ] Leaving safepoint region
[2022-06-13T01:18:55.823+0000][1][safepoint    ] Total time for which application threads were stopped: 0.0014305 seconds, Stopping threads took: 0.0008733 seconds
[2022-06-13T01:18:55.824+0000][1][safepoint    ] Application time: 0.0001595 seconds
[2022-06-13T01:18:55.824+0000][1][safepoint    ] Entering safepoint region: RevokeBias
[2022-06-13T01:18:55.825+0000][1][safepoint    ] Leaving safepoint region
[2022-06-13T01:18:55.826+0000][1][safepoint    ] Total time for which application threads were stopped: 0.0012958 seconds, Stopping threads took: 0.0005886 seconds
[2022-06-13T01:18:55.827+0000][1][safepoint    ] Application time: 0.0003317 seconds
[2022-06-13T01:18:55.827+0000][1][safepoint    ] Entering safepoint region: RevokeBias
[2022-06-13T01:18:55.828+0000][1][safepoint    ] Leaving safepoint region
[2022-06-13T01:18:55.829+0000][1][safepoint    ] Total time for which application threads were stopped: 0.0014629 seconds, Stopping threads took: 0.0007784 seconds
[2022-06-13T01:18:55.830+0000][1][safepoint    ] Application time: 0.0008494 seconds
[2022-06-13T01:18:55.831+0000][1][safepoint    ] Entering safepoint region: RevokeBias
[2022-06-13T01:18:55.831+0000][1][safepoint    ] Leaving safepoint region
[2022-06-13T01:18:55.832+0000][1][safepoint    ] Total time for which application threads were stopped: 0.0013602 seconds, Stopping threads took: 0.0007388 seconds
[2022-06-13T01:18:55.837+0000][1][safepoint    ] Application time: 0.0043478 seconds
[2022-06-13T01:18:55.837+0000][1][safepoint    ] Entering safepoint region: RevokeBias
[2022-06-13T01:18:55.838+0000][1][safepoint    ] Leaving safepoint region
[2022-06-13T01:18:55.839+0000][1][safepoint    ] Total time for which application threads were stopped: 0.0016599 seconds, Stopping threads took: 0.0008496 seconds
[2022-06-13T01:18:55.842+0000][1][safepoint    ] Application time: 0.0033445 seconds
[2022-06-13T01:18:55.843+0000][1][safepoint    ] Entering safepoint region: RevokeBias
[2022-06-13T01:18:55.844+0000][1][safepoint    ] Leaving safepoint region
[2022-06-13T01:18:55.844+0000][1][safepoint    ] Total time for which application threads were stopped: 0.0012212 seconds, Stopping threads took: 0.0006058 seconds
[2022-06-13T01:18:55.845+0000][1][safepoint    ] Application time: 0.0004870 seconds
[2022-06-13T01:18:55.846+0000][1][safepoint    ] Entering safepoint region: RevokeBias
[2022-06-13T01:18:55.846+0000][1][safepoint    ] Leaving safepoint region
[2022-06-13T01:18:55.847+0000][1][safepoint    ] Total time for which application threads were stopped: 0.0010019 seconds, Stopping threads took: 0.0004453 seconds
[2022-06-13T01:18:55.850+0000][1][safepoint    ] Application time: 0.0033575 seconds
[2022-06-13T01:18:55.851+0000][1][safepoint    ] Entering safepoint region: RevokeBias
[2022-06-13T01:18:55.851+0000][1][safepoint    ] Leaving safepoint region
[2022-06-13T01:18:55.851+0000][1][safepoint    ] Total time for which application threads were stopped: 0.0006039 seconds, Stopping threads took: 0.0002658 seconds
[2022-06-13T01:18:55.852+0000][1][safepoint    ] Application time: 0.0002981 seconds
[2022-06-13T01:18:55.852+0000][1][safepoint    ] Entering safepoint region: RevokeBias
[2022-06-13T01:18:55.853+0000][1][safepoint    ] Leaving safepoint region
[2022-06-13T01:18:55.853+0000][1][safepoint    ] Total time for which application threads were stopped: 0.0007050 seconds, Stopping threads took: 0.0003869 seconds
[2022-06-13T01:18:55.933+0000][1][safepoint    ] Application time: 0.0797935 seconds
[2022-06-13T01:18:55.934+0000][1][safepoint    ] Entering safepoint region: RevokeBias
[2022-06-13T01:18:55.935+0000][1][safepoint    ] Leaving safepoint region
[2022-06-13T01:18:55.936+0000][1][safepoint    ] Total time for which application threads were stopped: 0.0018115 seconds, Stopping threads took: 0.0008400 seconds
[2022-06-13T01:18:55.937+0000][1][safepoint    ] Application time: 0.0004882 seconds
[2022-06-13T01:18:55.938+0000][1][safepoint    ] Entering safepoint region: RevokeBias
[2022-06-13T01:18:55.939+0000][1][safepoint    ] Leaving safepoint region
[2022-06-13T01:18:55.940+0000][1][safepoint    ] Total time for which application threads were stopped: 0.0017943 seconds, Stopping threads took: 0.0009555 seconds
[2022-06-13T01:18:55.941+0000][1][safepoint    ] Application time: 0.0003667 seconds
[2022-06-13T01:18:55.942+0000][1][safepoint    ] Entering safepoint region: RevokeBias
[2022-06-13T01:18:55.942+0000][1][safepoint    ] Leaving safepoint region
[2022-06-13T01:18:55.943+0000][1][safepoint    ] Total time for which application threads were stopped: 0.0015265 seconds, Stopping threads took: 0.0006717 seconds
[2022-06-13T01:18:55.944+0000][1][safepoint    ] Application time: 0.0003074 seconds
[2022-06-13T01:18:55.945+0000][1][safepoint    ] Entering safepoint region: RevokeBias
[2022-06-13T01:18:55.945+0000][1][safepoint    ] Leaving safepoint region
[2022-06-13T01:18:55.946+0000][1][safepoint    ] Total time for which application threads were stopped: 0.0008210 seconds, Stopping threads took: 0.0005053 seconds
[2022-06-13T01:18:55.946+0000][1][safepoint    ] Application time: 0.0001991 seconds
[2022-06-13T01:18:55.947+0000][1][safepoint    ] Entering safepoint region: RevokeBias
[2022-06-13T01:18:55.947+0000][1][safepoint    ] Leaving safepoint region
[2022-06-13T01:18:55.948+0000][1][safepoint    ] Total time for which application threads were stopped: 0.0009015 seconds, Stopping threads took: 0.0004195 seconds
[2022-06-13T01:18:55.948+0000][1][safepoint    ] Application time: 0.0001856 seconds
[2022-06-13T01:18:55.949+0000][1][safepoint    ] Entering safepoint region: RevokeBias
[2022-06-13T01:18:55.949+0000][1][safepoint    ] Leaving safepoint region
[2022-06-13T01:18:55.950+0000][1][safepoint    ] Total time for which application threads were stopped: 0.0008584 seconds, Stopping threads took: 0.0003080 seconds
[2022-06-13T01:18:55.950+0000][1][safepoint    ] Application time: 0.0002375 seconds
[2022-06-13T01:18:55.950+0000][1][safepoint    ] Entering safepoint region: RevokeBias
[2022-06-13T01:18:55.951+0000][1][safepoint    ] Leaving safepoint region
[2022-06-13T01:18:55.952+0000][1][safepoint    ] Total time for which application threads were stopped: 0.0016097 seconds, Stopping threads took: 0.0008761 seconds
[2022-06-13T01:18:55.953+0000][1][safepoint    ] Application time: 0.0002132 seconds
[2022-06-13T01:18:55.953+0000][1][safepoint    ] Entering safepoint region: RevokeBias
[2022-06-13T01:18:55.954+0000][1][safepoint    ] Leaving safepoint region
[2022-06-13T01:18:55.954+0000][1][safepoint    ] Total time for which application threads were stopped: 0.0008418 seconds, Stopping threads took: 0.0004183 seconds
[2022-06-13T01:18:58.389+0000][1][safepoint    ] Application time: 2.4342263 seconds
[2022-06-13T01:18:58.389+0000][1][safepoint    ] Entering safepoint region: RevokeBias
[2022-06-13T01:18:58.389+0000][1][safepoint    ] Leaving safepoint region
[2022-06-13T01:18:58.390+0000][1][safepoint    ] Total time for which application threads were stopped: 0.0005867 seconds, Stopping threads took: 0.0003278 seconds
[2022-06-13T01:18:58.390+0000][1][safepoint    ] Application time: 0.0006125 seconds
[2022-06-13T01:18:58.391+0000][1][safepoint    ] Entering safepoint region: RevokeBias
[2022-06-13T01:18:58.391+0000][1][safepoint    ] Leaving safepoint region
[2022-06-13T01:18:58.391+0000][1][safepoint    ] Total time for which application threads were stopped: 0.0005728 seconds, Stopping threads took: 0.0003096 seconds
[2022-06-13T01:18:58.392+0000][1][safepoint    ] Application time: 0.0008417 seconds
[2022-06-13T01:18:58.393+0000][1][safepoint    ] Entering safepoint region: RevokeBias
[2022-06-13T01:18:58.393+0000][1][safepoint    ] Leaving safepoint region
[2022-06-13T01:18:58.394+0000][1][safepoint    ] Total time for which application threads were stopped: 0.0011630 seconds, Stopping threads took: 0.0005211 seconds
[2022-06-13T01:19:00.395+0000][1][safepoint    ] Application time: 2.0005135 seconds
[2022-06-13T01:19:00.396+0000][1][safepoint    ] Entering safepoint region: Cleanup
[2022-06-13T01:19:00.396+0000][1][safepoint    ] Leaving safepoint region
[2022-06-13T01:19:00.397+0000][1][safepoint    ] Total time for which application threads were stopped: 0.0014263 seconds, Stopping threads took: 0.0005815 seconds
[2022-06-13T01:19:02.885+0000][1][safepoint    ] Application time: 2.4871204 seconds
[2022-06-13T01:19:02.885+0000][1][safepoint    ] Entering safepoint region: RevokeBias
[2022-06-13T01:19:02.886+0000][1][safepoint    ] Leaving safepoint region
[2022-06-13T01:19:02.886+0000][1][safepoint    ] Total time for which application threads were stopped: 0.0011410 seconds, Stopping threads took: 0.0007095 seconds
[2022-06-13T01:19:02.887+0000][1][safepoint    ] Application time: 0.0001645 seconds
[2022-06-13T01:19:02.887+0000][1][safepoint    ] Entering safepoint region: RevokeBias
[2022-06-13T01:19:02.887+0000][1][safepoint    ] Leaving safepoint region
[2022-06-13T01:19:02.888+0000][1][safepoint    ] Total time for which application threads were stopped: 0.0007513 seconds, Stopping threads took: 0.0002757 seconds
[2022-06-13T01:19:03.888+0000][1][safepoint    ] Application time: 1.0001411 seconds
[2022-06-13T01:19:03.889+0000][1][safepoint    ] Entering safepoint region: Cleanup
[2022-06-13T01:19:03.889+0000][1][safepoint    ] Leaving safepoint region
[2022-06-13T01:19:03.890+0000][1][safepoint    ] Total time for which application threads were stopped: 0.0007862 seconds, Stopping threads took: 0.0003190 seconds
[2022-06-13T01:19:08.892+0000][1][safepoint    ] Application time: 5.0013739 seconds
[2022-06-13T01:19:08.893+0000][1][safepoint    ] Entering safepoint region: Cleanup
[2022-06-13T01:19:08.893+0000][1][safepoint    ] Leaving safepoint region
[2022-06-13T01:19:08.894+0000][1][safepoint    ] Total time for which application threads were stopped: 0.0013346 seconds, Stopping threads took: 0.0006325 seconds
[2022-06-13T01:19:12.895+0000][1][safepoint    ] Application time: 4.0008103 seconds
[2022-06-13T01:19:12.895+0000][1][safepoint    ] Entering safepoint region: Cleanup
[2022-06-13T01:19:12.896+0000][1][safepoint    ] Leaving safepoint region
[2022-06-13T01:19:12.896+0000][1][safepoint    ] Total time for which application threads were stopped: 0.0007111 seconds, Stopping threads took: 0.0003288 seconds
[2022-06-13T01:19:15.897+0000][1][safepoint    ] Application time: 3.0007509 seconds
[2022-06-13T01:19:15.898+0000][1][safepoint    ] Entering safepoint region: Cleanup
[2022-06-13T01:19:15.898+0000][1][safepoint    ] Leaving safepoint region
[2022-06-13T01:19:15.899+0000][1][safepoint    ] Total time for which application threads were stopped: 0.0007194 seconds, Stopping threads took: 0.0003481 seconds
[2022-06-13T01:19:16.899+0000][1][safepoint    ] Application time: 1.0001406 seconds
[2022-06-13T01:19:16.900+0000][1][safepoint    ] Entering safepoint region: Cleanup
[2022-06-13T01:19:16.900+0000][1][safepoint    ] Leaving safepoint region
[2022-06-13T01:19:16.901+0000][1][safepoint    ] Total time for which application threads were stopped: 0.0010610 seconds, Stopping threads took: 0.0005275 seconds
[2022-06-13T01:19:20.902+0000][1][safepoint    ] Application time: 4.0010819 seconds
[2022-06-13T01:19:20.904+0000][1][safepoint    ] Entering safepoint region: Cleanup
[2022-06-13T01:19:20.904+0000][1][safepoint    ] Leaving safepoint region
[2022-06-13T01:19:20.905+0000][1][safepoint    ] Total time for which application threads were stopped: 0.0016558 seconds, Stopping threads took: 0.0007994 seconds
[2022-06-13T01:19:25.907+0000][1][safepoint    ] Application time: 5.0012948 seconds
[2022-06-13T01:19:25.908+0000][1][safepoint    ] Entering safepoint region: Cleanup
[2022-06-13T01:19:25.908+0000][1][safepoint    ] Leaving safepoint region
[2022-06-13T01:19:25.908+0000][1][safepoint    ] Total time for which application threads were stopped: 0.0006254 seconds, Stopping threads took: 0.0003413 seconds
[2022-06-13T01:19:26.908+0000][1][safepoint    ] Application time: 1.0001162 seconds
[2022-06-13T01:19:26.909+0000][1][safepoint    ] Entering safepoint region: Cleanup
[2022-06-13T01:19:26.910+0000][1][safepoint    ] Leaving safepoint region
[2022-06-13T01:19:26.910+0000][1][safepoint    ] Total time for which application threads were stopped: 0.0006007 seconds, Stopping threads took: 0.0003409 seconds
[2022-06-13T01:19:27.910+0000][1][safepoint    ] Application time: 1.0002583 seconds
[2022-06-13T01:19:27.911+0000][1][safepoint    ] Entering safepoint region: Cleanup
[2022-06-13T01:19:27.912+0000][1][safepoint    ] Leaving safepoint region
[2022-06-13T01:19:27.912+0000][1][safepoint    ] Total time for which application threads were stopped: 0.0013663 seconds, Stopping threads took: 0.0008462 seconds
[2022-06-13T01:19:32.913+0000][1][safepoint    ] Application time: 5.0008818 seconds
[2022-06-13T01:19:32.914+0000][1][safepoint    ] Entering safepoint region: Cleanup
[2022-06-13T01:19:32.914+0000][1][safepoint    ] Leaving safepoint region
[2022-06-13T01:19:32.915+0000][1][safepoint    ] Total time for which application threads were stopped: 0.0005668 seconds, Stopping threads took: 0.0002723 seconds
[2022-06-13T01:19:33.915+0000][1][safepoint    ] Application time: 1.0001849 seconds
[2022-06-13T01:19:33.916+0000][1][safepoint    ] Entering safepoint region: Cleanup
[2022-06-13T01:19:33.916+0000][1][safepoint    ] Leaving safepoint region
[2022-06-13T01:19:33.917+0000][1][safepoint    ] Total time for which application threads were stopped: 0.0010481 seconds, Stopping threads took: 0.0005014 seconds
[2022-06-13T01:19:36.918+0000][1][safepoint    ] Application time: 3.0004880 seconds
[2022-06-13T01:19:36.919+0000][1][safepoint    ] Entering safepoint region: Cleanup
[2022-06-13T01:19:36.919+0000][1][safepoint    ] Leaving safepoint region
[2022-06-13T01:19:36.920+0000][1][safepoint    ] Total time for which application threads were stopped: 0.0013147 seconds, Stopping threads took: 0.0006016 seconds
[2022-06-13T01:19:44.409+0000][1][safepoint    ] Application time: 7.4893063 seconds
[2022-06-13T01:19:44.410+0000][1][safepoint    ] Entering safepoint region: RevokeBias
[2022-06-13T01:19:44.411+0000][1][safepoint    ] Leaving safepoint region
[2022-06-13T01:19:44.411+0000][1][safepoint    ] Total time for which application threads were stopped: 0.0010756 seconds, Stopping threads took: 0.0005939 seconds
[2022-06-13T01:19:51.413+0000][1][safepoint    ] Application time: 7.0018793 seconds
[2022-06-13T01:19:51.414+0000][1][safepoint    ] Entering safepoint region: Cleanup
[2022-06-13T01:19:51.415+0000][1][safepoint    ] Leaving safepoint region
[2022-06-13T01:19:51.415+0000][1][safepoint    ] Total time for which application threads were stopped: 0.0013670 seconds, Stopping threads took: 0.0007291 seconds
[2022-06-13T01:20:02.419+0000][1][safepoint    ] Application time: 11.0024077 seconds
[2022-06-13T01:20:02.419+0000][1][safepoint    ] Entering safepoint region: Cleanup
[2022-06-13T01:20:02.420+0000][1][safepoint    ] Leaving safepoint region
[2022-06-13T01:20:02.421+0000][1][safepoint    ] Total time for which application threads were stopped: 0.0014950 seconds, Stopping threads took: 0.0007339 seconds
[2022-06-13T01:20:03.422+0000][1][safepoint    ] Application time: 1.0005005 seconds
[2022-06-13T01:20:03.423+0000][1][safepoint    ] Entering safepoint region: Cleanup
[2022-06-13T01:20:03.424+0000][1][safepoint    ] Leaving safepoint region
[2022-06-13T01:20:03.424+0000][1][safepoint    ] Total time for which application threads were stopped: 0.0012469 seconds, Stopping threads took: 0.0006451 seconds
[2022-06-13T01:20:04.425+0000][1][safepoint    ] Application time: 1.0001828 seconds
[2022-06-13T01:20:04.425+0000][1][safepoint    ] Entering safepoint region: Cleanup
[2022-06-13T01:20:04.426+0000][1][safepoint    ] Leaving safepoint region
[2022-06-13T01:20:04.426+0000][1][safepoint    ] Total time for which application threads were stopped: 0.0007344 seconds, Stopping threads took: 0.0002667 seconds
[2022-06-13T01:20:05.427+0000][1][safepoint    ] Application time: 1.0001535 seconds
[2022-06-13T01:20:05.427+0000][1][safepoint    ] Entering safepoint region: Cleanup
[2022-06-13T01:20:05.428+0000][1][safepoint    ] Leaving safepoint region
[2022-06-13T01:20:05.428+0000][1][safepoint    ] Total time for which application threads were stopped: 0.0007142 seconds, Stopping threads took: 0.0003439 seconds
[2022-06-13T01:20:07.429+0000][1][safepoint    ] Application time: 2.0003247 seconds
[2022-06-13T01:20:07.429+0000][1][safepoint    ] Entering safepoint region: Cleanup
[2022-06-13T01:20:07.430+0000][1][safepoint    ] Leaving safepoint region
[2022-06-13T01:20:07.431+0000][1][safepoint    ] Total time for which application threads were stopped: 0.0017941 seconds, Stopping threads took: 0.0008167 seconds
[2022-06-13T01:20:09.433+0000][1][safepoint    ] Application time: 2.0006646 seconds
[2022-06-13T01:20:09.433+0000][1][safepoint    ] Entering safepoint region: Cleanup
[2022-06-13T01:20:09.434+0000][1][safepoint    ] Leaving safepoint region
[2022-06-13T01:20:09.434+0000][1][safepoint    ] Total time for which application threads were stopped: 0.0009460 seconds, Stopping threads took: 0.0004566 seconds
[2022-06-13T01:20:10.435+0000][1][safepoint    ] Application time: 1.0003066 seconds
[2022-06-13T01:20:10.436+0000][1][safepoint    ] Entering safepoint region: Cleanup
[2022-06-13T01:20:10.437+0000][1][safepoint    ] Leaving safepoint region
[2022-06-13T01:20:10.437+0000][1][safepoint    ] Total time for which application threads were stopped: 0.0012345 seconds, Stopping threads took: 0.0006030 seconds
[2022-06-13T01:20:15.439+0000][1][safepoint    ] Application time: 5.0011491 seconds
[2022-06-13T01:20:15.439+0000][1][safepoint    ] Entering safepoint region: Cleanup
[2022-06-13T01:20:15.440+0000][1][safepoint    ] Leaving safepoint region
[2022-06-13T01:20:15.440+0000][1][safepoint    ] Total time for which application threads were stopped: 0.0006767 seconds, Stopping threads took: 0.0002834 seconds
[2022-06-13T01:20:30.045+0000][1][safepoint    ] Application time: 14.6043663 seconds
[2022-06-13T01:20:30.045+0000][1][safepoint    ] Entering safepoint region: GenCollectForAllocation
[2022-06-13T01:20:30.046+0000][1][gc,start     ] GC(22) Pause Young (Allocation Failure)
[2022-06-13T01:20:30.046+0000][1][gc,task      ] GC(22) Using 5 workers of 13 for evacuation
[2022-06-13T01:20:30.054+0000][1][gc,age       ] GC(22) Desired survivor size 4456448 bytes, new threshold 2 (max threshold 6)
[2022-06-13T01:20:30.054+0000][1][gc,age       ] GC(22) Age table with threshold 2 (max threshold 6)
[2022-06-13T01:20:30.054+0000][1][gc,age       ] GC(22) - age   1:    1153064 bytes,    1153064 total
[2022-06-13T01:20:30.054+0000][1][gc,age       ] GC(22) - age   2:    3958888 bytes,    5111952 total
[2022-06-13T01:20:30.055+0000][1][gc,heap      ] GC(22) ParNew: 77581K->6712K(78656K)
[2022-06-13T01:20:30.055+0000][1][gc,heap      ] GC(22) CMS: 62338K->63836K(174784K)
[2022-06-13T01:20:30.055+0000][1][gc,metaspace ] GC(22) Metaspace: 65227K->65227K(1110016K)
[2022-06-13T01:20:30.055+0000][1][gc           ] GC(22) Pause Young (Allocation Failure) 136M->68M(247M) 9.350ms
[2022-06-13T01:20:30.055+0000][1][gc,cpu       ] GC(22) User=0.03s Sys=0.00s Real=0.01s
[2022-06-13T01:20:30.055+0000][1][safepoint    ] Leaving safepoint region
[2022-06-13T01:20:30.055+0000][1][safepoint    ] Total time for which application threads were stopped: 0.0103777 seconds, Stopping threads took: 0.0004013 seconds
[2022-06-13T01:20:37.057+0000][1][safepoint    ] Application time: 7.0014641 seconds
[2022-06-13T01:20:37.058+0000][1][safepoint    ] Entering safepoint region: Cleanup
[2022-06-13T01:20:37.059+0000][1][safepoint    ] Leaving safepoint region
[2022-06-13T01:20:37.059+0000][1][safepoint    ] Total time for which application threads were stopped: 0.0014859 seconds, Stopping threads took: 0.0008139 seconds
[2022-06-13T01:20:38.060+0000][1][safepoint    ] Application time: 1.0003291 seconds
[2022-06-13T01:20:38.061+0000][1][safepoint    ] Entering safepoint region: Cleanup
[2022-06-13T01:20:38.061+0000][1][safepoint    ] Leaving safepoint region
[2022-06-13T01:20:38.062+0000][1][safepoint    ] Total time for which application threads were stopped: 0.0007118 seconds, Stopping threads took: 0.0004824 seconds
[2022-06-13T01:20:41.062+0000][1][safepoint    ] Application time: 3.0005653 seconds
[2022-06-13T01:20:41.063+0000][1][safepoint    ] Entering safepoint region: Cleanup
[2022-06-13T01:20:41.064+0000][1][safepoint    ] Leaving safepoint region
[2022-06-13T01:20:41.064+0000][1][safepoint    ] Total time for which application threads were stopped: 0.0010202 seconds, Stopping threads took: 0.0004100 seconds
[2022-06-13T01:20:42.065+0000][1][safepoint    ] Application time: 1.0002501 seconds
[2022-06-13T01:20:42.065+0000][1][safepoint    ] Entering safepoint region: Cleanup
[2022-06-13T01:20:42.066+0000][1][safepoint    ] Leaving safepoint region
[2022-06-13T01:20:42.066+0000][1][safepoint    ] Total time for which application threads were stopped: 0.0007515 seconds, Stopping threads took: 0.0003307 seconds
[2022-06-13T01:20:43.067+0000][1][safepoint    ] Application time: 1.0003903 seconds
[2022-06-13T01:20:43.067+0000][1][safepoint    ] Entering safepoint region: Cleanup
[2022-06-13T01:20:43.068+0000][1][safepoint    ] Leaving safepoint region
[2022-06-13T01:20:43.068+0000][1][safepoint    ] Total time for which application threads were stopped: 0.0008692 seconds, Stopping threads took: 0.0005443 seconds
[2022-06-13T01:20:51.070+0000][1][safepoint    ] Application time: 8.0014990 seconds
[2022-06-13T01:20:51.071+0000][1][safepoint    ] Entering safepoint region: Cleanup
[2022-06-13T01:20:51.071+0000][1][safepoint    ] Leaving safepoint region
[2022-06-13T01:20:51.072+0000][1][safepoint    ] Total time for which application threads were stopped: 0.0007291 seconds, Stopping threads took: 0.0003737 seconds
[2022-06-13T01:20:52.072+0000][1][safepoint    ] Application time: 1.0002442 seconds
[2022-06-13T01:20:52.073+0000][1][safepoint    ] Entering safepoint region: Cleanup
[2022-06-13T01:20:52.074+0000][1][safepoint    ] Leaving safepoint region
[2022-06-13T01:20:52.075+0000][1][safepoint    ] Total time for which application threads were stopped: 0.0012545 seconds, Stopping threads took: 0.0006728 seconds
[2022-06-13T01:20:55.076+0000][1][safepoint    ] Application time: 3.0008980 seconds
[2022-06-13T01:20:55.077+0000][1][safepoint    ] Entering safepoint region: Cleanup
[2022-06-13T01:20:55.079+0000][1][safepoint    ] Leaving safepoint region
[2022-06-13T01:20:55.079+0000][1][safepoint    ] Total time for which application threads were stopped: 0.0019829 seconds, Stopping threads took: 0.0010020 seconds
[2022-06-13T01:20:56.080+0000][1][safepoint    ] Application time: 1.0002700 seconds
[2022-06-13T01:20:56.081+0000][1][safepoint    ] Entering safepoint region: Cleanup
[2022-06-13T01:20:56.081+0000][1][safepoint    ] Leaving safepoint region
[2022-06-13T01:20:56.082+0000][1][safepoint    ] Total time for which application threads were stopped: 0.0008201 seconds, Stopping threads took: 0.0004569 seconds
[2022-06-13T01:21:03.083+0000][1][safepoint    ] Application time: 7.0013378 seconds
[2022-06-13T01:21:03.084+0000][1][safepoint    ] Entering safepoint region: Cleanup
[2022-06-13T01:21:03.084+0000][1][safepoint    ] Leaving safepoint region
[2022-06-13T01:21:03.085+0000][1][safepoint    ] Total time for which application threads were stopped: 0.0008735 seconds, Stopping threads took: 0.0003629 seconds
[2022-06-13T01:21:26.090+0000][1][safepoint    ] Application time: 23.0045361 seconds
[2022-06-13T01:21:26.091+0000][1][safepoint    ] Entering safepoint region: Cleanup
[2022-06-13T01:21:26.092+0000][1][safepoint    ] Leaving safepoint region
[2022-06-13T01:21:26.092+0000][1][safepoint    ] Total time for which application threads were stopped: 0.0014608 seconds, Stopping threads took: 0.0008469 seconds
[2022-06-13T01:21:46.097+0000][1][safepoint    ] Application time: 20.0040234 seconds
[2022-06-13T01:21:46.098+0000][1][safepoint    ] Entering safepoint region: Cleanup
[2022-06-13T01:21:46.098+0000][1][safepoint    ] Leaving safepoint region
[2022-06-13T01:21:46.099+0000][1][safepoint    ] Total time for which application threads were stopped: 0.0009116 seconds, Stopping threads took: 0.0003962 seconds
[2022-06-13T01:22:02.102+0000][1][safepoint    ] Application time: 16.0032890 seconds
[2022-06-13T01:22:02.103+0000][1][safepoint    ] Entering safepoint region: Cleanup
[2022-06-13T01:22:02.103+0000][1][safepoint    ] Leaving safepoint region
[2022-06-13T01:22:02.103+0000][1][safepoint    ] Total time for which application threads were stopped: 0.0007772 seconds, Stopping threads took: 0.0003080 seconds
[2022-06-13T01:22:07.105+0000][1][safepoint    ] Application time: 5.0011574 seconds
[2022-06-13T01:22:07.106+0000][1][safepoint    ] Entering safepoint region: Cleanup
[2022-06-13T01:22:07.106+0000][1][safepoint    ] Leaving safepoint region
[2022-06-13T01:22:07.107+0000][1][safepoint    ] Total time for which application threads were stopped: 0.0010341 seconds, Stopping threads took: 0.0005585 seconds
[2022-06-13T01:22:23.110+0000][1][safepoint    ] Application time: 16.0032967 seconds
[2022-06-13T01:22:23.111+0000][1][safepoint    ] Entering safepoint region: Cleanup
[2022-06-13T01:22:23.111+0000][1][safepoint    ] Leaving safepoint region
[2022-06-13T01:22:23.112+0000][1][safepoint    ] Total time for which application threads were stopped: 0.0010324 seconds, Stopping threads took: 0.0004771 seconds
[2022-06-13T01:22:32.115+0000][1][safepoint    ] Application time: 9.0023656 seconds
[2022-06-13T01:22:32.115+0000][1][safepoint    ] Entering safepoint region: Cleanup
[2022-06-13T01:22:32.116+0000][1][safepoint    ] Leaving safepoint region
[2022-06-13T01:22:32.116+0000][1][safepoint    ] Total time for which application threads were stopped: 0.0007573 seconds, Stopping threads took: 0.0004064 seconds
[2022-06-13T01:22:34.117+0000][1][safepoint    ] Application time: 2.0005166 seconds
[2022-06-13T01:22:34.118+0000][1][safepoint    ] Entering safepoint region: Cleanup
[2022-06-13T01:22:34.118+0000][1][safepoint    ] Leaving safepoint region
[2022-06-13T01:22:34.118+0000][1][safepoint    ] Total time for which application threads were stopped: 0.0006702 seconds, Stopping threads took: 0.0003093 seconds
[2022-06-13T01:22:36.119+0000][1][safepoint    ] Application time: 2.0006362 seconds
[2022-06-13T01:22:36.120+0000][1][safepoint    ] Entering safepoint region: Cleanup
[2022-06-13T01:22:36.120+0000][1][safepoint    ] Leaving safepoint region
[2022-06-13T01:22:36.120+0000][1][safepoint    ] Total time for which application threads were stopped: 0.0008187 seconds, Stopping threads took: 0.0002274 seconds
[2022-06-13T01:22:44.122+0000][1][safepoint    ] Application time: 8.0014938 seconds
[2022-06-13T01:22:44.123+0000][1][safepoint    ] Entering safepoint region: Cleanup
[2022-06-13T01:22:44.124+0000][1][safepoint    ] Leaving safepoint region
[2022-06-13T01:22:44.125+0000][1][safepoint    ] Total time for which application threads were stopped: 0.0011528 seconds, Stopping threads took: 0.0004832 seconds
[2022-06-13T01:22:56.128+0000][1][safepoint    ] Application time: 12.0027894 seconds
[2022-06-13T01:22:56.129+0000][1][safepoint    ] Entering safepoint region: Cleanup
[2022-06-13T01:22:56.130+0000][1][safepoint    ] Leaving safepoint region
[2022-06-13T01:22:56.131+0000][1][safepoint    ] Total time for which application threads were stopped: 0.0016472 seconds, Stopping threads took: 0.0009384 seconds
[2022-06-13T01:23:03.134+0000][1][safepoint    ] Application time: 7.0022561 seconds
[2022-06-13T01:23:03.134+0000][1][safepoint    ] Entering safepoint region: Cleanup
[2022-06-13T01:23:03.135+0000][1][safepoint    ] Leaving safepoint region
[2022-06-13T01:23:03.135+0000][1][safepoint    ] Total time for which application threads were stopped: 0.0007402 seconds, Stopping threads took: 0.0003611 seconds
[2022-06-13T01:23:07.136+0000][1][safepoint    ] Application time: 4.0006305 seconds
[2022-06-13T01:23:07.137+0000][1][safepoint    ] Entering safepoint region: Cleanup
[2022-06-13T01:23:07.137+0000][1][safepoint    ] Leaving safepoint region
[2022-06-13T01:23:07.137+0000][1][safepoint    ] Total time for which application threads were stopped: 0.0006304 seconds, Stopping threads took: 0.0003108 seconds
[2022-06-13T01:23:10.240+0000][1][safepoint    ] Application time: 3.1020670 seconds
[2022-06-13T01:23:10.240+0000][1][safepoint    ] Entering safepoint region: GenCollectForAllocation
[2022-06-13T01:23:10.241+0000][1][gc,start     ] GC(23) Pause Young (Allocation Failure)
[2022-06-13T01:23:10.242+0000][1][gc,task      ] GC(23) Using 5 workers of 13 for evacuation
[2022-06-13T01:23:10.250+0000][1][gc,age       ] GC(23) Desired survivor size 4456448 bytes, new threshold 6 (max threshold 6)
[2022-06-13T01:23:10.251+0000][1][gc,age       ] GC(23) Age table with threshold 6 (max threshold 6)
[2022-06-13T01:23:10.251+0000][1][gc,age       ] GC(23) - age   1:       5568 bytes,       5568 total
[2022-06-13T01:23:10.252+0000][1][gc,age       ] GC(23) - age   2:    1129968 bytes,    1135536 total
[2022-06-13T01:23:10.253+0000][1][gc,heap      ] GC(23) ParNew: 76664K->4942K(78656K)
[2022-06-13T01:23:10.253+0000][1][gc,heap      ] GC(23) CMS: 63836K->67841K(174784K)
[2022-06-13T01:23:10.253+0000][1][gc,metaspace ] GC(23) Metaspace: 65287K->65287K(1110016K)
[2022-06-13T01:23:10.254+0000][1][gc           ] GC(23) Pause Young (Allocation Failure) 137M->71M(247M) 12.747ms
[2022-06-13T01:23:10.255+0000][1][gc,cpu       ] GC(23) User=0.03s Sys=0.00s Real=0.01s
[2022-06-13T01:23:10.255+0000][1][safepoint    ] Leaving safepoint region
[2022-06-13T01:23:10.256+0000][1][safepoint    ] Total time for which application threads were stopped: 0.0152800 seconds, Stopping threads took: 0.0006950 seconds
[2022-06-13T01:23:26.259+0000][1][safepoint    ] Application time: 16.0034631 seconds
[2022-06-13T01:23:26.260+0000][1][safepoint    ] Entering safepoint region: Cleanup
[2022-06-13T01:23:26.261+0000][1][safepoint    ] Leaving safepoint region
[2022-06-13T01:23:26.262+0000][1][safepoint    ] Total time for which application threads were stopped: 0.0015421 seconds, Stopping threads took: 0.0006468 seconds
[2022-06-13T01:23:52.268+0000][1][safepoint    ] Application time: 26.0053768 seconds
[2022-06-13T01:23:52.269+0000][1][safepoint    ] Entering safepoint region: Cleanup
[2022-06-13T01:23:52.269+0000][1][safepoint    ] Leaving safepoint region
[2022-06-13T01:23:52.270+0000][1][safepoint    ] Total time for which application threads were stopped: 0.0009889 seconds, Stopping threads took: 0.0004426 seconds
[2022-06-13T01:24:47.281+0000][1][safepoint    ] Application time: 55.0106055 seconds
[2022-06-13T01:24:47.281+0000][1][safepoint    ] Entering safepoint region: Cleanup
[2022-06-13T01:24:47.282+0000][1][safepoint    ] Leaving safepoint region
[2022-06-13T01:24:47.283+0000][1][safepoint    ] Total time for which application threads were stopped: 0.0013405 seconds, Stopping threads took: 0.0007641 seconds
[2022-06-13T01:25:26.292+0000][1][safepoint    ] Application time: 39.0089235 seconds
[2022-06-13T01:25:26.293+0000][1][safepoint    ] Entering safepoint region: Cleanup
[2022-06-13T01:25:26.293+0000][1][safepoint    ] Leaving safepoint region
[2022-06-13T01:25:26.294+0000][1][safepoint    ] Total time for which application threads were stopped: 0.0013551 seconds, Stopping threads took: 0.0008163 seconds
[2022-06-13T01:25:55.430+0000][1][safepoint    ] Application time: 29.1356838 seconds
[2022-06-13T01:25:55.431+0000][1][safepoint    ] Entering safepoint region: GenCollectForAllocation
[2022-06-13T01:25:55.432+0000][1][gc,start     ] GC(24) Pause Young (Allocation Failure)
[2022-06-13T01:25:55.432+0000][1][gc,task      ] GC(24) Using 5 workers of 13 for evacuation
[2022-06-13T01:25:55.435+0000][1][gc,age       ] GC(24) Desired survivor size 4456448 bytes, new threshold 6 (max threshold 6)
[2022-06-13T01:25:55.435+0000][1][gc,age       ] GC(24) Age table with threshold 6 (max threshold 6)
[2022-06-13T01:25:55.436+0000][1][gc,age       ] GC(24) - age   1:       6392 bytes,       6392 total
[2022-06-13T01:25:55.436+0000][1][gc,age       ] GC(24) - age   2:       1328 bytes,       7720 total
[2022-06-13T01:25:55.437+0000][1][gc,age       ] GC(24) - age   3:    1053312 bytes,    1061032 total
[2022-06-13T01:25:55.437+0000][1][gc,heap      ] GC(24) ParNew: 74894K->1815K(78656K)
[2022-06-13T01:25:55.438+0000][1][gc,heap      ] GC(24) CMS: 67841K->67841K(174784K)
[2022-06-13T01:25:55.438+0000][1][gc,metaspace ] GC(24) Metaspace: 65334K->65334K(1110016K)
[2022-06-13T01:25:55.439+0000][1][gc           ] GC(24) Pause Young (Allocation Failure) 139M->68M(247M) 7.252ms
[2022-06-13T01:25:55.439+0000][1][gc,cpu       ] GC(24) User=0.00s Sys=0.00s Real=0.01s
[2022-06-13T01:25:55.440+0000][1][safepoint    ] Leaving safepoint region
[2022-06-13T01:25:55.440+0000][1][safepoint    ] Total time for which application threads were stopped: 0.0094667 seconds, Stopping threads took: 0.0006073 seconds
[2022-06-13T01:26:01.442+0000][1][safepoint    ] Application time: 6.0014454 seconds
[2022-06-13T01:26:01.443+0000][1][safepoint    ] Entering safepoint region: Cleanup
[2022-06-13T01:26:01.444+0000][1][safepoint    ] Leaving safepoint region
[2022-06-13T01:26:01.445+0000][1][safepoint    ] Total time for which application threads were stopped: 0.0020516 seconds, Stopping threads took: 0.0013100 seconds
[2022-06-13T01:26:05.446+0000][1][safepoint    ] Application time: 4.0007458 seconds
[2022-06-13T01:26:05.447+0000][1][safepoint    ] Entering safepoint region: Cleanup
[2022-06-13T01:26:05.447+0000][1][safepoint    ] Leaving safepoint region
[2022-06-13T01:26:05.448+0000][1][safepoint    ] Total time for which application threads were stopped: 0.0011287 seconds, Stopping threads took: 0.0005725 seconds
[2022-06-13T01:26:06.449+0000][1][safepoint    ] Application time: 1.0002071 seconds
[2022-06-13T01:26:06.449+0000][1][safepoint    ] Entering safepoint region: Cleanup
[2022-06-13T01:26:06.450+0000][1][safepoint    ] Leaving safepoint region
[2022-06-13T01:26:06.450+0000][1][safepoint    ] Total time for which application threads were stopped: 0.0008380 seconds, Stopping threads took: 0.0003510 seconds
[2022-06-13T01:26:22.454+0000][1][safepoint    ] Application time: 16.0037039 seconds
[2022-06-13T01:26:22.455+0000][1][safepoint    ] Entering safepoint region: Cleanup
[2022-06-13T01:26:22.456+0000][1][safepoint    ] Leaving safepoint region
[2022-06-13T01:26:22.456+0000][1][safepoint    ] Total time for which application threads were stopped: 0.0010432 seconds, Stopping threads took: 0.0004722 seconds
[2022-06-13T01:26:43.461+0000][1][safepoint    ] Application time: 21.0047341 seconds
[2022-06-13T01:26:43.462+0000][1][safepoint    ] Entering safepoint region: Cleanup
[2022-06-13T01:26:43.463+0000][1][safepoint    ] Leaving safepoint region
[2022-06-13T01:26:43.464+0000][1][safepoint    ] Total time for which application threads were stopped: 0.0014183 seconds, Stopping threads took: 0.0008295 seconds
[2022-06-13T01:27:18.470+0000][1][safepoint    ] Application time: 35.0060847 seconds
[2022-06-13T01:27:18.471+0000][1][safepoint    ] Entering safepoint region: Cleanup
[2022-06-13T01:27:18.471+0000][1][safepoint    ] Leaving safepoint region
[2022-06-13T01:27:18.471+0000][1][safepoint    ] Total time for which application threads were stopped: 0.0006132 seconds, Stopping threads took: 0.0003157 seconds
[2022-06-13T01:27:38.476+0000][1][safepoint    ] Application time: 20.0039334 seconds
[2022-06-13T01:27:38.476+0000][1][safepoint    ] Entering safepoint region: Cleanup
[2022-06-13T01:27:38.477+0000][1][safepoint    ] Leaving safepoint region
[2022-06-13T01:27:38.477+0000][1][safepoint    ] Total time for which application threads were stopped: 0.0006219 seconds, Stopping threads took: 0.0002525 seconds
[2022-06-13T01:27:46.479+0000][1][safepoint    ] Application time: 8.0015768 seconds
[2022-06-13T01:27:46.480+0000][1][safepoint    ] Entering safepoint region: Cleanup
[2022-06-13T01:27:46.480+0000][1][safepoint    ] Leaving safepoint region
[2022-06-13T01:27:46.480+0000][1][safepoint    ] Total time for which application threads were stopped: 0.0007333 seconds, Stopping threads took: 0.0003384 seconds
[2022-06-13T01:28:40.595+0000][1][safepoint    ] Application time: 54.1149000 seconds
[2022-06-13T01:28:40.596+0000][1][safepoint    ] Entering safepoint region: GenCollectForAllocation
[2022-06-13T01:28:40.596+0000][1][gc,start     ] GC(25) Pause Young (Allocation Failure)
[2022-06-13T01:28:40.597+0000][1][gc,task      ] GC(25) Using 5 workers of 13 for evacuation
[2022-06-13T01:28:40.599+0000][1][gc,age       ] GC(25) Desired survivor size 4456448 bytes, new threshold 6 (max threshold 6)
[2022-06-13T01:28:40.599+0000][1][gc,age       ] GC(25) Age table with threshold 6 (max threshold 6)
[2022-06-13T01:28:40.599+0000][1][gc,age       ] GC(25) - age   1:       4416 bytes,       4416 total
[2022-06-13T01:28:40.600+0000][1][gc,age       ] GC(25) - age   2:       2184 bytes,       6600 total
[2022-06-13T01:28:40.600+0000][1][gc,age       ] GC(25) - age   3:       1328 bytes,       7928 total
[2022-06-13T01:28:40.600+0000][1][gc,age       ] GC(25) - age   4:    1053312 bytes,    1061240 total
[2022-06-13T01:28:40.601+0000][1][gc,heap      ] GC(25) ParNew: 71767K->1572K(78656K)
[2022-06-13T01:28:40.601+0000][1][gc,heap      ] GC(25) CMS: 67841K->67841K(174784K)
[2022-06-13T01:28:40.602+0000][1][gc,metaspace ] GC(25) Metaspace: 65347K->65347K(1110016K)
[2022-06-13T01:28:40.602+0000][1][gc           ] GC(25) Pause Young (Allocation Failure) 136M->67M(247M) 6.014ms
[2022-06-13T01:28:40.603+0000][1][gc,cpu       ] GC(25) User=0.01s Sys=0.00s Real=0.01s
[2022-06-13T01:28:40.603+0000][1][safepoint    ] Leaving safepoint region
[2022-06-13T01:28:40.603+0000][1][safepoint    ] Total time for which application threads were stopped: 0.0074898 seconds, Stopping threads took: 0.0003307 seconds
[2022-06-13T01:28:42.604+0000][1][safepoint    ] Application time: 2.0003741 seconds
[2022-06-13T01:28:42.605+0000][1][safepoint    ] Entering safepoint region: Cleanup
[2022-06-13T01:28:42.605+0000][1][safepoint    ] Leaving safepoint region
[2022-06-13T01:28:42.606+0000][1][safepoint    ] Total time for which application threads were stopped: 0.0008766 seconds, Stopping threads took: 0.0004403 seconds
[2022-06-13T01:28:52.608+0000][1][safepoint    ] Application time: 10.0020919 seconds
[2022-06-13T01:28:52.609+0000][1][safepoint    ] Entering safepoint region: Cleanup
[2022-06-13T01:28:52.609+0000][1][safepoint    ] Leaving safepoint region
[2022-06-13T01:28:52.610+0000][1][safepoint    ] Total time for which application threads were stopped: 0.0008194 seconds, Stopping threads took: 0.0003426 seconds
[2022-06-13T01:28:53.610+0000][1][safepoint    ] Application time: 1.0002955 seconds
[2022-06-13T01:28:53.611+0000][1][safepoint    ] Entering safepoint region: Cleanup
[2022-06-13T01:28:53.612+0000][1][safepoint    ] Leaving safepoint region
[2022-06-13T01:28:53.613+0000][1][safepoint    ] Total time for which application threads were stopped: 0.0013421 seconds, Stopping threads took: 0.0006733 seconds
[2022-06-13T01:28:54.614+0000][1][safepoint    ] Application time: 1.0003906 seconds
[2022-06-13T01:28:54.614+0000][1][safepoint    ] Entering safepoint region: Cleanup
[2022-06-13T01:28:54.615+0000][1][safepoint    ] Leaving safepoint region
[2022-06-13T01:28:54.615+0000][1][safepoint    ] Total time for which application threads were stopped: 0.0009142 seconds, Stopping threads took: 0.0005144 seconds
[2022-06-13T01:29:03.617+0000][1][safepoint    ] Application time: 9.0016470 seconds
[2022-06-13T01:29:03.618+0000][1][safepoint    ] Entering safepoint region: Cleanup
[2022-06-13T01:29:03.618+0000][1][safepoint    ] Leaving safepoint region
[2022-06-13T01:29:03.619+0000][1][safepoint    ] Total time for which application threads were stopped: 0.0007335 seconds, Stopping threads took: 0.0003403 seconds
[2022-06-13T01:29:04.619+0000][1][safepoint    ] Application time: 1.0002575 seconds
[2022-06-13T01:29:04.620+0000][1][safepoint    ] Entering safepoint region: Cleanup
[2022-06-13T01:29:04.621+0000][1][safepoint    ] Leaving safepoint region
[2022-06-13T01:29:04.622+0000][1][safepoint    ] Total time for which application threads were stopped: 0.0018889 seconds, Stopping threads took: 0.0009983 seconds
[2022-06-13T01:29:21.626+0000][1][safepoint    ] Application time: 17.0037199 seconds
[2022-06-13T01:29:21.627+0000][1][safepoint    ] Entering safepoint region: Cleanup
[2022-06-13T01:29:21.628+0000][1][safepoint    ] Leaving safepoint region
[2022-06-13T01:29:21.628+0000][1][safepoint    ] Total time for which application threads were stopped: 0.0012388 seconds, Stopping threads took: 0.0005647 seconds
[2022-06-13T01:29:26.630+0000][1][safepoint    ] Application time: 5.0011061 seconds
[2022-06-13T01:29:26.631+0000][1][safepoint    ] Entering safepoint region: Cleanup
[2022-06-13T01:29:26.631+0000][1][safepoint    ] Leaving safepoint region
[2022-06-13T01:29:26.631+0000][1][safepoint    ] Total time for which application threads were stopped: 0.0005666 seconds, Stopping threads took: 0.0002645 seconds
[2022-06-13T01:29:56.638+0000][1][safepoint    ] Application time: 30.0063350 seconds
[2022-06-13T01:29:56.638+0000][1][safepoint    ] Entering safepoint region: Cleanup
[2022-06-13T01:29:56.639+0000][1][safepoint    ] Leaving safepoint region
[2022-06-13T01:29:56.639+0000][1][safepoint    ] Total time for which application threads were stopped: 0.0007373 seconds, Stopping threads took: 0.0003616 seconds
[2022-06-13T01:30:06.641+0000][1][safepoint    ] Application time: 10.0015330 seconds
[2022-06-13T01:30:06.641+0000][1][safepoint    ] Entering safepoint region: Cleanup
[2022-06-13T01:30:06.642+0000][1][safepoint    ] Leaving safepoint region
[2022-06-13T01:30:06.642+0000][1][safepoint    ] Total time for which application threads were stopped: 0.0006351 seconds, Stopping threads took: 0.0003484 seconds
[2022-06-13T01:30:11.643+0000][1][safepoint    ] Application time: 5.0006567 seconds
[2022-06-13T01:30:11.644+0000][1][safepoint    ] Entering safepoint region: Cleanup
[2022-06-13T01:30:11.644+0000][1][safepoint    ] Leaving safepoint region
[2022-06-13T01:30:11.644+0000][1][safepoint    ] Total time for which application threads were stopped: 0.0007195 seconds, Stopping threads took: 0.0003587 seconds
[2022-06-13T01:30:35.650+0000][1][safepoint    ] Application time: 24.0055740 seconds
[2022-06-13T01:30:35.651+0000][1][safepoint    ] Entering safepoint region: Cleanup
[2022-06-13T01:30:35.651+0000][1][safepoint    ] Leaving safepoint region
[2022-06-13T01:30:35.651+0000][1][safepoint    ] Total time for which application threads were stopped: 0.0006299 seconds, Stopping threads took: 0.0002852 seconds
[2022-06-13T01:30:36.652+0000][1][safepoint    ] Application time: 1.0002886 seconds
[2022-06-13T01:30:36.653+0000][1][safepoint    ] Entering safepoint region: Cleanup
[2022-06-13T01:30:36.654+0000][1][safepoint    ] Leaving safepoint region
[2022-06-13T01:30:36.654+0000][1][safepoint    ] Total time for which application threads were stopped: 0.0011797 seconds, Stopping threads took: 0.0005869 seconds
[2022-06-13T01:30:37.655+0000][1][safepoint    ] Application time: 1.0001983 seconds
[2022-06-13T01:30:37.655+0000][1][safepoint    ] Entering safepoint region: Cleanup
[2022-06-13T01:30:37.656+0000][1][safepoint    ] Leaving safepoint region
[2022-06-13T01:30:37.657+0000][1][safepoint    ] Total time for which application threads were stopped: 0.0011799 seconds, Stopping threads took: 0.0007057 seconds
[2022-06-13T01:31:30.752+0000][1][safepoint    ] Application time: 53.0955632 seconds
[2022-06-13T01:31:30.753+0000][1][safepoint    ] Entering safepoint region: GenCollectForAllocation
[2022-06-13T01:31:30.754+0000][1][gc,start     ] GC(26) Pause Young (Allocation Failure)
[2022-06-13T01:31:30.755+0000][1][gc,task      ] GC(26) Using 5 workers of 13 for evacuation
[2022-06-13T01:31:30.758+0000][1][gc,age       ] GC(26) Desired survivor size 4456448 bytes, new threshold 6 (max threshold 6)
[2022-06-13T01:31:30.759+0000][1][gc,age       ] GC(26) Age table with threshold 6 (max threshold 6)
[2022-06-13T01:31:30.760+0000][1][gc,age       ] GC(26) - age   1:       7944 bytes,       7944 total
[2022-06-13T01:31:30.760+0000][1][gc,age       ] GC(26) - age   2:        256 bytes,       8200 total
[2022-06-13T01:31:30.761+0000][1][gc,age       ] GC(26) - age   3:       2184 bytes,      10384 total
[2022-06-13T01:31:30.762+0000][1][gc,age       ] GC(26) - age   4:       1328 bytes,      11712 total
[2022-06-13T01:31:30.762+0000][1][gc,age       ] GC(26) - age   5:    1053320 bytes,    1065032 total
[2022-06-13T01:31:30.763+0000][1][gc,heap      ] GC(26) ParNew: 71524K->1354K(78656K)
[2022-06-13T01:31:30.764+0000][1][gc,heap      ] GC(26) CMS: 67841K->67841K(174784K)
[2022-06-13T01:31:30.764+0000][1][gc,metaspace ] GC(26) Metaspace: 65352K->65352K(1110016K)
[2022-06-13T01:31:30.765+0000][1][gc           ] GC(26) Pause Young (Allocation Failure) 136M->67M(247M) 10.448ms
[2022-06-13T01:31:30.765+0000][1][gc,cpu       ] GC(26) User=0.01s Sys=0.00s Real=0.01s
[2022-06-13T01:31:30.765+0000][1][safepoint    ] Leaving safepoint region
[2022-06-13T01:31:30.766+0000][1][safepoint    ] Total time for which application threads were stopped: 0.0123393 seconds, Stopping threads took: 0.0005743 seconds
[2022-06-13T01:32:04.643+0000][1][safepoint    ] Application time: 33.8767196 seconds
[2022-06-13T01:32:04.643+0000][1][safepoint    ] Entering safepoint region: RevokeBias
[2022-06-13T01:32:04.644+0000][1][safepoint    ] Leaving safepoint region
[2022-06-13T01:32:04.644+0000][1][safepoint    ] Total time for which application threads were stopped: 0.0009195 seconds, Stopping threads took: 0.0005260 seconds
[2022-06-13T01:32:04.645+0000][1][safepoint    ] Application time: 0.0002780 seconds
[2022-06-13T01:32:04.646+0000][1][safepoint    ] Entering safepoint region: RevokeBias
[2022-06-13T01:32:04.646+0000][1][safepoint    ] Leaving safepoint region
[2022-06-13T01:32:04.647+0000][1][safepoint    ] Total time for which application threads were stopped: 0.0010213 seconds, Stopping threads took: 0.0004759 seconds
[2022-06-13T01:32:04.648+0000][1][safepoint    ] Application time: 0.0015398 seconds
[2022-06-13T01:32:04.649+0000][1][safepoint    ] Entering safepoint region: RevokeBias
[2022-06-13T01:32:04.650+0000][1][safepoint    ] Leaving safepoint region
[2022-06-13T01:32:04.650+0000][1][safepoint    ] Total time for which application threads were stopped: 0.0008194 seconds, Stopping threads took: 0.0003039 seconds
[2022-06-13T01:32:04.651+0000][1][safepoint    ] Application time: 0.0004723 seconds
[2022-06-13T01:32:04.651+0000][1][safepoint    ] Entering safepoint region: RevokeBias
[2022-06-13T01:32:04.652+0000][1][safepoint    ] Leaving safepoint region
[2022-06-13T01:32:04.653+0000][1][safepoint    ] Total time for which application threads were stopped: 0.0018846 seconds, Stopping threads took: 0.0010794 seconds
[2022-06-13T01:32:04.654+0000][1][safepoint    ] Application time: 0.0005739 seconds
[2022-06-13T01:32:04.655+0000][1][safepoint    ] Entering safepoint region: RevokeBias
[2022-06-13T01:32:04.656+0000][1][safepoint    ] Leaving safepoint region
[2022-06-13T01:32:04.656+0000][1][safepoint    ] Total time for which application threads were stopped: 0.0010527 seconds, Stopping threads took: 0.0005140 seconds
[2022-06-13T01:32:04.658+0000][1][safepoint    ] Application time: 0.0005504 seconds
[2022-06-13T01:32:04.658+0000][1][safepoint    ] Entering safepoint region: RevokeBias
[2022-06-13T01:32:04.659+0000][1][safepoint    ] Leaving safepoint region
[2022-06-13T01:32:04.659+0000][1][safepoint    ] Total time for which application threads were stopped: 0.0009596 seconds, Stopping threads took: 0.0003162 seconds
[2022-06-13T01:32:04.662+0000][1][safepoint    ] Application time: 0.0011465 seconds
[2022-06-13T01:32:04.663+0000][1][safepoint    ] Entering safepoint region: RevokeBias
[2022-06-13T01:32:04.663+0000][1][safepoint    ] Leaving safepoint region
[2022-06-13T01:32:04.664+0000][1][safepoint    ] Total time for which application threads were stopped: 0.0009491 seconds, Stopping threads took: 0.0005255 seconds
[2022-06-13T01:32:04.665+0000][1][safepoint    ] Application time: 0.0004182 seconds
[2022-06-13T01:32:04.666+0000][1][safepoint    ] Entering safepoint region: RevokeBias
[2022-06-13T01:32:04.666+0000][1][safepoint    ] Leaving safepoint region
[2022-06-13T01:32:04.666+0000][1][safepoint    ] Total time for which application threads were stopped: 0.0006479 seconds, Stopping threads took: 0.0002909 seconds
[2022-06-13T01:32:04.669+0000][1][safepoint    ] Application time: 0.0010719 seconds
[2022-06-13T01:32:04.669+0000][1][safepoint    ] Entering safepoint region: RevokeBias
[2022-06-13T01:32:04.671+0000][1][safepoint    ] Leaving safepoint region
[2022-06-13T01:32:04.672+0000][1][safepoint    ] Total time for which application threads were stopped: 0.0024536 seconds, Stopping threads took: 0.0005554 seconds
[2022-06-13T01:32:04.674+0000][1][safepoint    ] Application time: 0.0012081 seconds
[2022-06-13T01:32:04.674+0000][1][safepoint    ] Entering safepoint region: RevokeBias
[2022-06-13T01:32:04.675+0000][1][safepoint    ] Leaving safepoint region
[2022-06-13T01:32:04.675+0000][1][safepoint    ] Total time for which application threads were stopped: 0.0011346 seconds, Stopping threads took: 0.0007385 seconds
[2022-06-13T01:32:04.676+0000][1][safepoint    ] Application time: 0.0006273 seconds
[2022-06-13T01:32:04.677+0000][1][safepoint    ] Entering safepoint region: RevokeBias
[2022-06-13T01:32:04.677+0000][1][safepoint    ] Leaving safepoint region
[2022-06-13T01:32:04.678+0000][1][safepoint    ] Total time for which application threads were stopped: 0.0007667 seconds, Stopping threads took: 0.0003736 seconds
[2022-06-13T01:32:04.679+0000][1][safepoint    ] Application time: 0.0004833 seconds
[2022-06-13T01:32:04.679+0000][1][safepoint    ] Entering safepoint region: RevokeBias
[2022-06-13T01:32:04.679+0000][1][safepoint    ] Leaving safepoint region
[2022-06-13T01:32:04.680+0000][1][safepoint    ] Total time for which application threads were stopped: 0.0010486 seconds, Stopping threads took: 0.0003970 seconds
[2022-06-13T01:32:04.681+0000][1][safepoint    ] Application time: 0.0005552 seconds
[2022-06-13T01:32:04.682+0000][1][safepoint    ] Entering safepoint region: RevokeBias
[2022-06-13T01:32:04.682+0000][1][safepoint    ] Leaving safepoint region
[2022-06-13T01:32:04.683+0000][1][safepoint    ] Total time for which application threads were stopped: 0.0010708 seconds, Stopping threads took: 0.0005135 seconds
[2022-06-13T01:32:04.684+0000][1][safepoint    ] Application time: 0.0006027 seconds
[2022-06-13T01:32:04.684+0000][1][safepoint    ] Entering safepoint region: RevokeBias
[2022-06-13T01:32:04.684+0000][1][safepoint    ] Leaving safepoint region
[2022-06-13T01:32:04.685+0000][1][safepoint    ] Total time for which application threads were stopped: 0.0006803 seconds, Stopping threads took: 0.0002787 seconds
[2022-06-13T01:32:04.685+0000][1][safepoint    ] Application time: 0.0002846 seconds
[2022-06-13T01:32:04.686+0000][1][safepoint    ] Entering safepoint region: RevokeBias
[2022-06-13T01:32:04.686+0000][1][safepoint    ] Leaving safepoint region
[2022-06-13T01:32:04.686+0000][1][safepoint    ] Total time for which application threads were stopped: 0.0006321 seconds, Stopping threads took: 0.0002179 seconds
[2022-06-13T01:32:04.687+0000][1][safepoint    ] Application time: 0.0004277 seconds
[2022-06-13T01:32:04.688+0000][1][safepoint    ] Entering safepoint region: RevokeBias
[2022-06-13T01:32:04.688+0000][1][safepoint    ] Leaving safepoint region
[2022-06-13T01:32:04.689+0000][1][safepoint    ] Total time for which application threads were stopped: 0.0011642 seconds, Stopping threads took: 0.0005445 seconds
[2022-06-13T01:32:04.690+0000][1][safepoint    ] Application time: 0.0003608 seconds
[2022-06-13T01:32:04.691+0000][1][safepoint    ] Entering safepoint region: RevokeBias
[2022-06-13T01:32:04.692+0000][1][safepoint    ] Leaving safepoint region
[2022-06-13T01:32:04.692+0000][1][safepoint    ] Total time for which application threads were stopped: 0.0011535 seconds, Stopping threads took: 0.0006996 seconds
[2022-06-13T01:32:04.694+0000][1][safepoint    ] Application time: 0.0017395 seconds
[2022-06-13T01:32:04.695+0000][1][safepoint    ] Entering safepoint region: RevokeBias
[2022-06-13T01:32:04.696+0000][1][safepoint    ] Leaving safepoint region
[2022-06-13T01:32:04.696+0000][1][safepoint    ] Total time for which application threads were stopped: 0.0014879 seconds, Stopping threads took: 0.0008236 seconds
[2022-06-13T01:32:04.697+0000][1][safepoint    ] Application time: 0.0003008 seconds
[2022-06-13T01:32:04.697+0000][1][safepoint    ] Entering safepoint region: RevokeBias
[2022-06-13T01:32:04.697+0000][1][safepoint    ] Leaving safepoint region
[2022-06-13T01:32:04.698+0000][1][safepoint    ] Total time for which application threads were stopped: 0.0006545 seconds, Stopping threads took: 0.0002350 seconds
[2022-06-13T01:32:04.699+0000][1][safepoint    ] Application time: 0.0006202 seconds
[2022-06-13T01:32:04.699+0000][1][safepoint    ] Entering safepoint region: RevokeBias
[2022-06-13T01:32:04.699+0000][1][safepoint    ] Leaving safepoint region
[2022-06-13T01:32:04.700+0000][1][safepoint    ] Total time for which application threads were stopped: 0.0007130 seconds, Stopping threads took: 0.0003128 seconds
[2022-06-13T01:32:04.701+0000][1][safepoint    ] Application time: 0.0006390 seconds
[2022-06-13T01:32:04.702+0000][1][safepoint    ] Entering safepoint region: RevokeBias
[2022-06-13T01:32:04.702+0000][1][safepoint    ] Leaving safepoint region
[2022-06-13T01:32:04.703+0000][1][safepoint    ] Total time for which application threads were stopped: 0.0010987 seconds, Stopping threads took: 0.0005808 seconds
[2022-06-13T01:32:04.704+0000][1][safepoint    ] Application time: 0.0007211 seconds
[2022-06-13T01:32:04.705+0000][1][safepoint    ] Entering safepoint region: RevokeBias
[2022-06-13T01:32:04.706+0000][1][safepoint    ] Leaving safepoint region
[2022-06-13T01:32:04.706+0000][1][safepoint    ] Total time for which application threads were stopped: 0.0011532 seconds, Stopping threads took: 0.0006906 seconds
[2022-06-13T01:32:04.707+0000][1][safepoint    ] Application time: 0.0005039 seconds
[2022-06-13T01:32:04.708+0000][1][safepoint    ] Entering safepoint region: RevokeBias
[2022-06-13T01:32:04.708+0000][1][safepoint    ] Leaving safepoint region
[2022-06-13T01:32:04.709+0000][1][safepoint    ] Total time for which application threads were stopped: 0.0011599 seconds, Stopping threads took: 0.0006732 seconds
[2022-06-13T01:32:04.710+0000][1][safepoint    ] Application time: 0.0010163 seconds
[2022-06-13T01:32:04.711+0000][1][safepoint    ] Entering safepoint region: RevokeBias
[2022-06-13T01:32:04.711+0000][1][safepoint    ] Leaving safepoint region
[2022-06-13T01:32:04.712+0000][1][safepoint    ] Total time for which application threads were stopped: 0.0013379 seconds, Stopping threads took: 0.0004308 seconds
[2022-06-13T01:32:04.713+0000][1][safepoint    ] Application time: 0.0002822 seconds
[2022-06-13T01:32:04.713+0000][1][safepoint    ] Entering safepoint region: RevokeBias
[2022-06-13T01:32:04.714+0000][1][safepoint    ] Leaving safepoint region
[2022-06-13T01:32:04.714+0000][1][safepoint    ] Total time for which application threads were stopped: 0.0007463 seconds, Stopping threads took: 0.0002177 seconds
[2022-06-13T01:32:04.715+0000][1][safepoint    ] Application time: 0.0003230 seconds
[2022-06-13T01:32:04.716+0000][1][safepoint    ] Entering safepoint region: RevokeBias
[2022-06-13T01:32:04.716+0000][1][safepoint    ] Leaving safepoint region
[2022-06-13T01:32:04.716+0000][1][safepoint    ] Total time for which application threads were stopped: 0.0008320 seconds, Stopping threads took: 0.0004671 seconds
[2022-06-13T01:32:04.717+0000][1][safepoint    ] Application time: 0.0001489 seconds
[2022-06-13T01:32:04.717+0000][1][safepoint    ] Entering safepoint region: RevokeBias
[2022-06-13T01:32:04.718+0000][1][safepoint    ] Leaving safepoint region
[2022-06-13T01:32:04.718+0000][1][safepoint    ] Total time for which application threads were stopped: 0.0009415 seconds, Stopping threads took: 0.0004932 seconds
[2022-06-13T01:32:04.719+0000][1][safepoint    ] Application time: 0.0005237 seconds
[2022-06-13T01:32:04.720+0000][1][safepoint    ] Entering safepoint region: RevokeBias
[2022-06-13T01:32:04.720+0000][1][safepoint    ] Leaving safepoint region
[2022-06-13T01:32:04.721+0000][1][safepoint    ] Total time for which application threads were stopped: 0.0006449 seconds, Stopping threads took: 0.0002851 seconds
[2022-06-13T01:32:04.721+0000][1][safepoint    ] Application time: 0.0001570 seconds
[2022-06-13T01:32:04.722+0000][1][safepoint    ] Entering safepoint region: RevokeBias
[2022-06-13T01:32:04.722+0000][1][safepoint    ] Leaving safepoint region
[2022-06-13T01:32:04.722+0000][1][safepoint    ] Total time for which application threads were stopped: 0.0004859 seconds, Stopping threads took: 0.0002203 seconds
[2022-06-13T01:32:04.723+0000][1][safepoint    ] Application time: 0.0006127 seconds
[2022-06-13T01:32:04.724+0000][1][safepoint    ] Entering safepoint region: RevokeBias
[2022-06-13T01:32:04.724+0000][1][safepoint    ] Leaving safepoint region
[2022-06-13T01:32:04.724+0000][1][safepoint    ] Total time for which application threads were stopped: 0.0007209 seconds, Stopping threads took: 0.0003383 seconds
[2022-06-13T01:32:04.725+0000][1][safepoint    ] Application time: 0.0001877 seconds
[2022-06-13T01:32:04.725+0000][1][safepoint    ] Entering safepoint region: RevokeBias
[2022-06-13T01:32:04.726+0000][1][safepoint    ] Leaving safepoint region
[2022-06-13T01:32:04.726+0000][1][safepoint    ] Total time for which application threads were stopped: 0.0008136 seconds, Stopping threads took: 0.0004734 seconds
[2022-06-13T01:32:04.726+0000][1][safepoint    ] Application time: 0.0003598 seconds
[2022-06-13T01:32:04.727+0000][1][safepoint    ] Entering safepoint region: RevokeBias
[2022-06-13T01:32:04.727+0000][1][safepoint    ] Leaving safepoint region
[2022-06-13T01:32:04.727+0000][1][safepoint    ] Total time for which application threads were stopped: 0.0007291 seconds, Stopping threads took: 0.0004674 seconds
[2022-06-13T01:32:04.728+0000][1][safepoint    ] Application time: 0.0002485 seconds
[2022-06-13T01:32:04.728+0000][1][safepoint    ] Entering safepoint region: RevokeBias
[2022-06-13T01:32:04.729+0000][1][safepoint    ] Leaving safepoint region
[2022-06-13T01:32:04.730+0000][1][safepoint    ] Total time for which application threads were stopped: 0.0012423 seconds, Stopping threads took: 0.0009117 seconds
[2022-06-13T01:32:04.730+0000][1][safepoint    ] Application time: 0.0003778 seconds
[2022-06-13T01:32:04.731+0000][1][safepoint    ] Entering safepoint region: RevokeBias
[2022-06-13T01:32:04.731+0000][1][safepoint    ] Leaving safepoint region
[2022-06-13T01:32:04.731+0000][1][safepoint    ] Total time for which application threads were stopped: 0.0005376 seconds, Stopping threads took: 0.0002628 seconds
[2022-06-13T01:32:04.732+0000][1][safepoint    ] Application time: 0.0001741 seconds
[2022-06-13T01:32:04.732+0000][1][safepoint    ] Entering safepoint region: RevokeBias
[2022-06-13T01:32:04.732+0000][1][safepoint    ] Leaving safepoint region
[2022-06-13T01:32:04.733+0000][1][safepoint    ] Total time for which application threads were stopped: 0.0006344 seconds, Stopping threads took: 0.0002261 seconds
[2022-06-13T01:32:04.734+0000][1][safepoint    ] Application time: 0.0009099 seconds
[2022-06-13T01:32:04.734+0000][1][safepoint    ] Entering safepoint region: RevokeBias
[2022-06-13T01:32:04.735+0000][1][safepoint    ] Leaving safepoint region
[2022-06-13T01:32:04.735+0000][1][safepoint    ] Total time for which application threads were stopped: 0.0007825 seconds, Stopping threads took: 0.0004569 seconds
[2022-06-13T01:32:04.737+0000][1][safepoint    ] Application time: 0.0015214 seconds
[2022-06-13T01:32:04.737+0000][1][safepoint    ] Entering safepoint region: RevokeBias
[2022-06-13T01:32:04.737+0000][1][safepoint    ] Leaving safepoint region
[2022-06-13T01:32:04.737+0000][1][safepoint    ] Total time for which application threads were stopped: 0.0004480 seconds, Stopping threads took: 0.0002187 seconds
[2022-06-13T01:32:04.738+0000][1][safepoint    ] Application time: 0.0003965 seconds
[2022-06-13T01:32:04.738+0000][1][safepoint    ] Entering safepoint region: RevokeBias
[2022-06-13T01:32:04.738+0000][1][safepoint    ] Leaving safepoint region
[2022-06-13T01:32:04.739+0000][1][safepoint    ] Total time for which application threads were stopped: 0.0003874 seconds, Stopping threads took: 0.0001730 seconds
[2022-06-13T01:32:04.739+0000][1][safepoint    ] Application time: 0.0001267 seconds
[2022-06-13T01:32:04.739+0000][1][safepoint    ] Entering safepoint region: RevokeBias
[2022-06-13T01:32:04.739+0000][1][safepoint    ] Leaving safepoint region
[2022-06-13T01:32:04.740+0000][1][safepoint    ] Total time for which application threads were stopped: 0.0005189 seconds, Stopping threads took: 0.0002214 seconds
[2022-06-13T01:32:04.740+0000][1][safepoint    ] Application time: 0.0002578 seconds
[2022-06-13T01:32:04.741+0000][1][safepoint    ] Entering safepoint region: RevokeBias
[2022-06-13T01:32:04.741+0000][1][safepoint    ] Leaving safepoint region
[2022-06-13T01:32:04.741+0000][1][safepoint    ] Total time for which application threads were stopped: 0.0008383 seconds, Stopping threads took: 0.0004783 seconds
[2022-06-13T01:32:04.742+0000][1][safepoint    ] Application time: 0.0002778 seconds
[2022-06-13T01:32:04.742+0000][1][safepoint    ] Entering safepoint region: RevokeBias
[2022-06-13T01:32:04.742+0000][1][safepoint    ] Leaving safepoint region
[2022-06-13T01:32:04.743+0000][1][safepoint    ] Total time for which application threads were stopped: 0.0005763 seconds, Stopping threads took: 0.0002563 seconds
[2022-06-13T01:32:04.743+0000][1][safepoint    ] Application time: 0.0002416 seconds
[2022-06-13T01:32:04.744+0000][1][safepoint    ] Entering safepoint region: RevokeBias
[2022-06-13T01:32:04.744+0000][1][safepoint    ] Leaving safepoint region
[2022-06-13T01:32:04.744+0000][1][safepoint    ] Total time for which application threads were stopped: 0.0006769 seconds, Stopping threads took: 0.0002288 seconds
[2022-06-13T01:32:04.748+0000][1][safepoint    ] Application time: 0.0034992 seconds
[2022-06-13T01:32:04.748+0000][1][safepoint    ] Entering safepoint region: RevokeBias
[2022-06-13T01:32:04.749+0000][1][safepoint    ] Leaving safepoint region
[2022-06-13T01:32:04.749+0000][1][safepoint    ] Total time for which application threads were stopped: 0.0006075 seconds, Stopping threads took: 0.0003275 seconds
[2022-06-13T01:32:04.750+0000][1][safepoint    ] Application time: 0.0004420 seconds
[2022-06-13T01:32:04.751+0000][1][safepoint    ] Entering safepoint region: RevokeBias
[2022-06-13T01:32:04.751+0000][1][safepoint    ] Leaving safepoint region
[2022-06-13T01:32:04.751+0000][1][safepoint    ] Total time for which application threads were stopped: 0.0006962 seconds, Stopping threads took: 0.0003346 seconds
[2022-06-13T01:32:04.753+0000][1][safepoint    ] Application time: 0.0010833 seconds
[2022-06-13T01:32:04.753+0000][1][safepoint    ] Entering safepoint region: RevokeBias
[2022-06-13T01:32:04.753+0000][1][safepoint    ] Leaving safepoint region
[2022-06-13T01:32:04.754+0000][1][safepoint    ] Total time for which application threads were stopped: 0.0007694 seconds, Stopping threads took: 0.0003864 seconds
[2022-06-13T01:32:04.755+0000][1][safepoint    ] Application time: 0.0013803 seconds
[2022-06-13T01:32:04.756+0000][1][safepoint    ] Entering safepoint region: BulkRevokeBias
[2022-06-13T01:32:04.756+0000][1][safepoint    ] Leaving safepoint region
[2022-06-13T01:32:04.757+0000][1][safepoint    ] Total time for which application threads were stopped: 0.0010312 seconds, Stopping threads took: 0.0003096 seconds
[2022-06-13T01:32:04.770+0000][1][safepoint    ] Application time: 0.0125961 seconds
[2022-06-13T01:32:04.770+0000][1][safepoint    ] Entering safepoint region: RevokeBias
[2022-06-13T01:32:04.770+0000][1][safepoint    ] Leaving safepoint region
[2022-06-13T01:32:04.771+0000][1][safepoint    ] Total time for which application threads were stopped: 0.0005886 seconds, Stopping threads took: 0.0003149 seconds
[2022-06-13T01:32:04.779+0000][1][safepoint    ] Application time: 0.0076487 seconds
[2022-06-13T01:32:04.779+0000][1][safepoint    ] Entering safepoint region: RevokeBias
[2022-06-13T01:32:04.779+0000][1][safepoint    ] Leaving safepoint region
[2022-06-13T01:32:04.780+0000][1][safepoint    ] Total time for which application threads were stopped: 0.0006516 seconds, Stopping threads took: 0.0003567 seconds
[2022-06-13T01:32:04.780+0000][1][safepoint    ] Application time: 0.0001840 seconds
[2022-06-13T01:32:04.780+0000][1][safepoint    ] Entering safepoint region: RevokeBias
[2022-06-13T01:32:04.780+0000][1][safepoint    ] Leaving safepoint region
[2022-06-13T01:32:04.781+0000][1][safepoint    ] Total time for which application threads were stopped: 0.0003876 seconds, Stopping threads took: 0.0001574 seconds
[2022-06-13T01:32:04.781+0000][1][safepoint    ] Application time: 0.0001200 seconds
[2022-06-13T01:32:04.781+0000][1][safepoint    ] Entering safepoint region: RevokeBias
[2022-06-13T01:32:04.782+0000][1][safepoint    ] Leaving safepoint region
[2022-06-13T01:32:04.782+0000][1][safepoint    ] Total time for which application threads were stopped: 0.0007875 seconds, Stopping threads took: 0.0003234 seconds
[2022-06-13T01:32:04.783+0000][1][safepoint    ] Application time: 0.0007735 seconds
[2022-06-13T01:32:04.784+0000][1][safepoint    ] Entering safepoint region: RevokeBias
[2022-06-13T01:32:04.784+0000][1][safepoint    ] Leaving safepoint region
[2022-06-13T01:32:04.785+0000][1][safepoint    ] Total time for which application threads were stopped: 0.0010556 seconds, Stopping threads took: 0.0004485 seconds
[2022-06-13T01:32:04.787+0000][1][safepoint    ] Application time: 0.0015264 seconds
[2022-06-13T01:32:04.787+0000][1][safepoint    ] Entering safepoint region: RevokeBias
[2022-06-13T01:32:04.788+0000][1][safepoint    ] Leaving safepoint region
[2022-06-13T01:32:04.788+0000][1][safepoint    ] Total time for which application threads were stopped: 0.0010644 seconds, Stopping threads took: 0.0005040 seconds
[2022-06-13T01:32:04.789+0000][1][safepoint    ] Application time: 0.0008154 seconds
[2022-06-13T01:32:04.790+0000][1][safepoint    ] Entering safepoint region: RevokeBias
[2022-06-13T01:32:04.790+0000][1][safepoint    ] Leaving safepoint region
[2022-06-13T01:32:04.791+0000][1][safepoint    ] Total time for which application threads were stopped: 0.0008043 seconds, Stopping threads took: 0.0004393 seconds
[2022-06-13T01:32:04.791+0000][1][safepoint    ] Application time: 0.0003953 seconds
[2022-06-13T01:32:04.792+0000][1][safepoint    ] Entering safepoint region: RevokeBias
[2022-06-13T01:32:04.792+0000][1][safepoint    ] Leaving safepoint region
[2022-06-13T01:32:04.792+0000][1][safepoint    ] Total time for which application threads were stopped: 0.0007572 seconds, Stopping threads took: 0.0004674 seconds
[2022-06-13T01:32:04.795+0000][1][safepoint    ] Application time: 0.0023719 seconds
[2022-06-13T01:32:04.795+0000][1][safepoint    ] Entering safepoint region: RevokeBias
[2022-06-13T01:32:04.796+0000][1][safepoint    ] Leaving safepoint region
[2022-06-13T01:32:04.796+0000][1][safepoint    ] Total time for which application threads were stopped: 0.0006503 seconds, Stopping threads took: 0.0002942 seconds
[2022-06-13T01:32:04.797+0000][1][safepoint    ] Application time: 0.0001956 seconds
[2022-06-13T01:32:04.797+0000][1][safepoint    ] Entering safepoint region: RevokeBias
[2022-06-13T01:32:04.797+0000][1][safepoint    ] Leaving safepoint region
[2022-06-13T01:32:04.797+0000][1][safepoint    ] Total time for which application threads were stopped: 0.0005137 seconds, Stopping threads took: 0.0003152 seconds
[2022-06-13T01:32:04.800+0000][1][safepoint    ] Application time: 0.0027825 seconds
[2022-06-13T01:32:04.801+0000][1][safepoint    ] Entering safepoint region: RevokeBias
[2022-06-13T01:32:04.801+0000][1][safepoint    ] Leaving safepoint region
[2022-06-13T01:32:04.801+0000][1][safepoint    ] Total time for which application threads were stopped: 0.0005098 seconds, Stopping threads took: 0.0002530 seconds
[2022-06-13T01:32:04.802+0000][1][safepoint    ] Application time: 0.0004570 seconds
[2022-06-13T01:32:04.802+0000][1][safepoint    ] Entering safepoint region: RevokeBias
[2022-06-13T01:32:04.803+0000][1][safepoint    ] Leaving safepoint region
[2022-06-13T01:32:04.803+0000][1][safepoint    ] Total time for which application threads were stopped: 0.0007804 seconds, Stopping threads took: 0.0004068 seconds
[2022-06-13T01:32:04.807+0000][1][gc,heap,exit ] Heap
[2022-06-13T01:32:04.807+0000][1][gc,heap,exit ]  par new generation   total 78656K, used 29099K [0x00000000f0000000, 0x00000000f5550000, 0x00000000f5550000)
[2022-06-13T01:32:04.807+0000][1][gc,heap,exit ]   eden space 69952K,  39% used [0x00000000f0000000, 0x00000000f1b18560, 0x00000000f4450000)
[2022-06-13T01:32:04.808+0000][1][gc,heap,exit ]   from space 8704K,  15% used [0x00000000f4cd0000, 0x00000000f4e22a50, 0x00000000f5550000)
[2022-06-13T01:32:04.808+0000][1][gc,heap,exit ]   to   space 8704K,   0% used [0x00000000f4450000, 0x00000000f4450000, 0x00000000f4cd0000)
[2022-06-13T01:32:04.808+0000][1][gc,heap,exit ]  concurrent mark-sweep generation total 174784K, used 67841K [0x00000000f5550000, 0x0000000100000000, 0x0000000100000000)
[2022-06-13T01:32:04.809+0000][1][gc,heap,exit ]  Metaspace       used 65512K, capacity 70474K, committed 70604K, reserved 1110016K
[2022-06-13T01:32:04.809+0000][1][gc,heap,exit ]   class space    used 8885K, capacity 10977K, committed 11072K, reserved 1048576K
[2022-06-13T01:32:04.809+0000][1][safepoint    ] Application time: 0.0057596 seconds
[2022-06-13T01:32:04.809+0000][1][safepoint    ] Entering safepoint region: Exit
