[2022-06-13T03:17:28.303+0000][1][gc] Using Concurrent Mark Sweep
[2022-06-13T03:17:28.303+0000][1][gc,heap,coops] Heap address: 0x00000000f0000000, size: 256 MB, Compressed Oops mode: 32-bit
[2022-06-13T03:17:28.353+0000][1][safepoint    ] Entering safepoint region: EnableBiasedLocking
[2022-06-13T03:17:28.353+0000][1][safepoint    ] Leaving safepoint region
[2022-06-13T03:17:28.354+0000][1][safepoint    ] Total time for which application threads were stopped: 0.0005355 seconds, Stopping threads took: 0.0001946 seconds
[2022-06-13T03:17:28.358+0000][1][safepoint    ] Application time: 0.0040953 seconds
[2022-06-13T03:17:28.359+0000][1][safepoint    ] Entering safepoint region: RevokeBias
[2022-06-13T03:17:28.395+0000][1][safepoint    ] Leaving safepoint region
[2022-06-13T03:17:28.395+0000][1][safepoint    ] Total time for which application threads were stopped: 0.0355780 seconds, Stopping threads took: 0.0352022 seconds
[2022-06-13T03:17:28.405+0000][1][safepoint    ] Application time: 0.0101359 seconds
[2022-06-13T03:17:28.413+0000][1][safepoint    ] Entering safepoint region: Deoptimize
[2022-06-13T03:17:28.418+0000][1][safepoint    ] Leaving safepoint region
[2022-06-13T03:17:28.418+0000][1][safepoint    ] Total time for which application threads were stopped: 0.0050328 seconds, Stopping threads took: 0.0044887 seconds
[2022-06-13T03:17:28.556+0000][1][safepoint    ] Application time: 0.1369707 seconds
[2022-06-13T03:17:28.556+0000][1][safepoint    ] Entering safepoint region: Deoptimize
[2022-06-13T03:17:28.556+0000][1][safepoint    ] Leaving safepoint region
[2022-06-13T03:17:28.556+0000][1][safepoint    ] Total time for which application threads were stopped: 0.0004443 seconds, Stopping threads took: 0.0001908 seconds
[2022-06-13T03:17:28.788+0000][1][safepoint    ] Application time: 0.2316054 seconds
[2022-06-13T03:17:28.788+0000][1][safepoint    ] Entering safepoint region: Deoptimize
[2022-06-13T03:17:28.789+0000][1][safepoint    ] Leaving safepoint region
[2022-06-13T03:17:28.789+0000][1][safepoint    ] Total time for which application threads were stopped: 0.0004482 seconds, Stopping threads took: 0.0001292 seconds
[2022-06-13T03:17:28.802+0000][1][safepoint    ] Application time: 0.0133117 seconds
[2022-06-13T03:17:28.804+0000][1][safepoint    ] Entering safepoint region: Deoptimize
[2022-06-13T03:17:28.805+0000][1][safepoint    ] Leaving safepoint region
[2022-06-13T03:17:28.805+0000][1][safepoint    ] Total time for which application threads were stopped: 0.0006085 seconds, Stopping threads took: 0.0002631 seconds
[2022-06-13T03:17:28.838+0000][1][safepoint    ] Application time: 0.0321783 seconds
[2022-06-13T03:17:28.838+0000][1][safepoint    ] Entering safepoint region: Deoptimize
[2022-06-13T03:17:28.838+0000][1][safepoint    ] Leaving safepoint region
[2022-06-13T03:17:28.838+0000][1][safepoint    ] Total time for which application threads were stopped: 0.0006247 seconds, Stopping threads took: 0.0001259 seconds
[2022-06-13T03:17:28.849+0000][1][safepoint    ] Application time: 0.0102008 seconds
[2022-06-13T03:17:28.849+0000][1][safepoint    ] Entering safepoint region: Deoptimize
[2022-06-13T03:17:28.849+0000][1][safepoint    ] Leaving safepoint region
[2022-06-13T03:17:28.850+0000][1][safepoint    ] Total time for which application threads were stopped: 0.0014177 seconds, Stopping threads took: 0.0001907 seconds
[2022-06-13T03:17:29.242+0000][1][safepoint    ] Application time: 0.3900047 seconds
[2022-06-13T03:17:29.243+0000][1][safepoint    ] Entering safepoint region: Deoptimize
[2022-06-13T03:17:29.244+0000][1][safepoint    ] Leaving safepoint region
[2022-06-13T03:17:29.244+0000][1][safepoint    ] Total time for which application threads were stopped: 0.0009544 seconds, Stopping threads took: 0.0003126 seconds
[2022-06-13T03:17:29.416+0000][1][safepoint    ] Application time: 0.1723739 seconds
[2022-06-13T03:17:29.442+0000][1][safepoint    ] Entering safepoint region: RevokeBias
[2022-06-13T03:17:29.442+0000][1][safepoint    ] Leaving safepoint region
[2022-06-13T03:17:29.443+0000][1][safepoint    ] Total time for which application threads were stopped: 0.0004373 seconds, Stopping threads took: 0.0002129 seconds
[2022-06-13T03:17:29.529+0000][1][safepoint    ] Application time: 0.0863550 seconds
[2022-06-13T03:17:29.535+0000][1][safepoint    ] Entering safepoint region: Deoptimize
[2022-06-13T03:17:29.536+0000][1][safepoint    ] Leaving safepoint region
[2022-06-13T03:17:29.536+0000][1][safepoint    ] Total time for which application threads were stopped: 0.0005872 seconds, Stopping threads took: 0.0001708 seconds
[2022-06-13T03:17:29.626+0000][1][safepoint    ] Application time: 0.0898173 seconds
[2022-06-13T03:17:29.626+0000][1][safepoint    ] Entering safepoint region: Deoptimize
[2022-06-13T03:17:29.626+0000][1][safepoint    ] Leaving safepoint region
[2022-06-13T03:17:29.626+0000][1][safepoint    ] Total time for which application threads were stopped: 0.0005325 seconds, Stopping threads took: 0.0001321 seconds
[2022-06-13T03:17:29.627+0000][1][safepoint    ] Application time: 0.0001422 seconds
[2022-06-13T03:17:29.627+0000][1][safepoint    ] Entering safepoint region: Deoptimize
[2022-06-13T03:17:29.627+0000][1][safepoint    ] Leaving safepoint region
[2022-06-13T03:17:29.627+0000][1][safepoint    ] Total time for which application threads were stopped: 0.0004661 seconds, Stopping threads took: 0.0001256 seconds
[2022-06-13T03:17:29.655+0000][1][safepoint    ] Application time: 0.0278782 seconds
[2022-06-13T03:17:29.656+0000][1][safepoint    ] Entering safepoint region: Deoptimize
[2022-06-13T03:17:29.656+0000][1][safepoint    ] Leaving safepoint region
[2022-06-13T03:17:29.656+0000][1][safepoint    ] Total time for which application threads were stopped: 0.0006548 seconds, Stopping threads took: 0.0002363 seconds
[2022-06-13T03:17:29.662+0000][1][safepoint    ] Application time: 0.0053846 seconds
[2022-06-13T03:17:29.662+0000][1][safepoint    ] Entering safepoint region: RevokeBias
[2022-06-13T03:17:29.662+0000][1][safepoint    ] Leaving safepoint region
[2022-06-13T03:17:29.662+0000][1][safepoint    ] Total time for which application threads were stopped: 0.0004621 seconds, Stopping threads took: 0.0002517 seconds
[2022-06-13T03:17:29.663+0000][1][safepoint    ] Application time: 0.0002448 seconds
[2022-06-13T03:17:29.663+0000][1][safepoint    ] Entering safepoint region: RevokeBias
[2022-06-13T03:17:29.663+0000][1][safepoint    ] Leaving safepoint region
[2022-06-13T03:17:29.663+0000][1][safepoint    ] Total time for which application threads were stopped: 0.0003521 seconds, Stopping threads took: 0.0001704 seconds
[2022-06-13T03:17:29.664+0000][1][safepoint    ] Application time: 0.0001039 seconds
[2022-06-13T03:17:29.664+0000][1][safepoint    ] Entering safepoint region: RevokeBias
[2022-06-13T03:17:29.664+0000][1][safepoint    ] Leaving safepoint region
[2022-06-13T03:17:29.664+0000][1][safepoint    ] Total time for which application threads were stopped: 0.0003034 seconds, Stopping threads took: 0.0001547 seconds
[2022-06-13T03:17:29.664+0000][1][safepoint    ] Application time: 0.0002173 seconds
[2022-06-13T03:17:29.665+0000][1][safepoint    ] Entering safepoint region: RevokeBias
[2022-06-13T03:17:29.665+0000][1][safepoint    ] Leaving safepoint region
[2022-06-13T03:17:29.665+0000][1][safepoint    ] Total time for which application threads were stopped: 0.0002623 seconds, Stopping threads took: 0.0001140 seconds
[2022-06-13T03:17:29.665+0000][1][safepoint    ] Application time: 0.0003768 seconds
[2022-06-13T03:17:29.666+0000][1][safepoint    ] Entering safepoint region: RevokeBias
[2022-06-13T03:17:29.666+0000][1][safepoint    ] Leaving safepoint region
[2022-06-13T03:17:29.666+0000][1][safepoint    ] Total time for which application threads were stopped: 0.0003237 seconds, Stopping threads took: 0.0001466 seconds
[2022-06-13T03:17:29.672+0000][1][safepoint    ] Application time: 0.0062504 seconds
[2022-06-13T03:17:29.672+0000][1][safepoint    ] Entering safepoint region: Deoptimize
[2022-06-13T03:17:29.673+0000][1][safepoint    ] Leaving safepoint region
[2022-06-13T03:17:29.673+0000][1][safepoint    ] Total time for which application threads were stopped: 0.0004719 seconds, Stopping threads took: 0.0001304 seconds
[2022-06-13T03:17:29.700+0000][1][safepoint    ] Application time: 0.0271581 seconds
[2022-06-13T03:17:29.701+0000][1][safepoint    ] Entering safepoint region: RevokeBias
[2022-06-13T03:17:29.701+0000][1][safepoint    ] Leaving safepoint region
[2022-06-13T03:17:29.701+0000][1][safepoint    ] Total time for which application threads were stopped: 0.0004342 seconds, Stopping threads took: 0.0001884 seconds
[2022-06-13T03:17:29.722+0000][1][safepoint    ] Application time: 0.0208131 seconds
[2022-06-13T03:17:29.722+0000][1][safepoint    ] Entering safepoint region: GenCollectForAllocation
[2022-06-13T03:17:29.722+0000][1][gc,start     ] GC(0) Pause Young (Allocation Failure)
[2022-06-13T03:17:29.724+0000][1][gc,task      ] GC(0) Using 5 workers of 13 for evacuation
[2022-06-13T03:17:29.732+0000][1][gc,age       ] GC(0) Desired survivor size 4456448 bytes, new threshold 1 (max threshold 6)
[2022-06-13T03:17:29.732+0000][1][gc,age       ] GC(0) Age table with threshold 1 (max threshold 6)
[2022-06-13T03:17:29.732+0000][1][gc,age       ] GC(0) - age   1:    8179360 bytes,    8179360 total
[2022-06-13T03:17:29.732+0000][1][gc,heap      ] GC(0) ParNew: 69952K->8094K(78656K)
[2022-06-13T03:17:29.733+0000][1][gc,heap      ] GC(0) CMS: 0K->0K(174784K)
[2022-06-13T03:17:29.733+0000][1][gc,metaspace ] GC(0) Metaspace: 12180K->12180K(1060864K)
[2022-06-13T03:17:29.733+0000][1][gc           ] GC(0) Pause Young (Allocation Failure) 68M->7M(247M) 10.605ms
[2022-06-13T03:17:29.733+0000][1][gc,cpu       ] GC(0) User=0.04s Sys=0.00s Real=0.01s
[2022-06-13T03:17:29.733+0000][1][safepoint    ] Leaving safepoint region
[2022-06-13T03:17:29.734+0000][1][safepoint    ] Total time for which application threads were stopped: 0.0113560 seconds, Stopping threads took: 0.0001848 seconds
[2022-06-13T03:17:29.734+0000][1][safepoint    ] Application time: 0.0004061 seconds
[2022-06-13T03:17:29.734+0000][1][safepoint    ] Entering safepoint region: RevokeBias
[2022-06-13T03:17:29.734+0000][1][safepoint    ] Leaving safepoint region
[2022-06-13T03:17:29.735+0000][1][safepoint    ] Total time for which application threads were stopped: 0.0003732 seconds, Stopping threads took: 0.0001932 seconds
[2022-06-13T03:17:29.735+0000][1][safepoint    ] Application time: 0.0000736 seconds
[2022-06-13T03:17:29.735+0000][1][safepoint    ] Entering safepoint region: RevokeBias
[2022-06-13T03:17:29.735+0000][1][safepoint    ] Leaving safepoint region
[2022-06-13T03:17:29.735+0000][1][safepoint    ] Total time for which application threads were stopped: 0.0003358 seconds, Stopping threads took: 0.0001610 seconds
[2022-06-13T03:17:29.735+0000][1][safepoint    ] Application time: 0.0000762 seconds
[2022-06-13T03:17:29.736+0000][1][safepoint    ] Entering safepoint region: RevokeBias
[2022-06-13T03:17:29.736+0000][1][safepoint    ] Leaving safepoint region
[2022-06-13T03:17:29.736+0000][1][safepoint    ] Total time for which application threads were stopped: 0.0003431 seconds, Stopping threads took: 0.0001505 seconds
[2022-06-13T03:17:29.736+0000][1][safepoint    ] Application time: 0.0000857 seconds
[2022-06-13T03:17:29.736+0000][1][safepoint    ] Entering safepoint region: RevokeBias
[2022-06-13T03:17:29.736+0000][1][safepoint    ] Leaving safepoint region
[2022-06-13T03:17:29.737+0000][1][safepoint    ] Total time for which application threads were stopped: 0.0003310 seconds, Stopping threads took: 0.0001656 seconds
[2022-06-13T03:17:29.737+0000][1][safepoint    ] Application time: 0.0000678 seconds
[2022-06-13T03:17:29.737+0000][1][safepoint    ] Entering safepoint region: RevokeBias
[2022-06-13T03:17:29.737+0000][1][safepoint    ] Leaving safepoint region
[2022-06-13T03:17:29.737+0000][1][safepoint    ] Total time for which application threads were stopped: 0.0003072 seconds, Stopping threads took: 0.0001321 seconds
[2022-06-13T03:17:29.737+0000][1][safepoint    ] Application time: 0.0000740 seconds
[2022-06-13T03:17:29.738+0000][1][safepoint    ] Entering safepoint region: RevokeBias
[2022-06-13T03:17:29.738+0000][1][safepoint    ] Leaving safepoint region
[2022-06-13T03:17:29.738+0000][1][safepoint    ] Total time for which application threads were stopped: 0.0002366 seconds, Stopping threads took: 0.0001086 seconds
[2022-06-13T03:17:29.738+0000][1][safepoint    ] Application time: 0.0001022 seconds
[2022-06-13T03:17:29.738+0000][1][safepoint    ] Entering safepoint region: RevokeBias
[2022-06-13T03:17:29.738+0000][1][safepoint    ] Leaving safepoint region
[2022-06-13T03:17:29.738+0000][1][safepoint    ] Total time for which application threads were stopped: 0.0003125 seconds, Stopping threads took: 0.0001163 seconds
[2022-06-13T03:17:29.739+0000][1][safepoint    ] Application time: 0.0000685 seconds
[2022-06-13T03:17:29.739+0000][1][safepoint    ] Entering safepoint region: RevokeBias
[2022-06-13T03:17:29.739+0000][1][safepoint    ] Leaving safepoint region
[2022-06-13T03:17:29.739+0000][1][safepoint    ] Total time for which application threads were stopped: 0.0002809 seconds, Stopping threads took: 0.0001239 seconds
[2022-06-13T03:17:29.740+0000][1][safepoint    ] Application time: 0.0001120 seconds
[2022-06-13T03:17:29.740+0000][1][safepoint    ] Entering safepoint region: RevokeBias
[2022-06-13T03:17:29.741+0000][1][safepoint    ] Leaving safepoint region
[2022-06-13T03:17:29.741+0000][1][safepoint    ] Total time for which application threads were stopped: 0.0003062 seconds, Stopping threads took: 0.0001484 seconds
[2022-06-13T03:17:29.741+0000][1][safepoint    ] Application time: 0.0000923 seconds
[2022-06-13T03:17:29.741+0000][1][safepoint    ] Entering safepoint region: RevokeBias
[2022-06-13T03:17:29.741+0000][1][safepoint    ] Leaving safepoint region
[2022-06-13T03:17:29.741+0000][1][safepoint    ] Total time for which application threads were stopped: 0.0003189 seconds, Stopping threads took: 0.0001578 seconds
[2022-06-13T03:17:29.742+0000][1][safepoint    ] Application time: 0.0001352 seconds
[2022-06-13T03:17:29.742+0000][1][safepoint    ] Entering safepoint region: RevokeBias
[2022-06-13T03:17:29.742+0000][1][safepoint    ] Leaving safepoint region
[2022-06-13T03:17:29.742+0000][1][safepoint    ] Total time for which application threads were stopped: 0.0003734 seconds, Stopping threads took: 0.0002199 seconds
[2022-06-13T03:17:29.742+0000][1][safepoint    ] Application time: 0.0000895 seconds
[2022-06-13T03:17:29.743+0000][1][safepoint    ] Entering safepoint region: RevokeBias
[2022-06-13T03:17:29.743+0000][1][safepoint    ] Leaving safepoint region
[2022-06-13T03:17:29.743+0000][1][safepoint    ] Total time for which application threads were stopped: 0.0002639 seconds, Stopping threads took: 0.0001229 seconds
[2022-06-13T03:17:29.743+0000][1][safepoint    ] Application time: 0.0001065 seconds
[2022-06-13T03:17:29.743+0000][1][safepoint    ] Entering safepoint region: RevokeBias
[2022-06-13T03:17:29.743+0000][1][safepoint    ] Leaving safepoint region
[2022-06-13T03:17:29.743+0000][1][safepoint    ] Total time for which application threads were stopped: 0.0003116 seconds, Stopping threads took: 0.0001762 seconds
[2022-06-13T03:17:29.744+0000][1][safepoint    ] Application time: 0.0000694 seconds
[2022-06-13T03:17:29.744+0000][1][safepoint    ] Entering safepoint region: RevokeBias
[2022-06-13T03:17:29.744+0000][1][safepoint    ] Leaving safepoint region
[2022-06-13T03:17:29.744+0000][1][safepoint    ] Total time for which application threads were stopped: 0.0003109 seconds, Stopping threads took: 0.0001525 seconds
[2022-06-13T03:17:29.744+0000][1][safepoint    ] Application time: 0.0001320 seconds
[2022-06-13T03:17:29.745+0000][1][safepoint    ] Entering safepoint region: RevokeBias
[2022-06-13T03:17:29.745+0000][1][safepoint    ] Leaving safepoint region
[2022-06-13T03:17:29.745+0000][1][safepoint    ] Total time for which application threads were stopped: 0.0004001 seconds, Stopping threads took: 0.0002323 seconds
[2022-06-13T03:17:29.745+0000][1][safepoint    ] Application time: 0.0000388 seconds
[2022-06-13T03:17:29.745+0000][1][safepoint    ] Entering safepoint region: RevokeBias
[2022-06-13T03:17:29.746+0000][1][safepoint    ] Leaving safepoint region
[2022-06-13T03:17:29.746+0000][1][safepoint    ] Total time for which application threads were stopped: 0.0005138 seconds, Stopping threads took: 0.0003497 seconds
[2022-06-13T03:17:29.746+0000][1][safepoint    ] Application time: 0.0000843 seconds
[2022-06-13T03:17:29.746+0000][1][safepoint    ] Entering safepoint region: RevokeBias
[2022-06-13T03:17:29.746+0000][1][safepoint    ] Leaving safepoint region
[2022-06-13T03:17:29.746+0000][1][safepoint    ] Total time for which application threads were stopped: 0.0003045 seconds, Stopping threads took: 0.0001531 seconds
[2022-06-13T03:17:29.747+0000][1][safepoint    ] Application time: 0.0000738 seconds
[2022-06-13T03:17:29.747+0000][1][safepoint    ] Entering safepoint region: RevokeBias
[2022-06-13T03:17:29.747+0000][1][safepoint    ] Leaving safepoint region
[2022-06-13T03:17:29.747+0000][1][safepoint    ] Total time for which application threads were stopped: 0.0002825 seconds, Stopping threads took: 0.0001352 seconds
[2022-06-13T03:17:29.747+0000][1][safepoint    ] Application time: 0.0000959 seconds
[2022-06-13T03:17:29.747+0000][1][safepoint    ] Entering safepoint region: RevokeBias
[2022-06-13T03:17:29.747+0000][1][safepoint    ] Leaving safepoint region
[2022-06-13T03:17:29.748+0000][1][safepoint    ] Total time for which application threads were stopped: 0.0002810 seconds, Stopping threads took: 0.0001274 seconds
[2022-06-13T03:17:29.748+0000][1][safepoint    ] Application time: 0.0000806 seconds
[2022-06-13T03:17:29.748+0000][1][safepoint    ] Entering safepoint region: RevokeBias
[2022-06-13T03:17:29.748+0000][1][safepoint    ] Leaving safepoint region
[2022-06-13T03:17:29.748+0000][1][safepoint    ] Total time for which application threads were stopped: 0.0002759 seconds, Stopping threads took: 0.0001446 seconds
[2022-06-13T03:17:29.748+0000][1][safepoint    ] Application time: 0.0000776 seconds
[2022-06-13T03:17:29.749+0000][1][safepoint    ] Entering safepoint region: RevokeBias
[2022-06-13T03:17:29.749+0000][1][safepoint    ] Leaving safepoint region
[2022-06-13T03:17:29.749+0000][1][safepoint    ] Total time for which application threads were stopped: 0.0002051 seconds, Stopping threads took: 0.0000925 seconds
[2022-06-13T03:17:29.749+0000][1][safepoint    ] Application time: 0.0000754 seconds
[2022-06-13T03:17:29.749+0000][1][safepoint    ] Entering safepoint region: RevokeBias
[2022-06-13T03:17:29.749+0000][1][safepoint    ] Leaving safepoint region
[2022-06-13T03:17:29.749+0000][1][safepoint    ] Total time for which application threads were stopped: 0.0002874 seconds, Stopping threads took: 0.0001216 seconds
[2022-06-13T03:17:29.750+0000][1][safepoint    ] Application time: 0.0001650 seconds
[2022-06-13T03:17:29.750+0000][1][safepoint    ] Entering safepoint region: RevokeBias
[2022-06-13T03:17:29.750+0000][1][safepoint    ] Leaving safepoint region
[2022-06-13T03:17:29.750+0000][1][safepoint    ] Total time for which application threads were stopped: 0.0004112 seconds, Stopping threads took: 0.0002307 seconds
[2022-06-13T03:17:29.751+0000][1][safepoint    ] Application time: 0.0000857 seconds
[2022-06-13T03:17:29.751+0000][1][safepoint    ] Entering safepoint region: RevokeBias
[2022-06-13T03:17:29.751+0000][1][safepoint    ] Leaving safepoint region
[2022-06-13T03:17:29.751+0000][1][safepoint    ] Total time for which application threads were stopped: 0.0003259 seconds, Stopping threads took: 0.0001505 seconds
[2022-06-13T03:17:29.751+0000][1][safepoint    ] Application time: 0.0000549 seconds
[2022-06-13T03:17:29.752+0000][1][safepoint    ] Entering safepoint region: RevokeBias
[2022-06-13T03:17:29.752+0000][1][safepoint    ] Leaving safepoint region
[2022-06-13T03:17:29.752+0000][1][safepoint    ] Total time for which application threads were stopped: 0.0003512 seconds, Stopping threads took: 0.0001901 seconds
[2022-06-13T03:17:29.752+0000][1][safepoint    ] Application time: 0.0000767 seconds
[2022-06-13T03:17:29.753+0000][1][safepoint    ] Entering safepoint region: RevokeBias
[2022-06-13T03:17:29.753+0000][1][safepoint    ] Leaving safepoint region
[2022-06-13T03:17:29.753+0000][1][safepoint    ] Total time for which application threads were stopped: 0.0003902 seconds, Stopping threads took: 0.0001897 seconds
[2022-06-13T03:17:29.764+0000][1][safepoint    ] Application time: 0.0111894 seconds
[2022-06-13T03:17:29.765+0000][1][safepoint    ] Entering safepoint region: RevokeBias
[2022-06-13T03:17:29.765+0000][1][safepoint    ] Leaving safepoint region
[2022-06-13T03:17:29.765+0000][1][safepoint    ] Total time for which application threads were stopped: 0.0004467 seconds, Stopping threads took: 0.0001339 seconds
[2022-06-13T03:17:29.958+0000][1][safepoint    ] Application time: 0.1929388 seconds
[2022-06-13T03:17:29.959+0000][1][safepoint    ] Entering safepoint region: Deoptimize
[2022-06-13T03:17:29.959+0000][1][safepoint    ] Leaving safepoint region
[2022-06-13T03:17:29.959+0000][1][safepoint    ] Total time for which application threads were stopped: 0.0007735 seconds, Stopping threads took: 0.0001597 seconds
[2022-06-13T03:17:30.144+0000][1][safepoint    ] Application time: 0.1846034 seconds
[2022-06-13T03:17:30.145+0000][1][safepoint    ] Entering safepoint region: RevokeBias
[2022-06-13T03:17:30.145+0000][1][safepoint    ] Leaving safepoint region
[2022-06-13T03:17:30.145+0000][1][safepoint    ] Total time for which application threads were stopped: 0.0004545 seconds, Stopping threads took: 0.0001951 seconds
[2022-06-13T03:17:30.220+0000][1][safepoint    ] Application time: 0.0747284 seconds
[2022-06-13T03:17:30.220+0000][1][safepoint    ] Entering safepoint region: RevokeBias
[2022-06-13T03:17:30.221+0000][1][safepoint    ] Leaving safepoint region
[2022-06-13T03:17:30.221+0000][1][safepoint    ] Total time for which application threads were stopped: 0.0006896 seconds, Stopping threads took: 0.0004396 seconds
[2022-06-13T03:17:30.225+0000][1][safepoint    ] Application time: 0.0044117 seconds
[2022-06-13T03:17:30.226+0000][1][safepoint    ] Entering safepoint region: RevokeBias
[2022-06-13T03:17:30.226+0000][1][safepoint    ] Leaving safepoint region
[2022-06-13T03:17:30.226+0000][1][safepoint    ] Total time for which application threads were stopped: 0.0003382 seconds, Stopping threads took: 0.0001403 seconds
[2022-06-13T03:17:30.243+0000][1][safepoint    ] Application time: 0.0172472 seconds
[2022-06-13T03:17:30.244+0000][1][safepoint    ] Entering safepoint region: GenCollectForAllocation
[2022-06-13T03:17:30.244+0000][1][gc,start     ] GC(1) Pause Young (Allocation Failure)
[2022-06-13T03:17:30.244+0000][1][gc,task      ] GC(1) Using 5 workers of 13 for evacuation
[2022-06-13T03:17:30.285+0000][1][gc,age       ] GC(1) Desired survivor size 4456448 bytes, new threshold 6 (max threshold 6)
[2022-06-13T03:17:30.285+0000][1][gc,age       ] GC(1) Age table with threshold 6 (max threshold 6)
[2022-06-13T03:17:30.285+0000][1][gc,age       ] GC(1) - age   1:    2010568 bytes,    2010568 total
[2022-06-13T03:17:30.285+0000][1][gc,heap      ] GC(1) ParNew: 78046K->4354K(78656K)
[2022-06-13T03:17:30.285+0000][1][gc,heap      ] GC(1) CMS: 0K->6646K(174784K)
[2022-06-13T03:17:30.286+0000][1][gc,metaspace ] GC(1) Metaspace: 14823K->14823K(1062912K)
[2022-06-13T03:17:30.289+0000][1][gc           ] GC(1) Pause Young (Allocation Failure) 76M->10M(247M) 45.466ms
[2022-06-13T03:17:30.292+0000][1][gc,cpu       ] GC(1) User=0.09s Sys=0.00s Real=0.05s
[2022-06-13T03:17:30.292+0000][1][safepoint    ] Leaving safepoint region
[2022-06-13T03:17:30.292+0000][1][safepoint    ] Total time for which application threads were stopped: 0.0489222 seconds, Stopping threads took: 0.0001597 seconds
[2022-06-13T03:17:30.299+0000][1][safepoint    ] Application time: 0.0065764 seconds
[2022-06-13T03:17:30.304+0000][1][safepoint    ] Entering safepoint region: BulkRevokeBias
[2022-06-13T03:17:30.304+0000][1][safepoint    ] Leaving safepoint region
[2022-06-13T03:17:30.304+0000][1][safepoint    ] Total time for which application threads were stopped: 0.0049748 seconds, Stopping threads took: 0.0046584 seconds
[2022-06-13T03:17:30.321+0000][1][safepoint    ] Application time: 0.0167771 seconds
[2022-06-13T03:17:30.322+0000][1][safepoint    ] Entering safepoint region: RevokeBias
[2022-06-13T03:17:30.322+0000][1][safepoint    ] Leaving safepoint region
[2022-06-13T03:17:30.322+0000][1][safepoint    ] Total time for which application threads were stopped: 0.0006648 seconds, Stopping threads took: 0.0003199 seconds
[2022-06-13T03:17:30.323+0000][1][safepoint    ] Application time: 0.0000524 seconds
[2022-06-13T03:17:30.323+0000][1][safepoint    ] Entering safepoint region: RevokeBias
[2022-06-13T03:17:30.323+0000][1][safepoint    ] Leaving safepoint region
[2022-06-13T03:17:30.323+0000][1][safepoint    ] Total time for which application threads were stopped: 0.0007701 seconds, Stopping threads took: 0.0005658 seconds
[2022-06-13T03:17:30.324+0000][1][safepoint    ] Application time: 0.0000675 seconds
[2022-06-13T03:17:30.324+0000][1][safepoint    ] Entering safepoint region: RevokeBias
[2022-06-13T03:17:30.324+0000][1][safepoint    ] Leaving safepoint region
[2022-06-13T03:17:30.324+0000][1][safepoint    ] Total time for which application threads were stopped: 0.0003288 seconds, Stopping threads took: 0.0001555 seconds
[2022-06-13T03:17:30.324+0000][1][safepoint    ] Application time: 0.0000420 seconds
[2022-06-13T03:17:30.324+0000][1][safepoint    ] Entering safepoint region: RevokeBias
[2022-06-13T03:17:30.325+0000][1][safepoint    ] Leaving safepoint region
[2022-06-13T03:17:30.325+0000][1][safepoint    ] Total time for which application threads were stopped: 0.0002823 seconds, Stopping threads took: 0.0001320 seconds
[2022-06-13T03:17:30.325+0000][1][safepoint    ] Application time: 0.0000575 seconds
[2022-06-13T03:17:30.325+0000][1][safepoint    ] Entering safepoint region: RevokeBias
[2022-06-13T03:17:30.326+0000][1][safepoint    ] Leaving safepoint region
[2022-06-13T03:17:30.326+0000][1][safepoint    ] Total time for which application threads were stopped: 0.0012014 seconds, Stopping threads took: 0.0009810 seconds
[2022-06-13T03:17:30.329+0000][1][safepoint    ] Application time: 0.0023927 seconds
[2022-06-13T03:17:30.329+0000][1][safepoint    ] Entering safepoint region: RevokeBias
[2022-06-13T03:17:30.330+0000][1][safepoint    ] Leaving safepoint region
[2022-06-13T03:17:30.330+0000][1][safepoint    ] Total time for which application threads were stopped: 0.0005596 seconds, Stopping threads took: 0.0003254 seconds
[2022-06-13T03:17:30.330+0000][1][safepoint    ] Application time: 0.0000853 seconds
[2022-06-13T03:17:30.330+0000][1][safepoint    ] Entering safepoint region: RevokeBias
[2022-06-13T03:17:30.331+0000][1][safepoint    ] Leaving safepoint region
[2022-06-13T03:17:30.331+0000][1][safepoint    ] Total time for which application threads were stopped: 0.0004574 seconds, Stopping threads took: 0.0002112 seconds
[2022-06-13T03:17:30.331+0000][1][safepoint    ] Application time: 0.0000354 seconds
[2022-06-13T03:17:30.331+0000][1][safepoint    ] Entering safepoint region: RevokeBias
[2022-06-13T03:17:30.331+0000][1][safepoint    ] Leaving safepoint region
[2022-06-13T03:17:30.331+0000][1][safepoint    ] Total time for which application threads were stopped: 0.0003325 seconds, Stopping threads took: 0.0001414 seconds
[2022-06-13T03:17:30.332+0000][1][safepoint    ] Application time: 0.0000780 seconds
[2022-06-13T03:17:30.332+0000][1][safepoint    ] Entering safepoint region: RevokeBias
[2022-06-13T03:17:30.332+0000][1][safepoint    ] Leaving safepoint region
[2022-06-13T03:17:30.332+0000][1][safepoint    ] Total time for which application threads were stopped: 0.0003093 seconds, Stopping threads took: 0.0001517 seconds
[2022-06-13T03:17:30.332+0000][1][safepoint    ] Application time: 0.0000198 seconds
[2022-06-13T03:17:30.332+0000][1][safepoint    ] Entering safepoint region: RevokeBias
[2022-06-13T03:17:30.333+0000][1][safepoint    ] Leaving safepoint region
[2022-06-13T03:17:30.333+0000][1][safepoint    ] Total time for which application threads were stopped: 0.0002613 seconds, Stopping threads took: 0.0001147 seconds
[2022-06-13T03:17:30.333+0000][1][safepoint    ] Application time: 0.0000362 seconds
[2022-06-13T03:17:30.333+0000][1][safepoint    ] Entering safepoint region: BulkRevokeBias
[2022-06-13T03:17:30.333+0000][1][safepoint    ] Leaving safepoint region
[2022-06-13T03:17:30.333+0000][1][safepoint    ] Total time for which application threads were stopped: 0.0003237 seconds, Stopping threads took: 0.0001304 seconds
[2022-06-13T03:17:30.334+0000][1][safepoint    ] Application time: 0.0000764 seconds
[2022-06-13T03:17:30.334+0000][1][safepoint    ] Entering safepoint region: RevokeBias
[2022-06-13T03:17:30.334+0000][1][safepoint    ] Leaving safepoint region
[2022-06-13T03:17:30.334+0000][1][safepoint    ] Total time for which application threads were stopped: 0.0003306 seconds, Stopping threads took: 0.0001597 seconds
[2022-06-13T03:17:30.334+0000][1][safepoint    ] Application time: 0.0000468 seconds
[2022-06-13T03:17:30.334+0000][1][safepoint    ] Entering safepoint region: BulkRevokeBias
[2022-06-13T03:17:30.335+0000][1][safepoint    ] Leaving safepoint region
[2022-06-13T03:17:30.335+0000][1][safepoint    ] Total time for which application threads were stopped: 0.0005169 seconds, Stopping threads took: 0.0003067 seconds
[2022-06-13T03:17:30.479+0000][1][safepoint    ] Application time: 0.1442014 seconds
[2022-06-13T03:17:30.485+0000][1][safepoint    ] Entering safepoint region: GenCollectForAllocation
[2022-06-13T03:17:30.486+0000][1][gc,start     ] GC(2) Pause Young (Allocation Failure)
[2022-06-13T03:17:30.486+0000][1][gc,task      ] GC(2) Using 5 workers of 13 for evacuation
[2022-06-13T03:17:30.492+0000][1][gc,age       ] GC(2) Desired survivor size 4456448 bytes, new threshold 6 (max threshold 6)
[2022-06-13T03:17:30.492+0000][1][gc,age       ] GC(2) Age table with threshold 6 (max threshold 6)
[2022-06-13T03:17:30.492+0000][1][gc,age       ] GC(2) - age   1:    2595720 bytes,    2595720 total
[2022-06-13T03:17:30.492+0000][1][gc,age       ] GC(2) - age   2:    1204784 bytes,    3800504 total
[2022-06-13T03:17:30.493+0000][1][gc,heap      ] GC(2) ParNew: 74306K->4613K(78656K)
[2022-06-13T03:17:30.493+0000][1][gc,heap      ] GC(2) CMS: 6646K->6646K(174784K)
[2022-06-13T03:17:30.493+0000][1][gc,metaspace ] GC(2) Metaspace: 14959K->14959K(1062912K)
[2022-06-13T03:17:30.493+0000][1][gc           ] GC(2) Pause Young (Allocation Failure) 79M->10M(247M) 7.495ms
[2022-06-13T03:17:30.493+0000][1][gc,cpu       ] GC(2) User=0.02s Sys=0.00s Real=0.01s
[2022-06-13T03:17:30.493+0000][1][safepoint    ] Leaving safepoint region
[2022-06-13T03:17:30.493+0000][1][safepoint    ] Total time for which application threads were stopped: 0.0084406 seconds, Stopping threads took: 0.0004388 seconds
[2022-06-13T03:17:30.494+0000][1][safepoint    ] Application time: 0.0002302 seconds
[2022-06-13T03:17:30.494+0000][1][safepoint    ] Entering safepoint region: RevokeBias
[2022-06-13T03:17:30.494+0000][1][safepoint    ] Leaving safepoint region
[2022-06-13T03:17:30.494+0000][1][safepoint    ] Total time for which application threads were stopped: 0.0004447 seconds, Stopping threads took: 0.0001534 seconds
[2022-06-13T03:17:30.494+0000][1][safepoint    ] Application time: 0.0000343 seconds
[2022-06-13T03:17:30.495+0000][1][safepoint    ] Entering safepoint region: RevokeBias
[2022-06-13T03:17:30.495+0000][1][safepoint    ] Leaving safepoint region
[2022-06-13T03:17:30.495+0000][1][safepoint    ] Total time for which application threads were stopped: 0.0003009 seconds, Stopping threads took: 0.0001233 seconds
[2022-06-13T03:17:30.495+0000][1][safepoint    ] Application time: 0.0000618 seconds
[2022-06-13T03:17:30.495+0000][1][safepoint    ] Entering safepoint region: RevokeBias
[2022-06-13T03:17:30.495+0000][1][safepoint    ] Leaving safepoint region
[2022-06-13T03:17:30.495+0000][1][safepoint    ] Total time for which application threads were stopped: 0.0002879 seconds, Stopping threads took: 0.0001257 seconds
[2022-06-13T03:17:30.496+0000][1][safepoint    ] Application time: 0.0000295 seconds
[2022-06-13T03:17:30.496+0000][1][safepoint    ] Entering safepoint region: RevokeBias
[2022-06-13T03:17:30.496+0000][1][safepoint    ] Leaving safepoint region
[2022-06-13T03:17:30.496+0000][1][safepoint    ] Total time for which application threads were stopped: 0.0003778 seconds, Stopping threads took: 0.0002000 seconds
[2022-06-13T03:17:30.496+0000][1][safepoint    ] Application time: 0.0000444 seconds
[2022-06-13T03:17:30.497+0000][1][safepoint    ] Entering safepoint region: RevokeBias
[2022-06-13T03:17:30.497+0000][1][safepoint    ] Leaving safepoint region
[2022-06-13T03:17:30.497+0000][1][safepoint    ] Total time for which application threads were stopped: 0.0005945 seconds, Stopping threads took: 0.0004078 seconds
[2022-06-13T03:17:30.497+0000][1][safepoint    ] Application time: 0.0000352 seconds
[2022-06-13T03:17:30.498+0000][1][safepoint    ] Entering safepoint region: RevokeBias
[2022-06-13T03:17:30.499+0000][1][safepoint    ] Leaving safepoint region
[2022-06-13T03:17:30.499+0000][1][safepoint    ] Total time for which application threads were stopped: 0.0004226 seconds, Stopping threads took: 0.0002107 seconds
[2022-06-13T03:17:30.622+0000][1][safepoint    ] Application time: 0.1227152 seconds
[2022-06-13T03:17:30.622+0000][1][safepoint    ] Entering safepoint region: Deoptimize
[2022-06-13T03:17:30.623+0000][1][safepoint    ] Leaving safepoint region
[2022-06-13T03:17:30.623+0000][1][safepoint    ] Total time for which application threads were stopped: 0.0009164 seconds, Stopping threads took: 0.0002061 seconds
[2022-06-13T03:17:30.624+0000][1][safepoint    ] Application time: 0.0004839 seconds
[2022-06-13T03:17:30.624+0000][1][safepoint    ] Entering safepoint region: Deoptimize
[2022-06-13T03:17:30.624+0000][1][safepoint    ] Leaving safepoint region
[2022-06-13T03:17:30.629+0000][1][safepoint    ] Total time for which application threads were stopped: 0.0051973 seconds, Stopping threads took: 0.0001975 seconds
[2022-06-13T03:17:30.789+0000][1][safepoint    ] Application time: 0.1597036 seconds
[2022-06-13T03:17:30.792+0000][1][safepoint    ] Entering safepoint region: GenCollectForAllocation
[2022-06-13T03:17:30.794+0000][1][gc,start     ] GC(3) Pause Young (Allocation Failure)
[2022-06-13T03:17:30.794+0000][1][gc,task      ] GC(3) Using 5 workers of 13 for evacuation
[2022-06-13T03:17:30.810+0000][1][gc,age       ] GC(3) Desired survivor size 4456448 bytes, new threshold 3 (max threshold 6)
[2022-06-13T03:17:30.811+0000][1][gc,age       ] GC(3) Age table with threshold 3 (max threshold 6)
[2022-06-13T03:17:30.812+0000][1][gc,age       ] GC(3) - age   1:    3267440 bytes,    3267440 total
[2022-06-13T03:17:30.812+0000][1][gc,age       ] GC(3) - age   2:     294024 bytes,    3561464 total
[2022-06-13T03:17:30.812+0000][1][gc,age       ] GC(3) - age   3:    1201616 bytes,    4763080 total
[2022-06-13T03:17:30.812+0000][1][gc,heap      ] GC(3) ParNew: 74565K->6120K(78656K)
[2022-06-13T03:17:30.812+0000][1][gc,heap      ] GC(3) CMS: 6646K->6646K(174784K)
[2022-06-13T03:17:30.813+0000][1][gc,metaspace ] GC(3) Metaspace: 18459K->18459K(1067008K)
[2022-06-13T03:17:30.813+0000][1][gc           ] GC(3) Pause Young (Allocation Failure) 79M->12M(247M) 18.973ms
[2022-06-13T03:17:30.813+0000][1][gc,cpu       ] GC(3) User=0.05s Sys=0.00s Real=0.02s
[2022-06-13T03:17:30.813+0000][1][safepoint    ] Leaving safepoint region
[2022-06-13T03:17:30.813+0000][1][safepoint    ] Total time for which application threads were stopped: 0.0213187 seconds, Stopping threads took: 0.0017084 seconds
[2022-06-13T03:17:30.826+0000][1][safepoint    ] Application time: 0.0124457 seconds
[2022-06-13T03:17:30.826+0000][1][safepoint    ] Entering safepoint region: BulkRevokeBias
[2022-06-13T03:17:30.826+0000][1][safepoint    ] Leaving safepoint region
[2022-06-13T03:17:30.826+0000][1][safepoint    ] Total time for which application threads were stopped: 0.0004742 seconds, Stopping threads took: 0.0002128 seconds
[2022-06-13T03:17:30.827+0000][1][safepoint    ] Application time: 0.0001696 seconds
[2022-06-13T03:17:30.827+0000][1][safepoint    ] Entering safepoint region: RevokeBias
[2022-06-13T03:17:30.828+0000][1][safepoint    ] Leaving safepoint region
[2022-06-13T03:17:30.829+0000][1][safepoint    ] Total time for which application threads were stopped: 0.0017601 seconds, Stopping threads took: 0.0013871 seconds
[2022-06-13T03:17:30.829+0000][1][safepoint    ] Application time: 0.0000623 seconds
[2022-06-13T03:17:30.829+0000][1][safepoint    ] Entering safepoint region: RevokeBias
[2022-06-13T03:17:30.829+0000][1][safepoint    ] Leaving safepoint region
[2022-06-13T03:17:30.830+0000][1][safepoint    ] Total time for which application threads were stopped: 0.0004074 seconds, Stopping threads took: 0.0001795 seconds
[2022-06-13T03:17:30.830+0000][1][safepoint    ] Application time: 0.0000813 seconds
[2022-06-13T03:17:30.830+0000][1][safepoint    ] Entering safepoint region: RevokeBias
[2022-06-13T03:17:30.830+0000][1][safepoint    ] Leaving safepoint region
[2022-06-13T03:17:30.830+0000][1][safepoint    ] Total time for which application threads were stopped: 0.0003680 seconds, Stopping threads took: 0.0001564 seconds
[2022-06-13T03:17:30.830+0000][1][safepoint    ] Application time: 0.0000307 seconds
[2022-06-13T03:17:30.831+0000][1][safepoint    ] Entering safepoint region: RevokeBias
[2022-06-13T03:17:30.831+0000][1][safepoint    ] Leaving safepoint region
[2022-06-13T03:17:30.831+0000][1][safepoint    ] Total time for which application threads were stopped: 0.0004831 seconds, Stopping threads took: 0.0002176 seconds
[2022-06-13T03:17:30.831+0000][1][safepoint    ] Application time: 0.0002419 seconds
[2022-06-13T03:17:30.832+0000][1][safepoint    ] Entering safepoint region: RevokeBias
[2022-06-13T03:17:30.832+0000][1][safepoint    ] Leaving safepoint region
[2022-06-13T03:17:30.832+0000][1][safepoint    ] Total time for which application threads were stopped: 0.0005784 seconds, Stopping threads took: 0.0003768 seconds
[2022-06-13T03:17:30.832+0000][1][safepoint    ] Application time: 0.0000751 seconds
[2022-06-13T03:17:30.833+0000][1][safepoint    ] Entering safepoint region: RevokeBias
[2022-06-13T03:17:30.833+0000][1][safepoint    ] Leaving safepoint region
[2022-06-13T03:17:30.833+0000][1][safepoint    ] Total time for which application threads were stopped: 0.0005507 seconds, Stopping threads took: 0.0003050 seconds
[2022-06-13T03:17:30.833+0000][1][safepoint    ] Application time: 0.0000905 seconds
[2022-06-13T03:17:30.839+0000][1][safepoint    ] Entering safepoint region: RevokeBias
[2022-06-13T03:17:30.843+0000][1][safepoint    ] Leaving safepoint region
[2022-06-13T03:17:30.849+0000][1][safepoint    ] Total time for which application threads were stopped: 0.0155863 seconds, Stopping threads took: 0.0091774 seconds
[2022-06-13T03:17:30.859+0000][1][safepoint    ] Application time: 0.0000868 seconds
[2022-06-13T03:17:30.859+0000][1][safepoint    ] Entering safepoint region: RevokeBias
[2022-06-13T03:17:30.860+0000][1][safepoint    ] Leaving safepoint region
[2022-06-13T03:17:30.860+0000][1][safepoint    ] Total time for which application threads were stopped: 0.0003414 seconds, Stopping threads took: 0.0001648 seconds
[2022-06-13T03:17:30.860+0000][1][safepoint    ] Application time: 0.0000941 seconds
[2022-06-13T03:17:30.860+0000][1][safepoint    ] Entering safepoint region: RevokeBias
[2022-06-13T03:17:30.860+0000][1][safepoint    ] Leaving safepoint region
[2022-06-13T03:17:30.860+0000][1][safepoint    ] Total time for which application threads were stopped: 0.0003269 seconds, Stopping threads took: 0.0001491 seconds
[2022-06-13T03:17:30.861+0000][1][safepoint    ] Application time: 0.0000927 seconds
[2022-06-13T03:17:30.861+0000][1][safepoint    ] Entering safepoint region: RevokeBias
[2022-06-13T03:17:30.861+0000][1][safepoint    ] Leaving safepoint region
[2022-06-13T03:17:30.861+0000][1][safepoint    ] Total time for which application threads were stopped: 0.0002494 seconds, Stopping threads took: 0.0001124 seconds
[2022-06-13T03:17:30.861+0000][1][safepoint    ] Application time: 0.0000729 seconds
[2022-06-13T03:17:30.862+0000][1][safepoint    ] Entering safepoint region: RevokeBias
[2022-06-13T03:17:30.862+0000][1][safepoint    ] Leaving safepoint region
[2022-06-13T03:17:30.862+0000][1][safepoint    ] Total time for which application threads were stopped: 0.0003266 seconds, Stopping threads took: 0.0001646 seconds
[2022-06-13T03:17:30.862+0000][1][safepoint    ] Application time: 0.0000385 seconds
[2022-06-13T03:17:30.862+0000][1][safepoint    ] Entering safepoint region: RevokeBias
[2022-06-13T03:17:30.862+0000][1][safepoint    ] Leaving safepoint region
[2022-06-13T03:17:30.863+0000][1][safepoint    ] Total time for which application threads were stopped: 0.0003274 seconds, Stopping threads took: 0.0001539 seconds
[2022-06-13T03:17:30.863+0000][1][safepoint    ] Application time: 0.0000784 seconds
[2022-06-13T03:17:30.863+0000][1][safepoint    ] Entering safepoint region: RevokeBias
[2022-06-13T03:17:30.863+0000][1][safepoint    ] Leaving safepoint region
[2022-06-13T03:17:30.863+0000][1][safepoint    ] Total time for which application threads were stopped: 0.0002661 seconds, Stopping threads took: 0.0001303 seconds
[2022-06-13T03:17:30.882+0000][1][safepoint    ] Application time: 0.0183772 seconds
[2022-06-13T03:17:30.882+0000][1][safepoint    ] Entering safepoint region: RevokeBias
[2022-06-13T03:17:30.882+0000][1][safepoint    ] Leaving safepoint region
[2022-06-13T03:17:30.882+0000][1][safepoint    ] Total time for which application threads were stopped: 0.0004061 seconds, Stopping threads took: 0.0002058 seconds
[2022-06-13T03:17:30.883+0000][1][safepoint    ] Application time: 0.0007399 seconds
[2022-06-13T03:17:30.884+0000][1][safepoint    ] Entering safepoint region: RevokeBias
[2022-06-13T03:17:30.884+0000][1][safepoint    ] Leaving safepoint region
[2022-06-13T03:17:30.884+0000][1][safepoint    ] Total time for which application threads were stopped: 0.0005017 seconds, Stopping threads took: 0.0002538 seconds
[2022-06-13T03:17:30.888+0000][1][safepoint    ] Application time: 0.0039950 seconds
[2022-06-13T03:17:30.889+0000][1][safepoint    ] Entering safepoint region: RevokeBias
[2022-06-13T03:17:30.889+0000][1][safepoint    ] Leaving safepoint region
[2022-06-13T03:17:30.889+0000][1][safepoint    ] Total time for which application threads were stopped: 0.0004487 seconds, Stopping threads took: 0.0001848 seconds
[2022-06-13T03:17:30.889+0000][1][safepoint    ] Application time: 0.0001081 seconds
[2022-06-13T03:17:30.889+0000][1][safepoint    ] Entering safepoint region: RevokeBias
[2022-06-13T03:17:30.890+0000][1][safepoint    ] Leaving safepoint region
[2022-06-13T03:17:30.890+0000][1][safepoint    ] Total time for which application threads were stopped: 0.0004402 seconds, Stopping threads took: 0.0001498 seconds
[2022-06-13T03:17:30.890+0000][1][safepoint    ] Application time: 0.0000357 seconds
[2022-06-13T03:17:30.890+0000][1][safepoint    ] Entering safepoint region: RevokeBias
[2022-06-13T03:17:30.890+0000][1][safepoint    ] Leaving safepoint region
[2022-06-13T03:17:30.891+0000][1][safepoint    ] Total time for which application threads were stopped: 0.0003055 seconds, Stopping threads took: 0.0001268 seconds
[2022-06-13T03:17:30.891+0000][1][safepoint    ] Application time: 0.0000434 seconds
[2022-06-13T03:17:30.891+0000][1][safepoint    ] Entering safepoint region: RevokeBias
[2022-06-13T03:17:30.891+0000][1][safepoint    ] Leaving safepoint region
[2022-06-13T03:17:30.891+0000][1][safepoint    ] Total time for which application threads were stopped: 0.0003568 seconds, Stopping threads took: 0.0001578 seconds
[2022-06-13T03:17:30.891+0000][1][safepoint    ] Application time: 0.0000441 seconds
[2022-06-13T03:17:30.892+0000][1][safepoint    ] Entering safepoint region: RevokeBias
[2022-06-13T03:17:30.892+0000][1][safepoint    ] Leaving safepoint region
[2022-06-13T03:17:30.892+0000][1][safepoint    ] Total time for which application threads were stopped: 0.0003097 seconds, Stopping threads took: 0.0001586 seconds
[2022-06-13T03:17:30.977+0000][1][safepoint    ] Application time: 0.0852371 seconds
[2022-06-13T03:17:30.978+0000][1][safepoint    ] Entering safepoint region: GenCollectForAllocation
[2022-06-13T03:17:30.979+0000][1][gc,start     ] GC(4) Pause Young (Allocation Failure)
[2022-06-13T03:17:30.979+0000][1][gc,task      ] GC(4) Using 5 workers of 13 for evacuation
[2022-06-13T03:17:30.988+0000][1][gc,age       ] GC(4) Desired survivor size 4456448 bytes, new threshold 2 (max threshold 6)
[2022-06-13T03:17:30.989+0000][1][gc,age       ] GC(4) Age table with threshold 2 (max threshold 6)
[2022-06-13T03:17:30.989+0000][1][gc,age       ] GC(4) - age   1:    1663128 bytes,    1663128 total
[2022-06-13T03:17:30.989+0000][1][gc,age       ] GC(4) - age   2:    3231440 bytes,    4894568 total
[2022-06-13T03:17:30.989+0000][1][gc,age       ] GC(4) - age   3:     293496 bytes,    5188064 total
[2022-06-13T03:17:30.989+0000][1][gc,heap      ] GC(4) ParNew: 76072K->6704K(78656K)
[2022-06-13T03:17:30.989+0000][1][gc,heap      ] GC(4) CMS: 6646K->7868K(174784K)
[2022-06-13T03:17:30.989+0000][1][gc,metaspace ] GC(4) Metaspace: 18683K->18683K(1067008K)
[2022-06-13T03:17:30.990+0000][1][gc           ] GC(4) Pause Young (Allocation Failure) 80M->14M(247M) 10.941ms
[2022-06-13T03:17:30.990+0000][1][gc,cpu       ] GC(4) User=0.04s Sys=0.00s Real=0.02s
[2022-06-13T03:17:30.990+0000][1][safepoint    ] Leaving safepoint region
[2022-06-13T03:17:30.990+0000][1][safepoint    ] Total time for which application threads were stopped: 0.0122816 seconds, Stopping threads took: 0.0007785 seconds
[2022-06-13T03:17:30.990+0000][1][safepoint    ] Application time: 0.0002016 seconds
[2022-06-13T03:17:30.990+0000][1][safepoint    ] Entering safepoint region: RevokeBias
[2022-06-13T03:17:30.991+0000][1][safepoint    ] Leaving safepoint region
[2022-06-13T03:17:30.991+0000][1][safepoint    ] Total time for which application threads were stopped: 0.0003763 seconds, Stopping threads took: 0.0001564 seconds
[2022-06-13T03:17:30.991+0000][1][safepoint    ] Application time: 0.0000467 seconds
[2022-06-13T03:17:30.991+0000][1][safepoint    ] Entering safepoint region: RevokeBias
[2022-06-13T03:17:30.991+0000][1][safepoint    ] Leaving safepoint region
[2022-06-13T03:17:30.992+0000][1][safepoint    ] Total time for which application threads were stopped: 0.0003451 seconds, Stopping threads took: 0.0001411 seconds
[2022-06-13T03:17:30.992+0000][1][safepoint    ] Application time: 0.0000944 seconds
[2022-06-13T03:17:30.992+0000][1][safepoint    ] Entering safepoint region: RevokeBias
[2022-06-13T03:17:30.992+0000][1][safepoint    ] Leaving safepoint region
[2022-06-13T03:17:30.992+0000][1][safepoint    ] Total time for which application threads were stopped: 0.0004013 seconds, Stopping threads took: 0.0001557 seconds
[2022-06-13T03:17:30.993+0000][1][safepoint    ] Application time: 0.0000550 seconds
[2022-06-13T03:17:30.993+0000][1][safepoint    ] Entering safepoint region: RevokeBias
[2022-06-13T03:17:30.993+0000][1][safepoint    ] Leaving safepoint region
[2022-06-13T03:17:30.993+0000][1][safepoint    ] Total time for which application threads were stopped: 0.0003900 seconds, Stopping threads took: 0.0001360 seconds
[2022-06-13T03:17:31.011+0000][1][safepoint    ] Application time: 0.0182651 seconds
[2022-06-13T03:17:31.012+0000][1][safepoint    ] Entering safepoint region: Deoptimize
[2022-06-13T03:17:31.012+0000][1][safepoint    ] Leaving safepoint region
[2022-06-13T03:17:31.012+0000][1][safepoint    ] Total time for which application threads were stopped: 0.0007354 seconds, Stopping threads took: 0.0001708 seconds
[2022-06-13T03:17:31.050+0000][1][safepoint    ] Application time: 0.0370624 seconds
[2022-06-13T03:17:31.050+0000][1][safepoint    ] Entering safepoint region: Deoptimize
[2022-06-13T03:17:31.050+0000][1][safepoint    ] Leaving safepoint region
[2022-06-13T03:17:31.051+0000][1][safepoint    ] Total time for which application threads were stopped: 0.0007671 seconds, Stopping threads took: 0.0001473 seconds
[2022-06-13T03:17:31.121+0000][1][safepoint    ] Application time: 0.0700297 seconds
[2022-06-13T03:17:31.121+0000][1][safepoint    ] Entering safepoint region: GenCollectForAllocation
[2022-06-13T03:17:31.121+0000][1][gc,start     ] GC(5) Pause Young (Allocation Failure)
[2022-06-13T03:17:31.122+0000][1][gc,task      ] GC(5) Using 5 workers of 13 for evacuation
[2022-06-13T03:17:31.130+0000][1][gc,age       ] GC(5) Desired survivor size 4456448 bytes, new threshold 6 (max threshold 6)
[2022-06-13T03:17:31.130+0000][1][gc,age       ] GC(5) Age table with threshold 6 (max threshold 6)
[2022-06-13T03:17:31.131+0000][1][gc,age       ] GC(5) - age   1:    2390176 bytes,    2390176 total
[2022-06-13T03:17:31.131+0000][1][gc,age       ] GC(5) - age   2:     546296 bytes,    2936472 total
[2022-06-13T03:17:31.131+0000][1][gc,heap      ] GC(5) ParNew: 76656K->6244K(78656K)
[2022-06-13T03:17:31.131+0000][1][gc,heap      ] GC(5) CMS: 7868K->11364K(174784K)
[2022-06-13T03:17:31.131+0000][1][gc,metaspace ] GC(5) Metaspace: 19048K->19048K(1067008K)
[2022-06-13T03:17:31.131+0000][1][gc           ] GC(5) Pause Young (Allocation Failure) 82M->17M(247M) 9.756ms
[2022-06-13T03:17:31.131+0000][1][gc,cpu       ] GC(5) User=0.03s Sys=0.00s Real=0.01s
[2022-06-13T03:17:31.131+0000][1][safepoint    ] Leaving safepoint region
[2022-06-13T03:17:31.132+0000][1][safepoint    ] Total time for which application threads were stopped: 0.0104441 seconds, Stopping threads took: 0.0001968 seconds
[2022-06-13T03:17:31.132+0000][1][safepoint    ] Application time: 0.0002253 seconds
[2022-06-13T03:17:31.132+0000][1][safepoint    ] Entering safepoint region: RevokeBias
[2022-06-13T03:17:31.132+0000][1][safepoint    ] Leaving safepoint region
[2022-06-13T03:17:31.132+0000][1][safepoint    ] Total time for which application threads were stopped: 0.0003238 seconds, Stopping threads took: 0.0001563 seconds
[2022-06-13T03:17:31.133+0000][1][safepoint    ] Application time: 0.0000784 seconds
[2022-06-13T03:17:31.133+0000][1][safepoint    ] Entering safepoint region: RevokeBias
[2022-06-13T03:17:31.133+0000][1][safepoint    ] Leaving safepoint region
[2022-06-13T03:17:31.133+0000][1][safepoint    ] Total time for which application threads were stopped: 0.0002742 seconds, Stopping threads took: 0.0001437 seconds
[2022-06-13T03:17:31.133+0000][1][safepoint    ] Application time: 0.0000803 seconds
[2022-06-13T03:17:31.133+0000][1][safepoint    ] Entering safepoint region: RevokeBias
[2022-06-13T03:17:31.133+0000][1][safepoint    ] Leaving safepoint region
[2022-06-13T03:17:31.133+0000][1][safepoint    ] Total time for which application threads were stopped: 0.0002560 seconds, Stopping threads took: 0.0001374 seconds
[2022-06-13T03:17:31.134+0000][1][safepoint    ] Application time: 0.0000736 seconds
[2022-06-13T03:17:31.134+0000][1][safepoint    ] Entering safepoint region: RevokeBias
[2022-06-13T03:17:31.134+0000][1][safepoint    ] Leaving safepoint region
[2022-06-13T03:17:31.134+0000][1][safepoint    ] Total time for which application threads were stopped: 0.0002470 seconds, Stopping threads took: 0.0001104 seconds
[2022-06-13T03:17:31.134+0000][1][safepoint    ] Application time: 0.0000875 seconds
[2022-06-13T03:17:31.134+0000][1][safepoint    ] Entering safepoint region: RevokeBias
[2022-06-13T03:17:31.134+0000][1][safepoint    ] Leaving safepoint region
[2022-06-13T03:17:31.135+0000][1][safepoint    ] Total time for which application threads were stopped: 0.0002895 seconds, Stopping threads took: 0.0001428 seconds
[2022-06-13T03:17:31.135+0000][1][safepoint    ] Application time: 0.0000795 seconds
[2022-06-13T03:17:31.135+0000][1][safepoint    ] Entering safepoint region: RevokeBias
[2022-06-13T03:17:31.135+0000][1][safepoint    ] Leaving safepoint region
[2022-06-13T03:17:31.135+0000][1][safepoint    ] Total time for which application threads were stopped: 0.0002836 seconds, Stopping threads took: 0.0001359 seconds
[2022-06-13T03:17:31.219+0000][1][safepoint    ] Application time: 0.0834196 seconds
[2022-06-13T03:17:31.219+0000][1][safepoint    ] Entering safepoint region: GenCollectForAllocation
[2022-06-13T03:17:31.219+0000][1][gc,start     ] GC(6) Pause Young (Allocation Failure)
[2022-06-13T03:17:31.219+0000][1][gc,task      ] GC(6) Using 5 workers of 13 for evacuation
[2022-06-13T03:17:31.221+0000][1][gc,age       ] GC(6) Desired survivor size 4456448 bytes, new threshold 6 (max threshold 6)
[2022-06-13T03:17:31.221+0000][1][gc,age       ] GC(6) Age table with threshold 6 (max threshold 6)
[2022-06-13T03:17:31.222+0000][1][gc,age       ] GC(6) - age   1:    1384240 bytes,    1384240 total
[2022-06-13T03:17:31.222+0000][1][gc,age       ] GC(6) - age   2:    2196760 bytes,    3581000 total
[2022-06-13T03:17:31.222+0000][1][gc,age       ] GC(6) - age   3:     546296 bytes,    4127296 total
[2022-06-13T03:17:31.222+0000][1][gc,heap      ] GC(6) ParNew: 76196K->5155K(78656K)
[2022-06-13T03:17:31.222+0000][1][gc,heap      ] GC(6) CMS: 11364K->11364K(174784K)
[2022-06-13T03:17:31.222+0000][1][gc,metaspace ] GC(6) Metaspace: 19358K->19358K(1067008K)
[2022-06-13T03:17:31.222+0000][1][gc           ] GC(6) Pause Young (Allocation Failure) 85M->16M(247M) 2.858ms
[2022-06-13T03:17:31.222+0000][1][gc,cpu       ] GC(6) User=0.01s Sys=0.00s Real=0.00s
[2022-06-13T03:17:31.222+0000][1][safepoint    ] Leaving safepoint region
[2022-06-13T03:17:31.222+0000][1][safepoint    ] Total time for which application threads were stopped: 0.0034107 seconds, Stopping threads took: 0.0002000 seconds
[2022-06-13T03:17:31.223+0000][1][safepoint    ] Application time: 0.0001695 seconds
[2022-06-13T03:17:31.223+0000][1][safepoint    ] Entering safepoint region: RevokeBias
[2022-06-13T03:17:31.223+0000][1][safepoint    ] Leaving safepoint region
[2022-06-13T03:17:31.223+0000][1][safepoint    ] Total time for which application threads were stopped: 0.0003473 seconds, Stopping threads took: 0.0001721 seconds
[2022-06-13T03:17:31.223+0000][1][safepoint    ] Application time: 0.0000828 seconds
[2022-06-13T03:17:31.223+0000][1][safepoint    ] Entering safepoint region: BulkRevokeBias
[2022-06-13T03:17:31.224+0000][1][safepoint    ] Leaving safepoint region
[2022-06-13T03:17:31.224+0000][1][safepoint    ] Total time for which application threads were stopped: 0.0002434 seconds, Stopping threads took: 0.0000955 seconds
[2022-06-13T03:17:31.224+0000][1][safepoint    ] Application time: 0.0001185 seconds
[2022-06-13T03:17:31.224+0000][1][safepoint    ] Entering safepoint region: BulkRevokeBias
[2022-06-13T03:17:31.224+0000][1][safepoint    ] Leaving safepoint region
[2022-06-13T03:17:31.224+0000][1][safepoint    ] Total time for which application threads were stopped: 0.0003137 seconds, Stopping threads took: 0.0001381 seconds
[2022-06-13T03:17:31.312+0000][1][safepoint    ] Application time: 0.0871179 seconds
[2022-06-13T03:17:31.312+0000][1][safepoint    ] Entering safepoint region: GenCollectForAllocation
[2022-06-13T03:17:31.312+0000][1][gc,start     ] GC(7) Pause Young (Allocation Failure)
[2022-06-13T03:17:31.312+0000][1][gc,task      ] GC(7) Using 5 workers of 13 for evacuation
[2022-06-13T03:17:31.314+0000][1][gc,age       ] GC(7) Desired survivor size 4456448 bytes, new threshold 6 (max threshold 6)
[2022-06-13T03:17:31.314+0000][1][gc,age       ] GC(7) Age table with threshold 6 (max threshold 6)
[2022-06-13T03:17:31.314+0000][1][gc,age       ] GC(7) - age   1:     576600 bytes,     576600 total
[2022-06-13T03:17:31.314+0000][1][gc,age       ] GC(7) - age   2:    1130200 bytes,    1706800 total
[2022-06-13T03:17:31.314+0000][1][gc,age       ] GC(7) - age   3:    2194752 bytes,    3901552 total
[2022-06-13T03:17:31.315+0000][1][gc,age       ] GC(7) - age   4:     546296 bytes,    4447848 total
[2022-06-13T03:17:31.315+0000][1][gc,heap      ] GC(7) ParNew: 75107K->5990K(78656K)
[2022-06-13T03:17:31.315+0000][1][gc,heap      ] GC(7) CMS: 11364K->11364K(174784K)
[2022-06-13T03:17:31.315+0000][1][gc,metaspace ] GC(7) Metaspace: 19818K->19818K(1067008K)
[2022-06-13T03:17:31.315+0000][1][gc           ] GC(7) Pause Young (Allocation Failure) 84M->16M(247M) 2.663ms
[2022-06-13T03:17:31.315+0000][1][gc,cpu       ] GC(7) User=0.02s Sys=0.01s Real=0.00s
[2022-06-13T03:17:31.315+0000][1][safepoint    ] Leaving safepoint region
[2022-06-13T03:17:31.315+0000][1][safepoint    ] Total time for which application threads were stopped: 0.0031288 seconds, Stopping threads took: 0.0001475 seconds
[2022-06-13T03:17:31.326+0000][1][safepoint    ] Application time: 0.0110449 seconds
[2022-06-13T03:17:31.327+0000][1][safepoint    ] Entering safepoint region: CollectForMetadataAllocation
[2022-06-13T03:17:31.327+0000][1][safepoint    ] Leaving safepoint region
[2022-06-13T03:17:31.327+0000][1][safepoint    ] Total time for which application threads were stopped: 0.0003789 seconds, Stopping threads took: 0.0001493 seconds
[2022-06-13T03:17:31.344+0000][1][safepoint    ] Application time: 0.0165317 seconds
[2022-06-13T03:17:31.344+0000][1][safepoint    ] Entering safepoint region: CollectForMetadataAllocation
[2022-06-13T03:17:31.344+0000][1][safepoint    ] Leaving safepoint region
[2022-06-13T03:17:31.344+0000][1][safepoint    ] Total time for which application threads were stopped: 0.0004468 seconds, Stopping threads took: 0.0001895 seconds
[2022-06-13T03:17:31.419+0000][1][safepoint    ] Application time: 0.0742577 seconds
[2022-06-13T03:17:31.419+0000][1][safepoint    ] Entering safepoint region: GenCollectForAllocation
[2022-06-13T03:17:31.420+0000][1][gc,start     ] GC(8) Pause Young (Allocation Failure)
[2022-06-13T03:17:31.420+0000][1][gc,task      ] GC(8) Using 5 workers of 13 for evacuation
[2022-06-13T03:17:31.435+0000][1][gc,age       ] GC(8) Desired survivor size 4456448 bytes, new threshold 5 (max threshold 6)
[2022-06-13T03:17:31.436+0000][1][gc,age       ] GC(8) Age table with threshold 5 (max threshold 6)
[2022-06-13T03:17:31.437+0000][1][gc,age       ] GC(8) - age   1:     501088 bytes,     501088 total
[2022-06-13T03:17:31.437+0000][1][gc,age       ] GC(8) - age   2:     514904 bytes,    1015992 total
[2022-06-13T03:17:31.437+0000][1][gc,age       ] GC(8) - age   3:    1130104 bytes,    2146096 total
[2022-06-13T03:17:31.437+0000][1][gc,age       ] GC(8) - age   4:    2194464 bytes,    4340560 total
[2022-06-13T03:17:31.437+0000][1][gc,age       ] GC(8) - age   5:     546296 bytes,    4886856 total
[2022-06-13T03:17:31.437+0000][1][gc,heap      ] GC(8) ParNew: 75942K->5820K(78656K)
[2022-06-13T03:17:31.437+0000][1][gc,heap      ] GC(8) CMS: 11364K->11364K(174784K)
[2022-06-13T03:17:31.438+0000][1][gc,metaspace ] GC(8) Metaspace: 20414K->20414K(1069056K)
[2022-06-13T03:17:31.438+0000][1][gc           ] GC(8) Pause Young (Allocation Failure) 85M->16M(247M) 18.067ms
[2022-06-13T03:17:31.438+0000][1][gc,cpu       ] GC(8) User=0.02s Sys=0.00s Real=0.01s
[2022-06-13T03:17:31.438+0000][1][safepoint    ] Leaving safepoint region
[2022-06-13T03:17:31.439+0000][1][safepoint    ] Total time for which application threads were stopped: 0.0196505 seconds, Stopping threads took: 0.0005717 seconds
[2022-06-13T03:17:31.454+0000][1][safepoint    ] Application time: 0.0153014 seconds
[2022-06-13T03:17:31.456+0000][1][safepoint    ] Entering safepoint region: CMS_Initial_Mark
[2022-06-13T03:17:31.458+0000][1][gc,start     ] GC(9) Pause Initial Mark
[2022-06-13T03:17:31.462+0000][1][gc           ] GC(9) Pause Initial Mark 37M->37M(247M) 3.966ms
[2022-06-13T03:17:31.462+0000][1][gc,cpu       ] GC(9) User=0.03s Sys=0.00s Real=0.01s
[2022-06-13T03:17:31.462+0000][1][safepoint    ] Leaving safepoint region
[2022-06-13T03:17:31.463+0000][1][safepoint    ] Total time for which application threads were stopped: 0.0068012 seconds, Stopping threads took: 0.0021809 seconds
[2022-06-13T03:17:31.463+0000][1][gc           ] GC(9) Concurrent Mark
[2022-06-13T03:17:31.519+0000][1][gc,task      ] GC(9) Using 4 workers of 4 for marking
[2022-06-13T03:17:31.551+0000][1][safepoint    ] Application time: 0.0884707 seconds
[2022-06-13T03:17:31.551+0000][1][safepoint    ] Entering safepoint region: GenCollectForAllocation
[2022-06-13T03:17:31.552+0000][1][gc,start     ] GC(10) Pause Young (Allocation Failure)
[2022-06-13T03:17:31.552+0000][1][gc,task      ] GC(10) Using 5 workers of 13 for evacuation
[2022-06-13T03:17:31.557+0000][1][gc,age       ] GC(10) Desired survivor size 4456448 bytes, new threshold 5 (max threshold 6)
[2022-06-13T03:17:31.557+0000][1][gc,age       ] GC(10) Age table with threshold 5 (max threshold 6)
[2022-06-13T03:17:31.557+0000][1][gc,age       ] GC(10) - age   1:     914680 bytes,     914680 total
[2022-06-13T03:17:31.557+0000][1][gc,age       ] GC(10) - age   2:     479080 bytes,    1393760 total
[2022-06-13T03:17:31.558+0000][1][gc,age       ] GC(10) - age   3:     514784 bytes,    1908544 total
[2022-06-13T03:17:31.558+0000][1][gc,age       ] GC(10) - age   4:    1130272 bytes,    3038816 total
[2022-06-13T03:17:31.558+0000][1][gc,age       ] GC(10) - age   5:    2194368 bytes,    5233184 total
[2022-06-13T03:17:31.558+0000][1][gc,heap      ] GC(10) ParNew: 75772K->6989K(78656K)
[2022-06-13T03:17:31.558+0000][1][gc,heap      ] GC(10) CMS: 11364K->11908K(174784K)
[2022-06-13T03:17:31.558+0000][1][gc,metaspace ] GC(10) Metaspace: 20522K->20522K(1069056K)
[2022-06-13T03:17:31.559+0000][1][gc           ] GC(10) Pause Young (Allocation Failure) 85M->18M(247M) 6.942ms
[2022-06-13T03:17:31.559+0000][1][gc,cpu       ] GC(10) User=0.01s Sys=0.00s Real=0.00s
[2022-06-13T03:17:31.559+0000][1][safepoint    ] Leaving safepoint region
[2022-06-13T03:17:31.559+0000][1][safepoint    ] Total time for which application threads were stopped: 0.0076341 seconds, Stopping threads took: 0.0001769 seconds
[2022-06-13T03:17:31.569+0000][1][gc           ] GC(9) Concurrent Mark 106.107ms
[2022-06-13T03:17:31.569+0000][1][gc,cpu       ] GC(9) User=0.42s Sys=0.01s Real=0.11s
[2022-06-13T03:17:31.570+0000][1][gc           ] GC(9) Concurrent Preclean
[2022-06-13T03:17:31.571+0000][1][gc           ] GC(9) Concurrent Preclean 1.651ms
[2022-06-13T03:17:31.572+0000][1][gc,cpu       ] GC(9) User=0.00s Sys=0.00s Real=0.00s
[2022-06-13T03:17:31.572+0000][1][safepoint    ] Application time: 0.0123299 seconds
[2022-06-13T03:17:31.575+0000][1][safepoint    ] Entering safepoint region: CMS_Final_Remark
[2022-06-13T03:17:31.578+0000][1][gc,start     ] GC(9) Pause Remark
[2022-06-13T03:17:31.595+0000][1][gc           ] GC(9) Pause Remark 19M->19M(247M) 16.661ms
[2022-06-13T03:17:31.595+0000][1][gc,cpu       ] GC(9) User=0.06s Sys=0.00s Real=0.02s
[2022-06-13T03:17:31.601+0000][1][safepoint    ] Leaving safepoint region
[2022-06-13T03:17:31.602+0000][1][safepoint    ] Total time for which application threads were stopped: 0.0304491 seconds, Stopping threads took: 0.0061818 seconds
[2022-06-13T03:17:31.604+0000][1][gc           ] GC(9) Concurrent Sweep
[2022-06-13T03:17:31.616+0000][1][gc           ] GC(9) Concurrent Sweep 12.380ms
[2022-06-13T03:17:31.629+0000][1][gc,cpu       ] GC(9) User=0.08s Sys=0.00s Real=0.02s
[2022-06-13T03:17:31.631+0000][1][gc           ] GC(9) Concurrent Reset
[2022-06-13T03:17:31.635+0000][1][gc           ] GC(9) Concurrent Reset 4.454ms
[2022-06-13T03:17:31.636+0000][1][gc,cpu       ] GC(9) User=0.02s Sys=0.00s Real=0.00s
[2022-06-13T03:17:31.636+0000][1][gc,heap      ] GC(9) Old: 11364K->11882K(174784K)
[2022-06-13T03:17:31.742+0000][1][safepoint    ] Application time: 0.1380746 seconds
[2022-06-13T03:17:31.742+0000][1][safepoint    ] Entering safepoint region: GenCollectForAllocation
[2022-06-13T03:17:31.743+0000][1][gc,start     ] GC(11) Pause Young (Allocation Failure)
[2022-06-13T03:17:31.743+0000][1][gc,task      ] GC(11) Using 5 workers of 13 for evacuation
[2022-06-13T03:17:31.772+0000][1][gc,age       ] GC(11) Desired survivor size 4456448 bytes, new threshold 6 (max threshold 6)
[2022-06-13T03:17:31.773+0000][1][gc,age       ] GC(11) Age table with threshold 6 (max threshold 6)
[2022-06-13T03:17:31.773+0000][1][gc,age       ] GC(11) - age   1:    1831976 bytes,    1831976 total
[2022-06-13T03:17:31.777+0000][1][gc,age       ] GC(11) - age   2:      99624 bytes,    1931600 total
[2022-06-13T03:17:31.777+0000][1][gc,age       ] GC(11) - age   3:     478984 bytes,    2410584 total
[2022-06-13T03:17:31.778+0000][1][gc,age       ] GC(11) - age   4:     514632 bytes,    2925216 total
[2022-06-13T03:17:31.778+0000][1][gc,age       ] GC(11) - age   5:    1129816 bytes,    4055032 total
[2022-06-13T03:17:31.778+0000][1][gc,heap      ] GC(11) ParNew: 76941K->5445K(78656K)
[2022-06-13T03:17:31.779+0000][1][gc,heap      ] GC(11) CMS: 11882K->14085K(174784K)
[2022-06-13T03:17:31.779+0000][1][gc,metaspace ] GC(11) Metaspace: 20602K->20602K(1069056K)
[2022-06-13T03:17:31.779+0000][1][gc           ] GC(11) Pause Young (Allocation Failure) 86M->19M(247M) 36.563ms
[2022-06-13T03:17:31.779+0000][1][gc,cpu       ] GC(11) User=0.15s Sys=0.00s Real=0.04s
[2022-06-13T03:17:31.779+0000][1][safepoint    ] Leaving safepoint region
[2022-06-13T03:17:31.780+0000][1][safepoint    ] Total time for which application threads were stopped: 0.0376693 seconds, Stopping threads took: 0.0001787 seconds
[2022-06-13T03:17:31.855+0000][1][safepoint    ] Application time: 0.0750983 seconds
[2022-06-13T03:17:31.864+0000][1][safepoint    ] Entering safepoint region: Deoptimize
[2022-06-13T03:17:31.873+0000][1][safepoint    ] Leaving safepoint region
[2022-06-13T03:17:31.873+0000][1][safepoint    ] Total time for which application threads were stopped: 0.0096156 seconds, Stopping threads took: 0.0088618 seconds
[2022-06-13T03:17:32.490+0000][1][safepoint    ] Application time: 0.6162588 seconds
[2022-06-13T03:17:32.490+0000][1][safepoint    ] Entering safepoint region: Deoptimize
[2022-06-13T03:17:32.491+0000][1][safepoint    ] Leaving safepoint region
[2022-06-13T03:17:32.492+0000][1][safepoint    ] Total time for which application threads were stopped: 0.0018867 seconds, Stopping threads took: 0.0001404 seconds
[2022-06-13T03:17:32.496+0000][1][safepoint    ] Application time: 0.0038486 seconds
[2022-06-13T03:17:32.496+0000][1][safepoint    ] Entering safepoint region: Deoptimize
[2022-06-13T03:17:32.497+0000][1][safepoint    ] Leaving safepoint region
[2022-06-13T03:17:32.497+0000][1][safepoint    ] Total time for which application threads were stopped: 0.0007186 seconds, Stopping threads took: 0.0001113 seconds
[2022-06-13T03:17:32.523+0000][1][safepoint    ] Application time: 0.0254424 seconds
[2022-06-13T03:17:32.525+0000][1][safepoint    ] Entering safepoint region: Deoptimize
[2022-06-13T03:17:32.525+0000][1][safepoint    ] Leaving safepoint region
[2022-06-13T03:17:32.526+0000][1][safepoint    ] Total time for which application threads were stopped: 0.0010194 seconds, Stopping threads took: 0.0002076 seconds
[2022-06-13T03:17:32.533+0000][1][safepoint    ] Application time: 0.0070886 seconds
[2022-06-13T03:17:32.533+0000][1][safepoint    ] Entering safepoint region: Deoptimize
[2022-06-13T03:17:32.536+0000][1][safepoint    ] Leaving safepoint region
[2022-06-13T03:17:32.539+0000][1][safepoint    ] Total time for which application threads were stopped: 0.0052984 seconds, Stopping threads took: 0.0001618 seconds
[2022-06-13T03:17:32.652+0000][1][safepoint    ] Application time: 0.1103999 seconds
[2022-06-13T03:17:32.652+0000][1][safepoint    ] Entering safepoint region: GenCollectForAllocation
[2022-06-13T03:17:32.652+0000][1][gc,start     ] GC(12) Pause Young (Allocation Failure)
[2022-06-13T03:17:32.652+0000][1][gc,task      ] GC(12) Using 5 workers of 13 for evacuation
[2022-06-13T03:17:32.677+0000][1][gc,age       ] GC(12) Desired survivor size 4456448 bytes, new threshold 6 (max threshold 6)
[2022-06-13T03:17:32.689+0000][1][gc,age       ] GC(12) Age table with threshold 6 (max threshold 6)
[2022-06-13T03:17:32.689+0000][1][gc,age       ] GC(12) - age   1:    2940800 bytes,    2940800 total
[2022-06-13T03:17:32.690+0000][1][gc,age       ] GC(12) - age   2:     345208 bytes,    3286008 total
[2022-06-13T03:17:32.690+0000][1][gc,age       ] GC(12) - age   3:      99328 bytes,    3385336 total
[2022-06-13T03:17:32.690+0000][1][gc,age       ] GC(12) - age   4:     478536 bytes,    3863872 total
[2022-06-13T03:17:32.690+0000][1][gc,age       ] GC(12) - age   5:     509720 bytes,    4373592 total
[2022-06-13T03:17:32.690+0000][1][gc,age       ] GC(12) - age   6:    1129656 bytes,    5503248 total
[2022-06-13T03:17:32.690+0000][1][gc,heap      ] GC(12) ParNew: 75397K->7387K(78656K)
[2022-06-13T03:17:32.690+0000][1][gc,heap      ] GC(12) CMS: 14085K->14085K(174784K)
[2022-06-13T03:17:32.690+0000][1][gc,metaspace ] GC(12) Metaspace: 26336K->26336K(1073152K)
[2022-06-13T03:17:32.691+0000][1][gc           ] GC(12) Pause Young (Allocation Failure) 87M->20M(247M) 38.312ms
[2022-06-13T03:17:32.691+0000][1][gc,cpu       ] GC(12) User=0.02s Sys=0.00s Real=0.04s
[2022-06-13T03:17:32.691+0000][1][safepoint    ] Leaving safepoint region
[2022-06-13T03:17:32.691+0000][1][safepoint    ] Total time for which application threads were stopped: 0.0389003 seconds, Stopping threads took: 0.0001624 seconds
[2022-06-13T03:17:33.209+0000][1][safepoint    ] Application time: 0.5164920 seconds
[2022-06-13T03:17:33.215+0000][1][safepoint    ] Entering safepoint region: RevokeBias
[2022-06-13T03:17:33.216+0000][1][safepoint    ] Leaving safepoint region
[2022-06-13T03:17:33.216+0000][1][safepoint    ] Total time for which application threads were stopped: 0.0009681 seconds, Stopping threads took: 0.0003344 seconds
[2022-06-13T03:17:33.685+0000][1][safepoint    ] Application time: 0.4689020 seconds
[2022-06-13T03:17:33.699+0000][1][safepoint    ] Entering safepoint region: GenCollectForAllocation
[2022-06-13T03:17:33.700+0000][1][gc,start     ] GC(13) Pause Young (Allocation Failure)
[2022-06-13T03:17:33.703+0000][1][gc,task      ] GC(13) Using 5 workers of 13 for evacuation
[2022-06-13T03:17:33.743+0000][1][gc,age       ] GC(13) Desired survivor size 4456448 bytes, new threshold 1 (max threshold 6)
[2022-06-13T03:17:33.743+0000][1][gc,age       ] GC(13) Age table with threshold 1 (max threshold 6)
[2022-06-13T03:17:33.743+0000][1][gc,age       ] GC(13) - age   1:    4844176 bytes,    4844176 total
[2022-06-13T03:17:33.744+0000][1][gc,age       ] GC(13) - age   2:    2635904 bytes,    7480080 total
[2022-06-13T03:17:33.744+0000][1][gc,age       ] GC(13) - age   3:     345208 bytes,    7825288 total
[2022-06-13T03:17:33.744+0000][1][gc,age       ] GC(13) - age   4:      99296 bytes,    7924584 total
[2022-06-13T03:17:33.745+0000][1][gc,age       ] GC(13) - age   5:     478536 bytes,    8403120 total
[2022-06-13T03:17:33.745+0000][1][gc,age       ] GC(13) - age   6:     509720 bytes,    8912840 total
[2022-06-13T03:17:33.745+0000][1][gc,heap      ] GC(13) ParNew: 77339K->8704K(78656K)
[2022-06-13T03:17:33.745+0000][1][gc,heap      ] GC(13) CMS: 14085K->26396K(174784K)
[2022-06-13T03:17:33.745+0000][1][gc,metaspace ] GC(13) Metaspace: 27012K->27012K(1075200K)
[2022-06-13T03:17:33.745+0000][1][gc           ] GC(13) Pause Young (Allocation Failure) 89M->34M(247M) 45.730ms
[2022-06-13T03:17:33.746+0000][1][gc,cpu       ] GC(13) User=0.24s Sys=0.00s Real=0.04s
[2022-06-13T03:17:33.746+0000][1][safepoint    ] Leaving safepoint region
[2022-06-13T03:17:33.746+0000][1][safepoint    ] Total time for which application threads were stopped: 0.0466305 seconds, Stopping threads took: 0.0004447 seconds
[2022-06-13T03:17:34.078+0000][1][safepoint    ] Application time: 0.3322553 seconds
[2022-06-13T03:17:34.087+0000][1][safepoint    ] Entering safepoint region: Deoptimize
[2022-06-13T03:17:34.088+0000][1][safepoint    ] Leaving safepoint region
[2022-06-13T03:17:34.088+0000][1][safepoint    ] Total time for which application threads were stopped: 0.0013494 seconds, Stopping threads took: 0.0004545 seconds
[2022-06-13T03:17:34.383+0000][1][safepoint    ] Application time: 0.2944982 seconds
[2022-06-13T03:17:34.398+0000][1][safepoint    ] Entering safepoint region: GenCollectForAllocation
[2022-06-13T03:17:34.399+0000][1][gc,start     ] GC(14) Pause Young (Allocation Failure)
[2022-06-13T03:17:34.400+0000][1][gc,task      ] GC(14) Using 5 workers of 13 for evacuation
[2022-06-13T03:17:34.425+0000][1][gc,age       ] GC(14) Desired survivor size 4456448 bytes, new threshold 1 (max threshold 6)
[2022-06-13T03:17:34.426+0000][1][gc,age       ] GC(14) Age table with threshold 1 (max threshold 6)
[2022-06-13T03:17:34.426+0000][1][gc,age       ] GC(14) - age   1:    8912736 bytes,    8912736 total
[2022-06-13T03:17:34.427+0000][1][gc,heap      ] GC(14) ParNew: 78656K->8704K(78656K)
[2022-06-13T03:17:34.427+0000][1][gc,heap      ] GC(14) CMS: 26396K->39272K(174784K)
[2022-06-13T03:17:34.427+0000][1][gc,metaspace ] GC(14) Metaspace: 27140K->27140K(1075200K)
[2022-06-13T03:17:34.427+0000][1][gc           ] GC(14) Pause Young (Allocation Failure) 102M->46M(247M) 27.692ms
[2022-06-13T03:17:34.427+0000][1][gc,cpu       ] GC(14) User=0.13s Sys=0.00s Real=0.02s
[2022-06-13T03:17:34.427+0000][1][safepoint    ] Leaving safepoint region
[2022-06-13T03:17:34.428+0000][1][safepoint    ] Total time for which application threads were stopped: 0.0297494 seconds, Stopping threads took: 0.0013359 seconds
[2022-06-13T03:17:34.633+0000][1][safepoint    ] Application time: 0.2051353 seconds
[2022-06-13T03:17:34.633+0000][1][safepoint    ] Entering safepoint region: RevokeBias
[2022-06-13T03:17:34.634+0000][1][safepoint    ] Leaving safepoint region
[2022-06-13T03:17:34.634+0000][1][safepoint    ] Total time for which application threads were stopped: 0.0004687 seconds, Stopping threads took: 0.0002128 seconds
[2022-06-13T03:17:34.854+0000][1][safepoint    ] Application time: 0.2204584 seconds
[2022-06-13T03:17:34.855+0000][1][safepoint    ] Entering safepoint region: RevokeBias
[2022-06-13T03:17:34.855+0000][1][safepoint    ] Leaving safepoint region
[2022-06-13T03:17:34.855+0000][1][safepoint    ] Total time for which application threads were stopped: 0.0007452 seconds, Stopping threads took: 0.0001553 seconds
[2022-06-13T03:17:34.867+0000][1][safepoint    ] Application time: 0.0110991 seconds
[2022-06-13T03:17:34.867+0000][1][safepoint    ] Entering safepoint region: RevokeBias
[2022-06-13T03:17:34.867+0000][1][safepoint    ] Leaving safepoint region
[2022-06-13T03:17:34.867+0000][1][safepoint    ] Total time for which application threads were stopped: 0.0002494 seconds, Stopping threads took: 0.0001101 seconds
[2022-06-13T03:17:34.955+0000][1][safepoint    ] Application time: 0.0881349 seconds
[2022-06-13T03:17:34.956+0000][1][safepoint    ] Entering safepoint region: GenCollectForAllocation
[2022-06-13T03:17:34.956+0000][1][gc,start     ] GC(15) Pause Young (Allocation Failure)
[2022-06-13T03:17:34.956+0000][1][gc,task      ] GC(15) Using 5 workers of 13 for evacuation
[2022-06-13T03:17:34.968+0000][1][gc,age       ] GC(15) Desired survivor size 4456448 bytes, new threshold 1 (max threshold 6)
[2022-06-13T03:17:34.968+0000][1][gc,age       ] GC(15) Age table with threshold 1 (max threshold 6)
[2022-06-13T03:17:34.968+0000][1][gc,age       ] GC(15) - age   1:    6714616 bytes,    6714616 total
[2022-06-13T03:17:34.968+0000][1][gc,heap      ] GC(15) ParNew: 78656K->8704K(78656K)
[2022-06-13T03:17:34.968+0000][1][gc,heap      ] GC(15) CMS: 39272K->48989K(174784K)
[2022-06-13T03:17:34.968+0000][1][gc,metaspace ] GC(15) Metaspace: 32143K->32143K(1079296K)
[2022-06-13T03:17:34.969+0000][1][gc           ] GC(15) Pause Young (Allocation Failure) 115M->56M(247M) 12.781ms
[2022-06-13T03:17:34.969+0000][1][gc,cpu       ] GC(15) User=0.09s Sys=0.00s Real=0.01s
[2022-06-13T03:17:34.969+0000][1][safepoint    ] Leaving safepoint region
[2022-06-13T03:17:34.969+0000][1][safepoint    ] Total time for which application threads were stopped: 0.0133035 seconds, Stopping threads took: 0.0001142 seconds
[2022-06-13T03:17:34.989+0000][1][safepoint    ] Application time: 0.0202144 seconds
[2022-06-13T03:17:34.989+0000][1][safepoint    ] Entering safepoint region: RevokeBias
[2022-06-13T03:17:34.990+0000][1][safepoint    ] Leaving safepoint region
[2022-06-13T03:17:34.990+0000][1][safepoint    ] Total time for which application threads were stopped: 0.0002805 seconds, Stopping threads took: 0.0001114 seconds
[2022-06-13T03:17:35.056+0000][1][safepoint    ] Application time: 0.0666971 seconds
[2022-06-13T03:17:35.057+0000][1][safepoint    ] Entering safepoint region: GenCollectForAllocation
[2022-06-13T03:17:35.057+0000][1][gc,start     ] GC(16) Pause Young (Allocation Failure)
[2022-06-13T03:17:35.057+0000][1][gc,task      ] GC(16) Using 5 workers of 13 for evacuation
[2022-06-13T03:17:35.062+0000][1][gc,age       ] GC(16) Desired survivor size 4456448 bytes, new threshold 6 (max threshold 6)
[2022-06-13T03:17:35.062+0000][1][gc,age       ] GC(16) Age table with threshold 6 (max threshold 6)
[2022-06-13T03:17:35.063+0000][1][gc,age       ] GC(16) - age   1:     345704 bytes,     345704 total
[2022-06-13T03:17:35.063+0000][1][gc,heap      ] GC(16) ParNew: 78656K->7036K(78656K)
[2022-06-13T03:17:35.063+0000][1][gc,heap      ] GC(16) CMS: 48989K->55600K(174784K)
[2022-06-13T03:17:35.063+0000][1][gc,metaspace ] GC(16) Metaspace: 32887K->32887K(1079296K)
[2022-06-13T03:17:35.063+0000][1][gc           ] GC(16) Pause Young (Allocation Failure) 124M->61M(247M) 6.059ms
[2022-06-13T03:17:35.063+0000][1][gc,cpu       ] GC(16) User=0.04s Sys=0.00s Real=0.01s
[2022-06-13T03:17:35.063+0000][1][safepoint    ] Leaving safepoint region
[2022-06-13T03:17:35.063+0000][1][safepoint    ] Total time for which application threads were stopped: 0.0066383 seconds, Stopping threads took: 0.0001782 seconds
[2022-06-13T03:17:35.199+0000][1][safepoint    ] Application time: 0.1357721 seconds
[2022-06-13T03:17:35.200+0000][1][safepoint    ] Entering safepoint region: CollectForMetadataAllocation
[2022-06-13T03:17:35.200+0000][1][safepoint    ] Leaving safepoint region
[2022-06-13T03:17:35.200+0000][1][safepoint    ] Total time for which application threads were stopped: 0.0005558 seconds, Stopping threads took: 0.0002272 seconds
[2022-06-13T03:17:35.228+0000][1][safepoint    ] Application time: 0.0275228 seconds
[2022-06-13T03:17:35.228+0000][1][safepoint    ] Entering safepoint region: CollectForMetadataAllocation
[2022-06-13T03:17:35.228+0000][1][safepoint    ] Leaving safepoint region
[2022-06-13T03:17:35.228+0000][1][safepoint    ] Total time for which application threads were stopped: 0.0004704 seconds, Stopping threads took: 0.0001768 seconds
[2022-06-13T03:17:35.247+0000][1][safepoint    ] Application time: 0.0184018 seconds
[2022-06-13T03:17:35.247+0000][1][safepoint    ] Entering safepoint region: CollectForMetadataAllocation
[2022-06-13T03:17:35.248+0000][1][safepoint    ] Leaving safepoint region
[2022-06-13T03:17:35.248+0000][1][safepoint    ] Total time for which application threads were stopped: 0.0004072 seconds, Stopping threads took: 0.0001555 seconds
[2022-06-13T03:17:35.264+0000][1][safepoint    ] Application time: 0.0157605 seconds
[2022-06-13T03:17:35.264+0000][1][safepoint    ] Entering safepoint region: CollectForMetadataAllocation
[2022-06-13T03:17:35.264+0000][1][safepoint    ] Leaving safepoint region
[2022-06-13T03:17:35.264+0000][1][safepoint    ] Total time for which application threads were stopped: 0.0003526 seconds, Stopping threads took: 0.0001192 seconds
[2022-06-13T03:17:35.288+0000][1][safepoint    ] Application time: 0.0240500 seconds
[2022-06-13T03:17:35.289+0000][1][safepoint    ] Entering safepoint region: CollectForMetadataAllocation
[2022-06-13T03:17:35.289+0000][1][safepoint    ] Leaving safepoint region
[2022-06-13T03:17:35.289+0000][1][safepoint    ] Total time for which application threads were stopped: 0.0004927 seconds, Stopping threads took: 0.0002085 seconds
[2022-06-13T03:17:35.311+0000][1][safepoint    ] Application time: 0.0214566 seconds
[2022-06-13T03:17:35.311+0000][1][safepoint    ] Entering safepoint region: CollectForMetadataAllocation
[2022-06-13T03:17:35.312+0000][1][safepoint    ] Leaving safepoint region
[2022-06-13T03:17:35.312+0000][1][safepoint    ] Total time for which application threads were stopped: 0.0004902 seconds, Stopping threads took: 0.0001575 seconds
[2022-06-13T03:17:35.327+0000][1][safepoint    ] Application time: 0.0151046 seconds
[2022-06-13T03:17:35.327+0000][1][safepoint    ] Entering safepoint region: CollectForMetadataAllocation
[2022-06-13T03:17:35.328+0000][1][safepoint    ] Leaving safepoint region
[2022-06-13T03:17:35.328+0000][1][safepoint    ] Total time for which application threads were stopped: 0.0005001 seconds, Stopping threads took: 0.0001942 seconds
[2022-06-13T03:17:35.337+0000][1][safepoint    ] Application time: 0.0089337 seconds
[2022-06-13T03:17:35.337+0000][1][safepoint    ] Entering safepoint region: CollectForMetadataAllocation
[2022-06-13T03:17:35.338+0000][1][safepoint    ] Leaving safepoint region
[2022-06-13T03:17:35.338+0000][1][safepoint    ] Total time for which application threads were stopped: 0.0010082 seconds, Stopping threads took: 0.0001502 seconds
[2022-06-13T03:17:35.353+0000][1][safepoint    ] Application time: 0.0148790 seconds
[2022-06-13T03:17:35.353+0000][1][safepoint    ] Entering safepoint region: CollectForMetadataAllocation
[2022-06-13T03:17:35.354+0000][1][safepoint    ] Leaving safepoint region
[2022-06-13T03:17:35.354+0000][1][safepoint    ] Total time for which application threads were stopped: 0.0004188 seconds, Stopping threads took: 0.0001489 seconds
[2022-06-13T03:17:35.372+0000][1][safepoint    ] Application time: 0.0182717 seconds
[2022-06-13T03:17:35.372+0000][1][safepoint    ] Entering safepoint region: CollectForMetadataAllocation
[2022-06-13T03:17:35.373+0000][1][safepoint    ] Leaving safepoint region
[2022-06-13T03:17:35.373+0000][1][safepoint    ] Total time for which application threads were stopped: 0.0009108 seconds, Stopping threads took: 0.0001783 seconds
[2022-06-13T03:17:35.377+0000][1][safepoint    ] Application time: 0.0032906 seconds
[2022-06-13T03:17:35.377+0000][1][safepoint    ] Entering safepoint region: RevokeBias
[2022-06-13T03:17:35.377+0000][1][safepoint    ] Leaving safepoint region
[2022-06-13T03:17:35.377+0000][1][safepoint    ] Total time for which application threads were stopped: 0.0002878 seconds, Stopping threads took: 0.0001248 seconds
[2022-06-13T03:17:35.385+0000][1][safepoint    ] Application time: 0.0074988 seconds
[2022-06-13T03:17:35.385+0000][1][safepoint    ] Entering safepoint region: CollectForMetadataAllocation
[2022-06-13T03:17:35.385+0000][1][safepoint    ] Leaving safepoint region
[2022-06-13T03:17:35.385+0000][1][safepoint    ] Total time for which application threads were stopped: 0.0003216 seconds, Stopping threads took: 0.0001191 seconds
[2022-06-13T03:17:35.400+0000][1][safepoint    ] Application time: 0.0141471 seconds
[2022-06-13T03:17:35.400+0000][1][safepoint    ] Entering safepoint region: CollectForMetadataAllocation
[2022-06-13T03:17:35.400+0000][1][safepoint    ] Leaving safepoint region
[2022-06-13T03:17:35.400+0000][1][safepoint    ] Total time for which application threads were stopped: 0.0004290 seconds, Stopping threads took: 0.0001309 seconds
[2022-06-13T03:17:35.420+0000][1][safepoint    ] Application time: 0.0192611 seconds
[2022-06-13T03:17:35.420+0000][1][safepoint    ] Entering safepoint region: CollectForMetadataAllocation
[2022-06-13T03:17:35.420+0000][1][safepoint    ] Leaving safepoint region
[2022-06-13T03:17:35.420+0000][1][safepoint    ] Total time for which application threads were stopped: 0.0005118 seconds, Stopping threads took: 0.0002081 seconds
[2022-06-13T03:17:35.433+0000][1][safepoint    ] Application time: 0.0124986 seconds
[2022-06-13T03:17:35.433+0000][1][safepoint    ] Entering safepoint region: CollectForMetadataAllocation
[2022-06-13T03:17:35.434+0000][1][safepoint    ] Leaving safepoint region
[2022-06-13T03:17:35.434+0000][1][safepoint    ] Total time for which application threads were stopped: 0.0003328 seconds, Stopping threads took: 0.0001137 seconds
[2022-06-13T03:17:35.446+0000][1][safepoint    ] Application time: 0.0122721 seconds
[2022-06-13T03:17:35.446+0000][1][safepoint    ] Entering safepoint region: CollectForMetadataAllocation
[2022-06-13T03:17:35.447+0000][1][safepoint    ] Leaving safepoint region
[2022-06-13T03:17:35.447+0000][1][safepoint    ] Total time for which application threads were stopped: 0.0004007 seconds, Stopping threads took: 0.0001674 seconds
[2022-06-13T03:17:35.462+0000][1][safepoint    ] Application time: 0.0155812 seconds
[2022-06-13T03:17:35.463+0000][1][safepoint    ] Entering safepoint region: CollectForMetadataAllocation
[2022-06-13T03:17:35.463+0000][1][safepoint    ] Leaving safepoint region
[2022-06-13T03:17:35.464+0000][1][safepoint    ] Total time for which application threads were stopped: 0.0009582 seconds, Stopping threads took: 0.0001530 seconds
[2022-06-13T03:17:35.477+0000][1][safepoint    ] Application time: 0.0126812 seconds
[2022-06-13T03:17:35.477+0000][1][safepoint    ] Entering safepoint region: CollectForMetadataAllocation
[2022-06-13T03:17:35.477+0000][1][safepoint    ] Leaving safepoint region
[2022-06-13T03:17:35.477+0000][1][safepoint    ] Total time for which application threads were stopped: 0.0003077 seconds, Stopping threads took: 0.0001263 seconds
[2022-06-13T03:17:35.492+0000][1][safepoint    ] Application time: 0.0151663 seconds
[2022-06-13T03:17:35.493+0000][1][safepoint    ] Entering safepoint region: CollectForMetadataAllocation
[2022-06-13T03:17:35.493+0000][1][safepoint    ] Leaving safepoint region
[2022-06-13T03:17:35.493+0000][1][safepoint    ] Total time for which application threads were stopped: 0.0003717 seconds, Stopping threads took: 0.0001105 seconds
[2022-06-13T03:17:35.504+0000][1][safepoint    ] Application time: 0.0107588 seconds
[2022-06-13T03:17:35.504+0000][1][safepoint    ] Entering safepoint region: CollectForMetadataAllocation
[2022-06-13T03:17:35.504+0000][1][safepoint    ] Leaving safepoint region
[2022-06-13T03:17:35.505+0000][1][safepoint    ] Total time for which application threads were stopped: 0.0004043 seconds, Stopping threads took: 0.0001471 seconds
[2022-06-13T03:17:35.519+0000][1][safepoint    ] Application time: 0.0143203 seconds
[2022-06-13T03:17:35.519+0000][1][safepoint    ] Entering safepoint region: CollectForMetadataAllocation
[2022-06-13T03:17:35.520+0000][1][safepoint    ] Leaving safepoint region
[2022-06-13T03:17:35.520+0000][1][safepoint    ] Total time for which application threads were stopped: 0.0008101 seconds, Stopping threads took: 0.0001535 seconds
[2022-06-13T03:17:35.531+0000][1][safepoint    ] Application time: 0.0108881 seconds
[2022-06-13T03:17:35.531+0000][1][safepoint    ] Entering safepoint region: CollectForMetadataAllocation
[2022-06-13T03:17:35.532+0000][1][safepoint    ] Leaving safepoint region
[2022-06-13T03:17:35.532+0000][1][safepoint    ] Total time for which application threads were stopped: 0.0004056 seconds, Stopping threads took: 0.0001601 seconds
[2022-06-13T03:17:35.543+0000][1][safepoint    ] Application time: 0.0113301 seconds
[2022-06-13T03:17:35.543+0000][1][safepoint    ] Entering safepoint region: CollectForMetadataAllocation
[2022-06-13T03:17:35.544+0000][1][safepoint    ] Leaving safepoint region
[2022-06-13T03:17:35.544+0000][1][safepoint    ] Total time for which application threads were stopped: 0.0003766 seconds, Stopping threads took: 0.0001626 seconds
[2022-06-13T03:17:35.563+0000][1][safepoint    ] Application time: 0.0188366 seconds
[2022-06-13T03:17:35.563+0000][1][safepoint    ] Entering safepoint region: CollectForMetadataAllocation
[2022-06-13T03:17:35.563+0000][1][safepoint    ] Leaving safepoint region
[2022-06-13T03:17:35.563+0000][1][safepoint    ] Total time for which application threads were stopped: 0.0004500 seconds, Stopping threads took: 0.0001860 seconds
[2022-06-13T03:17:35.574+0000][1][safepoint    ] Application time: 0.0105296 seconds
[2022-06-13T03:17:35.574+0000][1][safepoint    ] Entering safepoint region: CollectForMetadataAllocation
[2022-06-13T03:17:35.575+0000][1][safepoint    ] Leaving safepoint region
[2022-06-13T03:17:35.575+0000][1][safepoint    ] Total time for which application threads were stopped: 0.0003628 seconds, Stopping threads took: 0.0001569 seconds
[2022-06-13T03:17:35.588+0000][1][safepoint    ] Application time: 0.0135575 seconds
[2022-06-13T03:17:35.589+0000][1][safepoint    ] Entering safepoint region: CollectForMetadataAllocation
[2022-06-13T03:17:35.589+0000][1][safepoint    ] Leaving safepoint region
[2022-06-13T03:17:35.589+0000][1][safepoint    ] Total time for which application threads were stopped: 0.0003172 seconds, Stopping threads took: 0.0001160 seconds
[2022-06-13T03:17:35.603+0000][1][safepoint    ] Application time: 0.0137722 seconds
[2022-06-13T03:17:35.603+0000][1][safepoint    ] Entering safepoint region: CollectForMetadataAllocation
[2022-06-13T03:17:35.603+0000][1][safepoint    ] Leaving safepoint region
[2022-06-13T03:17:35.604+0000][1][safepoint    ] Total time for which application threads were stopped: 0.0004887 seconds, Stopping threads took: 0.0001782 seconds
[2022-06-13T03:17:35.623+0000][1][safepoint    ] Application time: 0.0187422 seconds
[2022-06-13T03:17:35.623+0000][1][safepoint    ] Entering safepoint region: CollectForMetadataAllocation
[2022-06-13T03:17:35.623+0000][1][safepoint    ] Leaving safepoint region
[2022-06-13T03:17:35.623+0000][1][safepoint    ] Total time for which application threads were stopped: 0.0004673 seconds, Stopping threads took: 0.0001663 seconds
[2022-06-13T03:17:35.628+0000][1][safepoint    ] Application time: 0.0042965 seconds
[2022-06-13T03:17:35.628+0000][1][safepoint    ] Entering safepoint region: RevokeBias
[2022-06-13T03:17:35.628+0000][1][safepoint    ] Leaving safepoint region
[2022-06-13T03:17:35.629+0000][1][safepoint    ] Total time for which application threads were stopped: 0.0004960 seconds, Stopping threads took: 0.0002684 seconds
[2022-06-13T03:17:35.636+0000][1][safepoint    ] Application time: 0.0075942 seconds
[2022-06-13T03:17:35.637+0000][1][safepoint    ] Entering safepoint region: CollectForMetadataAllocation
[2022-06-13T03:17:35.637+0000][1][safepoint    ] Leaving safepoint region
[2022-06-13T03:17:35.637+0000][1][safepoint    ] Total time for which application threads were stopped: 0.0002999 seconds, Stopping threads took: 0.0001021 seconds
[2022-06-13T03:17:35.911+0000][1][safepoint    ] Application time: 0.2744584 seconds
[2022-06-13T03:17:35.912+0000][1][safepoint    ] Entering safepoint region: CollectForMetadataAllocation
[2022-06-13T03:17:35.913+0000][1][safepoint    ] Leaving safepoint region
[2022-06-13T03:17:35.913+0000][1][safepoint    ] Total time for which application threads were stopped: 0.0009337 seconds, Stopping threads took: 0.0003655 seconds
[2022-06-13T03:17:36.175+0000][1][safepoint    ] Application time: 0.2613046 seconds
[2022-06-13T03:17:36.175+0000][1][safepoint    ] Entering safepoint region: GenCollectForAllocation
[2022-06-13T03:17:36.175+0000][1][gc,start     ] GC(17) Pause Young (Allocation Failure)
[2022-06-13T03:17:36.176+0000][1][gc,task      ] GC(17) Using 5 workers of 13 for evacuation
[2022-06-13T03:17:36.179+0000][1][gc,age       ] GC(17) Desired survivor size 4456448 bytes, new threshold 6 (max threshold 6)
[2022-06-13T03:17:36.180+0000][1][gc,age       ] GC(17) Age table with threshold 6 (max threshold 6)
[2022-06-13T03:17:36.180+0000][1][gc,age       ] GC(17) - age   1:    3975568 bytes,    3975568 total
[2022-06-13T03:17:36.180+0000][1][gc,age       ] GC(17) - age   2:     305992 bytes,    4281560 total
[2022-06-13T03:17:36.180+0000][1][gc,heap      ] GC(17) ParNew: 76988K->5103K(78656K)
[2022-06-13T03:17:36.180+0000][1][gc,heap      ] GC(17) CMS: 55600K->55600K(174784K)
[2022-06-13T03:17:36.180+0000][1][gc,metaspace ] GC(17) Metaspace: 42336K->42336K(1087488K)
[2022-06-13T03:17:36.180+0000][1][gc           ] GC(17) Pause Young (Allocation Failure) 129M->59M(247M) 4.962ms
[2022-06-13T03:17:36.180+0000][1][gc,cpu       ] GC(17) User=0.03s Sys=0.00s Real=0.01s
[2022-06-13T03:17:36.181+0000][1][safepoint    ] Leaving safepoint region
[2022-06-13T03:17:36.181+0000][1][safepoint    ] Total time for which application threads were stopped: 0.0056234 seconds, Stopping threads took: 0.0001651 seconds
[2022-06-13T03:17:36.181+0000][1][safepoint    ] Application time: 0.0001476 seconds
[2022-06-13T03:17:36.181+0000][1][safepoint    ] Entering safepoint region: CMS_Initial_Mark
[2022-06-13T03:17:36.181+0000][1][gc,start     ] GC(18) Pause Initial Mark
[2022-06-13T03:17:36.183+0000][1][gc           ] GC(18) Pause Initial Mark 60M->60M(247M) 1.737ms
[2022-06-13T03:17:36.183+0000][1][gc,cpu       ] GC(18) User=0.01s Sys=0.00s Real=0.00s
[2022-06-13T03:17:36.183+0000][1][safepoint    ] Leaving safepoint region
[2022-06-13T03:17:36.184+0000][1][safepoint    ] Total time for which application threads were stopped: 0.0023931 seconds, Stopping threads took: 0.0001794 seconds
[2022-06-13T03:17:36.184+0000][1][gc           ] GC(18) Concurrent Mark
[2022-06-13T03:17:36.184+0000][1][gc,task      ] GC(18) Using 4 workers of 4 for marking
[2022-06-13T03:17:36.194+0000][1][safepoint    ] Application time: 0.0107373 seconds
[2022-06-13T03:17:36.195+0000][1][safepoint    ] Entering safepoint region: CollectForMetadataAllocation
[2022-06-13T03:17:36.195+0000][1][safepoint    ] Leaving safepoint region
[2022-06-13T03:17:36.195+0000][1][safepoint    ] Total time for which application threads were stopped: 0.0004365 seconds, Stopping threads took: 0.0002013 seconds
[2022-06-13T03:17:36.214+0000][1][gc           ] GC(18) Concurrent Mark 29.773ms
[2022-06-13T03:17:36.215+0000][1][gc,cpu       ] GC(18) User=0.13s Sys=0.02s Real=0.03s
[2022-06-13T03:17:36.215+0000][1][gc           ] GC(18) Concurrent Preclean
[2022-06-13T03:17:36.217+0000][1][gc           ] GC(18) Concurrent Preclean 1.874ms
[2022-06-13T03:17:36.218+0000][1][gc,cpu       ] GC(18) User=0.01s Sys=0.00s Real=0.00s
[2022-06-13T03:17:36.218+0000][1][gc           ] GC(18) Concurrent Abortable Preclean
[2022-06-13T03:17:36.224+0000][1][safepoint    ] Application time: 0.0289763 seconds
[2022-06-13T03:17:36.225+0000][1][safepoint    ] Entering safepoint region: CollectForMetadataAllocation
[2022-06-13T03:17:36.225+0000][1][safepoint    ] Leaving safepoint region
[2022-06-13T03:17:36.225+0000][1][safepoint    ] Total time for which application threads were stopped: 0.0004873 seconds, Stopping threads took: 0.0001446 seconds
[2022-06-13T03:17:36.339+0000][1][safepoint    ] Application time: 0.1135897 seconds
[2022-06-13T03:17:36.339+0000][1][safepoint    ] Entering safepoint region: CollectForMetadataAllocation
[2022-06-13T03:17:36.340+0000][1][safepoint    ] Leaving safepoint region
[2022-06-13T03:17:36.340+0000][1][safepoint    ] Total time for which application threads were stopped: 0.0011718 seconds, Stopping threads took: 0.0001474 seconds
[2022-06-13T03:17:36.361+0000][1][safepoint    ] Application time: 0.0206937 seconds
[2022-06-13T03:17:36.361+0000][1][safepoint    ] Entering safepoint region: CollectForMetadataAllocation
[2022-06-13T03:17:36.361+0000][1][safepoint    ] Leaving safepoint region
[2022-06-13T03:17:36.362+0000][1][safepoint    ] Total time for which application threads were stopped: 0.0004024 seconds, Stopping threads took: 0.0001170 seconds
[2022-06-13T03:17:36.377+0000][1][safepoint    ] Application time: 0.0155680 seconds
[2022-06-13T03:17:36.377+0000][1][safepoint    ] Entering safepoint region: CollectForMetadataAllocation
[2022-06-13T03:17:36.378+0000][1][safepoint    ] Leaving safepoint region
[2022-06-13T03:17:36.378+0000][1][safepoint    ] Total time for which application threads were stopped: 0.0004840 seconds, Stopping threads took: 0.0001237 seconds
[2022-06-13T03:17:36.408+0000][1][safepoint    ] Application time: 0.0295447 seconds
[2022-06-13T03:17:36.408+0000][1][safepoint    ] Entering safepoint region: CollectForMetadataAllocation
[2022-06-13T03:17:36.408+0000][1][safepoint    ] Leaving safepoint region
[2022-06-13T03:17:36.408+0000][1][safepoint    ] Total time for which application threads were stopped: 0.0003712 seconds, Stopping threads took: 0.0001130 seconds
[2022-06-13T03:17:36.427+0000][1][safepoint    ] Application time: 0.0188052 seconds
[2022-06-13T03:17:36.427+0000][1][safepoint    ] Entering safepoint region: CollectForMetadataAllocation
[2022-06-13T03:17:36.428+0000][1][safepoint    ] Leaving safepoint region
[2022-06-13T03:17:36.428+0000][1][safepoint    ] Total time for which application threads were stopped: 0.0004586 seconds, Stopping threads took: 0.0002042 seconds
[2022-06-13T03:17:36.429+0000][1][gc           ] GC(18) Concurrent Abortable Preclean 210.714ms
[2022-06-13T03:17:36.429+0000][1][gc,cpu       ] GC(18) User=1.06s Sys=0.00s Real=0.21s
[2022-06-13T03:17:36.429+0000][1][safepoint    ] Application time: 0.0012730 seconds
[2022-06-13T03:17:36.429+0000][1][safepoint    ] Entering safepoint region: CMS_Final_Remark
[2022-06-13T03:17:36.430+0000][1][gc,start     ] GC(18) Pause Remark
[2022-06-13T03:17:36.441+0000][1][gc           ] GC(18) Pause Remark 96M->96M(247M) 11.081ms
[2022-06-13T03:17:36.441+0000][1][gc,cpu       ] GC(18) User=0.04s Sys=0.00s Real=0.01s
[2022-06-13T03:17:36.441+0000][1][safepoint    ] Leaving safepoint region
[2022-06-13T03:17:36.441+0000][1][safepoint    ] Total time for which application threads were stopped: 0.0118394 seconds, Stopping threads took: 0.0001102 seconds
[2022-06-13T03:17:36.441+0000][1][gc           ] GC(18) Concurrent Sweep
[2022-06-13T03:17:36.446+0000][1][safepoint    ] Application time: 0.0046608 seconds
[2022-06-13T03:17:36.447+0000][1][safepoint    ] Entering safepoint region: RevokeBias
[2022-06-13T03:17:36.448+0000][1][safepoint    ] Leaving safepoint region
[2022-06-13T03:17:36.448+0000][1][safepoint    ] Total time for which application threads were stopped: 0.0018217 seconds, Stopping threads took: 0.0010095 seconds
[2022-06-13T03:17:36.463+0000][1][gc           ] GC(18) Concurrent Sweep 21.148ms
[2022-06-13T03:17:36.463+0000][1][gc,cpu       ] GC(18) User=0.10s Sys=0.00s Real=0.02s
[2022-06-13T03:17:36.463+0000][1][gc           ] GC(18) Concurrent Reset
[2022-06-13T03:17:36.463+0000][1][gc           ] GC(18) Concurrent Reset 0.320ms
[2022-06-13T03:17:36.463+0000][1][gc,cpu       ] GC(18) User=0.00s Sys=0.00s Real=0.00s
[2022-06-13T03:17:36.464+0000][1][gc,heap      ] GC(18) Old: 55600K->55386K(174784K)
[2022-06-13T03:17:36.480+0000][1][safepoint    ] Application time: 0.0315798 seconds
[2022-06-13T03:17:36.480+0000][1][safepoint    ] Entering safepoint region: RevokeBias
[2022-06-13T03:17:36.480+0000][1][safepoint    ] Leaving safepoint region
[2022-06-13T03:17:36.481+0000][1][safepoint    ] Total time for which application threads were stopped: 0.0003669 seconds, Stopping threads took: 0.0001726 seconds
[2022-06-13T03:17:36.490+0000][1][safepoint    ] Application time: 0.0097381 seconds
[2022-06-13T03:17:36.491+0000][1][safepoint    ] Entering safepoint region: RevokeBias
[2022-06-13T03:17:36.491+0000][1][safepoint    ] Leaving safepoint region
[2022-06-13T03:17:36.491+0000][1][safepoint    ] Total time for which application threads were stopped: 0.0003124 seconds, Stopping threads took: 0.0001408 seconds
[2022-06-13T03:17:36.494+0000][1][safepoint    ] Application time: 0.0030161 seconds
[2022-06-13T03:17:36.494+0000][1][safepoint    ] Entering safepoint region: RevokeBias
[2022-06-13T03:17:36.495+0000][1][safepoint    ] Leaving safepoint region
[2022-06-13T03:17:36.495+0000][1][safepoint    ] Total time for which application threads were stopped: 0.0002814 seconds, Stopping threads took: 0.0001350 seconds
[2022-06-13T03:17:36.657+0000][1][safepoint    ] Application time: 0.1625604 seconds
[2022-06-13T03:17:36.658+0000][1][safepoint    ] Entering safepoint region: RevokeBias
[2022-06-13T03:17:36.658+0000][1][safepoint    ] Leaving safepoint region
[2022-06-13T03:17:36.659+0000][1][safepoint    ] Total time for which application threads were stopped: 0.0009891 seconds, Stopping threads took: 0.0002992 seconds
[2022-06-13T03:17:36.659+0000][1][safepoint    ] Application time: 0.0001021 seconds
[2022-06-13T03:17:36.659+0000][1][safepoint    ] Entering safepoint region: RevokeBias
[2022-06-13T03:17:36.659+0000][1][safepoint    ] Leaving safepoint region
[2022-06-13T03:17:36.659+0000][1][safepoint    ] Total time for which application threads were stopped: 0.0003355 seconds, Stopping threads took: 0.0001536 seconds
[2022-06-13T03:17:36.660+0000][1][safepoint    ] Application time: 0.0001177 seconds
[2022-06-13T03:17:36.660+0000][1][safepoint    ] Entering safepoint region: RevokeBias
[2022-06-13T03:17:36.660+0000][1][safepoint    ] Leaving safepoint region
[2022-06-13T03:17:36.660+0000][1][safepoint    ] Total time for which application threads were stopped: 0.0002939 seconds, Stopping threads took: 0.0001274 seconds
[2022-06-13T03:17:36.660+0000][1][safepoint    ] Application time: 0.0002585 seconds
[2022-06-13T03:17:36.661+0000][1][safepoint    ] Entering safepoint region: RevokeBias
[2022-06-13T03:17:36.661+0000][1][safepoint    ] Leaving safepoint region
[2022-06-13T03:17:36.661+0000][1][safepoint    ] Total time for which application threads were stopped: 0.0003041 seconds, Stopping threads took: 0.0001783 seconds
[2022-06-13T03:17:36.661+0000][1][safepoint    ] Application time: 0.0001670 seconds
[2022-06-13T03:17:36.661+0000][1][safepoint    ] Entering safepoint region: RevokeBias
[2022-06-13T03:17:36.661+0000][1][safepoint    ] Leaving safepoint region
[2022-06-13T03:17:36.661+0000][1][safepoint    ] Total time for which application threads were stopped: 0.0002194 seconds, Stopping threads took: 0.0000874 seconds
[2022-06-13T03:17:36.662+0000][1][safepoint    ] Application time: 0.0002705 seconds
[2022-06-13T03:17:36.662+0000][1][safepoint    ] Entering safepoint region: RevokeBias
[2022-06-13T03:17:36.662+0000][1][safepoint    ] Leaving safepoint region
[2022-06-13T03:17:36.662+0000][1][safepoint    ] Total time for which application threads were stopped: 0.0003327 seconds, Stopping threads took: 0.0002025 seconds
[2022-06-13T03:17:36.662+0000][1][safepoint    ] Application time: 0.0001054 seconds
[2022-06-13T03:17:36.663+0000][1][safepoint    ] Entering safepoint region: RevokeBias
[2022-06-13T03:17:36.663+0000][1][safepoint    ] Leaving safepoint region
[2022-06-13T03:17:36.663+0000][1][safepoint    ] Total time for which application threads were stopped: 0.0003640 seconds, Stopping threads took: 0.0001991 seconds
[2022-06-13T03:17:36.663+0000][1][safepoint    ] Application time: 0.0002975 seconds
[2022-06-13T03:17:36.663+0000][1][safepoint    ] Entering safepoint region: RevokeBias
[2022-06-13T03:17:36.664+0000][1][safepoint    ] Leaving safepoint region
[2022-06-13T03:17:36.664+0000][1][safepoint    ] Total time for which application threads were stopped: 0.0002894 seconds, Stopping threads took: 0.0001241 seconds
[2022-06-13T03:17:36.664+0000][1][safepoint    ] Application time: 0.0000635 seconds
[2022-06-13T03:17:36.664+0000][1][safepoint    ] Entering safepoint region: RevokeBias
[2022-06-13T03:17:36.664+0000][1][safepoint    ] Leaving safepoint region
[2022-06-13T03:17:36.664+0000][1][safepoint    ] Total time for which application threads were stopped: 0.0002735 seconds, Stopping threads took: 0.0001350 seconds
[2022-06-13T03:17:36.664+0000][1][safepoint    ] Application time: 0.0000766 seconds
[2022-06-13T03:17:36.665+0000][1][safepoint    ] Entering safepoint region: RevokeBias
[2022-06-13T03:17:36.665+0000][1][safepoint    ] Leaving safepoint region
[2022-06-13T03:17:36.665+0000][1][safepoint    ] Total time for which application threads were stopped: 0.0002430 seconds, Stopping threads took: 0.0001086 seconds
[2022-06-13T03:17:36.665+0000][1][safepoint    ] Application time: 0.0000761 seconds
[2022-06-13T03:17:36.665+0000][1][safepoint    ] Entering safepoint region: RevokeBias
[2022-06-13T03:17:36.665+0000][1][safepoint    ] Leaving safepoint region
[2022-06-13T03:17:36.665+0000][1][safepoint    ] Total time for which application threads were stopped: 0.0002893 seconds, Stopping threads took: 0.0001366 seconds
[2022-06-13T03:17:36.666+0000][1][safepoint    ] Application time: 0.0000769 seconds
[2022-06-13T03:17:36.666+0000][1][safepoint    ] Entering safepoint region: RevokeBias
[2022-06-13T03:17:36.666+0000][1][safepoint    ] Leaving safepoint region
[2022-06-13T03:17:36.666+0000][1][safepoint    ] Total time for which application threads were stopped: 0.0003067 seconds, Stopping threads took: 0.0001928 seconds
[2022-06-13T03:17:36.666+0000][1][safepoint    ] Application time: 0.0000700 seconds
[2022-06-13T03:17:36.666+0000][1][safepoint    ] Entering safepoint region: RevokeBias
[2022-06-13T03:17:36.666+0000][1][safepoint    ] Leaving safepoint region
[2022-06-13T03:17:36.666+0000][1][safepoint    ] Total time for which application threads were stopped: 0.0002102 seconds, Stopping threads took: 0.0000867 seconds
[2022-06-13T03:17:36.667+0000][1][safepoint    ] Application time: 0.0000720 seconds
[2022-06-13T03:17:36.667+0000][1][safepoint    ] Entering safepoint region: RevokeBias
[2022-06-13T03:17:36.667+0000][1][safepoint    ] Leaving safepoint region
[2022-06-13T03:17:36.667+0000][1][safepoint    ] Total time for which application threads were stopped: 0.0002270 seconds, Stopping threads took: 0.0000895 seconds
[2022-06-13T03:17:36.667+0000][1][safepoint    ] Application time: 0.0000766 seconds
[2022-06-13T03:17:36.667+0000][1][safepoint    ] Entering safepoint region: RevokeBias
[2022-06-13T03:17:36.667+0000][1][safepoint    ] Leaving safepoint region
[2022-06-13T03:17:36.668+0000][1][safepoint    ] Total time for which application threads were stopped: 0.0003855 seconds, Stopping threads took: 0.0001893 seconds
[2022-06-13T03:17:36.668+0000][1][safepoint    ] Application time: 0.0000830 seconds
[2022-06-13T03:17:36.668+0000][1][safepoint    ] Entering safepoint region: RevokeBias
[2022-06-13T03:17:36.668+0000][1][safepoint    ] Leaving safepoint region
[2022-06-13T03:17:36.668+0000][1][safepoint    ] Total time for which application threads were stopped: 0.0002927 seconds, Stopping threads took: 0.0001378 seconds
[2022-06-13T03:17:36.668+0000][1][safepoint    ] Application time: 0.0000792 seconds
[2022-06-13T03:17:36.669+0000][1][safepoint    ] Entering safepoint region: RevokeBias
[2022-06-13T03:17:36.669+0000][1][safepoint    ] Leaving safepoint region
[2022-06-13T03:17:36.669+0000][1][safepoint    ] Total time for which application threads were stopped: 0.0002547 seconds, Stopping threads took: 0.0001412 seconds
[2022-06-13T03:17:36.669+0000][1][safepoint    ] Application time: 0.0000881 seconds
[2022-06-13T03:17:36.669+0000][1][safepoint    ] Entering safepoint region: RevokeBias
[2022-06-13T03:17:36.669+0000][1][safepoint    ] Leaving safepoint region
[2022-06-13T03:17:36.669+0000][1][safepoint    ] Total time for which application threads were stopped: 0.0002549 seconds, Stopping threads took: 0.0001183 seconds
[2022-06-13T03:17:36.670+0000][1][safepoint    ] Application time: 0.0000579 seconds
[2022-06-13T03:17:36.670+0000][1][safepoint    ] Entering safepoint region: RevokeBias
[2022-06-13T03:17:36.670+0000][1][safepoint    ] Leaving safepoint region
[2022-06-13T03:17:36.670+0000][1][safepoint    ] Total time for which application threads were stopped: 0.0002411 seconds, Stopping threads took: 0.0001095 seconds
[2022-06-13T03:17:36.670+0000][1][safepoint    ] Application time: 0.0000558 seconds
[2022-06-13T03:17:36.670+0000][1][safepoint    ] Entering safepoint region: RevokeBias
[2022-06-13T03:17:36.670+0000][1][safepoint    ] Leaving safepoint region
[2022-06-13T03:17:36.670+0000][1][safepoint    ] Total time for which application threads were stopped: 0.0002088 seconds, Stopping threads took: 0.0000995 seconds
[2022-06-13T03:17:36.671+0000][1][safepoint    ] Application time: 0.0000492 seconds
[2022-06-13T03:17:36.671+0000][1][safepoint    ] Entering safepoint region: RevokeBias
[2022-06-13T03:17:36.671+0000][1][safepoint    ] Leaving safepoint region
[2022-06-13T03:17:36.671+0000][1][safepoint    ] Total time for which application threads were stopped: 0.0002772 seconds, Stopping threads took: 0.0001116 seconds
[2022-06-13T03:17:36.671+0000][1][safepoint    ] Application time: 0.0000539 seconds
[2022-06-13T03:17:36.671+0000][1][safepoint    ] Entering safepoint region: RevokeBias
[2022-06-13T03:17:36.671+0000][1][safepoint    ] Leaving safepoint region
[2022-06-13T03:17:36.671+0000][1][safepoint    ] Total time for which application threads were stopped: 0.0002331 seconds, Stopping threads took: 0.0001088 seconds
[2022-06-13T03:17:36.672+0000][1][safepoint    ] Application time: 0.0000500 seconds
[2022-06-13T03:17:36.672+0000][1][safepoint    ] Entering safepoint region: RevokeBias
[2022-06-13T03:17:36.672+0000][1][safepoint    ] Leaving safepoint region
[2022-06-13T03:17:36.672+0000][1][safepoint    ] Total time for which application threads were stopped: 0.0002037 seconds, Stopping threads took: 0.0000930 seconds
[2022-06-13T03:17:36.672+0000][1][safepoint    ] Application time: 0.0000674 seconds
[2022-06-13T03:17:36.672+0000][1][safepoint    ] Entering safepoint region: RevokeBias
[2022-06-13T03:17:36.672+0000][1][safepoint    ] Leaving safepoint region
[2022-06-13T03:17:36.672+0000][1][safepoint    ] Total time for which application threads were stopped: 0.0002441 seconds, Stopping threads took: 0.0001250 seconds
[2022-06-13T03:17:36.673+0000][1][safepoint    ] Application time: 0.0000638 seconds
[2022-06-13T03:17:36.673+0000][1][safepoint    ] Entering safepoint region: RevokeBias
[2022-06-13T03:17:36.673+0000][1][safepoint    ] Leaving safepoint region
[2022-06-13T03:17:36.673+0000][1][safepoint    ] Total time for which application threads were stopped: 0.0002393 seconds, Stopping threads took: 0.0001014 seconds
[2022-06-13T03:17:36.673+0000][1][safepoint    ] Application time: 0.0000857 seconds
[2022-06-13T03:17:36.673+0000][1][safepoint    ] Entering safepoint region: RevokeBias
[2022-06-13T03:17:36.673+0000][1][safepoint    ] Leaving safepoint region
[2022-06-13T03:17:36.674+0000][1][safepoint    ] Total time for which application threads were stopped: 0.0002531 seconds, Stopping threads took: 0.0001288 seconds
[2022-06-13T03:17:36.674+0000][1][safepoint    ] Application time: 0.0000679 seconds
[2022-06-13T03:17:36.674+0000][1][safepoint    ] Entering safepoint region: BulkRevokeBias
[2022-06-13T03:17:36.674+0000][1][safepoint    ] Leaving safepoint region
[2022-06-13T03:17:36.674+0000][1][safepoint    ] Total time for which application threads were stopped: 0.0002861 seconds, Stopping threads took: 0.0001267 seconds
[2022-06-13T03:17:36.674+0000][1][safepoint    ] Application time: 0.0001797 seconds
[2022-06-13T03:17:36.674+0000][1][safepoint    ] Entering safepoint region: RevokeBias
[2022-06-13T03:17:36.675+0000][1][safepoint    ] Leaving safepoint region
[2022-06-13T03:17:36.675+0000][1][safepoint    ] Total time for which application threads were stopped: 0.0002118 seconds, Stopping threads took: 0.0001015 seconds
[2022-06-13T03:17:36.675+0000][1][safepoint    ] Application time: 0.0000921 seconds
[2022-06-13T03:17:36.675+0000][1][safepoint    ] Entering safepoint region: RevokeBias
[2022-06-13T03:17:36.675+0000][1][safepoint    ] Leaving safepoint region
[2022-06-13T03:17:36.675+0000][1][safepoint    ] Total time for which application threads were stopped: 0.0001888 seconds, Stopping threads took: 0.0000867 seconds
[2022-06-13T03:17:36.675+0000][1][safepoint    ] Application time: 0.0000955 seconds
[2022-06-13T03:17:36.675+0000][1][safepoint    ] Entering safepoint region: RevokeBias
[2022-06-13T03:17:36.676+0000][1][safepoint    ] Leaving safepoint region
[2022-06-13T03:17:36.676+0000][1][safepoint    ] Total time for which application threads were stopped: 0.0002413 seconds, Stopping threads took: 0.0001023 seconds
[2022-06-13T03:17:36.676+0000][1][safepoint    ] Application time: 0.0000928 seconds
[2022-06-13T03:17:36.676+0000][1][safepoint    ] Entering safepoint region: RevokeBias
[2022-06-13T03:17:36.676+0000][1][safepoint    ] Leaving safepoint region
[2022-06-13T03:17:36.676+0000][1][safepoint    ] Total time for which application threads were stopped: 0.0002194 seconds, Stopping threads took: 0.0001013 seconds
[2022-06-13T03:17:36.676+0000][1][safepoint    ] Application time: 0.0000679 seconds
[2022-06-13T03:17:36.676+0000][1][safepoint    ] Entering safepoint region: RevokeBias
[2022-06-13T03:17:36.677+0000][1][safepoint    ] Leaving safepoint region
[2022-06-13T03:17:36.677+0000][1][safepoint    ] Total time for which application threads were stopped: 0.0002106 seconds, Stopping threads took: 0.0000842 seconds
[2022-06-13T03:17:36.677+0000][1][safepoint    ] Application time: 0.0000935 seconds
[2022-06-13T03:17:36.677+0000][1][safepoint    ] Entering safepoint region: RevokeBias
[2022-06-13T03:17:36.677+0000][1][safepoint    ] Leaving safepoint region
[2022-06-13T03:17:36.677+0000][1][safepoint    ] Total time for which application threads were stopped: 0.0002329 seconds, Stopping threads took: 0.0000886 seconds
[2022-06-13T03:17:36.677+0000][1][safepoint    ] Application time: 0.0000839 seconds
[2022-06-13T03:17:36.677+0000][1][safepoint    ] Entering safepoint region: RevokeBias
[2022-06-13T03:17:36.678+0000][1][safepoint    ] Leaving safepoint region
[2022-06-13T03:17:36.678+0000][1][safepoint    ] Total time for which application threads were stopped: 0.0002973 seconds, Stopping threads took: 0.0001119 seconds
[2022-06-13T03:17:36.678+0000][1][safepoint    ] Application time: 0.0001053 seconds
[2022-06-13T03:17:36.678+0000][1][safepoint    ] Entering safepoint region: RevokeBias
[2022-06-13T03:17:36.678+0000][1][safepoint    ] Leaving safepoint region
[2022-06-13T03:17:36.678+0000][1][safepoint    ] Total time for which application threads were stopped: 0.0002843 seconds, Stopping threads took: 0.0001232 seconds
[2022-06-13T03:17:36.679+0000][1][safepoint    ] Application time: 0.0000820 seconds
[2022-06-13T03:17:36.679+0000][1][safepoint    ] Entering safepoint region: RevokeBias
[2022-06-13T03:17:36.679+0000][1][safepoint    ] Leaving safepoint region
[2022-06-13T03:17:36.679+0000][1][safepoint    ] Total time for which application threads were stopped: 0.0003579 seconds, Stopping threads took: 0.0002081 seconds
[2022-06-13T03:17:36.679+0000][1][safepoint    ] Application time: 0.0000839 seconds
[2022-06-13T03:17:36.679+0000][1][safepoint    ] Entering safepoint region: RevokeBias
[2022-06-13T03:17:36.680+0000][1][safepoint    ] Leaving safepoint region
[2022-06-13T03:17:36.680+0000][1][safepoint    ] Total time for which application threads were stopped: 0.0003422 seconds, Stopping threads took: 0.0001543 seconds
[2022-06-13T03:17:36.680+0000][1][safepoint    ] Application time: 0.0000834 seconds
[2022-06-13T03:17:36.680+0000][1][safepoint    ] Entering safepoint region: RevokeBias
[2022-06-13T03:17:36.680+0000][1][safepoint    ] Leaving safepoint region
[2022-06-13T03:17:36.681+0000][1][safepoint    ] Total time for which application threads were stopped: 0.0003266 seconds, Stopping threads took: 0.0001545 seconds
[2022-06-13T03:17:36.681+0000][1][safepoint    ] Application time: 0.0000734 seconds
[2022-06-13T03:17:36.681+0000][1][safepoint    ] Entering safepoint region: RevokeBias
[2022-06-13T03:17:36.681+0000][1][safepoint    ] Leaving safepoint region
[2022-06-13T03:17:36.681+0000][1][safepoint    ] Total time for which application threads were stopped: 0.0003307 seconds, Stopping threads took: 0.0001385 seconds
[2022-06-13T03:17:36.681+0000][1][safepoint    ] Application time: 0.0000704 seconds
[2022-06-13T03:17:36.682+0000][1][safepoint    ] Entering safepoint region: RevokeBias
[2022-06-13T03:17:36.682+0000][1][safepoint    ] Leaving safepoint region
[2022-06-13T03:17:36.682+0000][1][safepoint    ] Total time for which application threads were stopped: 0.0002796 seconds, Stopping threads took: 0.0001273 seconds
[2022-06-13T03:17:36.682+0000][1][safepoint    ] Application time: 0.0000686 seconds
[2022-06-13T03:17:36.682+0000][1][safepoint    ] Entering safepoint region: RevokeBias
[2022-06-13T03:17:36.682+0000][1][safepoint    ] Leaving safepoint region
[2022-06-13T03:17:36.683+0000][1][safepoint    ] Total time for which application threads were stopped: 0.0003163 seconds, Stopping threads took: 0.0001442 seconds
[2022-06-13T03:17:36.683+0000][1][safepoint    ] Application time: 0.0000729 seconds
[2022-06-13T03:17:36.683+0000][1][safepoint    ] Entering safepoint region: RevokeBias
[2022-06-13T03:17:36.683+0000][1][safepoint    ] Leaving safepoint region
[2022-06-13T03:17:36.683+0000][1][safepoint    ] Total time for which application threads were stopped: 0.0002166 seconds, Stopping threads took: 0.0001081 seconds
[2022-06-13T03:17:36.683+0000][1][safepoint    ] Application time: 0.0000683 seconds
[2022-06-13T03:17:36.683+0000][1][safepoint    ] Entering safepoint region: RevokeBias
[2022-06-13T03:17:36.683+0000][1][safepoint    ] Leaving safepoint region
[2022-06-13T03:17:36.684+0000][1][safepoint    ] Total time for which application threads were stopped: 0.0001893 seconds, Stopping threads took: 0.0000838 seconds
[2022-06-13T03:17:36.684+0000][1][safepoint    ] Application time: 0.0000697 seconds
[2022-06-13T03:17:36.684+0000][1][safepoint    ] Entering safepoint region: RevokeBias
[2022-06-13T03:17:36.684+0000][1][safepoint    ] Leaving safepoint region
[2022-06-13T03:17:36.684+0000][1][safepoint    ] Total time for which application threads were stopped: 0.0002684 seconds, Stopping threads took: 0.0001146 seconds
[2022-06-13T03:17:36.684+0000][1][safepoint    ] Application time: 0.0000562 seconds
[2022-06-13T03:17:36.684+0000][1][safepoint    ] Entering safepoint region: RevokeBias
[2022-06-13T03:17:36.684+0000][1][safepoint    ] Leaving safepoint region
[2022-06-13T03:17:36.685+0000][1][safepoint    ] Total time for which application threads were stopped: 0.0002334 seconds, Stopping threads took: 0.0001041 seconds
[2022-06-13T03:17:36.685+0000][1][safepoint    ] Application time: 0.0000532 seconds
[2022-06-13T03:17:36.685+0000][1][safepoint    ] Entering safepoint region: RevokeBias
[2022-06-13T03:17:36.685+0000][1][safepoint    ] Leaving safepoint region
[2022-06-13T03:17:36.685+0000][1][safepoint    ] Total time for which application threads were stopped: 0.0002061 seconds, Stopping threads took: 0.0001079 seconds
[2022-06-13T03:17:36.685+0000][1][safepoint    ] Application time: 0.0000508 seconds
[2022-06-13T03:17:36.685+0000][1][safepoint    ] Entering safepoint region: RevokeBias
[2022-06-13T03:17:36.685+0000][1][safepoint    ] Leaving safepoint region
[2022-06-13T03:17:36.685+0000][1][safepoint    ] Total time for which application threads were stopped: 0.0002067 seconds, Stopping threads took: 0.0000873 seconds
[2022-06-13T03:17:36.686+0000][1][safepoint    ] Application time: 0.0000633 seconds
[2022-06-13T03:17:36.686+0000][1][safepoint    ] Entering safepoint region: RevokeBias
[2022-06-13T03:17:36.686+0000][1][safepoint    ] Leaving safepoint region
[2022-06-13T03:17:36.686+0000][1][safepoint    ] Total time for which application threads were stopped: 0.0002624 seconds, Stopping threads took: 0.0001217 seconds
[2022-06-13T03:17:36.686+0000][1][safepoint    ] Application time: 0.0000787 seconds
[2022-06-13T03:17:36.686+0000][1][safepoint    ] Entering safepoint region: RevokeBias
[2022-06-13T03:17:36.686+0000][1][safepoint    ] Leaving safepoint region
[2022-06-13T03:17:36.687+0000][1][safepoint    ] Total time for which application threads were stopped: 0.0003253 seconds, Stopping threads took: 0.0001369 seconds
[2022-06-13T03:17:36.687+0000][1][safepoint    ] Application time: 0.0000517 seconds
[2022-06-13T03:17:36.687+0000][1][safepoint    ] Entering safepoint region: RevokeBias
[2022-06-13T03:17:36.687+0000][1][safepoint    ] Leaving safepoint region
[2022-06-13T03:17:36.687+0000][1][safepoint    ] Total time for which application threads were stopped: 0.0003128 seconds, Stopping threads took: 0.0001240 seconds
[2022-06-13T03:17:36.687+0000][1][safepoint    ] Application time: 0.0000374 seconds
[2022-06-13T03:17:36.688+0000][1][safepoint    ] Entering safepoint region: RevokeBias
[2022-06-13T03:17:36.688+0000][1][safepoint    ] Leaving safepoint region
[2022-06-13T03:17:36.688+0000][1][safepoint    ] Total time for which application threads were stopped: 0.0004636 seconds, Stopping threads took: 0.0002583 seconds
[2022-06-13T03:17:36.688+0000][1][safepoint    ] Application time: 0.0000564 seconds
[2022-06-13T03:17:36.688+0000][1][safepoint    ] Entering safepoint region: BulkRevokeBias
[2022-06-13T03:17:36.689+0000][1][safepoint    ] Leaving safepoint region
[2022-06-13T03:17:36.689+0000][1][safepoint    ] Total time for which application threads were stopped: 0.0003500 seconds, Stopping threads took: 0.0001196 seconds
[2022-06-13T03:17:36.689+0000][1][safepoint    ] Application time: 0.0003352 seconds
[2022-06-13T03:17:36.689+0000][1][safepoint    ] Entering safepoint region: RevokeBias
[2022-06-13T03:17:36.689+0000][1][safepoint    ] Leaving safepoint region
[2022-06-13T03:17:36.690+0000][1][safepoint    ] Total time for which application threads were stopped: 0.0003096 seconds, Stopping threads took: 0.0001888 seconds
[2022-06-13T03:17:36.691+0000][1][safepoint    ] Application time: 0.0008780 seconds
[2022-06-13T03:17:36.691+0000][1][safepoint    ] Entering safepoint region: RevokeBias
[2022-06-13T03:17:36.692+0000][1][safepoint    ] Leaving safepoint region
[2022-06-13T03:17:36.692+0000][1][safepoint    ] Total time for which application threads were stopped: 0.0004191 seconds, Stopping threads took: 0.0002679 seconds
[2022-06-13T03:17:36.692+0000][1][safepoint    ] Application time: 0.0001904 seconds
[2022-06-13T03:17:36.692+0000][1][safepoint    ] Entering safepoint region: RevokeBias
[2022-06-13T03:17:36.692+0000][1][safepoint    ] Leaving safepoint region
[2022-06-13T03:17:36.692+0000][1][safepoint    ] Total time for which application threads were stopped: 0.0002475 seconds, Stopping threads took: 0.0001013 seconds
[2022-06-13T03:17:36.692+0000][1][safepoint    ] Application time: 0.0000889 seconds
[2022-06-13T03:17:36.693+0000][1][safepoint    ] Entering safepoint region: RevokeBias
[2022-06-13T03:17:36.693+0000][1][safepoint    ] Leaving safepoint region
[2022-06-13T03:17:36.693+0000][1][safepoint    ] Total time for which application threads were stopped: 0.0002960 seconds, Stopping threads took: 0.0001407 seconds
[2022-06-13T03:17:36.693+0000][1][safepoint    ] Application time: 0.0000827 seconds
[2022-06-13T03:17:36.693+0000][1][safepoint    ] Entering safepoint region: RevokeBias
[2022-06-13T03:17:36.693+0000][1][safepoint    ] Leaving safepoint region
[2022-06-13T03:17:36.694+0000][1][safepoint    ] Total time for which application threads were stopped: 0.0002907 seconds, Stopping threads took: 0.0001328 seconds
[2022-06-13T03:17:36.694+0000][1][safepoint    ] Application time: 0.0000877 seconds
[2022-06-13T03:17:36.694+0000][1][safepoint    ] Entering safepoint region: RevokeBias
[2022-06-13T03:17:36.695+0000][1][safepoint    ] Leaving safepoint region
[2022-06-13T03:17:36.695+0000][1][safepoint    ] Total time for which application threads were stopped: 0.0005196 seconds, Stopping threads took: 0.0003801 seconds
[2022-06-13T03:17:36.695+0000][1][safepoint    ] Application time: 0.0003025 seconds
[2022-06-13T03:17:36.695+0000][1][safepoint    ] Entering safepoint region: RevokeBias
[2022-06-13T03:17:36.695+0000][1][safepoint    ] Leaving safepoint region
[2022-06-13T03:17:36.695+0000][1][safepoint    ] Total time for which application threads were stopped: 0.0003389 seconds, Stopping threads took: 0.0001566 seconds
[2022-06-13T03:17:36.696+0000][1][safepoint    ] Application time: 0.0002956 seconds
[2022-06-13T03:17:36.696+0000][1][safepoint    ] Entering safepoint region: RevokeBias
[2022-06-13T03:17:36.696+0000][1][safepoint    ] Leaving safepoint region
[2022-06-13T03:17:36.696+0000][1][safepoint    ] Total time for which application threads were stopped: 0.0003719 seconds, Stopping threads took: 0.0002078 seconds
[2022-06-13T03:17:36.697+0000][1][safepoint    ] Application time: 0.0001722 seconds
[2022-06-13T03:17:36.697+0000][1][safepoint    ] Entering safepoint region: RevokeBias
[2022-06-13T03:17:36.697+0000][1][safepoint    ] Leaving safepoint region
[2022-06-13T03:17:36.697+0000][1][safepoint    ] Total time for which application threads were stopped: 0.0003864 seconds, Stopping threads took: 0.0001701 seconds
[2022-06-13T03:17:36.698+0000][1][safepoint    ] Application time: 0.0003390 seconds
[2022-06-13T03:17:36.698+0000][1][safepoint    ] Entering safepoint region: RevokeBias
[2022-06-13T03:17:36.698+0000][1][safepoint    ] Leaving safepoint region
[2022-06-13T03:17:36.698+0000][1][safepoint    ] Total time for which application threads were stopped: 0.0005436 seconds, Stopping threads took: 0.0003574 seconds
[2022-06-13T03:17:36.699+0000][1][safepoint    ] Application time: 0.0001369 seconds
[2022-06-13T03:17:36.699+0000][1][safepoint    ] Entering safepoint region: RevokeBias
[2022-06-13T03:17:36.699+0000][1][safepoint    ] Leaving safepoint region
[2022-06-13T03:17:36.699+0000][1][safepoint    ] Total time for which application threads were stopped: 0.0003095 seconds, Stopping threads took: 0.0001209 seconds
[2022-06-13T03:17:36.700+0000][1][safepoint    ] Application time: 0.0005912 seconds
[2022-06-13T03:17:36.700+0000][1][safepoint    ] Entering safepoint region: RevokeBias
[2022-06-13T03:17:36.700+0000][1][safepoint    ] Leaving safepoint region
[2022-06-13T03:17:36.700+0000][1][safepoint    ] Total time for which application threads were stopped: 0.0002903 seconds, Stopping threads took: 0.0001310 seconds
[2022-06-13T03:17:36.700+0000][1][safepoint    ] Application time: 0.0001097 seconds
[2022-06-13T03:17:36.701+0000][1][safepoint    ] Entering safepoint region: RevokeBias
[2022-06-13T03:17:36.701+0000][1][safepoint    ] Leaving safepoint region
[2022-06-13T03:17:36.701+0000][1][safepoint    ] Total time for which application threads were stopped: 0.0002966 seconds, Stopping threads took: 0.0001271 seconds
[2022-06-13T03:17:36.701+0000][1][safepoint    ] Application time: 0.0001661 seconds
[2022-06-13T03:17:36.701+0000][1][safepoint    ] Entering safepoint region: RevokeBias
[2022-06-13T03:17:36.702+0000][1][safepoint    ] Leaving safepoint region
[2022-06-13T03:17:36.702+0000][1][safepoint    ] Total time for which application threads were stopped: 0.0003342 seconds, Stopping threads took: 0.0001804 seconds
[2022-06-13T03:17:36.702+0000][1][safepoint    ] Application time: 0.0001698 seconds
[2022-06-13T03:17:36.702+0000][1][safepoint    ] Entering safepoint region: RevokeBias
[2022-06-13T03:17:36.702+0000][1][safepoint    ] Leaving safepoint region
[2022-06-13T03:17:36.702+0000][1][safepoint    ] Total time for which application threads were stopped: 0.0002956 seconds, Stopping threads took: 0.0001703 seconds
[2022-06-13T03:17:36.703+0000][1][safepoint    ] Application time: 0.0002893 seconds
[2022-06-13T03:17:36.703+0000][1][safepoint    ] Entering safepoint region: RevokeBias
[2022-06-13T03:17:36.703+0000][1][safepoint    ] Leaving safepoint region
[2022-06-13T03:17:36.703+0000][1][safepoint    ] Total time for which application threads were stopped: 0.0002798 seconds, Stopping threads took: 0.0001162 seconds
[2022-06-13T03:17:36.704+0000][1][safepoint    ] Application time: 0.0002633 seconds
[2022-06-13T03:17:36.704+0000][1][safepoint    ] Entering safepoint region: RevokeBias
[2022-06-13T03:17:36.704+0000][1][safepoint    ] Leaving safepoint region
[2022-06-13T03:17:36.704+0000][1][safepoint    ] Total time for which application threads were stopped: 0.0003355 seconds, Stopping threads took: 0.0001908 seconds
[2022-06-13T03:17:36.705+0000][1][safepoint    ] Application time: 0.0011751 seconds
[2022-06-13T03:17:36.705+0000][1][safepoint    ] Entering safepoint region: RevokeBias
[2022-06-13T03:17:36.706+0000][1][safepoint    ] Leaving safepoint region
[2022-06-13T03:17:36.706+0000][1][safepoint    ] Total time for which application threads were stopped: 0.0003679 seconds, Stopping threads took: 0.0001792 seconds
[2022-06-13T03:17:36.706+0000][1][safepoint    ] Application time: 0.0001372 seconds
[2022-06-13T03:17:36.706+0000][1][safepoint    ] Entering safepoint region: RevokeBias
[2022-06-13T03:17:36.707+0000][1][safepoint    ] Leaving safepoint region
[2022-06-13T03:17:36.707+0000][1][safepoint    ] Total time for which application threads were stopped: 0.0003816 seconds, Stopping threads took: 0.0001614 seconds
[2022-06-13T03:17:36.707+0000][1][safepoint    ] Application time: 0.0001077 seconds
[2022-06-13T03:17:36.707+0000][1][safepoint    ] Entering safepoint region: RevokeBias
[2022-06-13T03:17:36.707+0000][1][safepoint    ] Leaving safepoint region
[2022-06-13T03:17:36.707+0000][1][safepoint    ] Total time for which application threads were stopped: 0.0003230 seconds, Stopping threads took: 0.0001311 seconds
[2022-06-13T03:17:36.708+0000][1][safepoint    ] Application time: 0.0008411 seconds
[2022-06-13T03:17:36.709+0000][1][safepoint    ] Entering safepoint region: RevokeBias
[2022-06-13T03:17:36.710+0000][1][safepoint    ] Leaving safepoint region
[2022-06-13T03:17:36.710+0000][1][safepoint    ] Total time for which application threads were stopped: 0.0012454 seconds, Stopping threads took: 0.0010003 seconds
[2022-06-13T03:17:36.711+0000][1][safepoint    ] Application time: 0.0010180 seconds
[2022-06-13T03:17:36.711+0000][1][safepoint    ] Entering safepoint region: RevokeBias
[2022-06-13T03:17:36.712+0000][1][safepoint    ] Leaving safepoint region
[2022-06-13T03:17:36.712+0000][1][safepoint    ] Total time for which application threads were stopped: 0.0006791 seconds, Stopping threads took: 0.0004699 seconds
[2022-06-13T03:17:36.712+0000][1][safepoint    ] Application time: 0.0000876 seconds
[2022-06-13T03:17:36.712+0000][1][safepoint    ] Entering safepoint region: RevokeBias
[2022-06-13T03:17:36.712+0000][1][safepoint    ] Leaving safepoint region
[2022-06-13T03:17:36.713+0000][1][safepoint    ] Total time for which application threads were stopped: 0.0004633 seconds, Stopping threads took: 0.0002598 seconds
[2022-06-13T03:17:36.713+0000][1][safepoint    ] Application time: 0.0002900 seconds
[2022-06-13T03:17:36.713+0000][1][safepoint    ] Entering safepoint region: RevokeBias
[2022-06-13T03:17:36.713+0000][1][safepoint    ] Leaving safepoint region
[2022-06-13T03:17:36.714+0000][1][safepoint    ] Total time for which application threads were stopped: 0.0003715 seconds, Stopping threads took: 0.0001876 seconds
[2022-06-13T03:17:36.737+0000][1][safepoint    ] Application time: 0.0228915 seconds
[2022-06-13T03:17:36.737+0000][1][safepoint    ] Entering safepoint region: GenCollectForAllocation
[2022-06-13T03:17:36.737+0000][1][gc,start     ] GC(19) Pause Young (Allocation Failure)
[2022-06-13T03:17:36.737+0000][1][gc,task      ] GC(19) Using 5 workers of 13 for evacuation
[2022-06-13T03:17:36.742+0000][1][gc,age       ] GC(19) Desired survivor size 4456448 bytes, new threshold 2 (max threshold 6)
[2022-06-13T03:17:36.742+0000][1][gc,age       ] GC(19) Age table with threshold 2 (max threshold 6)
[2022-06-13T03:17:36.742+0000][1][gc,age       ] GC(19) - age   1:    2952800 bytes,    2952800 total
[2022-06-13T03:17:36.742+0000][1][gc,age       ] GC(19) - age   2:    3873880 bytes,    6826680 total
[2022-06-13T03:17:36.742+0000][1][gc,age       ] GC(19) - age   3:     305544 bytes,    7132224 total
[2022-06-13T03:17:36.743+0000][1][gc,heap      ] GC(19) ParNew: 75055K->8619K(78656K)
[2022-06-13T03:17:36.743+0000][1][gc,heap      ] GC(19) CMS: 55386K->55386K(174784K)
[2022-06-13T03:17:36.743+0000][1][gc,metaspace ] GC(19) Metaspace: 47356K->47356K(1093632K)
[2022-06-13T03:17:36.743+0000][1][gc           ] GC(19) Pause Young (Allocation Failure) 127M->62M(247M) 5.784ms
[2022-06-13T03:17:36.743+0000][1][gc,cpu       ] GC(19) User=0.03s Sys=0.00s Real=0.01s
[2022-06-13T03:17:36.743+0000][1][safepoint    ] Leaving safepoint region
[2022-06-13T03:17:36.743+0000][1][safepoint    ] Total time for which application threads were stopped: 0.0062929 seconds, Stopping threads took: 0.0001224 seconds
[2022-06-13T03:17:37.222+0000][1][safepoint    ] Application time: 0.4786331 seconds
[2022-06-13T03:17:37.222+0000][1][safepoint    ] Entering safepoint region: GenCollectForAllocation
[2022-06-13T03:17:37.223+0000][1][gc,start     ] GC(20) Pause Young (Allocation Failure)
[2022-06-13T03:17:37.223+0000][1][gc,task      ] GC(20) Using 5 workers of 13 for evacuation
[2022-06-13T03:17:37.233+0000][1][gc,age       ] GC(20) Desired survivor size 4456448 bytes, new threshold 2 (max threshold 6)
[2022-06-13T03:17:37.234+0000][1][gc,age       ] GC(20) Age table with threshold 2 (max threshold 6)
[2022-06-13T03:17:37.234+0000][1][gc,age       ] GC(20) - age   1:    1563240 bytes,    1563240 total
[2022-06-13T03:17:37.234+0000][1][gc,age       ] GC(20) - age   2:    2907280 bytes,    4470520 total
[2022-06-13T03:17:37.234+0000][1][gc,heap      ] GC(20) ParNew: 78571K->7345K(78656K)
[2022-06-13T03:17:37.234+0000][1][gc,heap      ] GC(20) CMS: 55386K->59609K(174784K)
[2022-06-13T03:17:37.235+0000][1][gc,metaspace ] GC(20) Metaspace: 54176K->54176K(1099776K)
[2022-06-13T03:17:37.235+0000][1][gc           ] GC(20) Pause Young (Allocation Failure) 130M->65M(247M) 11.754ms
[2022-06-13T03:17:37.235+0000][1][gc,cpu       ] GC(20) User=0.05s Sys=0.00s Real=0.01s
[2022-06-13T03:17:37.235+0000][1][safepoint    ] Leaving safepoint region
[2022-06-13T03:17:37.236+0000][1][safepoint    ] Total time for which application threads were stopped: 0.0133435 seconds, Stopping threads took: 0.0001467 seconds
[2022-06-13T03:17:37.366+0000][1][safepoint    ] Application time: 0.1300744 seconds
[2022-06-13T03:17:37.366+0000][1][safepoint    ] Entering safepoint region: Deoptimize
[2022-06-13T03:17:37.367+0000][1][safepoint    ] Leaving safepoint region
[2022-06-13T03:17:37.367+0000][1][safepoint    ] Total time for which application threads were stopped: 0.0012589 seconds, Stopping threads took: 0.0001137 seconds
[2022-06-13T03:17:37.392+0000][1][safepoint    ] Application time: 0.0243508 seconds
[2022-06-13T03:17:37.392+0000][1][safepoint    ] Entering safepoint region: RevokeBias
[2022-06-13T03:17:37.392+0000][1][safepoint    ] Leaving safepoint region
[2022-06-13T03:17:37.392+0000][1][safepoint    ] Total time for which application threads were stopped: 0.0004161 seconds, Stopping threads took: 0.0001411 seconds
[2022-06-13T03:17:37.393+0000][1][safepoint    ] Application time: 0.0001424 seconds
[2022-06-13T03:17:37.393+0000][1][safepoint    ] Entering safepoint region: RevokeBias
[2022-06-13T03:17:37.393+0000][1][safepoint    ] Leaving safepoint region
[2022-06-13T03:17:37.393+0000][1][safepoint    ] Total time for which application threads were stopped: 0.0003236 seconds, Stopping threads took: 0.0001891 seconds
[2022-06-13T03:17:37.394+0000][1][safepoint    ] Application time: 0.0001724 seconds
[2022-06-13T03:17:37.394+0000][1][safepoint    ] Entering safepoint region: RevokeBias
[2022-06-13T03:17:37.394+0000][1][safepoint    ] Leaving safepoint region
[2022-06-13T03:17:37.394+0000][1][safepoint    ] Total time for which application threads were stopped: 0.0002103 seconds, Stopping threads took: 0.0000724 seconds
[2022-06-13T03:17:37.396+0000][1][safepoint    ] Application time: 0.0021351 seconds
[2022-06-13T03:17:37.396+0000][1][safepoint    ] Entering safepoint region: RevokeBias
[2022-06-13T03:17:37.396+0000][1][safepoint    ] Leaving safepoint region
[2022-06-13T03:17:37.397+0000][1][safepoint    ] Total time for which application threads were stopped: 0.0003929 seconds, Stopping threads took: 0.0001817 seconds
[2022-06-13T03:17:37.549+0000][1][safepoint    ] Application time: 0.1524498 seconds
[2022-06-13T03:17:37.549+0000][1][safepoint    ] Entering safepoint region: Deoptimize
[2022-06-13T03:17:37.551+0000][1][safepoint    ] Leaving safepoint region
[2022-06-13T03:17:37.551+0000][1][safepoint    ] Total time for which application threads were stopped: 0.0016964 seconds, Stopping threads took: 0.0000978 seconds
[2022-06-13T03:17:37.596+0000][1][safepoint    ] Application time: 0.0452710 seconds
[2022-06-13T03:17:37.597+0000][1][safepoint    ] Entering safepoint region: RevokeBias
[2022-06-13T03:17:37.597+0000][1][safepoint    ] Leaving safepoint region
[2022-06-13T03:17:37.598+0000][1][safepoint    ] Total time for which application threads were stopped: 0.0006708 seconds, Stopping threads took: 0.0004112 seconds
[2022-06-13T03:17:37.599+0000][1][safepoint    ] Application time: 0.0007105 seconds
[2022-06-13T03:17:37.599+0000][1][safepoint    ] Entering safepoint region: RevokeBias
[2022-06-13T03:17:37.599+0000][1][safepoint    ] Leaving safepoint region
[2022-06-13T03:17:37.599+0000][1][safepoint    ] Total time for which application threads were stopped: 0.0007175 seconds, Stopping threads took: 0.0002790 seconds
[2022-06-13T03:17:37.600+0000][1][safepoint    ] Application time: 0.0001838 seconds
[2022-06-13T03:17:37.600+0000][1][safepoint    ] Entering safepoint region: RevokeBias
[2022-06-13T03:17:37.601+0000][1][safepoint    ] Leaving safepoint region
[2022-06-13T03:17:37.601+0000][1][safepoint    ] Total time for which application threads were stopped: 0.0007602 seconds, Stopping threads took: 0.0004169 seconds
[2022-06-13T03:17:37.724+0000][1][safepoint    ] Application time: 0.1223611 seconds
[2022-06-13T03:17:37.724+0000][1][safepoint    ] Entering safepoint region: RevokeBias
[2022-06-13T03:17:37.724+0000][1][safepoint    ] Leaving safepoint region
[2022-06-13T03:17:37.724+0000][1][safepoint    ] Total time for which application threads were stopped: 0.0003333 seconds, Stopping threads took: 0.0001165 seconds
[2022-06-13T03:17:37.725+0000][1][safepoint    ] Application time: 0.0001049 seconds
[2022-06-13T03:17:37.725+0000][1][safepoint    ] Entering safepoint region: RevokeBias
[2022-06-13T03:17:37.725+0000][1][safepoint    ] Leaving safepoint region
[2022-06-13T03:17:37.725+0000][1][safepoint    ] Total time for which application threads were stopped: 0.0003285 seconds, Stopping threads took: 0.0001633 seconds
[2022-06-13T03:17:37.725+0000][1][safepoint    ] Application time: 0.0001291 seconds
[2022-06-13T03:17:37.726+0000][1][safepoint    ] Entering safepoint region: RevokeBias
[2022-06-13T03:17:37.726+0000][1][safepoint    ] Leaving safepoint region
[2022-06-13T03:17:37.726+0000][1][safepoint    ] Total time for which application threads were stopped: 0.0003580 seconds, Stopping threads took: 0.0001413 seconds
[2022-06-13T03:17:37.726+0000][1][safepoint    ] Application time: 0.0000994 seconds
[2022-06-13T03:17:37.726+0000][1][safepoint    ] Entering safepoint region: RevokeBias
[2022-06-13T03:17:37.727+0000][1][safepoint    ] Leaving safepoint region
[2022-06-13T03:17:37.727+0000][1][safepoint    ] Total time for which application threads were stopped: 0.0004685 seconds, Stopping threads took: 0.0001961 seconds
[2022-06-13T03:17:37.727+0000][1][safepoint    ] Application time: 0.0000775 seconds
[2022-06-13T03:17:37.727+0000][1][safepoint    ] Entering safepoint region: RevokeBias
[2022-06-13T03:17:37.727+0000][1][safepoint    ] Leaving safepoint region
[2022-06-13T03:17:37.728+0000][1][safepoint    ] Total time for which application threads were stopped: 0.0004086 seconds, Stopping threads took: 0.0001693 seconds
[2022-06-13T03:17:37.728+0000][1][safepoint    ] Application time: 0.0002452 seconds
[2022-06-13T03:17:37.728+0000][1][safepoint    ] Entering safepoint region: RevokeBias
[2022-06-13T03:17:37.728+0000][1][safepoint    ] Leaving safepoint region
[2022-06-13T03:17:37.729+0000][1][safepoint    ] Total time for which application threads were stopped: 0.0003217 seconds, Stopping threads took: 0.0001614 seconds
[2022-06-13T03:17:37.796+0000][1][safepoint    ] Application time: 0.0668835 seconds
[2022-06-13T03:17:37.796+0000][1][safepoint    ] Entering safepoint region: RevokeBias
[2022-06-13T03:17:37.796+0000][1][safepoint    ] Leaving safepoint region
[2022-06-13T03:17:37.796+0000][1][safepoint    ] Total time for which application threads were stopped: 0.0003665 seconds, Stopping threads took: 0.0001662 seconds
[2022-06-13T03:17:37.797+0000][1][safepoint    ] Application time: 0.0000617 seconds
[2022-06-13T03:17:37.797+0000][1][safepoint    ] Entering safepoint region: RevokeBias
[2022-06-13T03:17:37.797+0000][1][safepoint    ] Leaving safepoint region
[2022-06-13T03:17:37.797+0000][1][safepoint    ] Total time for which application threads were stopped: 0.0003194 seconds, Stopping threads took: 0.0001365 seconds
[2022-06-13T03:17:37.883+0000][1][safepoint    ] Application time: 0.0862133 seconds
[2022-06-13T03:17:37.884+0000][1][safepoint    ] Entering safepoint region: GenCollectForAllocation
[2022-06-13T03:17:37.884+0000][1][gc,start     ] GC(21) Pause Young (Allocation Failure)
[2022-06-13T03:17:37.885+0000][1][gc,task      ] GC(21) Using 5 workers of 13 for evacuation
[2022-06-13T03:17:37.891+0000][1][gc,age       ] GC(21) Desired survivor size 4456448 bytes, new threshold 2 (max threshold 6)
[2022-06-13T03:17:37.892+0000][1][gc,age       ] GC(21) Age table with threshold 2 (max threshold 6)
[2022-06-13T03:17:37.892+0000][1][gc,age       ] GC(21) - age   1:    4070016 bytes,    4070016 total
[2022-06-13T03:17:37.893+0000][1][gc,age       ] GC(21) - age   2:    1481352 bytes,    5551368 total
[2022-06-13T03:17:37.893+0000][1][gc,heap      ] GC(21) ParNew: 77297K->6968K(78656K)
[2022-06-13T03:17:37.894+0000][1][gc,heap      ] GC(21) CMS: 59609K->62508K(174784K)
[2022-06-13T03:17:37.894+0000][1][gc,metaspace ] GC(21) Metaspace: 62427K->62427K(1105920K)
[2022-06-13T03:17:37.895+0000][1][gc           ] GC(21) Pause Young (Allocation Failure) 133M->67M(247M) 10.666ms
[2022-06-13T03:17:37.895+0000][1][gc,cpu       ] GC(21) User=0.03s Sys=0.00s Real=0.01s
[2022-06-13T03:17:37.896+0000][1][safepoint    ] Leaving safepoint region
[2022-06-13T03:17:37.896+0000][1][safepoint    ] Total time for which application threads were stopped: 0.0125665 seconds, Stopping threads took: 0.0002998 seconds
[2022-06-13T03:17:37.911+0000][1][safepoint    ] Application time: 0.0142950 seconds
[2022-06-13T03:17:37.912+0000][1][safepoint    ] Entering safepoint region: Deoptimize
[2022-06-13T03:17:37.913+0000][1][safepoint    ] Leaving safepoint region
[2022-06-13T03:17:37.913+0000][1][safepoint    ] Total time for which application threads were stopped: 0.0015415 seconds, Stopping threads took: 0.0005902 seconds
[2022-06-13T03:17:37.918+0000][1][safepoint    ] Application time: 0.0039913 seconds
[2022-06-13T03:17:37.918+0000][1][safepoint    ] Entering safepoint region: RevokeBias
[2022-06-13T03:17:37.919+0000][1][safepoint    ] Leaving safepoint region
[2022-06-13T03:17:37.920+0000][1][safepoint    ] Total time for which application threads were stopped: 0.0014040 seconds, Stopping threads took: 0.0006011 seconds
[2022-06-13T03:17:37.921+0000][1][safepoint    ] Application time: 0.0005522 seconds
[2022-06-13T03:17:37.921+0000][1][safepoint    ] Entering safepoint region: BulkRevokeBias
[2022-06-13T03:17:37.922+0000][1][safepoint    ] Leaving safepoint region
[2022-06-13T03:17:37.922+0000][1][safepoint    ] Total time for which application threads were stopped: 0.0011742 seconds, Stopping threads took: 0.0005211 seconds
[2022-06-13T03:17:37.924+0000][1][safepoint    ] Application time: 0.0007363 seconds
[2022-06-13T03:17:37.924+0000][1][safepoint    ] Entering safepoint region: RevokeBias
[2022-06-13T03:17:37.925+0000][1][safepoint    ] Leaving safepoint region
[2022-06-13T03:17:37.925+0000][1][safepoint    ] Total time for which application threads were stopped: 0.0011212 seconds, Stopping threads took: 0.0005058 seconds
[2022-06-13T03:17:37.926+0000][1][safepoint    ] Application time: 0.0002713 seconds
[2022-06-13T03:17:37.927+0000][1][safepoint    ] Entering safepoint region: RevokeBias
[2022-06-13T03:17:37.927+0000][1][safepoint    ] Leaving safepoint region
[2022-06-13T03:17:37.928+0000][1][safepoint    ] Total time for which application threads were stopped: 0.0011149 seconds, Stopping threads took: 0.0005623 seconds
[2022-06-13T03:17:37.929+0000][1][safepoint    ] Application time: 0.0002692 seconds
[2022-06-13T03:17:37.929+0000][1][safepoint    ] Entering safepoint region: RevokeBias
[2022-06-13T03:17:37.930+0000][1][safepoint    ] Leaving safepoint region
[2022-06-13T03:17:37.930+0000][1][safepoint    ] Total time for which application threads were stopped: 0.0011315 seconds, Stopping threads took: 0.0005531 seconds
[2022-06-13T03:17:37.931+0000][1][safepoint    ] Application time: 0.0003923 seconds
[2022-06-13T03:17:37.932+0000][1][safepoint    ] Entering safepoint region: RevokeBias
[2022-06-13T03:17:37.933+0000][1][safepoint    ] Leaving safepoint region
[2022-06-13T03:17:37.933+0000][1][safepoint    ] Total time for which application threads were stopped: 0.0011187 seconds, Stopping threads took: 0.0005512 seconds
[2022-06-13T03:17:37.934+0000][1][safepoint    ] Application time: 0.0004919 seconds
[2022-06-13T03:17:37.935+0000][1][safepoint    ] Entering safepoint region: RevokeBias
[2022-06-13T03:17:37.935+0000][1][safepoint    ] Leaving safepoint region
[2022-06-13T03:17:37.936+0000][1][safepoint    ] Total time for which application threads were stopped: 0.0012782 seconds, Stopping threads took: 0.0005281 seconds
[2022-06-13T03:17:37.937+0000][1][safepoint    ] Application time: 0.0003019 seconds
[2022-06-13T03:17:37.937+0000][1][safepoint    ] Entering safepoint region: RevokeBias
[2022-06-13T03:17:37.937+0000][1][safepoint    ] Leaving safepoint region
[2022-06-13T03:17:37.938+0000][1][safepoint    ] Total time for which application threads were stopped: 0.0006673 seconds, Stopping threads took: 0.0003150 seconds
[2022-06-13T03:17:37.938+0000][1][safepoint    ] Application time: 0.0003117 seconds
[2022-06-13T03:17:37.939+0000][1][safepoint    ] Entering safepoint region: RevokeBias
[2022-06-13T03:17:37.939+0000][1][safepoint    ] Leaving safepoint region
[2022-06-13T03:17:37.939+0000][1][safepoint    ] Total time for which application threads were stopped: 0.0006223 seconds, Stopping threads took: 0.0002834 seconds
[2022-06-13T03:17:37.940+0000][1][safepoint    ] Application time: 0.0003146 seconds
[2022-06-13T03:17:37.940+0000][1][safepoint    ] Entering safepoint region: RevokeBias
[2022-06-13T03:17:37.940+0000][1][safepoint    ] Leaving safepoint region
[2022-06-13T03:17:37.941+0000][1][safepoint    ] Total time for which application threads were stopped: 0.0005376 seconds, Stopping threads took: 0.0002849 seconds
[2022-06-13T03:17:37.941+0000][1][safepoint    ] Application time: 0.0004204 seconds
[2022-06-13T03:17:37.941+0000][1][safepoint    ] Entering safepoint region: RevokeBias
[2022-06-13T03:17:37.942+0000][1][safepoint    ] Leaving safepoint region
[2022-06-13T03:17:37.942+0000][1][safepoint    ] Total time for which application threads were stopped: 0.0005237 seconds, Stopping threads took: 0.0002339 seconds
[2022-06-13T03:17:37.943+0000][1][safepoint    ] Application time: 0.0003902 seconds
[2022-06-13T03:17:37.943+0000][1][safepoint    ] Entering safepoint region: RevokeBias
[2022-06-13T03:17:37.943+0000][1][safepoint    ] Leaving safepoint region
[2022-06-13T03:17:37.944+0000][1][safepoint    ] Total time for which application threads were stopped: 0.0006793 seconds, Stopping threads took: 0.0003190 seconds
[2022-06-13T03:17:37.944+0000][1][safepoint    ] Application time: 0.0002626 seconds
[2022-06-13T03:17:37.945+0000][1][safepoint    ] Entering safepoint region: RevokeBias
[2022-06-13T03:17:37.945+0000][1][safepoint    ] Leaving safepoint region
[2022-06-13T03:17:37.945+0000][1][safepoint    ] Total time for which application threads were stopped: 0.0005866 seconds, Stopping threads took: 0.0002918 seconds
[2022-06-13T03:17:37.947+0000][1][safepoint    ] Application time: 0.0011521 seconds
[2022-06-13T03:17:37.947+0000][1][safepoint    ] Entering safepoint region: RevokeBias
[2022-06-13T03:17:37.947+0000][1][safepoint    ] Leaving safepoint region
[2022-06-13T03:17:37.948+0000][1][safepoint    ] Total time for which application threads were stopped: 0.0007352 seconds, Stopping threads took: 0.0002986 seconds
[2022-06-13T03:17:37.948+0000][1][safepoint    ] Application time: 0.0003115 seconds
[2022-06-13T03:17:37.949+0000][1][safepoint    ] Entering safepoint region: RevokeBias
[2022-06-13T03:17:37.949+0000][1][safepoint    ] Leaving safepoint region
[2022-06-13T03:17:37.950+0000][1][safepoint    ] Total time for which application threads were stopped: 0.0008276 seconds, Stopping threads took: 0.0003259 seconds
[2022-06-13T03:17:37.952+0000][1][safepoint    ] Application time: 0.0025204 seconds
[2022-06-13T03:17:37.953+0000][1][safepoint    ] Entering safepoint region: Deoptimize
[2022-06-13T03:17:37.953+0000][1][safepoint    ] Leaving safepoint region
[2022-06-13T03:17:37.954+0000][1][safepoint    ] Total time for which application threads were stopped: 0.0008650 seconds, Stopping threads took: 0.0002690 seconds
[2022-06-13T03:17:37.954+0000][1][safepoint    ] Application time: 0.0005507 seconds
[2022-06-13T03:17:37.955+0000][1][safepoint    ] Entering safepoint region: RevokeBias
[2022-06-13T03:17:37.955+0000][1][safepoint    ] Leaving safepoint region
[2022-06-13T03:17:37.956+0000][1][safepoint    ] Total time for which application threads were stopped: 0.0008179 seconds, Stopping threads took: 0.0003882 seconds
[2022-06-13T03:17:37.984+0000][1][safepoint    ] Application time: 0.0278935 seconds
[2022-06-13T03:17:37.985+0000][1][safepoint    ] Entering safepoint region: RevokeBias
[2022-06-13T03:17:37.985+0000][1][safepoint    ] Leaving safepoint region
[2022-06-13T03:17:37.986+0000][1][safepoint    ] Total time for which application threads were stopped: 0.0013534 seconds, Stopping threads took: 0.0006544 seconds
[2022-06-13T03:17:37.987+0000][1][safepoint    ] Application time: 0.0002205 seconds
[2022-06-13T03:17:37.987+0000][1][safepoint    ] Entering safepoint region: RevokeBias
[2022-06-13T03:17:37.988+0000][1][safepoint    ] Leaving safepoint region
[2022-06-13T03:17:37.988+0000][1][safepoint    ] Total time for which application threads were stopped: 0.0012124 seconds, Stopping threads took: 0.0004624 seconds
[2022-06-13T03:17:37.990+0000][1][safepoint    ] Application time: 0.0009830 seconds
[2022-06-13T03:17:37.990+0000][1][safepoint    ] Entering safepoint region: RevokeBias
[2022-06-13T03:17:37.991+0000][1][safepoint    ] Leaving safepoint region
[2022-06-13T03:17:37.992+0000][1][safepoint    ] Total time for which application threads were stopped: 0.0012479 seconds, Stopping threads took: 0.0006097 seconds
[2022-06-13T03:17:37.992+0000][1][safepoint    ] Application time: 0.0002776 seconds
[2022-06-13T03:17:37.993+0000][1][safepoint    ] Entering safepoint region: RevokeBias
[2022-06-13T03:17:37.994+0000][1][safepoint    ] Leaving safepoint region
[2022-06-13T03:17:37.994+0000][1][safepoint    ] Total time for which application threads were stopped: 0.0010745 seconds, Stopping threads took: 0.0005014 seconds
[2022-06-13T03:17:37.996+0000][1][safepoint    ] Application time: 0.0008372 seconds
[2022-06-13T03:17:37.996+0000][1][safepoint    ] Entering safepoint region: RevokeBias
[2022-06-13T03:17:37.997+0000][1][safepoint    ] Leaving safepoint region
[2022-06-13T03:17:37.997+0000][1][safepoint    ] Total time for which application threads were stopped: 0.0011999 seconds, Stopping threads took: 0.0006058 seconds
[2022-06-13T03:17:37.998+0000][1][safepoint    ] Application time: 0.0002460 seconds
[2022-06-13T03:17:37.999+0000][1][safepoint    ] Entering safepoint region: RevokeBias
[2022-06-13T03:17:37.999+0000][1][safepoint    ] Leaving safepoint region
[2022-06-13T03:17:38.000+0000][1][safepoint    ] Total time for which application threads were stopped: 0.0011511 seconds, Stopping threads took: 0.0006005 seconds
[2022-06-13T03:17:38.001+0000][1][safepoint    ] Application time: 0.0004825 seconds
[2022-06-13T03:17:38.002+0000][1][safepoint    ] Entering safepoint region: RevokeBias
[2022-06-13T03:17:38.002+0000][1][safepoint    ] Leaving safepoint region
[2022-06-13T03:17:38.003+0000][1][safepoint    ] Total time for which application threads were stopped: 0.0013250 seconds, Stopping threads took: 0.0006926 seconds
[2022-06-13T03:17:38.004+0000][1][safepoint    ] Application time: 0.0011014 seconds
[2022-06-13T03:17:38.005+0000][1][safepoint    ] Entering safepoint region: RevokeBias
[2022-06-13T03:17:38.005+0000][1][safepoint    ] Leaving safepoint region
[2022-06-13T03:17:38.006+0000][1][safepoint    ] Total time for which application threads were stopped: 0.0010713 seconds, Stopping threads took: 0.0005450 seconds
[2022-06-13T03:17:38.007+0000][1][safepoint    ] Application time: 0.0003950 seconds
[2022-06-13T03:17:38.007+0000][1][safepoint    ] Entering safepoint region: RevokeBias
[2022-06-13T03:17:38.008+0000][1][safepoint    ] Leaving safepoint region
[2022-06-13T03:17:38.009+0000][1][safepoint    ] Total time for which application threads were stopped: 0.0010924 seconds, Stopping threads took: 0.0005219 seconds
[2022-06-13T03:17:38.010+0000][1][safepoint    ] Application time: 0.0005648 seconds
[2022-06-13T03:17:38.010+0000][1][safepoint    ] Entering safepoint region: RevokeBias
[2022-06-13T03:17:38.011+0000][1][safepoint    ] Leaving safepoint region
[2022-06-13T03:17:38.011+0000][1][safepoint    ] Total time for which application threads were stopped: 0.0010931 seconds, Stopping threads took: 0.0005502 seconds
[2022-06-13T03:17:38.012+0000][1][safepoint    ] Application time: 0.0004752 seconds
[2022-06-13T03:17:38.013+0000][1][safepoint    ] Entering safepoint region: RevokeBias
[2022-06-13T03:17:38.013+0000][1][safepoint    ] Leaving safepoint region
[2022-06-13T03:17:38.014+0000][1][safepoint    ] Total time for which application threads were stopped: 0.0011784 seconds, Stopping threads took: 0.0006203 seconds
[2022-06-13T03:17:38.015+0000][1][safepoint    ] Application time: 0.0004808 seconds
[2022-06-13T03:17:38.015+0000][1][safepoint    ] Entering safepoint region: RevokeBias
[2022-06-13T03:17:38.016+0000][1][safepoint    ] Leaving safepoint region
[2022-06-13T03:17:38.016+0000][1][safepoint    ] Total time for which application threads were stopped: 0.0010258 seconds, Stopping threads took: 0.0004566 seconds
[2022-06-13T03:17:38.018+0000][1][safepoint    ] Application time: 0.0007204 seconds
[2022-06-13T03:17:38.018+0000][1][safepoint    ] Entering safepoint region: BulkRevokeBias
[2022-06-13T03:17:38.019+0000][1][safepoint    ] Leaving safepoint region
[2022-06-13T03:17:38.020+0000][1][safepoint    ] Total time for which application threads were stopped: 0.0012472 seconds, Stopping threads took: 0.0005944 seconds
[2022-06-13T03:17:38.022+0000][1][safepoint    ] Application time: 0.0017207 seconds
[2022-06-13T03:17:38.022+0000][1][safepoint    ] Entering safepoint region: RevokeBias
[2022-06-13T03:17:38.023+0000][1][safepoint    ] Leaving safepoint region
[2022-06-13T03:17:38.023+0000][1][safepoint    ] Total time for which application threads were stopped: 0.0011058 seconds, Stopping threads took: 0.0005005 seconds
[2022-06-13T03:17:38.025+0000][1][safepoint    ] Application time: 0.0013614 seconds
[2022-06-13T03:17:38.026+0000][1][safepoint    ] Entering safepoint region: RevokeBias
[2022-06-13T03:17:38.026+0000][1][safepoint    ] Leaving safepoint region
[2022-06-13T03:17:38.027+0000][1][safepoint    ] Total time for which application threads were stopped: 0.0010376 seconds, Stopping threads took: 0.0004808 seconds
[2022-06-13T03:17:38.028+0000][1][safepoint    ] Application time: 0.0004683 seconds
[2022-06-13T03:17:38.028+0000][1][safepoint    ] Entering safepoint region: RevokeBias
[2022-06-13T03:17:38.029+0000][1][safepoint    ] Leaving safepoint region
[2022-06-13T03:17:38.029+0000][1][safepoint    ] Total time for which application threads were stopped: 0.0012328 seconds, Stopping threads took: 0.0005330 seconds
[2022-06-13T03:17:38.030+0000][1][safepoint    ] Application time: 0.0002488 seconds
[2022-06-13T03:17:38.031+0000][1][safepoint    ] Entering safepoint region: RevokeBias
[2022-06-13T03:17:38.032+0000][1][safepoint    ] Leaving safepoint region
[2022-06-13T03:17:38.032+0000][1][safepoint    ] Total time for which application threads were stopped: 0.0012543 seconds, Stopping threads took: 0.0006423 seconds
[2022-06-13T03:17:38.033+0000][1][safepoint    ] Application time: 0.0004687 seconds
[2022-06-13T03:17:38.034+0000][1][safepoint    ] Entering safepoint region: RevokeBias
[2022-06-13T03:17:38.035+0000][1][safepoint    ] Leaving safepoint region
[2022-06-13T03:17:38.035+0000][1][safepoint    ] Total time for which application threads were stopped: 0.0012758 seconds, Stopping threads took: 0.0006100 seconds
[2022-06-13T03:17:38.036+0000][1][safepoint    ] Application time: 0.0003057 seconds
[2022-06-13T03:17:38.037+0000][1][safepoint    ] Entering safepoint region: RevokeBias
[2022-06-13T03:17:38.037+0000][1][safepoint    ] Leaving safepoint region
[2022-06-13T03:17:38.038+0000][1][safepoint    ] Total time for which application threads were stopped: 0.0013712 seconds, Stopping threads took: 0.0006667 seconds
[2022-06-13T03:17:38.043+0000][1][safepoint    ] Application time: 0.0046340 seconds
[2022-06-13T03:17:38.044+0000][1][safepoint    ] Entering safepoint region: RevokeBias
[2022-06-13T03:17:38.044+0000][1][safepoint    ] Leaving safepoint region
[2022-06-13T03:17:38.045+0000][1][safepoint    ] Total time for which application threads were stopped: 0.0010535 seconds, Stopping threads took: 0.0004999 seconds
[2022-06-13T03:17:38.046+0000][1][safepoint    ] Application time: 0.0003798 seconds
[2022-06-13T03:17:38.046+0000][1][safepoint    ] Entering safepoint region: RevokeBias
[2022-06-13T03:17:38.047+0000][1][safepoint    ] Leaving safepoint region
[2022-06-13T03:17:38.048+0000][1][safepoint    ] Total time for which application threads were stopped: 0.0012684 seconds, Stopping threads took: 0.0005095 seconds
[2022-06-13T03:17:38.049+0000][1][safepoint    ] Application time: 0.0004424 seconds
[2022-06-13T03:17:38.049+0000][1][safepoint    ] Entering safepoint region: RevokeBias
[2022-06-13T03:17:38.050+0000][1][safepoint    ] Leaving safepoint region
[2022-06-13T03:17:38.051+0000][1][safepoint    ] Total time for which application threads were stopped: 0.0011281 seconds, Stopping threads took: 0.0004901 seconds
[2022-06-13T03:17:38.052+0000][1][safepoint    ] Application time: 0.0004489 seconds
[2022-06-13T03:17:38.052+0000][1][safepoint    ] Entering safepoint region: RevokeBias
[2022-06-13T03:17:38.053+0000][1][safepoint    ] Leaving safepoint region
[2022-06-13T03:17:38.053+0000][1][safepoint    ] Total time for which application threads were stopped: 0.0010806 seconds, Stopping threads took: 0.0005329 seconds
[2022-06-13T03:17:38.054+0000][1][safepoint    ] Application time: 0.0005625 seconds
[2022-06-13T03:17:38.055+0000][1][safepoint    ] Entering safepoint region: RevokeBias
[2022-06-13T03:17:38.056+0000][1][safepoint    ] Leaving safepoint region
[2022-06-13T03:17:38.056+0000][1][safepoint    ] Total time for which application threads were stopped: 0.0012496 seconds, Stopping threads took: 0.0006560 seconds
[2022-06-13T03:17:38.057+0000][1][safepoint    ] Application time: 0.0002812 seconds
[2022-06-13T03:17:38.057+0000][1][safepoint    ] Entering safepoint region: RevokeBias
[2022-06-13T03:17:38.058+0000][1][safepoint    ] Leaving safepoint region
[2022-06-13T03:17:38.059+0000][1][safepoint    ] Total time for which application threads were stopped: 0.0010954 seconds, Stopping threads took: 0.0005178 seconds
[2022-06-13T03:17:38.060+0000][1][safepoint    ] Application time: 0.0002418 seconds
[2022-06-13T03:17:38.060+0000][1][safepoint    ] Entering safepoint region: RevokeBias
[2022-06-13T03:17:38.061+0000][1][safepoint    ] Leaving safepoint region
[2022-06-13T03:17:38.062+0000][1][safepoint    ] Total time for which application threads were stopped: 0.0016263 seconds, Stopping threads took: 0.0008774 seconds
[2022-06-13T03:17:38.065+0000][1][safepoint    ] Application time: 0.0018294 seconds
[2022-06-13T03:17:38.065+0000][1][safepoint    ] Entering safepoint region: RevokeBias
[2022-06-13T03:17:38.066+0000][1][safepoint    ] Leaving safepoint region
[2022-06-13T03:17:38.066+0000][1][safepoint    ] Total time for which application threads were stopped: 0.0013177 seconds, Stopping threads took: 0.0006672 seconds
[2022-06-13T03:17:38.067+0000][1][safepoint    ] Application time: 0.0002806 seconds
[2022-06-13T03:17:38.068+0000][1][safepoint    ] Entering safepoint region: RevokeBias
[2022-06-13T03:17:38.068+0000][1][safepoint    ] Leaving safepoint region
[2022-06-13T03:17:38.069+0000][1][safepoint    ] Total time for which application threads were stopped: 0.0013033 seconds, Stopping threads took: 0.0006284 seconds
[2022-06-13T03:17:38.072+0000][1][safepoint    ] Application time: 0.0021618 seconds
[2022-06-13T03:17:38.072+0000][1][safepoint    ] Entering safepoint region: RevokeBias
[2022-06-13T03:17:38.073+0000][1][safepoint    ] Leaving safepoint region
[2022-06-13T03:17:38.073+0000][1][safepoint    ] Total time for which application threads were stopped: 0.0010254 seconds, Stopping threads took: 0.0005021 seconds
[2022-06-13T03:17:38.075+0000][1][safepoint    ] Application time: 0.0002473 seconds
[2022-06-13T03:17:38.075+0000][1][safepoint    ] Entering safepoint region: RevokeBias
[2022-06-13T03:17:38.075+0000][1][safepoint    ] Leaving safepoint region
[2022-06-13T03:17:38.076+0000][1][safepoint    ] Total time for which application threads were stopped: 0.0005392 seconds, Stopping threads took: 0.0001825 seconds
[2022-06-13T03:17:38.076+0000][1][safepoint    ] Application time: 0.0001864 seconds
[2022-06-13T03:17:38.076+0000][1][safepoint    ] Entering safepoint region: RevokeBias
[2022-06-13T03:17:38.077+0000][1][safepoint    ] Leaving safepoint region
[2022-06-13T03:17:38.077+0000][1][safepoint    ] Total time for which application threads were stopped: 0.0005490 seconds, Stopping threads took: 0.0002390 seconds
[2022-06-13T03:17:38.077+0000][1][safepoint    ] Application time: 0.0001731 seconds
[2022-06-13T03:17:38.078+0000][1][safepoint    ] Entering safepoint region: RevokeBias
[2022-06-13T03:17:38.078+0000][1][safepoint    ] Leaving safepoint region
[2022-06-13T03:17:38.079+0000][1][safepoint    ] Total time for which application threads were stopped: 0.0008285 seconds, Stopping threads took: 0.0004577 seconds
[2022-06-13T03:17:38.081+0000][1][safepoint    ] Application time: 0.0019887 seconds
[2022-06-13T03:17:38.081+0000][1][safepoint    ] Entering safepoint region: RevokeBias
[2022-06-13T03:17:38.081+0000][1][safepoint    ] Leaving safepoint region
[2022-06-13T03:17:38.082+0000][1][safepoint    ] Total time for which application threads were stopped: 0.0004644 seconds, Stopping threads took: 0.0002305 seconds
[2022-06-13T03:17:38.083+0000][1][safepoint    ] Application time: 0.0008618 seconds
[2022-06-13T03:17:38.083+0000][1][safepoint    ] Entering safepoint region: RevokeBias
[2022-06-13T03:17:38.083+0000][1][safepoint    ] Leaving safepoint region
[2022-06-13T03:17:38.084+0000][1][safepoint    ] Total time for which application threads were stopped: 0.0005835 seconds, Stopping threads took: 0.0003029 seconds
[2022-06-13T03:17:38.085+0000][1][safepoint    ] Application time: 0.0010898 seconds
[2022-06-13T03:17:38.085+0000][1][safepoint    ] Entering safepoint region: RevokeBias
[2022-06-13T03:17:38.085+0000][1][safepoint    ] Leaving safepoint region
[2022-06-13T03:17:38.086+0000][1][safepoint    ] Total time for which application threads were stopped: 0.0005117 seconds, Stopping threads took: 0.0002537 seconds
[2022-06-13T03:17:38.087+0000][1][safepoint    ] Application time: 0.0009942 seconds
[2022-06-13T03:17:38.087+0000][1][safepoint    ] Entering safepoint region: RevokeBias
[2022-06-13T03:17:38.087+0000][1][safepoint    ] Leaving safepoint region
[2022-06-13T03:17:38.088+0000][1][safepoint    ] Total time for which application threads were stopped: 0.0005457 seconds, Stopping threads took: 0.0002609 seconds
[2022-06-13T03:17:38.088+0000][1][safepoint    ] Application time: 0.0004086 seconds
[2022-06-13T03:17:38.088+0000][1][safepoint    ] Entering safepoint region: RevokeBias
[2022-06-13T03:17:38.089+0000][1][safepoint    ] Leaving safepoint region
[2022-06-13T03:17:38.089+0000][1][safepoint    ] Total time for which application threads were stopped: 0.0005336 seconds, Stopping threads took: 0.0002465 seconds
[2022-06-13T03:17:38.089+0000][1][safepoint    ] Application time: 0.0001650 seconds
[2022-06-13T03:17:38.090+0000][1][safepoint    ] Entering safepoint region: RevokeBias
[2022-06-13T03:17:38.090+0000][1][safepoint    ] Leaving safepoint region
[2022-06-13T03:17:38.090+0000][1][safepoint    ] Total time for which application threads were stopped: 0.0006430 seconds, Stopping threads took: 0.0003710 seconds
[2022-06-13T03:17:38.091+0000][1][safepoint    ] Application time: 0.0002404 seconds
[2022-06-13T03:17:38.091+0000][1][safepoint    ] Entering safepoint region: RevokeBias
[2022-06-13T03:17:38.092+0000][1][safepoint    ] Leaving safepoint region
[2022-06-13T03:17:38.092+0000][1][safepoint    ] Total time for which application threads were stopped: 0.0008326 seconds, Stopping threads took: 0.0005149 seconds
[2022-06-13T03:17:38.093+0000][1][safepoint    ] Application time: 0.0007715 seconds
[2022-06-13T03:17:38.093+0000][1][safepoint    ] Entering safepoint region: RevokeBias
[2022-06-13T03:17:38.094+0000][1][safepoint    ] Leaving safepoint region
[2022-06-13T03:17:38.094+0000][1][safepoint    ] Total time for which application threads were stopped: 0.0006476 seconds, Stopping threads took: 0.0003520 seconds
[2022-06-13T03:17:38.094+0000][1][safepoint    ] Application time: 0.0000835 seconds
[2022-06-13T03:17:38.095+0000][1][safepoint    ] Entering safepoint region: RevokeBias
[2022-06-13T03:17:38.095+0000][1][safepoint    ] Leaving safepoint region
[2022-06-13T03:17:38.095+0000][1][safepoint    ] Total time for which application threads were stopped: 0.0007873 seconds, Stopping threads took: 0.0004763 seconds
[2022-06-13T03:17:38.096+0000][1][safepoint    ] Application time: 0.0000768 seconds
[2022-06-13T03:17:38.096+0000][1][safepoint    ] Entering safepoint region: RevokeBias
[2022-06-13T03:17:38.096+0000][1][safepoint    ] Leaving safepoint region
[2022-06-13T03:17:38.097+0000][1][safepoint    ] Total time for which application threads were stopped: 0.0008180 seconds, Stopping threads took: 0.0004253 seconds
[2022-06-13T03:17:38.097+0000][1][safepoint    ] Application time: 0.0002328 seconds
[2022-06-13T03:17:38.098+0000][1][safepoint    ] Entering safepoint region: RevokeBias
[2022-06-13T03:17:38.098+0000][1][safepoint    ] Leaving safepoint region
[2022-06-13T03:17:38.098+0000][1][safepoint    ] Total time for which application threads were stopped: 0.0006743 seconds, Stopping threads took: 0.0003895 seconds
[2022-06-13T03:17:38.099+0000][1][safepoint    ] Application time: 0.0003886 seconds
[2022-06-13T03:17:38.099+0000][1][safepoint    ] Entering safepoint region: RevokeBias
[2022-06-13T03:17:38.099+0000][1][safepoint    ] Leaving safepoint region
[2022-06-13T03:17:38.100+0000][1][safepoint    ] Total time for which application threads were stopped: 0.0006679 seconds, Stopping threads took: 0.0003740 seconds
[2022-06-13T03:17:38.100+0000][1][safepoint    ] Application time: 0.0001275 seconds
[2022-06-13T03:17:38.100+0000][1][safepoint    ] Entering safepoint region: RevokeBias
[2022-06-13T03:17:38.101+0000][1][safepoint    ] Leaving safepoint region
[2022-06-13T03:17:38.101+0000][1][safepoint    ] Total time for which application threads were stopped: 0.0007600 seconds, Stopping threads took: 0.0004869 seconds
[2022-06-13T03:17:38.102+0000][1][safepoint    ] Application time: 0.0012912 seconds
[2022-06-13T03:17:38.103+0000][1][safepoint    ] Entering safepoint region: RevokeBias
[2022-06-13T03:17:38.103+0000][1][safepoint    ] Leaving safepoint region
[2022-06-13T03:17:38.103+0000][1][safepoint    ] Total time for which application threads were stopped: 0.0006584 seconds, Stopping threads took: 0.0003856 seconds
[2022-06-13T03:17:38.104+0000][1][safepoint    ] Application time: 0.0001983 seconds
[2022-06-13T03:17:38.104+0000][1][safepoint    ] Entering safepoint region: RevokeBias
[2022-06-13T03:17:38.104+0000][1][safepoint    ] Leaving safepoint region
[2022-06-13T03:17:38.105+0000][1][safepoint    ] Total time for which application threads were stopped: 0.0007743 seconds, Stopping threads took: 0.0004580 seconds
[2022-06-13T03:17:38.114+0000][1][safepoint    ] Application time: 0.0086709 seconds
[2022-06-13T03:17:38.114+0000][1][safepoint    ] Entering safepoint region: RevokeBias
[2022-06-13T03:17:38.114+0000][1][safepoint    ] Leaving safepoint region
[2022-06-13T03:17:38.115+0000][1][safepoint    ] Total time for which application threads were stopped: 0.0007368 seconds, Stopping threads took: 0.0004243 seconds
[2022-06-13T03:17:38.117+0000][1][safepoint    ] Application time: 0.0017726 seconds
[2022-06-13T03:17:38.117+0000][1][safepoint    ] Entering safepoint region: RevokeBias
[2022-06-13T03:17:38.117+0000][1][safepoint    ] Leaving safepoint region
[2022-06-13T03:17:38.118+0000][1][safepoint    ] Total time for which application threads were stopped: 0.0005971 seconds, Stopping threads took: 0.0002989 seconds
[2022-06-13T03:17:38.119+0000][1][safepoint    ] Application time: 0.0016288 seconds
[2022-06-13T03:17:38.120+0000][1][safepoint    ] Entering safepoint region: RevokeBias
[2022-06-13T03:17:38.120+0000][1][safepoint    ] Leaving safepoint region
[2022-06-13T03:17:38.120+0000][1][safepoint    ] Total time for which application threads were stopped: 0.0003587 seconds, Stopping threads took: 0.0001559 seconds
[2022-06-13T03:17:38.123+0000][1][safepoint    ] Application time: 0.0025220 seconds
[2022-06-13T03:17:38.123+0000][1][safepoint    ] Entering safepoint region: RevokeBias
[2022-06-13T03:17:38.123+0000][1][safepoint    ] Leaving safepoint region
[2022-06-13T03:17:38.124+0000][1][safepoint    ] Total time for which application threads were stopped: 0.0007811 seconds, Stopping threads took: 0.0004106 seconds
[2022-06-13T03:17:38.124+0000][1][safepoint    ] Application time: 0.0002122 seconds
[2022-06-13T03:17:38.125+0000][1][safepoint    ] Entering safepoint region: RevokeBias
[2022-06-13T03:17:38.125+0000][1][safepoint    ] Leaving safepoint region
[2022-06-13T03:17:38.125+0000][1][safepoint    ] Total time for which application threads were stopped: 0.0007162 seconds, Stopping threads took: 0.0004652 seconds
[2022-06-13T03:17:38.128+0000][1][safepoint    ] Application time: 0.0028890 seconds
[2022-06-13T03:17:38.129+0000][1][safepoint    ] Entering safepoint region: RevokeBias
[2022-06-13T03:17:38.129+0000][1][safepoint    ] Leaving safepoint region
[2022-06-13T03:17:38.129+0000][1][safepoint    ] Total time for which application threads were stopped: 0.0005944 seconds, Stopping threads took: 0.0003651 seconds
[2022-06-13T03:17:38.130+0000][1][safepoint    ] Application time: 0.0002628 seconds
[2022-06-13T03:17:38.131+0000][1][safepoint    ] Entering safepoint region: RevokeBias
[2022-06-13T03:17:38.131+0000][1][safepoint    ] Leaving safepoint region
[2022-06-13T03:17:38.131+0000][1][safepoint    ] Total time for which application threads were stopped: 0.0007316 seconds, Stopping threads took: 0.0005411 seconds
[2022-06-13T03:17:38.136+0000][1][safepoint    ] Application time: 0.0046959 seconds
[2022-06-13T03:17:38.136+0000][1][safepoint    ] Entering safepoint region: RevokeBias
[2022-06-13T03:17:38.137+0000][1][safepoint    ] Leaving safepoint region
[2022-06-13T03:17:38.137+0000][1][safepoint    ] Total time for which application threads were stopped: 0.0008261 seconds, Stopping threads took: 0.0004247 seconds
[2022-06-13T03:17:38.198+0000][1][safepoint    ] Application time: 0.0602807 seconds
[2022-06-13T03:17:38.198+0000][1][safepoint    ] Entering safepoint region: RevokeBias
[2022-06-13T03:17:38.198+0000][1][safepoint    ] Leaving safepoint region
[2022-06-13T03:17:38.199+0000][1][safepoint    ] Total time for which application threads were stopped: 0.0006789 seconds, Stopping threads took: 0.0003036 seconds
[2022-06-13T03:17:38.199+0000][1][safepoint    ] Application time: 0.0001313 seconds
[2022-06-13T03:17:38.199+0000][1][safepoint    ] Entering safepoint region: RevokeBias
[2022-06-13T03:17:38.200+0000][1][safepoint    ] Leaving safepoint region
[2022-06-13T03:17:38.200+0000][1][safepoint    ] Total time for which application threads were stopped: 0.0009115 seconds, Stopping threads took: 0.0004478 seconds
[2022-06-13T03:17:38.205+0000][1][safepoint    ] Application time: 0.0041222 seconds
[2022-06-13T03:17:38.205+0000][1][safepoint    ] Entering safepoint region: RevokeBias
[2022-06-13T03:17:38.206+0000][1][safepoint    ] Leaving safepoint region
[2022-06-13T03:17:38.206+0000][1][safepoint    ] Total time for which application threads were stopped: 0.0008979 seconds, Stopping threads took: 0.0004288 seconds
[2022-06-13T03:17:38.207+0000][1][safepoint    ] Application time: 0.0010486 seconds
[2022-06-13T03:17:38.208+0000][1][safepoint    ] Entering safepoint region: RevokeBias
[2022-06-13T03:17:38.208+0000][1][safepoint    ] Leaving safepoint region
[2022-06-13T03:17:38.208+0000][1][safepoint    ] Total time for which application threads were stopped: 0.0007628 seconds, Stopping threads took: 0.0003599 seconds
[2022-06-13T03:17:38.214+0000][1][safepoint    ] Application time: 0.0051562 seconds
[2022-06-13T03:17:38.214+0000][1][safepoint    ] Entering safepoint region: RevokeBias
[2022-06-13T03:17:38.214+0000][1][safepoint    ] Leaving safepoint region
[2022-06-13T03:17:38.215+0000][1][safepoint    ] Total time for which application threads were stopped: 0.0004912 seconds, Stopping threads took: 0.0002544 seconds
[2022-06-13T03:17:38.215+0000][1][safepoint    ] Application time: 0.0001006 seconds
[2022-06-13T03:17:38.215+0000][1][safepoint    ] Entering safepoint region: RevokeBias
[2022-06-13T03:17:38.215+0000][1][safepoint    ] Leaving safepoint region
[2022-06-13T03:17:38.216+0000][1][safepoint    ] Total time for which application threads were stopped: 0.0004615 seconds, Stopping threads took: 0.0002294 seconds
[2022-06-13T03:17:38.221+0000][1][safepoint    ] Application time: 0.0049378 seconds
[2022-06-13T03:17:38.221+0000][1][safepoint    ] Entering safepoint region: RevokeBias
[2022-06-13T03:17:38.221+0000][1][safepoint    ] Leaving safepoint region
[2022-06-13T03:17:38.221+0000][1][safepoint    ] Total time for which application threads were stopped: 0.0005308 seconds, Stopping threads took: 0.0002907 seconds
[2022-06-13T03:17:38.223+0000][1][safepoint    ] Application time: 0.0013979 seconds
[2022-06-13T03:17:38.224+0000][1][safepoint    ] Entering safepoint region: RevokeBias
[2022-06-13T03:17:38.224+0000][1][safepoint    ] Leaving safepoint region
[2022-06-13T03:17:38.224+0000][1][safepoint    ] Total time for which application threads were stopped: 0.0005372 seconds, Stopping threads took: 0.0002741 seconds
[2022-06-13T03:17:38.224+0000][1][safepoint    ] Application time: 0.0002384 seconds
[2022-06-13T03:17:38.225+0000][1][safepoint    ] Entering safepoint region: RevokeBias
[2022-06-13T03:17:38.225+0000][1][safepoint    ] Leaving safepoint region
[2022-06-13T03:17:38.225+0000][1][safepoint    ] Total time for which application threads were stopped: 0.0005011 seconds, Stopping threads took: 0.0003408 seconds
[2022-06-13T03:17:38.225+0000][1][safepoint    ] Application time: 0.0000779 seconds
[2022-06-13T03:17:38.226+0000][1][safepoint    ] Entering safepoint region: RevokeBias
[2022-06-13T03:17:38.226+0000][1][safepoint    ] Leaving safepoint region
[2022-06-13T03:17:38.226+0000][1][safepoint    ] Total time for which application threads were stopped: 0.0004961 seconds, Stopping threads took: 0.0002425 seconds
[2022-06-13T03:17:38.226+0000][1][safepoint    ] Application time: 0.0000577 seconds
[2022-06-13T03:17:38.226+0000][1][safepoint    ] Entering safepoint region: RevokeBias
[2022-06-13T03:17:38.227+0000][1][safepoint    ] Leaving safepoint region
[2022-06-13T03:17:38.227+0000][1][safepoint    ] Total time for which application threads were stopped: 0.0003863 seconds, Stopping threads took: 0.0001527 seconds
[2022-06-13T03:17:38.227+0000][1][safepoint    ] Application time: 0.0000736 seconds
[2022-06-13T03:17:38.227+0000][1][safepoint    ] Entering safepoint region: RevokeBias
[2022-06-13T03:17:38.227+0000][1][safepoint    ] Leaving safepoint region
[2022-06-13T03:17:38.227+0000][1][safepoint    ] Total time for which application threads were stopped: 0.0003290 seconds, Stopping threads took: 0.0001881 seconds
[2022-06-13T03:17:38.228+0000][1][safepoint    ] Application time: 0.0000715 seconds
[2022-06-13T03:17:38.228+0000][1][safepoint    ] Entering safepoint region: RevokeBias
[2022-06-13T03:17:38.228+0000][1][safepoint    ] Leaving safepoint region
[2022-06-13T03:17:38.229+0000][1][safepoint    ] Total time for which application threads were stopped: 0.0006362 seconds, Stopping threads took: 0.0002732 seconds
[2022-06-13T03:17:38.229+0000][1][safepoint    ] Application time: 0.0001214 seconds
[2022-06-13T03:17:38.229+0000][1][safepoint    ] Entering safepoint region: RevokeBias
[2022-06-13T03:17:38.229+0000][1][safepoint    ] Leaving safepoint region
[2022-06-13T03:17:38.229+0000][1][safepoint    ] Total time for which application threads were stopped: 0.0003186 seconds, Stopping threads took: 0.0001512 seconds
[2022-06-13T03:17:38.229+0000][1][safepoint    ] Application time: 0.0000660 seconds
[2022-06-13T03:17:38.230+0000][1][safepoint    ] Entering safepoint region: RevokeBias
[2022-06-13T03:17:38.230+0000][1][safepoint    ] Leaving safepoint region
[2022-06-13T03:17:38.230+0000][1][safepoint    ] Total time for which application threads were stopped: 0.0002575 seconds, Stopping threads took: 0.0001304 seconds
[2022-06-13T03:17:38.230+0000][1][safepoint    ] Application time: 0.0000768 seconds
[2022-06-13T03:17:38.230+0000][1][safepoint    ] Entering safepoint region: RevokeBias
[2022-06-13T03:17:38.230+0000][1][safepoint    ] Leaving safepoint region
[2022-06-13T03:17:38.230+0000][1][safepoint    ] Total time for which application threads were stopped: 0.0003780 seconds, Stopping threads took: 0.0002280 seconds
[2022-06-13T03:17:38.244+0000][1][safepoint    ] Application time: 0.0131746 seconds
[2022-06-13T03:17:38.244+0000][1][safepoint    ] Entering safepoint region: RevokeBias
[2022-06-13T03:17:38.244+0000][1][safepoint    ] Leaving safepoint region
[2022-06-13T03:17:38.244+0000][1][safepoint    ] Total time for which application threads were stopped: 0.0002238 seconds, Stopping threads took: 0.0001136 seconds
[2022-06-13T03:17:38.254+0000][1][safepoint    ] Application time: 0.0103207 seconds
[2022-06-13T03:17:38.255+0000][1][safepoint    ] Entering safepoint region: RevokeBias
[2022-06-13T03:17:38.255+0000][1][safepoint    ] Leaving safepoint region
[2022-06-13T03:17:38.256+0000][1][safepoint    ] Total time for which application threads were stopped: 0.0007630 seconds, Stopping threads took: 0.0003552 seconds
[2022-06-13T03:17:38.318+0000][1][safepoint    ] Application time: 0.0623334 seconds
[2022-06-13T03:17:38.319+0000][1][safepoint    ] Entering safepoint region: RevokeBias
[2022-06-13T03:17:38.319+0000][1][safepoint    ] Leaving safepoint region
[2022-06-13T03:17:38.319+0000][1][safepoint    ] Total time for which application threads were stopped: 0.0002873 seconds, Stopping threads took: 0.0001255 seconds
[2022-06-13T03:17:38.322+0000][1][safepoint    ] Application time: 0.0026205 seconds
[2022-06-13T03:17:38.322+0000][1][safepoint    ] Entering safepoint region: RevokeBias
[2022-06-13T03:17:38.322+0000][1][safepoint    ] Leaving safepoint region
[2022-06-13T03:17:38.322+0000][1][safepoint    ] Total time for which application threads were stopped: 0.0003728 seconds, Stopping threads took: 0.0001197 seconds
[2022-06-13T03:17:38.325+0000][1][safepoint    ] Application time: 0.0021517 seconds
[2022-06-13T03:17:38.325+0000][1][safepoint    ] Entering safepoint region: RevokeBias
[2022-06-13T03:17:38.325+0000][1][safepoint    ] Leaving safepoint region
[2022-06-13T03:17:38.325+0000][1][safepoint    ] Total time for which application threads were stopped: 0.0005544 seconds, Stopping threads took: 0.0002264 seconds
[2022-06-13T03:17:38.328+0000][1][safepoint    ] Application time: 0.0019370 seconds
[2022-06-13T03:17:38.328+0000][1][safepoint    ] Entering safepoint region: RevokeBias
[2022-06-13T03:17:38.328+0000][1][safepoint    ] Leaving safepoint region
[2022-06-13T03:17:38.328+0000][1][safepoint    ] Total time for which application threads were stopped: 0.0004895 seconds, Stopping threads took: 0.0002086 seconds
[2022-06-13T03:17:38.329+0000][1][safepoint    ] Application time: 0.0000658 seconds
[2022-06-13T03:17:38.329+0000][1][safepoint    ] Entering safepoint region: RevokeBias
[2022-06-13T03:17:38.329+0000][1][safepoint    ] Leaving safepoint region
[2022-06-13T03:17:38.329+0000][1][safepoint    ] Total time for which application threads were stopped: 0.0003460 seconds, Stopping threads took: 0.0001038 seconds
[2022-06-13T03:17:38.330+0000][1][safepoint    ] Application time: 0.0007600 seconds
[2022-06-13T03:17:38.330+0000][1][safepoint    ] Entering safepoint region: RevokeBias
[2022-06-13T03:17:38.330+0000][1][safepoint    ] Leaving safepoint region
[2022-06-13T03:17:38.331+0000][1][safepoint    ] Total time for which application threads were stopped: 0.0004870 seconds, Stopping threads took: 0.0001979 seconds
[2022-06-13T03:17:38.331+0000][1][safepoint    ] Application time: 0.0001384 seconds
[2022-06-13T03:17:38.331+0000][1][safepoint    ] Entering safepoint region: RevokeBias
[2022-06-13T03:17:38.331+0000][1][safepoint    ] Leaving safepoint region
[2022-06-13T03:17:38.332+0000][1][safepoint    ] Total time for which application threads were stopped: 0.0005603 seconds, Stopping threads took: 0.0002340 seconds
[2022-06-13T03:17:38.332+0000][1][safepoint    ] Application time: 0.0001834 seconds
[2022-06-13T03:17:38.332+0000][1][safepoint    ] Entering safepoint region: RevokeBias
[2022-06-13T03:17:38.333+0000][1][safepoint    ] Leaving safepoint region
[2022-06-13T03:17:38.333+0000][1][safepoint    ] Total time for which application threads were stopped: 0.0006429 seconds, Stopping threads took: 0.0002319 seconds
[2022-06-13T03:17:38.337+0000][1][safepoint    ] Application time: 0.0040080 seconds
[2022-06-13T03:17:38.338+0000][1][safepoint    ] Entering safepoint region: RevokeBias
[2022-06-13T03:17:38.338+0000][1][safepoint    ] Leaving safepoint region
[2022-06-13T03:17:38.338+0000][1][safepoint    ] Total time for which application threads were stopped: 0.0004677 seconds, Stopping threads took: 0.0003215 seconds
[2022-06-13T03:17:38.338+0000][1][safepoint    ] Application time: 0.0001843 seconds
[2022-06-13T03:17:38.339+0000][1][safepoint    ] Entering safepoint region: RevokeBias
[2022-06-13T03:17:38.339+0000][1][safepoint    ] Leaving safepoint region
[2022-06-13T03:17:38.339+0000][1][safepoint    ] Total time for which application threads were stopped: 0.0007774 seconds, Stopping threads took: 0.0004724 seconds
[2022-06-13T03:17:38.340+0000][1][safepoint    ] Application time: 0.0001091 seconds
[2022-06-13T03:17:38.340+0000][1][safepoint    ] Entering safepoint region: RevokeBias
[2022-06-13T03:17:38.340+0000][1][safepoint    ] Leaving safepoint region
[2022-06-13T03:17:38.341+0000][1][safepoint    ] Total time for which application threads were stopped: 0.0007895 seconds, Stopping threads took: 0.0003756 seconds
[2022-06-13T03:17:38.342+0000][1][safepoint    ] Application time: 0.0003325 seconds
[2022-06-13T03:17:38.342+0000][1][safepoint    ] Entering safepoint region: RevokeBias
[2022-06-13T03:17:38.342+0000][1][safepoint    ] Leaving safepoint region
[2022-06-13T03:17:38.343+0000][1][safepoint    ] Total time for which application threads were stopped: 0.0008834 seconds, Stopping threads took: 0.0006009 seconds
[2022-06-13T03:17:38.343+0000][1][safepoint    ] Application time: 0.0001309 seconds
[2022-06-13T03:17:38.343+0000][1][safepoint    ] Entering safepoint region: BulkRevokeBias
[2022-06-13T03:17:38.344+0000][1][safepoint    ] Leaving safepoint region
[2022-06-13T03:17:38.344+0000][1][safepoint    ] Total time for which application threads were stopped: 0.0006348 seconds, Stopping threads took: 0.0002983 seconds
[2022-06-13T03:17:38.344+0000][1][safepoint    ] Application time: 0.0001128 seconds
[2022-06-13T03:17:38.345+0000][1][safepoint    ] Entering safepoint region: RevokeBias
[2022-06-13T03:17:38.345+0000][1][safepoint    ] Leaving safepoint region
[2022-06-13T03:17:38.345+0000][1][safepoint    ] Total time for which application threads were stopped: 0.0004415 seconds, Stopping threads took: 0.0002955 seconds
[2022-06-13T03:17:38.345+0000][1][safepoint    ] Application time: 0.0000959 seconds
[2022-06-13T03:17:38.345+0000][1][safepoint    ] Entering safepoint region: RevokeBias
[2022-06-13T03:17:38.346+0000][1][safepoint    ] Leaving safepoint region
[2022-06-13T03:17:38.346+0000][1][safepoint    ] Total time for which application threads were stopped: 0.0003000 seconds, Stopping threads took: 0.0001634 seconds
[2022-06-13T03:17:38.346+0000][1][safepoint    ] Application time: 0.0001887 seconds
[2022-06-13T03:17:38.346+0000][1][safepoint    ] Entering safepoint region: RevokeBias
[2022-06-13T03:17:38.346+0000][1][safepoint    ] Leaving safepoint region
[2022-06-13T03:17:38.346+0000][1][safepoint    ] Total time for which application threads were stopped: 0.0002970 seconds, Stopping threads took: 0.0001686 seconds
[2022-06-13T03:17:38.348+0000][1][safepoint    ] Application time: 0.0016457 seconds
[2022-06-13T03:17:38.348+0000][1][safepoint    ] Entering safepoint region: RevokeBias
[2022-06-13T03:17:38.348+0000][1][safepoint    ] Leaving safepoint region
[2022-06-13T03:17:38.349+0000][1][safepoint    ] Total time for which application threads were stopped: 0.0003334 seconds, Stopping threads took: 0.0001788 seconds
[2022-06-13T03:17:38.350+0000][1][safepoint    ] Application time: 0.0013779 seconds
[2022-06-13T03:17:38.350+0000][1][safepoint    ] Entering safepoint region: RevokeBias
[2022-06-13T03:17:38.350+0000][1][safepoint    ] Leaving safepoint region
[2022-06-13T03:17:38.350+0000][1][safepoint    ] Total time for which application threads were stopped: 0.0002211 seconds, Stopping threads took: 0.0001021 seconds
[2022-06-13T03:17:38.351+0000][1][safepoint    ] Application time: 0.0001597 seconds
[2022-06-13T03:17:38.351+0000][1][safepoint    ] Entering safepoint region: RevokeBias
[2022-06-13T03:17:38.351+0000][1][safepoint    ] Leaving safepoint region
[2022-06-13T03:17:38.351+0000][1][safepoint    ] Total time for which application threads were stopped: 0.0002084 seconds, Stopping threads took: 0.0000936 seconds
[2022-06-13T03:17:38.789+0000][1][safepoint    ] Application time: 0.4376948 seconds
[2022-06-13T03:17:38.789+0000][1][safepoint    ] Entering safepoint region: RevokeBias
[2022-06-13T03:17:38.789+0000][1][safepoint    ] Leaving safepoint region
[2022-06-13T03:17:38.790+0000][1][safepoint    ] Total time for which application threads were stopped: 0.0008021 seconds, Stopping threads took: 0.0003950 seconds
[2022-06-13T03:17:38.790+0000][1][safepoint    ] Application time: 0.0000787 seconds
[2022-06-13T03:17:38.790+0000][1][safepoint    ] Entering safepoint region: RevokeBias
[2022-06-13T03:17:38.791+0000][1][safepoint    ] Leaving safepoint region
[2022-06-13T03:17:38.791+0000][1][safepoint    ] Total time for which application threads were stopped: 0.0007208 seconds, Stopping threads took: 0.0003060 seconds
[2022-06-13T03:17:38.792+0000][1][safepoint    ] Application time: 0.0001771 seconds
[2022-06-13T03:17:38.792+0000][1][safepoint    ] Entering safepoint region: RevokeBias
[2022-06-13T03:17:38.793+0000][1][safepoint    ] Leaving safepoint region
[2022-06-13T03:17:38.793+0000][1][safepoint    ] Total time for which application threads were stopped: 0.0008999 seconds, Stopping threads took: 0.0003573 seconds
[2022-06-13T03:17:38.794+0000][1][safepoint    ] Application time: 0.0001064 seconds
[2022-06-13T03:17:38.794+0000][1][safepoint    ] Entering safepoint region: RevokeBias
[2022-06-13T03:17:38.794+0000][1][safepoint    ] Leaving safepoint region
[2022-06-13T03:17:38.794+0000][1][safepoint    ] Total time for which application threads were stopped: 0.0003099 seconds, Stopping threads took: 0.0001452 seconds
[2022-06-13T03:17:38.794+0000][1][safepoint    ] Application time: 0.0000664 seconds
[2022-06-13T03:17:38.794+0000][1][safepoint    ] Entering safepoint region: RevokeBias
[2022-06-13T03:17:38.794+0000][1][safepoint    ] Leaving safepoint region
[2022-06-13T03:17:38.795+0000][1][safepoint    ] Total time for which application threads were stopped: 0.0002657 seconds, Stopping threads took: 0.0001220 seconds
[2022-06-13T03:17:38.795+0000][1][safepoint    ] Application time: 0.0000664 seconds
[2022-06-13T03:17:38.795+0000][1][safepoint    ] Entering safepoint region: RevokeBias
[2022-06-13T03:17:38.795+0000][1][safepoint    ] Leaving safepoint region
[2022-06-13T03:17:38.795+0000][1][safepoint    ] Total time for which application threads were stopped: 0.0002842 seconds, Stopping threads took: 0.0001236 seconds
[2022-06-13T03:17:38.795+0000][1][safepoint    ] Application time: 0.0000547 seconds
[2022-06-13T03:17:38.795+0000][1][safepoint    ] Entering safepoint region: RevokeBias
[2022-06-13T03:17:38.796+0000][1][safepoint    ] Leaving safepoint region
[2022-06-13T03:17:38.796+0000][1][safepoint    ] Total time for which application threads were stopped: 0.0002405 seconds, Stopping threads took: 0.0001095 seconds
[2022-06-13T03:17:38.796+0000][1][safepoint    ] Application time: 0.0000534 seconds
[2022-06-13T03:17:38.796+0000][1][safepoint    ] Entering safepoint region: RevokeBias
[2022-06-13T03:17:38.796+0000][1][safepoint    ] Leaving safepoint region
[2022-06-13T03:17:38.796+0000][1][safepoint    ] Total time for which application threads were stopped: 0.0002226 seconds, Stopping threads took: 0.0001098 seconds
[2022-06-13T03:17:39.603+0000][1][safepoint    ] Application time: 0.8070457 seconds
[2022-06-13T03:17:39.604+0000][1][safepoint    ] Entering safepoint region: RevokeBias
[2022-06-13T03:17:39.604+0000][1][safepoint    ] Leaving safepoint region
[2022-06-13T03:17:39.605+0000][1][safepoint    ] Total time for which application threads were stopped: 0.0007708 seconds, Stopping threads took: 0.0003686 seconds
[2022-06-13T03:17:43.606+0000][1][safepoint    ] Application time: 4.0010344 seconds
[2022-06-13T03:17:43.606+0000][1][safepoint    ] Entering safepoint region: Cleanup
[2022-06-13T03:17:43.607+0000][1][safepoint    ] Leaving safepoint region
[2022-06-13T03:17:43.607+0000][1][safepoint    ] Total time for which application threads were stopped: 0.0007189 seconds, Stopping threads took: 0.0004165 seconds
[2022-06-13T03:17:46.530+0000][1][safepoint    ] Application time: 2.9228517 seconds
[2022-06-13T03:17:46.531+0000][1][safepoint    ] Entering safepoint region: RevokeBias
[2022-06-13T03:17:46.531+0000][1][safepoint    ] Leaving safepoint region
[2022-06-13T03:17:46.532+0000][1][safepoint    ] Total time for which application threads were stopped: 0.0008679 seconds, Stopping threads took: 0.0004121 seconds
[2022-06-13T03:17:46.533+0000][1][safepoint    ] Application time: 0.0003317 seconds
[2022-06-13T03:17:46.533+0000][1][safepoint    ] Entering safepoint region: RevokeBias
[2022-06-13T03:17:46.534+0000][1][safepoint    ] Leaving safepoint region
[2022-06-13T03:17:46.534+0000][1][safepoint    ] Total time for which application threads were stopped: 0.0009939 seconds, Stopping threads took: 0.0005336 seconds
[2022-06-13T03:17:50.536+0000][1][safepoint    ] Application time: 4.0008741 seconds
[2022-06-13T03:17:50.536+0000][1][safepoint    ] Entering safepoint region: Cleanup
[2022-06-13T03:17:50.537+0000][1][safepoint    ] Leaving safepoint region
[2022-06-13T03:17:50.537+0000][1][safepoint    ] Total time for which application threads were stopped: 0.0007405 seconds, Stopping threads took: 0.0003602 seconds
[2022-06-13T03:17:53.538+0000][1][safepoint    ] Application time: 3.0005622 seconds
[2022-06-13T03:17:53.539+0000][1][safepoint    ] Entering safepoint region: Cleanup
[2022-06-13T03:17:53.539+0000][1][safepoint    ] Leaving safepoint region
[2022-06-13T03:17:53.540+0000][1][safepoint    ] Total time for which application threads were stopped: 0.0013664 seconds, Stopping threads took: 0.0006353 seconds
[2022-06-13T03:17:55.541+0000][1][safepoint    ] Application time: 2.0003748 seconds
[2022-06-13T03:17:55.542+0000][1][safepoint    ] Entering safepoint region: Cleanup
[2022-06-13T03:17:55.542+0000][1][safepoint    ] Leaving safepoint region
[2022-06-13T03:17:55.543+0000][1][safepoint    ] Total time for which application threads were stopped: 0.0009591 seconds, Stopping threads took: 0.0004493 seconds
[2022-06-13T03:17:59.544+0000][1][safepoint    ] Application time: 4.0006351 seconds
[2022-06-13T03:17:59.545+0000][1][safepoint    ] Entering safepoint region: Cleanup
[2022-06-13T03:17:59.545+0000][1][safepoint    ] Leaving safepoint region
[2022-06-13T03:17:59.546+0000][1][safepoint    ] Total time for which application threads were stopped: 0.0010299 seconds, Stopping threads took: 0.0004749 seconds
[2022-06-13T03:18:03.547+0000][1][safepoint    ] Application time: 4.0007109 seconds
[2022-06-13T03:18:03.548+0000][1][safepoint    ] Entering safepoint region: Cleanup
[2022-06-13T03:18:03.548+0000][1][safepoint    ] Leaving safepoint region
[2022-06-13T03:18:03.549+0000][1][safepoint    ] Total time for which application threads were stopped: 0.0011161 seconds, Stopping threads took: 0.0005588 seconds
[2022-06-13T03:18:08.550+0000][1][safepoint    ] Application time: 5.0007369 seconds
[2022-06-13T03:18:08.550+0000][1][safepoint    ] Entering safepoint region: Cleanup
[2022-06-13T03:18:08.551+0000][1][safepoint    ] Leaving safepoint region
[2022-06-13T03:18:08.551+0000][1][safepoint    ] Total time for which application threads were stopped: 0.0004285 seconds, Stopping threads took: 0.0001931 seconds
[2022-06-13T03:18:14.552+0000][1][safepoint    ] Application time: 6.0007553 seconds
[2022-06-13T03:18:14.552+0000][1][safepoint    ] Entering safepoint region: Cleanup
[2022-06-13T03:18:14.552+0000][1][safepoint    ] Leaving safepoint region
[2022-06-13T03:18:14.552+0000][1][safepoint    ] Total time for which application threads were stopped: 0.0003162 seconds, Stopping threads took: 0.0001684 seconds
[2022-06-13T03:18:17.553+0000][1][safepoint    ] Application time: 3.0004929 seconds
[2022-06-13T03:18:17.554+0000][1][safepoint    ] Entering safepoint region: Cleanup
[2022-06-13T03:18:17.554+0000][1][safepoint    ] Leaving safepoint region
[2022-06-13T03:18:17.555+0000][1][safepoint    ] Total time for which application threads were stopped: 0.0009373 seconds, Stopping threads took: 0.0004910 seconds
[2022-06-13T03:18:18.555+0000][1][safepoint    ] Application time: 1.0002153 seconds
[2022-06-13T03:18:18.556+0000][1][safepoint    ] Entering safepoint region: Cleanup
[2022-06-13T03:18:18.556+0000][1][safepoint    ] Leaving safepoint region
[2022-06-13T03:18:18.557+0000][1][safepoint    ] Total time for which application threads were stopped: 0.0008395 seconds, Stopping threads took: 0.0004102 seconds
[2022-06-13T03:18:29.667+0000][1][safepoint    ] Application time: 11.1099065 seconds
[2022-06-13T03:18:29.667+0000][1][safepoint    ] Entering safepoint region: RevokeBias
[2022-06-13T03:18:29.668+0000][1][safepoint    ] Leaving safepoint region
[2022-06-13T03:18:29.668+0000][1][safepoint    ] Total time for which application threads were stopped: 0.0007879 seconds, Stopping threads took: 0.0003831 seconds
[2022-06-13T03:18:33.669+0000][1][safepoint    ] Application time: 4.0008127 seconds
[2022-06-13T03:18:33.670+0000][1][safepoint    ] Entering safepoint region: Cleanup
[2022-06-13T03:18:33.670+0000][1][safepoint    ] Leaving safepoint region
[2022-06-13T03:18:33.671+0000][1][safepoint    ] Total time for which application threads were stopped: 0.0008797 seconds, Stopping threads took: 0.0003416 seconds
[2022-06-13T03:18:38.672+0000][1][safepoint    ] Application time: 5.0008494 seconds
[2022-06-13T03:18:38.672+0000][1][safepoint    ] Entering safepoint region: Cleanup
[2022-06-13T03:18:38.673+0000][1][safepoint    ] Leaving safepoint region
[2022-06-13T03:18:38.673+0000][1][safepoint    ] Total time for which application threads were stopped: 0.0008560 seconds, Stopping threads took: 0.0003865 seconds
[2022-06-13T03:18:39.674+0000][1][safepoint    ] Application time: 1.0002134 seconds
[2022-06-13T03:18:39.674+0000][1][safepoint    ] Entering safepoint region: Cleanup
[2022-06-13T03:18:39.675+0000][1][safepoint    ] Leaving safepoint region
[2022-06-13T03:18:39.675+0000][1][safepoint    ] Total time for which application threads were stopped: 0.0008418 seconds, Stopping threads took: 0.0004403 seconds
[2022-06-13T03:18:40.676+0000][1][safepoint    ] Application time: 1.0001886 seconds
[2022-06-13T03:18:40.676+0000][1][safepoint    ] Entering safepoint region: Cleanup
[2022-06-13T03:18:40.677+0000][1][safepoint    ] Leaving safepoint region
[2022-06-13T03:18:40.677+0000][1][safepoint    ] Total time for which application threads were stopped: 0.0009425 seconds, Stopping threads took: 0.0004173 seconds
[2022-06-13T03:18:43.679+0000][1][safepoint    ] Application time: 3.0006530 seconds
[2022-06-13T03:18:43.679+0000][1][safepoint    ] Entering safepoint region: Cleanup
[2022-06-13T03:18:43.679+0000][1][safepoint    ] Leaving safepoint region
[2022-06-13T03:18:43.679+0000][1][safepoint    ] Total time for which application threads were stopped: 0.0006466 seconds, Stopping threads took: 0.0004214 seconds
[2022-06-13T03:18:45.680+0000][1][safepoint    ] Application time: 2.0003513 seconds
[2022-06-13T03:18:45.681+0000][1][safepoint    ] Entering safepoint region: Cleanup
[2022-06-13T03:18:45.681+0000][1][safepoint    ] Leaving safepoint region
[2022-06-13T03:18:45.681+0000][1][safepoint    ] Total time for which application threads were stopped: 0.0007433 seconds, Stopping threads took: 0.0002983 seconds
[2022-06-13T03:18:47.682+0000][1][safepoint    ] Application time: 2.0002533 seconds
[2022-06-13T03:18:47.682+0000][1][safepoint    ] Entering safepoint region: Cleanup
[2022-06-13T03:18:47.683+0000][1][safepoint    ] Leaving safepoint region
[2022-06-13T03:18:47.683+0000][1][safepoint    ] Total time for which application threads were stopped: 0.0007766 seconds, Stopping threads took: 0.0003754 seconds
[2022-06-13T03:18:48.684+0000][1][safepoint    ] Application time: 1.0001926 seconds
[2022-06-13T03:18:48.684+0000][1][safepoint    ] Entering safepoint region: Cleanup
[2022-06-13T03:18:48.684+0000][1][safepoint    ] Leaving safepoint region
[2022-06-13T03:18:48.685+0000][1][safepoint    ] Total time for which application threads were stopped: 0.0006823 seconds, Stopping threads took: 0.0002853 seconds
[2022-06-13T03:18:50.686+0000][1][safepoint    ] Application time: 2.0004152 seconds
[2022-06-13T03:18:50.686+0000][1][safepoint    ] Entering safepoint region: Cleanup
[2022-06-13T03:18:50.686+0000][1][safepoint    ] Leaving safepoint region
[2022-06-13T03:18:50.687+0000][1][safepoint    ] Total time for which application threads were stopped: 0.0006520 seconds, Stopping threads took: 0.0003435 seconds
[2022-06-13T03:18:52.687+0000][1][safepoint    ] Application time: 2.0003280 seconds
[2022-06-13T03:18:52.688+0000][1][safepoint    ] Entering safepoint region: Cleanup
[2022-06-13T03:18:52.688+0000][1][safepoint    ] Leaving safepoint region
[2022-06-13T03:18:52.689+0000][1][safepoint    ] Total time for which application threads were stopped: 0.0007616 seconds, Stopping threads took: 0.0003562 seconds
[2022-06-13T03:18:53.689+0000][1][safepoint    ] Application time: 1.0001115 seconds
[2022-06-13T03:18:53.690+0000][1][safepoint    ] Entering safepoint region: Cleanup
[2022-06-13T03:18:53.690+0000][1][safepoint    ] Leaving safepoint region
[2022-06-13T03:18:53.690+0000][1][safepoint    ] Total time for which application threads were stopped: 0.0005412 seconds, Stopping threads took: 0.0002035 seconds
[2022-06-13T03:18:57.691+0000][1][safepoint    ] Application time: 4.0005968 seconds
[2022-06-13T03:18:57.692+0000][1][safepoint    ] Entering safepoint region: Cleanup
[2022-06-13T03:18:57.692+0000][1][safepoint    ] Leaving safepoint region
[2022-06-13T03:18:57.692+0000][1][safepoint    ] Total time for which application threads were stopped: 0.0003807 seconds, Stopping threads took: 0.0001975 seconds
[2022-06-13T03:18:58.692+0000][1][safepoint    ] Application time: 1.0001358 seconds
[2022-06-13T03:18:58.693+0000][1][safepoint    ] Entering safepoint region: Cleanup
[2022-06-13T03:18:58.693+0000][1][safepoint    ] Leaving safepoint region
[2022-06-13T03:18:58.693+0000][1][safepoint    ] Total time for which application threads were stopped: 0.0007788 seconds, Stopping threads took: 0.0003511 seconds
[2022-06-13T03:19:00.694+0000][1][safepoint    ] Application time: 2.0003427 seconds
[2022-06-13T03:19:00.695+0000][1][safepoint    ] Entering safepoint region: Cleanup
[2022-06-13T03:19:00.695+0000][1][safepoint    ] Leaving safepoint region
[2022-06-13T03:19:00.695+0000][1][safepoint    ] Total time for which application threads were stopped: 0.0006978 seconds, Stopping threads took: 0.0003403 seconds
[2022-06-13T03:19:17.848+0000][1][safepoint    ] Application time: 17.1524065 seconds
[2022-06-13T03:19:17.848+0000][1][safepoint    ] Entering safepoint region: GenCollectForAllocation
[2022-06-13T03:19:17.849+0000][1][gc,start     ] GC(22) Pause Young (Allocation Failure)
[2022-06-13T03:19:17.849+0000][1][gc,task      ] GC(22) Using 5 workers of 13 for evacuation
[2022-06-13T03:19:17.855+0000][1][gc,age       ] GC(22) Desired survivor size 4456448 bytes, new threshold 2 (max threshold 6)
[2022-06-13T03:19:17.856+0000][1][gc,age       ] GC(22) Age table with threshold 2 (max threshold 6)
[2022-06-13T03:19:17.856+0000][1][gc,age       ] GC(22) - age   1:    1237168 bytes,    1237168 total
[2022-06-13T03:19:17.857+0000][1][gc,age       ] GC(22) - age   2:    3972688 bytes,    5209856 total
[2022-06-13T03:19:17.857+0000][1][gc,heap      ] GC(22) ParNew: 76920K->7770K(78656K)
[2022-06-13T03:19:17.858+0000][1][gc,heap      ] GC(22) CMS: 62508K->63985K(174784K)
[2022-06-13T03:19:17.858+0000][1][gc,metaspace ] GC(22) Metaspace: 65677K->65677K(1110016K)
[2022-06-13T03:19:17.859+0000][1][gc           ] GC(22) Pause Young (Allocation Failure) 136M->70M(247M) 9.875ms
[2022-06-13T03:19:17.859+0000][1][gc,cpu       ] GC(22) User=0.03s Sys=0.00s Real=0.02s
[2022-06-13T03:19:17.860+0000][1][safepoint    ] Leaving safepoint region
[2022-06-13T03:19:17.860+0000][1][safepoint    ] Total time for which application threads were stopped: 0.0118437 seconds, Stopping threads took: 0.0003195 seconds
[2022-06-13T03:19:19.412+0000][1][safepoint    ] Application time: 1.5516133 seconds
[2022-06-13T03:19:19.414+0000][1][safepoint    ] Entering safepoint region: RevokeBias
[2022-06-13T03:19:19.414+0000][1][safepoint    ] Leaving safepoint region
[2022-06-13T03:19:19.414+0000][1][safepoint    ] Total time for which application threads were stopped: 0.0007478 seconds, Stopping threads took: 0.0004360 seconds
[2022-06-13T03:19:19.415+0000][1][safepoint    ] Application time: 0.0006167 seconds
[2022-06-13T03:19:19.416+0000][1][safepoint    ] Entering safepoint region: RevokeBias
[2022-06-13T03:19:19.416+0000][1][safepoint    ] Leaving safepoint region
[2022-06-13T03:19:19.416+0000][1][safepoint    ] Total time for which application threads were stopped: 0.0005926 seconds, Stopping threads took: 0.0003162 seconds
[2022-06-13T03:19:19.417+0000][1][safepoint    ] Application time: 0.0004317 seconds
[2022-06-13T03:19:19.417+0000][1][safepoint    ] Entering safepoint region: RevokeBias
[2022-06-13T03:19:19.418+0000][1][safepoint    ] Leaving safepoint region
[2022-06-13T03:19:19.418+0000][1][safepoint    ] Total time for which application threads were stopped: 0.0007122 seconds, Stopping threads took: 0.0004124 seconds
[2022-06-13T03:19:19.419+0000][1][safepoint    ] Application time: 0.0003348 seconds
[2022-06-13T03:19:19.419+0000][1][safepoint    ] Entering safepoint region: RevokeBias
[2022-06-13T03:19:19.419+0000][1][safepoint    ] Leaving safepoint region
[2022-06-13T03:19:19.419+0000][1][safepoint    ] Total time for which application threads were stopped: 0.0006462 seconds, Stopping threads took: 0.0002104 seconds
[2022-06-13T03:19:19.420+0000][1][safepoint    ] Application time: 0.0004893 seconds
[2022-06-13T03:19:19.422+0000][1][safepoint    ] Entering safepoint region: RevokeBias
[2022-06-13T03:19:19.422+0000][1][safepoint    ] Leaving safepoint region
[2022-06-13T03:19:19.422+0000][1][safepoint    ] Total time for which application threads were stopped: 0.0014074 seconds, Stopping threads took: 0.0011054 seconds
[2022-06-13T03:19:19.423+0000][1][safepoint    ] Application time: 0.0006038 seconds
[2022-06-13T03:19:19.423+0000][1][safepoint    ] Entering safepoint region: RevokeBias
[2022-06-13T03:19:19.424+0000][1][safepoint    ] Leaving safepoint region
[2022-06-13T03:19:19.424+0000][1][safepoint    ] Total time for which application threads were stopped: 0.0010333 seconds, Stopping threads took: 0.0004938 seconds
[2022-06-13T03:19:19.425+0000][1][safepoint    ] Application time: 0.0009130 seconds
[2022-06-13T03:19:19.426+0000][1][safepoint    ] Entering safepoint region: RevokeBias
[2022-06-13T03:19:19.426+0000][1][safepoint    ] Leaving safepoint region
[2022-06-13T03:19:19.426+0000][1][safepoint    ] Total time for which application threads were stopped: 0.0007422 seconds, Stopping threads took: 0.0002714 seconds
[2022-06-13T03:19:19.427+0000][1][safepoint    ] Application time: 0.0002395 seconds
[2022-06-13T03:19:19.427+0000][1][safepoint    ] Entering safepoint region: RevokeBias
[2022-06-13T03:19:19.428+0000][1][safepoint    ] Leaving safepoint region
[2022-06-13T03:19:19.428+0000][1][safepoint    ] Total time for which application threads were stopped: 0.0008945 seconds, Stopping threads took: 0.0004229 seconds
[2022-06-13T03:19:19.430+0000][1][safepoint    ] Application time: 0.0012518 seconds
[2022-06-13T03:19:19.431+0000][1][safepoint    ] Entering safepoint region: RevokeBias
[2022-06-13T03:19:19.431+0000][1][safepoint    ] Leaving safepoint region
[2022-06-13T03:19:19.431+0000][1][safepoint    ] Total time for which application threads were stopped: 0.0006995 seconds, Stopping threads took: 0.0002774 seconds
[2022-06-13T03:19:19.446+0000][1][safepoint    ] Application time: 0.0145935 seconds
[2022-06-13T03:19:19.447+0000][1][safepoint    ] Entering safepoint region: Deoptimize
[2022-06-13T03:19:19.448+0000][1][safepoint    ] Leaving safepoint region
[2022-06-13T03:19:19.448+0000][1][safepoint    ] Total time for which application threads were stopped: 0.0015127 seconds, Stopping threads took: 0.0004417 seconds
[2022-06-13T03:19:19.454+0000][1][safepoint    ] Application time: 0.0050555 seconds
[2022-06-13T03:19:19.454+0000][1][safepoint    ] Entering safepoint region: RevokeBias
[2022-06-13T03:19:19.455+0000][1][safepoint    ] Leaving safepoint region
[2022-06-13T03:19:19.455+0000][1][safepoint    ] Total time for which application threads were stopped: 0.0009621 seconds, Stopping threads took: 0.0004327 seconds
[2022-06-13T03:19:19.465+0000][1][safepoint    ] Application time: 0.0100548 seconds
[2022-06-13T03:19:19.466+0000][1][safepoint    ] Entering safepoint region: RevokeBias
[2022-06-13T03:19:19.466+0000][1][safepoint    ] Leaving safepoint region
[2022-06-13T03:19:19.466+0000][1][safepoint    ] Total time for which application threads were stopped: 0.0006804 seconds, Stopping threads took: 0.0003287 seconds
[2022-06-13T03:19:19.467+0000][1][safepoint    ] Application time: 0.0003047 seconds
[2022-06-13T03:19:19.468+0000][1][safepoint    ] Entering safepoint region: RevokeBias
[2022-06-13T03:19:19.468+0000][1][safepoint    ] Leaving safepoint region
[2022-06-13T03:19:19.469+0000][1][safepoint    ] Total time for which application threads were stopped: 0.0009312 seconds, Stopping threads took: 0.0005135 seconds
[2022-06-13T03:19:19.469+0000][1][safepoint    ] Application time: 0.0004002 seconds
[2022-06-13T03:19:19.470+0000][1][safepoint    ] Entering safepoint region: RevokeBias
[2022-06-13T03:19:19.470+0000][1][safepoint    ] Leaving safepoint region
[2022-06-13T03:19:19.471+0000][1][safepoint    ] Total time for which application threads were stopped: 0.0009569 seconds, Stopping threads took: 0.0005148 seconds
[2022-06-13T03:19:19.471+0000][1][safepoint    ] Application time: 0.0003274 seconds
[2022-06-13T03:19:19.472+0000][1][safepoint    ] Entering safepoint region: RevokeBias
[2022-06-13T03:19:19.472+0000][1][safepoint    ] Leaving safepoint region
[2022-06-13T03:19:19.472+0000][1][safepoint    ] Total time for which application threads were stopped: 0.0005572 seconds, Stopping threads took: 0.0003527 seconds
[2022-06-13T03:19:19.473+0000][1][safepoint    ] Application time: 0.0001890 seconds
[2022-06-13T03:19:19.473+0000][1][safepoint    ] Entering safepoint region: RevokeBias
[2022-06-13T03:19:19.473+0000][1][safepoint    ] Leaving safepoint region
[2022-06-13T03:19:19.473+0000][1][safepoint    ] Total time for which application threads were stopped: 0.0003939 seconds, Stopping threads took: 0.0001915 seconds
[2022-06-13T03:19:19.474+0000][1][safepoint    ] Application time: 0.0002022 seconds
[2022-06-13T03:19:19.474+0000][1][safepoint    ] Entering safepoint region: RevokeBias
[2022-06-13T03:19:19.474+0000][1][safepoint    ] Leaving safepoint region
[2022-06-13T03:19:19.475+0000][1][safepoint    ] Total time for which application threads were stopped: 0.0006565 seconds, Stopping threads took: 0.0004169 seconds
[2022-06-13T03:19:19.475+0000][1][safepoint    ] Application time: 0.0002427 seconds
[2022-06-13T03:19:19.475+0000][1][safepoint    ] Entering safepoint region: RevokeBias
[2022-06-13T03:19:19.476+0000][1][safepoint    ] Leaving safepoint region
[2022-06-13T03:19:19.476+0000][1][safepoint    ] Total time for which application threads were stopped: 0.0004576 seconds, Stopping threads took: 0.0003098 seconds
[2022-06-13T03:19:19.477+0000][1][safepoint    ] Application time: 0.0007353 seconds
[2022-06-13T03:19:19.477+0000][1][safepoint    ] Entering safepoint region: RevokeBias
[2022-06-13T03:19:19.477+0000][1][safepoint    ] Leaving safepoint region
[2022-06-13T03:19:19.477+0000][1][safepoint    ] Total time for which application threads were stopped: 0.0003431 seconds, Stopping threads took: 0.0002186 seconds
[2022-06-13T03:19:19.478+0000][1][safepoint    ] Application time: 0.0004653 seconds
[2022-06-13T03:19:19.478+0000][1][safepoint    ] Entering safepoint region: RevokeBias
[2022-06-13T03:19:19.478+0000][1][safepoint    ] Leaving safepoint region
[2022-06-13T03:19:19.478+0000][1][safepoint    ] Total time for which application threads were stopped: 0.0005630 seconds, Stopping threads took: 0.0003821 seconds
[2022-06-13T03:19:19.479+0000][1][safepoint    ] Application time: 0.0000807 seconds
[2022-06-13T03:19:19.479+0000][1][safepoint    ] Entering safepoint region: RevokeBias
[2022-06-13T03:19:19.479+0000][1][safepoint    ] Leaving safepoint region
[2022-06-13T03:19:19.479+0000][1][safepoint    ] Total time for which application threads were stopped: 0.0004793 seconds, Stopping threads took: 0.0002676 seconds
[2022-06-13T03:19:19.481+0000][1][safepoint    ] Application time: 0.0017189 seconds
[2022-06-13T03:19:19.482+0000][1][safepoint    ] Entering safepoint region: RevokeBias
[2022-06-13T03:19:19.482+0000][1][safepoint    ] Leaving safepoint region
[2022-06-13T03:19:19.482+0000][1][safepoint    ] Total time for which application threads were stopped: 0.0005223 seconds, Stopping threads took: 0.0002944 seconds
[2022-06-13T03:19:19.483+0000][1][safepoint    ] Application time: 0.0002958 seconds
[2022-06-13T03:19:19.483+0000][1][safepoint    ] Entering safepoint region: RevokeBias
[2022-06-13T03:19:19.484+0000][1][safepoint    ] Leaving safepoint region
[2022-06-13T03:19:19.484+0000][1][safepoint    ] Total time for which application threads were stopped: 0.0012029 seconds, Stopping threads took: 0.0008847 seconds
[2022-06-13T03:19:19.485+0000][1][safepoint    ] Application time: 0.0001146 seconds
[2022-06-13T03:19:19.485+0000][1][safepoint    ] Entering safepoint region: RevokeBias
[2022-06-13T03:19:19.485+0000][1][safepoint    ] Leaving safepoint region
[2022-06-13T03:19:19.485+0000][1][safepoint    ] Total time for which application threads were stopped: 0.0002664 seconds, Stopping threads took: 0.0001658 seconds
[2022-06-13T03:19:19.490+0000][1][safepoint    ] Application time: 0.0044345 seconds
[2022-06-13T03:19:19.490+0000][1][safepoint    ] Entering safepoint region: Deoptimize
[2022-06-13T03:19:19.491+0000][1][safepoint    ] Leaving safepoint region
[2022-06-13T03:19:19.491+0000][1][safepoint    ] Total time for which application threads were stopped: 0.0009454 seconds, Stopping threads took: 0.0002907 seconds
[2022-06-13T03:19:19.497+0000][1][safepoint    ] Application time: 0.0060228 seconds
[2022-06-13T03:19:19.498+0000][1][safepoint    ] Entering safepoint region: Deoptimize
[2022-06-13T03:19:19.498+0000][1][safepoint    ] Leaving safepoint region
[2022-06-13T03:19:19.499+0000][1][safepoint    ] Total time for which application threads were stopped: 0.0011649 seconds, Stopping threads took: 0.0001788 seconds
[2022-06-13T03:19:19.507+0000][1][safepoint    ] Application time: 0.0075626 seconds
[2022-06-13T03:19:19.507+0000][1][safepoint    ] Entering safepoint region: RevokeBias
[2022-06-13T03:19:19.508+0000][1][safepoint    ] Leaving safepoint region
[2022-06-13T03:19:19.508+0000][1][safepoint    ] Total time for which application threads were stopped: 0.0008549 seconds, Stopping threads took: 0.0005719 seconds
[2022-06-13T03:19:19.516+0000][1][safepoint    ] Application time: 0.0083640 seconds
[2022-06-13T03:19:19.518+0000][1][safepoint    ] Entering safepoint region: RevokeBias
[2022-06-13T03:19:19.518+0000][1][safepoint    ] Leaving safepoint region
[2022-06-13T03:19:19.518+0000][1][safepoint    ] Total time for which application threads were stopped: 0.0012974 seconds, Stopping threads took: 0.0008466 seconds
[2022-06-13T03:19:19.523+0000][1][safepoint    ] Application time: 0.0043848 seconds
[2022-06-13T03:19:19.524+0000][1][safepoint    ] Entering safepoint region: RevokeBias
[2022-06-13T03:19:19.524+0000][1][safepoint    ] Leaving safepoint region
[2022-06-13T03:19:19.524+0000][1][safepoint    ] Total time for which application threads were stopped: 0.0011056 seconds, Stopping threads took: 0.0006929 seconds
[2022-06-13T03:19:19.995+0000][1][safepoint    ] Application time: 0.4701832 seconds
[2022-06-13T03:19:19.996+0000][1][safepoint    ] Entering safepoint region: RevokeBias
[2022-06-13T03:19:19.996+0000][1][safepoint    ] Leaving safepoint region
[2022-06-13T03:19:19.996+0000][1][safepoint    ] Total time for which application threads were stopped: 0.0009536 seconds, Stopping threads took: 0.0005500 seconds
[2022-06-13T03:19:19.997+0000][1][safepoint    ] Application time: 0.0006220 seconds
[2022-06-13T03:19:19.998+0000][1][safepoint    ] Entering safepoint region: RevokeBias
[2022-06-13T03:19:19.998+0000][1][safepoint    ] Leaving safepoint region
[2022-06-13T03:19:19.999+0000][1][safepoint    ] Total time for which application threads were stopped: 0.0012519 seconds, Stopping threads took: 0.0008178 seconds
[2022-06-13T03:19:20.000+0000][1][safepoint    ] Application time: 0.0006433 seconds
[2022-06-13T03:19:20.000+0000][1][safepoint    ] Entering safepoint region: BulkRevokeBias
[2022-06-13T03:19:20.002+0000][1][safepoint    ] Leaving safepoint region
[2022-06-13T03:19:20.002+0000][1][safepoint    ] Total time for which application threads were stopped: 0.0016978 seconds, Stopping threads took: 0.0005529 seconds
[2022-06-13T03:19:20.003+0000][1][safepoint    ] Application time: 0.0007365 seconds
[2022-06-13T03:19:20.004+0000][1][safepoint    ] Entering safepoint region: RevokeBias
[2022-06-13T03:19:20.004+0000][1][safepoint    ] Leaving safepoint region
[2022-06-13T03:19:20.004+0000][1][safepoint    ] Total time for which application threads were stopped: 0.0006279 seconds, Stopping threads took: 0.0003197 seconds
[2022-06-13T03:19:20.004+0000][1][safepoint    ] Application time: 0.0001106 seconds
[2022-06-13T03:19:20.005+0000][1][safepoint    ] Entering safepoint region: RevokeBias
[2022-06-13T03:19:20.005+0000][1][safepoint    ] Leaving safepoint region
[2022-06-13T03:19:20.005+0000][1][safepoint    ] Total time for which application threads were stopped: 0.0006075 seconds, Stopping threads took: 0.0003247 seconds
[2022-06-13T03:19:20.007+0000][1][safepoint    ] Application time: 0.0018111 seconds
[2022-06-13T03:19:20.008+0000][1][safepoint    ] Entering safepoint region: RevokeBias
[2022-06-13T03:19:20.008+0000][1][safepoint    ] Leaving safepoint region
[2022-06-13T03:19:20.009+0000][1][safepoint    ] Total time for which application threads were stopped: 0.0007883 seconds, Stopping threads took: 0.0002381 seconds
[2022-06-13T03:19:20.009+0000][1][safepoint    ] Application time: 0.0003535 seconds
[2022-06-13T03:19:20.009+0000][1][safepoint    ] Entering safepoint region: RevokeBias
[2022-06-13T03:19:20.010+0000][1][safepoint    ] Leaving safepoint region
[2022-06-13T03:19:20.010+0000][1][safepoint    ] Total time for which application threads were stopped: 0.0006378 seconds, Stopping threads took: 0.0002481 seconds
[2022-06-13T03:19:20.015+0000][1][safepoint    ] Application time: 0.0048812 seconds
[2022-06-13T03:19:20.019+0000][1][safepoint    ] Entering safepoint region: RevokeBias
[2022-06-13T03:19:20.019+0000][1][safepoint    ] Leaving safepoint region
[2022-06-13T03:19:20.020+0000][1][safepoint    ] Total time for which application threads were stopped: 0.0012278 seconds, Stopping threads took: 0.0006536 seconds
[2022-06-13T03:19:20.189+0000][1][safepoint    ] Application time: 0.1691193 seconds
[2022-06-13T03:19:20.189+0000][1][safepoint    ] Entering safepoint region: RevokeBias
[2022-06-13T03:19:20.190+0000][1][safepoint    ] Leaving safepoint region
[2022-06-13T03:19:20.190+0000][1][safepoint    ] Total time for which application threads were stopped: 0.0009527 seconds, Stopping threads took: 0.0004885 seconds
[2022-06-13T03:19:20.191+0000][1][safepoint    ] Application time: 0.0003547 seconds
[2022-06-13T03:19:20.191+0000][1][safepoint    ] Entering safepoint region: RevokeBias
[2022-06-13T03:19:20.192+0000][1][safepoint    ] Leaving safepoint region
[2022-06-13T03:19:20.192+0000][1][safepoint    ] Total time for which application threads were stopped: 0.0007761 seconds, Stopping threads took: 0.0004858 seconds
[2022-06-13T03:19:20.193+0000][1][safepoint    ] Application time: 0.0005702 seconds
[2022-06-13T03:19:20.193+0000][1][safepoint    ] Entering safepoint region: RevokeBias
[2022-06-13T03:19:20.193+0000][1][safepoint    ] Leaving safepoint region
[2022-06-13T03:19:20.193+0000][1][safepoint    ] Total time for which application threads were stopped: 0.0004865 seconds, Stopping threads took: 0.0002108 seconds
[2022-06-13T03:19:20.196+0000][1][safepoint    ] Application time: 0.0024221 seconds
[2022-06-13T03:19:20.197+0000][1][safepoint    ] Entering safepoint region: RevokeBias
[2022-06-13T03:19:20.198+0000][1][safepoint    ] Leaving safepoint region
[2022-06-13T03:19:20.198+0000][1][safepoint    ] Total time for which application threads were stopped: 0.0004957 seconds, Stopping threads took: 0.0002245 seconds
[2022-06-13T03:19:20.203+0000][1][safepoint    ] Application time: 0.0055868 seconds
[2022-06-13T03:19:20.204+0000][1][safepoint    ] Entering safepoint region: RevokeBias
[2022-06-13T03:19:20.204+0000][1][safepoint    ] Leaving safepoint region
[2022-06-13T03:19:20.205+0000][1][safepoint    ] Total time for which application threads were stopped: 0.0008631 seconds, Stopping threads took: 0.0003773 seconds
[2022-06-13T03:19:20.208+0000][1][safepoint    ] Application time: 0.0036418 seconds
[2022-06-13T03:19:20.209+0000][1][safepoint    ] Entering safepoint region: RevokeBias
[2022-06-13T03:19:20.209+0000][1][safepoint    ] Leaving safepoint region
[2022-06-13T03:19:20.210+0000][1][safepoint    ] Total time for which application threads were stopped: 0.0009518 seconds, Stopping threads took: 0.0003692 seconds
[2022-06-13T03:19:21.210+0000][1][safepoint    ] Application time: 1.0001923 seconds
[2022-06-13T03:19:21.211+0000][1][safepoint    ] Entering safepoint region: Cleanup
[2022-06-13T03:19:21.211+0000][1][safepoint    ] Leaving safepoint region
[2022-06-13T03:19:21.211+0000][1][safepoint    ] Total time for which application threads were stopped: 0.0006547 seconds, Stopping threads took: 0.0003109 seconds
[2022-06-13T03:19:22.212+0000][1][safepoint    ] Application time: 1.0002341 seconds
[2022-06-13T03:19:22.212+0000][1][safepoint    ] Entering safepoint region: Cleanup
[2022-06-13T03:19:22.213+0000][1][safepoint    ] Leaving safepoint region
[2022-06-13T03:19:22.213+0000][1][safepoint    ] Total time for which application threads were stopped: 0.0009951 seconds, Stopping threads took: 0.0004949 seconds
[2022-06-13T03:19:23.214+0000][1][safepoint    ] Application time: 1.0002168 seconds
[2022-06-13T03:19:23.215+0000][1][safepoint    ] Entering safepoint region: Cleanup
[2022-06-13T03:19:23.215+0000][1][safepoint    ] Leaving safepoint region
[2022-06-13T03:19:23.216+0000][1][safepoint    ] Total time for which application threads were stopped: 0.0010157 seconds, Stopping threads took: 0.0004838 seconds
[2022-06-13T03:19:24.216+0000][1][safepoint    ] Application time: 1.0001147 seconds
[2022-06-13T03:19:24.217+0000][1][safepoint    ] Entering safepoint region: Cleanup
[2022-06-13T03:19:24.217+0000][1][safepoint    ] Leaving safepoint region
[2022-06-13T03:19:24.217+0000][1][safepoint    ] Total time for which application threads were stopped: 0.0002851 seconds, Stopping threads took: 0.0001358 seconds
[2022-06-13T03:19:25.217+0000][1][safepoint    ] Application time: 1.0001080 seconds
[2022-06-13T03:19:25.218+0000][1][safepoint    ] Entering safepoint region: Cleanup
[2022-06-13T03:19:25.218+0000][1][safepoint    ] Leaving safepoint region
[2022-06-13T03:19:25.218+0000][1][safepoint    ] Total time for which application threads were stopped: 0.0007713 seconds, Stopping threads took: 0.0003486 seconds
[2022-06-13T03:19:26.219+0000][1][safepoint    ] Application time: 1.0001346 seconds
[2022-06-13T03:19:26.219+0000][1][safepoint    ] Entering safepoint region: Cleanup
[2022-06-13T03:19:26.220+0000][1][safepoint    ] Leaving safepoint region
[2022-06-13T03:19:26.220+0000][1][safepoint    ] Total time for which application threads were stopped: 0.0005896 seconds, Stopping threads took: 0.0002750 seconds
[2022-06-13T03:19:27.220+0000][1][safepoint    ] Application time: 1.0001848 seconds
[2022-06-13T03:19:27.221+0000][1][safepoint    ] Entering safepoint region: Cleanup
[2022-06-13T03:19:27.221+0000][1][safepoint    ] Leaving safepoint region
[2022-06-13T03:19:27.221+0000][1][safepoint    ] Total time for which application threads were stopped: 0.0008156 seconds, Stopping threads took: 0.0004104 seconds
[2022-06-13T03:19:28.222+0000][1][safepoint    ] Application time: 1.0002162 seconds
[2022-06-13T03:19:28.223+0000][1][safepoint    ] Entering safepoint region: Cleanup
[2022-06-13T03:19:28.223+0000][1][safepoint    ] Leaving safepoint region
[2022-06-13T03:19:28.224+0000][1][safepoint    ] Total time for which application threads were stopped: 0.0010368 seconds, Stopping threads took: 0.0004793 seconds
[2022-06-13T03:19:29.224+0000][1][safepoint    ] Application time: 1.0002086 seconds
[2022-06-13T03:19:29.225+0000][1][safepoint    ] Entering safepoint region: Cleanup
[2022-06-13T03:19:29.226+0000][1][safepoint    ] Leaving safepoint region
[2022-06-13T03:19:29.227+0000][1][safepoint    ] Total time for which application threads were stopped: 0.0015054 seconds, Stopping threads took: 0.0007114 seconds
[2022-06-13T03:19:30.228+0000][1][safepoint    ] Application time: 1.0002025 seconds
[2022-06-13T03:19:30.228+0000][1][safepoint    ] Entering safepoint region: Cleanup
[2022-06-13T03:19:30.229+0000][1][safepoint    ] Leaving safepoint region
[2022-06-13T03:19:30.229+0000][1][safepoint    ] Total time for which application threads were stopped: 0.0009013 seconds, Stopping threads took: 0.0004311 seconds
[2022-06-13T03:19:31.230+0000][1][safepoint    ] Application time: 1.0002065 seconds
[2022-06-13T03:19:31.230+0000][1][safepoint    ] Entering safepoint region: Cleanup
[2022-06-13T03:19:31.230+0000][1][safepoint    ] Leaving safepoint region
[2022-06-13T03:19:31.231+0000][1][safepoint    ] Total time for which application threads were stopped: 0.0006587 seconds, Stopping threads took: 0.0003025 seconds
[2022-06-13T03:19:32.231+0000][1][safepoint    ] Application time: 1.0002174 seconds
[2022-06-13T03:19:32.232+0000][1][safepoint    ] Entering safepoint region: Cleanup
[2022-06-13T03:19:32.232+0000][1][safepoint    ] Leaving safepoint region
[2022-06-13T03:19:32.233+0000][1][safepoint    ] Total time for which application threads were stopped: 0.0009774 seconds, Stopping threads took: 0.0004591 seconds
[2022-06-13T03:19:33.233+0000][1][safepoint    ] Application time: 1.0002286 seconds
[2022-06-13T03:19:33.234+0000][1][safepoint    ] Entering safepoint region: Cleanup
[2022-06-13T03:19:33.234+0000][1][safepoint    ] Leaving safepoint region
[2022-06-13T03:19:33.235+0000][1][safepoint    ] Total time for which application threads were stopped: 0.0011113 seconds, Stopping threads took: 0.0004997 seconds
[2022-06-13T03:19:34.236+0000][1][safepoint    ] Application time: 1.0003068 seconds
[2022-06-13T03:19:34.236+0000][1][safepoint    ] Entering safepoint region: Cleanup
[2022-06-13T03:19:34.237+0000][1][safepoint    ] Leaving safepoint region
[2022-06-13T03:19:34.238+0000][1][safepoint    ] Total time for which application threads were stopped: 0.0014234 seconds, Stopping threads took: 0.0006713 seconds
[2022-06-13T03:19:35.239+0000][1][safepoint    ] Application time: 1.0001403 seconds
[2022-06-13T03:19:35.239+0000][1][safepoint    ] Entering safepoint region: Cleanup
[2022-06-13T03:19:35.240+0000][1][safepoint    ] Leaving safepoint region
[2022-06-13T03:19:35.240+0000][1][safepoint    ] Total time for which application threads were stopped: 0.0009703 seconds, Stopping threads took: 0.0004581 seconds
[2022-06-13T03:19:36.241+0000][1][safepoint    ] Application time: 1.0002060 seconds
[2022-06-13T03:19:36.241+0000][1][safepoint    ] Entering safepoint region: Cleanup
[2022-06-13T03:19:36.241+0000][1][safepoint    ] Leaving safepoint region
[2022-06-13T03:19:36.241+0000][1][safepoint    ] Total time for which application threads were stopped: 0.0003562 seconds, Stopping threads took: 0.0001591 seconds
[2022-06-13T03:19:37.242+0000][1][safepoint    ] Application time: 1.0002265 seconds
[2022-06-13T03:19:37.242+0000][1][safepoint    ] Entering safepoint region: Cleanup
[2022-06-13T03:19:37.243+0000][1][safepoint    ] Leaving safepoint region
[2022-06-13T03:19:37.244+0000][1][safepoint    ] Total time for which application threads were stopped: 0.0014520 seconds, Stopping threads took: 0.0006492 seconds
[2022-06-13T03:19:38.245+0000][1][safepoint    ] Application time: 1.0002465 seconds
[2022-06-13T03:19:38.245+0000][1][safepoint    ] Entering safepoint region: Cleanup
[2022-06-13T03:19:38.245+0000][1][safepoint    ] Leaving safepoint region
[2022-06-13T03:19:38.246+0000][1][safepoint    ] Total time for which application threads were stopped: 0.0005834 seconds, Stopping threads took: 0.0002964 seconds
[2022-06-13T03:19:39.246+0000][1][safepoint    ] Application time: 1.0002546 seconds
[2022-06-13T03:19:39.247+0000][1][safepoint    ] Entering safepoint region: Cleanup
[2022-06-13T03:19:39.247+0000][1][safepoint    ] Leaving safepoint region
[2022-06-13T03:19:39.248+0000][1][safepoint    ] Total time for which application threads were stopped: 0.0010016 seconds, Stopping threads took: 0.0004401 seconds
[2022-06-13T03:19:40.248+0000][1][safepoint    ] Application time: 1.0002355 seconds
[2022-06-13T03:19:40.249+0000][1][safepoint    ] Entering safepoint region: Cleanup
[2022-06-13T03:19:40.250+0000][1][safepoint    ] Leaving safepoint region
[2022-06-13T03:19:40.250+0000][1][safepoint    ] Total time for which application threads were stopped: 0.0012745 seconds, Stopping threads took: 0.0005323 seconds
[2022-06-13T03:19:41.251+0000][1][safepoint    ] Application time: 1.0002134 seconds
[2022-06-13T03:19:41.251+0000][1][safepoint    ] Entering safepoint region: Cleanup
[2022-06-13T03:19:41.252+0000][1][safepoint    ] Leaving safepoint region
[2022-06-13T03:19:41.252+0000][1][safepoint    ] Total time for which application threads were stopped: 0.0004582 seconds, Stopping threads took: 0.0002173 seconds
[2022-06-13T03:19:42.252+0000][1][safepoint    ] Application time: 1.0002488 seconds
[2022-06-13T03:19:42.253+0000][1][safepoint    ] Entering safepoint region: Cleanup
[2022-06-13T03:19:42.253+0000][1][safepoint    ] Leaving safepoint region
[2022-06-13T03:19:42.253+0000][1][safepoint    ] Total time for which application threads were stopped: 0.0004812 seconds, Stopping threads took: 0.0002177 seconds
[2022-06-13T03:19:43.254+0000][1][safepoint    ] Application time: 1.0002312 seconds
[2022-06-13T03:19:43.254+0000][1][safepoint    ] Entering safepoint region: Cleanup
[2022-06-13T03:19:43.254+0000][1][safepoint    ] Leaving safepoint region
[2022-06-13T03:19:43.254+0000][1][safepoint    ] Total time for which application threads were stopped: 0.0005972 seconds, Stopping threads took: 0.0002738 seconds
[2022-06-13T03:19:44.255+0000][1][safepoint    ] Application time: 1.0001857 seconds
[2022-06-13T03:19:44.255+0000][1][safepoint    ] Entering safepoint region: Cleanup
[2022-06-13T03:19:44.256+0000][1][safepoint    ] Leaving safepoint region
[2022-06-13T03:19:44.256+0000][1][safepoint    ] Total time for which application threads were stopped: 0.0008479 seconds, Stopping threads took: 0.0003861 seconds
[2022-06-13T03:19:45.257+0000][1][safepoint    ] Application time: 1.0001953 seconds
[2022-06-13T03:19:45.257+0000][1][safepoint    ] Entering safepoint region: Cleanup
[2022-06-13T03:19:45.257+0000][1][safepoint    ] Leaving safepoint region
[2022-06-13T03:19:45.258+0000][1][safepoint    ] Total time for which application threads were stopped: 0.0005172 seconds, Stopping threads took: 0.0002365 seconds
[2022-06-13T03:19:46.258+0000][1][safepoint    ] Application time: 1.0002497 seconds
[2022-06-13T03:19:46.259+0000][1][safepoint    ] Entering safepoint region: Cleanup
[2022-06-13T03:19:46.259+0000][1][safepoint    ] Leaving safepoint region
[2022-06-13T03:19:46.259+0000][1][safepoint    ] Total time for which application threads were stopped: 0.0002881 seconds, Stopping threads took: 0.0001355 seconds
[2022-06-13T03:19:47.259+0000][1][safepoint    ] Application time: 1.0001197 seconds
[2022-06-13T03:19:47.260+0000][1][safepoint    ] Entering safepoint region: Cleanup
[2022-06-13T03:19:47.260+0000][1][safepoint    ] Leaving safepoint region
[2022-06-13T03:19:47.260+0000][1][safepoint    ] Total time for which application threads were stopped: 0.0006005 seconds, Stopping threads took: 0.0002471 seconds
[2022-06-13T03:19:48.261+0000][1][safepoint    ] Application time: 1.0001874 seconds
[2022-06-13T03:19:48.261+0000][1][safepoint    ] Entering safepoint region: Cleanup
[2022-06-13T03:19:48.261+0000][1][safepoint    ] Leaving safepoint region
[2022-06-13T03:19:48.262+0000][1][safepoint    ] Total time for which application threads were stopped: 0.0005204 seconds, Stopping threads took: 0.0002477 seconds
[2022-06-13T03:19:49.262+0000][1][safepoint    ] Application time: 1.0001265 seconds
[2022-06-13T03:19:49.262+0000][1][safepoint    ] Entering safepoint region: Cleanup
[2022-06-13T03:19:49.263+0000][1][safepoint    ] Leaving safepoint region
[2022-06-13T03:19:49.263+0000][1][safepoint    ] Total time for which application threads were stopped: 0.0010110 seconds, Stopping threads took: 0.0004500 seconds
[2022-06-13T03:19:49.483+0000][1][safepoint    ] Application time: 0.2193663 seconds
[2022-06-13T03:19:49.484+0000][1][safepoint    ] Entering safepoint region: RevokeBias
[2022-06-13T03:19:49.484+0000][1][safepoint    ] Leaving safepoint region
[2022-06-13T03:19:49.484+0000][1][safepoint    ] Total time for which application threads were stopped: 0.0008349 seconds, Stopping threads took: 0.0004617 seconds
[2022-06-13T03:19:49.492+0000][1][safepoint    ] Application time: 0.0068031 seconds
[2022-06-13T03:19:49.492+0000][1][safepoint    ] Entering safepoint region: RevokeBias
[2022-06-13T03:19:49.492+0000][1][safepoint    ] Leaving safepoint region
[2022-06-13T03:19:49.493+0000][1][safepoint    ] Total time for which application threads were stopped: 0.0007838 seconds, Stopping threads took: 0.0003795 seconds
[2022-06-13T03:19:49.493+0000][1][safepoint    ] Application time: 0.0004381 seconds
[2022-06-13T03:19:49.494+0000][1][safepoint    ] Entering safepoint region: RevokeBias
[2022-06-13T03:19:49.494+0000][1][safepoint    ] Leaving safepoint region
[2022-06-13T03:19:49.494+0000][1][safepoint    ] Total time for which application threads were stopped: 0.0004285 seconds, Stopping threads took: 0.0002216 seconds
[2022-06-13T03:19:49.994+0000][1][safepoint    ] Application time: 0.4998095 seconds
[2022-06-13T03:19:49.995+0000][1][safepoint    ] Entering safepoint region: RevokeBias
[2022-06-13T03:19:49.995+0000][1][safepoint    ] Leaving safepoint region
[2022-06-13T03:19:49.995+0000][1][safepoint    ] Total time for which application threads were stopped: 0.0007534 seconds, Stopping threads took: 0.0004095 seconds
[2022-06-13T03:19:50.000+0000][1][safepoint    ] Application time: 0.0048921 seconds
[2022-06-13T03:19:50.001+0000][1][safepoint    ] Entering safepoint region: RevokeBias
[2022-06-13T03:19:50.002+0000][1][safepoint    ] Leaving safepoint region
[2022-06-13T03:19:50.002+0000][1][safepoint    ] Total time for which application threads were stopped: 0.0007748 seconds, Stopping threads took: 0.0004699 seconds
[2022-06-13T03:19:50.188+0000][1][safepoint    ] Application time: 0.1862793 seconds
[2022-06-13T03:19:50.189+0000][1][safepoint    ] Entering safepoint region: RevokeBias
[2022-06-13T03:19:50.190+0000][1][safepoint    ] Leaving safepoint region
[2022-06-13T03:19:50.191+0000][1][safepoint    ] Total time for which application threads were stopped: 0.0015217 seconds, Stopping threads took: 0.0006120 seconds
[2022-06-13T03:19:50.200+0000][1][safepoint    ] Application time: 0.0081472 seconds
[2022-06-13T03:19:50.200+0000][1][safepoint    ] Entering safepoint region: RevokeBias
[2022-06-13T03:19:50.200+0000][1][safepoint    ] Leaving safepoint region
[2022-06-13T03:19:50.201+0000][1][safepoint    ] Total time for which application threads were stopped: 0.0007711 seconds, Stopping threads took: 0.0004446 seconds
[2022-06-13T03:19:51.201+0000][1][safepoint    ] Application time: 1.0004303 seconds
[2022-06-13T03:19:51.202+0000][1][safepoint    ] Entering safepoint region: Cleanup
[2022-06-13T03:19:51.203+0000][1][safepoint    ] Leaving safepoint region
[2022-06-13T03:19:51.203+0000][1][safepoint    ] Total time for which application threads were stopped: 0.0010869 seconds, Stopping threads took: 0.0005150 seconds
[2022-06-13T03:19:52.204+0000][1][safepoint    ] Application time: 1.0002651 seconds
[2022-06-13T03:19:52.204+0000][1][safepoint    ] Entering safepoint region: Cleanup
[2022-06-13T03:19:52.205+0000][1][safepoint    ] Leaving safepoint region
[2022-06-13T03:19:52.205+0000][1][safepoint    ] Total time for which application threads were stopped: 0.0008370 seconds, Stopping threads took: 0.0004412 seconds
[2022-06-13T03:19:53.206+0000][1][safepoint    ] Application time: 1.0002656 seconds
[2022-06-13T03:19:53.207+0000][1][safepoint    ] Entering safepoint region: Cleanup
[2022-06-13T03:19:53.207+0000][1][safepoint    ] Leaving safepoint region
[2022-06-13T03:19:53.207+0000][1][safepoint    ] Total time for which application threads were stopped: 0.0005969 seconds, Stopping threads took: 0.0002665 seconds
[2022-06-13T03:19:54.208+0000][1][safepoint    ] Application time: 1.0002177 seconds
[2022-06-13T03:19:54.208+0000][1][safepoint    ] Entering safepoint region: Cleanup
[2022-06-13T03:19:54.209+0000][1][safepoint    ] Leaving safepoint region
[2022-06-13T03:19:54.209+0000][1][safepoint    ] Total time for which application threads were stopped: 0.0007116 seconds, Stopping threads took: 0.0003608 seconds
[2022-06-13T03:19:55.210+0000][1][safepoint    ] Application time: 1.0002306 seconds
[2022-06-13T03:19:55.210+0000][1][safepoint    ] Entering safepoint region: Cleanup
[2022-06-13T03:19:55.211+0000][1][safepoint    ] Leaving safepoint region
[2022-06-13T03:19:55.211+0000][1][safepoint    ] Total time for which application threads were stopped: 0.0007031 seconds, Stopping threads took: 0.0003218 seconds
[2022-06-13T03:19:56.211+0000][1][safepoint    ] Application time: 1.0002268 seconds
[2022-06-13T03:19:56.212+0000][1][safepoint    ] Entering safepoint region: Cleanup
[2022-06-13T03:19:56.212+0000][1][safepoint    ] Leaving safepoint region
[2022-06-13T03:19:56.213+0000][1][safepoint    ] Total time for which application threads were stopped: 0.0006733 seconds, Stopping threads took: 0.0003685 seconds
[2022-06-13T03:19:57.213+0000][1][safepoint    ] Application time: 1.0001531 seconds
[2022-06-13T03:19:57.214+0000][1][safepoint    ] Entering safepoint region: Cleanup
[2022-06-13T03:19:57.214+0000][1][safepoint    ] Leaving safepoint region
[2022-06-13T03:19:57.214+0000][1][safepoint    ] Total time for which application threads were stopped: 0.0008924 seconds, Stopping threads took: 0.0004261 seconds
[2022-06-13T03:19:58.215+0000][1][safepoint    ] Application time: 1.0002248 seconds
[2022-06-13T03:19:58.216+0000][1][safepoint    ] Entering safepoint region: Cleanup
[2022-06-13T03:19:58.216+0000][1][safepoint    ] Leaving safepoint region
[2022-06-13T03:19:58.216+0000][1][safepoint    ] Total time for which application threads were stopped: 0.0007489 seconds, Stopping threads took: 0.0003553 seconds
[2022-06-13T03:19:59.217+0000][1][safepoint    ] Application time: 1.0002657 seconds
[2022-06-13T03:19:59.218+0000][1][safepoint    ] Entering safepoint region: Cleanup
[2022-06-13T03:19:59.218+0000][1][safepoint    ] Leaving safepoint region
[2022-06-13T03:19:59.218+0000][1][safepoint    ] Total time for which application threads were stopped: 0.0005902 seconds, Stopping threads took: 0.0003147 seconds
[2022-06-13T03:20:00.219+0000][1][safepoint    ] Application time: 1.0001715 seconds
[2022-06-13T03:20:00.219+0000][1][safepoint    ] Entering safepoint region: Cleanup
[2022-06-13T03:20:00.219+0000][1][safepoint    ] Leaving safepoint region
[2022-06-13T03:20:00.220+0000][1][safepoint    ] Total time for which application threads were stopped: 0.0009633 seconds, Stopping threads took: 0.0003331 seconds
[2022-06-13T03:20:01.220+0000][1][safepoint    ] Application time: 1.0002243 seconds
[2022-06-13T03:20:01.221+0000][1][safepoint    ] Entering safepoint region: Cleanup
[2022-06-13T03:20:01.221+0000][1][safepoint    ] Leaving safepoint region
[2022-06-13T03:20:01.222+0000][1][safepoint    ] Total time for which application threads were stopped: 0.0006759 seconds, Stopping threads took: 0.0002993 seconds
[2022-06-13T03:20:02.222+0000][1][safepoint    ] Application time: 1.0003522 seconds
[2022-06-13T03:20:02.223+0000][1][safepoint    ] Entering safepoint region: Cleanup
[2022-06-13T03:20:02.223+0000][1][safepoint    ] Leaving safepoint region
[2022-06-13T03:20:02.224+0000][1][safepoint    ] Total time for which application threads were stopped: 0.0012331 seconds, Stopping threads took: 0.0004394 seconds
[2022-06-13T03:20:03.225+0000][1][safepoint    ] Application time: 1.0003712 seconds
[2022-06-13T03:20:03.226+0000][1][safepoint    ] Entering safepoint region: Cleanup
[2022-06-13T03:20:03.226+0000][1][safepoint    ] Leaving safepoint region
[2022-06-13T03:20:03.227+0000][1][safepoint    ] Total time for which application threads were stopped: 0.0008686 seconds, Stopping threads took: 0.0004230 seconds
[2022-06-13T03:20:04.227+0000][1][safepoint    ] Application time: 1.0002023 seconds
[2022-06-13T03:20:04.228+0000][1][safepoint    ] Entering safepoint region: Cleanup
[2022-06-13T03:20:04.228+0000][1][safepoint    ] Leaving safepoint region
[2022-06-13T03:20:04.228+0000][1][safepoint    ] Total time for which application threads were stopped: 0.0006383 seconds, Stopping threads took: 0.0002415 seconds
[2022-06-13T03:20:05.229+0000][1][safepoint    ] Application time: 1.0003153 seconds
[2022-06-13T03:20:05.230+0000][1][safepoint    ] Entering safepoint region: Cleanup
[2022-06-13T03:20:05.231+0000][1][safepoint    ] Leaving safepoint region
[2022-06-13T03:20:05.231+0000][1][safepoint    ] Total time for which application threads were stopped: 0.0013721 seconds, Stopping threads took: 0.0007069 seconds
[2022-06-13T03:20:06.232+0000][1][safepoint    ] Application time: 1.0002001 seconds
[2022-06-13T03:20:06.232+0000][1][safepoint    ] Entering safepoint region: Cleanup
[2022-06-13T03:20:06.233+0000][1][safepoint    ] Leaving safepoint region
[2022-06-13T03:20:06.233+0000][1][safepoint    ] Total time for which application threads were stopped: 0.0007788 seconds, Stopping threads took: 0.0004402 seconds
[2022-06-13T03:20:07.234+0000][1][safepoint    ] Application time: 1.0002051 seconds
[2022-06-13T03:20:07.234+0000][1][safepoint    ] Entering safepoint region: Cleanup
[2022-06-13T03:20:07.235+0000][1][safepoint    ] Leaving safepoint region
[2022-06-13T03:20:07.235+0000][1][safepoint    ] Total time for which application threads were stopped: 0.0006935 seconds, Stopping threads took: 0.0003112 seconds
[2022-06-13T03:20:08.236+0000][1][safepoint    ] Application time: 1.0001871 seconds
[2022-06-13T03:20:08.236+0000][1][safepoint    ] Entering safepoint region: Cleanup
[2022-06-13T03:20:08.236+0000][1][safepoint    ] Leaving safepoint region
[2022-06-13T03:20:08.237+0000][1][safepoint    ] Total time for which application threads were stopped: 0.0007415 seconds, Stopping threads took: 0.0003556 seconds
[2022-06-13T03:20:09.237+0000][1][safepoint    ] Application time: 1.0001375 seconds
[2022-06-13T03:20:09.238+0000][1][safepoint    ] Entering safepoint region: Cleanup
[2022-06-13T03:20:09.238+0000][1][safepoint    ] Leaving safepoint region
[2022-06-13T03:20:09.239+0000][1][safepoint    ] Total time for which application threads were stopped: 0.0010831 seconds, Stopping threads took: 0.0004417 seconds
[2022-06-13T03:20:10.203+0000][1][safepoint    ] Application time: 0.9635083 seconds
[2022-06-13T03:20:10.203+0000][1][safepoint    ] Entering safepoint region: RevokeBias
[2022-06-13T03:20:10.203+0000][1][safepoint    ] Leaving safepoint region
[2022-06-13T03:20:10.203+0000][1][safepoint    ] Total time for which application threads were stopped: 0.0003317 seconds, Stopping threads took: 0.0001340 seconds
[2022-06-13T03:20:10.210+0000][1][safepoint    ] Application time: 0.0069428 seconds
[2022-06-13T03:20:10.211+0000][1][safepoint    ] Entering safepoint region: RevokeBias
[2022-06-13T03:20:10.212+0000][1][safepoint    ] Leaving safepoint region
[2022-06-13T03:20:10.212+0000][1][safepoint    ] Total time for which application threads were stopped: 0.0009294 seconds, Stopping threads took: 0.0003840 seconds
[2022-06-13T03:20:11.212+0000][1][safepoint    ] Application time: 1.0001701 seconds
[2022-06-13T03:20:11.213+0000][1][safepoint    ] Entering safepoint region: Cleanup
[2022-06-13T03:20:11.213+0000][1][safepoint    ] Leaving safepoint region
[2022-06-13T03:20:11.214+0000][1][safepoint    ] Total time for which application threads were stopped: 0.0007118 seconds, Stopping threads took: 0.0003165 seconds
[2022-06-13T03:20:12.214+0000][1][safepoint    ] Application time: 1.0001913 seconds
[2022-06-13T03:20:12.215+0000][1][safepoint    ] Entering safepoint region: Cleanup
[2022-06-13T03:20:12.215+0000][1][safepoint    ] Leaving safepoint region
[2022-06-13T03:20:12.216+0000][1][safepoint    ] Total time for which application threads were stopped: 0.0009226 seconds, Stopping threads took: 0.0004416 seconds
[2022-06-13T03:20:13.216+0000][1][safepoint    ] Application time: 1.0003116 seconds
[2022-06-13T03:20:13.217+0000][1][safepoint    ] Entering safepoint region: Cleanup
[2022-06-13T03:20:13.218+0000][1][safepoint    ] Leaving safepoint region
[2022-06-13T03:20:13.218+0000][1][safepoint    ] Total time for which application threads were stopped: 0.0008201 seconds, Stopping threads took: 0.0004356 seconds
[2022-06-13T03:20:14.219+0000][1][safepoint    ] Application time: 1.0003160 seconds
[2022-06-13T03:20:14.219+0000][1][safepoint    ] Entering safepoint region: Cleanup
[2022-06-13T03:20:14.220+0000][1][safepoint    ] Leaving safepoint region
[2022-06-13T03:20:14.220+0000][1][safepoint    ] Total time for which application threads were stopped: 0.0012781 seconds, Stopping threads took: 0.0007140 seconds
[2022-06-13T03:20:15.221+0000][1][safepoint    ] Application time: 1.0002134 seconds
[2022-06-13T03:20:15.222+0000][1][safepoint    ] Entering safepoint region: Cleanup
[2022-06-13T03:20:15.222+0000][1][safepoint    ] Leaving safepoint region
[2022-06-13T03:20:15.223+0000][1][safepoint    ] Total time for which application threads were stopped: 0.0010495 seconds, Stopping threads took: 0.0004697 seconds
[2022-06-13T03:20:16.224+0000][1][safepoint    ] Application time: 1.0002854 seconds
[2022-06-13T03:20:16.224+0000][1][safepoint    ] Entering safepoint region: Cleanup
[2022-06-13T03:20:16.225+0000][1][safepoint    ] Leaving safepoint region
[2022-06-13T03:20:16.225+0000][1][safepoint    ] Total time for which application threads were stopped: 0.0011538 seconds, Stopping threads took: 0.0005314 seconds
[2022-06-13T03:20:17.226+0000][1][safepoint    ] Application time: 1.0003174 seconds
[2022-06-13T03:20:17.227+0000][1][safepoint    ] Entering safepoint region: Cleanup
[2022-06-13T03:20:17.228+0000][1][safepoint    ] Leaving safepoint region
[2022-06-13T03:20:17.228+0000][1][safepoint    ] Total time for which application threads were stopped: 0.0008869 seconds, Stopping threads took: 0.0004932 seconds
[2022-06-13T03:20:18.228+0000][1][safepoint    ] Application time: 1.0001893 seconds
[2022-06-13T03:20:18.258+0000][1][safepoint    ] Entering safepoint region: Cleanup
[2022-06-13T03:20:18.258+0000][1][safepoint    ] Leaving safepoint region
[2022-06-13T03:20:18.258+0000][1][safepoint    ] Total time for which application threads were stopped: 0.0004982 seconds, Stopping threads took: 0.0002036 seconds
[2022-06-13T03:20:19.259+0000][1][safepoint    ] Application time: 1.0001523 seconds
[2022-06-13T03:20:19.259+0000][1][safepoint    ] Entering safepoint region: Cleanup
[2022-06-13T03:20:19.260+0000][1][safepoint    ] Leaving safepoint region
[2022-06-13T03:20:19.260+0000][1][safepoint    ] Total time for which application threads were stopped: 0.0008582 seconds, Stopping threads took: 0.0004223 seconds
[2022-06-13T03:20:20.261+0000][1][safepoint    ] Application time: 1.0003444 seconds
[2022-06-13T03:20:20.261+0000][1][safepoint    ] Entering safepoint region: Cleanup
[2022-06-13T03:20:20.262+0000][1][safepoint    ] Leaving safepoint region
[2022-06-13T03:20:20.262+0000][1][safepoint    ] Total time for which application threads were stopped: 0.0008457 seconds, Stopping threads took: 0.0003915 seconds
[2022-06-13T03:20:21.263+0000][1][safepoint    ] Application time: 1.0003447 seconds
[2022-06-13T03:20:21.264+0000][1][safepoint    ] Entering safepoint region: Cleanup
[2022-06-13T03:20:21.265+0000][1][safepoint    ] Leaving safepoint region
[2022-06-13T03:20:21.265+0000][1][safepoint    ] Total time for which application threads were stopped: 0.0012266 seconds, Stopping threads took: 0.0005829 seconds
[2022-06-13T03:20:22.266+0000][1][safepoint    ] Application time: 1.0001971 seconds
[2022-06-13T03:20:22.266+0000][1][safepoint    ] Entering safepoint region: Cleanup
[2022-06-13T03:20:22.267+0000][1][safepoint    ] Leaving safepoint region
[2022-06-13T03:20:22.267+0000][1][safepoint    ] Total time for which application threads were stopped: 0.0007419 seconds, Stopping threads took: 0.0003337 seconds
[2022-06-13T03:20:23.268+0000][1][safepoint    ] Application time: 1.0001185 seconds
[2022-06-13T03:20:23.268+0000][1][safepoint    ] Entering safepoint region: Cleanup
[2022-06-13T03:20:23.269+0000][1][safepoint    ] Leaving safepoint region
[2022-06-13T03:20:23.269+0000][1][safepoint    ] Total time for which application threads were stopped: 0.0008537 seconds, Stopping threads took: 0.0005081 seconds
[2022-06-13T03:20:24.270+0000][1][safepoint    ] Application time: 1.0002178 seconds
[2022-06-13T03:20:24.270+0000][1][safepoint    ] Entering safepoint region: Cleanup
[2022-06-13T03:20:24.271+0000][1][safepoint    ] Leaving safepoint region
[2022-06-13T03:20:24.271+0000][1][safepoint    ] Total time for which application threads were stopped: 0.0009903 seconds, Stopping threads took: 0.0004290 seconds
[2022-06-13T03:20:25.272+0000][1][safepoint    ] Application time: 1.0001800 seconds
[2022-06-13T03:20:25.273+0000][1][safepoint    ] Entering safepoint region: Cleanup
[2022-06-13T03:20:25.273+0000][1][safepoint    ] Leaving safepoint region
[2022-06-13T03:20:25.273+0000][1][safepoint    ] Total time for which application threads were stopped: 0.0008057 seconds, Stopping threads took: 0.0004527 seconds
[2022-06-13T03:20:26.274+0000][1][safepoint    ] Application time: 1.0001857 seconds
[2022-06-13T03:20:26.274+0000][1][safepoint    ] Entering safepoint region: Cleanup
[2022-06-13T03:20:26.275+0000][1][safepoint    ] Leaving safepoint region
[2022-06-13T03:20:26.275+0000][1][safepoint    ] Total time for which application threads were stopped: 0.0006572 seconds, Stopping threads took: 0.0003582 seconds
[2022-06-13T03:20:27.276+0000][1][safepoint    ] Application time: 1.0002258 seconds
[2022-06-13T03:20:27.276+0000][1][safepoint    ] Entering safepoint region: Cleanup
[2022-06-13T03:20:27.277+0000][1][safepoint    ] Leaving safepoint region
[2022-06-13T03:20:27.277+0000][1][safepoint    ] Total time for which application threads were stopped: 0.0008157 seconds, Stopping threads took: 0.0003972 seconds
[2022-06-13T03:20:28.278+0000][1][safepoint    ] Application time: 1.0002837 seconds
[2022-06-13T03:20:28.278+0000][1][safepoint    ] Entering safepoint region: Cleanup
[2022-06-13T03:20:28.278+0000][1][safepoint    ] Leaving safepoint region
[2022-06-13T03:20:28.279+0000][1][safepoint    ] Total time for which application threads were stopped: 0.0007917 seconds, Stopping threads took: 0.0004218 seconds
[2022-06-13T03:20:29.279+0000][1][safepoint    ] Application time: 1.0001847 seconds
[2022-06-13T03:20:29.280+0000][1][safepoint    ] Entering safepoint region: Cleanup
[2022-06-13T03:20:29.280+0000][1][safepoint    ] Leaving safepoint region
[2022-06-13T03:20:29.281+0000][1][safepoint    ] Total time for which application threads were stopped: 0.0009636 seconds, Stopping threads took: 0.0004554 seconds
[2022-06-13T03:20:30.281+0000][1][safepoint    ] Application time: 1.0001436 seconds
[2022-06-13T03:20:30.282+0000][1][safepoint    ] Entering safepoint region: Cleanup
[2022-06-13T03:20:30.282+0000][1][safepoint    ] Leaving safepoint region
[2022-06-13T03:20:30.282+0000][1][safepoint    ] Total time for which application threads were stopped: 0.0005240 seconds, Stopping threads took: 0.0002570 seconds
[2022-06-13T03:20:31.283+0000][1][safepoint    ] Application time: 1.0002252 seconds
[2022-06-13T03:20:31.283+0000][1][safepoint    ] Entering safepoint region: Cleanup
[2022-06-13T03:20:31.284+0000][1][safepoint    ] Leaving safepoint region
[2022-06-13T03:20:31.284+0000][1][safepoint    ] Total time for which application threads were stopped: 0.0009984 seconds, Stopping threads took: 0.0004049 seconds
[2022-06-13T03:20:32.285+0000][1][safepoint    ] Application time: 1.0001256 seconds
[2022-06-13T03:20:32.285+0000][1][safepoint    ] Entering safepoint region: Cleanup
[2022-06-13T03:20:32.285+0000][1][safepoint    ] Leaving safepoint region
[2022-06-13T03:20:32.285+0000][1][safepoint    ] Total time for which application threads were stopped: 0.0003904 seconds, Stopping threads took: 0.0001806 seconds
[2022-06-13T03:20:33.286+0000][1][safepoint    ] Application time: 1.0001970 seconds
[2022-06-13T03:20:33.286+0000][1][safepoint    ] Entering safepoint region: Cleanup
[2022-06-13T03:20:33.287+0000][1][safepoint    ] Leaving safepoint region
[2022-06-13T03:20:33.287+0000][1][safepoint    ] Total time for which application threads were stopped: 0.0008267 seconds, Stopping threads took: 0.0003805 seconds
[2022-06-13T03:20:34.288+0000][1][safepoint    ] Application time: 1.0002422 seconds
[2022-06-13T03:20:34.288+0000][1][safepoint    ] Entering safepoint region: Cleanup
[2022-06-13T03:20:34.289+0000][1][safepoint    ] Leaving safepoint region
[2022-06-13T03:20:34.289+0000][1][safepoint    ] Total time for which application threads were stopped: 0.0007466 seconds, Stopping threads took: 0.0004099 seconds
[2022-06-13T03:20:35.290+0000][1][safepoint    ] Application time: 1.0003685 seconds
[2022-06-13T03:20:35.290+0000][1][safepoint    ] Entering safepoint region: Cleanup
[2022-06-13T03:20:35.291+0000][1][safepoint    ] Leaving safepoint region
[2022-06-13T03:20:35.291+0000][1][safepoint    ] Total time for which application threads were stopped: 0.0009082 seconds, Stopping threads took: 0.0004629 seconds
[2022-06-13T03:20:36.292+0000][1][safepoint    ] Application time: 1.0001353 seconds
[2022-06-13T03:20:36.293+0000][1][safepoint    ] Entering safepoint region: Cleanup
[2022-06-13T03:20:36.293+0000][1][safepoint    ] Leaving safepoint region
[2022-06-13T03:20:36.293+0000][1][safepoint    ] Total time for which application threads were stopped: 0.0007904 seconds, Stopping threads took: 0.0004110 seconds
[2022-06-13T03:20:37.294+0000][1][safepoint    ] Application time: 1.0002898 seconds
[2022-06-13T03:20:37.295+0000][1][safepoint    ] Entering safepoint region: Cleanup
[2022-06-13T03:20:37.295+0000][1][safepoint    ] Leaving safepoint region
[2022-06-13T03:20:37.295+0000][1][safepoint    ] Total time for which application threads were stopped: 0.0007014 seconds, Stopping threads took: 0.0003057 seconds
[2022-06-13T03:20:38.296+0000][1][safepoint    ] Application time: 1.0001190 seconds
[2022-06-13T03:20:38.296+0000][1][safepoint    ] Entering safepoint region: Cleanup
[2022-06-13T03:20:38.297+0000][1][safepoint    ] Leaving safepoint region
[2022-06-13T03:20:38.297+0000][1][safepoint    ] Total time for which application threads were stopped: 0.0009331 seconds, Stopping threads took: 0.0005492 seconds
[2022-06-13T03:20:39.298+0000][1][safepoint    ] Application time: 1.0002032 seconds
[2022-06-13T03:20:39.298+0000][1][safepoint    ] Entering safepoint region: Cleanup
[2022-06-13T03:20:39.299+0000][1][safepoint    ] Leaving safepoint region
[2022-06-13T03:20:39.299+0000][1][safepoint    ] Total time for which application threads were stopped: 0.0007234 seconds, Stopping threads took: 0.0003314 seconds
[2022-06-13T03:20:40.299+0000][1][safepoint    ] Application time: 1.0001174 seconds
[2022-06-13T03:20:40.300+0000][1][safepoint    ] Entering safepoint region: Cleanup
[2022-06-13T03:20:40.300+0000][1][safepoint    ] Leaving safepoint region
[2022-06-13T03:20:40.301+0000][1][safepoint    ] Total time for which application threads were stopped: 0.0009494 seconds, Stopping threads took: 0.0004532 seconds
[2022-06-13T03:20:41.302+0000][1][safepoint    ] Application time: 1.0002058 seconds
[2022-06-13T03:20:41.302+0000][1][safepoint    ] Entering safepoint region: Cleanup
[2022-06-13T03:20:41.302+0000][1][safepoint    ] Leaving safepoint region
[2022-06-13T03:20:41.303+0000][1][safepoint    ] Total time for which application threads were stopped: 0.0007286 seconds, Stopping threads took: 0.0003145 seconds
[2022-06-13T03:20:42.303+0000][1][safepoint    ] Application time: 1.0003438 seconds
[2022-06-13T03:20:42.304+0000][1][safepoint    ] Entering safepoint region: Cleanup
[2022-06-13T03:20:42.305+0000][1][safepoint    ] Leaving safepoint region
[2022-06-13T03:20:42.305+0000][1][safepoint    ] Total time for which application threads were stopped: 0.0010067 seconds, Stopping threads took: 0.0004423 seconds
[2022-06-13T03:20:43.306+0000][1][safepoint    ] Application time: 1.0002568 seconds
[2022-06-13T03:20:43.307+0000][1][safepoint    ] Entering safepoint region: Cleanup
[2022-06-13T03:20:43.307+0000][1][safepoint    ] Leaving safepoint region
[2022-06-13T03:20:43.308+0000][1][safepoint    ] Total time for which application threads were stopped: 0.0013437 seconds, Stopping threads took: 0.0006360 seconds
[2022-06-13T03:20:44.309+0000][1][safepoint    ] Application time: 1.0003134 seconds
[2022-06-13T03:20:44.309+0000][1][safepoint    ] Entering safepoint region: Cleanup
[2022-06-13T03:20:44.310+0000][1][safepoint    ] Leaving safepoint region
[2022-06-13T03:20:44.310+0000][1][safepoint    ] Total time for which application threads were stopped: 0.0010198 seconds, Stopping threads took: 0.0004697 seconds
[2022-06-13T03:20:45.311+0000][1][safepoint    ] Application time: 1.0001690 seconds
[2022-06-13T03:20:45.312+0000][1][safepoint    ] Entering safepoint region: Cleanup
[2022-06-13T03:20:45.312+0000][1][safepoint    ] Leaving safepoint region
[2022-06-13T03:20:45.312+0000][1][safepoint    ] Total time for which application threads were stopped: 0.0005311 seconds, Stopping threads took: 0.0002329 seconds
[2022-06-13T03:20:46.313+0000][1][safepoint    ] Application time: 1.0002267 seconds
[2022-06-13T03:20:46.314+0000][1][safepoint    ] Entering safepoint region: Cleanup
[2022-06-13T03:20:46.314+0000][1][safepoint    ] Leaving safepoint region
[2022-06-13T03:20:46.315+0000][1][safepoint    ] Total time for which application threads were stopped: 0.0014141 seconds, Stopping threads took: 0.0006571 seconds
[2022-06-13T03:20:47.316+0000][1][safepoint    ] Application time: 1.0001618 seconds
[2022-06-13T03:20:47.316+0000][1][safepoint    ] Entering safepoint region: Cleanup
[2022-06-13T03:20:47.317+0000][1][safepoint    ] Leaving safepoint region
[2022-06-13T03:20:47.317+0000][1][safepoint    ] Total time for which application threads were stopped: 0.0006595 seconds, Stopping threads took: 0.0003723 seconds
[2022-06-13T03:20:48.317+0000][1][safepoint    ] Application time: 1.0001304 seconds
[2022-06-13T03:20:48.318+0000][1][safepoint    ] Entering safepoint region: Cleanup
[2022-06-13T03:20:48.318+0000][1][safepoint    ] Leaving safepoint region
[2022-06-13T03:20:48.318+0000][1][safepoint    ] Total time for which application threads were stopped: 0.0006311 seconds, Stopping threads took: 0.0003351 seconds
[2022-06-13T03:20:49.319+0000][1][safepoint    ] Application time: 1.0003711 seconds
[2022-06-13T03:20:49.320+0000][1][safepoint    ] Entering safepoint region: Cleanup
[2022-06-13T03:20:49.320+0000][1][safepoint    ] Leaving safepoint region
[2022-06-13T03:20:49.321+0000][1][safepoint    ] Total time for which application threads were stopped: 0.0013739 seconds, Stopping threads took: 0.0006375 seconds
[2022-06-13T03:20:50.322+0000][1][safepoint    ] Application time: 1.0001699 seconds
[2022-06-13T03:20:50.322+0000][1][safepoint    ] Entering safepoint region: Cleanup
[2022-06-13T03:20:50.323+0000][1][safepoint    ] Leaving safepoint region
[2022-06-13T03:20:50.323+0000][1][safepoint    ] Total time for which application threads were stopped: 0.0009547 seconds, Stopping threads took: 0.0004250 seconds
[2022-06-13T03:20:51.324+0000][1][safepoint    ] Application time: 1.0002104 seconds
[2022-06-13T03:20:51.325+0000][1][safepoint    ] Entering safepoint region: Cleanup
[2022-06-13T03:20:51.325+0000][1][safepoint    ] Leaving safepoint region
[2022-06-13T03:20:51.326+0000][1][safepoint    ] Total time for which application threads were stopped: 0.0009010 seconds, Stopping threads took: 0.0004667 seconds
[2022-06-13T03:20:52.326+0000][1][safepoint    ] Application time: 1.0002821 seconds
[2022-06-13T03:20:52.327+0000][1][safepoint    ] Entering safepoint region: Cleanup
[2022-06-13T03:20:52.327+0000][1][safepoint    ] Leaving safepoint region
[2022-06-13T03:20:52.328+0000][1][safepoint    ] Total time for which application threads were stopped: 0.0011479 seconds, Stopping threads took: 0.0004585 seconds
[2022-06-13T03:20:52.920+0000][1][safepoint    ] Application time: 0.5912230 seconds
[2022-06-13T03:20:52.920+0000][1][safepoint    ] Entering safepoint region: GenCollectForAllocation
[2022-06-13T03:20:52.921+0000][1][gc,start     ] GC(23) Pause Young (Allocation Failure)
[2022-06-13T03:20:52.921+0000][1][gc,task      ] GC(23) Using 5 workers of 13 for evacuation
[2022-06-13T03:20:52.926+0000][1][gc,age       ] GC(23) Desired survivor size 4456448 bytes, new threshold 6 (max threshold 6)
[2022-06-13T03:20:52.926+0000][1][gc,age       ] GC(23) Age table with threshold 6 (max threshold 6)
[2022-06-13T03:20:52.926+0000][1][gc,age       ] GC(23) - age   1:     825936 bytes,     825936 total
[2022-06-13T03:20:52.927+0000][1][gc,age       ] GC(23) - age   2:    1208504 bytes,    2034440 total
[2022-06-13T03:20:52.927+0000][1][gc,heap      ] GC(23) ParNew: 77722K->5029K(78656K)
[2022-06-13T03:20:52.927+0000][1][gc,heap      ] GC(23) CMS: 63985K->68001K(174784K)
[2022-06-13T03:20:52.927+0000][1][gc,metaspace ] GC(23) Metaspace: 67485K->67485K(1112064K)
[2022-06-13T03:20:52.928+0000][1][gc           ] GC(23) Pause Young (Allocation Failure) 138M->71M(247M) 7.069ms
[2022-06-13T03:20:52.928+0000][1][gc,cpu       ] GC(23) User=0.02s Sys=0.00s Real=0.00s
[2022-06-13T03:20:52.928+0000][1][safepoint    ] Leaving safepoint region
[2022-06-13T03:20:52.928+0000][1][safepoint    ] Total time for which application threads were stopped: 0.0082035 seconds, Stopping threads took: 0.0002811 seconds
[2022-06-13T03:20:53.929+0000][1][safepoint    ] Application time: 1.0002792 seconds
[2022-06-13T03:20:53.929+0000][1][safepoint    ] Entering safepoint region: Cleanup
[2022-06-13T03:20:53.930+0000][1][safepoint    ] Leaving safepoint region
[2022-06-13T03:20:53.930+0000][1][safepoint    ] Total time for which application threads were stopped: 0.0005900 seconds, Stopping threads took: 0.0002587 seconds
[2022-06-13T03:20:54.931+0000][1][safepoint    ] Application time: 1.0002147 seconds
[2022-06-13T03:20:54.931+0000][1][safepoint    ] Entering safepoint region: Cleanup
[2022-06-13T03:20:54.931+0000][1][safepoint    ] Leaving safepoint region
[2022-06-13T03:20:54.932+0000][1][safepoint    ] Total time for which application threads were stopped: 0.0006180 seconds, Stopping threads took: 0.0002902 seconds
[2022-06-13T03:20:55.932+0000][1][safepoint    ] Application time: 1.0003977 seconds
[2022-06-13T03:20:55.933+0000][1][safepoint    ] Entering safepoint region: Cleanup
[2022-06-13T03:20:55.933+0000][1][safepoint    ] Leaving safepoint region
[2022-06-13T03:20:55.934+0000][1][safepoint    ] Total time for which application threads were stopped: 0.0010320 seconds, Stopping threads took: 0.0004962 seconds
[2022-06-13T03:20:56.935+0000][1][safepoint    ] Application time: 1.0001662 seconds
[2022-06-13T03:20:56.935+0000][1][safepoint    ] Entering safepoint region: Cleanup
[2022-06-13T03:20:56.935+0000][1][safepoint    ] Leaving safepoint region
[2022-06-13T03:20:56.936+0000][1][safepoint    ] Total time for which application threads were stopped: 0.0008527 seconds, Stopping threads took: 0.0003473 seconds
[2022-06-13T03:20:57.937+0000][1][safepoint    ] Application time: 1.0002875 seconds
[2022-06-13T03:20:57.937+0000][1][safepoint    ] Entering safepoint region: Cleanup
[2022-06-13T03:20:57.938+0000][1][safepoint    ] Leaving safepoint region
[2022-06-13T03:20:57.938+0000][1][safepoint    ] Total time for which application threads were stopped: 0.0007441 seconds, Stopping threads took: 0.0003818 seconds
[2022-06-13T03:20:58.939+0000][1][safepoint    ] Application time: 1.0001241 seconds
[2022-06-13T03:20:58.939+0000][1][safepoint    ] Entering safepoint region: Cleanup
[2022-06-13T03:20:58.939+0000][1][safepoint    ] Leaving safepoint region
[2022-06-13T03:20:58.940+0000][1][safepoint    ] Total time for which application threads were stopped: 0.0008227 seconds, Stopping threads took: 0.0003877 seconds
[2022-06-13T03:20:59.940+0000][1][safepoint    ] Application time: 1.0001799 seconds
[2022-06-13T03:20:59.941+0000][1][safepoint    ] Entering safepoint region: Cleanup
[2022-06-13T03:20:59.941+0000][1][safepoint    ] Leaving safepoint region
[2022-06-13T03:20:59.942+0000][1][safepoint    ] Total time for which application threads were stopped: 0.0006028 seconds, Stopping threads took: 0.0002858 seconds
[2022-06-13T03:21:00.942+0000][1][safepoint    ] Application time: 1.0002777 seconds
[2022-06-13T03:21:00.943+0000][1][safepoint    ] Entering safepoint region: Cleanup
[2022-06-13T03:21:00.943+0000][1][safepoint    ] Leaving safepoint region
[2022-06-13T03:21:00.944+0000][1][safepoint    ] Total time for which application threads were stopped: 0.0009789 seconds, Stopping threads took: 0.0004474 seconds
[2022-06-13T03:21:01.944+0000][1][safepoint    ] Application time: 1.0003120 seconds
[2022-06-13T03:21:01.945+0000][1][safepoint    ] Entering safepoint region: Cleanup
[2022-06-13T03:21:01.945+0000][1][safepoint    ] Leaving safepoint region
[2022-06-13T03:21:01.946+0000][1][safepoint    ] Total time for which application threads were stopped: 0.0008839 seconds, Stopping threads took: 0.0004092 seconds
[2022-06-13T03:21:02.947+0000][1][safepoint    ] Application time: 1.0002608 seconds
[2022-06-13T03:21:02.947+0000][1][safepoint    ] Entering safepoint region: Cleanup
[2022-06-13T03:21:02.948+0000][1][safepoint    ] Leaving safepoint region
[2022-06-13T03:21:02.948+0000][1][safepoint    ] Total time for which application threads were stopped: 0.0010040 seconds, Stopping threads took: 0.0004503 seconds
[2022-06-13T03:21:03.949+0000][1][safepoint    ] Application time: 1.0001498 seconds
[2022-06-13T03:21:03.949+0000][1][safepoint    ] Entering safepoint region: Cleanup
[2022-06-13T03:21:03.950+0000][1][safepoint    ] Leaving safepoint region
[2022-06-13T03:21:03.950+0000][1][safepoint    ] Total time for which application threads were stopped: 0.0007522 seconds, Stopping threads took: 0.0003233 seconds
[2022-06-13T03:21:04.950+0000][1][safepoint    ] Application time: 1.0001719 seconds
[2022-06-13T03:21:04.951+0000][1][safepoint    ] Entering safepoint region: Cleanup
[2022-06-13T03:21:04.951+0000][1][safepoint    ] Leaving safepoint region
[2022-06-13T03:21:04.952+0000][1][safepoint    ] Total time for which application threads were stopped: 0.0006675 seconds, Stopping threads took: 0.0003139 seconds
[2022-06-13T03:21:05.952+0000][1][safepoint    ] Application time: 1.0002437 seconds
[2022-06-13T03:21:05.953+0000][1][safepoint    ] Entering safepoint region: Cleanup
[2022-06-13T03:21:05.954+0000][1][safepoint    ] Leaving safepoint region
[2022-06-13T03:21:05.954+0000][1][safepoint    ] Total time for which application threads were stopped: 0.0011977 seconds, Stopping threads took: 0.0005637 seconds
[2022-06-13T03:21:06.955+0000][1][safepoint    ] Application time: 1.0002327 seconds
[2022-06-13T03:21:06.956+0000][1][safepoint    ] Entering safepoint region: Cleanup
[2022-06-13T03:21:06.956+0000][1][safepoint    ] Leaving safepoint region
[2022-06-13T03:21:06.956+0000][1][safepoint    ] Total time for which application threads were stopped: 0.0008458 seconds, Stopping threads took: 0.0003759 seconds
[2022-06-13T03:21:07.957+0000][1][safepoint    ] Application time: 1.0002167 seconds
[2022-06-13T03:21:07.958+0000][1][safepoint    ] Entering safepoint region: Cleanup
[2022-06-13T03:21:07.958+0000][1][safepoint    ] Leaving safepoint region
[2022-06-13T03:21:07.959+0000][1][safepoint    ] Total time for which application threads were stopped: 0.0013697 seconds, Stopping threads took: 0.0006640 seconds
[2022-06-13T03:21:08.960+0000][1][safepoint    ] Application time: 1.0001290 seconds
[2022-06-13T03:21:08.960+0000][1][safepoint    ] Entering safepoint region: Cleanup
[2022-06-13T03:21:08.961+0000][1][safepoint    ] Leaving safepoint region
[2022-06-13T03:21:08.961+0000][1][safepoint    ] Total time for which application threads were stopped: 0.0006886 seconds, Stopping threads took: 0.0003555 seconds
[2022-06-13T03:21:09.961+0000][1][safepoint    ] Application time: 1.0001338 seconds
[2022-06-13T03:21:09.962+0000][1][safepoint    ] Entering safepoint region: Cleanup
[2022-06-13T03:21:09.962+0000][1][safepoint    ] Leaving safepoint region
[2022-06-13T03:21:09.963+0000][1][safepoint    ] Total time for which application threads were stopped: 0.0006356 seconds, Stopping threads took: 0.0003563 seconds
[2022-06-13T03:21:10.963+0000][1][safepoint    ] Application time: 1.0001798 seconds
[2022-06-13T03:21:10.963+0000][1][safepoint    ] Entering safepoint region: Cleanup
[2022-06-13T03:21:10.964+0000][1][safepoint    ] Leaving safepoint region
[2022-06-13T03:21:10.964+0000][1][safepoint    ] Total time for which application threads were stopped: 0.0006629 seconds, Stopping threads took: 0.0003264 seconds
[2022-06-13T03:21:12.100+0000][1][safepoint    ] Application time: 1.1351430 seconds
[2022-06-13T03:21:12.100+0000][1][safepoint    ] Entering safepoint region: Cleanup
[2022-06-13T03:21:12.101+0000][1][safepoint    ] Leaving safepoint region
[2022-06-13T03:21:12.101+0000][1][safepoint    ] Total time for which application threads were stopped: 0.0011593 seconds, Stopping threads took: 0.0005383 seconds
[2022-06-13T03:21:13.102+0000][1][safepoint    ] Application time: 1.0003215 seconds
[2022-06-13T03:21:13.103+0000][1][safepoint    ] Entering safepoint region: Cleanup
[2022-06-13T03:21:13.103+0000][1][safepoint    ] Leaving safepoint region
[2022-06-13T03:21:13.104+0000][1][safepoint    ] Total time for which application threads were stopped: 0.0008680 seconds, Stopping threads took: 0.0004159 seconds
[2022-06-13T03:21:14.104+0000][1][safepoint    ] Application time: 1.0002600 seconds
[2022-06-13T03:21:14.105+0000][1][safepoint    ] Entering safepoint region: Cleanup
[2022-06-13T03:21:14.106+0000][1][safepoint    ] Leaving safepoint region
[2022-06-13T03:21:14.106+0000][1][safepoint    ] Total time for which application threads were stopped: 0.0010502 seconds, Stopping threads took: 0.0005062 seconds
[2022-06-13T03:21:15.107+0000][1][safepoint    ] Application time: 1.0002504 seconds
[2022-06-13T03:21:15.107+0000][1][safepoint    ] Entering safepoint region: Cleanup
[2022-06-13T03:21:15.108+0000][1][safepoint    ] Leaving safepoint region
[2022-06-13T03:21:15.109+0000][1][safepoint    ] Total time for which application threads were stopped: 0.0012157 seconds, Stopping threads took: 0.0006393 seconds
[2022-06-13T03:21:16.109+0000][1][safepoint    ] Application time: 1.0002376 seconds
[2022-06-13T03:21:16.110+0000][1][safepoint    ] Entering safepoint region: Cleanup
[2022-06-13T03:21:16.111+0000][1][safepoint    ] Leaving safepoint region
[2022-06-13T03:21:16.111+0000][1][safepoint    ] Total time for which application threads were stopped: 0.0012023 seconds, Stopping threads took: 0.0005572 seconds
[2022-06-13T03:21:17.112+0000][1][safepoint    ] Application time: 1.0002185 seconds
[2022-06-13T03:21:17.113+0000][1][safepoint    ] Entering safepoint region: Cleanup
[2022-06-13T03:21:17.113+0000][1][safepoint    ] Leaving safepoint region
[2022-06-13T03:21:17.113+0000][1][safepoint    ] Total time for which application threads were stopped: 0.0008590 seconds, Stopping threads took: 0.0004196 seconds
[2022-06-13T03:21:18.114+0000][1][safepoint    ] Application time: 1.0003148 seconds
[2022-06-13T03:21:18.115+0000][1][safepoint    ] Entering safepoint region: Cleanup
[2022-06-13T03:21:18.115+0000][1][safepoint    ] Leaving safepoint region
[2022-06-13T03:21:18.115+0000][1][safepoint    ] Total time for which application threads were stopped: 0.0007703 seconds, Stopping threads took: 0.0003849 seconds
[2022-06-13T03:21:19.116+0000][1][safepoint    ] Application time: 1.0003055 seconds
[2022-06-13T03:21:19.117+0000][1][safepoint    ] Entering safepoint region: Cleanup
[2022-06-13T03:21:19.117+0000][1][safepoint    ] Leaving safepoint region
[2022-06-13T03:21:19.118+0000][1][safepoint    ] Total time for which application threads were stopped: 0.0011142 seconds, Stopping threads took: 0.0006020 seconds
[2022-06-13T03:21:19.894+0000][1][safepoint    ] Application time: 0.7757197 seconds
[2022-06-13T03:21:19.894+0000][1][safepoint    ] Entering safepoint region: RevokeBias
[2022-06-13T03:21:19.895+0000][1][safepoint    ] Leaving safepoint region
[2022-06-13T03:21:19.895+0000][1][safepoint    ] Total time for which application threads were stopped: 0.0005218 seconds, Stopping threads took: 0.0001780 seconds
[2022-06-13T03:21:19.895+0000][1][safepoint    ] Application time: 0.0001132 seconds
[2022-06-13T03:21:19.896+0000][1][safepoint    ] Entering safepoint region: RevokeBias
[2022-06-13T03:21:19.896+0000][1][safepoint    ] Leaving safepoint region
[2022-06-13T03:21:19.896+0000][1][safepoint    ] Total time for which application threads were stopped: 0.0005376 seconds, Stopping threads took: 0.0001805 seconds
[2022-06-13T03:21:19.898+0000][1][safepoint    ] Application time: 0.0012787 seconds
[2022-06-13T03:21:19.898+0000][1][safepoint    ] Entering safepoint region: RevokeBias
[2022-06-13T03:21:19.899+0000][1][safepoint    ] Leaving safepoint region
[2022-06-13T03:21:19.899+0000][1][safepoint    ] Total time for which application threads were stopped: 0.0009535 seconds, Stopping threads took: 0.0002447 seconds
[2022-06-13T03:21:19.899+0000][1][safepoint    ] Application time: 0.0001669 seconds
[2022-06-13T03:21:19.900+0000][1][safepoint    ] Entering safepoint region: RevokeBias
[2022-06-13T03:21:19.900+0000][1][safepoint    ] Leaving safepoint region
[2022-06-13T03:21:19.900+0000][1][safepoint    ] Total time for which application threads were stopped: 0.0005103 seconds, Stopping threads took: 0.0002442 seconds
[2022-06-13T03:21:19.900+0000][1][safepoint    ] Application time: 0.0002122 seconds
[2022-06-13T03:21:19.901+0000][1][safepoint    ] Entering safepoint region: RevokeBias
[2022-06-13T03:21:19.901+0000][1][safepoint    ] Leaving safepoint region
[2022-06-13T03:21:19.901+0000][1][safepoint    ] Total time for which application threads were stopped: 0.0004866 seconds, Stopping threads took: 0.0002303 seconds
[2022-06-13T03:21:19.903+0000][1][safepoint    ] Application time: 0.0014000 seconds
[2022-06-13T03:21:19.903+0000][1][safepoint    ] Entering safepoint region: RevokeBias
[2022-06-13T03:21:19.903+0000][1][safepoint    ] Leaving safepoint region
[2022-06-13T03:21:19.904+0000][1][safepoint    ] Total time for which application threads were stopped: 0.0004377 seconds, Stopping threads took: 0.0001624 seconds
[2022-06-13T03:21:19.904+0000][1][safepoint    ] Application time: 0.0002325 seconds
[2022-06-13T03:21:19.904+0000][1][safepoint    ] Entering safepoint region: RevokeBias
[2022-06-13T03:21:19.905+0000][1][safepoint    ] Leaving safepoint region
[2022-06-13T03:21:19.905+0000][1][safepoint    ] Total time for which application threads were stopped: 0.0005163 seconds, Stopping threads took: 0.0002524 seconds
[2022-06-13T03:21:19.906+0000][1][safepoint    ] Application time: 0.0010441 seconds
[2022-06-13T03:21:19.907+0000][1][safepoint    ] Entering safepoint region: RevokeBias
[2022-06-13T03:21:19.907+0000][1][safepoint    ] Leaving safepoint region
[2022-06-13T03:21:19.908+0000][1][safepoint    ] Total time for which application threads were stopped: 0.0012140 seconds, Stopping threads took: 0.0009454 seconds
[2022-06-13T03:21:19.908+0000][1][safepoint    ] Application time: 0.0005172 seconds
[2022-06-13T03:21:19.909+0000][1][safepoint    ] Entering safepoint region: RevokeBias
[2022-06-13T03:21:19.909+0000][1][safepoint    ] Leaving safepoint region
[2022-06-13T03:21:19.909+0000][1][safepoint    ] Total time for which application threads were stopped: 0.0006826 seconds, Stopping threads took: 0.0004453 seconds
[2022-06-13T03:21:19.910+0000][1][safepoint    ] Application time: 0.0005814 seconds
[2022-06-13T03:21:19.910+0000][1][safepoint    ] Entering safepoint region: RevokeBias
[2022-06-13T03:21:19.911+0000][1][safepoint    ] Leaving safepoint region
[2022-06-13T03:21:19.911+0000][1][safepoint    ] Total time for which application threads were stopped: 0.0005794 seconds, Stopping threads took: 0.0003392 seconds
[2022-06-13T03:21:19.911+0000][1][safepoint    ] Application time: 0.0001923 seconds
[2022-06-13T03:21:19.911+0000][1][safepoint    ] Entering safepoint region: RevokeBias
[2022-06-13T03:21:19.912+0000][1][safepoint    ] Leaving safepoint region
[2022-06-13T03:21:19.912+0000][1][safepoint    ] Total time for which application threads were stopped: 0.0005474 seconds, Stopping threads took: 0.0002300 seconds
[2022-06-13T03:21:19.914+0000][1][safepoint    ] Application time: 0.0017037 seconds
[2022-06-13T03:21:19.915+0000][1][safepoint    ] Entering safepoint region: RevokeBias
[2022-06-13T03:21:19.916+0000][1][safepoint    ] Leaving safepoint region
[2022-06-13T03:21:19.916+0000][1][safepoint    ] Total time for which application threads were stopped: 0.0021407 seconds, Stopping threads took: 0.0011117 seconds
[2022-06-13T03:21:19.918+0000][1][safepoint    ] Application time: 0.0015057 seconds
[2022-06-13T03:21:19.918+0000][1][safepoint    ] Entering safepoint region: RevokeBias
[2022-06-13T03:21:19.919+0000][1][safepoint    ] Leaving safepoint region
[2022-06-13T03:21:19.919+0000][1][safepoint    ] Total time for which application threads were stopped: 0.0006709 seconds, Stopping threads took: 0.0002589 seconds
[2022-06-13T03:21:19.920+0000][1][safepoint    ] Application time: 0.0007178 seconds
[2022-06-13T03:21:19.920+0000][1][safepoint    ] Entering safepoint region: RevokeBias
[2022-06-13T03:21:19.921+0000][1][safepoint    ] Leaving safepoint region
[2022-06-13T03:21:19.921+0000][1][safepoint    ] Total time for which application threads were stopped: 0.0004759 seconds, Stopping threads took: 0.0001980 seconds
[2022-06-13T03:21:19.921+0000][1][safepoint    ] Application time: 0.0002958 seconds
[2022-06-13T03:21:19.922+0000][1][safepoint    ] Entering safepoint region: RevokeBias
[2022-06-13T03:21:19.922+0000][1][safepoint    ] Leaving safepoint region
[2022-06-13T03:21:19.922+0000][1][safepoint    ] Total time for which application threads were stopped: 0.0008405 seconds, Stopping threads took: 0.0006453 seconds
[2022-06-13T03:21:19.923+0000][1][safepoint    ] Application time: 0.0005674 seconds
[2022-06-13T03:21:19.923+0000][1][safepoint    ] Entering safepoint region: RevokeBias
[2022-06-13T03:21:19.924+0000][1][safepoint    ] Leaving safepoint region
[2022-06-13T03:21:19.924+0000][1][safepoint    ] Total time for which application threads were stopped: 0.0004899 seconds, Stopping threads took: 0.0001595 seconds
[2022-06-13T03:21:19.924+0000][1][safepoint    ] Application time: 0.0000667 seconds
[2022-06-13T03:21:19.924+0000][1][safepoint    ] Entering safepoint region: RevokeBias
[2022-06-13T03:21:19.924+0000][1][safepoint    ] Leaving safepoint region
[2022-06-13T03:21:19.924+0000][1][safepoint    ] Total time for which application threads were stopped: 0.0002791 seconds, Stopping threads took: 0.0001225 seconds
[2022-06-13T03:21:19.925+0000][1][safepoint    ] Application time: 0.0001491 seconds
[2022-06-13T03:21:19.925+0000][1][safepoint    ] Entering safepoint region: RevokeBias
[2022-06-13T03:21:19.926+0000][1][safepoint    ] Leaving safepoint region
[2022-06-13T03:21:19.926+0000][1][safepoint    ] Total time for which application threads were stopped: 0.0009423 seconds, Stopping threads took: 0.0007056 seconds
[2022-06-13T03:21:19.927+0000][1][safepoint    ] Application time: 0.0003812 seconds
[2022-06-13T03:21:19.927+0000][1][safepoint    ] Entering safepoint region: RevokeBias
[2022-06-13T03:21:19.927+0000][1][safepoint    ] Leaving safepoint region
[2022-06-13T03:21:19.928+0000][1][safepoint    ] Total time for which application threads were stopped: 0.0012470 seconds, Stopping threads took: 0.0004502 seconds
[2022-06-13T03:21:19.928+0000][1][safepoint    ] Application time: 0.0001119 seconds
[2022-06-13T03:21:19.929+0000][1][safepoint    ] Entering safepoint region: RevokeBias
[2022-06-13T03:21:19.929+0000][1][safepoint    ] Leaving safepoint region
[2022-06-13T03:21:19.929+0000][1][safepoint    ] Total time for which application threads were stopped: 0.0005381 seconds, Stopping threads took: 0.0002929 seconds
[2022-06-13T03:21:19.930+0000][1][safepoint    ] Application time: 0.0002979 seconds
[2022-06-13T03:21:19.930+0000][1][safepoint    ] Entering safepoint region: RevokeBias
[2022-06-13T03:21:19.930+0000][1][safepoint    ] Leaving safepoint region
[2022-06-13T03:21:19.930+0000][1][safepoint    ] Total time for which application threads were stopped: 0.0004527 seconds, Stopping threads took: 0.0002388 seconds
[2022-06-13T03:21:19.931+0000][1][safepoint    ] Application time: 0.0001397 seconds
[2022-06-13T03:21:19.931+0000][1][safepoint    ] Entering safepoint region: RevokeBias
[2022-06-13T03:21:19.931+0000][1][safepoint    ] Leaving safepoint region
[2022-06-13T03:21:19.931+0000][1][safepoint    ] Total time for which application threads were stopped: 0.0004038 seconds, Stopping threads took: 0.0001842 seconds
[2022-06-13T03:21:19.932+0000][1][safepoint    ] Application time: 0.0001002 seconds
[2022-06-13T03:21:19.932+0000][1][safepoint    ] Entering safepoint region: RevokeBias
[2022-06-13T03:21:19.932+0000][1][safepoint    ] Leaving safepoint region
[2022-06-13T03:21:19.932+0000][1][safepoint    ] Total time for which application threads were stopped: 0.0005458 seconds, Stopping threads took: 0.0002220 seconds
[2022-06-13T03:21:19.933+0000][1][safepoint    ] Application time: 0.0001072 seconds
[2022-06-13T03:21:19.933+0000][1][safepoint    ] Entering safepoint region: RevokeBias
[2022-06-13T03:21:19.934+0000][1][safepoint    ] Leaving safepoint region
[2022-06-13T03:21:19.934+0000][1][safepoint    ] Total time for which application threads were stopped: 0.0004177 seconds, Stopping threads took: 0.0002469 seconds
[2022-06-13T03:21:19.934+0000][1][safepoint    ] Application time: 0.0002043 seconds
[2022-06-13T03:21:19.935+0000][1][safepoint    ] Entering safepoint region: RevokeBias
[2022-06-13T03:21:19.935+0000][1][safepoint    ] Leaving safepoint region
[2022-06-13T03:21:19.936+0000][1][safepoint    ] Total time for which application threads were stopped: 0.0010284 seconds, Stopping threads took: 0.0004145 seconds
[2022-06-13T03:21:19.936+0000][1][safepoint    ] Application time: 0.0000958 seconds
[2022-06-13T03:21:19.936+0000][1][safepoint    ] Entering safepoint region: RevokeBias
[2022-06-13T03:21:19.937+0000][1][safepoint    ] Leaving safepoint region
[2022-06-13T03:21:19.937+0000][1][safepoint    ] Total time for which application threads were stopped: 0.0008151 seconds, Stopping threads took: 0.0003214 seconds
[2022-06-13T03:21:19.938+0000][1][safepoint    ] Application time: 0.0001200 seconds
[2022-06-13T03:21:19.938+0000][1][safepoint    ] Entering safepoint region: RevokeBias
[2022-06-13T03:21:19.939+0000][1][safepoint    ] Leaving safepoint region
[2022-06-13T03:21:19.939+0000][1][safepoint    ] Total time for which application threads were stopped: 0.0008933 seconds, Stopping threads took: 0.0005949 seconds
[2022-06-13T03:21:19.940+0000][1][safepoint    ] Application time: 0.0010385 seconds
[2022-06-13T03:21:19.940+0000][1][safepoint    ] Entering safepoint region: RevokeBias
[2022-06-13T03:21:19.941+0000][1][safepoint    ] Leaving safepoint region
[2022-06-13T03:21:19.941+0000][1][safepoint    ] Total time for which application threads were stopped: 0.0006389 seconds, Stopping threads took: 0.0002789 seconds
[2022-06-13T03:21:19.943+0000][1][safepoint    ] Application time: 0.0014065 seconds
[2022-06-13T03:21:19.943+0000][1][safepoint    ] Entering safepoint region: RevokeBias
[2022-06-13T03:21:19.944+0000][1][safepoint    ] Leaving safepoint region
[2022-06-13T03:21:19.944+0000][1][safepoint    ] Total time for which application threads were stopped: 0.0004822 seconds, Stopping threads took: 0.0002419 seconds
[2022-06-13T03:21:19.945+0000][1][safepoint    ] Application time: 0.0005172 seconds
[2022-06-13T03:21:19.945+0000][1][safepoint    ] Entering safepoint region: RevokeBias
[2022-06-13T03:21:19.945+0000][1][safepoint    ] Leaving safepoint region
[2022-06-13T03:21:19.946+0000][1][safepoint    ] Total time for which application threads were stopped: 0.0006849 seconds, Stopping threads took: 0.0003773 seconds
[2022-06-13T03:21:19.946+0000][1][safepoint    ] Application time: 0.0000936 seconds
[2022-06-13T03:21:19.946+0000][1][safepoint    ] Entering safepoint region: RevokeBias
[2022-06-13T03:21:19.946+0000][1][safepoint    ] Leaving safepoint region
[2022-06-13T03:21:19.947+0000][1][safepoint    ] Total time for which application threads were stopped: 0.0004059 seconds, Stopping threads took: 0.0001989 seconds
[2022-06-13T03:21:19.947+0000][1][safepoint    ] Application time: 0.0001201 seconds
[2022-06-13T03:21:19.947+0000][1][safepoint    ] Entering safepoint region: RevokeBias
[2022-06-13T03:21:19.948+0000][1][safepoint    ] Leaving safepoint region
[2022-06-13T03:21:19.948+0000][1][safepoint    ] Total time for which application threads were stopped: 0.0005229 seconds, Stopping threads took: 0.0003153 seconds
[2022-06-13T03:21:19.948+0000][1][safepoint    ] Application time: 0.0001995 seconds
[2022-06-13T03:21:19.948+0000][1][safepoint    ] Entering safepoint region: RevokeBias
[2022-06-13T03:21:19.949+0000][1][safepoint    ] Leaving safepoint region
[2022-06-13T03:21:19.949+0000][1][safepoint    ] Total time for which application threads were stopped: 0.0006621 seconds, Stopping threads took: 0.0002774 seconds
[2022-06-13T03:21:19.950+0000][1][safepoint    ] Application time: 0.0002540 seconds
[2022-06-13T03:21:19.950+0000][1][safepoint    ] Entering safepoint region: RevokeBias
[2022-06-13T03:21:19.950+0000][1][safepoint    ] Leaving safepoint region
[2022-06-13T03:21:19.951+0000][1][safepoint    ] Total time for which application threads were stopped: 0.0005330 seconds, Stopping threads took: 0.0002110 seconds
[2022-06-13T03:21:19.951+0000][1][safepoint    ] Application time: 0.0001242 seconds
[2022-06-13T03:21:19.952+0000][1][safepoint    ] Entering safepoint region: RevokeBias
[2022-06-13T03:21:19.952+0000][1][safepoint    ] Leaving safepoint region
[2022-06-13T03:21:19.953+0000][1][safepoint    ] Total time for which application threads were stopped: 0.0010511 seconds, Stopping threads took: 0.0006714 seconds
[2022-06-13T03:21:19.955+0000][1][safepoint    ] Application time: 0.0021240 seconds
[2022-06-13T03:21:19.955+0000][1][safepoint    ] Entering safepoint region: RevokeBias
[2022-06-13T03:21:19.955+0000][1][safepoint    ] Leaving safepoint region
[2022-06-13T03:21:19.956+0000][1][safepoint    ] Total time for which application threads were stopped: 0.0005204 seconds, Stopping threads took: 0.0002109 seconds
[2022-06-13T03:21:19.957+0000][1][safepoint    ] Application time: 0.0011282 seconds
[2022-06-13T03:21:19.957+0000][1][safepoint    ] Entering safepoint region: RevokeBias
[2022-06-13T03:21:19.958+0000][1][safepoint    ] Leaving safepoint region
[2022-06-13T03:21:19.958+0000][1][safepoint    ] Total time for which application threads were stopped: 0.0006517 seconds, Stopping threads took: 0.0002532 seconds
[2022-06-13T03:21:19.959+0000][1][safepoint    ] Application time: 0.0002990 seconds
[2022-06-13T03:21:19.959+0000][1][safepoint    ] Entering safepoint region: RevokeBias
[2022-06-13T03:21:19.959+0000][1][safepoint    ] Leaving safepoint region
[2022-06-13T03:21:19.960+0000][1][safepoint    ] Total time for which application threads were stopped: 0.0007791 seconds, Stopping threads took: 0.0002724 seconds
[2022-06-13T03:21:19.960+0000][1][safepoint    ] Application time: 0.0003578 seconds
[2022-06-13T03:21:19.961+0000][1][safepoint    ] Entering safepoint region: RevokeBias
[2022-06-13T03:21:19.961+0000][1][safepoint    ] Leaving safepoint region
[2022-06-13T03:21:19.961+0000][1][safepoint    ] Total time for which application threads were stopped: 0.0008347 seconds, Stopping threads took: 0.0003396 seconds
[2022-06-13T03:21:19.962+0000][1][safepoint    ] Application time: 0.0003013 seconds
[2022-06-13T03:21:19.962+0000][1][safepoint    ] Entering safepoint region: RevokeBias
[2022-06-13T03:21:19.963+0000][1][safepoint    ] Leaving safepoint region
[2022-06-13T03:21:19.963+0000][1][safepoint    ] Total time for which application threads were stopped: 0.0007964 seconds, Stopping threads took: 0.0004527 seconds
[2022-06-13T03:21:19.964+0000][1][safepoint    ] Application time: 0.0002146 seconds
[2022-06-13T03:21:19.964+0000][1][safepoint    ] Entering safepoint region: RevokeBias
[2022-06-13T03:21:19.964+0000][1][safepoint    ] Leaving safepoint region
[2022-06-13T03:21:19.964+0000][1][safepoint    ] Total time for which application threads were stopped: 0.0003609 seconds, Stopping threads took: 0.0001379 seconds
[2022-06-13T03:21:19.965+0000][1][safepoint    ] Application time: 0.0002085 seconds
[2022-06-13T03:21:19.965+0000][1][safepoint    ] Entering safepoint region: BulkRevokeBias
[2022-06-13T03:21:19.965+0000][1][safepoint    ] Leaving safepoint region
[2022-06-13T03:21:19.965+0000][1][safepoint    ] Total time for which application threads were stopped: 0.0004244 seconds, Stopping threads took: 0.0001304 seconds
[2022-06-13T03:21:19.966+0000][1][safepoint    ] Application time: 0.0004065 seconds
[2022-06-13T03:21:19.966+0000][1][safepoint    ] Entering safepoint region: RevokeBias
[2022-06-13T03:21:19.966+0000][1][safepoint    ] Leaving safepoint region
[2022-06-13T03:21:19.966+0000][1][safepoint    ] Total time for which application threads were stopped: 0.0002989 seconds, Stopping threads took: 0.0001431 seconds
[2022-06-13T03:21:19.967+0000][1][safepoint    ] Application time: 0.0003436 seconds
[2022-06-13T03:21:19.967+0000][1][safepoint    ] Entering safepoint region: RevokeBias
[2022-06-13T03:21:19.967+0000][1][safepoint    ] Leaving safepoint region
[2022-06-13T03:21:19.967+0000][1][safepoint    ] Total time for which application threads were stopped: 0.0005107 seconds, Stopping threads took: 0.0002901 seconds
[2022-06-13T03:21:19.968+0000][1][safepoint    ] Application time: 0.0005140 seconds
[2022-06-13T03:21:19.968+0000][1][safepoint    ] Entering safepoint region: RevokeBias
[2022-06-13T03:21:19.969+0000][1][safepoint    ] Leaving safepoint region
[2022-06-13T03:21:19.969+0000][1][safepoint    ] Total time for which application threads were stopped: 0.0003153 seconds, Stopping threads took: 0.0001391 seconds
[2022-06-13T03:21:19.969+0000][1][safepoint    ] Application time: 0.0004156 seconds
[2022-06-13T03:21:19.969+0000][1][safepoint    ] Entering safepoint region: RevokeBias
[2022-06-13T03:21:19.970+0000][1][safepoint    ] Leaving safepoint region
[2022-06-13T03:21:19.970+0000][1][safepoint    ] Total time for which application threads were stopped: 0.0003024 seconds, Stopping threads took: 0.0001346 seconds
[2022-06-13T03:21:19.970+0000][1][safepoint    ] Application time: 0.0004284 seconds
[2022-06-13T03:21:19.970+0000][1][safepoint    ] Entering safepoint region: RevokeBias
[2022-06-13T03:21:19.970+0000][1][safepoint    ] Leaving safepoint region
[2022-06-13T03:21:19.971+0000][1][safepoint    ] Total time for which application threads were stopped: 0.0002531 seconds, Stopping threads took: 0.0001081 seconds
[2022-06-13T03:21:19.971+0000][1][safepoint    ] Application time: 0.0003871 seconds
[2022-06-13T03:21:19.971+0000][1][safepoint    ] Entering safepoint region: BulkRevokeBias
[2022-06-13T03:21:19.971+0000][1][safepoint    ] Leaving safepoint region
[2022-06-13T03:21:19.972+0000][1][safepoint    ] Total time for which application threads were stopped: 0.0003608 seconds, Stopping threads took: 0.0001165 seconds
[2022-06-13T03:21:19.974+0000][1][safepoint    ] Application time: 0.0027572 seconds
[2022-06-13T03:21:19.975+0000][1][safepoint    ] Entering safepoint region: RevokeBias
[2022-06-13T03:21:19.975+0000][1][safepoint    ] Leaving safepoint region
[2022-06-13T03:21:19.975+0000][1][safepoint    ] Total time for which application threads were stopped: 0.0003244 seconds, Stopping threads took: 0.0001427 seconds
[2022-06-13T03:21:19.981+0000][1][safepoint    ] Application time: 0.0057501 seconds
[2022-06-13T03:21:19.981+0000][1][safepoint    ] Entering safepoint region: RevokeBias
[2022-06-13T03:21:19.981+0000][1][safepoint    ] Leaving safepoint region
[2022-06-13T03:21:19.982+0000][1][safepoint    ] Total time for which application threads were stopped: 0.0003743 seconds, Stopping threads took: 0.0001657 seconds
[2022-06-13T03:21:19.982+0000][1][safepoint    ] Application time: 0.0000964 seconds
[2022-06-13T03:21:19.982+0000][1][safepoint    ] Entering safepoint region: RevokeBias
[2022-06-13T03:21:19.982+0000][1][safepoint    ] Leaving safepoint region
[2022-06-13T03:21:19.982+0000][1][safepoint    ] Total time for which application threads were stopped: 0.0002819 seconds, Stopping threads took: 0.0001278 seconds
[2022-06-13T03:21:19.983+0000][1][safepoint    ] Application time: 0.0005770 seconds
[2022-06-13T03:21:19.983+0000][1][safepoint    ] Entering safepoint region: RevokeBias
[2022-06-13T03:21:19.983+0000][1][safepoint    ] Leaving safepoint region
[2022-06-13T03:21:19.983+0000][1][safepoint    ] Total time for which application threads were stopped: 0.0002926 seconds, Stopping threads took: 0.0001499 seconds
[2022-06-13T03:21:19.984+0000][1][safepoint    ] Application time: 0.0008501 seconds
[2022-06-13T03:21:19.985+0000][1][safepoint    ] Entering safepoint region: RevokeBias
[2022-06-13T03:21:19.985+0000][1][safepoint    ] Leaving safepoint region
[2022-06-13T03:21:19.985+0000][1][safepoint    ] Total time for which application threads were stopped: 0.0003638 seconds, Stopping threads took: 0.0002015 seconds
[2022-06-13T03:21:19.986+0000][1][safepoint    ] Application time: 0.0004680 seconds
[2022-06-13T03:21:19.986+0000][1][safepoint    ] Entering safepoint region: RevokeBias
[2022-06-13T03:21:19.986+0000][1][safepoint    ] Leaving safepoint region
[2022-06-13T03:21:19.986+0000][1][safepoint    ] Total time for which application threads were stopped: 0.0002783 seconds, Stopping threads took: 0.0001355 seconds
[2022-06-13T03:21:19.987+0000][1][safepoint    ] Application time: 0.0003030 seconds
[2022-06-13T03:21:19.987+0000][1][safepoint    ] Entering safepoint region: RevokeBias
[2022-06-13T03:21:19.987+0000][1][safepoint    ] Leaving safepoint region
[2022-06-13T03:21:19.987+0000][1][safepoint    ] Total time for which application threads were stopped: 0.0003068 seconds, Stopping threads took: 0.0001405 seconds
[2022-06-13T03:21:19.988+0000][1][safepoint    ] Application time: 0.0009998 seconds
[2022-06-13T03:21:19.988+0000][1][safepoint    ] Entering safepoint region: RevokeBias
[2022-06-13T03:21:19.989+0000][1][safepoint    ] Leaving safepoint region
[2022-06-13T03:21:19.989+0000][1][safepoint    ] Total time for which application threads were stopped: 0.0004024 seconds, Stopping threads took: 0.0002403 seconds
[2022-06-13T03:21:19.989+0000][1][safepoint    ] Application time: 0.0001576 seconds
[2022-06-13T03:21:19.989+0000][1][safepoint    ] Entering safepoint region: RevokeBias
[2022-06-13T03:21:19.989+0000][1][safepoint    ] Leaving safepoint region
[2022-06-13T03:21:19.989+0000][1][safepoint    ] Total time for which application threads were stopped: 0.0003164 seconds, Stopping threads took: 0.0001482 seconds
[2022-06-13T03:21:19.992+0000][1][safepoint    ] Application time: 0.0019143 seconds
[2022-06-13T03:21:19.992+0000][1][safepoint    ] Entering safepoint region: RevokeBias
[2022-06-13T03:21:19.992+0000][1][safepoint    ] Leaving safepoint region
[2022-06-13T03:21:19.992+0000][1][safepoint    ] Total time for which application threads were stopped: 0.0003985 seconds, Stopping threads took: 0.0001491 seconds
[2022-06-13T03:21:19.993+0000][1][safepoint    ] Application time: 0.0003634 seconds
[2022-06-13T03:21:19.993+0000][1][safepoint    ] Entering safepoint region: RevokeBias
[2022-06-13T03:21:19.993+0000][1][safepoint    ] Leaving safepoint region
[2022-06-13T03:21:19.993+0000][1][safepoint    ] Total time for which application threads were stopped: 0.0004103 seconds, Stopping threads took: 0.0001645 seconds
[2022-06-13T03:21:19.996+0000][1][gc,heap,exit ] Heap
[2022-06-13T03:21:19.996+0000][1][gc,heap,exit ]  par new generation   total 78656K, used 28399K [0x00000000f0000000, 0x00000000f5550000, 0x00000000f5550000)
[2022-06-13T03:21:19.997+0000][1][gc,heap,exit ]   eden space 69952K,  33% used [0x00000000f0000000, 0x00000000f16d26b8, 0x00000000f4450000)
[2022-06-13T03:21:19.997+0000][1][gc,heap,exit ]   from space 8704K,  57% used [0x00000000f4450000, 0x00000000f4939788, 0x00000000f4cd0000)
[2022-06-13T03:21:19.997+0000][1][gc,heap,exit ]   to   space 8704K,   0% used [0x00000000f4cd0000, 0x00000000f4cd0000, 0x00000000f5550000)
[2022-06-13T03:21:19.997+0000][1][gc,heap,exit ]  concurrent mark-sweep generation total 174784K, used 68001K [0x00000000f5550000, 0x0000000100000000, 0x0000000100000000)
[2022-06-13T03:21:19.997+0000][1][gc,heap,exit ]  Metaspace       used 67637K, capacity 72717K, committed 72900K, reserved 1112064K
[2022-06-13T03:21:19.997+0000][1][gc,heap,exit ]   class space    used 9160K, capacity 11307K, committed 11428K, reserved 1048576K
[2022-06-13T03:21:19.997+0000][1][safepoint    ] Application time: 0.0036626 seconds
[2022-06-13T03:21:19.997+0000][1][safepoint    ] Entering safepoint region: Exit
