[2022-06-13T03:03:47.599+0000][1][gc] Using Concurrent Mark Sweep
[2022-06-13T03:03:47.600+0000][1][gc,heap,coops] Heap address: 0x00000000f0000000, size: 256 MB, Compressed Oops mode: 32-bit
[2022-06-13T03:03:47.627+0000][1][safepoint    ] Entering safepoint region: EnableBiasedLocking
[2022-06-13T03:03:47.628+0000][1][safepoint    ] Leaving safepoint region
[2022-06-13T03:03:47.628+0000][1][safepoint    ] Total time for which application threads were stopped: 0.0007342 seconds, Stopping threads took: 0.0004546 seconds
[2022-06-13T03:03:47.631+0000][1][safepoint    ] Application time: 0.0020492 seconds
[2022-06-13T03:03:47.631+0000][1][safepoint    ] Entering safepoint region: RevokeBias
[2022-06-13T03:03:47.670+0000][1][safepoint    ] Leaving safepoint region
[2022-06-13T03:03:47.671+0000][1][safepoint    ] Total time for which application threads were stopped: 0.0395611 seconds, Stopping threads took: 0.0390797 seconds
[2022-06-13T03:03:47.678+0000][1][safepoint    ] Application time: 0.0070026 seconds
[2022-06-13T03:03:47.678+0000][1][safepoint    ] Entering safepoint region: Deoptimize
[2022-06-13T03:03:47.679+0000][1][safepoint    ] Leaving safepoint region
[2022-06-13T03:03:47.679+0000][1][safepoint    ] Total time for which application threads were stopped: 0.0005156 seconds, Stopping threads took: 0.0002454 seconds
[2022-06-13T03:03:47.733+0000][1][safepoint    ] Application time: 0.0533109 seconds
[2022-06-13T03:03:47.733+0000][1][safepoint    ] Entering safepoint region: RevokeBias
[2022-06-13T03:03:47.733+0000][1][safepoint    ] Leaving safepoint region
[2022-06-13T03:03:47.734+0000][1][safepoint    ] Total time for which application threads were stopped: 0.0007267 seconds, Stopping threads took: 0.0003386 seconds
[2022-06-13T03:03:47.749+0000][1][safepoint    ] Application time: 0.0151460 seconds
[2022-06-13T03:03:47.750+0000][1][safepoint    ] Entering safepoint region: Deoptimize
[2022-06-13T03:03:47.750+0000][1][safepoint    ] Leaving safepoint region
[2022-06-13T03:03:47.750+0000][1][safepoint    ] Total time for which application threads were stopped: 0.0008126 seconds, Stopping threads took: 0.0003917 seconds
[2022-06-13T03:03:47.916+0000][1][safepoint    ] Application time: 0.1651318 seconds
[2022-06-13T03:03:47.916+0000][1][safepoint    ] Entering safepoint region: Deoptimize
[2022-06-13T03:03:47.917+0000][1][safepoint    ] Leaving safepoint region
[2022-06-13T03:03:47.917+0000][1][safepoint    ] Total time for which application threads were stopped: 0.0008838 seconds, Stopping threads took: 0.0004335 seconds
[2022-06-13T03:03:47.928+0000][1][safepoint    ] Application time: 0.0105912 seconds
[2022-06-13T03:03:47.928+0000][1][safepoint    ] Entering safepoint region: Deoptimize
[2022-06-13T03:03:47.929+0000][1][safepoint    ] Leaving safepoint region
[2022-06-13T03:03:47.929+0000][1][safepoint    ] Total time for which application threads were stopped: 0.0006686 seconds, Stopping threads took: 0.0002608 seconds
[2022-06-13T03:03:47.954+0000][1][safepoint    ] Application time: 0.0253169 seconds
[2022-06-13T03:03:47.955+0000][1][safepoint    ] Entering safepoint region: Deoptimize
[2022-06-13T03:03:47.955+0000][1][safepoint    ] Leaving safepoint region
[2022-06-13T03:03:47.955+0000][1][safepoint    ] Total time for which application threads were stopped: 0.0006632 seconds, Stopping threads took: 0.0002730 seconds
[2022-06-13T03:03:47.962+0000][1][safepoint    ] Application time: 0.0065286 seconds
[2022-06-13T03:03:47.962+0000][1][safepoint    ] Entering safepoint region: Deoptimize
[2022-06-13T03:03:47.963+0000][1][safepoint    ] Leaving safepoint region
[2022-06-13T03:03:47.963+0000][1][safepoint    ] Total time for which application threads were stopped: 0.0006314 seconds, Stopping threads took: 0.0002190 seconds
[2022-06-13T03:03:48.197+0000][1][safepoint    ] Application time: 0.2338477 seconds
[2022-06-13T03:03:48.198+0000][1][safepoint    ] Entering safepoint region: Deoptimize
[2022-06-13T03:03:48.198+0000][1][safepoint    ] Leaving safepoint region
[2022-06-13T03:03:48.199+0000][1][safepoint    ] Total time for which application threads were stopped: 0.0011032 seconds, Stopping threads took: 0.0004744 seconds
[2022-06-13T03:03:48.340+0000][1][safepoint    ] Application time: 0.1408578 seconds
[2022-06-13T03:03:48.341+0000][1][safepoint    ] Entering safepoint region: RevokeBias
[2022-06-13T03:03:48.341+0000][1][safepoint    ] Leaving safepoint region
[2022-06-13T03:03:48.341+0000][1][safepoint    ] Total time for which application threads were stopped: 0.0006336 seconds, Stopping threads took: 0.0002642 seconds
[2022-06-13T03:03:48.396+0000][1][safepoint    ] Application time: 0.0548253 seconds
[2022-06-13T03:03:48.397+0000][1][safepoint    ] Entering safepoint region: Deoptimize
[2022-06-13T03:03:48.397+0000][1][safepoint    ] Leaving safepoint region
[2022-06-13T03:03:48.398+0000][1][safepoint    ] Total time for which application threads were stopped: 0.0008366 seconds, Stopping threads took: 0.0003584 seconds
[2022-06-13T03:03:48.456+0000][1][safepoint    ] Application time: 0.0584516 seconds
[2022-06-13T03:03:48.457+0000][1][safepoint    ] Entering safepoint region: Deoptimize
[2022-06-13T03:03:48.457+0000][1][safepoint    ] Leaving safepoint region
[2022-06-13T03:03:48.458+0000][1][safepoint    ] Total time for which application threads were stopped: 0.0008465 seconds, Stopping threads took: 0.0002848 seconds
[2022-06-13T03:03:48.458+0000][1][safepoint    ] Application time: 0.0002503 seconds
[2022-06-13T03:03:48.458+0000][1][safepoint    ] Entering safepoint region: Deoptimize
[2022-06-13T03:03:48.459+0000][1][safepoint    ] Leaving safepoint region
[2022-06-13T03:03:48.459+0000][1][safepoint    ] Total time for which application threads were stopped: 0.0007567 seconds, Stopping threads took: 0.0003368 seconds
[2022-06-13T03:03:48.477+0000][1][safepoint    ] Application time: 0.0171862 seconds
[2022-06-13T03:03:48.477+0000][1][safepoint    ] Entering safepoint region: Deoptimize
[2022-06-13T03:03:48.478+0000][1][safepoint    ] Leaving safepoint region
[2022-06-13T03:03:48.478+0000][1][safepoint    ] Total time for which application threads were stopped: 0.0006457 seconds, Stopping threads took: 0.0002418 seconds
[2022-06-13T03:03:48.482+0000][1][safepoint    ] Application time: 0.0040603 seconds
[2022-06-13T03:03:48.482+0000][1][safepoint    ] Entering safepoint region: RevokeBias
[2022-06-13T03:03:48.483+0000][1][safepoint    ] Leaving safepoint region
[2022-06-13T03:03:48.483+0000][1][safepoint    ] Total time for which application threads were stopped: 0.0004648 seconds, Stopping threads took: 0.0002480 seconds
[2022-06-13T03:03:48.483+0000][1][safepoint    ] Application time: 0.0000790 seconds
[2022-06-13T03:03:48.483+0000][1][safepoint    ] Entering safepoint region: RevokeBias
[2022-06-13T03:03:48.483+0000][1][safepoint    ] Leaving safepoint region
[2022-06-13T03:03:48.484+0000][1][safepoint    ] Total time for which application threads were stopped: 0.0004850 seconds, Stopping threads took: 0.0002105 seconds
[2022-06-13T03:03:48.484+0000][1][safepoint    ] Application time: 0.0002466 seconds
[2022-06-13T03:03:48.485+0000][1][safepoint    ] Entering safepoint region: RevokeBias
[2022-06-13T03:03:48.485+0000][1][safepoint    ] Leaving safepoint region
[2022-06-13T03:03:48.485+0000][1][safepoint    ] Total time for which application threads were stopped: 0.0003871 seconds, Stopping threads took: 0.0001745 seconds
[2022-06-13T03:03:48.485+0000][1][safepoint    ] Application time: 0.0001503 seconds
[2022-06-13T03:03:48.486+0000][1][safepoint    ] Entering safepoint region: RevokeBias
[2022-06-13T03:03:48.486+0000][1][safepoint    ] Leaving safepoint region
[2022-06-13T03:03:48.486+0000][1][safepoint    ] Total time for which application threads were stopped: 0.0004677 seconds, Stopping threads took: 0.0002802 seconds
[2022-06-13T03:03:48.547+0000][1][safepoint    ] Application time: 0.0609367 seconds
[2022-06-13T03:03:48.547+0000][1][safepoint    ] Entering safepoint region: GenCollectForAllocation
[2022-06-13T03:03:48.548+0000][1][gc,start     ] GC(0) Pause Young (Allocation Failure)
[2022-06-13T03:03:48.549+0000][1][gc,task      ] GC(0) Using 5 workers of 13 for evacuation
[2022-06-13T03:03:48.553+0000][1][gc,age       ] GC(0) Desired survivor size 4456448 bytes, new threshold 1 (max threshold 6)
[2022-06-13T03:03:48.553+0000][1][gc,age       ] GC(0) Age table with threshold 1 (max threshold 6)
[2022-06-13T03:03:48.554+0000][1][gc,age       ] GC(0) - age   1:    6415448 bytes,    6415448 total
[2022-06-13T03:03:48.554+0000][1][gc,heap      ] GC(0) ParNew: 69952K->6343K(78656K)
[2022-06-13T03:03:48.555+0000][1][gc,heap      ] GC(0) CMS: 0K->0K(174784K)
[2022-06-13T03:03:48.555+0000][1][gc,metaspace ] GC(0) Metaspace: 12479K->12479K(1060864K)
[2022-06-13T03:03:48.556+0000][1][gc           ] GC(0) Pause Young (Allocation Failure) 68M->6M(247M) 7.825ms
[2022-06-13T03:03:48.556+0000][1][gc,cpu       ] GC(0) User=0.02s Sys=0.00s Real=0.01s
[2022-06-13T03:03:48.557+0000][1][safepoint    ] Leaving safepoint region
[2022-06-13T03:03:48.557+0000][1][safepoint    ] Total time for which application threads were stopped: 0.0097028 seconds, Stopping threads took: 0.0003629 seconds
[2022-06-13T03:03:48.558+0000][1][safepoint    ] Application time: 0.0005142 seconds
[2022-06-13T03:03:48.559+0000][1][safepoint    ] Entering safepoint region: RevokeBias
[2022-06-13T03:03:48.559+0000][1][safepoint    ] Leaving safepoint region
[2022-06-13T03:03:48.559+0000][1][safepoint    ] Total time for which application threads were stopped: 0.0008578 seconds, Stopping threads took: 0.0004026 seconds
[2022-06-13T03:03:48.560+0000][1][safepoint    ] Application time: 0.0002416 seconds
[2022-06-13T03:03:48.560+0000][1][safepoint    ] Entering safepoint region: RevokeBias
[2022-06-13T03:03:48.561+0000][1][safepoint    ] Leaving safepoint region
[2022-06-13T03:03:48.561+0000][1][safepoint    ] Total time for which application threads were stopped: 0.0004912 seconds, Stopping threads took: 0.0002978 seconds
[2022-06-13T03:03:48.561+0000][1][safepoint    ] Application time: 0.0002028 seconds
[2022-06-13T03:03:48.562+0000][1][safepoint    ] Entering safepoint region: RevokeBias
[2022-06-13T03:03:48.562+0000][1][safepoint    ] Leaving safepoint region
[2022-06-13T03:03:48.562+0000][1][safepoint    ] Total time for which application threads were stopped: 0.0003719 seconds, Stopping threads took: 0.0001188 seconds
[2022-06-13T03:03:48.562+0000][1][safepoint    ] Application time: 0.0001644 seconds
[2022-06-13T03:03:48.563+0000][1][safepoint    ] Entering safepoint region: RevokeBias
[2022-06-13T03:03:48.563+0000][1][safepoint    ] Leaving safepoint region
[2022-06-13T03:03:48.563+0000][1][safepoint    ] Total time for which application threads were stopped: 0.0005195 seconds, Stopping threads took: 0.0003143 seconds
[2022-06-13T03:03:48.563+0000][1][safepoint    ] Application time: 0.0000912 seconds
[2022-06-13T03:03:48.564+0000][1][safepoint    ] Entering safepoint region: RevokeBias
[2022-06-13T03:03:48.564+0000][1][safepoint    ] Leaving safepoint region
[2022-06-13T03:03:48.564+0000][1][safepoint    ] Total time for which application threads were stopped: 0.0004027 seconds, Stopping threads took: 0.0002254 seconds
[2022-06-13T03:03:48.564+0000][1][safepoint    ] Application time: 0.0000771 seconds
[2022-06-13T03:03:48.564+0000][1][safepoint    ] Entering safepoint region: RevokeBias
[2022-06-13T03:03:48.564+0000][1][safepoint    ] Leaving safepoint region
[2022-06-13T03:03:48.565+0000][1][safepoint    ] Total time for which application threads were stopped: 0.0002937 seconds, Stopping threads took: 0.0001383 seconds
[2022-06-13T03:03:48.565+0000][1][safepoint    ] Application time: 0.0001948 seconds
[2022-06-13T03:03:48.565+0000][1][safepoint    ] Entering safepoint region: RevokeBias
[2022-06-13T03:03:48.565+0000][1][safepoint    ] Leaving safepoint region
[2022-06-13T03:03:48.565+0000][1][safepoint    ] Total time for which application threads were stopped: 0.0003419 seconds, Stopping threads took: 0.0002425 seconds
[2022-06-13T03:03:48.565+0000][1][safepoint    ] Application time: 0.0000575 seconds
[2022-06-13T03:03:48.566+0000][1][safepoint    ] Entering safepoint region: RevokeBias
[2022-06-13T03:03:48.566+0000][1][safepoint    ] Leaving safepoint region
[2022-06-13T03:03:48.566+0000][1][safepoint    ] Total time for which application threads were stopped: 0.0001830 seconds, Stopping threads took: 0.0000935 seconds
[2022-06-13T03:03:48.566+0000][1][safepoint    ] Application time: 0.0000681 seconds
[2022-06-13T03:03:48.566+0000][1][safepoint    ] Entering safepoint region: RevokeBias
[2022-06-13T03:03:48.566+0000][1][safepoint    ] Leaving safepoint region
[2022-06-13T03:03:48.566+0000][1][safepoint    ] Total time for which application threads were stopped: 0.0001701 seconds, Stopping threads took: 0.0000790 seconds
[2022-06-13T03:03:48.566+0000][1][safepoint    ] Application time: 0.0000516 seconds
[2022-06-13T03:03:48.566+0000][1][safepoint    ] Entering safepoint region: RevokeBias
[2022-06-13T03:03:48.567+0000][1][safepoint    ] Leaving safepoint region
[2022-06-13T03:03:48.567+0000][1][safepoint    ] Total time for which application threads were stopped: 0.0002099 seconds, Stopping threads took: 0.0001202 seconds
[2022-06-13T03:03:48.567+0000][1][safepoint    ] Application time: 0.0000944 seconds
[2022-06-13T03:03:48.568+0000][1][safepoint    ] Entering safepoint region: RevokeBias
[2022-06-13T03:03:48.568+0000][1][safepoint    ] Leaving safepoint region
[2022-06-13T03:03:48.568+0000][1][safepoint    ] Total time for which application threads were stopped: 0.0008636 seconds, Stopping threads took: 0.0004697 seconds
[2022-06-13T03:03:48.569+0000][1][safepoint    ] Application time: 0.0001079 seconds
[2022-06-13T03:03:48.569+0000][1][safepoint    ] Entering safepoint region: RevokeBias
[2022-06-13T03:03:48.569+0000][1][safepoint    ] Leaving safepoint region
[2022-06-13T03:03:48.570+0000][1][safepoint    ] Total time for which application threads were stopped: 0.0006420 seconds, Stopping threads took: 0.0003494 seconds
[2022-06-13T03:03:48.570+0000][1][safepoint    ] Application time: 0.0000685 seconds
[2022-06-13T03:03:48.570+0000][1][safepoint    ] Entering safepoint region: RevokeBias
[2022-06-13T03:03:48.570+0000][1][safepoint    ] Leaving safepoint region
[2022-06-13T03:03:48.571+0000][1][safepoint    ] Total time for which application threads were stopped: 0.0003843 seconds, Stopping threads took: 0.0001931 seconds
[2022-06-13T03:03:48.571+0000][1][safepoint    ] Application time: 0.0000727 seconds
[2022-06-13T03:03:48.571+0000][1][safepoint    ] Entering safepoint region: RevokeBias
[2022-06-13T03:03:48.571+0000][1][safepoint    ] Leaving safepoint region
[2022-06-13T03:03:48.571+0000][1][safepoint    ] Total time for which application threads were stopped: 0.0004973 seconds, Stopping threads took: 0.0003410 seconds
[2022-06-13T03:03:48.572+0000][1][safepoint    ] Application time: 0.0000747 seconds
[2022-06-13T03:03:48.572+0000][1][safepoint    ] Entering safepoint region: RevokeBias
[2022-06-13T03:03:48.572+0000][1][safepoint    ] Leaving safepoint region
[2022-06-13T03:03:48.572+0000][1][safepoint    ] Total time for which application threads were stopped: 0.0003614 seconds, Stopping threads took: 0.0001852 seconds
[2022-06-13T03:03:48.572+0000][1][safepoint    ] Application time: 0.0000791 seconds
[2022-06-13T03:03:48.572+0000][1][safepoint    ] Entering safepoint region: RevokeBias
[2022-06-13T03:03:48.573+0000][1][safepoint    ] Leaving safepoint region
[2022-06-13T03:03:48.573+0000][1][safepoint    ] Total time for which application threads were stopped: 0.0002923 seconds, Stopping threads took: 0.0001388 seconds
[2022-06-13T03:03:48.573+0000][1][safepoint    ] Application time: 0.0001396 seconds
[2022-06-13T03:03:48.573+0000][1][safepoint    ] Entering safepoint region: RevokeBias
[2022-06-13T03:03:48.573+0000][1][safepoint    ] Leaving safepoint region
[2022-06-13T03:03:48.573+0000][1][safepoint    ] Total time for which application threads were stopped: 0.0002608 seconds, Stopping threads took: 0.0000680 seconds
[2022-06-13T03:03:48.573+0000][1][safepoint    ] Application time: 0.0000531 seconds
[2022-06-13T03:03:48.574+0000][1][safepoint    ] Entering safepoint region: RevokeBias
[2022-06-13T03:03:48.574+0000][1][safepoint    ] Leaving safepoint region
[2022-06-13T03:03:48.574+0000][1][safepoint    ] Total time for which application threads were stopped: 0.0003908 seconds, Stopping threads took: 0.0002386 seconds
[2022-06-13T03:03:48.574+0000][1][safepoint    ] Application time: 0.0001115 seconds
[2022-06-13T03:03:48.574+0000][1][safepoint    ] Entering safepoint region: RevokeBias
[2022-06-13T03:03:48.575+0000][1][safepoint    ] Leaving safepoint region
[2022-06-13T03:03:48.575+0000][1][safepoint    ] Total time for which application threads were stopped: 0.0004276 seconds, Stopping threads took: 0.0001901 seconds
[2022-06-13T03:03:48.575+0000][1][safepoint    ] Application time: 0.0000768 seconds
[2022-06-13T03:03:48.575+0000][1][safepoint    ] Entering safepoint region: RevokeBias
[2022-06-13T03:03:48.575+0000][1][safepoint    ] Leaving safepoint region
[2022-06-13T03:03:48.576+0000][1][safepoint    ] Total time for which application threads were stopped: 0.0002059 seconds, Stopping threads took: 0.0001251 seconds
[2022-06-13T03:03:48.576+0000][1][safepoint    ] Application time: 0.0001467 seconds
[2022-06-13T03:03:48.576+0000][1][safepoint    ] Entering safepoint region: RevokeBias
[2022-06-13T03:03:48.576+0000][1][safepoint    ] Leaving safepoint region
[2022-06-13T03:03:48.576+0000][1][safepoint    ] Total time for which application threads were stopped: 0.0002796 seconds, Stopping threads took: 0.0001598 seconds
[2022-06-13T03:03:48.576+0000][1][safepoint    ] Application time: 0.0000734 seconds
[2022-06-13T03:03:48.576+0000][1][safepoint    ] Entering safepoint region: RevokeBias
[2022-06-13T03:03:48.577+0000][1][safepoint    ] Leaving safepoint region
[2022-06-13T03:03:48.577+0000][1][safepoint    ] Total time for which application threads were stopped: 0.0001985 seconds, Stopping threads took: 0.0000983 seconds
[2022-06-13T03:03:48.577+0000][1][safepoint    ] Application time: 0.0001203 seconds
[2022-06-13T03:03:48.577+0000][1][safepoint    ] Entering safepoint region: RevokeBias
[2022-06-13T03:03:48.577+0000][1][safepoint    ] Leaving safepoint region
[2022-06-13T03:03:48.577+0000][1][safepoint    ] Total time for which application threads were stopped: 0.0001750 seconds, Stopping threads took: 0.0000865 seconds
[2022-06-13T03:03:48.577+0000][1][safepoint    ] Application time: 0.0000902 seconds
[2022-06-13T03:03:48.577+0000][1][safepoint    ] Entering safepoint region: RevokeBias
[2022-06-13T03:03:48.577+0000][1][safepoint    ] Leaving safepoint region
[2022-06-13T03:03:48.577+0000][1][safepoint    ] Total time for which application threads were stopped: 0.0001773 seconds, Stopping threads took: 0.0000957 seconds
[2022-06-13T03:03:48.578+0000][1][safepoint    ] Application time: 0.0000806 seconds
[2022-06-13T03:03:48.578+0000][1][safepoint    ] Entering safepoint region: RevokeBias
[2022-06-13T03:03:48.578+0000][1][safepoint    ] Leaving safepoint region
[2022-06-13T03:03:48.578+0000][1][safepoint    ] Total time for which application threads were stopped: 0.0002042 seconds, Stopping threads took: 0.0001130 seconds
[2022-06-13T03:03:48.578+0000][1][safepoint    ] Application time: 0.0000662 seconds
[2022-06-13T03:03:48.578+0000][1][safepoint    ] Entering safepoint region: RevokeBias
[2022-06-13T03:03:48.578+0000][1][safepoint    ] Leaving safepoint region
[2022-06-13T03:03:48.578+0000][1][safepoint    ] Total time for which application threads were stopped: 0.0001883 seconds, Stopping threads took: 0.0000971 seconds
[2022-06-13T03:03:48.578+0000][1][safepoint    ] Application time: 0.0000659 seconds
[2022-06-13T03:03:48.579+0000][1][safepoint    ] Entering safepoint region: RevokeBias
[2022-06-13T03:03:48.579+0000][1][safepoint    ] Leaving safepoint region
[2022-06-13T03:03:48.579+0000][1][safepoint    ] Total time for which application threads were stopped: 0.0002315 seconds, Stopping threads took: 0.0001447 seconds
[2022-06-13T03:03:48.579+0000][1][safepoint    ] Application time: 0.0000571 seconds
[2022-06-13T03:03:48.579+0000][1][safepoint    ] Entering safepoint region: RevokeBias
[2022-06-13T03:03:48.579+0000][1][safepoint    ] Leaving safepoint region
[2022-06-13T03:03:48.579+0000][1][safepoint    ] Total time for which application threads were stopped: 0.0002247 seconds, Stopping threads took: 0.0001041 seconds
[2022-06-13T03:03:48.686+0000][1][safepoint    ] Application time: 0.1070885 seconds
[2022-06-13T03:03:48.687+0000][1][safepoint    ] Entering safepoint region: Deoptimize
[2022-06-13T03:03:48.687+0000][1][safepoint    ] Leaving safepoint region
[2022-06-13T03:03:48.687+0000][1][safepoint    ] Total time for which application threads were stopped: 0.0006772 seconds, Stopping threads took: 0.0001964 seconds
[2022-06-13T03:03:48.837+0000][1][safepoint    ] Application time: 0.1497991 seconds
[2022-06-13T03:03:48.838+0000][1][safepoint    ] Entering safepoint region: RevokeBias
[2022-06-13T03:03:48.838+0000][1][safepoint    ] Leaving safepoint region
[2022-06-13T03:03:48.838+0000][1][safepoint    ] Total time for which application threads were stopped: 0.0006593 seconds, Stopping threads took: 0.0002561 seconds
[2022-06-13T03:03:48.884+0000][1][safepoint    ] Application time: 0.0450595 seconds
[2022-06-13T03:03:48.884+0000][1][safepoint    ] Entering safepoint region: RevokeBias
[2022-06-13T03:03:48.885+0000][1][safepoint    ] Leaving safepoint region
[2022-06-13T03:03:48.885+0000][1][safepoint    ] Total time for which application threads were stopped: 0.0007947 seconds, Stopping threads took: 0.0004981 seconds
[2022-06-13T03:03:48.888+0000][1][safepoint    ] Application time: 0.0029715 seconds
[2022-06-13T03:03:48.889+0000][1][safepoint    ] Entering safepoint region: RevokeBias
[2022-06-13T03:03:48.889+0000][1][safepoint    ] Leaving safepoint region
[2022-06-13T03:03:48.889+0000][1][safepoint    ] Total time for which application threads were stopped: 0.0007625 seconds, Stopping threads took: 0.0003412 seconds
[2022-06-13T03:03:48.902+0000][1][safepoint    ] Application time: 0.0127309 seconds
[2022-06-13T03:03:48.903+0000][1][safepoint    ] Entering safepoint region: GenCollectForAllocation
[2022-06-13T03:03:48.903+0000][1][gc,start     ] GC(1) Pause Young (Allocation Failure)
[2022-06-13T03:03:48.904+0000][1][gc,task      ] GC(1) Using 5 workers of 13 for evacuation
[2022-06-13T03:03:48.915+0000][1][gc,age       ] GC(1) Desired survivor size 4456448 bytes, new threshold 6 (max threshold 6)
[2022-06-13T03:03:48.915+0000][1][gc,age       ] GC(1) Age table with threshold 6 (max threshold 6)
[2022-06-13T03:03:48.916+0000][1][gc,age       ] GC(1) - age   1:    2470792 bytes,    2470792 total
[2022-06-13T03:03:48.916+0000][1][gc,heap      ] GC(1) ParNew: 76295K->4587K(78656K)
[2022-06-13T03:03:48.917+0000][1][gc,heap      ] GC(1) CMS: 0K->6746K(174784K)
[2022-06-13T03:03:48.917+0000][1][gc,metaspace ] GC(1) Metaspace: 14972K->14972K(1062912K)
[2022-06-13T03:03:48.917+0000][1][gc           ] GC(1) Pause Young (Allocation Failure) 74M->11M(247M) 14.168ms
[2022-06-13T03:03:48.918+0000][1][gc,cpu       ] GC(1) User=0.05s Sys=0.00s Real=0.01s
[2022-06-13T03:03:48.918+0000][1][safepoint    ] Leaving safepoint region
[2022-06-13T03:03:48.919+0000][1][safepoint    ] Total time for which application threads were stopped: 0.0158021 seconds, Stopping threads took: 0.0003009 seconds
[2022-06-13T03:03:48.920+0000][1][safepoint    ] Application time: 0.0005050 seconds
[2022-06-13T03:03:48.920+0000][1][safepoint    ] Entering safepoint region: RevokeBias
[2022-06-13T03:03:48.920+0000][1][safepoint    ] Leaving safepoint region
[2022-06-13T03:03:48.921+0000][1][safepoint    ] Total time for which application threads were stopped: 0.0006963 seconds, Stopping threads took: 0.0003370 seconds
[2022-06-13T03:03:48.921+0000][1][safepoint    ] Application time: 0.0002472 seconds
[2022-06-13T03:03:48.922+0000][1][safepoint    ] Entering safepoint region: RevokeBias
[2022-06-13T03:03:48.922+0000][1][safepoint    ] Leaving safepoint region
[2022-06-13T03:03:48.922+0000][1][safepoint    ] Total time for which application threads were stopped: 0.0006565 seconds, Stopping threads took: 0.0004024 seconds
[2022-06-13T03:03:48.923+0000][1][safepoint    ] Application time: 0.0001692 seconds
[2022-06-13T03:03:48.923+0000][1][safepoint    ] Entering safepoint region: RevokeBias
[2022-06-13T03:03:48.924+0000][1][safepoint    ] Leaving safepoint region
[2022-06-13T03:03:48.924+0000][1][safepoint    ] Total time for which application threads were stopped: 0.0008036 seconds, Stopping threads took: 0.0004137 seconds
[2022-06-13T03:03:48.925+0000][1][safepoint    ] Application time: 0.0001834 seconds
[2022-06-13T03:03:48.925+0000][1][safepoint    ] Entering safepoint region: RevokeBias
[2022-06-13T03:03:48.925+0000][1][safepoint    ] Leaving safepoint region
[2022-06-13T03:03:48.926+0000][1][safepoint    ] Total time for which application threads were stopped: 0.0006988 seconds, Stopping threads took: 0.0003090 seconds
[2022-06-13T03:03:48.926+0000][1][safepoint    ] Application time: 0.0001342 seconds
[2022-06-13T03:03:48.926+0000][1][safepoint    ] Entering safepoint region: RevokeBias
[2022-06-13T03:03:48.927+0000][1][safepoint    ] Leaving safepoint region
[2022-06-13T03:03:48.927+0000][1][safepoint    ] Total time for which application threads were stopped: 0.0005275 seconds, Stopping threads took: 0.0002796 seconds
[2022-06-13T03:03:48.927+0000][1][safepoint    ] Application time: 0.0001799 seconds
[2022-06-13T03:03:48.927+0000][1][safepoint    ] Entering safepoint region: RevokeBias
[2022-06-13T03:03:48.928+0000][1][safepoint    ] Leaving safepoint region
[2022-06-13T03:03:48.928+0000][1][safepoint    ] Total time for which application threads were stopped: 0.0004674 seconds, Stopping threads took: 0.0001982 seconds
[2022-06-13T03:03:48.928+0000][1][safepoint    ] Application time: 0.0002197 seconds
[2022-06-13T03:03:48.929+0000][1][safepoint    ] Entering safepoint region: RevokeBias
[2022-06-13T03:03:48.929+0000][1][safepoint    ] Leaving safepoint region
[2022-06-13T03:03:48.929+0000][1][safepoint    ] Total time for which application threads were stopped: 0.0006358 seconds, Stopping threads took: 0.0003682 seconds
[2022-06-13T03:03:48.930+0000][1][safepoint    ] Application time: 0.0002183 seconds
[2022-06-13T03:03:48.930+0000][1][safepoint    ] Entering safepoint region: RevokeBias
[2022-06-13T03:03:48.930+0000][1][safepoint    ] Leaving safepoint region
[2022-06-13T03:03:48.930+0000][1][safepoint    ] Total time for which application threads were stopped: 0.0002353 seconds, Stopping threads took: 0.0001200 seconds
[2022-06-13T03:03:48.930+0000][1][safepoint    ] Application time: 0.0001378 seconds
[2022-06-13T03:03:48.931+0000][1][safepoint    ] Entering safepoint region: BulkRevokeBias
[2022-06-13T03:03:48.931+0000][1][safepoint    ] Leaving safepoint region
[2022-06-13T03:03:48.931+0000][1][safepoint    ] Total time for which application threads were stopped: 0.0003179 seconds, Stopping threads took: 0.0001823 seconds
[2022-06-13T03:03:48.931+0000][1][safepoint    ] Application time: 0.0001449 seconds
[2022-06-13T03:03:48.931+0000][1][safepoint    ] Entering safepoint region: RevokeBias
[2022-06-13T03:03:48.931+0000][1][safepoint    ] Leaving safepoint region
[2022-06-13T03:03:48.932+0000][1][safepoint    ] Total time for which application threads were stopped: 0.0002671 seconds, Stopping threads took: 0.0001353 seconds
[2022-06-13T03:03:48.932+0000][1][safepoint    ] Application time: 0.0001404 seconds
[2022-06-13T03:03:48.932+0000][1][safepoint    ] Entering safepoint region: BulkRevokeBias
[2022-06-13T03:03:48.932+0000][1][safepoint    ] Leaving safepoint region
[2022-06-13T03:03:48.932+0000][1][safepoint    ] Total time for which application threads were stopped: 0.0002793 seconds, Stopping threads took: 0.0001588 seconds
[2022-06-13T03:03:48.994+0000][1][safepoint    ] Application time: 0.0618458 seconds
[2022-06-13T03:03:48.994+0000][1][safepoint    ] Entering safepoint region: GenCollectForAllocation
[2022-06-13T03:03:48.995+0000][1][gc,start     ] GC(2) Pause Young (Allocation Failure)
[2022-06-13T03:03:48.995+0000][1][gc,task      ] GC(2) Using 5 workers of 13 for evacuation
[2022-06-13T03:03:48.997+0000][1][gc,age       ] GC(2) Desired survivor size 4456448 bytes, new threshold 6 (max threshold 6)
[2022-06-13T03:03:48.998+0000][1][gc,age       ] GC(2) Age table with threshold 6 (max threshold 6)
[2022-06-13T03:03:48.998+0000][1][gc,age       ] GC(2) - age   1:    2814248 bytes,    2814248 total
[2022-06-13T03:03:48.998+0000][1][gc,age       ] GC(2) - age   2:    1141784 bytes,    3956032 total
[2022-06-13T03:03:48.998+0000][1][gc,heap      ] GC(2) ParNew: 74539K->4965K(78656K)
[2022-06-13T03:03:48.999+0000][1][gc,heap      ] GC(2) CMS: 6746K->6746K(174784K)
[2022-06-13T03:03:48.999+0000][1][gc,metaspace ] GC(2) Metaspace: 15108K->15108K(1062912K)
[2022-06-13T03:03:48.999+0000][1][gc           ] GC(2) Pause Young (Allocation Failure) 79M->11M(247M) 4.522ms
[2022-06-13T03:03:48.999+0000][1][gc,cpu       ] GC(2) User=0.03s Sys=0.00s Real=0.01s
[2022-06-13T03:03:49.000+0000][1][safepoint    ] Leaving safepoint region
[2022-06-13T03:03:49.000+0000][1][safepoint    ] Total time for which application threads were stopped: 0.0054948 seconds, Stopping threads took: 0.0001929 seconds
[2022-06-13T03:03:49.000+0000][1][safepoint    ] Application time: 0.0001619 seconds
[2022-06-13T03:03:49.000+0000][1][safepoint    ] Entering safepoint region: RevokeBias
[2022-06-13T03:03:49.001+0000][1][safepoint    ] Leaving safepoint region
[2022-06-13T03:03:49.001+0000][1][safepoint    ] Total time for which application threads were stopped: 0.0004015 seconds, Stopping threads took: 0.0001972 seconds
[2022-06-13T03:03:49.001+0000][1][safepoint    ] Application time: 0.0000878 seconds
[2022-06-13T03:03:49.001+0000][1][safepoint    ] Entering safepoint region: RevokeBias
[2022-06-13T03:03:49.001+0000][1][safepoint    ] Leaving safepoint region
[2022-06-13T03:03:49.002+0000][1][safepoint    ] Total time for which application threads were stopped: 0.0007237 seconds, Stopping threads took: 0.0002769 seconds
[2022-06-13T03:03:49.002+0000][1][safepoint    ] Application time: 0.0001899 seconds
[2022-06-13T03:03:49.003+0000][1][safepoint    ] Entering safepoint region: RevokeBias
[2022-06-13T03:03:49.003+0000][1][safepoint    ] Leaving safepoint region
[2022-06-13T03:03:49.003+0000][1][safepoint    ] Total time for which application threads were stopped: 0.0005906 seconds, Stopping threads took: 0.0002732 seconds
[2022-06-13T03:03:49.004+0000][1][safepoint    ] Application time: 0.0001028 seconds
[2022-06-13T03:03:49.004+0000][1][safepoint    ] Entering safepoint region: RevokeBias
[2022-06-13T03:03:49.004+0000][1][safepoint    ] Leaving safepoint region
[2022-06-13T03:03:49.004+0000][1][safepoint    ] Total time for which application threads were stopped: 0.0006713 seconds, Stopping threads took: 0.0003830 seconds
[2022-06-13T03:03:49.005+0000][1][safepoint    ] Application time: 0.0001341 seconds
[2022-06-13T03:03:49.005+0000][1][safepoint    ] Entering safepoint region: RevokeBias
[2022-06-13T03:03:49.005+0000][1][safepoint    ] Leaving safepoint region
[2022-06-13T03:03:49.006+0000][1][safepoint    ] Total time for which application threads were stopped: 0.0005813 seconds, Stopping threads took: 0.0003395 seconds
[2022-06-13T03:03:49.006+0000][1][safepoint    ] Application time: 0.0001359 seconds
[2022-06-13T03:03:49.006+0000][1][safepoint    ] Entering safepoint region: RevokeBias
[2022-06-13T03:03:49.007+0000][1][safepoint    ] Leaving safepoint region
[2022-06-13T03:03:49.007+0000][1][safepoint    ] Total time for which application threads were stopped: 0.0008346 seconds, Stopping threads took: 0.0003808 seconds
[2022-06-13T03:03:49.023+0000][1][safepoint    ] Application time: 0.0151661 seconds
[2022-06-13T03:03:49.023+0000][1][safepoint    ] Entering safepoint region: RevokeBias
[2022-06-13T03:03:49.024+0000][1][safepoint    ] Leaving safepoint region
[2022-06-13T03:03:49.024+0000][1][safepoint    ] Total time for which application threads were stopped: 0.0008953 seconds, Stopping threads took: 0.0004437 seconds
[2022-06-13T03:03:49.066+0000][1][safepoint    ] Application time: 0.0417021 seconds
[2022-06-13T03:03:49.067+0000][1][safepoint    ] Entering safepoint region: RevokeBias
[2022-06-13T03:03:49.067+0000][1][safepoint    ] Leaving safepoint region
[2022-06-13T03:03:49.068+0000][1][safepoint    ] Total time for which application threads were stopped: 0.0007676 seconds, Stopping threads took: 0.0004229 seconds
[2022-06-13T03:03:49.075+0000][1][safepoint    ] Application time: 0.0074476 seconds
[2022-06-13T03:03:49.076+0000][1][safepoint    ] Entering safepoint region: Deoptimize
[2022-06-13T03:03:49.076+0000][1][safepoint    ] Leaving safepoint region
[2022-06-13T03:03:49.077+0000][1][safepoint    ] Total time for which application threads were stopped: 0.0009514 seconds, Stopping threads took: 0.0002705 seconds
[2022-06-13T03:03:49.077+0000][1][safepoint    ] Application time: 0.0003763 seconds
[2022-06-13T03:03:49.078+0000][1][safepoint    ] Entering safepoint region: Deoptimize
[2022-06-13T03:03:49.078+0000][1][safepoint    ] Leaving safepoint region
[2022-06-13T03:03:49.078+0000][1][safepoint    ] Total time for which application threads were stopped: 0.0008343 seconds, Stopping threads took: 0.0002801 seconds
[2022-06-13T03:03:49.192+0000][1][safepoint    ] Application time: 0.1133709 seconds
[2022-06-13T03:03:49.193+0000][1][safepoint    ] Entering safepoint region: GenCollectForAllocation
[2022-06-13T03:03:49.193+0000][1][gc,start     ] GC(3) Pause Young (Allocation Failure)
[2022-06-13T03:03:49.193+0000][1][gc,task      ] GC(3) Using 5 workers of 13 for evacuation
[2022-06-13T03:03:49.196+0000][1][gc,age       ] GC(3) Desired survivor size 4456448 bytes, new threshold 3 (max threshold 6)
[2022-06-13T03:03:49.196+0000][1][gc,age       ] GC(3) Age table with threshold 3 (max threshold 6)
[2022-06-13T03:03:49.196+0000][1][gc,age       ] GC(3) - age   1:    3940432 bytes,    3940432 total
[2022-06-13T03:03:49.197+0000][1][gc,age       ] GC(3) - age   2:     294720 bytes,    4235152 total
[2022-06-13T03:03:49.197+0000][1][gc,age       ] GC(3) - age   3:    1138824 bytes,    5373976 total
[2022-06-13T03:03:49.197+0000][1][gc,heap      ] GC(3) ParNew: 74917K->6539K(78656K)
[2022-06-13T03:03:49.198+0000][1][gc,heap      ] GC(3) CMS: 6746K->6746K(174784K)
[2022-06-13T03:03:49.198+0000][1][gc,metaspace ] GC(3) Metaspace: 18602K->18602K(1067008K)
[2022-06-13T03:03:49.198+0000][1][gc           ] GC(3) Pause Young (Allocation Failure) 79M->12M(247M) 5.289ms
[2022-06-13T03:03:49.198+0000][1][gc,cpu       ] GC(3) User=0.01s Sys=0.00s Real=0.00s
[2022-06-13T03:03:49.199+0000][1][safepoint    ] Leaving safepoint region
[2022-06-13T03:03:49.199+0000][1][safepoint    ] Total time for which application threads were stopped: 0.0064057 seconds, Stopping threads took: 0.0002067 seconds
[2022-06-13T03:03:49.200+0000][1][safepoint    ] Application time: 0.0002766 seconds
[2022-06-13T03:03:49.200+0000][1][safepoint    ] Entering safepoint region: RevokeBias
[2022-06-13T03:03:49.200+0000][1][safepoint    ] Leaving safepoint region
[2022-06-13T03:03:49.201+0000][1][safepoint    ] Total time for which application threads were stopped: 0.0006860 seconds, Stopping threads took: 0.0004149 seconds
[2022-06-13T03:03:49.201+0000][1][safepoint    ] Application time: 0.0000988 seconds
[2022-06-13T03:03:49.201+0000][1][safepoint    ] Entering safepoint region: RevokeBias
[2022-06-13T03:03:49.202+0000][1][safepoint    ] Leaving safepoint region
[2022-06-13T03:03:49.202+0000][1][safepoint    ] Total time for which application threads were stopped: 0.0008962 seconds, Stopping threads took: 0.0004784 seconds
[2022-06-13T03:03:49.203+0000][1][safepoint    ] Application time: 0.0001237 seconds
[2022-06-13T03:03:49.203+0000][1][safepoint    ] Entering safepoint region: RevokeBias
[2022-06-13T03:03:49.203+0000][1][safepoint    ] Leaving safepoint region
[2022-06-13T03:03:49.203+0000][1][safepoint    ] Total time for which application threads were stopped: 0.0005049 seconds, Stopping threads took: 0.0002738 seconds
[2022-06-13T03:03:49.204+0000][1][safepoint    ] Application time: 0.0000549 seconds
[2022-06-13T03:03:49.204+0000][1][safepoint    ] Entering safepoint region: RevokeBias
[2022-06-13T03:03:49.204+0000][1][safepoint    ] Leaving safepoint region
[2022-06-13T03:03:49.205+0000][1][safepoint    ] Total time for which application threads were stopped: 0.0006838 seconds, Stopping threads took: 0.0002884 seconds
[2022-06-13T03:03:49.205+0000][1][safepoint    ] Application time: 0.0001052 seconds
[2022-06-13T03:03:49.205+0000][1][safepoint    ] Entering safepoint region: RevokeBias
[2022-06-13T03:03:49.205+0000][1][safepoint    ] Leaving safepoint region
[2022-06-13T03:03:49.206+0000][1][safepoint    ] Total time for which application threads were stopped: 0.0004623 seconds, Stopping threads took: 0.0001841 seconds
[2022-06-13T03:03:49.206+0000][1][safepoint    ] Application time: 0.0001589 seconds
[2022-06-13T03:03:49.206+0000][1][safepoint    ] Entering safepoint region: RevokeBias
[2022-06-13T03:03:49.206+0000][1][safepoint    ] Leaving safepoint region
[2022-06-13T03:03:49.207+0000][1][safepoint    ] Total time for which application threads were stopped: 0.0004667 seconds, Stopping threads took: 0.0002951 seconds
[2022-06-13T03:03:49.207+0000][1][safepoint    ] Application time: 0.0000930 seconds
[2022-06-13T03:03:49.207+0000][1][safepoint    ] Entering safepoint region: RevokeBias
[2022-06-13T03:03:49.207+0000][1][safepoint    ] Leaving safepoint region
[2022-06-13T03:03:49.207+0000][1][safepoint    ] Total time for which application threads were stopped: 0.0004284 seconds, Stopping threads took: 0.0002070 seconds
[2022-06-13T03:03:49.208+0000][1][safepoint    ] Application time: 0.0000904 seconds
[2022-06-13T03:03:49.208+0000][1][safepoint    ] Entering safepoint region: RevokeBias
[2022-06-13T03:03:49.208+0000][1][safepoint    ] Leaving safepoint region
[2022-06-13T03:03:49.208+0000][1][safepoint    ] Total time for which application threads were stopped: 0.0003619 seconds, Stopping threads took: 0.0001885 seconds
[2022-06-13T03:03:49.209+0000][1][safepoint    ] Application time: 0.0000941 seconds
[2022-06-13T03:03:49.209+0000][1][safepoint    ] Entering safepoint region: RevokeBias
[2022-06-13T03:03:49.209+0000][1][safepoint    ] Leaving safepoint region
[2022-06-13T03:03:49.209+0000][1][safepoint    ] Total time for which application threads were stopped: 0.0003295 seconds, Stopping threads took: 0.0001593 seconds
[2022-06-13T03:03:49.209+0000][1][safepoint    ] Application time: 0.0000819 seconds
[2022-06-13T03:03:49.209+0000][1][safepoint    ] Entering safepoint region: RevokeBias
[2022-06-13T03:03:49.210+0000][1][safepoint    ] Leaving safepoint region
[2022-06-13T03:03:49.210+0000][1][safepoint    ] Total time for which application threads were stopped: 0.0003040 seconds, Stopping threads took: 0.0001595 seconds
[2022-06-13T03:03:49.210+0000][1][safepoint    ] Application time: 0.0000579 seconds
[2022-06-13T03:03:49.210+0000][1][safepoint    ] Entering safepoint region: RevokeBias
[2022-06-13T03:03:49.210+0000][1][safepoint    ] Leaving safepoint region
[2022-06-13T03:03:49.210+0000][1][safepoint    ] Total time for which application threads were stopped: 0.0003530 seconds, Stopping threads took: 0.0001832 seconds
[2022-06-13T03:03:49.211+0000][1][safepoint    ] Application time: 0.0000603 seconds
[2022-06-13T03:03:49.211+0000][1][safepoint    ] Entering safepoint region: RevokeBias
[2022-06-13T03:03:49.211+0000][1][safepoint    ] Leaving safepoint region
[2022-06-13T03:03:49.211+0000][1][safepoint    ] Total time for which application threads were stopped: 0.0002654 seconds, Stopping threads took: 0.0000950 seconds
[2022-06-13T03:03:49.211+0000][1][safepoint    ] Application time: 0.0001586 seconds
[2022-06-13T03:03:49.212+0000][1][safepoint    ] Entering safepoint region: RevokeBias
[2022-06-13T03:03:49.212+0000][1][safepoint    ] Leaving safepoint region
[2022-06-13T03:03:49.212+0000][1][safepoint    ] Total time for which application threads were stopped: 0.0003692 seconds, Stopping threads took: 0.0001773 seconds
[2022-06-13T03:03:49.212+0000][1][safepoint    ] Application time: 0.0001543 seconds
[2022-06-13T03:03:49.212+0000][1][safepoint    ] Entering safepoint region: RevokeBias
[2022-06-13T03:03:49.213+0000][1][safepoint    ] Leaving safepoint region
[2022-06-13T03:03:49.213+0000][1][safepoint    ] Total time for which application threads were stopped: 0.0003802 seconds, Stopping threads took: 0.0001925 seconds
[2022-06-13T03:03:49.213+0000][1][safepoint    ] Application time: 0.0001403 seconds
[2022-06-13T03:03:49.213+0000][1][safepoint    ] Entering safepoint region: RevokeBias
[2022-06-13T03:03:49.214+0000][1][safepoint    ] Leaving safepoint region
[2022-06-13T03:03:49.214+0000][1][safepoint    ] Total time for which application threads were stopped: 0.0003606 seconds, Stopping threads took: 0.0001939 seconds
[2022-06-13T03:03:49.214+0000][1][safepoint    ] Application time: 0.0000620 seconds
[2022-06-13T03:03:49.214+0000][1][safepoint    ] Entering safepoint region: RevokeBias
[2022-06-13T03:03:49.214+0000][1][safepoint    ] Leaving safepoint region
[2022-06-13T03:03:49.214+0000][1][safepoint    ] Total time for which application threads were stopped: 0.0004088 seconds, Stopping threads took: 0.0001778 seconds
[2022-06-13T03:03:49.215+0000][1][safepoint    ] Application time: 0.0000639 seconds
[2022-06-13T03:03:49.215+0000][1][safepoint    ] Entering safepoint region: RevokeBias
[2022-06-13T03:03:49.215+0000][1][safepoint    ] Leaving safepoint region
[2022-06-13T03:03:49.215+0000][1][safepoint    ] Total time for which application threads were stopped: 0.0002044 seconds, Stopping threads took: 0.0001052 seconds
[2022-06-13T03:03:49.215+0000][1][safepoint    ] Application time: 0.0000573 seconds
[2022-06-13T03:03:49.215+0000][1][safepoint    ] Entering safepoint region: RevokeBias
[2022-06-13T03:03:49.215+0000][1][safepoint    ] Leaving safepoint region
[2022-06-13T03:03:49.215+0000][1][safepoint    ] Total time for which application threads were stopped: 0.0002141 seconds, Stopping threads took: 0.0001137 seconds
[2022-06-13T03:03:49.216+0000][1][safepoint    ] Application time: 0.0000677 seconds
[2022-06-13T03:03:49.216+0000][1][safepoint    ] Entering safepoint region: RevokeBias
[2022-06-13T03:03:49.216+0000][1][safepoint    ] Leaving safepoint region
[2022-06-13T03:03:49.216+0000][1][safepoint    ] Total time for which application threads were stopped: 0.0002286 seconds, Stopping threads took: 0.0001207 seconds
[2022-06-13T03:03:49.216+0000][1][safepoint    ] Application time: 0.0000912 seconds
[2022-06-13T03:03:49.216+0000][1][safepoint    ] Entering safepoint region: RevokeBias
[2022-06-13T03:03:49.216+0000][1][safepoint    ] Leaving safepoint region
[2022-06-13T03:03:49.216+0000][1][safepoint    ] Total time for which application threads were stopped: 0.0002157 seconds, Stopping threads took: 0.0001006 seconds
[2022-06-13T03:03:49.216+0000][1][safepoint    ] Application time: 0.0000573 seconds
[2022-06-13T03:03:49.217+0000][1][safepoint    ] Entering safepoint region: RevokeBias
[2022-06-13T03:03:49.217+0000][1][safepoint    ] Leaving safepoint region
[2022-06-13T03:03:49.217+0000][1][safepoint    ] Total time for which application threads were stopped: 0.0002244 seconds, Stopping threads took: 0.0001191 seconds
[2022-06-13T03:03:49.283+0000][1][safepoint    ] Application time: 0.0663077 seconds
[2022-06-13T03:03:49.284+0000][1][safepoint    ] Entering safepoint region: GenCollectForAllocation
[2022-06-13T03:03:49.284+0000][1][gc,start     ] GC(4) Pause Young (Allocation Failure)
[2022-06-13T03:03:49.285+0000][1][gc,task      ] GC(4) Using 5 workers of 13 for evacuation
[2022-06-13T03:03:49.288+0000][1][gc,age       ] GC(4) Desired survivor size 4456448 bytes, new threshold 2 (max threshold 6)
[2022-06-13T03:03:49.288+0000][1][gc,age       ] GC(4) Age table with threshold 2 (max threshold 6)
[2022-06-13T03:03:49.289+0000][1][gc,age       ] GC(4) - age   1:    1870656 bytes,    1870656 total
[2022-06-13T03:03:49.289+0000][1][gc,age       ] GC(4) - age   2:    3329712 bytes,    5200368 total
[2022-06-13T03:03:49.289+0000][1][gc,age       ] GC(4) - age   3:     294192 bytes,    5494560 total
[2022-06-13T03:03:49.290+0000][1][gc,heap      ] GC(4) ParNew: 76491K->7596K(78656K)
[2022-06-13T03:03:49.290+0000][1][gc,heap      ] GC(4) CMS: 6746K->7875K(174784K)
[2022-06-13T03:03:49.290+0000][1][gc,metaspace ] GC(4) Metaspace: 18802K->18802K(1067008K)
[2022-06-13T03:03:49.290+0000][1][gc           ] GC(4) Pause Young (Allocation Failure) 81M->15M(247M) 6.246ms
[2022-06-13T03:03:49.291+0000][1][gc,cpu       ] GC(4) User=0.05s Sys=0.01s Real=0.01s
[2022-06-13T03:03:49.291+0000][1][safepoint    ] Leaving safepoint region
[2022-06-13T03:03:49.291+0000][1][safepoint    ] Total time for which application threads were stopped: 0.0076971 seconds, Stopping threads took: 0.0004197 seconds
[2022-06-13T03:03:49.292+0000][1][safepoint    ] Application time: 0.0002986 seconds
[2022-06-13T03:03:49.292+0000][1][safepoint    ] Entering safepoint region: BulkRevokeBias
[2022-06-13T03:03:49.293+0000][1][safepoint    ] Leaving safepoint region
[2022-06-13T03:03:49.293+0000][1][safepoint    ] Total time for which application threads were stopped: 0.0007986 seconds, Stopping threads took: 0.0003451 seconds
[2022-06-13T03:03:49.294+0000][1][safepoint    ] Application time: 0.0001168 seconds
[2022-06-13T03:03:49.294+0000][1][safepoint    ] Entering safepoint region: RevokeBias
[2022-06-13T03:03:49.294+0000][1][safepoint    ] Leaving safepoint region
[2022-06-13T03:03:49.295+0000][1][safepoint    ] Total time for which application threads were stopped: 0.0011392 seconds, Stopping threads took: 0.0004861 seconds
[2022-06-13T03:03:49.296+0000][1][safepoint    ] Application time: 0.0002337 seconds
[2022-06-13T03:03:49.296+0000][1][safepoint    ] Entering safepoint region: RevokeBias
[2022-06-13T03:03:49.297+0000][1][safepoint    ] Leaving safepoint region
[2022-06-13T03:03:49.297+0000][1][safepoint    ] Total time for which application threads were stopped: 0.0005151 seconds, Stopping threads took: 0.0002957 seconds
[2022-06-13T03:03:49.297+0000][1][safepoint    ] Application time: 0.0001280 seconds
[2022-06-13T03:03:49.297+0000][1][safepoint    ] Entering safepoint region: RevokeBias
[2022-06-13T03:03:49.298+0000][1][safepoint    ] Leaving safepoint region
[2022-06-13T03:03:49.298+0000][1][safepoint    ] Total time for which application threads were stopped: 0.0005055 seconds, Stopping threads took: 0.0002930 seconds
[2022-06-13T03:03:49.308+0000][1][safepoint    ] Application time: 0.0094505 seconds
[2022-06-13T03:03:49.308+0000][1][safepoint    ] Entering safepoint region: Deoptimize
[2022-06-13T03:03:49.308+0000][1][safepoint    ] Leaving safepoint region
[2022-06-13T03:03:49.309+0000][1][safepoint    ] Total time for which application threads were stopped: 0.0008059 seconds, Stopping threads took: 0.0001788 seconds
[2022-06-13T03:03:49.330+0000][1][safepoint    ] Application time: 0.0208206 seconds
[2022-06-13T03:03:49.330+0000][1][safepoint    ] Entering safepoint region: Deoptimize
[2022-06-13T03:03:49.331+0000][1][safepoint    ] Leaving safepoint region
[2022-06-13T03:03:49.331+0000][1][safepoint    ] Total time for which application threads were stopped: 0.0010883 seconds, Stopping threads took: 0.0003747 seconds
[2022-06-13T03:03:49.386+0000][1][safepoint    ] Application time: 0.0545390 seconds
[2022-06-13T03:03:49.387+0000][1][safepoint    ] Entering safepoint region: GenCollectForAllocation
[2022-06-13T03:03:49.387+0000][1][gc,start     ] GC(5) Pause Young (Allocation Failure)
[2022-06-13T03:03:49.388+0000][1][gc,task      ] GC(5) Using 5 workers of 13 for evacuation
[2022-06-13T03:03:49.391+0000][1][gc,age       ] GC(5) Desired survivor size 4456448 bytes, new threshold 6 (max threshold 6)
[2022-06-13T03:03:49.391+0000][1][gc,age       ] GC(5) Age table with threshold 6 (max threshold 6)
[2022-06-13T03:03:49.392+0000][1][gc,age       ] GC(5) - age   1:    2957720 bytes,    2957720 total
[2022-06-13T03:03:49.392+0000][1][gc,age       ] GC(5) - age   2:     446920 bytes,    3404640 total
[2022-06-13T03:03:49.392+0000][1][gc,heap      ] GC(5) ParNew: 77548K->6253K(78656K)
[2022-06-13T03:03:49.393+0000][1][gc,heap      ] GC(5) CMS: 7875K->11445K(174784K)
[2022-06-13T03:03:49.393+0000][1][gc,metaspace ] GC(5) Metaspace: 19148K->19148K(1067008K)
[2022-06-13T03:03:49.393+0000][1][gc           ] GC(5) Pause Young (Allocation Failure) 83M->17M(247M) 6.089ms
[2022-06-13T03:03:49.394+0000][1][gc,cpu       ] GC(5) User=0.03s Sys=0.01s Real=0.01s
[2022-06-13T03:03:49.394+0000][1][safepoint    ] Leaving safepoint region
[2022-06-13T03:03:49.394+0000][1][safepoint    ] Total time for which application threads were stopped: 0.0075425 seconds, Stopping threads took: 0.0004195 seconds
[2022-06-13T03:03:49.395+0000][1][safepoint    ] Application time: 0.0003115 seconds
[2022-06-13T03:03:49.395+0000][1][safepoint    ] Entering safepoint region: RevokeBias
[2022-06-13T03:03:49.395+0000][1][safepoint    ] Leaving safepoint region
[2022-06-13T03:03:49.396+0000][1][safepoint    ] Total time for which application threads were stopped: 0.0006366 seconds, Stopping threads took: 0.0002688 seconds
[2022-06-13T03:03:49.396+0000][1][safepoint    ] Application time: 0.0001030 seconds
[2022-06-13T03:03:49.396+0000][1][safepoint    ] Entering safepoint region: RevokeBias
[2022-06-13T03:03:49.397+0000][1][safepoint    ] Leaving safepoint region
[2022-06-13T03:03:49.397+0000][1][safepoint    ] Total time for which application threads were stopped: 0.0005853 seconds, Stopping threads took: 0.0003616 seconds
[2022-06-13T03:03:49.397+0000][1][safepoint    ] Application time: 0.0001033 seconds
[2022-06-13T03:03:49.397+0000][1][safepoint    ] Entering safepoint region: RevokeBias
[2022-06-13T03:03:49.398+0000][1][safepoint    ] Leaving safepoint region
[2022-06-13T03:03:49.398+0000][1][safepoint    ] Total time for which application threads were stopped: 0.0005886 seconds, Stopping threads took: 0.0003517 seconds
[2022-06-13T03:03:49.398+0000][1][safepoint    ] Application time: 0.0000867 seconds
[2022-06-13T03:03:49.398+0000][1][safepoint    ] Entering safepoint region: RevokeBias
[2022-06-13T03:03:49.399+0000][1][safepoint    ] Leaving safepoint region
[2022-06-13T03:03:49.399+0000][1][safepoint    ] Total time for which application threads were stopped: 0.0006531 seconds, Stopping threads took: 0.0001892 seconds
[2022-06-13T03:03:49.400+0000][1][safepoint    ] Application time: 0.0001886 seconds
[2022-06-13T03:03:49.400+0000][1][safepoint    ] Entering safepoint region: RevokeBias
[2022-06-13T03:03:49.400+0000][1][safepoint    ] Leaving safepoint region
[2022-06-13T03:03:49.400+0000][1][safepoint    ] Total time for which application threads were stopped: 0.0005026 seconds, Stopping threads took: 0.0002904 seconds
[2022-06-13T03:03:49.401+0000][1][safepoint    ] Application time: 0.0000872 seconds
[2022-06-13T03:03:49.401+0000][1][safepoint    ] Entering safepoint region: RevokeBias
[2022-06-13T03:03:49.401+0000][1][safepoint    ] Leaving safepoint region
[2022-06-13T03:03:49.401+0000][1][safepoint    ] Total time for which application threads were stopped: 0.0004753 seconds, Stopping threads took: 0.0002117 seconds
[2022-06-13T03:03:49.461+0000][1][safepoint    ] Application time: 0.0592589 seconds
[2022-06-13T03:03:49.461+0000][1][safepoint    ] Entering safepoint region: GenCollectForAllocation
[2022-06-13T03:03:49.461+0000][1][gc,start     ] GC(6) Pause Young (Allocation Failure)
[2022-06-13T03:03:49.462+0000][1][gc,task      ] GC(6) Using 5 workers of 13 for evacuation
[2022-06-13T03:03:49.463+0000][1][gc,age       ] GC(6) Desired survivor size 4456448 bytes, new threshold 6 (max threshold 6)
[2022-06-13T03:03:49.464+0000][1][gc,age       ] GC(6) Age table with threshold 6 (max threshold 6)
[2022-06-13T03:03:49.464+0000][1][gc,age       ] GC(6) - age   1:    1689712 bytes,    1689712 total
[2022-06-13T03:03:49.464+0000][1][gc,age       ] GC(6) - age   2:    2194816 bytes,    3884528 total
[2022-06-13T03:03:49.464+0000][1][gc,age       ] GC(6) - age   3:     446968 bytes,    4331496 total
[2022-06-13T03:03:49.465+0000][1][gc,heap      ] GC(6) ParNew: 76205K->5426K(78656K)
[2022-06-13T03:03:49.465+0000][1][gc,heap      ] GC(6) CMS: 11445K->11445K(174784K)
[2022-06-13T03:03:49.465+0000][1][gc,metaspace ] GC(6) Metaspace: 19455K->19455K(1067008K)
[2022-06-13T03:03:49.465+0000][1][gc           ] GC(6) Pause Young (Allocation Failure) 85M->16M(247M) 3.934ms
[2022-06-13T03:03:49.466+0000][1][gc,cpu       ] GC(6) User=0.01s Sys=0.00s Real=0.00s
[2022-06-13T03:03:49.466+0000][1][safepoint    ] Leaving safepoint region
[2022-06-13T03:03:49.466+0000][1][safepoint    ] Total time for which application threads were stopped: 0.0049655 seconds, Stopping threads took: 0.0003216 seconds
[2022-06-13T03:03:49.466+0000][1][safepoint    ] Application time: 0.0001737 seconds
[2022-06-13T03:03:49.466+0000][1][safepoint    ] Entering safepoint region: RevokeBias
[2022-06-13T03:03:49.467+0000][1][safepoint    ] Leaving safepoint region
[2022-06-13T03:03:49.467+0000][1][safepoint    ] Total time for which application threads were stopped: 0.0002883 seconds, Stopping threads took: 0.0001575 seconds
[2022-06-13T03:03:49.467+0000][1][safepoint    ] Application time: 0.0000892 seconds
[2022-06-13T03:03:49.467+0000][1][safepoint    ] Entering safepoint region: BulkRevokeBias
[2022-06-13T03:03:49.467+0000][1][safepoint    ] Leaving safepoint region
[2022-06-13T03:03:49.467+0000][1][safepoint    ] Total time for which application threads were stopped: 0.0003071 seconds, Stopping threads took: 0.0001650 seconds
[2022-06-13T03:03:49.467+0000][1][safepoint    ] Application time: 0.0000941 seconds
[2022-06-13T03:03:49.468+0000][1][safepoint    ] Entering safepoint region: BulkRevokeBias
[2022-06-13T03:03:49.468+0000][1][safepoint    ] Leaving safepoint region
[2022-06-13T03:03:49.468+0000][1][safepoint    ] Total time for which application threads were stopped: 0.0002465 seconds, Stopping threads took: 0.0001219 seconds
[2022-06-13T03:03:49.549+0000][1][safepoint    ] Application time: 0.0806259 seconds
[2022-06-13T03:03:49.549+0000][1][safepoint    ] Entering safepoint region: CollectForMetadataAllocation
[2022-06-13T03:03:49.549+0000][1][safepoint    ] Leaving safepoint region
[2022-06-13T03:03:49.550+0000][1][safepoint    ] Total time for which application threads were stopped: 0.0006062 seconds, Stopping threads took: 0.0001405 seconds
[2022-06-13T03:03:49.561+0000][1][safepoint    ] Application time: 0.0115334 seconds
[2022-06-13T03:03:49.562+0000][1][safepoint    ] Entering safepoint region: CollectForMetadataAllocation
[2022-06-13T03:03:49.562+0000][1][safepoint    ] Leaving safepoint region
[2022-06-13T03:03:49.563+0000][1][safepoint    ] Total time for which application threads were stopped: 0.0010056 seconds, Stopping threads took: 0.0004346 seconds
[2022-06-13T03:03:49.573+0000][1][safepoint    ] Application time: 0.0097116 seconds
[2022-06-13T03:03:49.573+0000][1][safepoint    ] Entering safepoint region: GenCollectForAllocation
[2022-06-13T03:03:49.574+0000][1][gc,start     ] GC(7) Pause Young (Allocation Failure)
[2022-06-13T03:03:49.574+0000][1][gc,task      ] GC(7) Using 5 workers of 13 for evacuation
[2022-06-13T03:03:49.576+0000][1][gc,age       ] GC(7) Desired survivor size 4456448 bytes, new threshold 4 (max threshold 6)
[2022-06-13T03:03:49.576+0000][1][gc,age       ] GC(7) Age table with threshold 4 (max threshold 6)
[2022-06-13T03:03:49.576+0000][1][gc,age       ] GC(7) - age   1:     726400 bytes,     726400 total
[2022-06-13T03:03:49.576+0000][1][gc,age       ] GC(7) - age   2:    1129672 bytes,    1856072 total
[2022-06-13T03:03:49.577+0000][1][gc,age       ] GC(7) - age   3:    2192808 bytes,    4048880 total
[2022-06-13T03:03:49.577+0000][1][gc,age       ] GC(7) - age   4:     446920 bytes,    4495800 total
[2022-06-13T03:03:49.577+0000][1][gc,heap      ] GC(7) ParNew: 75378K->5774K(78656K)
[2022-06-13T03:03:49.578+0000][1][gc,heap      ] GC(7) CMS: 11445K->11445K(174784K)
[2022-06-13T03:03:49.578+0000][1][gc,metaspace ] GC(7) Metaspace: 20351K->20351K(1069056K)
[2022-06-13T03:03:49.578+0000][1][gc           ] GC(7) Pause Young (Allocation Failure) 84M->16M(247M) 4.309ms
[2022-06-13T03:03:49.578+0000][1][gc,cpu       ] GC(7) User=0.01s Sys=0.00s Real=0.00s
[2022-06-13T03:03:49.578+0000][1][safepoint    ] Leaving safepoint region
[2022-06-13T03:03:49.578+0000][1][safepoint    ] Total time for which application threads were stopped: 0.0048787 seconds, Stopping threads took: 0.0002031 seconds
[2022-06-13T03:03:49.579+0000][1][safepoint    ] Application time: 0.0003439 seconds
[2022-06-13T03:03:49.579+0000][1][safepoint    ] Entering safepoint region: CMS_Initial_Mark
[2022-06-13T03:03:49.579+0000][1][gc,start     ] GC(8) Pause Initial Mark
[2022-06-13T03:03:49.580+0000][1][gc           ] GC(8) Pause Initial Mark 18M->18M(247M) 0.818ms
[2022-06-13T03:03:49.580+0000][1][gc,cpu       ] GC(8) User=0.03s Sys=0.00s Real=0.01s
[2022-06-13T03:03:49.580+0000][1][safepoint    ] Leaving safepoint region
[2022-06-13T03:03:49.580+0000][1][safepoint    ] Total time for which application threads were stopped: 0.0013220 seconds, Stopping threads took: 0.0001155 seconds
[2022-06-13T03:03:49.580+0000][1][gc           ] GC(8) Concurrent Mark
[2022-06-13T03:03:49.581+0000][1][gc,task      ] GC(8) Using 4 workers of 4 for marking
[2022-06-13T03:03:49.584+0000][1][gc           ] GC(8) Concurrent Mark 3.992ms
[2022-06-13T03:03:49.585+0000][1][gc,cpu       ] GC(8) User=0.01s Sys=0.00s Real=0.00s
[2022-06-13T03:03:49.585+0000][1][gc           ] GC(8) Concurrent Preclean
[2022-06-13T03:03:49.586+0000][1][gc           ] GC(8) Concurrent Preclean 0.642ms
[2022-06-13T03:03:49.586+0000][1][gc,cpu       ] GC(8) User=0.00s Sys=0.00s Real=0.00s
[2022-06-13T03:03:49.586+0000][1][safepoint    ] Application time: 0.0057217 seconds
[2022-06-13T03:03:49.586+0000][1][safepoint    ] Entering safepoint region: CMS_Final_Remark
[2022-06-13T03:03:49.586+0000][1][gc,start     ] GC(8) Pause Remark
[2022-06-13T03:03:49.591+0000][1][gc           ] GC(8) Pause Remark 18M->18M(247M) 4.489ms
[2022-06-13T03:03:49.591+0000][1][gc,cpu       ] GC(8) User=0.02s Sys=0.00s Real=0.01s
[2022-06-13T03:03:49.591+0000][1][safepoint    ] Leaving safepoint region
[2022-06-13T03:03:49.592+0000][1][safepoint    ] Total time for which application threads were stopped: 0.0055661 seconds, Stopping threads took: 0.0001902 seconds
[2022-06-13T03:03:49.592+0000][1][gc           ] GC(8) Concurrent Sweep
[2022-06-13T03:03:49.596+0000][1][gc           ] GC(8) Concurrent Sweep 3.875ms
[2022-06-13T03:03:49.596+0000][1][gc,cpu       ] GC(8) User=0.01s Sys=0.00s Real=0.00s
[2022-06-13T03:03:49.596+0000][1][gc           ] GC(8) Concurrent Reset
[2022-06-13T03:03:49.597+0000][1][gc           ] GC(8) Concurrent Reset 0.407ms
[2022-06-13T03:03:49.597+0000][1][gc,cpu       ] GC(8) User=0.01s Sys=0.00s Real=0.00s
[2022-06-13T03:03:49.597+0000][1][gc,heap      ] GC(8) Old: 11445K->11419K(174784K)
[2022-06-13T03:03:49.640+0000][1][safepoint    ] Application time: 0.0485822 seconds
[2022-06-13T03:03:49.641+0000][1][safepoint    ] Entering safepoint region: GenCollectForAllocation
[2022-06-13T03:03:49.641+0000][1][gc,start     ] GC(9) Pause Young (Allocation Failure)
[2022-06-13T03:03:49.642+0000][1][gc,task      ] GC(9) Using 5 workers of 13 for evacuation
[2022-06-13T03:03:49.645+0000][1][gc,age       ] GC(9) Desired survivor size 4456448 bytes, new threshold 4 (max threshold 6)
[2022-06-13T03:03:49.645+0000][1][gc,age       ] GC(9) Age table with threshold 4 (max threshold 6)
[2022-06-13T03:03:49.645+0000][1][gc,age       ] GC(9) - age   1:    1055640 bytes,    1055640 total
[2022-06-13T03:03:49.645+0000][1][gc,age       ] GC(9) - age   2:     692040 bytes,    1747680 total
[2022-06-13T03:03:49.646+0000][1][gc,age       ] GC(9) - age   3:    1129576 bytes,    2877256 total
[2022-06-13T03:03:49.646+0000][1][gc,age       ] GC(9) - age   4:    2191608 bytes,    5068864 total
[2022-06-13T03:03:49.646+0000][1][gc,heap      ] GC(9) ParNew: 75726K->6148K(78656K)
[2022-06-13T03:03:49.647+0000][1][gc,heap      ] GC(9) CMS: 11419K->11860K(174784K)
[2022-06-13T03:03:49.647+0000][1][gc,metaspace ] GC(9) Metaspace: 20507K->20507K(1069056K)
[2022-06-13T03:03:49.647+0000][1][gc           ] GC(9) Pause Young (Allocation Failure) 85M->17M(247M) 5.913ms
[2022-06-13T03:03:49.647+0000][1][gc,cpu       ] GC(9) User=0.02s Sys=0.00s Real=0.00s
[2022-06-13T03:03:49.648+0000][1][safepoint    ] Leaving safepoint region
[2022-06-13T03:03:49.648+0000][1][safepoint    ] Total time for which application threads were stopped: 0.0070424 seconds, Stopping threads took: 0.0001097 seconds
[2022-06-13T03:03:49.688+0000][1][safepoint    ] Application time: 0.0399075 seconds
[2022-06-13T03:03:49.688+0000][1][safepoint    ] Entering safepoint region: GenCollectForAllocation
[2022-06-13T03:03:49.688+0000][1][gc,start     ] GC(10) Pause Young (Allocation Failure)
[2022-06-13T03:03:49.689+0000][1][gc,task      ] GC(10) Using 5 workers of 13 for evacuation
[2022-06-13T03:03:49.692+0000][1][gc,age       ] GC(10) Desired survivor size 4456448 bytes, new threshold 6 (max threshold 6)
[2022-06-13T03:03:49.692+0000][1][gc,age       ] GC(10) Age table with threshold 6 (max threshold 6)
[2022-06-13T03:03:49.692+0000][1][gc,age       ] GC(10) - age   1:     672288 bytes,     672288 total
[2022-06-13T03:03:49.693+0000][1][gc,age       ] GC(10) - age   2:     303320 bytes,     975608 total
[2022-06-13T03:03:49.693+0000][1][gc,age       ] GC(10) - age   3:     691920 bytes,    1667528 total
[2022-06-13T03:03:49.693+0000][1][gc,age       ] GC(10) - age   4:    1129576 bytes,    2797104 total
[2022-06-13T03:03:49.694+0000][1][gc,heap      ] GC(10) ParNew: 76100K->6000K(78656K)
[2022-06-13T03:03:49.694+0000][1][gc,heap      ] GC(10) CMS: 11860K->14014K(174784K)
[2022-06-13T03:03:49.695+0000][1][gc,metaspace ] GC(10) Metaspace: 20610K->20610K(1069056K)
[2022-06-13T03:03:49.695+0000][1][gc           ] GC(10) Pause Young (Allocation Failure) 85M->19M(247M) 6.811ms
[2022-06-13T03:03:49.696+0000][1][gc,cpu       ] GC(10) User=0.03s Sys=0.01s Real=0.01s
[2022-06-13T03:03:49.696+0000][1][safepoint    ] Leaving safepoint region
[2022-06-13T03:03:49.696+0000][1][safepoint    ] Total time for which application threads were stopped: 0.0082837 seconds, Stopping threads took: 0.0001748 seconds
[2022-06-13T03:03:49.743+0000][1][safepoint    ] Application time: 0.0463225 seconds
[2022-06-13T03:03:49.744+0000][1][safepoint    ] Entering safepoint region: GenCollectForAllocation
[2022-06-13T03:03:49.744+0000][1][gc,start     ] GC(11) Pause Young (Allocation Failure)
[2022-06-13T03:03:49.745+0000][1][gc,task      ] GC(11) Using 5 workers of 13 for evacuation
[2022-06-13T03:03:49.747+0000][1][gc,age       ] GC(11) Desired survivor size 4456448 bytes, new threshold 6 (max threshold 6)
[2022-06-13T03:03:49.747+0000][1][gc,age       ] GC(11) Age table with threshold 6 (max threshold 6)
[2022-06-13T03:03:49.748+0000][1][gc,age       ] GC(11) - age   1:    2089376 bytes,    2089376 total
[2022-06-13T03:03:49.748+0000][1][gc,age       ] GC(11) - age   2:      99544 bytes,    2188920 total
[2022-06-13T03:03:49.749+0000][1][gc,age       ] GC(11) - age   3:     303320 bytes,    2492240 total
[2022-06-13T03:03:49.749+0000][1][gc,age       ] GC(11) - age   4:     691768 bytes,    3184008 total
[2022-06-13T03:03:49.750+0000][1][gc,age       ] GC(11) - age   5:    1129288 bytes,    4313296 total
[2022-06-13T03:03:49.750+0000][1][gc,heap      ] GC(11) ParNew: 75952K->5462K(78656K)
[2022-06-13T03:03:49.750+0000][1][gc,heap      ] GC(11) CMS: 14014K->14014K(174784K)
[2022-06-13T03:03:49.751+0000][1][gc,metaspace ] GC(11) Metaspace: 20671K->20671K(1069056K)
[2022-06-13T03:03:49.751+0000][1][gc           ] GC(11) Pause Young (Allocation Failure) 87M->19M(247M) 7.062ms
[2022-06-13T03:03:49.752+0000][1][gc,cpu       ] GC(11) User=0.02s Sys=0.00s Real=0.01s
[2022-06-13T03:03:49.752+0000][1][safepoint    ] Leaving safepoint region
[2022-06-13T03:03:49.752+0000][1][safepoint    ] Total time for which application threads were stopped: 0.0083510 seconds, Stopping threads took: 0.0004904 seconds
[2022-06-13T03:03:49.945+0000][1][safepoint    ] Application time: 0.1925090 seconds
[2022-06-13T03:03:49.945+0000][1][safepoint    ] Entering safepoint region: Deoptimize
[2022-06-13T03:03:49.946+0000][1][safepoint    ] Leaving safepoint region
[2022-06-13T03:03:49.947+0000][1][safepoint    ] Total time for which application threads were stopped: 0.0014156 seconds, Stopping threads took: 0.0005697 seconds
[2022-06-13T03:03:49.988+0000][1][safepoint    ] Application time: 0.0410646 seconds
[2022-06-13T03:03:49.989+0000][1][safepoint    ] Entering safepoint region: Deoptimize
[2022-06-13T03:03:49.990+0000][1][safepoint    ] Leaving safepoint region
[2022-06-13T03:03:49.990+0000][1][safepoint    ] Total time for which application threads were stopped: 0.0014637 seconds, Stopping threads took: 0.0006133 seconds
[2022-06-13T03:03:49.991+0000][1][safepoint    ] Application time: 0.0005176 seconds
[2022-06-13T03:03:49.992+0000][1][safepoint    ] Entering safepoint region: Deoptimize
[2022-06-13T03:03:49.992+0000][1][safepoint    ] Leaving safepoint region
[2022-06-13T03:03:49.993+0000][1][safepoint    ] Total time for which application threads were stopped: 0.0011995 seconds, Stopping threads took: 0.0004977 seconds
[2022-06-13T03:03:49.999+0000][1][safepoint    ] Application time: 0.0057049 seconds
[2022-06-13T03:03:50.000+0000][1][safepoint    ] Entering safepoint region: RevokeBias
[2022-06-13T03:03:50.000+0000][1][safepoint    ] Leaving safepoint region
[2022-06-13T03:03:50.000+0000][1][safepoint    ] Total time for which application threads were stopped: 0.0008963 seconds, Stopping threads took: 0.0003773 seconds
[2022-06-13T03:03:50.002+0000][1][safepoint    ] Application time: 0.0008496 seconds
[2022-06-13T03:03:50.002+0000][1][safepoint    ] Entering safepoint region: Deoptimize
[2022-06-13T03:03:50.003+0000][1][safepoint    ] Leaving safepoint region
[2022-06-13T03:03:50.004+0000][1][safepoint    ] Total time for which application threads were stopped: 0.0012226 seconds, Stopping threads took: 0.0005210 seconds
[2022-06-13T03:03:50.007+0000][1][safepoint    ] Application time: 0.0027461 seconds
[2022-06-13T03:03:50.007+0000][1][safepoint    ] Entering safepoint region: Deoptimize
[2022-06-13T03:03:50.008+0000][1][safepoint    ] Leaving safepoint region
[2022-06-13T03:03:50.009+0000][1][safepoint    ] Total time for which application threads were stopped: 0.0011999 seconds, Stopping threads took: 0.0005024 seconds
[2022-06-13T03:03:50.084+0000][1][safepoint    ] Application time: 0.0743669 seconds
[2022-06-13T03:03:50.084+0000][1][safepoint    ] Entering safepoint region: GenCollectForAllocation
[2022-06-13T03:03:50.084+0000][1][gc,start     ] GC(12) Pause Young (Allocation Failure)
[2022-06-13T03:03:50.085+0000][1][gc,task      ] GC(12) Using 5 workers of 13 for evacuation
[2022-06-13T03:03:50.089+0000][1][gc,age       ] GC(12) Desired survivor size 4456448 bytes, new threshold 2 (max threshold 6)
[2022-06-13T03:03:50.089+0000][1][gc,age       ] GC(12) Age table with threshold 2 (max threshold 6)
[2022-06-13T03:03:50.090+0000][1][gc,age       ] GC(12) - age   1:    4419816 bytes,    4419816 total
[2022-06-13T03:03:50.090+0000][1][gc,age       ] GC(12) - age   2:     344344 bytes,    4764160 total
[2022-06-13T03:03:50.091+0000][1][gc,age       ] GC(12) - age   3:      99280 bytes,    4863440 total
[2022-06-13T03:03:50.091+0000][1][gc,age       ] GC(12) - age   4:     303288 bytes,    5166728 total
[2022-06-13T03:03:50.092+0000][1][gc,age       ] GC(12) - age   5:     686440 bytes,    5853168 total
[2022-06-13T03:03:50.092+0000][1][gc,age       ] GC(12) - age   6:    1129128 bytes,    6982296 total
[2022-06-13T03:03:50.093+0000][1][gc,heap      ] GC(12) ParNew: 75414K->8100K(78656K)
[2022-06-13T03:03:50.093+0000][1][gc,heap      ] GC(12) CMS: 14014K->14014K(174784K)
[2022-06-13T03:03:50.094+0000][1][gc,metaspace ] GC(12) Metaspace: 26608K->26608K(1073152K)
[2022-06-13T03:03:50.094+0000][1][gc           ] GC(12) Pause Young (Allocation Failure) 87M->21M(247M) 10.209ms
[2022-06-13T03:03:50.095+0000][1][gc,cpu       ] GC(12) User=0.06s Sys=0.00s Real=0.01s
[2022-06-13T03:03:50.095+0000][1][safepoint    ] Leaving safepoint region
[2022-06-13T03:03:50.096+0000][1][safepoint    ] Total time for which application threads were stopped: 0.0122342 seconds, Stopping threads took: 0.0003691 seconds
[2022-06-13T03:03:50.469+0000][1][safepoint    ] Application time: 0.3724711 seconds
[2022-06-13T03:03:50.469+0000][1][safepoint    ] Entering safepoint region: GenCollectForAllocation
[2022-06-13T03:03:50.470+0000][1][gc,start     ] GC(13) Pause Young (Allocation Failure)
[2022-06-13T03:03:50.470+0000][1][gc,task      ] GC(13) Using 5 workers of 13 for evacuation
[2022-06-13T03:03:50.485+0000][1][gc,age       ] GC(13) Desired survivor size 4456448 bytes, new threshold 1 (max threshold 6)
[2022-06-13T03:03:50.486+0000][1][gc,age       ] GC(13) Age table with threshold 1 (max threshold 6)
[2022-06-13T03:03:50.486+0000][1][gc,age       ] GC(13) - age   1:    4684304 bytes,    4684304 total
[2022-06-13T03:03:50.486+0000][1][gc,age       ] GC(13) - age   2:    4229120 bytes,    8913424 total
[2022-06-13T03:03:50.486+0000][1][gc,heap      ] GC(13) ParNew: 78052K->8704K(78656K)
[2022-06-13T03:03:50.486+0000][1][gc,heap      ] GC(13) CMS: 14014K->26134K(174784K)
[2022-06-13T03:03:50.486+0000][1][gc,metaspace ] GC(13) Metaspace: 27092K->27092K(1075200K)
[2022-06-13T03:03:50.486+0000][1][gc           ] GC(13) Pause Young (Allocation Failure) 89M->34M(247M) 16.359ms
[2022-06-13T03:03:50.486+0000][1][gc,cpu       ] GC(13) User=0.14s Sys=0.00s Real=0.01s
[2022-06-13T03:03:50.486+0000][1][safepoint    ] Leaving safepoint region
[2022-06-13T03:03:50.486+0000][1][safepoint    ] Total time for which application threads were stopped: 0.0171506 seconds, Stopping threads took: 0.0001342 seconds
[2022-06-13T03:03:50.592+0000][1][safepoint    ] Application time: 0.1058621 seconds
[2022-06-13T03:03:50.593+0000][1][safepoint    ] Entering safepoint region: RevokeBias
[2022-06-13T03:03:50.593+0000][1][safepoint    ] Leaving safepoint region
[2022-06-13T03:03:50.593+0000][1][safepoint    ] Total time for which application threads were stopped: 0.0004210 seconds, Stopping threads took: 0.0001967 seconds
[2022-06-13T03:03:50.710+0000][1][safepoint    ] Application time: 0.1164363 seconds
[2022-06-13T03:03:50.710+0000][1][safepoint    ] Entering safepoint region: GenCollectForAllocation
[2022-06-13T03:03:50.711+0000][1][gc,start     ] GC(14) Pause Young (Allocation Failure)
[2022-06-13T03:03:50.711+0000][1][gc,task      ] GC(14) Using 5 workers of 13 for evacuation
[2022-06-13T03:03:50.727+0000][1][gc,age       ] GC(14) Desired survivor size 4456448 bytes, new threshold 1 (max threshold 6)
[2022-06-13T03:03:50.727+0000][1][gc,age       ] GC(14) Age table with threshold 1 (max threshold 6)
[2022-06-13T03:03:50.727+0000][1][gc,age       ] GC(14) - age   1:    8849560 bytes,    8849560 total
[2022-06-13T03:03:50.728+0000][1][gc,heap      ] GC(14) ParNew: 78656K->8704K(78656K)
[2022-06-13T03:03:50.728+0000][1][gc,heap      ] GC(14) CMS: 26134K->40162K(174784K)
[2022-06-13T03:03:50.728+0000][1][gc,metaspace ] GC(14) Metaspace: 27165K->27165K(1075200K)
[2022-06-13T03:03:50.728+0000][1][gc           ] GC(14) Pause Young (Allocation Failure) 102M->47M(247M) 17.543ms
[2022-06-13T03:03:50.728+0000][1][gc,cpu       ] GC(14) User=0.12s Sys=0.00s Real=0.01s
[2022-06-13T03:03:50.729+0000][1][safepoint    ] Leaving safepoint region
[2022-06-13T03:03:50.729+0000][1][safepoint    ] Total time for which application threads were stopped: 0.0183913 seconds, Stopping threads took: 0.0002466 seconds
[2022-06-13T03:03:50.780+0000][1][safepoint    ] Application time: 0.0515783 seconds
[2022-06-13T03:03:50.781+0000][1][safepoint    ] Entering safepoint region: Deoptimize
[2022-06-13T03:03:50.781+0000][1][safepoint    ] Leaving safepoint region
[2022-06-13T03:03:50.781+0000][1][safepoint    ] Total time for which application threads were stopped: 0.0006995 seconds, Stopping threads took: 0.0001568 seconds
[2022-06-13T03:03:50.831+0000][1][safepoint    ] Application time: 0.0492116 seconds
[2022-06-13T03:03:50.831+0000][1][safepoint    ] Entering safepoint region: RevokeBias
[2022-06-13T03:03:50.832+0000][1][safepoint    ] Leaving safepoint region
[2022-06-13T03:03:50.832+0000][1][safepoint    ] Total time for which application threads were stopped: 0.0006422 seconds, Stopping threads took: 0.0003521 seconds
[2022-06-13T03:03:50.946+0000][1][safepoint    ] Application time: 0.1141038 seconds
[2022-06-13T03:03:50.947+0000][1][safepoint    ] Entering safepoint region: RevokeBias
[2022-06-13T03:03:50.947+0000][1][safepoint    ] Leaving safepoint region
[2022-06-13T03:03:50.947+0000][1][safepoint    ] Total time for which application threads were stopped: 0.0006348 seconds, Stopping threads took: 0.0003137 seconds
[2022-06-13T03:03:50.949+0000][1][safepoint    ] Application time: 0.0016614 seconds
[2022-06-13T03:03:50.949+0000][1][safepoint    ] Entering safepoint region: RevokeBias
[2022-06-13T03:03:50.950+0000][1][safepoint    ] Leaving safepoint region
[2022-06-13T03:03:50.950+0000][1][safepoint    ] Total time for which application threads were stopped: 0.0007785 seconds, Stopping threads took: 0.0003955 seconds
[2022-06-13T03:03:51.053+0000][1][safepoint    ] Application time: 0.1028539 seconds
[2022-06-13T03:03:51.053+0000][1][safepoint    ] Entering safepoint region: GenCollectForAllocation
[2022-06-13T03:03:51.054+0000][1][gc,start     ] GC(15) Pause Young (Allocation Failure)
[2022-06-13T03:03:51.054+0000][1][gc,task      ] GC(15) Using 5 workers of 13 for evacuation
[2022-06-13T03:03:51.063+0000][1][gc,age       ] GC(15) Desired survivor size 4456448 bytes, new threshold 1 (max threshold 6)
[2022-06-13T03:03:51.063+0000][1][gc,age       ] GC(15) Age table with threshold 1 (max threshold 6)
[2022-06-13T03:03:51.063+0000][1][gc,age       ] GC(15) - age   1:    6433936 bytes,    6433936 total
[2022-06-13T03:03:51.064+0000][1][gc,heap      ] GC(15) ParNew: 78656K->8704K(78656K)
[2022-06-13T03:03:51.064+0000][1][gc,heap      ] GC(15) CMS: 40162K->49488K(174784K)
[2022-06-13T03:03:51.065+0000][1][gc,metaspace ] GC(15) Metaspace: 32984K->32984K(1079296K)
[2022-06-13T03:03:51.065+0000][1][gc           ] GC(15) Pause Young (Allocation Failure) 116M->56M(247M) 11.292ms
[2022-06-13T03:03:51.065+0000][1][gc,cpu       ] GC(15) User=0.05s Sys=0.00s Real=0.01s
[2022-06-13T03:03:51.066+0000][1][safepoint    ] Leaving safepoint region
[2022-06-13T03:03:51.066+0000][1][safepoint    ] Total time for which application threads were stopped: 0.0127232 seconds, Stopping threads took: 0.0001405 seconds
[2022-06-13T03:03:51.115+0000][1][safepoint    ] Application time: 0.0482904 seconds
[2022-06-13T03:03:51.115+0000][1][safepoint    ] Entering safepoint region: GenCollectForAllocation
[2022-06-13T03:03:51.116+0000][1][gc,start     ] GC(16) Pause Young (Allocation Failure)
[2022-06-13T03:03:51.116+0000][1][gc,task      ] GC(16) Using 5 workers of 13 for evacuation
[2022-06-13T03:03:51.121+0000][1][gc,age       ] GC(16) Desired survivor size 4456448 bytes, new threshold 6 (max threshold 6)
[2022-06-13T03:03:51.121+0000][1][gc,age       ] GC(16) Age table with threshold 6 (max threshold 6)
[2022-06-13T03:03:51.122+0000][1][gc,age       ] GC(16) - age   1:     157208 bytes,     157208 total
[2022-06-13T03:03:51.122+0000][1][gc,heap      ] GC(16) ParNew: 78656K->6823K(78656K)
[2022-06-13T03:03:51.123+0000][1][gc,heap      ] GC(16) CMS: 49488K->55820K(174784K)
[2022-06-13T03:03:51.123+0000][1][gc,metaspace ] GC(16) Metaspace: 33173K->33173K(1079296K)
[2022-06-13T03:03:51.123+0000][1][gc           ] GC(16) Pause Young (Allocation Failure) 125M->61M(247M) 7.471ms
[2022-06-13T03:03:51.123+0000][1][gc,cpu       ] GC(16) User=0.02s Sys=0.00s Real=0.01s
[2022-06-13T03:03:51.124+0000][1][safepoint    ] Leaving safepoint region
[2022-06-13T03:03:51.124+0000][1][safepoint    ] Total time for which application threads were stopped: 0.0087603 seconds, Stopping threads took: 0.0002526 seconds
[2022-06-13T03:03:51.194+0000][1][safepoint    ] Application time: 0.0700484 seconds
[2022-06-13T03:03:51.195+0000][1][safepoint    ] Entering safepoint region: CollectForMetadataAllocation
[2022-06-13T03:03:51.195+0000][1][safepoint    ] Leaving safepoint region
[2022-06-13T03:03:51.196+0000][1][safepoint    ] Total time for which application threads were stopped: 0.0008233 seconds, Stopping threads took: 0.0003585 seconds
[2022-06-13T03:03:51.233+0000][1][safepoint    ] Application time: 0.0373170 seconds
[2022-06-13T03:03:51.234+0000][1][safepoint    ] Entering safepoint region: CollectForMetadataAllocation
[2022-06-13T03:03:51.234+0000][1][safepoint    ] Leaving safepoint region
[2022-06-13T03:03:51.235+0000][1][safepoint    ] Total time for which application threads were stopped: 0.0007150 seconds, Stopping threads took: 0.0002825 seconds
[2022-06-13T03:03:51.248+0000][1][safepoint    ] Application time: 0.0131550 seconds
[2022-06-13T03:03:51.248+0000][1][safepoint    ] Entering safepoint region: CollectForMetadataAllocation
[2022-06-13T03:03:51.249+0000][1][safepoint    ] Leaving safepoint region
[2022-06-13T03:03:51.249+0000][1][safepoint    ] Total time for which application threads were stopped: 0.0007050 seconds, Stopping threads took: 0.0002784 seconds
[2022-06-13T03:03:51.255+0000][1][safepoint    ] Application time: 0.0062523 seconds
[2022-06-13T03:03:51.256+0000][1][safepoint    ] Entering safepoint region: CollectForMetadataAllocation
[2022-06-13T03:03:51.256+0000][1][safepoint    ] Leaving safepoint region
[2022-06-13T03:03:51.256+0000][1][safepoint    ] Total time for which application threads were stopped: 0.0003299 seconds, Stopping threads took: 0.0001368 seconds
[2022-06-13T03:03:51.264+0000][1][safepoint    ] Application time: 0.0077263 seconds
[2022-06-13T03:03:51.264+0000][1][safepoint    ] Entering safepoint region: CollectForMetadataAllocation
[2022-06-13T03:03:51.265+0000][1][safepoint    ] Leaving safepoint region
[2022-06-13T03:03:51.265+0000][1][safepoint    ] Total time for which application threads were stopped: 0.0007232 seconds, Stopping threads took: 0.0002410 seconds
[2022-06-13T03:03:51.276+0000][1][safepoint    ] Application time: 0.0106236 seconds
[2022-06-13T03:03:51.276+0000][1][safepoint    ] Entering safepoint region: CollectForMetadataAllocation
[2022-06-13T03:03:51.276+0000][1][safepoint    ] Leaving safepoint region
[2022-06-13T03:03:51.277+0000][1][safepoint    ] Total time for which application threads were stopped: 0.0006071 seconds, Stopping threads took: 0.0002984 seconds
[2022-06-13T03:03:51.286+0000][1][safepoint    ] Application time: 0.0088919 seconds
[2022-06-13T03:03:51.286+0000][1][safepoint    ] Entering safepoint region: CollectForMetadataAllocation
[2022-06-13T03:03:51.286+0000][1][safepoint    ] Leaving safepoint region
[2022-06-13T03:03:51.287+0000][1][safepoint    ] Total time for which application threads were stopped: 0.0004559 seconds, Stopping threads took: 0.0001855 seconds
[2022-06-13T03:03:51.301+0000][1][safepoint    ] Application time: 0.0139017 seconds
[2022-06-13T03:03:51.301+0000][1][safepoint    ] Entering safepoint region: CollectForMetadataAllocation
[2022-06-13T03:03:51.301+0000][1][safepoint    ] Leaving safepoint region
[2022-06-13T03:03:51.302+0000][1][safepoint    ] Total time for which application threads were stopped: 0.0005286 seconds, Stopping threads took: 0.0002555 seconds
[2022-06-13T03:03:51.313+0000][1][safepoint    ] Application time: 0.0115614 seconds
[2022-06-13T03:03:51.314+0000][1][safepoint    ] Entering safepoint region: CollectForMetadataAllocation
[2022-06-13T03:03:51.314+0000][1][safepoint    ] Leaving safepoint region
[2022-06-13T03:03:51.315+0000][1][safepoint    ] Total time for which application threads were stopped: 0.0007902 seconds, Stopping threads took: 0.0003313 seconds
[2022-06-13T03:03:51.327+0000][1][safepoint    ] Application time: 0.0120432 seconds
[2022-06-13T03:03:51.327+0000][1][safepoint    ] Entering safepoint region: CollectForMetadataAllocation
[2022-06-13T03:03:51.328+0000][1][safepoint    ] Leaving safepoint region
[2022-06-13T03:03:51.328+0000][1][safepoint    ] Total time for which application threads were stopped: 0.0006491 seconds, Stopping threads took: 0.0002623 seconds
[2022-06-13T03:03:51.335+0000][1][safepoint    ] Application time: 0.0065587 seconds
[2022-06-13T03:03:51.335+0000][1][safepoint    ] Entering safepoint region: RevokeBias
[2022-06-13T03:03:51.336+0000][1][safepoint    ] Leaving safepoint region
[2022-06-13T03:03:51.336+0000][1][safepoint    ] Total time for which application threads were stopped: 0.0007284 seconds, Stopping threads took: 0.0003672 seconds
[2022-06-13T03:03:51.339+0000][1][safepoint    ] Application time: 0.0029337 seconds
[2022-06-13T03:03:51.339+0000][1][safepoint    ] Entering safepoint region: RevokeBias
[2022-06-13T03:03:51.340+0000][1][safepoint    ] Leaving safepoint region
[2022-06-13T03:03:51.340+0000][1][safepoint    ] Total time for which application threads were stopped: 0.0007290 seconds, Stopping threads took: 0.0003123 seconds
[2022-06-13T03:03:51.341+0000][1][safepoint    ] Application time: 0.0010371 seconds
[2022-06-13T03:03:51.342+0000][1][safepoint    ] Entering safepoint region: CollectForMetadataAllocation
[2022-06-13T03:03:51.342+0000][1][safepoint    ] Leaving safepoint region
[2022-06-13T03:03:51.343+0000][1][safepoint    ] Total time for which application threads were stopped: 0.0008542 seconds, Stopping threads took: 0.0003566 seconds
[2022-06-13T03:03:51.346+0000][1][safepoint    ] Application time: 0.0032754 seconds
[2022-06-13T03:03:51.347+0000][1][safepoint    ] Entering safepoint region: RevokeBias
[2022-06-13T03:03:51.347+0000][1][safepoint    ] Leaving safepoint region
[2022-06-13T03:03:51.347+0000][1][safepoint    ] Total time for which application threads were stopped: 0.0005551 seconds, Stopping threads took: 0.0002613 seconds
[2022-06-13T03:03:51.357+0000][1][safepoint    ] Application time: 0.0097232 seconds
[2022-06-13T03:03:51.358+0000][1][safepoint    ] Entering safepoint region: CollectForMetadataAllocation
[2022-06-13T03:03:51.358+0000][1][safepoint    ] Leaving safepoint region
[2022-06-13T03:03:51.359+0000][1][safepoint    ] Total time for which application threads were stopped: 0.0009267 seconds, Stopping threads took: 0.0004135 seconds
[2022-06-13T03:03:51.366+0000][1][safepoint    ] Application time: 0.0066675 seconds
[2022-06-13T03:03:51.366+0000][1][safepoint    ] Entering safepoint region: CollectForMetadataAllocation
[2022-06-13T03:03:51.367+0000][1][safepoint    ] Leaving safepoint region
[2022-06-13T03:03:51.367+0000][1][safepoint    ] Total time for which application threads were stopped: 0.0009793 seconds, Stopping threads took: 0.0004558 seconds
[2022-06-13T03:03:51.386+0000][1][safepoint    ] Application time: 0.0182710 seconds
[2022-06-13T03:03:51.386+0000][1][safepoint    ] Entering safepoint region: CollectForMetadataAllocation
[2022-06-13T03:03:51.387+0000][1][safepoint    ] Leaving safepoint region
[2022-06-13T03:03:51.387+0000][1][safepoint    ] Total time for which application threads were stopped: 0.0010386 seconds, Stopping threads took: 0.0004496 seconds
[2022-06-13T03:03:51.396+0000][1][safepoint    ] Application time: 0.0085258 seconds
[2022-06-13T03:03:51.397+0000][1][safepoint    ] Entering safepoint region: CollectForMetadataAllocation
[2022-06-13T03:03:51.397+0000][1][safepoint    ] Leaving safepoint region
[2022-06-13T03:03:51.398+0000][1][safepoint    ] Total time for which application threads were stopped: 0.0011525 seconds, Stopping threads took: 0.0005586 seconds
[2022-06-13T03:03:51.407+0000][1][safepoint    ] Application time: 0.0088906 seconds
[2022-06-13T03:03:51.408+0000][1][safepoint    ] Entering safepoint region: CollectForMetadataAllocation
[2022-06-13T03:03:51.408+0000][1][safepoint    ] Leaving safepoint region
[2022-06-13T03:03:51.409+0000][1][safepoint    ] Total time for which application threads were stopped: 0.0012140 seconds, Stopping threads took: 0.0005564 seconds
[2022-06-13T03:03:51.422+0000][1][safepoint    ] Application time: 0.0127267 seconds
[2022-06-13T03:03:51.423+0000][1][safepoint    ] Entering safepoint region: CollectForMetadataAllocation
[2022-06-13T03:03:51.423+0000][1][safepoint    ] Leaving safepoint region
[2022-06-13T03:03:51.424+0000][1][safepoint    ] Total time for which application threads were stopped: 0.0012544 seconds, Stopping threads took: 0.0005380 seconds
[2022-06-13T03:03:51.432+0000][1][safepoint    ] Application time: 0.0081037 seconds
[2022-06-13T03:03:51.433+0000][1][safepoint    ] Entering safepoint region: CollectForMetadataAllocation
[2022-06-13T03:03:51.434+0000][1][safepoint    ] Leaving safepoint region
[2022-06-13T03:03:51.435+0000][1][safepoint    ] Total time for which application threads were stopped: 0.0014856 seconds, Stopping threads took: 0.0005790 seconds
[2022-06-13T03:03:51.449+0000][1][safepoint    ] Application time: 0.0137810 seconds
[2022-06-13T03:03:51.449+0000][1][safepoint    ] Entering safepoint region: CollectForMetadataAllocation
[2022-06-13T03:03:51.450+0000][1][safepoint    ] Leaving safepoint region
[2022-06-13T03:03:51.450+0000][1][safepoint    ] Total time for which application threads were stopped: 0.0010897 seconds, Stopping threads took: 0.0006746 seconds
[2022-06-13T03:03:51.460+0000][1][safepoint    ] Application time: 0.0088411 seconds
[2022-06-13T03:03:51.460+0000][1][safepoint    ] Entering safepoint region: CollectForMetadataAllocation
[2022-06-13T03:03:51.460+0000][1][safepoint    ] Leaving safepoint region
[2022-06-13T03:03:51.461+0000][1][safepoint    ] Total time for which application threads were stopped: 0.0006759 seconds, Stopping threads took: 0.0002593 seconds
[2022-06-13T03:03:51.475+0000][1][safepoint    ] Application time: 0.0143026 seconds
[2022-06-13T03:03:51.476+0000][1][safepoint    ] Entering safepoint region: CollectForMetadataAllocation
[2022-06-13T03:03:51.476+0000][1][safepoint    ] Leaving safepoint region
[2022-06-13T03:03:51.476+0000][1][safepoint    ] Total time for which application threads were stopped: 0.0007635 seconds, Stopping threads took: 0.0003660 seconds
[2022-06-13T03:03:51.487+0000][1][safepoint    ] Application time: 0.0101199 seconds
[2022-06-13T03:03:51.487+0000][1][safepoint    ] Entering safepoint region: CollectForMetadataAllocation
[2022-06-13T03:03:51.487+0000][1][safepoint    ] Leaving safepoint region
[2022-06-13T03:03:51.488+0000][1][safepoint    ] Total time for which application threads were stopped: 0.0008000 seconds, Stopping threads took: 0.0002850 seconds
[2022-06-13T03:03:51.501+0000][1][safepoint    ] Application time: 0.0129629 seconds
[2022-06-13T03:03:51.502+0000][1][safepoint    ] Entering safepoint region: CollectForMetadataAllocation
[2022-06-13T03:03:51.502+0000][1][safepoint    ] Leaving safepoint region
[2022-06-13T03:03:51.502+0000][1][safepoint    ] Total time for which application threads were stopped: 0.0006731 seconds, Stopping threads took: 0.0002594 seconds
[2022-06-13T03:03:51.524+0000][1][safepoint    ] Application time: 0.0218620 seconds
[2022-06-13T03:03:51.525+0000][1][safepoint    ] Entering safepoint region: CollectForMetadataAllocation
[2022-06-13T03:03:51.525+0000][1][safepoint    ] Leaving safepoint region
[2022-06-13T03:03:51.525+0000][1][safepoint    ] Total time for which application threads were stopped: 0.0006531 seconds, Stopping threads took: 0.0002838 seconds
[2022-06-13T03:03:51.540+0000][1][safepoint    ] Application time: 0.0140591 seconds
[2022-06-13T03:03:51.540+0000][1][safepoint    ] Entering safepoint region: CollectForMetadataAllocation
[2022-06-13T03:03:51.540+0000][1][safepoint    ] Leaving safepoint region
[2022-06-13T03:03:51.541+0000][1][safepoint    ] Total time for which application threads were stopped: 0.0005713 seconds, Stopping threads took: 0.0002162 seconds
[2022-06-13T03:03:51.556+0000][1][safepoint    ] Application time: 0.0153079 seconds
[2022-06-13T03:03:51.557+0000][1][safepoint    ] Entering safepoint region: CollectForMetadataAllocation
[2022-06-13T03:03:51.557+0000][1][safepoint    ] Leaving safepoint region
[2022-06-13T03:03:51.557+0000][1][safepoint    ] Total time for which application threads were stopped: 0.0008337 seconds, Stopping threads took: 0.0004245 seconds
[2022-06-13T03:03:51.568+0000][1][safepoint    ] Application time: 0.0103243 seconds
[2022-06-13T03:03:51.568+0000][1][safepoint    ] Entering safepoint region: CollectForMetadataAllocation
[2022-06-13T03:03:51.568+0000][1][safepoint    ] Leaving safepoint region
[2022-06-13T03:03:51.569+0000][1][safepoint    ] Total time for which application threads were stopped: 0.0003334 seconds, Stopping threads took: 0.0001421 seconds
[2022-06-13T03:03:51.578+0000][1][safepoint    ] Application time: 0.0090934 seconds
[2022-06-13T03:03:51.578+0000][1][safepoint    ] Entering safepoint region: RevokeBias
[2022-06-13T03:03:51.578+0000][1][safepoint    ] Leaving safepoint region
[2022-06-13T03:03:51.579+0000][1][safepoint    ] Total time for which application threads were stopped: 0.0006664 seconds, Stopping threads took: 0.0003415 seconds
[2022-06-13T03:03:51.579+0000][1][safepoint    ] Application time: 0.0001595 seconds
[2022-06-13T03:03:51.580+0000][1][safepoint    ] Entering safepoint region: RevokeBias
[2022-06-13T03:03:51.580+0000][1][safepoint    ] Leaving safepoint region
[2022-06-13T03:03:51.580+0000][1][safepoint    ] Total time for which application threads were stopped: 0.0007165 seconds, Stopping threads took: 0.0003391 seconds
[2022-06-13T03:03:51.581+0000][1][safepoint    ] Application time: 0.0001412 seconds
[2022-06-13T03:03:51.581+0000][1][safepoint    ] Entering safepoint region: RevokeBias
[2022-06-13T03:03:51.582+0000][1][safepoint    ] Leaving safepoint region
[2022-06-13T03:03:51.582+0000][1][safepoint    ] Total time for which application threads were stopped: 0.0010924 seconds, Stopping threads took: 0.0007792 seconds
[2022-06-13T03:03:51.588+0000][1][safepoint    ] Application time: 0.0052474 seconds
[2022-06-13T03:03:51.588+0000][1][safepoint    ] Entering safepoint region: CollectForMetadataAllocation
[2022-06-13T03:03:51.588+0000][1][safepoint    ] Leaving safepoint region
[2022-06-13T03:03:51.589+0000][1][safepoint    ] Total time for which application threads were stopped: 0.0005288 seconds, Stopping threads took: 0.0002011 seconds
[2022-06-13T03:03:51.734+0000][1][safepoint    ] Application time: 0.1455557 seconds
[2022-06-13T03:03:51.735+0000][1][safepoint    ] Entering safepoint region: CollectForMetadataAllocation
[2022-06-13T03:03:51.735+0000][1][safepoint    ] Leaving safepoint region
[2022-06-13T03:03:51.735+0000][1][safepoint    ] Total time for which application threads were stopped: 0.0006594 seconds, Stopping threads took: 0.0002666 seconds
[2022-06-13T03:03:51.940+0000][1][safepoint    ] Application time: 0.2040267 seconds
[2022-06-13T03:03:51.940+0000][1][safepoint    ] Entering safepoint region: CollectForMetadataAllocation
[2022-06-13T03:03:51.940+0000][1][safepoint    ] Leaving safepoint region
[2022-06-13T03:03:51.941+0000][1][safepoint    ] Total time for which application threads were stopped: 0.0008329 seconds, Stopping threads took: 0.0003312 seconds
[2022-06-13T03:03:51.948+0000][1][safepoint    ] Application time: 0.0069746 seconds
[2022-06-13T03:03:51.948+0000][1][safepoint    ] Entering safepoint region: GenCollectForAllocation
[2022-06-13T03:03:51.949+0000][1][gc,start     ] GC(17) Pause Young (Allocation Failure)
[2022-06-13T03:03:51.949+0000][1][gc,task      ] GC(17) Using 5 workers of 13 for evacuation
[2022-06-13T03:03:51.953+0000][1][gc,age       ] GC(17) Desired survivor size 4456448 bytes, new threshold 6 (max threshold 6)
[2022-06-13T03:03:51.954+0000][1][gc,age       ] GC(17) Age table with threshold 6 (max threshold 6)
[2022-06-13T03:03:51.954+0000][1][gc,age       ] GC(17) - age   1:    4042960 bytes,    4042960 total
[2022-06-13T03:03:51.954+0000][1][gc,age       ] GC(17) - age   2:     155112 bytes,    4198072 total
[2022-06-13T03:03:51.955+0000][1][gc,heap      ] GC(17) ParNew: 76775K->4856K(78656K)
[2022-06-13T03:03:51.955+0000][1][gc,heap      ] GC(17) CMS: 55820K->55820K(174784K)
[2022-06-13T03:03:51.955+0000][1][gc,metaspace ] GC(17) Metaspace: 42576K->42576K(1089536K)
[2022-06-13T03:03:51.956+0000][1][gc           ] GC(17) Pause Young (Allocation Failure) 129M->59M(247M) 7.060ms
[2022-06-13T03:03:51.956+0000][1][gc,cpu       ] GC(17) User=0.02s Sys=0.00s Real=0.01s
[2022-06-13T03:03:51.957+0000][1][safepoint    ] Leaving safepoint region
[2022-06-13T03:03:51.957+0000][1][safepoint    ] Total time for which application threads were stopped: 0.0086816 seconds, Stopping threads took: 0.0002458 seconds
[2022-06-13T03:03:51.957+0000][1][safepoint    ] Application time: 0.0001308 seconds
[2022-06-13T03:03:51.958+0000][1][safepoint    ] Entering safepoint region: CMS_Initial_Mark
[2022-06-13T03:03:51.958+0000][1][gc,start     ] GC(18) Pause Initial Mark
[2022-06-13T03:03:51.960+0000][1][gc           ] GC(18) Pause Initial Mark 60M->60M(247M) 1.571ms
[2022-06-13T03:03:51.960+0000][1][gc,cpu       ] GC(18) User=0.00s Sys=0.00s Real=0.01s
[2022-06-13T03:03:51.960+0000][1][safepoint    ] Leaving safepoint region
[2022-06-13T03:03:51.960+0000][1][safepoint    ] Total time for which application threads were stopped: 0.0029106 seconds, Stopping threads took: 0.0003573 seconds
[2022-06-13T03:03:51.961+0000][1][gc           ] GC(18) Concurrent Mark
[2022-06-13T03:03:51.961+0000][1][gc,task      ] GC(18) Using 4 workers of 4 for marking
[2022-06-13T03:03:51.971+0000][1][safepoint    ] Application time: 0.0101548 seconds
[2022-06-13T03:03:51.971+0000][1][safepoint    ] Entering safepoint region: CollectForMetadataAllocation
[2022-06-13T03:03:51.972+0000][1][safepoint    ] Leaving safepoint region
[2022-06-13T03:03:51.972+0000][1][safepoint    ] Total time for which application threads were stopped: 0.0008745 seconds, Stopping threads took: 0.0004464 seconds
[2022-06-13T03:03:51.981+0000][1][gc           ] GC(18) Concurrent Mark 19.766ms
[2022-06-13T03:03:51.981+0000][1][gc,cpu       ] GC(18) User=0.11s Sys=0.02s Real=0.02s
[2022-06-13T03:03:51.981+0000][1][gc           ] GC(18) Concurrent Preclean
[2022-06-13T03:03:51.983+0000][1][gc           ] GC(18) Concurrent Preclean 1.548ms
[2022-06-13T03:03:51.983+0000][1][gc,cpu       ] GC(18) User=0.01s Sys=0.00s Real=0.00s
[2022-06-13T03:03:51.983+0000][1][gc           ] GC(18) Concurrent Abortable Preclean
[2022-06-13T03:03:52.071+0000][1][safepoint    ] Application time: 0.0980612 seconds
[2022-06-13T03:03:52.071+0000][1][safepoint    ] Entering safepoint region: CollectForMetadataAllocation
[2022-06-13T03:03:52.072+0000][1][safepoint    ] Leaving safepoint region
[2022-06-13T03:03:52.072+0000][1][safepoint    ] Total time for which application threads were stopped: 0.0010103 seconds, Stopping threads took: 0.0005098 seconds
[2022-06-13T03:03:52.088+0000][1][safepoint    ] Application time: 0.0157968 seconds
[2022-06-13T03:03:52.089+0000][1][safepoint    ] Entering safepoint region: CollectForMetadataAllocation
[2022-06-13T03:03:52.089+0000][1][safepoint    ] Leaving safepoint region
[2022-06-13T03:03:52.089+0000][1][safepoint    ] Total time for which application threads were stopped: 0.0008123 seconds, Stopping threads took: 0.0004547 seconds
[2022-06-13T03:03:52.097+0000][1][safepoint    ] Application time: 0.0075936 seconds
[2022-06-13T03:03:52.098+0000][1][safepoint    ] Entering safepoint region: CollectForMetadataAllocation
[2022-06-13T03:03:52.098+0000][1][safepoint    ] Leaving safepoint region
[2022-06-13T03:03:52.098+0000][1][safepoint    ] Total time for which application threads were stopped: 0.0006587 seconds, Stopping threads took: 0.0002781 seconds
[2022-06-13T03:03:52.124+0000][1][safepoint    ] Application time: 0.0257938 seconds
[2022-06-13T03:03:52.125+0000][1][safepoint    ] Entering safepoint region: CollectForMetadataAllocation
[2022-06-13T03:03:52.125+0000][1][safepoint    ] Leaving safepoint region
[2022-06-13T03:03:52.125+0000][1][safepoint    ] Total time for which application threads were stopped: 0.0004482 seconds, Stopping threads took: 0.0001690 seconds
[2022-06-13T03:03:52.136+0000][1][safepoint    ] Application time: 0.0103863 seconds
[2022-06-13T03:03:52.136+0000][1][safepoint    ] Entering safepoint region: Deoptimize
[2022-06-13T03:03:52.137+0000][1][safepoint    ] Leaving safepoint region
[2022-06-13T03:03:52.137+0000][1][safepoint    ] Total time for which application threads were stopped: 0.0008787 seconds, Stopping threads took: 0.0002217 seconds
[2022-06-13T03:03:52.138+0000][1][gc           ] GC(18) Concurrent Abortable Preclean 154.563ms
[2022-06-13T03:03:52.138+0000][1][gc,cpu       ] GC(18) User=0.84s Sys=0.06s Real=0.15s
[2022-06-13T03:03:52.138+0000][1][safepoint    ] Application time: 0.0009867 seconds
[2022-06-13T03:03:52.138+0000][1][safepoint    ] Entering safepoint region: CMS_Final_Remark
[2022-06-13T03:03:52.139+0000][1][gc,start     ] GC(18) Pause Remark
[2022-06-13T03:03:52.148+0000][1][gc           ] GC(18) Pause Remark 94M->94M(247M) 9.646ms
[2022-06-13T03:03:52.149+0000][1][gc,cpu       ] GC(18) User=0.04s Sys=0.01s Real=0.01s
[2022-06-13T03:03:52.149+0000][1][safepoint    ] Leaving safepoint region
[2022-06-13T03:03:52.149+0000][1][safepoint    ] Total time for which application threads were stopped: 0.0109285 seconds, Stopping threads took: 0.0005095 seconds
[2022-06-13T03:03:52.149+0000][1][gc           ] GC(18) Concurrent Sweep
[2022-06-13T03:03:52.152+0000][1][safepoint    ] Application time: 0.0024505 seconds
[2022-06-13T03:03:52.152+0000][1][safepoint    ] Entering safepoint region: CollectForMetadataAllocation
[2022-06-13T03:03:52.153+0000][1][safepoint    ] Leaving safepoint region
[2022-06-13T03:03:52.153+0000][1][safepoint    ] Total time for which application threads were stopped: 0.0013345 seconds, Stopping threads took: 0.0005194 seconds
[2022-06-13T03:03:52.156+0000][1][safepoint    ] Application time: 0.0028837 seconds
[2022-06-13T03:03:52.157+0000][1][safepoint    ] Entering safepoint region: RevokeBias
[2022-06-13T03:03:52.157+0000][1][safepoint    ] Leaving safepoint region
[2022-06-13T03:03:52.157+0000][1][safepoint    ] Total time for which application threads were stopped: 0.0005578 seconds, Stopping threads took: 0.0002416 seconds
[2022-06-13T03:03:52.159+0000][1][safepoint    ] Application time: 0.0009156 seconds
[2022-06-13T03:03:52.159+0000][1][safepoint    ] Entering safepoint region: RevokeBias
[2022-06-13T03:03:52.159+0000][1][safepoint    ] Leaving safepoint region
[2022-06-13T03:03:52.159+0000][1][safepoint    ] Total time for which application threads were stopped: 0.0003939 seconds, Stopping threads took: 0.0001791 seconds
[2022-06-13T03:03:52.167+0000][1][gc           ] GC(18) Concurrent Sweep 17.588ms
[2022-06-13T03:03:52.167+0000][1][gc,cpu       ] GC(18) User=0.06s Sys=0.00s Real=0.01s
[2022-06-13T03:03:52.167+0000][1][gc           ] GC(18) Concurrent Reset
[2022-06-13T03:03:52.168+0000][1][gc           ] GC(18) Concurrent Reset 0.476ms
[2022-06-13T03:03:52.168+0000][1][gc,cpu       ] GC(18) User=0.00s Sys=0.00s Real=0.00s
[2022-06-13T03:03:52.168+0000][1][gc,heap      ] GC(18) Old: 55820K->55605K(174784K)
[2022-06-13T03:03:52.184+0000][1][safepoint    ] Application time: 0.0245783 seconds
[2022-06-13T03:03:52.184+0000][1][safepoint    ] Entering safepoint region: RevokeBias
[2022-06-13T03:03:52.185+0000][1][safepoint    ] Leaving safepoint region
[2022-06-13T03:03:52.185+0000][1][safepoint    ] Total time for which application threads were stopped: 0.0006830 seconds, Stopping threads took: 0.0002762 seconds
[2022-06-13T03:03:52.196+0000][1][safepoint    ] Application time: 0.0111834 seconds
[2022-06-13T03:03:52.196+0000][1][safepoint    ] Entering safepoint region: RevokeBias
[2022-06-13T03:03:52.197+0000][1][safepoint    ] Leaving safepoint region
[2022-06-13T03:03:52.197+0000][1][safepoint    ] Total time for which application threads were stopped: 0.0003083 seconds, Stopping threads took: 0.0001611 seconds
[2022-06-13T03:03:52.200+0000][1][safepoint    ] Application time: 0.0028598 seconds
[2022-06-13T03:03:52.200+0000][1][safepoint    ] Entering safepoint region: RevokeBias
[2022-06-13T03:03:52.201+0000][1][safepoint    ] Leaving safepoint region
[2022-06-13T03:03:52.201+0000][1][safepoint    ] Total time for which application threads were stopped: 0.0007062 seconds, Stopping threads took: 0.0003313 seconds
[2022-06-13T03:03:52.346+0000][1][safepoint    ] Application time: 0.1449485 seconds
[2022-06-13T03:03:52.346+0000][1][safepoint    ] Entering safepoint region: RevokeBias
[2022-06-13T03:03:52.347+0000][1][safepoint    ] Leaving safepoint region
[2022-06-13T03:03:52.347+0000][1][safepoint    ] Total time for which application threads were stopped: 0.0008321 seconds, Stopping threads took: 0.0002541 seconds
[2022-06-13T03:03:52.347+0000][1][safepoint    ] Application time: 0.0001250 seconds
[2022-06-13T03:03:52.347+0000][1][safepoint    ] Entering safepoint region: RevokeBias
[2022-06-13T03:03:52.348+0000][1][safepoint    ] Leaving safepoint region
[2022-06-13T03:03:52.348+0000][1][safepoint    ] Total time for which application threads were stopped: 0.0002017 seconds, Stopping threads took: 0.0000927 seconds
[2022-06-13T03:03:52.348+0000][1][safepoint    ] Application time: 0.0000867 seconds
[2022-06-13T03:03:52.348+0000][1][safepoint    ] Entering safepoint region: RevokeBias
[2022-06-13T03:03:52.348+0000][1][safepoint    ] Leaving safepoint region
[2022-06-13T03:03:52.348+0000][1][safepoint    ] Total time for which application threads were stopped: 0.0002336 seconds, Stopping threads took: 0.0001009 seconds
[2022-06-13T03:03:52.348+0000][1][safepoint    ] Application time: 0.0000807 seconds
[2022-06-13T03:03:52.349+0000][1][safepoint    ] Entering safepoint region: RevokeBias
[2022-06-13T03:03:52.349+0000][1][safepoint    ] Leaving safepoint region
[2022-06-13T03:03:52.349+0000][1][safepoint    ] Total time for which application threads were stopped: 0.0003231 seconds, Stopping threads took: 0.0002173 seconds
[2022-06-13T03:03:52.349+0000][1][safepoint    ] Application time: 0.0003097 seconds
[2022-06-13T03:03:52.349+0000][1][safepoint    ] Entering safepoint region: RevokeBias
[2022-06-13T03:03:52.350+0000][1][safepoint    ] Leaving safepoint region
[2022-06-13T03:03:52.350+0000][1][safepoint    ] Total time for which application threads were stopped: 0.0002733 seconds, Stopping threads took: 0.0001733 seconds
[2022-06-13T03:03:52.350+0000][1][safepoint    ] Application time: 0.0003559 seconds
[2022-06-13T03:03:52.350+0000][1][safepoint    ] Entering safepoint region: RevokeBias
[2022-06-13T03:03:52.350+0000][1][safepoint    ] Leaving safepoint region
[2022-06-13T03:03:52.350+0000][1][safepoint    ] Total time for which application threads were stopped: 0.0002038 seconds, Stopping threads took: 0.0000851 seconds
[2022-06-13T03:03:52.351+0000][1][safepoint    ] Application time: 0.0000902 seconds
[2022-06-13T03:03:52.351+0000][1][safepoint    ] Entering safepoint region: RevokeBias
[2022-06-13T03:03:52.351+0000][1][safepoint    ] Leaving safepoint region
[2022-06-13T03:03:52.351+0000][1][safepoint    ] Total time for which application threads were stopped: 0.0002102 seconds, Stopping threads took: 0.0001000 seconds
[2022-06-13T03:03:52.351+0000][1][safepoint    ] Application time: 0.0001198 seconds
[2022-06-13T03:03:52.351+0000][1][safepoint    ] Entering safepoint region: RevokeBias
[2022-06-13T03:03:52.351+0000][1][safepoint    ] Leaving safepoint region
[2022-06-13T03:03:52.351+0000][1][safepoint    ] Total time for which application threads were stopped: 0.0003429 seconds, Stopping threads took: 0.0002023 seconds
[2022-06-13T03:03:52.352+0000][1][safepoint    ] Application time: 0.0000965 seconds
[2022-06-13T03:03:52.352+0000][1][safepoint    ] Entering safepoint region: RevokeBias
[2022-06-13T03:03:52.352+0000][1][safepoint    ] Leaving safepoint region
[2022-06-13T03:03:52.352+0000][1][safepoint    ] Total time for which application threads were stopped: 0.0003101 seconds, Stopping threads took: 0.0001879 seconds
[2022-06-13T03:03:52.352+0000][1][safepoint    ] Application time: 0.0000708 seconds
[2022-06-13T03:03:52.352+0000][1][safepoint    ] Entering safepoint region: RevokeBias
[2022-06-13T03:03:52.352+0000][1][safepoint    ] Leaving safepoint region
[2022-06-13T03:03:52.353+0000][1][safepoint    ] Total time for which application threads were stopped: 0.0002397 seconds, Stopping threads took: 0.0001323 seconds
[2022-06-13T03:03:52.353+0000][1][safepoint    ] Application time: 0.0000658 seconds
[2022-06-13T03:03:52.353+0000][1][safepoint    ] Entering safepoint region: RevokeBias
[2022-06-13T03:03:52.353+0000][1][safepoint    ] Leaving safepoint region
[2022-06-13T03:03:52.353+0000][1][safepoint    ] Total time for which application threads were stopped: 0.0001966 seconds, Stopping threads took: 0.0000860 seconds
[2022-06-13T03:03:52.353+0000][1][safepoint    ] Application time: 0.0000975 seconds
[2022-06-13T03:03:52.353+0000][1][safepoint    ] Entering safepoint region: RevokeBias
[2022-06-13T03:03:52.354+0000][1][safepoint    ] Leaving safepoint region
[2022-06-13T03:03:52.354+0000][1][safepoint    ] Total time for which application threads were stopped: 0.0003409 seconds, Stopping threads took: 0.0002094 seconds
[2022-06-13T03:03:52.354+0000][1][safepoint    ] Application time: 0.0003110 seconds
[2022-06-13T03:03:52.355+0000][1][safepoint    ] Entering safepoint region: RevokeBias
[2022-06-13T03:03:52.355+0000][1][safepoint    ] Leaving safepoint region
[2022-06-13T03:03:52.355+0000][1][safepoint    ] Total time for which application threads were stopped: 0.0005449 seconds, Stopping threads took: 0.0003704 seconds
[2022-06-13T03:03:52.355+0000][1][safepoint    ] Application time: 0.0000727 seconds
[2022-06-13T03:03:52.355+0000][1][safepoint    ] Entering safepoint region: RevokeBias
[2022-06-13T03:03:52.355+0000][1][safepoint    ] Leaving safepoint region
[2022-06-13T03:03:52.355+0000][1][safepoint    ] Total time for which application threads were stopped: 0.0003155 seconds, Stopping threads took: 0.0001942 seconds
[2022-06-13T03:03:52.356+0000][1][safepoint    ] Application time: 0.0000704 seconds
[2022-06-13T03:03:52.356+0000][1][safepoint    ] Entering safepoint region: RevokeBias
[2022-06-13T03:03:52.356+0000][1][safepoint    ] Leaving safepoint region
[2022-06-13T03:03:52.356+0000][1][safepoint    ] Total time for which application threads were stopped: 0.0002231 seconds, Stopping threads took: 0.0000918 seconds
[2022-06-13T03:03:52.356+0000][1][safepoint    ] Application time: 0.0000690 seconds
[2022-06-13T03:03:52.356+0000][1][safepoint    ] Entering safepoint region: RevokeBias
[2022-06-13T03:03:52.356+0000][1][safepoint    ] Leaving safepoint region
[2022-06-13T03:03:52.356+0000][1][safepoint    ] Total time for which application threads were stopped: 0.0002484 seconds, Stopping threads took: 0.0001337 seconds
[2022-06-13T03:03:52.357+0000][1][safepoint    ] Application time: 0.0000722 seconds
[2022-06-13T03:03:52.357+0000][1][safepoint    ] Entering safepoint region: RevokeBias
[2022-06-13T03:03:52.357+0000][1][safepoint    ] Leaving safepoint region
[2022-06-13T03:03:52.357+0000][1][safepoint    ] Total time for which application threads were stopped: 0.0002282 seconds, Stopping threads took: 0.0001176 seconds
[2022-06-13T03:03:52.357+0000][1][safepoint    ] Application time: 0.0000561 seconds
[2022-06-13T03:03:52.357+0000][1][safepoint    ] Entering safepoint region: RevokeBias
[2022-06-13T03:03:52.357+0000][1][safepoint    ] Leaving safepoint region
[2022-06-13T03:03:52.357+0000][1][safepoint    ] Total time for which application threads were stopped: 0.0001867 seconds, Stopping threads took: 0.0000947 seconds
[2022-06-13T03:03:52.358+0000][1][safepoint    ] Application time: 0.0000577 seconds
[2022-06-13T03:03:52.358+0000][1][safepoint    ] Entering safepoint region: RevokeBias
[2022-06-13T03:03:52.358+0000][1][safepoint    ] Leaving safepoint region
[2022-06-13T03:03:52.358+0000][1][safepoint    ] Total time for which application threads were stopped: 0.0001905 seconds, Stopping threads took: 0.0000777 seconds
[2022-06-13T03:03:52.358+0000][1][safepoint    ] Application time: 0.0000539 seconds
[2022-06-13T03:03:52.358+0000][1][safepoint    ] Entering safepoint region: RevokeBias
[2022-06-13T03:03:52.358+0000][1][safepoint    ] Leaving safepoint region
[2022-06-13T03:03:52.358+0000][1][safepoint    ] Total time for which application threads were stopped: 0.0001895 seconds, Stopping threads took: 0.0000899 seconds
[2022-06-13T03:03:52.358+0000][1][safepoint    ] Application time: 0.0000538 seconds
[2022-06-13T03:03:52.358+0000][1][safepoint    ] Entering safepoint region: RevokeBias
[2022-06-13T03:03:52.358+0000][1][safepoint    ] Leaving safepoint region
[2022-06-13T03:03:52.359+0000][1][safepoint    ] Total time for which application threads were stopped: 0.0001646 seconds, Stopping threads took: 0.0000700 seconds
[2022-06-13T03:03:52.359+0000][1][safepoint    ] Application time: 0.0000552 seconds
[2022-06-13T03:03:52.359+0000][1][safepoint    ] Entering safepoint region: RevokeBias
[2022-06-13T03:03:52.359+0000][1][safepoint    ] Leaving safepoint region
[2022-06-13T03:03:52.359+0000][1][safepoint    ] Total time for which application threads were stopped: 0.0001645 seconds, Stopping threads took: 0.0000732 seconds
[2022-06-13T03:03:52.359+0000][1][safepoint    ] Application time: 0.0000539 seconds
[2022-06-13T03:03:52.359+0000][1][safepoint    ] Entering safepoint region: RevokeBias
[2022-06-13T03:03:52.359+0000][1][safepoint    ] Leaving safepoint region
[2022-06-13T03:03:52.359+0000][1][safepoint    ] Total time for which application threads were stopped: 0.0002832 seconds, Stopping threads took: 0.0001049 seconds
[2022-06-13T03:03:52.360+0000][1][safepoint    ] Application time: 0.0000520 seconds
[2022-06-13T03:03:52.360+0000][1][safepoint    ] Entering safepoint region: RevokeBias
[2022-06-13T03:03:52.360+0000][1][safepoint    ] Leaving safepoint region
[2022-06-13T03:03:52.360+0000][1][safepoint    ] Total time for which application threads were stopped: 0.0001679 seconds, Stopping threads took: 0.0000691 seconds
[2022-06-13T03:03:52.360+0000][1][safepoint    ] Application time: 0.0000499 seconds
[2022-06-13T03:03:52.360+0000][1][safepoint    ] Entering safepoint region: RevokeBias
[2022-06-13T03:03:52.360+0000][1][safepoint    ] Leaving safepoint region
[2022-06-13T03:03:52.360+0000][1][safepoint    ] Total time for which application threads were stopped: 0.0001604 seconds, Stopping threads took: 0.0000679 seconds
[2022-06-13T03:03:52.360+0000][1][safepoint    ] Application time: 0.0000503 seconds
[2022-06-13T03:03:52.360+0000][1][safepoint    ] Entering safepoint region: RevokeBias
[2022-06-13T03:03:52.360+0000][1][safepoint    ] Leaving safepoint region
[2022-06-13T03:03:52.360+0000][1][safepoint    ] Total time for which application threads were stopped: 0.0001646 seconds, Stopping threads took: 0.0000738 seconds
[2022-06-13T03:03:52.361+0000][1][safepoint    ] Application time: 0.0000562 seconds
[2022-06-13T03:03:52.361+0000][1][safepoint    ] Entering safepoint region: RevokeBias
[2022-06-13T03:03:52.361+0000][1][safepoint    ] Leaving safepoint region
[2022-06-13T03:03:52.361+0000][1][safepoint    ] Total time for which application threads were stopped: 0.0001774 seconds, Stopping threads took: 0.0000783 seconds
[2022-06-13T03:03:52.361+0000][1][safepoint    ] Application time: 0.0000521 seconds
[2022-06-13T03:03:52.361+0000][1][safepoint    ] Entering safepoint region: RevokeBias
[2022-06-13T03:03:52.361+0000][1][safepoint    ] Leaving safepoint region
[2022-06-13T03:03:52.361+0000][1][safepoint    ] Total time for which application threads were stopped: 0.0001706 seconds, Stopping threads took: 0.0000745 seconds
[2022-06-13T03:03:52.361+0000][1][safepoint    ] Application time: 0.0000519 seconds
[2022-06-13T03:03:52.361+0000][1][safepoint    ] Entering safepoint region: RevokeBias
[2022-06-13T03:03:52.361+0000][1][safepoint    ] Leaving safepoint region
[2022-06-13T03:03:52.362+0000][1][safepoint    ] Total time for which application threads were stopped: 0.0001696 seconds, Stopping threads took: 0.0000715 seconds
[2022-06-13T03:03:52.362+0000][1][safepoint    ] Application time: 0.0000514 seconds
[2022-06-13T03:03:52.362+0000][1][safepoint    ] Entering safepoint region: RevokeBias
[2022-06-13T03:03:52.362+0000][1][safepoint    ] Leaving safepoint region
[2022-06-13T03:03:52.362+0000][1][safepoint    ] Total time for which application threads were stopped: 0.0001641 seconds, Stopping threads took: 0.0000721 seconds
[2022-06-13T03:03:52.362+0000][1][safepoint    ] Application time: 0.0000518 seconds
[2022-06-13T03:03:52.362+0000][1][safepoint    ] Entering safepoint region: RevokeBias
[2022-06-13T03:03:52.362+0000][1][safepoint    ] Leaving safepoint region
[2022-06-13T03:03:52.362+0000][1][safepoint    ] Total time for which application threads were stopped: 0.0001712 seconds, Stopping threads took: 0.0000733 seconds
[2022-06-13T03:03:52.362+0000][1][safepoint    ] Application time: 0.0000530 seconds
[2022-06-13T03:03:52.363+0000][1][safepoint    ] Entering safepoint region: BulkRevokeBias
[2022-06-13T03:03:52.363+0000][1][safepoint    ] Leaving safepoint region
[2022-06-13T03:03:52.363+0000][1][safepoint    ] Total time for which application threads were stopped: 0.0002474 seconds, Stopping threads took: 0.0000817 seconds
[2022-06-13T03:03:52.363+0000][1][safepoint    ] Application time: 0.0001155 seconds
[2022-06-13T03:03:52.363+0000][1][safepoint    ] Entering safepoint region: RevokeBias
[2022-06-13T03:03:52.363+0000][1][safepoint    ] Leaving safepoint region
[2022-06-13T03:03:52.363+0000][1][safepoint    ] Total time for which application threads were stopped: 0.0001556 seconds, Stopping threads took: 0.0000661 seconds
[2022-06-13T03:03:52.363+0000][1][safepoint    ] Application time: 0.0000655 seconds
[2022-06-13T03:03:52.363+0000][1][safepoint    ] Entering safepoint region: RevokeBias
[2022-06-13T03:03:52.363+0000][1][safepoint    ] Leaving safepoint region
[2022-06-13T03:03:52.364+0000][1][safepoint    ] Total time for which application threads were stopped: 0.0001633 seconds, Stopping threads took: 0.0000680 seconds
[2022-06-13T03:03:52.364+0000][1][safepoint    ] Application time: 0.0000821 seconds
[2022-06-13T03:03:52.364+0000][1][safepoint    ] Entering safepoint region: RevokeBias
[2022-06-13T03:03:52.364+0000][1][safepoint    ] Leaving safepoint region
[2022-06-13T03:03:52.364+0000][1][safepoint    ] Total time for which application threads were stopped: 0.0001562 seconds, Stopping threads took: 0.0000688 seconds
[2022-06-13T03:03:52.364+0000][1][safepoint    ] Application time: 0.0000724 seconds
[2022-06-13T03:03:52.364+0000][1][safepoint    ] Entering safepoint region: RevokeBias
[2022-06-13T03:03:52.364+0000][1][safepoint    ] Leaving safepoint region
[2022-06-13T03:03:52.364+0000][1][safepoint    ] Total time for which application threads were stopped: 0.0002129 seconds, Stopping threads took: 0.0001013 seconds
[2022-06-13T03:03:52.365+0000][1][safepoint    ] Application time: 0.0000935 seconds
[2022-06-13T03:03:52.365+0000][1][safepoint    ] Entering safepoint region: RevokeBias
[2022-06-13T03:03:52.365+0000][1][safepoint    ] Leaving safepoint region
[2022-06-13T03:03:52.365+0000][1][safepoint    ] Total time for which application threads were stopped: 0.0002293 seconds, Stopping threads took: 0.0001161 seconds
[2022-06-13T03:03:52.365+0000][1][safepoint    ] Application time: 0.0000344 seconds
[2022-06-13T03:03:52.365+0000][1][safepoint    ] Entering safepoint region: RevokeBias
[2022-06-13T03:03:52.365+0000][1][safepoint    ] Leaving safepoint region
[2022-06-13T03:03:52.365+0000][1][safepoint    ] Total time for which application threads were stopped: 0.0001933 seconds, Stopping threads took: 0.0000732 seconds
[2022-06-13T03:03:52.365+0000][1][safepoint    ] Application time: 0.0000689 seconds
[2022-06-13T03:03:52.365+0000][1][safepoint    ] Entering safepoint region: RevokeBias
[2022-06-13T03:03:52.366+0000][1][safepoint    ] Leaving safepoint region
[2022-06-13T03:03:52.366+0000][1][safepoint    ] Total time for which application threads were stopped: 0.0001733 seconds, Stopping threads took: 0.0000697 seconds
[2022-06-13T03:03:52.366+0000][1][safepoint    ] Application time: 0.0000767 seconds
[2022-06-13T03:03:52.366+0000][1][safepoint    ] Entering safepoint region: RevokeBias
[2022-06-13T03:03:52.366+0000][1][safepoint    ] Leaving safepoint region
[2022-06-13T03:03:52.366+0000][1][safepoint    ] Total time for which application threads were stopped: 0.0003251 seconds, Stopping threads took: 0.0002325 seconds
[2022-06-13T03:03:52.366+0000][1][safepoint    ] Application time: 0.0000707 seconds
[2022-06-13T03:03:52.366+0000][1][safepoint    ] Entering safepoint region: RevokeBias
[2022-06-13T03:03:52.367+0000][1][safepoint    ] Leaving safepoint region
[2022-06-13T03:03:52.367+0000][1][safepoint    ] Total time for which application threads were stopped: 0.0001809 seconds, Stopping threads took: 0.0000797 seconds
[2022-06-13T03:03:52.367+0000][1][safepoint    ] Application time: 0.0000547 seconds
[2022-06-13T03:03:52.367+0000][1][safepoint    ] Entering safepoint region: RevokeBias
[2022-06-13T03:03:52.367+0000][1][safepoint    ] Leaving safepoint region
[2022-06-13T03:03:52.367+0000][1][safepoint    ] Total time for which application threads were stopped: 0.0001614 seconds, Stopping threads took: 0.0000714 seconds
[2022-06-13T03:03:52.367+0000][1][safepoint    ] Application time: 0.0000536 seconds
[2022-06-13T03:03:52.367+0000][1][safepoint    ] Entering safepoint region: RevokeBias
[2022-06-13T03:03:52.367+0000][1][safepoint    ] Leaving safepoint region
[2022-06-13T03:03:52.367+0000][1][safepoint    ] Total time for which application threads were stopped: 0.0001637 seconds, Stopping threads took: 0.0000808 seconds
[2022-06-13T03:03:52.367+0000][1][safepoint    ] Application time: 0.0000576 seconds
[2022-06-13T03:03:52.368+0000][1][safepoint    ] Entering safepoint region: RevokeBias
[2022-06-13T03:03:52.368+0000][1][safepoint    ] Leaving safepoint region
[2022-06-13T03:03:52.368+0000][1][safepoint    ] Total time for which application threads were stopped: 0.0002058 seconds, Stopping threads took: 0.0000833 seconds
[2022-06-13T03:03:52.368+0000][1][safepoint    ] Application time: 0.0001013 seconds
[2022-06-13T03:03:52.368+0000][1][safepoint    ] Entering safepoint region: RevokeBias
[2022-06-13T03:03:52.368+0000][1][safepoint    ] Leaving safepoint region
[2022-06-13T03:03:52.368+0000][1][safepoint    ] Total time for which application threads were stopped: 0.0002454 seconds, Stopping threads took: 0.0001195 seconds
[2022-06-13T03:03:52.368+0000][1][safepoint    ] Application time: 0.0000708 seconds
[2022-06-13T03:03:52.369+0000][1][safepoint    ] Entering safepoint region: RevokeBias
[2022-06-13T03:03:52.369+0000][1][safepoint    ] Leaving safepoint region
[2022-06-13T03:03:52.369+0000][1][safepoint    ] Total time for which application threads were stopped: 0.0001940 seconds, Stopping threads took: 0.0000948 seconds
[2022-06-13T03:03:52.369+0000][1][safepoint    ] Application time: 0.0000693 seconds
[2022-06-13T03:03:52.369+0000][1][safepoint    ] Entering safepoint region: RevokeBias
[2022-06-13T03:03:52.369+0000][1][safepoint    ] Leaving safepoint region
[2022-06-13T03:03:52.369+0000][1][safepoint    ] Total time for which application threads were stopped: 0.0002546 seconds, Stopping threads took: 0.0000797 seconds
[2022-06-13T03:03:52.369+0000][1][safepoint    ] Application time: 0.0000642 seconds
[2022-06-13T03:03:52.369+0000][1][safepoint    ] Entering safepoint region: RevokeBias
[2022-06-13T03:03:52.370+0000][1][safepoint    ] Leaving safepoint region
[2022-06-13T03:03:52.370+0000][1][safepoint    ] Total time for which application threads were stopped: 0.0004725 seconds, Stopping threads took: 0.0001586 seconds
[2022-06-13T03:03:52.370+0000][1][safepoint    ] Application time: 0.0000626 seconds
[2022-06-13T03:03:52.370+0000][1][safepoint    ] Entering safepoint region: RevokeBias
[2022-06-13T03:03:52.370+0000][1][safepoint    ] Leaving safepoint region
[2022-06-13T03:03:52.370+0000][1][safepoint    ] Total time for which application threads were stopped: 0.0001888 seconds, Stopping threads took: 0.0000824 seconds
[2022-06-13T03:03:52.371+0000][1][safepoint    ] Application time: 0.0000587 seconds
[2022-06-13T03:03:52.371+0000][1][safepoint    ] Entering safepoint region: RevokeBias
[2022-06-13T03:03:52.371+0000][1][safepoint    ] Leaving safepoint region
[2022-06-13T03:03:52.371+0000][1][safepoint    ] Total time for which application threads were stopped: 0.0001664 seconds, Stopping threads took: 0.0000742 seconds
[2022-06-13T03:03:52.371+0000][1][safepoint    ] Application time: 0.0000615 seconds
[2022-06-13T03:03:52.371+0000][1][safepoint    ] Entering safepoint region: RevokeBias
[2022-06-13T03:03:52.371+0000][1][safepoint    ] Leaving safepoint region
[2022-06-13T03:03:52.371+0000][1][safepoint    ] Total time for which application threads were stopped: 0.0001936 seconds, Stopping threads took: 0.0000882 seconds
[2022-06-13T03:03:52.371+0000][1][safepoint    ] Application time: 0.0000608 seconds
[2022-06-13T03:03:52.371+0000][1][safepoint    ] Entering safepoint region: RevokeBias
[2022-06-13T03:03:52.372+0000][1][safepoint    ] Leaving safepoint region
[2022-06-13T03:03:52.372+0000][1][safepoint    ] Total time for which application threads were stopped: 0.0002161 seconds, Stopping threads took: 0.0001130 seconds
[2022-06-13T03:03:52.372+0000][1][safepoint    ] Application time: 0.0000621 seconds
[2022-06-13T03:03:52.372+0000][1][safepoint    ] Entering safepoint region: RevokeBias
[2022-06-13T03:03:52.372+0000][1][safepoint    ] Leaving safepoint region
[2022-06-13T03:03:52.372+0000][1][safepoint    ] Total time for which application threads were stopped: 0.0002485 seconds, Stopping threads took: 0.0001292 seconds
[2022-06-13T03:03:52.372+0000][1][safepoint    ] Application time: 0.0000779 seconds
[2022-06-13T03:03:52.372+0000][1][safepoint    ] Entering safepoint region: RevokeBias
[2022-06-13T03:03:52.373+0000][1][safepoint    ] Leaving safepoint region
[2022-06-13T03:03:52.373+0000][1][safepoint    ] Total time for which application threads were stopped: 0.0001980 seconds, Stopping threads took: 0.0000895 seconds
[2022-06-13T03:03:52.373+0000][1][safepoint    ] Application time: 0.0000712 seconds
[2022-06-13T03:03:52.373+0000][1][safepoint    ] Entering safepoint region: RevokeBias
[2022-06-13T03:03:52.373+0000][1][safepoint    ] Leaving safepoint region
[2022-06-13T03:03:52.373+0000][1][safepoint    ] Total time for which application threads were stopped: 0.0002637 seconds, Stopping threads took: 0.0001342 seconds
[2022-06-13T03:03:52.373+0000][1][safepoint    ] Application time: 0.0000754 seconds
[2022-06-13T03:03:52.373+0000][1][safepoint    ] Entering safepoint region: RevokeBias
[2022-06-13T03:03:52.373+0000][1][safepoint    ] Leaving safepoint region
[2022-06-13T03:03:52.374+0000][1][safepoint    ] Total time for which application threads were stopped: 0.0002048 seconds, Stopping threads took: 0.0000846 seconds
[2022-06-13T03:03:52.374+0000][1][safepoint    ] Application time: 0.0000574 seconds
[2022-06-13T03:03:52.374+0000][1][safepoint    ] Entering safepoint region: BulkRevokeBias
[2022-06-13T03:03:52.374+0000][1][safepoint    ] Leaving safepoint region
[2022-06-13T03:03:52.374+0000][1][safepoint    ] Total time for which application threads were stopped: 0.0002757 seconds, Stopping threads took: 0.0001099 seconds
[2022-06-13T03:03:52.374+0000][1][safepoint    ] Application time: 0.0002357 seconds
[2022-06-13T03:03:52.375+0000][1][safepoint    ] Entering safepoint region: RevokeBias
[2022-06-13T03:03:52.375+0000][1][safepoint    ] Leaving safepoint region
[2022-06-13T03:03:52.375+0000][1][safepoint    ] Total time for which application threads were stopped: 0.0004778 seconds, Stopping threads took: 0.0003626 seconds
[2022-06-13T03:03:52.375+0000][1][safepoint    ] Application time: 0.0001211 seconds
[2022-06-13T03:03:52.375+0000][1][safepoint    ] Entering safepoint region: RevokeBias
[2022-06-13T03:03:52.375+0000][1][safepoint    ] Leaving safepoint region
[2022-06-13T03:03:52.376+0000][1][safepoint    ] Total time for which application threads were stopped: 0.0002389 seconds, Stopping threads took: 0.0001180 seconds
[2022-06-13T03:03:52.376+0000][1][safepoint    ] Application time: 0.0001913 seconds
[2022-06-13T03:03:52.376+0000][1][safepoint    ] Entering safepoint region: RevokeBias
[2022-06-13T03:03:52.376+0000][1][safepoint    ] Leaving safepoint region
[2022-06-13T03:03:52.376+0000][1][safepoint    ] Total time for which application threads were stopped: 0.0002750 seconds, Stopping threads took: 0.0001540 seconds
[2022-06-13T03:03:52.376+0000][1][safepoint    ] Application time: 0.0000896 seconds
[2022-06-13T03:03:52.377+0000][1][safepoint    ] Entering safepoint region: RevokeBias
[2022-06-13T03:03:52.377+0000][1][safepoint    ] Leaving safepoint region
[2022-06-13T03:03:52.377+0000][1][safepoint    ] Total time for which application threads were stopped: 0.0002685 seconds, Stopping threads took: 0.0001286 seconds
[2022-06-13T03:03:52.377+0000][1][safepoint    ] Application time: 0.0000792 seconds
[2022-06-13T03:03:52.377+0000][1][safepoint    ] Entering safepoint region: RevokeBias
[2022-06-13T03:03:52.377+0000][1][safepoint    ] Leaving safepoint region
[2022-06-13T03:03:52.377+0000][1][safepoint    ] Total time for which application threads were stopped: 0.0002340 seconds, Stopping threads took: 0.0001221 seconds
[2022-06-13T03:03:52.377+0000][1][safepoint    ] Application time: 0.0000673 seconds
[2022-06-13T03:03:52.378+0000][1][safepoint    ] Entering safepoint region: RevokeBias
[2022-06-13T03:03:52.378+0000][1][safepoint    ] Leaving safepoint region
[2022-06-13T03:03:52.378+0000][1][safepoint    ] Total time for which application threads were stopped: 0.0003050 seconds, Stopping threads took: 0.0001722 seconds
[2022-06-13T03:03:52.378+0000][1][safepoint    ] Application time: 0.0002968 seconds
[2022-06-13T03:03:52.378+0000][1][safepoint    ] Entering safepoint region: RevokeBias
[2022-06-13T03:03:52.379+0000][1][safepoint    ] Leaving safepoint region
[2022-06-13T03:03:52.379+0000][1][safepoint    ] Total time for which application threads were stopped: 0.0002599 seconds, Stopping threads took: 0.0001413 seconds
[2022-06-13T03:03:52.379+0000][1][safepoint    ] Application time: 0.0001381 seconds
[2022-06-13T03:03:52.379+0000][1][safepoint    ] Entering safepoint region: RevokeBias
[2022-06-13T03:03:52.379+0000][1][safepoint    ] Leaving safepoint region
[2022-06-13T03:03:52.379+0000][1][safepoint    ] Total time for which application threads were stopped: 0.0003620 seconds, Stopping threads took: 0.0001196 seconds
[2022-06-13T03:03:52.380+0000][1][safepoint    ] Application time: 0.0004251 seconds
[2022-06-13T03:03:52.380+0000][1][safepoint    ] Entering safepoint region: RevokeBias
[2022-06-13T03:03:52.380+0000][1][safepoint    ] Leaving safepoint region
[2022-06-13T03:03:52.380+0000][1][safepoint    ] Total time for which application threads were stopped: 0.0002053 seconds, Stopping threads took: 0.0000834 seconds
[2022-06-13T03:03:52.380+0000][1][safepoint    ] Application time: 0.0002725 seconds
[2022-06-13T03:03:52.381+0000][1][safepoint    ] Entering safepoint region: RevokeBias
[2022-06-13T03:03:52.381+0000][1][safepoint    ] Leaving safepoint region
[2022-06-13T03:03:52.381+0000][1][safepoint    ] Total time for which application threads were stopped: 0.0002078 seconds, Stopping threads took: 0.0000889 seconds
[2022-06-13T03:03:52.381+0000][1][safepoint    ] Application time: 0.0001098 seconds
[2022-06-13T03:03:52.381+0000][1][safepoint    ] Entering safepoint region: RevokeBias
[2022-06-13T03:03:52.381+0000][1][safepoint    ] Leaving safepoint region
[2022-06-13T03:03:52.381+0000][1][safepoint    ] Total time for which application threads were stopped: 0.0002873 seconds, Stopping threads took: 0.0001718 seconds
[2022-06-13T03:03:52.382+0000][1][safepoint    ] Application time: 0.0001210 seconds
[2022-06-13T03:03:52.382+0000][1][safepoint    ] Entering safepoint region: RevokeBias
[2022-06-13T03:03:52.382+0000][1][safepoint    ] Leaving safepoint region
[2022-06-13T03:03:52.382+0000][1][safepoint    ] Total time for which application threads were stopped: 0.0001882 seconds, Stopping threads took: 0.0000822 seconds
[2022-06-13T03:03:52.382+0000][1][safepoint    ] Application time: 0.0000788 seconds
[2022-06-13T03:03:52.382+0000][1][safepoint    ] Entering safepoint region: RevokeBias
[2022-06-13T03:03:52.382+0000][1][safepoint    ] Leaving safepoint region
[2022-06-13T03:03:52.382+0000][1][safepoint    ] Total time for which application threads were stopped: 0.0001854 seconds, Stopping threads took: 0.0000894 seconds
[2022-06-13T03:03:52.382+0000][1][safepoint    ] Application time: 0.0001891 seconds
[2022-06-13T03:03:52.383+0000][1][safepoint    ] Entering safepoint region: RevokeBias
[2022-06-13T03:03:52.383+0000][1][safepoint    ] Leaving safepoint region
[2022-06-13T03:03:52.383+0000][1][safepoint    ] Total time for which application threads were stopped: 0.0002292 seconds, Stopping threads took: 0.0001178 seconds
[2022-06-13T03:03:52.383+0000][1][safepoint    ] Application time: 0.0002788 seconds
[2022-06-13T03:03:52.383+0000][1][safepoint    ] Entering safepoint region: RevokeBias
[2022-06-13T03:03:52.384+0000][1][safepoint    ] Leaving safepoint region
[2022-06-13T03:03:52.384+0000][1][safepoint    ] Total time for which application threads were stopped: 0.0006123 seconds, Stopping threads took: 0.0003854 seconds
[2022-06-13T03:03:52.385+0000][1][safepoint    ] Application time: 0.0011718 seconds
[2022-06-13T03:03:52.385+0000][1][safepoint    ] Entering safepoint region: BulkRevokeBias
[2022-06-13T03:03:52.386+0000][1][safepoint    ] Leaving safepoint region
[2022-06-13T03:03:52.386+0000][1][safepoint    ] Total time for which application threads were stopped: 0.0002844 seconds, Stopping threads took: 0.0001473 seconds
[2022-06-13T03:03:52.386+0000][1][safepoint    ] Application time: 0.0000900 seconds
[2022-06-13T03:03:52.386+0000][1][safepoint    ] Entering safepoint region: RevokeBias
[2022-06-13T03:03:52.386+0000][1][safepoint    ] Leaving safepoint region
[2022-06-13T03:03:52.386+0000][1][safepoint    ] Total time for which application threads were stopped: 0.0002437 seconds, Stopping threads took: 0.0001280 seconds
[2022-06-13T03:03:52.386+0000][1][safepoint    ] Application time: 0.0000673 seconds
[2022-06-13T03:03:52.387+0000][1][safepoint    ] Entering safepoint region: RevokeBias
[2022-06-13T03:03:52.387+0000][1][safepoint    ] Leaving safepoint region
[2022-06-13T03:03:52.387+0000][1][safepoint    ] Total time for which application threads were stopped: 0.0002233 seconds, Stopping threads took: 0.0001003 seconds
[2022-06-13T03:03:52.387+0000][1][safepoint    ] Application time: 0.0005068 seconds
[2022-06-13T03:03:52.388+0000][1][safepoint    ] Entering safepoint region: RevokeBias
[2022-06-13T03:03:52.388+0000][1][safepoint    ] Leaving safepoint region
[2022-06-13T03:03:52.388+0000][1][safepoint    ] Total time for which application threads were stopped: 0.0003774 seconds, Stopping threads took: 0.0002025 seconds
[2022-06-13T03:03:52.389+0000][1][safepoint    ] Application time: 0.0008187 seconds
[2022-06-13T03:03:52.389+0000][1][safepoint    ] Entering safepoint region: RevokeBias
[2022-06-13T03:03:52.390+0000][1][safepoint    ] Leaving safepoint region
[2022-06-13T03:03:52.390+0000][1][safepoint    ] Total time for which application threads were stopped: 0.0006567 seconds, Stopping threads took: 0.0004962 seconds
[2022-06-13T03:03:52.390+0000][1][safepoint    ] Application time: 0.0000625 seconds
[2022-06-13T03:03:52.390+0000][1][safepoint    ] Entering safepoint region: RevokeBias
[2022-06-13T03:03:52.390+0000][1][safepoint    ] Leaving safepoint region
[2022-06-13T03:03:52.390+0000][1][safepoint    ] Total time for which application threads were stopped: 0.0005027 seconds, Stopping threads took: 0.0003689 seconds
[2022-06-13T03:03:52.391+0000][1][safepoint    ] Application time: 0.0001804 seconds
[2022-06-13T03:03:52.391+0000][1][safepoint    ] Entering safepoint region: RevokeBias
[2022-06-13T03:03:52.391+0000][1][safepoint    ] Leaving safepoint region
[2022-06-13T03:03:52.391+0000][1][safepoint    ] Total time for which application threads were stopped: 0.0003499 seconds, Stopping threads took: 0.0002005 seconds
[2022-06-13T03:03:52.408+0000][1][safepoint    ] Application time: 0.0164744 seconds
[2022-06-13T03:03:52.408+0000][1][safepoint    ] Entering safepoint region: GenCollectForAllocation
[2022-06-13T03:03:52.409+0000][1][gc,start     ] GC(19) Pause Young (Allocation Failure)
[2022-06-13T03:03:52.409+0000][1][gc,task      ] GC(19) Using 5 workers of 13 for evacuation
[2022-06-13T03:03:52.413+0000][1][gc,age       ] GC(19) Desired survivor size 4456448 bytes, new threshold 2 (max threshold 6)
[2022-06-13T03:03:52.413+0000][1][gc,age       ] GC(19) Age table with threshold 2 (max threshold 6)
[2022-06-13T03:03:52.414+0000][1][gc,age       ] GC(19) - age   1:    2841544 bytes,    2841544 total
[2022-06-13T03:03:52.414+0000][1][gc,age       ] GC(19) - age   2:    3941432 bytes,    6782976 total
[2022-06-13T03:03:52.415+0000][1][gc,age       ] GC(19) - age   3:     155040 bytes,    6938016 total
[2022-06-13T03:03:52.415+0000][1][gc,heap      ] GC(19) ParNew: 74808K->7717K(78656K)
[2022-06-13T03:03:52.416+0000][1][gc,heap      ] GC(19) CMS: 55605K->55605K(174784K)
[2022-06-13T03:03:52.416+0000][1][gc,metaspace ] GC(19) Metaspace: 47492K->47492K(1093632K)
[2022-06-13T03:03:52.416+0000][1][gc           ] GC(19) Pause Young (Allocation Failure) 127M->61M(247M) 7.631ms
[2022-06-13T03:03:52.417+0000][1][gc,cpu       ] GC(19) User=0.02s Sys=0.00s Real=0.01s
[2022-06-13T03:03:52.417+0000][1][safepoint    ] Leaving safepoint region
[2022-06-13T03:03:52.417+0000][1][safepoint    ] Total time for which application threads were stopped: 0.0087442 seconds, Stopping threads took: 0.0002837 seconds
[2022-06-13T03:03:52.521+0000][1][safepoint    ] Application time: 0.1039591 seconds
[2022-06-13T03:03:52.522+0000][1][safepoint    ] Entering safepoint region: RevokeBias
[2022-06-13T03:03:52.523+0000][1][safepoint    ] Leaving safepoint region
[2022-06-13T03:03:52.523+0000][1][safepoint    ] Total time for which application threads were stopped: 0.0011111 seconds, Stopping threads took: 0.0005088 seconds
[2022-06-13T03:03:52.772+0000][1][safepoint    ] Application time: 0.2482994 seconds
[2022-06-13T03:03:52.772+0000][1][safepoint    ] Entering safepoint region: GenCollectForAllocation
[2022-06-13T03:03:52.773+0000][1][gc,start     ] GC(20) Pause Young (Allocation Failure)
[2022-06-13T03:03:52.773+0000][1][gc,task      ] GC(20) Using 5 workers of 13 for evacuation
[2022-06-13T03:03:52.780+0000][1][gc,age       ] GC(20) Desired survivor size 4456448 bytes, new threshold 6 (max threshold 6)
[2022-06-13T03:03:52.780+0000][1][gc,age       ] GC(20) Age table with threshold 6 (max threshold 6)
[2022-06-13T03:03:52.781+0000][1][gc,age       ] GC(20) - age   1:    1639032 bytes,    1639032 total
[2022-06-13T03:03:52.781+0000][1][gc,age       ] GC(20) - age   2:    2780568 bytes,    4419600 total
[2022-06-13T03:03:52.781+0000][1][gc,heap      ] GC(20) ParNew: 77669K->7150K(78656K)
[2022-06-13T03:03:52.782+0000][1][gc,heap      ] GC(20) CMS: 55605K->59726K(174784K)
[2022-06-13T03:03:52.782+0000][1][gc,metaspace ] GC(20) Metaspace: 54377K->54377K(1099776K)
[2022-06-13T03:03:52.782+0000][1][gc           ] GC(20) Pause Young (Allocation Failure) 130M->65M(247M) 9.280ms
[2022-06-13T03:03:52.783+0000][1][gc,cpu       ] GC(20) User=0.02s Sys=0.01s Real=0.01s
[2022-06-13T03:03:52.783+0000][1][safepoint    ] Leaving safepoint region
[2022-06-13T03:03:52.783+0000][1][safepoint    ] Total time for which application threads were stopped: 0.0110325 seconds, Stopping threads took: 0.0003938 seconds
[2022-06-13T03:03:52.873+0000][1][safepoint    ] Application time: 0.0895892 seconds
[2022-06-13T03:03:52.874+0000][1][safepoint    ] Entering safepoint region: Deoptimize
[2022-06-13T03:03:52.875+0000][1][safepoint    ] Leaving safepoint region
[2022-06-13T03:03:52.875+0000][1][safepoint    ] Total time for which application threads were stopped: 0.0013538 seconds, Stopping threads took: 0.0003371 seconds
[2022-06-13T03:03:52.895+0000][1][safepoint    ] Application time: 0.0194511 seconds
[2022-06-13T03:03:52.895+0000][1][safepoint    ] Entering safepoint region: RevokeBias
[2022-06-13T03:03:52.896+0000][1][safepoint    ] Leaving safepoint region
[2022-06-13T03:03:52.896+0000][1][safepoint    ] Total time for which application threads were stopped: 0.0009364 seconds, Stopping threads took: 0.0003980 seconds
[2022-06-13T03:03:52.897+0000][1][safepoint    ] Application time: 0.0001173 seconds
[2022-06-13T03:03:52.897+0000][1][safepoint    ] Entering safepoint region: RevokeBias
[2022-06-13T03:03:52.897+0000][1][safepoint    ] Leaving safepoint region
[2022-06-13T03:03:52.898+0000][1][safepoint    ] Total time for which application threads were stopped: 0.0009414 seconds, Stopping threads took: 0.0004844 seconds
[2022-06-13T03:03:52.898+0000][1][safepoint    ] Application time: 0.0001288 seconds
[2022-06-13T03:03:52.899+0000][1][safepoint    ] Entering safepoint region: RevokeBias
[2022-06-13T03:03:52.899+0000][1][safepoint    ] Leaving safepoint region
[2022-06-13T03:03:52.900+0000][1][safepoint    ] Total time for which application threads were stopped: 0.0008163 seconds, Stopping threads took: 0.0004915 seconds
[2022-06-13T03:03:52.901+0000][1][safepoint    ] Application time: 0.0014620 seconds
[2022-06-13T03:03:52.902+0000][1][safepoint    ] Entering safepoint region: RevokeBias
[2022-06-13T03:03:52.902+0000][1][safepoint    ] Leaving safepoint region
[2022-06-13T03:03:52.902+0000][1][safepoint    ] Total time for which application threads were stopped: 0.0007127 seconds, Stopping threads took: 0.0003122 seconds
[2022-06-13T03:03:53.011+0000][1][safepoint    ] Application time: 0.1084427 seconds
[2022-06-13T03:03:53.011+0000][1][safepoint    ] Entering safepoint region: Deoptimize
[2022-06-13T03:03:53.013+0000][1][safepoint    ] Leaving safepoint region
[2022-06-13T03:03:53.013+0000][1][safepoint    ] Total time for which application threads were stopped: 0.0017149 seconds, Stopping threads took: 0.0001129 seconds
[2022-06-13T03:03:53.281+0000][1][safepoint    ] Application time: 0.2675649 seconds
[2022-06-13T03:03:53.282+0000][1][safepoint    ] Entering safepoint region: RevokeBias
[2022-06-13T03:03:53.282+0000][1][safepoint    ] Leaving safepoint region
[2022-06-13T03:03:53.283+0000][1][safepoint    ] Total time for which application threads were stopped: 0.0009837 seconds, Stopping threads took: 0.0004795 seconds
[2022-06-13T03:03:53.284+0000][1][safepoint    ] Application time: 0.0007841 seconds
[2022-06-13T03:03:53.284+0000][1][safepoint    ] Entering safepoint region: RevokeBias
[2022-06-13T03:03:53.285+0000][1][safepoint    ] Leaving safepoint region
[2022-06-13T03:03:53.285+0000][1][safepoint    ] Total time for which application threads were stopped: 0.0008783 seconds, Stopping threads took: 0.0004123 seconds
[2022-06-13T03:03:53.286+0000][1][safepoint    ] Application time: 0.0001701 seconds
[2022-06-13T03:03:53.286+0000][1][safepoint    ] Entering safepoint region: RevokeBias
[2022-06-13T03:03:53.286+0000][1][safepoint    ] Leaving safepoint region
[2022-06-13T03:03:53.287+0000][1][safepoint    ] Total time for which application threads were stopped: 0.0008935 seconds, Stopping threads took: 0.0003975 seconds
[2022-06-13T03:03:53.288+0000][1][safepoint    ] Application time: 0.0001045 seconds
[2022-06-13T03:03:53.288+0000][1][safepoint    ] Entering safepoint region: RevokeBias
[2022-06-13T03:03:53.288+0000][1][safepoint    ] Leaving safepoint region
[2022-06-13T03:03:53.289+0000][1][safepoint    ] Total time for which application threads were stopped: 0.0011599 seconds, Stopping threads took: 0.0004531 seconds
[2022-06-13T03:03:53.290+0000][1][safepoint    ] Application time: 0.0003223 seconds
[2022-06-13T03:03:53.290+0000][1][safepoint    ] Entering safepoint region: RevokeBias
[2022-06-13T03:03:53.290+0000][1][safepoint    ] Leaving safepoint region
[2022-06-13T03:03:53.291+0000][1][safepoint    ] Total time for which application threads were stopped: 0.0009454 seconds, Stopping threads took: 0.0005260 seconds
[2022-06-13T03:03:53.313+0000][1][safepoint    ] Application time: 0.0213826 seconds
[2022-06-13T03:03:53.313+0000][1][safepoint    ] Entering safepoint region: GenCollectForAllocation
[2022-06-13T03:03:53.314+0000][1][gc,start     ] GC(21) Pause Young (Allocation Failure)
[2022-06-13T03:03:53.314+0000][1][gc,task      ] GC(21) Using 5 workers of 13 for evacuation
[2022-06-13T03:03:53.319+0000][1][gc,age       ] GC(21) Desired survivor size 4456448 bytes, new threshold 2 (max threshold 6)
[2022-06-13T03:03:53.320+0000][1][gc,age       ] GC(21) Age table with threshold 2 (max threshold 6)
[2022-06-13T03:03:53.320+0000][1][gc,age       ] GC(21) - age   1:    3664512 bytes,    3664512 total
[2022-06-13T03:03:53.320+0000][1][gc,age       ] GC(21) - age   2:    1570080 bytes,    5234592 total
[2022-06-13T03:03:53.321+0000][1][gc,age       ] GC(21) - age   3:    2764216 bytes,    7998808 total
[2022-06-13T03:03:53.321+0000][1][gc,heap      ] GC(21) ParNew: 77102K->8704K(78656K)
[2022-06-13T03:03:53.321+0000][1][gc,heap      ] GC(21) CMS: 59726K->60057K(174784K)
[2022-06-13T03:03:53.321+0000][1][gc,metaspace ] GC(21) Metaspace: 62562K->62562K(1105920K)
[2022-06-13T03:03:53.322+0000][1][gc           ] GC(21) Pause Young (Allocation Failure) 133M->67M(247M) 8.088ms
[2022-06-13T03:03:53.322+0000][1][gc,cpu       ] GC(21) User=0.03s Sys=0.00s Real=0.01s
[2022-06-13T03:03:53.322+0000][1][safepoint    ] Leaving safepoint region
[2022-06-13T03:03:53.323+0000][1][safepoint    ] Total time for which application threads were stopped: 0.0095148 seconds, Stopping threads took: 0.0003851 seconds
[2022-06-13T03:03:53.337+0000][1][safepoint    ] Application time: 0.0139797 seconds
[2022-06-13T03:03:53.337+0000][1][safepoint    ] Entering safepoint region: Deoptimize
[2022-06-13T03:03:53.338+0000][1][safepoint    ] Leaving safepoint region
[2022-06-13T03:03:53.338+0000][1][safepoint    ] Total time for which application threads were stopped: 0.0010368 seconds, Stopping threads took: 0.0002928 seconds
[2022-06-13T03:03:53.339+0000][1][safepoint    ] Application time: 0.0006905 seconds
[2022-06-13T03:03:53.340+0000][1][safepoint    ] Entering safepoint region: RevokeBias
[2022-06-13T03:03:53.340+0000][1][safepoint    ] Leaving safepoint region
[2022-06-13T03:03:53.340+0000][1][safepoint    ] Total time for which application threads were stopped: 0.0006387 seconds, Stopping threads took: 0.0003143 seconds
[2022-06-13T03:03:53.341+0000][1][safepoint    ] Application time: 0.0001621 seconds
[2022-06-13T03:03:53.341+0000][1][safepoint    ] Entering safepoint region: RevokeBias
[2022-06-13T03:03:53.342+0000][1][safepoint    ] Leaving safepoint region
[2022-06-13T03:03:53.342+0000][1][safepoint    ] Total time for which application threads were stopped: 0.0007783 seconds, Stopping threads took: 0.0003534 seconds
[2022-06-13T03:03:53.346+0000][1][safepoint    ] Application time: 0.0038304 seconds
[2022-06-13T03:03:53.347+0000][1][safepoint    ] Entering safepoint region: BulkRevokeBias
[2022-06-13T03:03:53.347+0000][1][safepoint    ] Leaving safepoint region
[2022-06-13T03:03:53.347+0000][1][safepoint    ] Total time for which application threads were stopped: 0.0006541 seconds, Stopping threads took: 0.0003689 seconds
[2022-06-13T03:03:53.348+0000][1][safepoint    ] Application time: 0.0003067 seconds
[2022-06-13T03:03:53.348+0000][1][safepoint    ] Entering safepoint region: RevokeBias
[2022-06-13T03:03:53.348+0000][1][safepoint    ] Leaving safepoint region
[2022-06-13T03:03:53.348+0000][1][safepoint    ] Total time for which application threads were stopped: 0.0005039 seconds, Stopping threads took: 0.0002520 seconds
[2022-06-13T03:03:53.349+0000][1][safepoint    ] Application time: 0.0000812 seconds
[2022-06-13T03:03:53.349+0000][1][safepoint    ] Entering safepoint region: RevokeBias
[2022-06-13T03:03:53.350+0000][1][safepoint    ] Leaving safepoint region
[2022-06-13T03:03:53.350+0000][1][safepoint    ] Total time for which application threads were stopped: 0.0008275 seconds, Stopping threads took: 0.0005447 seconds
[2022-06-13T03:03:53.351+0000][1][safepoint    ] Application time: 0.0006986 seconds
[2022-06-13T03:03:53.351+0000][1][safepoint    ] Entering safepoint region: RevokeBias
[2022-06-13T03:03:53.352+0000][1][safepoint    ] Leaving safepoint region
[2022-06-13T03:03:53.352+0000][1][safepoint    ] Total time for which application threads were stopped: 0.0005080 seconds, Stopping threads took: 0.0002183 seconds
[2022-06-13T03:03:53.352+0000][1][safepoint    ] Application time: 0.0001156 seconds
[2022-06-13T03:03:53.352+0000][1][safepoint    ] Entering safepoint region: RevokeBias
[2022-06-13T03:03:53.353+0000][1][safepoint    ] Leaving safepoint region
[2022-06-13T03:03:53.353+0000][1][safepoint    ] Total time for which application threads were stopped: 0.0005163 seconds, Stopping threads took: 0.0002681 seconds
[2022-06-13T03:03:53.353+0000][1][safepoint    ] Application time: 0.0002155 seconds
[2022-06-13T03:03:53.354+0000][1][safepoint    ] Entering safepoint region: RevokeBias
[2022-06-13T03:03:53.354+0000][1][safepoint    ] Leaving safepoint region
[2022-06-13T03:03:53.354+0000][1][safepoint    ] Total time for which application threads were stopped: 0.0006514 seconds, Stopping threads took: 0.0003193 seconds
[2022-06-13T03:03:53.355+0000][1][safepoint    ] Application time: 0.0002820 seconds
[2022-06-13T03:03:53.355+0000][1][safepoint    ] Entering safepoint region: RevokeBias
[2022-06-13T03:03:53.355+0000][1][safepoint    ] Leaving safepoint region
[2022-06-13T03:03:53.356+0000][1][safepoint    ] Total time for which application threads were stopped: 0.0006127 seconds, Stopping threads took: 0.0003063 seconds
[2022-06-13T03:03:53.356+0000][1][safepoint    ] Application time: 0.0001451 seconds
[2022-06-13T03:03:53.357+0000][1][safepoint    ] Entering safepoint region: RevokeBias
[2022-06-13T03:03:53.357+0000][1][safepoint    ] Leaving safepoint region
[2022-06-13T03:03:53.357+0000][1][safepoint    ] Total time for which application threads were stopped: 0.0005225 seconds, Stopping threads took: 0.0003014 seconds
[2022-06-13T03:03:53.358+0000][1][safepoint    ] Application time: 0.0000837 seconds
[2022-06-13T03:03:53.358+0000][1][safepoint    ] Entering safepoint region: RevokeBias
[2022-06-13T03:03:53.358+0000][1][safepoint    ] Leaving safepoint region
[2022-06-13T03:03:53.358+0000][1][safepoint    ] Total time for which application threads were stopped: 0.0003731 seconds, Stopping threads took: 0.0001533 seconds
[2022-06-13T03:03:53.359+0000][1][safepoint    ] Application time: 0.0001516 seconds
[2022-06-13T03:03:53.359+0000][1][safepoint    ] Entering safepoint region: RevokeBias
[2022-06-13T03:03:53.359+0000][1][safepoint    ] Leaving safepoint region
[2022-06-13T03:03:53.360+0000][1][safepoint    ] Total time for which application threads were stopped: 0.0007250 seconds, Stopping threads took: 0.0004402 seconds
[2022-06-13T03:03:53.360+0000][1][safepoint    ] Application time: 0.0001875 seconds
[2022-06-13T03:03:53.360+0000][1][safepoint    ] Entering safepoint region: RevokeBias
[2022-06-13T03:03:53.361+0000][1][safepoint    ] Leaving safepoint region
[2022-06-13T03:03:53.361+0000][1][safepoint    ] Total time for which application threads were stopped: 0.0006398 seconds, Stopping threads took: 0.0002824 seconds
[2022-06-13T03:03:53.362+0000][1][safepoint    ] Application time: 0.0001675 seconds
[2022-06-13T03:03:53.362+0000][1][safepoint    ] Entering safepoint region: RevokeBias
[2022-06-13T03:03:53.362+0000][1][safepoint    ] Leaving safepoint region
[2022-06-13T03:03:53.362+0000][1][safepoint    ] Total time for which application threads were stopped: 0.0002201 seconds, Stopping threads took: 0.0001059 seconds
[2022-06-13T03:03:53.362+0000][1][safepoint    ] Application time: 0.0000533 seconds
[2022-06-13T03:03:53.362+0000][1][safepoint    ] Entering safepoint region: RevokeBias
[2022-06-13T03:03:53.362+0000][1][safepoint    ] Leaving safepoint region
[2022-06-13T03:03:53.362+0000][1][safepoint    ] Total time for which application threads were stopped: 0.0002087 seconds, Stopping threads took: 0.0000967 seconds
[2022-06-13T03:03:53.363+0000][1][safepoint    ] Application time: 0.0003634 seconds
[2022-06-13T03:03:53.363+0000][1][safepoint    ] Entering safepoint region: RevokeBias
[2022-06-13T03:03:53.363+0000][1][safepoint    ] Leaving safepoint region
[2022-06-13T03:03:53.363+0000][1][safepoint    ] Total time for which application threads were stopped: 0.0002110 seconds, Stopping threads took: 0.0000966 seconds
[2022-06-13T03:03:53.364+0000][1][safepoint    ] Application time: 0.0005929 seconds
[2022-06-13T03:03:53.364+0000][1][safepoint    ] Entering safepoint region: RevokeBias
[2022-06-13T03:03:53.364+0000][1][safepoint    ] Leaving safepoint region
[2022-06-13T03:03:53.364+0000][1][safepoint    ] Total time for which application threads were stopped: 0.0002127 seconds, Stopping threads took: 0.0000957 seconds
[2022-06-13T03:03:53.364+0000][1][safepoint    ] Application time: 0.0000843 seconds
[2022-06-13T03:03:53.364+0000][1][safepoint    ] Entering safepoint region: RevokeBias
[2022-06-13T03:03:53.365+0000][1][safepoint    ] Leaving safepoint region
[2022-06-13T03:03:53.365+0000][1][safepoint    ] Total time for which application threads were stopped: 0.0002097 seconds, Stopping threads took: 0.0000919 seconds
[2022-06-13T03:03:53.366+0000][1][safepoint    ] Application time: 0.0008494 seconds
[2022-06-13T03:03:53.366+0000][1][safepoint    ] Entering safepoint region: RevokeBias
[2022-06-13T03:03:53.366+0000][1][safepoint    ] Leaving safepoint region
[2022-06-13T03:03:53.366+0000][1][safepoint    ] Total time for which application threads were stopped: 0.0002824 seconds, Stopping threads took: 0.0001169 seconds
[2022-06-13T03:03:53.367+0000][1][safepoint    ] Application time: 0.0004660 seconds
[2022-06-13T03:03:53.367+0000][1][safepoint    ] Entering safepoint region: RevokeBias
[2022-06-13T03:03:53.367+0000][1][safepoint    ] Leaving safepoint region
[2022-06-13T03:03:53.368+0000][1][safepoint    ] Total time for which application threads were stopped: 0.0009986 seconds, Stopping threads took: 0.0001085 seconds
[2022-06-13T03:03:53.368+0000][1][safepoint    ] Application time: 0.0004470 seconds
[2022-06-13T03:03:53.369+0000][1][safepoint    ] Entering safepoint region: RevokeBias
[2022-06-13T03:03:53.369+0000][1][safepoint    ] Leaving safepoint region
[2022-06-13T03:03:53.369+0000][1][safepoint    ] Total time for which application threads were stopped: 0.0005510 seconds, Stopping threads took: 0.0001935 seconds
[2022-06-13T03:03:53.378+0000][1][safepoint    ] Application time: 0.0085907 seconds
[2022-06-13T03:03:53.379+0000][1][safepoint    ] Entering safepoint region: RevokeBias
[2022-06-13T03:03:53.379+0000][1][safepoint    ] Leaving safepoint region
[2022-06-13T03:03:53.379+0000][1][safepoint    ] Total time for which application threads were stopped: 0.0006311 seconds, Stopping threads took: 0.0003287 seconds
[2022-06-13T03:03:53.401+0000][1][safepoint    ] Application time: 0.0213857 seconds
[2022-06-13T03:03:53.401+0000][1][safepoint    ] Entering safepoint region: RevokeBias
[2022-06-13T03:03:53.402+0000][1][safepoint    ] Leaving safepoint region
[2022-06-13T03:03:53.402+0000][1][safepoint    ] Total time for which application threads were stopped: 0.0008906 seconds, Stopping threads took: 0.0004048 seconds
[2022-06-13T03:03:53.403+0000][1][safepoint    ] Application time: 0.0003444 seconds
[2022-06-13T03:03:53.403+0000][1][safepoint    ] Entering safepoint region: RevokeBias
[2022-06-13T03:03:53.404+0000][1][safepoint    ] Leaving safepoint region
[2022-06-13T03:03:53.404+0000][1][safepoint    ] Total time for which application threads were stopped: 0.0010255 seconds, Stopping threads took: 0.0005569 seconds
[2022-06-13T03:03:53.405+0000][1][safepoint    ] Application time: 0.0004486 seconds
[2022-06-13T03:03:53.406+0000][1][safepoint    ] Entering safepoint region: RevokeBias
[2022-06-13T03:03:53.407+0000][1][safepoint    ] Leaving safepoint region
[2022-06-13T03:03:53.407+0000][1][safepoint    ] Total time for which application threads were stopped: 0.0013275 seconds, Stopping threads took: 0.0008122 seconds
[2022-06-13T03:03:53.408+0000][1][safepoint    ] Application time: 0.0002278 seconds
[2022-06-13T03:03:53.409+0000][1][safepoint    ] Entering safepoint region: RevokeBias
[2022-06-13T03:03:53.410+0000][1][safepoint    ] Leaving safepoint region
[2022-06-13T03:03:53.410+0000][1][safepoint    ] Total time for which application threads were stopped: 0.0013275 seconds, Stopping threads took: 0.0008359 seconds
[2022-06-13T03:03:53.411+0000][1][safepoint    ] Application time: 0.0003387 seconds
[2022-06-13T03:03:53.412+0000][1][safepoint    ] Entering safepoint region: RevokeBias
[2022-06-13T03:03:53.412+0000][1][safepoint    ] Leaving safepoint region
[2022-06-13T03:03:53.413+0000][1][safepoint    ] Total time for which application threads were stopped: 0.0014538 seconds, Stopping threads took: 0.0007991 seconds
[2022-06-13T03:03:53.414+0000][1][safepoint    ] Application time: 0.0005708 seconds
[2022-06-13T03:03:53.415+0000][1][safepoint    ] Entering safepoint region: BulkRevokeBias
[2022-06-13T03:03:53.415+0000][1][safepoint    ] Leaving safepoint region
[2022-06-13T03:03:53.416+0000][1][safepoint    ] Total time for which application threads were stopped: 0.0009368 seconds, Stopping threads took: 0.0003718 seconds
[2022-06-13T03:03:53.417+0000][1][safepoint    ] Application time: 0.0010500 seconds
[2022-06-13T03:03:53.418+0000][1][safepoint    ] Entering safepoint region: RevokeBias
[2022-06-13T03:03:53.418+0000][1][safepoint    ] Leaving safepoint region
[2022-06-13T03:03:53.419+0000][1][safepoint    ] Total time for which application threads were stopped: 0.0009154 seconds, Stopping threads took: 0.0004656 seconds
[2022-06-13T03:03:53.419+0000][1][safepoint    ] Application time: 0.0003709 seconds
[2022-06-13T03:03:53.420+0000][1][safepoint    ] Entering safepoint region: RevokeBias
[2022-06-13T03:03:53.420+0000][1][safepoint    ] Leaving safepoint region
[2022-06-13T03:03:53.421+0000][1][safepoint    ] Total time for which application threads were stopped: 0.0009428 seconds, Stopping threads took: 0.0004697 seconds
[2022-06-13T03:03:53.423+0000][1][safepoint    ] Application time: 0.0013679 seconds
[2022-06-13T03:03:53.423+0000][1][safepoint    ] Entering safepoint region: RevokeBias
[2022-06-13T03:03:53.424+0000][1][safepoint    ] Leaving safepoint region
[2022-06-13T03:03:53.424+0000][1][safepoint    ] Total time for which application threads were stopped: 0.0010371 seconds, Stopping threads took: 0.0005016 seconds
[2022-06-13T03:03:53.425+0000][1][safepoint    ] Application time: 0.0005279 seconds
[2022-06-13T03:03:53.426+0000][1][safepoint    ] Entering safepoint region: RevokeBias
[2022-06-13T03:03:53.426+0000][1][safepoint    ] Leaving safepoint region
[2022-06-13T03:03:53.427+0000][1][safepoint    ] Total time for which application threads were stopped: 0.0011049 seconds, Stopping threads took: 0.0004755 seconds
[2022-06-13T03:03:53.429+0000][1][safepoint    ] Application time: 0.0015714 seconds
[2022-06-13T03:03:53.429+0000][1][safepoint    ] Entering safepoint region: RevokeBias
[2022-06-13T03:03:53.430+0000][1][safepoint    ] Leaving safepoint region
[2022-06-13T03:03:53.430+0000][1][safepoint    ] Total time for which application threads were stopped: 0.0008350 seconds, Stopping threads took: 0.0003176 seconds
[2022-06-13T03:03:53.432+0000][1][safepoint    ] Application time: 0.0012356 seconds
[2022-06-13T03:03:53.432+0000][1][safepoint    ] Entering safepoint region: RevokeBias
[2022-06-13T03:03:53.433+0000][1][safepoint    ] Leaving safepoint region
[2022-06-13T03:03:53.433+0000][1][safepoint    ] Total time for which application threads were stopped: 0.0009838 seconds, Stopping threads took: 0.0004354 seconds
[2022-06-13T03:03:53.435+0000][1][safepoint    ] Application time: 0.0009571 seconds
[2022-06-13T03:03:53.435+0000][1][safepoint    ] Entering safepoint region: RevokeBias
[2022-06-13T03:03:53.436+0000][1][safepoint    ] Leaving safepoint region
[2022-06-13T03:03:53.436+0000][1][safepoint    ] Total time for which application threads were stopped: 0.0010976 seconds, Stopping threads took: 0.0004527 seconds
[2022-06-13T03:03:53.438+0000][1][safepoint    ] Application time: 0.0008364 seconds
[2022-06-13T03:03:53.438+0000][1][safepoint    ] Entering safepoint region: RevokeBias
[2022-06-13T03:03:53.438+0000][1][safepoint    ] Leaving safepoint region
[2022-06-13T03:03:53.439+0000][1][safepoint    ] Total time for which application threads were stopped: 0.0009019 seconds, Stopping threads took: 0.0004184 seconds
[2022-06-13T03:03:53.440+0000][1][safepoint    ] Application time: 0.0007259 seconds
[2022-06-13T03:03:53.441+0000][1][safepoint    ] Entering safepoint region: RevokeBias
[2022-06-13T03:03:53.441+0000][1][safepoint    ] Leaving safepoint region
[2022-06-13T03:03:53.442+0000][1][safepoint    ] Total time for which application threads were stopped: 0.0010639 seconds, Stopping threads took: 0.0004908 seconds
[2022-06-13T03:03:53.443+0000][1][safepoint    ] Application time: 0.0007608 seconds
[2022-06-13T03:03:53.443+0000][1][safepoint    ] Entering safepoint region: RevokeBias
[2022-06-13T03:03:53.444+0000][1][safepoint    ] Leaving safepoint region
[2022-06-13T03:03:53.444+0000][1][safepoint    ] Total time for which application threads were stopped: 0.0008552 seconds, Stopping threads took: 0.0004810 seconds
[2022-06-13T03:03:53.445+0000][1][safepoint    ] Application time: 0.0004054 seconds
[2022-06-13T03:03:53.445+0000][1][safepoint    ] Entering safepoint region: RevokeBias
[2022-06-13T03:03:53.446+0000][1][safepoint    ] Leaving safepoint region
[2022-06-13T03:03:53.446+0000][1][safepoint    ] Total time for which application threads were stopped: 0.0010156 seconds, Stopping threads took: 0.0004156 seconds
[2022-06-13T03:03:53.447+0000][1][safepoint    ] Application time: 0.0003883 seconds
[2022-06-13T03:03:53.448+0000][1][safepoint    ] Entering safepoint region: RevokeBias
[2022-06-13T03:03:53.448+0000][1][safepoint    ] Leaving safepoint region
[2022-06-13T03:03:53.449+0000][1][safepoint    ] Total time for which application threads were stopped: 0.0010490 seconds, Stopping threads took: 0.0005348 seconds
[2022-06-13T03:03:53.452+0000][1][safepoint    ] Application time: 0.0020914 seconds
[2022-06-13T03:03:53.452+0000][1][safepoint    ] Entering safepoint region: RevokeBias
[2022-06-13T03:03:53.452+0000][1][safepoint    ] Leaving safepoint region
[2022-06-13T03:03:53.453+0000][1][safepoint    ] Total time for which application threads were stopped: 0.0008549 seconds, Stopping threads took: 0.0003563 seconds
[2022-06-13T03:03:53.455+0000][1][safepoint    ] Application time: 0.0015183 seconds
[2022-06-13T03:03:53.455+0000][1][safepoint    ] Entering safepoint region: RevokeBias
[2022-06-13T03:03:53.456+0000][1][safepoint    ] Leaving safepoint region
[2022-06-13T03:03:53.456+0000][1][safepoint    ] Total time for which application threads were stopped: 0.0011157 seconds, Stopping threads took: 0.0005511 seconds
[2022-06-13T03:03:53.458+0000][1][safepoint    ] Application time: 0.0005408 seconds
[2022-06-13T03:03:53.458+0000][1][safepoint    ] Entering safepoint region: RevokeBias
[2022-06-13T03:03:53.459+0000][1][safepoint    ] Leaving safepoint region
[2022-06-13T03:03:53.459+0000][1][safepoint    ] Total time for which application threads were stopped: 0.0009845 seconds, Stopping threads took: 0.0004636 seconds
[2022-06-13T03:03:53.462+0000][1][safepoint    ] Application time: 0.0017431 seconds
[2022-06-13T03:03:53.462+0000][1][safepoint    ] Entering safepoint region: RevokeBias
[2022-06-13T03:03:53.463+0000][1][safepoint    ] Leaving safepoint region
[2022-06-13T03:03:53.463+0000][1][safepoint    ] Total time for which application threads were stopped: 0.0011185 seconds, Stopping threads took: 0.0006060 seconds
[2022-06-13T03:03:53.464+0000][1][safepoint    ] Application time: 0.0003311 seconds
[2022-06-13T03:03:53.465+0000][1][safepoint    ] Entering safepoint region: BulkRevokeBias
[2022-06-13T03:03:53.465+0000][1][safepoint    ] Leaving safepoint region
[2022-06-13T03:03:53.465+0000][1][safepoint    ] Total time for which application threads were stopped: 0.0008470 seconds, Stopping threads took: 0.0003583 seconds
[2022-06-13T03:03:53.468+0000][1][safepoint    ] Application time: 0.0021622 seconds
[2022-06-13T03:03:53.469+0000][1][safepoint    ] Entering safepoint region: RevokeBias
[2022-06-13T03:03:53.469+0000][1][safepoint    ] Leaving safepoint region
[2022-06-13T03:03:53.470+0000][1][safepoint    ] Total time for which application threads were stopped: 0.0010893 seconds, Stopping threads took: 0.0004094 seconds
[2022-06-13T03:03:53.470+0000][1][safepoint    ] Application time: 0.0003233 seconds
[2022-06-13T03:03:53.471+0000][1][safepoint    ] Entering safepoint region: RevokeBias
[2022-06-13T03:03:53.471+0000][1][safepoint    ] Leaving safepoint region
[2022-06-13T03:03:53.472+0000][1][safepoint    ] Total time for which application threads were stopped: 0.0009548 seconds, Stopping threads took: 0.0004165 seconds
[2022-06-13T03:03:53.473+0000][1][safepoint    ] Application time: 0.0002309 seconds
[2022-06-13T03:03:53.473+0000][1][safepoint    ] Entering safepoint region: RevokeBias
[2022-06-13T03:03:53.473+0000][1][safepoint    ] Leaving safepoint region
[2022-06-13T03:03:53.474+0000][1][safepoint    ] Total time for which application threads were stopped: 0.0008229 seconds, Stopping threads took: 0.0004176 seconds
[2022-06-13T03:03:53.475+0000][1][safepoint    ] Application time: 0.0002427 seconds
[2022-06-13T03:03:53.475+0000][1][safepoint    ] Entering safepoint region: RevokeBias
[2022-06-13T03:03:53.476+0000][1][safepoint    ] Leaving safepoint region
[2022-06-13T03:03:53.476+0000][1][safepoint    ] Total time for which application threads were stopped: 0.0008680 seconds, Stopping threads took: 0.0004403 seconds
[2022-06-13T03:03:53.477+0000][1][safepoint    ] Application time: 0.0004212 seconds
[2022-06-13T03:03:53.477+0000][1][safepoint    ] Entering safepoint region: RevokeBias
[2022-06-13T03:03:53.478+0000][1][safepoint    ] Leaving safepoint region
[2022-06-13T03:03:53.478+0000][1][safepoint    ] Total time for which application threads were stopped: 0.0009387 seconds, Stopping threads took: 0.0005473 seconds
[2022-06-13T03:03:53.479+0000][1][safepoint    ] Application time: 0.0002850 seconds
[2022-06-13T03:03:53.479+0000][1][safepoint    ] Entering safepoint region: RevokeBias
[2022-06-13T03:03:53.480+0000][1][safepoint    ] Leaving safepoint region
[2022-06-13T03:03:53.480+0000][1][safepoint    ] Total time for which application threads were stopped: 0.0009645 seconds, Stopping threads took: 0.0004725 seconds
[2022-06-13T03:03:53.481+0000][1][safepoint    ] Application time: 0.0004599 seconds
[2022-06-13T03:03:53.481+0000][1][safepoint    ] Entering safepoint region: RevokeBias
[2022-06-13T03:03:53.482+0000][1][safepoint    ] Leaving safepoint region
[2022-06-13T03:03:53.482+0000][1][safepoint    ] Total time for which application threads were stopped: 0.0009708 seconds, Stopping threads took: 0.0005117 seconds
[2022-06-13T03:03:53.484+0000][1][safepoint    ] Application time: 0.0012068 seconds
[2022-06-13T03:03:53.484+0000][1][safepoint    ] Entering safepoint region: RevokeBias
[2022-06-13T03:03:53.485+0000][1][safepoint    ] Leaving safepoint region
[2022-06-13T03:03:53.485+0000][1][safepoint    ] Total time for which application threads were stopped: 0.0008977 seconds, Stopping threads took: 0.0004747 seconds
[2022-06-13T03:03:53.487+0000][1][safepoint    ] Application time: 0.0015869 seconds
[2022-06-13T03:03:53.488+0000][1][safepoint    ] Entering safepoint region: RevokeBias
[2022-06-13T03:03:53.489+0000][1][safepoint    ] Leaving safepoint region
[2022-06-13T03:03:53.489+0000][1][safepoint    ] Total time for which application threads were stopped: 0.0011774 seconds, Stopping threads took: 0.0006131 seconds
[2022-06-13T03:03:53.490+0000][1][safepoint    ] Application time: 0.0003021 seconds
[2022-06-13T03:03:53.491+0000][1][safepoint    ] Entering safepoint region: RevokeBias
[2022-06-13T03:03:53.491+0000][1][safepoint    ] Leaving safepoint region
[2022-06-13T03:03:53.492+0000][1][safepoint    ] Total time for which application threads were stopped: 0.0010250 seconds, Stopping threads took: 0.0004747 seconds
[2022-06-13T03:03:53.492+0000][1][safepoint    ] Application time: 0.0004621 seconds
[2022-06-13T03:03:53.493+0000][1][safepoint    ] Entering safepoint region: RevokeBias
[2022-06-13T03:03:53.493+0000][1][safepoint    ] Leaving safepoint region
[2022-06-13T03:03:53.494+0000][1][safepoint    ] Total time for which application threads were stopped: 0.0009630 seconds, Stopping threads took: 0.0003866 seconds
[2022-06-13T03:03:53.495+0000][1][safepoint    ] Application time: 0.0002500 seconds
[2022-06-13T03:03:53.495+0000][1][safepoint    ] Entering safepoint region: RevokeBias
[2022-06-13T03:03:53.496+0000][1][safepoint    ] Leaving safepoint region
[2022-06-13T03:03:53.496+0000][1][safepoint    ] Total time for which application threads were stopped: 0.0009156 seconds, Stopping threads took: 0.0004578 seconds
[2022-06-13T03:03:53.497+0000][1][safepoint    ] Application time: 0.0001811 seconds
[2022-06-13T03:03:53.497+0000][1][safepoint    ] Entering safepoint region: RevokeBias
[2022-06-13T03:03:53.498+0000][1][safepoint    ] Leaving safepoint region
[2022-06-13T03:03:53.498+0000][1][safepoint    ] Total time for which application threads were stopped: 0.0009082 seconds, Stopping threads took: 0.0004743 seconds
[2022-06-13T03:03:53.500+0000][1][safepoint    ] Application time: 0.0016057 seconds
[2022-06-13T03:03:53.500+0000][1][safepoint    ] Entering safepoint region: RevokeBias
[2022-06-13T03:03:53.501+0000][1][safepoint    ] Leaving safepoint region
[2022-06-13T03:03:53.501+0000][1][safepoint    ] Total time for which application threads were stopped: 0.0009596 seconds, Stopping threads took: 0.0004242 seconds
[2022-06-13T03:03:53.508+0000][1][safepoint    ] Application time: 0.0058536 seconds
[2022-06-13T03:03:53.508+0000][1][safepoint    ] Entering safepoint region: RevokeBias
[2022-06-13T03:03:53.509+0000][1][safepoint    ] Leaving safepoint region
[2022-06-13T03:03:53.509+0000][1][safepoint    ] Total time for which application threads were stopped: 0.0009166 seconds, Stopping threads took: 0.0004518 seconds
[2022-06-13T03:03:53.509+0000][1][safepoint    ] Application time: 0.0003165 seconds
[2022-06-13T03:03:53.510+0000][1][safepoint    ] Entering safepoint region: RevokeBias
[2022-06-13T03:03:53.510+0000][1][safepoint    ] Leaving safepoint region
[2022-06-13T03:03:53.511+0000][1][safepoint    ] Total time for which application threads were stopped: 0.0009606 seconds, Stopping threads took: 0.0004147 seconds
[2022-06-13T03:03:53.511+0000][1][safepoint    ] Application time: 0.0002401 seconds
[2022-06-13T03:03:53.512+0000][1][safepoint    ] Entering safepoint region: RevokeBias
[2022-06-13T03:03:53.512+0000][1][safepoint    ] Leaving safepoint region
[2022-06-13T03:03:53.512+0000][1][safepoint    ] Total time for which application threads were stopped: 0.0008561 seconds, Stopping threads took: 0.0004997 seconds
[2022-06-13T03:03:53.513+0000][1][safepoint    ] Application time: 0.0005726 seconds
[2022-06-13T03:03:53.514+0000][1][safepoint    ] Entering safepoint region: RevokeBias
[2022-06-13T03:03:53.514+0000][1][safepoint    ] Leaving safepoint region
[2022-06-13T03:03:53.514+0000][1][safepoint    ] Total time for which application threads were stopped: 0.0007741 seconds, Stopping threads took: 0.0003809 seconds
[2022-06-13T03:03:53.515+0000][1][safepoint    ] Application time: 0.0002351 seconds
[2022-06-13T03:03:53.515+0000][1][safepoint    ] Entering safepoint region: RevokeBias
[2022-06-13T03:03:53.516+0000][1][safepoint    ] Leaving safepoint region
[2022-06-13T03:03:53.516+0000][1][safepoint    ] Total time for which application threads were stopped: 0.0007177 seconds, Stopping threads took: 0.0003797 seconds
[2022-06-13T03:03:53.517+0000][1][safepoint    ] Application time: 0.0003004 seconds
[2022-06-13T03:03:53.517+0000][1][safepoint    ] Entering safepoint region: RevokeBias
[2022-06-13T03:03:53.517+0000][1][safepoint    ] Leaving safepoint region
[2022-06-13T03:03:53.518+0000][1][safepoint    ] Total time for which application threads were stopped: 0.0008494 seconds, Stopping threads took: 0.0004351 seconds
[2022-06-13T03:03:53.519+0000][1][safepoint    ] Application time: 0.0005657 seconds
[2022-06-13T03:03:53.519+0000][1][safepoint    ] Entering safepoint region: RevokeBias
[2022-06-13T03:03:53.519+0000][1][safepoint    ] Leaving safepoint region
[2022-06-13T03:03:53.520+0000][1][safepoint    ] Total time for which application threads were stopped: 0.0007656 seconds, Stopping threads took: 0.0003933 seconds
[2022-06-13T03:03:53.520+0000][1][safepoint    ] Application time: 0.0003146 seconds
[2022-06-13T03:03:53.521+0000][1][safepoint    ] Entering safepoint region: RevokeBias
[2022-06-13T03:03:53.521+0000][1][safepoint    ] Leaving safepoint region
[2022-06-13T03:03:53.522+0000][1][safepoint    ] Total time for which application threads were stopped: 0.0007715 seconds, Stopping threads took: 0.0003608 seconds
[2022-06-13T03:03:53.522+0000][1][safepoint    ] Application time: 0.0004076 seconds
[2022-06-13T03:03:53.523+0000][1][safepoint    ] Entering safepoint region: RevokeBias
[2022-06-13T03:03:53.523+0000][1][safepoint    ] Leaving safepoint region
[2022-06-13T03:03:53.523+0000][1][safepoint    ] Total time for which application threads were stopped: 0.0004641 seconds, Stopping threads took: 0.0002184 seconds
[2022-06-13T03:03:53.524+0000][1][safepoint    ] Application time: 0.0007754 seconds
[2022-06-13T03:03:53.525+0000][1][safepoint    ] Entering safepoint region: RevokeBias
[2022-06-13T03:03:53.525+0000][1][safepoint    ] Leaving safepoint region
[2022-06-13T03:03:53.526+0000][1][safepoint    ] Total time for which application threads were stopped: 0.0009055 seconds, Stopping threads took: 0.0004514 seconds
[2022-06-13T03:03:53.527+0000][1][safepoint    ] Application time: 0.0004740 seconds
[2022-06-13T03:03:53.527+0000][1][safepoint    ] Entering safepoint region: RevokeBias
[2022-06-13T03:03:53.528+0000][1][safepoint    ] Leaving safepoint region
[2022-06-13T03:03:53.528+0000][1][safepoint    ] Total time for which application threads were stopped: 0.0008632 seconds, Stopping threads took: 0.0004343 seconds
[2022-06-13T03:03:53.529+0000][1][safepoint    ] Application time: 0.0005756 seconds
[2022-06-13T03:03:53.530+0000][1][safepoint    ] Entering safepoint region: RevokeBias
[2022-06-13T03:03:53.530+0000][1][safepoint    ] Leaving safepoint region
[2022-06-13T03:03:53.531+0000][1][safepoint    ] Total time for which application threads were stopped: 0.0009884 seconds, Stopping threads took: 0.0004557 seconds
[2022-06-13T03:03:53.532+0000][1][safepoint    ] Application time: 0.0008373 seconds
[2022-06-13T03:03:53.532+0000][1][safepoint    ] Entering safepoint region: RevokeBias
[2022-06-13T03:03:53.533+0000][1][safepoint    ] Leaving safepoint region
[2022-06-13T03:03:53.533+0000][1][safepoint    ] Total time for which application threads were stopped: 0.0009755 seconds, Stopping threads took: 0.0004809 seconds
[2022-06-13T03:03:53.534+0000][1][safepoint    ] Application time: 0.0002948 seconds
[2022-06-13T03:03:53.535+0000][1][safepoint    ] Entering safepoint region: RevokeBias
[2022-06-13T03:03:53.535+0000][1][safepoint    ] Leaving safepoint region
[2022-06-13T03:03:53.536+0000][1][safepoint    ] Total time for which application threads were stopped: 0.0010487 seconds, Stopping threads took: 0.0005235 seconds
[2022-06-13T03:03:53.538+0000][1][safepoint    ] Application time: 0.0021911 seconds
[2022-06-13T03:03:53.539+0000][1][safepoint    ] Entering safepoint region: RevokeBias
[2022-06-13T03:03:53.539+0000][1][safepoint    ] Leaving safepoint region
[2022-06-13T03:03:53.540+0000][1][safepoint    ] Total time for which application threads were stopped: 0.0011311 seconds, Stopping threads took: 0.0005515 seconds
[2022-06-13T03:03:53.542+0000][1][safepoint    ] Application time: 0.0012200 seconds
[2022-06-13T03:03:53.542+0000][1][safepoint    ] Entering safepoint region: RevokeBias
[2022-06-13T03:03:53.543+0000][1][safepoint    ] Leaving safepoint region
[2022-06-13T03:03:53.543+0000][1][safepoint    ] Total time for which application threads were stopped: 0.0011725 seconds, Stopping threads took: 0.0006617 seconds
[2022-06-13T03:03:53.544+0000][1][safepoint    ] Application time: 0.0001856 seconds
[2022-06-13T03:03:53.545+0000][1][safepoint    ] Entering safepoint region: RevokeBias
[2022-06-13T03:03:53.545+0000][1][safepoint    ] Leaving safepoint region
[2022-06-13T03:03:53.546+0000][1][safepoint    ] Total time for which application threads were stopped: 0.0011227 seconds, Stopping threads took: 0.0005233 seconds
[2022-06-13T03:03:53.547+0000][1][safepoint    ] Application time: 0.0003834 seconds
[2022-06-13T03:03:53.547+0000][1][safepoint    ] Entering safepoint region: RevokeBias
[2022-06-13T03:03:53.548+0000][1][safepoint    ] Leaving safepoint region
[2022-06-13T03:03:53.548+0000][1][safepoint    ] Total time for which application threads were stopped: 0.0008751 seconds, Stopping threads took: 0.0004231 seconds
[2022-06-13T03:03:53.549+0000][1][safepoint    ] Application time: 0.0003024 seconds
[2022-06-13T03:03:53.549+0000][1][safepoint    ] Entering safepoint region: RevokeBias
[2022-06-13T03:03:53.550+0000][1][safepoint    ] Leaving safepoint region
[2022-06-13T03:03:53.550+0000][1][safepoint    ] Total time for which application threads were stopped: 0.0008427 seconds, Stopping threads took: 0.0004532 seconds
[2022-06-13T03:03:53.554+0000][1][gc,heap,exit ] Heap
[2022-06-13T03:03:53.554+0000][1][gc,heap,exit ]  par new generation   total 78656K, used 26815K [0x00000000f0000000, 0x00000000f5550000, 0x00000000f5550000)
[2022-06-13T03:03:53.554+0000][1][gc,heap,exit ]   eden space 69952K,  25% used [0x00000000f0000000, 0x00000000f11afc40, 0x00000000f4450000)
[2022-06-13T03:03:53.555+0000][1][gc,heap,exit ]   from space 8704K, 100% used [0x00000000f4450000, 0x00000000f4cd0000, 0x00000000f4cd0000)
[2022-06-13T03:03:53.555+0000][1][gc,heap,exit ]   to   space 8704K,   0% used [0x00000000f4cd0000, 0x00000000f4cd0000, 0x00000000f5550000)
[2022-06-13T03:03:53.556+0000][1][gc,heap,exit ]  concurrent mark-sweep generation total 174784K, used 60057K [0x00000000f5550000, 0x0000000100000000, 0x0000000100000000)
[2022-06-13T03:03:53.556+0000][1][gc,heap,exit ]  Metaspace       used 63630K, capacity 68459K, committed 68584K, reserved 1107968K
[2022-06-13T03:03:53.557+0000][1][gc,heap,exit ]   class space    used 8650K, capacity 10669K, committed 10736K, reserved 1048576K
[2022-06-13T03:03:53.557+0000][1][safepoint    ] Application time: 0.0062101 seconds
[2022-06-13T03:03:53.557+0000][1][safepoint    ] Entering safepoint region: Exit
