[2022-06-13T02:12:41.421+0000][1][gc] Using Concurrent Mark Sweep
[2022-06-13T02:12:41.421+0000][1][gc,heap,coops] Heap address: 0x00000000f0000000, size: 256 MB, Compressed Oops mode: 32-bit
[2022-06-13T02:12:41.450+0000][1][safepoint    ] Entering safepoint region: EnableBiasedLocking
[2022-06-13T02:12:41.450+0000][1][safepoint    ] Leaving safepoint region
[2022-06-13T02:12:41.451+0000][1][safepoint    ] Total time for which application threads were stopped: 0.0004773 seconds, Stopping threads took: 0.0002716 seconds
[2022-06-13T02:12:41.453+0000][1][safepoint    ] Application time: 0.0018117 seconds
[2022-06-13T02:12:41.453+0000][1][safepoint    ] Entering safepoint region: RevokeBias
[2022-06-13T02:12:41.455+0000][1][safepoint    ] Leaving safepoint region
[2022-06-13T02:12:41.455+0000][1][safepoint    ] Total time for which application threads were stopped: 0.0022047 seconds, Stopping threads took: 0.0020319 seconds
[2022-06-13T02:12:41.463+0000][1][safepoint    ] Application time: 0.0075541 seconds
[2022-06-13T02:12:41.463+0000][1][safepoint    ] Entering safepoint region: Deoptimize
[2022-06-13T02:12:41.463+0000][1][safepoint    ] Leaving safepoint region
[2022-06-13T02:12:41.463+0000][1][safepoint    ] Total time for which application threads were stopped: 0.0003210 seconds, Stopping threads took: 0.0001422 seconds
[2022-06-13T02:12:41.524+0000][1][safepoint    ] Application time: 0.0607834 seconds
[2022-06-13T02:12:41.524+0000][1][safepoint    ] Entering safepoint region: RevokeBias
[2022-06-13T02:12:41.525+0000][1][safepoint    ] Leaving safepoint region
[2022-06-13T02:12:41.525+0000][1][safepoint    ] Total time for which application threads were stopped: 0.0004248 seconds, Stopping threads took: 0.0001891 seconds
[2022-06-13T02:12:41.547+0000][1][safepoint    ] Application time: 0.0224235 seconds
[2022-06-13T02:12:41.548+0000][1][safepoint    ] Entering safepoint region: Deoptimize
[2022-06-13T02:12:41.548+0000][1][safepoint    ] Leaving safepoint region
[2022-06-13T02:12:41.548+0000][1][safepoint    ] Total time for which application threads were stopped: 0.0004000 seconds, Stopping threads took: 0.0002147 seconds
[2022-06-13T02:12:41.744+0000][1][safepoint    ] Application time: 0.1954518 seconds
[2022-06-13T02:12:41.744+0000][1][safepoint    ] Entering safepoint region: Deoptimize
[2022-06-13T02:12:41.744+0000][1][safepoint    ] Leaving safepoint region
[2022-06-13T02:12:41.744+0000][1][safepoint    ] Total time for which application threads were stopped: 0.0003972 seconds, Stopping threads took: 0.0001181 seconds
[2022-06-13T02:12:41.764+0000][1][safepoint    ] Application time: 0.0196498 seconds
[2022-06-13T02:12:41.764+0000][1][safepoint    ] Entering safepoint region: Deoptimize
[2022-06-13T02:12:41.765+0000][1][safepoint    ] Leaving safepoint region
[2022-06-13T02:12:41.765+0000][1][safepoint    ] Total time for which application threads were stopped: 0.0004019 seconds, Stopping threads took: 0.0001505 seconds
[2022-06-13T02:12:41.784+0000][1][safepoint    ] Application time: 0.0189736 seconds
[2022-06-13T02:12:41.784+0000][1][safepoint    ] Entering safepoint region: Deoptimize
[2022-06-13T02:12:41.785+0000][1][safepoint    ] Leaving safepoint region
[2022-06-13T02:12:41.785+0000][1][safepoint    ] Total time for which application threads were stopped: 0.0005267 seconds, Stopping threads took: 0.0002128 seconds
[2022-06-13T02:12:41.792+0000][1][safepoint    ] Application time: 0.0076004 seconds
[2022-06-13T02:12:41.793+0000][1][safepoint    ] Entering safepoint region: Deoptimize
[2022-06-13T02:12:41.793+0000][1][safepoint    ] Leaving safepoint region
[2022-06-13T02:12:41.793+0000][1][safepoint    ] Total time for which application threads were stopped: 0.0003453 seconds, Stopping threads took: 0.0000872 seconds
[2022-06-13T02:12:42.016+0000][1][safepoint    ] Application time: 0.2229745 seconds
[2022-06-13T02:12:42.017+0000][1][safepoint    ] Entering safepoint region: Deoptimize
[2022-06-13T02:12:42.017+0000][1][safepoint    ] Leaving safepoint region
[2022-06-13T02:12:42.018+0000][1][safepoint    ] Total time for which application threads were stopped: 0.0010961 seconds, Stopping threads took: 0.0004316 seconds
[2022-06-13T02:12:42.176+0000][1][safepoint    ] Application time: 0.1582217 seconds
[2022-06-13T02:12:42.177+0000][1][safepoint    ] Entering safepoint region: RevokeBias
[2022-06-13T02:12:42.177+0000][1][safepoint    ] Leaving safepoint region
[2022-06-13T02:12:42.177+0000][1][safepoint    ] Total time for which application threads were stopped: 0.0008255 seconds, Stopping threads took: 0.0004583 seconds
[2022-06-13T02:12:42.237+0000][1][safepoint    ] Application time: 0.0596285 seconds
[2022-06-13T02:12:42.238+0000][1][safepoint    ] Entering safepoint region: Deoptimize
[2022-06-13T02:12:42.239+0000][1][safepoint    ] Leaving safepoint region
[2022-06-13T02:12:42.239+0000][1][safepoint    ] Total time for which application threads were stopped: 0.0012684 seconds, Stopping threads took: 0.0007574 seconds
[2022-06-13T02:12:42.300+0000][1][safepoint    ] Application time: 0.0602301 seconds
[2022-06-13T02:12:42.301+0000][1][safepoint    ] Entering safepoint region: Deoptimize
[2022-06-13T02:12:42.301+0000][1][safepoint    ] Leaving safepoint region
[2022-06-13T02:12:42.302+0000][1][safepoint    ] Total time for which application threads were stopped: 0.0011406 seconds, Stopping threads took: 0.0004672 seconds
[2022-06-13T02:12:42.302+0000][1][safepoint    ] Application time: 0.0002203 seconds
[2022-06-13T02:12:42.303+0000][1][safepoint    ] Entering safepoint region: Deoptimize
[2022-06-13T02:12:42.303+0000][1][safepoint    ] Leaving safepoint region
[2022-06-13T02:12:42.303+0000][1][safepoint    ] Total time for which application threads were stopped: 0.0004392 seconds, Stopping threads took: 0.0001311 seconds
[2022-06-13T02:12:42.319+0000][1][safepoint    ] Application time: 0.0156281 seconds
[2022-06-13T02:12:42.319+0000][1][safepoint    ] Entering safepoint region: Deoptimize
[2022-06-13T02:12:42.320+0000][1][safepoint    ] Leaving safepoint region
[2022-06-13T02:12:42.320+0000][1][safepoint    ] Total time for which application threads were stopped: 0.0009170 seconds, Stopping threads took: 0.0003804 seconds
[2022-06-13T02:12:42.326+0000][1][safepoint    ] Application time: 0.0055035 seconds
[2022-06-13T02:12:42.326+0000][1][safepoint    ] Entering safepoint region: Deoptimize
[2022-06-13T02:12:42.327+0000][1][safepoint    ] Leaving safepoint region
[2022-06-13T02:12:42.327+0000][1][safepoint    ] Total time for which application threads were stopped: 0.0006018 seconds, Stopping threads took: 0.0002269 seconds
[2022-06-13T02:12:42.331+0000][1][safepoint    ] Application time: 0.0039269 seconds
[2022-06-13T02:12:42.332+0000][1][safepoint    ] Entering safepoint region: RevokeBias
[2022-06-13T02:12:42.332+0000][1][safepoint    ] Leaving safepoint region
[2022-06-13T02:12:42.332+0000][1][safepoint    ] Total time for which application threads were stopped: 0.0007144 seconds, Stopping threads took: 0.0003525 seconds
[2022-06-13T02:12:42.333+0000][1][safepoint    ] Application time: 0.0001526 seconds
[2022-06-13T02:12:42.333+0000][1][safepoint    ] Entering safepoint region: RevokeBias
[2022-06-13T02:12:42.333+0000][1][safepoint    ] Leaving safepoint region
[2022-06-13T02:12:42.334+0000][1][safepoint    ] Total time for which application threads were stopped: 0.0007419 seconds, Stopping threads took: 0.0004257 seconds
[2022-06-13T02:12:42.334+0000][1][safepoint    ] Application time: 0.0002667 seconds
[2022-06-13T02:12:42.335+0000][1][safepoint    ] Entering safepoint region: RevokeBias
[2022-06-13T02:12:42.335+0000][1][safepoint    ] Leaving safepoint region
[2022-06-13T02:12:42.335+0000][1][safepoint    ] Total time for which application threads were stopped: 0.0006311 seconds, Stopping threads took: 0.0002226 seconds
[2022-06-13T02:12:42.336+0000][1][safepoint    ] Application time: 0.0001551 seconds
[2022-06-13T02:12:42.336+0000][1][safepoint    ] Entering safepoint region: RevokeBias
[2022-06-13T02:12:42.337+0000][1][safepoint    ] Leaving safepoint region
[2022-06-13T02:12:42.337+0000][1][safepoint    ] Total time for which application threads were stopped: 0.0005566 seconds, Stopping threads took: 0.0002978 seconds
[2022-06-13T02:12:42.337+0000][1][safepoint    ] Application time: 0.0002823 seconds
[2022-06-13T02:12:42.337+0000][1][safepoint    ] Entering safepoint region: RevokeBias
[2022-06-13T02:12:42.338+0000][1][safepoint    ] Leaving safepoint region
[2022-06-13T02:12:42.338+0000][1][safepoint    ] Total time for which application threads were stopped: 0.0006871 seconds, Stopping threads took: 0.0003957 seconds
[2022-06-13T02:12:42.387+0000][1][safepoint    ] Application time: 0.0489174 seconds
[2022-06-13T02:12:42.388+0000][1][safepoint    ] Entering safepoint region: GenCollectForAllocation
[2022-06-13T02:12:42.388+0000][1][gc,start     ] GC(0) Pause Young (Allocation Failure)
[2022-06-13T02:12:42.390+0000][1][gc,task      ] GC(0) Using 5 workers of 13 for evacuation
[2022-06-13T02:12:42.395+0000][1][gc,age       ] GC(0) Desired survivor size 4456448 bytes, new threshold 1 (max threshold 6)
[2022-06-13T02:12:42.395+0000][1][gc,age       ] GC(0) Age table with threshold 1 (max threshold 6)
[2022-06-13T02:12:42.396+0000][1][gc,age       ] GC(0) - age   1:    8175656 bytes,    8175656 total
[2022-06-13T02:12:42.396+0000][1][gc,heap      ] GC(0) ParNew: 69952K->8093K(78656K)
[2022-06-13T02:12:42.397+0000][1][gc,heap      ] GC(0) CMS: 0K->0K(174784K)
[2022-06-13T02:12:42.397+0000][1][gc,metaspace ] GC(0) Metaspace: 12206K->12206K(1060864K)
[2022-06-13T02:12:42.398+0000][1][gc           ] GC(0) Pause Young (Allocation Failure) 68M->7M(247M) 9.288ms
[2022-06-13T02:12:42.398+0000][1][gc,cpu       ] GC(0) User=0.03s Sys=0.01s Real=0.01s
[2022-06-13T02:12:42.399+0000][1][safepoint    ] Leaving safepoint region
[2022-06-13T02:12:42.399+0000][1][safepoint    ] Total time for which application threads were stopped: 0.0113922 seconds, Stopping threads took: 0.0004756 seconds
[2022-06-13T02:12:42.400+0000][1][safepoint    ] Application time: 0.0005755 seconds
[2022-06-13T02:12:42.401+0000][1][safepoint    ] Entering safepoint region: RevokeBias
[2022-06-13T02:12:42.402+0000][1][safepoint    ] Leaving safepoint region
[2022-06-13T02:12:42.402+0000][1][safepoint    ] Total time for which application threads were stopped: 0.0015746 seconds, Stopping threads took: 0.0008425 seconds
[2022-06-13T02:12:42.403+0000][1][safepoint    ] Application time: 0.0003680 seconds
[2022-06-13T02:12:42.404+0000][1][safepoint    ] Entering safepoint region: RevokeBias
[2022-06-13T02:12:42.404+0000][1][safepoint    ] Leaving safepoint region
[2022-06-13T02:12:42.405+0000][1][safepoint    ] Total time for which application threads were stopped: 0.0012151 seconds, Stopping threads took: 0.0004917 seconds
[2022-06-13T02:12:42.406+0000][1][safepoint    ] Application time: 0.0003416 seconds
[2022-06-13T02:12:42.407+0000][1][safepoint    ] Entering safepoint region: RevokeBias
[2022-06-13T02:12:42.407+0000][1][safepoint    ] Leaving safepoint region
[2022-06-13T02:12:42.408+0000][1][safepoint    ] Total time for which application threads were stopped: 0.0011801 seconds, Stopping threads took: 0.0006535 seconds
[2022-06-13T02:12:42.408+0000][1][safepoint    ] Application time: 0.0002674 seconds
[2022-06-13T02:12:42.409+0000][1][safepoint    ] Entering safepoint region: RevokeBias
[2022-06-13T02:12:42.409+0000][1][safepoint    ] Leaving safepoint region
[2022-06-13T02:12:42.410+0000][1][safepoint    ] Total time for which application threads were stopped: 0.0011946 seconds, Stopping threads took: 0.0005398 seconds
[2022-06-13T02:12:42.411+0000][1][safepoint    ] Application time: 0.0001608 seconds
[2022-06-13T02:12:42.411+0000][1][safepoint    ] Entering safepoint region: RevokeBias
[2022-06-13T02:12:42.411+0000][1][safepoint    ] Leaving safepoint region
[2022-06-13T02:12:42.411+0000][1][safepoint    ] Total time for which application threads were stopped: 0.0006251 seconds, Stopping threads took: 0.0003752 seconds
[2022-06-13T02:12:42.412+0000][1][safepoint    ] Application time: 0.0001307 seconds
[2022-06-13T02:12:42.412+0000][1][safepoint    ] Entering safepoint region: RevokeBias
[2022-06-13T02:12:42.413+0000][1][safepoint    ] Leaving safepoint region
[2022-06-13T02:12:42.413+0000][1][safepoint    ] Total time for which application threads were stopped: 0.0009198 seconds, Stopping threads took: 0.0006212 seconds
[2022-06-13T02:12:42.413+0000][1][safepoint    ] Application time: 0.0001304 seconds
[2022-06-13T02:12:42.414+0000][1][safepoint    ] Entering safepoint region: RevokeBias
[2022-06-13T02:12:42.414+0000][1][safepoint    ] Leaving safepoint region
[2022-06-13T02:12:42.414+0000][1][safepoint    ] Total time for which application threads were stopped: 0.0004076 seconds, Stopping threads took: 0.0001777 seconds
[2022-06-13T02:12:42.414+0000][1][safepoint    ] Application time: 0.0001082 seconds
[2022-06-13T02:12:42.414+0000][1][safepoint    ] Entering safepoint region: RevokeBias
[2022-06-13T02:12:42.415+0000][1][safepoint    ] Leaving safepoint region
[2022-06-13T02:12:42.415+0000][1][safepoint    ] Total time for which application threads were stopped: 0.0005190 seconds, Stopping threads took: 0.0003198 seconds
[2022-06-13T02:12:42.415+0000][1][safepoint    ] Application time: 0.0001219 seconds
[2022-06-13T02:12:42.416+0000][1][safepoint    ] Entering safepoint region: RevokeBias
[2022-06-13T02:12:42.416+0000][1][safepoint    ] Leaving safepoint region
[2022-06-13T02:12:42.416+0000][1][safepoint    ] Total time for which application threads were stopped: 0.0006702 seconds, Stopping threads took: 0.0004564 seconds
[2022-06-13T02:12:42.417+0000][1][safepoint    ] Application time: 0.0000915 seconds
[2022-06-13T02:12:42.417+0000][1][safepoint    ] Entering safepoint region: RevokeBias
[2022-06-13T02:12:42.417+0000][1][safepoint    ] Leaving safepoint region
[2022-06-13T02:12:42.417+0000][1][safepoint    ] Total time for which application threads were stopped: 0.0002727 seconds, Stopping threads took: 0.0001285 seconds
[2022-06-13T02:12:42.417+0000][1][safepoint    ] Application time: 0.0001260 seconds
[2022-06-13T02:12:42.417+0000][1][safepoint    ] Entering safepoint region: RevokeBias
[2022-06-13T02:12:42.418+0000][1][safepoint    ] Leaving safepoint region
[2022-06-13T02:12:42.418+0000][1][safepoint    ] Total time for which application threads were stopped: 0.0003368 seconds, Stopping threads took: 0.0001774 seconds
[2022-06-13T02:12:42.418+0000][1][safepoint    ] Application time: 0.0000814 seconds
[2022-06-13T02:12:42.418+0000][1][safepoint    ] Entering safepoint region: RevokeBias
[2022-06-13T02:12:42.418+0000][1][safepoint    ] Leaving safepoint region
[2022-06-13T02:12:42.418+0000][1][safepoint    ] Total time for which application threads were stopped: 0.0002983 seconds, Stopping threads took: 0.0001354 seconds
[2022-06-13T02:12:42.419+0000][1][safepoint    ] Application time: 0.0001052 seconds
[2022-06-13T02:12:42.419+0000][1][safepoint    ] Entering safepoint region: RevokeBias
[2022-06-13T02:12:42.419+0000][1][safepoint    ] Leaving safepoint region
[2022-06-13T02:12:42.419+0000][1][safepoint    ] Total time for which application threads were stopped: 0.0002432 seconds, Stopping threads took: 0.0001139 seconds
[2022-06-13T02:12:42.419+0000][1][safepoint    ] Application time: 0.0000963 seconds
[2022-06-13T02:12:42.419+0000][1][safepoint    ] Entering safepoint region: RevokeBias
[2022-06-13T02:12:42.420+0000][1][safepoint    ] Leaving safepoint region
[2022-06-13T02:12:42.420+0000][1][safepoint    ] Total time for which application threads were stopped: 0.0001936 seconds, Stopping threads took: 0.0000895 seconds
[2022-06-13T02:12:42.420+0000][1][safepoint    ] Application time: 0.0000766 seconds
[2022-06-13T02:12:42.420+0000][1][safepoint    ] Entering safepoint region: RevokeBias
[2022-06-13T02:12:42.420+0000][1][safepoint    ] Leaving safepoint region
[2022-06-13T02:12:42.420+0000][1][safepoint    ] Total time for which application threads were stopped: 0.0002503 seconds, Stopping threads took: 0.0001131 seconds
[2022-06-13T02:12:42.420+0000][1][safepoint    ] Application time: 0.0000809 seconds
[2022-06-13T02:12:42.421+0000][1][safepoint    ] Entering safepoint region: RevokeBias
[2022-06-13T02:12:42.421+0000][1][safepoint    ] Leaving safepoint region
[2022-06-13T02:12:42.421+0000][1][safepoint    ] Total time for which application threads were stopped: 0.0004785 seconds, Stopping threads took: 0.0003266 seconds
[2022-06-13T02:12:42.421+0000][1][safepoint    ] Application time: 0.0000672 seconds
[2022-06-13T02:12:42.421+0000][1][safepoint    ] Entering safepoint region: RevokeBias
[2022-06-13T02:12:42.421+0000][1][safepoint    ] Leaving safepoint region
[2022-06-13T02:12:42.421+0000][1][safepoint    ] Total time for which application threads were stopped: 0.0001927 seconds, Stopping threads took: 0.0000838 seconds
[2022-06-13T02:12:42.422+0000][1][safepoint    ] Application time: 0.0000619 seconds
[2022-06-13T02:12:42.422+0000][1][safepoint    ] Entering safepoint region: RevokeBias
[2022-06-13T02:12:42.422+0000][1][safepoint    ] Leaving safepoint region
[2022-06-13T02:12:42.422+0000][1][safepoint    ] Total time for which application threads were stopped: 0.0003458 seconds, Stopping threads took: 0.0001655 seconds
[2022-06-13T02:12:42.422+0000][1][safepoint    ] Application time: 0.0001277 seconds
[2022-06-13T02:12:42.423+0000][1][safepoint    ] Entering safepoint region: RevokeBias
[2022-06-13T02:12:42.423+0000][1][safepoint    ] Leaving safepoint region
[2022-06-13T02:12:42.423+0000][1][safepoint    ] Total time for which application threads were stopped: 0.0002467 seconds, Stopping threads took: 0.0001409 seconds
[2022-06-13T02:12:42.423+0000][1][safepoint    ] Application time: 0.0000597 seconds
[2022-06-13T02:12:42.423+0000][1][safepoint    ] Entering safepoint region: RevokeBias
[2022-06-13T02:12:42.423+0000][1][safepoint    ] Leaving safepoint region
[2022-06-13T02:12:42.423+0000][1][safepoint    ] Total time for which application threads were stopped: 0.0002302 seconds, Stopping threads took: 0.0001229 seconds
[2022-06-13T02:12:42.423+0000][1][safepoint    ] Application time: 0.0000794 seconds
[2022-06-13T02:12:42.423+0000][1][safepoint    ] Entering safepoint region: RevokeBias
[2022-06-13T02:12:42.424+0000][1][safepoint    ] Leaving safepoint region
[2022-06-13T02:12:42.424+0000][1][safepoint    ] Total time for which application threads were stopped: 0.0002273 seconds, Stopping threads took: 0.0001259 seconds
[2022-06-13T02:12:42.424+0000][1][safepoint    ] Application time: 0.0001655 seconds
[2022-06-13T02:12:42.424+0000][1][safepoint    ] Entering safepoint region: RevokeBias
[2022-06-13T02:12:42.424+0000][1][safepoint    ] Leaving safepoint region
[2022-06-13T02:12:42.425+0000][1][safepoint    ] Total time for which application threads were stopped: 0.0004319 seconds, Stopping threads took: 0.0002053 seconds
[2022-06-13T02:12:42.425+0000][1][safepoint    ] Application time: 0.0003530 seconds
[2022-06-13T02:12:42.425+0000][1][safepoint    ] Entering safepoint region: RevokeBias
[2022-06-13T02:12:42.425+0000][1][safepoint    ] Leaving safepoint region
[2022-06-13T02:12:42.426+0000][1][safepoint    ] Total time for which application threads were stopped: 0.0003801 seconds, Stopping threads took: 0.0001789 seconds
[2022-06-13T02:12:42.426+0000][1][safepoint    ] Application time: 0.0000906 seconds
[2022-06-13T02:12:42.426+0000][1][safepoint    ] Entering safepoint region: RevokeBias
[2022-06-13T02:12:42.426+0000][1][safepoint    ] Leaving safepoint region
[2022-06-13T02:12:42.426+0000][1][safepoint    ] Total time for which application threads were stopped: 0.0003040 seconds, Stopping threads took: 0.0001804 seconds
[2022-06-13T02:12:42.426+0000][1][safepoint    ] Application time: 0.0000717 seconds
[2022-06-13T02:12:42.427+0000][1][safepoint    ] Entering safepoint region: RevokeBias
[2022-06-13T02:12:42.427+0000][1][safepoint    ] Leaving safepoint region
[2022-06-13T02:12:42.427+0000][1][safepoint    ] Total time for which application threads were stopped: 0.0001923 seconds, Stopping threads took: 0.0000977 seconds
[2022-06-13T02:12:42.427+0000][1][safepoint    ] Application time: 0.0000742 seconds
[2022-06-13T02:12:42.427+0000][1][safepoint    ] Entering safepoint region: RevokeBias
[2022-06-13T02:12:42.427+0000][1][safepoint    ] Leaving safepoint region
[2022-06-13T02:12:42.427+0000][1][safepoint    ] Total time for which application threads were stopped: 0.0001825 seconds, Stopping threads took: 0.0000875 seconds
[2022-06-13T02:12:42.575+0000][1][safepoint    ] Application time: 0.1473627 seconds
[2022-06-13T02:12:42.575+0000][1][safepoint    ] Entering safepoint region: Deoptimize
[2022-06-13T02:12:42.576+0000][1][safepoint    ] Leaving safepoint region
[2022-06-13T02:12:42.576+0000][1][safepoint    ] Total time for which application threads were stopped: 0.0012855 seconds, Stopping threads took: 0.0004924 seconds
[2022-06-13T02:12:42.732+0000][1][safepoint    ] Application time: 0.1557029 seconds
[2022-06-13T02:12:42.734+0000][1][safepoint    ] Entering safepoint region: RevokeBias
[2022-06-13T02:12:42.734+0000][1][safepoint    ] Leaving safepoint region
[2022-06-13T02:12:42.735+0000][1][safepoint    ] Total time for which application threads were stopped: 0.0008495 seconds, Stopping threads took: 0.0004157 seconds
[2022-06-13T02:12:42.784+0000][1][safepoint    ] Application time: 0.0487432 seconds
[2022-06-13T02:12:42.784+0000][1][safepoint    ] Entering safepoint region: RevokeBias
[2022-06-13T02:12:42.785+0000][1][safepoint    ] Leaving safepoint region
[2022-06-13T02:12:42.785+0000][1][safepoint    ] Total time for which application threads were stopped: 0.0008775 seconds, Stopping threads took: 0.0005276 seconds
[2022-06-13T02:12:42.788+0000][1][safepoint    ] Application time: 0.0028666 seconds
[2022-06-13T02:12:42.789+0000][1][safepoint    ] Entering safepoint region: RevokeBias
[2022-06-13T02:12:42.789+0000][1][safepoint    ] Leaving safepoint region
[2022-06-13T02:12:42.789+0000][1][safepoint    ] Total time for which application threads were stopped: 0.0006720 seconds, Stopping threads took: 0.0002629 seconds
[2022-06-13T02:12:42.804+0000][1][safepoint    ] Application time: 0.0147159 seconds
[2022-06-13T02:12:42.805+0000][1][safepoint    ] Entering safepoint region: GenCollectForAllocation
[2022-06-13T02:12:42.805+0000][1][gc,start     ] GC(1) Pause Young (Allocation Failure)
[2022-06-13T02:12:42.806+0000][1][gc,task      ] GC(1) Using 5 workers of 13 for evacuation
[2022-06-13T02:12:42.817+0000][1][gc,age       ] GC(1) Desired survivor size 4456448 bytes, new threshold 6 (max threshold 6)
[2022-06-13T02:12:42.817+0000][1][gc,age       ] GC(1) Age table with threshold 6 (max threshold 6)
[2022-06-13T02:12:42.817+0000][1][gc,age       ] GC(1) - age   1:    1994152 bytes,    1994152 total
[2022-06-13T02:12:42.818+0000][1][gc,heap      ] GC(1) ParNew: 78045K->5413K(78656K)
[2022-06-13T02:12:42.819+0000][1][gc,heap      ] GC(1) CMS: 0K->6652K(174784K)
[2022-06-13T02:12:42.819+0000][1][gc,metaspace ] GC(1) Metaspace: 14838K->14838K(1062912K)
[2022-06-13T02:12:42.820+0000][1][gc           ] GC(1) Pause Young (Allocation Failure) 76M->11M(247M) 14.226ms
[2022-06-13T02:12:42.820+0000][1][gc,cpu       ] GC(1) User=0.06s Sys=0.00s Real=0.02s
[2022-06-13T02:12:42.820+0000][1][safepoint    ] Leaving safepoint region
[2022-06-13T02:12:42.821+0000][1][safepoint    ] Total time for which application threads were stopped: 0.0158997 seconds, Stopping threads took: 0.0004058 seconds
[2022-06-13T02:12:42.822+0000][1][safepoint    ] Application time: 0.0006036 seconds
[2022-06-13T02:12:42.822+0000][1][safepoint    ] Entering safepoint region: BulkRevokeBias
[2022-06-13T02:12:42.823+0000][1][safepoint    ] Leaving safepoint region
[2022-06-13T02:12:42.823+0000][1][safepoint    ] Total time for which application threads were stopped: 0.0010009 seconds, Stopping threads took: 0.0004369 seconds
[2022-06-13T02:12:42.824+0000][1][safepoint    ] Application time: 0.0003290 seconds
[2022-06-13T02:12:42.824+0000][1][safepoint    ] Entering safepoint region: RevokeBias
[2022-06-13T02:12:42.825+0000][1][safepoint    ] Leaving safepoint region
[2022-06-13T02:12:42.826+0000][1][safepoint    ] Total time for which application threads were stopped: 0.0010694 seconds, Stopping threads took: 0.0004157 seconds
[2022-06-13T02:12:42.826+0000][1][safepoint    ] Application time: 0.0002511 seconds
[2022-06-13T02:12:42.827+0000][1][safepoint    ] Entering safepoint region: RevokeBias
[2022-06-13T02:12:42.827+0000][1][safepoint    ] Leaving safepoint region
[2022-06-13T02:12:42.828+0000][1][safepoint    ] Total time for which application threads were stopped: 0.0009530 seconds, Stopping threads took: 0.0003719 seconds
[2022-06-13T02:12:42.828+0000][1][safepoint    ] Application time: 0.0001868 seconds
[2022-06-13T02:12:42.829+0000][1][safepoint    ] Entering safepoint region: RevokeBias
[2022-06-13T02:12:42.829+0000][1][safepoint    ] Leaving safepoint region
[2022-06-13T02:12:42.830+0000][1][safepoint    ] Total time for which application threads were stopped: 0.0008433 seconds, Stopping threads took: 0.0004412 seconds
[2022-06-13T02:12:42.830+0000][1][safepoint    ] Application time: 0.0001933 seconds
[2022-06-13T02:12:42.831+0000][1][safepoint    ] Entering safepoint region: RevokeBias
[2022-06-13T02:12:42.831+0000][1][safepoint    ] Leaving safepoint region
[2022-06-13T02:12:42.831+0000][1][safepoint    ] Total time for which application threads were stopped: 0.0007447 seconds, Stopping threads took: 0.0003970 seconds
[2022-06-13T02:12:42.832+0000][1][safepoint    ] Application time: 0.0002058 seconds
[2022-06-13T02:12:42.833+0000][1][safepoint    ] Entering safepoint region: RevokeBias
[2022-06-13T02:12:42.833+0000][1][safepoint    ] Leaving safepoint region
[2022-06-13T02:12:42.833+0000][1][safepoint    ] Total time for which application threads were stopped: 0.0006789 seconds, Stopping threads took: 0.0003954 seconds
[2022-06-13T02:12:42.834+0000][1][safepoint    ] Application time: 0.0001664 seconds
[2022-06-13T02:12:42.834+0000][1][safepoint    ] Entering safepoint region: RevokeBias
[2022-06-13T02:12:42.834+0000][1][safepoint    ] Leaving safepoint region
[2022-06-13T02:12:42.834+0000][1][safepoint    ] Total time for which application threads were stopped: 0.0005478 seconds, Stopping threads took: 0.0002969 seconds
[2022-06-13T02:12:42.835+0000][1][safepoint    ] Application time: 0.0001876 seconds
[2022-06-13T02:12:42.835+0000][1][safepoint    ] Entering safepoint region: RevokeBias
[2022-06-13T02:12:42.836+0000][1][safepoint    ] Leaving safepoint region
[2022-06-13T02:12:42.836+0000][1][safepoint    ] Total time for which application threads were stopped: 0.0006325 seconds, Stopping threads took: 0.0003612 seconds
[2022-06-13T02:12:42.836+0000][1][safepoint    ] Application time: 0.0002079 seconds
[2022-06-13T02:12:42.837+0000][1][safepoint    ] Entering safepoint region: RevokeBias
[2022-06-13T02:12:42.837+0000][1][safepoint    ] Leaving safepoint region
[2022-06-13T02:12:42.837+0000][1][safepoint    ] Total time for which application threads were stopped: 0.0007405 seconds, Stopping threads took: 0.0003572 seconds
[2022-06-13T02:12:42.838+0000][1][safepoint    ] Application time: 0.0001918 seconds
[2022-06-13T02:12:42.838+0000][1][safepoint    ] Entering safepoint region: RevokeBias
[2022-06-13T02:12:42.839+0000][1][safepoint    ] Leaving safepoint region
[2022-06-13T02:12:42.839+0000][1][safepoint    ] Total time for which application threads were stopped: 0.0006680 seconds, Stopping threads took: 0.0002673 seconds
[2022-06-13T02:12:42.839+0000][1][safepoint    ] Application time: 0.0001818 seconds
[2022-06-13T02:12:42.840+0000][1][safepoint    ] Entering safepoint region: BulkRevokeBias
[2022-06-13T02:12:42.840+0000][1][safepoint    ] Leaving safepoint region
[2022-06-13T02:12:42.841+0000][1][safepoint    ] Total time for which application threads were stopped: 0.0008345 seconds, Stopping threads took: 0.0004262 seconds
[2022-06-13T02:12:42.841+0000][1][safepoint    ] Application time: 0.0002242 seconds
[2022-06-13T02:12:42.841+0000][1][safepoint    ] Entering safepoint region: RevokeBias
[2022-06-13T02:12:42.842+0000][1][safepoint    ] Leaving safepoint region
[2022-06-13T02:12:42.842+0000][1][safepoint    ] Total time for which application threads were stopped: 0.0006014 seconds, Stopping threads took: 0.0003421 seconds
[2022-06-13T02:12:42.842+0000][1][safepoint    ] Application time: 0.0001156 seconds
[2022-06-13T02:12:42.842+0000][1][safepoint    ] Entering safepoint region: BulkRevokeBias
[2022-06-13T02:12:42.843+0000][1][safepoint    ] Leaving safepoint region
[2022-06-13T02:12:42.843+0000][1][safepoint    ] Total time for which application threads were stopped: 0.0007391 seconds, Stopping threads took: 0.0004106 seconds
[2022-06-13T02:12:42.905+0000][1][safepoint    ] Application time: 0.0618927 seconds
[2022-06-13T02:12:42.906+0000][1][safepoint    ] Entering safepoint region: GenCollectForAllocation
[2022-06-13T02:12:42.906+0000][1][gc,start     ] GC(2) Pause Young (Allocation Failure)
[2022-06-13T02:12:42.907+0000][1][gc,task      ] GC(2) Using 5 workers of 13 for evacuation
[2022-06-13T02:12:42.910+0000][1][gc,age       ] GC(2) Desired survivor size 4456448 bytes, new threshold 6 (max threshold 6)
[2022-06-13T02:12:42.910+0000][1][gc,age       ] GC(2) Age table with threshold 6 (max threshold 6)
[2022-06-13T02:12:42.911+0000][1][gc,age       ] GC(2) - age   1:    2572496 bytes,    2572496 total
[2022-06-13T02:12:42.911+0000][1][gc,age       ] GC(2) - age   2:    1185496 bytes,    3757992 total
[2022-06-13T02:12:42.912+0000][1][gc,heap      ] GC(2) ParNew: 75365K->4416K(78656K)
[2022-06-13T02:12:42.912+0000][1][gc,heap      ] GC(2) CMS: 6652K->6652K(174784K)
[2022-06-13T02:12:42.913+0000][1][gc,metaspace ] GC(2) Metaspace: 14975K->14975K(1062912K)
[2022-06-13T02:12:42.913+0000][1][gc           ] GC(2) Pause Young (Allocation Failure) 80M->10M(247M) 6.859ms
[2022-06-13T02:12:42.914+0000][1][gc,cpu       ] GC(2) User=0.02s Sys=0.00s Real=0.01s
[2022-06-13T02:12:42.914+0000][1][safepoint    ] Leaving safepoint region
[2022-06-13T02:12:42.915+0000][1][safepoint    ] Total time for which application threads were stopped: 0.0088408 seconds, Stopping threads took: 0.0003910 seconds
[2022-06-13T02:12:42.916+0000][1][safepoint    ] Application time: 0.0005411 seconds
[2022-06-13T02:12:42.916+0000][1][safepoint    ] Entering safepoint region: RevokeBias
[2022-06-13T02:12:42.917+0000][1][safepoint    ] Leaving safepoint region
[2022-06-13T02:12:42.917+0000][1][safepoint    ] Total time for which application threads were stopped: 0.0011312 seconds, Stopping threads took: 0.0006809 seconds
[2022-06-13T02:12:42.918+0000][1][safepoint    ] Application time: 0.0002489 seconds
[2022-06-13T02:12:42.919+0000][1][safepoint    ] Entering safepoint region: RevokeBias
[2022-06-13T02:12:42.919+0000][1][safepoint    ] Leaving safepoint region
[2022-06-13T02:12:42.920+0000][1][safepoint    ] Total time for which application threads were stopped: 0.0010353 seconds, Stopping threads took: 0.0004592 seconds
[2022-06-13T02:12:42.920+0000][1][safepoint    ] Application time: 0.0003306 seconds
[2022-06-13T02:12:42.921+0000][1][safepoint    ] Entering safepoint region: RevokeBias
[2022-06-13T02:12:42.921+0000][1][safepoint    ] Leaving safepoint region
[2022-06-13T02:12:42.921+0000][1][safepoint    ] Total time for which application threads were stopped: 0.0008450 seconds, Stopping threads took: 0.0003416 seconds
[2022-06-13T02:12:42.922+0000][1][safepoint    ] Application time: 0.0003221 seconds
[2022-06-13T02:12:42.923+0000][1][safepoint    ] Entering safepoint region: RevokeBias
[2022-06-13T02:12:42.923+0000][1][safepoint    ] Leaving safepoint region
[2022-06-13T02:12:42.924+0000][1][safepoint    ] Total time for which application threads were stopped: 0.0010027 seconds, Stopping threads took: 0.0005253 seconds
[2022-06-13T02:12:42.925+0000][1][safepoint    ] Application time: 0.0002649 seconds
[2022-06-13T02:12:42.925+0000][1][safepoint    ] Entering safepoint region: RevokeBias
[2022-06-13T02:12:42.926+0000][1][safepoint    ] Leaving safepoint region
[2022-06-13T02:12:42.926+0000][1][safepoint    ] Total time for which application threads were stopped: 0.0008472 seconds, Stopping threads took: 0.0004117 seconds
[2022-06-13T02:12:42.927+0000][1][safepoint    ] Application time: 0.0001946 seconds
[2022-06-13T02:12:42.927+0000][1][safepoint    ] Entering safepoint region: RevokeBias
[2022-06-13T02:12:42.928+0000][1][safepoint    ] Leaving safepoint region
[2022-06-13T02:12:42.928+0000][1][safepoint    ] Total time for which application threads were stopped: 0.0010617 seconds, Stopping threads took: 0.0005451 seconds
[2022-06-13T02:12:43.000+0000][1][safepoint    ] Application time: 0.0714001 seconds
[2022-06-13T02:12:43.001+0000][1][safepoint    ] Entering safepoint region: Deoptimize
[2022-06-13T02:12:43.001+0000][1][safepoint    ] Leaving safepoint region
[2022-06-13T02:12:43.002+0000][1][safepoint    ] Total time for which application threads were stopped: 0.0012467 seconds, Stopping threads took: 0.0004961 seconds
[2022-06-13T02:12:43.003+0000][1][safepoint    ] Application time: 0.0006878 seconds
[2022-06-13T02:12:43.003+0000][1][safepoint    ] Entering safepoint region: Deoptimize
[2022-06-13T02:12:43.004+0000][1][safepoint    ] Leaving safepoint region
[2022-06-13T02:12:43.005+0000][1][safepoint    ] Total time for which application threads were stopped: 0.0012115 seconds, Stopping threads took: 0.0004978 seconds
[2022-06-13T02:12:43.108+0000][1][safepoint    ] Application time: 0.1029979 seconds
[2022-06-13T02:12:43.108+0000][1][safepoint    ] Entering safepoint region: GenCollectForAllocation
[2022-06-13T02:12:43.109+0000][1][gc,start     ] GC(3) Pause Young (Allocation Failure)
[2022-06-13T02:12:43.109+0000][1][gc,task      ] GC(3) Using 5 workers of 13 for evacuation
[2022-06-13T02:12:43.112+0000][1][gc,age       ] GC(3) Desired survivor size 4456448 bytes, new threshold 3 (max threshold 6)
[2022-06-13T02:12:43.113+0000][1][gc,age       ] GC(3) Age table with threshold 3 (max threshold 6)
[2022-06-13T02:12:43.113+0000][1][gc,age       ] GC(3) - age   1:    3225688 bytes,    3225688 total
[2022-06-13T02:12:43.114+0000][1][gc,age       ] GC(3) - age   2:     294184 bytes,    3519872 total
[2022-06-13T02:12:43.114+0000][1][gc,age       ] GC(3) - age   3:    1182160 bytes,    4702032 total
[2022-06-13T02:12:43.114+0000][1][gc,heap      ] GC(3) ParNew: 74368K->5788K(78656K)
[2022-06-13T02:12:43.115+0000][1][gc,heap      ] GC(3) CMS: 6652K->6652K(174784K)
[2022-06-13T02:12:43.115+0000][1][gc,metaspace ] GC(3) Metaspace: 18164K->18164K(1067008K)
[2022-06-13T02:12:43.116+0000][1][gc           ] GC(3) Pause Young (Allocation Failure) 79M->12M(247M) 6.703ms
[2022-06-13T02:12:43.116+0000][1][gc,cpu       ] GC(3) User=0.04s Sys=0.00s Real=0.01s
[2022-06-13T02:12:43.117+0000][1][safepoint    ] Leaving safepoint region
[2022-06-13T02:12:43.117+0000][1][safepoint    ] Total time for which application threads were stopped: 0.0084994 seconds, Stopping threads took: 0.0004048 seconds
[2022-06-13T02:12:43.118+0000][1][safepoint    ] Application time: 0.0003174 seconds
[2022-06-13T02:12:43.118+0000][1][safepoint    ] Entering safepoint region: RevokeBias
[2022-06-13T02:12:43.119+0000][1][safepoint    ] Leaving safepoint region
[2022-06-13T02:12:43.119+0000][1][safepoint    ] Total time for which application threads were stopped: 0.0011639 seconds, Stopping threads took: 0.0004133 seconds
[2022-06-13T02:12:43.120+0000][1][safepoint    ] Application time: 0.0002311 seconds
[2022-06-13T02:12:43.121+0000][1][safepoint    ] Entering safepoint region: RevokeBias
[2022-06-13T02:12:43.121+0000][1][safepoint    ] Leaving safepoint region
[2022-06-13T02:12:43.121+0000][1][safepoint    ] Total time for which application threads were stopped: 0.0010493 seconds, Stopping threads took: 0.0005665 seconds
[2022-06-13T02:12:43.122+0000][1][safepoint    ] Application time: 0.0002388 seconds
[2022-06-13T02:12:43.123+0000][1][safepoint    ] Entering safepoint region: RevokeBias
[2022-06-13T02:12:43.123+0000][1][safepoint    ] Leaving safepoint region
[2022-06-13T02:12:43.123+0000][1][safepoint    ] Total time for which application threads were stopped: 0.0007947 seconds, Stopping threads took: 0.0003886 seconds
[2022-06-13T02:12:43.124+0000][1][safepoint    ] Application time: 0.0002136 seconds
[2022-06-13T02:12:43.124+0000][1][safepoint    ] Entering safepoint region: RevokeBias
[2022-06-13T02:12:43.125+0000][1][safepoint    ] Leaving safepoint region
[2022-06-13T02:12:43.125+0000][1][safepoint    ] Total time for which application threads were stopped: 0.0007921 seconds, Stopping threads took: 0.0003872 seconds
[2022-06-13T02:12:43.126+0000][1][safepoint    ] Application time: 0.0001672 seconds
[2022-06-13T02:12:43.126+0000][1][safepoint    ] Entering safepoint region: RevokeBias
[2022-06-13T02:12:43.126+0000][1][safepoint    ] Leaving safepoint region
[2022-06-13T02:12:43.127+0000][1][safepoint    ] Total time for which application threads were stopped: 0.0005778 seconds, Stopping threads took: 0.0002864 seconds
[2022-06-13T02:12:43.127+0000][1][safepoint    ] Application time: 0.0001539 seconds
[2022-06-13T02:12:43.128+0000][1][safepoint    ] Entering safepoint region: RevokeBias
[2022-06-13T02:12:43.128+0000][1][safepoint    ] Leaving safepoint region
[2022-06-13T02:12:43.128+0000][1][safepoint    ] Total time for which application threads were stopped: 0.0005521 seconds, Stopping threads took: 0.0002727 seconds
[2022-06-13T02:12:43.128+0000][1][safepoint    ] Application time: 0.0001507 seconds
[2022-06-13T02:12:43.129+0000][1][safepoint    ] Entering safepoint region: RevokeBias
[2022-06-13T02:12:43.129+0000][1][safepoint    ] Leaving safepoint region
[2022-06-13T02:12:43.130+0000][1][safepoint    ] Total time for which application threads were stopped: 0.0008104 seconds, Stopping threads took: 0.0005312 seconds
[2022-06-13T02:12:43.130+0000][1][safepoint    ] Application time: 0.0001403 seconds
[2022-06-13T02:12:43.130+0000][1][safepoint    ] Entering safepoint region: RevokeBias
[2022-06-13T02:12:43.131+0000][1][safepoint    ] Leaving safepoint region
[2022-06-13T02:12:43.131+0000][1][safepoint    ] Total time for which application threads were stopped: 0.0005767 seconds, Stopping threads took: 0.0002945 seconds
[2022-06-13T02:12:43.131+0000][1][safepoint    ] Application time: 0.0001939 seconds
[2022-06-13T02:12:43.132+0000][1][safepoint    ] Entering safepoint region: RevokeBias
[2022-06-13T02:12:43.132+0000][1][safepoint    ] Leaving safepoint region
[2022-06-13T02:12:43.133+0000][1][safepoint    ] Total time for which application threads were stopped: 0.0008130 seconds, Stopping threads took: 0.0004232 seconds
[2022-06-13T02:12:43.133+0000][1][safepoint    ] Application time: 0.0001658 seconds
[2022-06-13T02:12:43.134+0000][1][safepoint    ] Entering safepoint region: RevokeBias
[2022-06-13T02:12:43.134+0000][1][safepoint    ] Leaving safepoint region
[2022-06-13T02:12:43.134+0000][1][safepoint    ] Total time for which application threads were stopped: 0.0011316 seconds, Stopping threads took: 0.0007913 seconds
[2022-06-13T02:12:43.135+0000][1][safepoint    ] Application time: 0.0001423 seconds
[2022-06-13T02:12:43.135+0000][1][safepoint    ] Entering safepoint region: RevokeBias
[2022-06-13T02:12:43.136+0000][1][safepoint    ] Leaving safepoint region
[2022-06-13T02:12:43.136+0000][1][safepoint    ] Total time for which application threads were stopped: 0.0007322 seconds, Stopping threads took: 0.0004649 seconds
[2022-06-13T02:12:43.137+0000][1][safepoint    ] Application time: 0.0002174 seconds
[2022-06-13T02:12:43.137+0000][1][safepoint    ] Entering safepoint region: RevokeBias
[2022-06-13T02:12:43.138+0000][1][safepoint    ] Leaving safepoint region
[2022-06-13T02:12:43.138+0000][1][safepoint    ] Total time for which application threads were stopped: 0.0006819 seconds, Stopping threads took: 0.0003610 seconds
[2022-06-13T02:12:43.139+0000][1][safepoint    ] Application time: 0.0002626 seconds
[2022-06-13T02:12:43.139+0000][1][safepoint    ] Entering safepoint region: RevokeBias
[2022-06-13T02:12:43.140+0000][1][safepoint    ] Leaving safepoint region
[2022-06-13T02:12:43.140+0000][1][safepoint    ] Total time for which application threads were stopped: 0.0009178 seconds, Stopping threads took: 0.0005487 seconds
[2022-06-13T02:12:43.141+0000][1][safepoint    ] Application time: 0.0002526 seconds
[2022-06-13T02:12:43.141+0000][1][safepoint    ] Entering safepoint region: RevokeBias
[2022-06-13T02:12:43.142+0000][1][safepoint    ] Leaving safepoint region
[2022-06-13T02:12:43.142+0000][1][safepoint    ] Total time for which application threads were stopped: 0.0006384 seconds, Stopping threads took: 0.0003906 seconds
[2022-06-13T02:12:43.142+0000][1][safepoint    ] Application time: 0.0001557 seconds
[2022-06-13T02:12:43.143+0000][1][safepoint    ] Entering safepoint region: RevokeBias
[2022-06-13T02:12:43.143+0000][1][safepoint    ] Leaving safepoint region
[2022-06-13T02:12:43.143+0000][1][safepoint    ] Total time for which application threads were stopped: 0.0007254 seconds, Stopping threads took: 0.0004883 seconds
[2022-06-13T02:12:43.144+0000][1][safepoint    ] Application time: 0.0001888 seconds
[2022-06-13T02:12:43.144+0000][1][safepoint    ] Entering safepoint region: RevokeBias
[2022-06-13T02:12:43.144+0000][1][safepoint    ] Leaving safepoint region
[2022-06-13T02:12:43.144+0000][1][safepoint    ] Total time for which application threads were stopped: 0.0006397 seconds, Stopping threads took: 0.0004092 seconds
[2022-06-13T02:12:43.145+0000][1][safepoint    ] Application time: 0.0001734 seconds
[2022-06-13T02:12:43.145+0000][1][safepoint    ] Entering safepoint region: RevokeBias
[2022-06-13T02:12:43.145+0000][1][safepoint    ] Leaving safepoint region
[2022-06-13T02:12:43.145+0000][1][safepoint    ] Total time for which application threads were stopped: 0.0004429 seconds, Stopping threads took: 0.0002287 seconds
[2022-06-13T02:12:43.146+0000][1][safepoint    ] Application time: 0.0002387 seconds
[2022-06-13T02:12:43.146+0000][1][safepoint    ] Entering safepoint region: RevokeBias
[2022-06-13T02:12:43.146+0000][1][safepoint    ] Leaving safepoint region
[2022-06-13T02:12:43.147+0000][1][safepoint    ] Total time for which application threads were stopped: 0.0005188 seconds, Stopping threads took: 0.0002528 seconds
[2022-06-13T02:12:43.147+0000][1][safepoint    ] Application time: 0.0001670 seconds
[2022-06-13T02:12:43.148+0000][1][safepoint    ] Entering safepoint region: RevokeBias
[2022-06-13T02:12:43.148+0000][1][safepoint    ] Leaving safepoint region
[2022-06-13T02:12:43.148+0000][1][safepoint    ] Total time for which application threads were stopped: 0.0005095 seconds, Stopping threads took: 0.0002628 seconds
[2022-06-13T02:12:43.148+0000][1][safepoint    ] Application time: 0.0001716 seconds
[2022-06-13T02:12:43.149+0000][1][safepoint    ] Entering safepoint region: RevokeBias
[2022-06-13T02:12:43.149+0000][1][safepoint    ] Leaving safepoint region
[2022-06-13T02:12:43.149+0000][1][safepoint    ] Total time for which application threads were stopped: 0.0005771 seconds, Stopping threads took: 0.0002896 seconds
[2022-06-13T02:12:43.150+0000][1][safepoint    ] Application time: 0.0001914 seconds
[2022-06-13T02:12:43.150+0000][1][safepoint    ] Entering safepoint region: RevokeBias
[2022-06-13T02:12:43.150+0000][1][safepoint    ] Leaving safepoint region
[2022-06-13T02:12:43.150+0000][1][safepoint    ] Total time for which application threads were stopped: 0.0004646 seconds, Stopping threads took: 0.0002409 seconds
[2022-06-13T02:12:43.223+0000][1][safepoint    ] Application time: 0.0720275 seconds
[2022-06-13T02:12:43.223+0000][1][safepoint    ] Entering safepoint region: GenCollectForAllocation
[2022-06-13T02:12:43.223+0000][1][gc,start     ] GC(4) Pause Young (Allocation Failure)
[2022-06-13T02:12:43.223+0000][1][gc,task      ] GC(4) Using 5 workers of 13 for evacuation
[2022-06-13T02:12:43.226+0000][1][gc,age       ] GC(4) Desired survivor size 4456448 bytes, new threshold 6 (max threshold 6)
[2022-06-13T02:12:43.226+0000][1][gc,age       ] GC(4) Age table with threshold 6 (max threshold 6)
[2022-06-13T02:12:43.226+0000][1][gc,age       ] GC(4) - age   1:     921112 bytes,     921112 total
[2022-06-13T02:12:43.227+0000][1][gc,age       ] GC(4) - age   2:    3189672 bytes,    4110784 total
[2022-06-13T02:12:43.227+0000][1][gc,age       ] GC(4) - age   3:     293656 bytes,    4404440 total
[2022-06-13T02:12:43.228+0000][1][gc,heap      ] GC(4) ParNew: 75740K->6786K(78656K)
[2022-06-13T02:12:43.228+0000][1][gc,heap      ] GC(4) CMS: 6652K->7824K(174784K)
[2022-06-13T02:12:43.228+0000][1][gc,metaspace ] GC(4) Metaspace: 18665K->18665K(1067008K)
[2022-06-13T02:12:43.229+0000][1][gc           ] GC(4) Pause Young (Allocation Failure) 80M->14M(247M) 5.369ms
[2022-06-13T02:12:43.229+0000][1][gc,cpu       ] GC(4) User=0.02s Sys=0.00s Real=0.00s
[2022-06-13T02:12:43.229+0000][1][safepoint    ] Leaving safepoint region
[2022-06-13T02:12:43.229+0000][1][safepoint    ] Total time for which application threads were stopped: 0.0065918 seconds, Stopping threads took: 0.0002049 seconds
[2022-06-13T02:12:43.230+0000][1][safepoint    ] Application time: 0.0002214 seconds
[2022-06-13T02:12:43.231+0000][1][safepoint    ] Entering safepoint region: RevokeBias
[2022-06-13T02:12:43.231+0000][1][safepoint    ] Leaving safepoint region
[2022-06-13T02:12:43.231+0000][1][safepoint    ] Total time for which application threads were stopped: 0.0006195 seconds, Stopping threads took: 0.0003726 seconds
[2022-06-13T02:12:43.232+0000][1][safepoint    ] Application time: 0.0000917 seconds
[2022-06-13T02:12:43.232+0000][1][safepoint    ] Entering safepoint region: RevokeBias
[2022-06-13T02:12:43.232+0000][1][safepoint    ] Leaving safepoint region
[2022-06-13T02:12:43.232+0000][1][safepoint    ] Total time for which application threads were stopped: 0.0005514 seconds, Stopping threads took: 0.0002718 seconds
[2022-06-13T02:12:43.233+0000][1][safepoint    ] Application time: 0.0001350 seconds
[2022-06-13T02:12:43.233+0000][1][safepoint    ] Entering safepoint region: RevokeBias
[2022-06-13T02:12:43.233+0000][1][safepoint    ] Leaving safepoint region
[2022-06-13T02:12:43.234+0000][1][safepoint    ] Total time for which application threads were stopped: 0.0005700 seconds, Stopping threads took: 0.0002805 seconds
[2022-06-13T02:12:43.234+0000][1][safepoint    ] Application time: 0.0001399 seconds
[2022-06-13T02:12:43.234+0000][1][safepoint    ] Entering safepoint region: RevokeBias
[2022-06-13T02:12:43.235+0000][1][safepoint    ] Leaving safepoint region
[2022-06-13T02:12:43.235+0000][1][safepoint    ] Total time for which application threads were stopped: 0.0006804 seconds, Stopping threads took: 0.0003892 seconds
[2022-06-13T02:12:43.248+0000][1][safepoint    ] Application time: 0.0130328 seconds
[2022-06-13T02:12:43.249+0000][1][safepoint    ] Entering safepoint region: Deoptimize
[2022-06-13T02:12:43.249+0000][1][safepoint    ] Leaving safepoint region
[2022-06-13T02:12:43.249+0000][1][safepoint    ] Total time for which application threads were stopped: 0.0008622 seconds, Stopping threads took: 0.0003033 seconds
[2022-06-13T02:12:43.276+0000][1][safepoint    ] Application time: 0.0263568 seconds
[2022-06-13T02:12:43.276+0000][1][safepoint    ] Entering safepoint region: Deoptimize
[2022-06-13T02:12:43.277+0000][1][safepoint    ] Leaving safepoint region
[2022-06-13T02:12:43.277+0000][1][safepoint    ] Total time for which application threads were stopped: 0.0010206 seconds, Stopping threads took: 0.0003635 seconds
[2022-06-13T02:12:43.322+0000][1][safepoint    ] Application time: 0.0442556 seconds
[2022-06-13T02:12:43.322+0000][1][safepoint    ] Entering safepoint region: GenCollectForAllocation
[2022-06-13T02:12:43.323+0000][1][gc,start     ] GC(5) Pause Young (Allocation Failure)
[2022-06-13T02:12:43.323+0000][1][gc,task      ] GC(5) Using 5 workers of 13 for evacuation
[2022-06-13T02:12:43.326+0000][1][gc,age       ] GC(5) Desired survivor size 4456448 bytes, new threshold 3 (max threshold 6)
[2022-06-13T02:12:43.326+0000][1][gc,age       ] GC(5) Age table with threshold 3 (max threshold 6)
[2022-06-13T02:12:43.326+0000][1][gc,age       ] GC(5) - age   1:    2171368 bytes,    2171368 total
[2022-06-13T02:12:43.326+0000][1][gc,age       ] GC(5) - age   2:     587048 bytes,    2758416 total
[2022-06-13T02:12:43.326+0000][1][gc,age       ] GC(5) - age   3:    3185504 bytes,    5943920 total
[2022-06-13T02:12:43.326+0000][1][gc,age       ] GC(5) - age   4:     293656 bytes,    6237576 total
[2022-06-13T02:12:43.327+0000][1][gc,heap      ] GC(5) ParNew: 76738K->8704K(78656K)
[2022-06-13T02:12:43.327+0000][1][gc,heap      ] GC(5) CMS: 7824K->7824K(174784K)
[2022-06-13T02:12:43.327+0000][1][gc,metaspace ] GC(5) Metaspace: 18932K->18932K(1067008K)
[2022-06-13T02:12:43.327+0000][1][gc           ] GC(5) Pause Young (Allocation Failure) 82M->16M(247M) 4.604ms
[2022-06-13T02:12:43.327+0000][1][gc,cpu       ] GC(5) User=0.02s Sys=0.00s Real=0.00s
[2022-06-13T02:12:43.327+0000][1][safepoint    ] Leaving safepoint region
[2022-06-13T02:12:43.328+0000][1][safepoint    ] Total time for which application threads were stopped: 0.0055985 seconds, Stopping threads took: 0.0003398 seconds
[2022-06-13T02:12:43.328+0000][1][safepoint    ] Application time: 0.0002284 seconds
[2022-06-13T02:12:43.328+0000][1][safepoint    ] Entering safepoint region: RevokeBias
[2022-06-13T02:12:43.329+0000][1][safepoint    ] Leaving safepoint region
[2022-06-13T02:12:43.329+0000][1][safepoint    ] Total time for which application threads were stopped: 0.0004411 seconds, Stopping threads took: 0.0002398 seconds
[2022-06-13T02:12:43.329+0000][1][safepoint    ] Application time: 0.0001220 seconds
[2022-06-13T02:12:43.329+0000][1][safepoint    ] Entering safepoint region: RevokeBias
[2022-06-13T02:12:43.329+0000][1][safepoint    ] Leaving safepoint region
[2022-06-13T02:12:43.329+0000][1][safepoint    ] Total time for which application threads were stopped: 0.0004042 seconds, Stopping threads took: 0.0001883 seconds
[2022-06-13T02:12:43.330+0000][1][safepoint    ] Application time: 0.0000952 seconds
[2022-06-13T02:12:43.330+0000][1][safepoint    ] Entering safepoint region: RevokeBias
[2022-06-13T02:12:43.330+0000][1][safepoint    ] Leaving safepoint region
[2022-06-13T02:12:43.330+0000][1][safepoint    ] Total time for which application threads were stopped: 0.0003871 seconds, Stopping threads took: 0.0001875 seconds
[2022-06-13T02:12:43.330+0000][1][safepoint    ] Application time: 0.0000865 seconds
[2022-06-13T02:12:43.331+0000][1][safepoint    ] Entering safepoint region: RevokeBias
[2022-06-13T02:12:43.331+0000][1][safepoint    ] Leaving safepoint region
[2022-06-13T02:12:43.331+0000][1][safepoint    ] Total time for which application threads were stopped: 0.0002192 seconds, Stopping threads took: 0.0000978 seconds
[2022-06-13T02:12:43.331+0000][1][safepoint    ] Application time: 0.0000654 seconds
[2022-06-13T02:12:43.331+0000][1][safepoint    ] Entering safepoint region: RevokeBias
[2022-06-13T02:12:43.331+0000][1][safepoint    ] Leaving safepoint region
[2022-06-13T02:12:43.332+0000][1][safepoint    ] Total time for which application threads were stopped: 0.0005553 seconds, Stopping threads took: 0.0001371 seconds
[2022-06-13T02:12:43.332+0000][1][safepoint    ] Application time: 0.0001014 seconds
[2022-06-13T02:12:43.332+0000][1][safepoint    ] Entering safepoint region: RevokeBias
[2022-06-13T02:12:43.332+0000][1][safepoint    ] Leaving safepoint region
[2022-06-13T02:12:43.333+0000][1][safepoint    ] Total time for which application threads were stopped: 0.0004802 seconds, Stopping threads took: 0.0002606 seconds
[2022-06-13T02:12:43.393+0000][1][safepoint    ] Application time: 0.0599509 seconds
[2022-06-13T02:12:43.393+0000][1][safepoint    ] Entering safepoint region: RevokeBias
[2022-06-13T02:12:43.393+0000][1][safepoint    ] Leaving safepoint region
[2022-06-13T02:12:43.394+0000][1][safepoint    ] Total time for which application threads were stopped: 0.0005391 seconds, Stopping threads took: 0.0003072 seconds
[2022-06-13T02:12:43.394+0000][1][safepoint    ] Application time: 0.0002648 seconds
[2022-06-13T02:12:43.394+0000][1][safepoint    ] Entering safepoint region: BulkRevokeBias
[2022-06-13T02:12:43.395+0000][1][safepoint    ] Leaving safepoint region
[2022-06-13T02:12:43.395+0000][1][safepoint    ] Total time for which application threads were stopped: 0.0005751 seconds, Stopping threads took: 0.0003054 seconds
[2022-06-13T02:12:43.407+0000][1][safepoint    ] Application time: 0.0116955 seconds
[2022-06-13T02:12:43.407+0000][1][safepoint    ] Entering safepoint region: GenCollectForAllocation
[2022-06-13T02:12:43.408+0000][1][gc,start     ] GC(6) Pause Young (Allocation Failure)
[2022-06-13T02:12:43.408+0000][1][gc,task      ] GC(6) Using 5 workers of 13 for evacuation
[2022-06-13T02:12:43.411+0000][1][gc,age       ] GC(6) Desired survivor size 4456448 bytes, new threshold 3 (max threshold 6)
[2022-06-13T02:12:43.411+0000][1][gc,age       ] GC(6) Age table with threshold 3 (max threshold 6)
[2022-06-13T02:12:43.411+0000][1][gc,age       ] GC(6) - age   1:    2023664 bytes,    2023664 total
[2022-06-13T02:12:43.411+0000][1][gc,age       ] GC(6) - age   2:    2157128 bytes,    4180792 total
[2022-06-13T02:12:43.412+0000][1][gc,age       ] GC(6) - age   3:     587048 bytes,    4767840 total
[2022-06-13T02:12:43.412+0000][1][gc,heap      ] GC(6) ParNew: 78608K->7895K(78656K)
[2022-06-13T02:12:43.412+0000][1][gc,heap      ] GC(6) CMS: 7824K->11249K(174784K)
[2022-06-13T02:12:43.412+0000][1][gc,metaspace ] GC(6) Metaspace: 19275K->19275K(1067008K)
[2022-06-13T02:12:43.413+0000][1][gc           ] GC(6) Pause Young (Allocation Failure) 84M->18M(247M) 4.973ms
[2022-06-13T02:12:43.413+0000][1][gc,cpu       ] GC(6) User=0.05s Sys=0.00s Real=0.01s
[2022-06-13T02:12:43.413+0000][1][safepoint    ] Leaving safepoint region
[2022-06-13T02:12:43.413+0000][1][safepoint    ] Total time for which application threads were stopped: 0.0059936 seconds, Stopping threads took: 0.0003390 seconds
[2022-06-13T02:12:43.414+0000][1][safepoint    ] Application time: 0.0001809 seconds
[2022-06-13T02:12:43.414+0000][1][safepoint    ] Entering safepoint region: BulkRevokeBias
[2022-06-13T02:12:43.414+0000][1][safepoint    ] Leaving safepoint region
[2022-06-13T02:12:43.414+0000][1][safepoint    ] Total time for which application threads were stopped: 0.0006471 seconds, Stopping threads took: 0.0002421 seconds
[2022-06-13T02:12:43.472+0000][1][safepoint    ] Application time: 0.0569684 seconds
[2022-06-13T02:12:43.472+0000][1][safepoint    ] Entering safepoint region: GenCollectForAllocation
[2022-06-13T02:12:43.472+0000][1][gc,start     ] GC(7) Pause Young (Allocation Failure)
[2022-06-13T02:12:43.472+0000][1][gc,task      ] GC(7) Using 5 workers of 13 for evacuation
[2022-06-13T02:12:43.474+0000][1][gc,age       ] GC(7) Desired survivor size 4456448 bytes, new threshold 6 (max threshold 6)
[2022-06-13T02:12:43.474+0000][1][gc,age       ] GC(7) Age table with threshold 6 (max threshold 6)
[2022-06-13T02:12:43.474+0000][1][gc,age       ] GC(7) - age   1:     436552 bytes,     436552 total
[2022-06-13T02:12:43.474+0000][1][gc,age       ] GC(7) - age   2:    1093232 bytes,    1529784 total
[2022-06-13T02:12:43.474+0000][1][gc,age       ] GC(7) - age   3:    2157104 bytes,    3686888 total
[2022-06-13T02:12:43.474+0000][1][gc,heap      ] GC(7) ParNew: 77847K->4971K(78656K)
[2022-06-13T02:12:43.475+0000][1][gc,heap      ] GC(7) CMS: 11249K->11834K(174784K)
[2022-06-13T02:12:43.475+0000][1][gc,metaspace ] GC(7) Metaspace: 19565K->19565K(1067008K)
[2022-06-13T02:12:43.475+0000][1][gc           ] GC(7) Pause Young (Allocation Failure) 87M->16M(247M) 2.379ms
[2022-06-13T02:12:43.475+0000][1][gc,cpu       ] GC(7) User=0.02s Sys=0.00s Real=0.00s
[2022-06-13T02:12:43.475+0000][1][safepoint    ] Leaving safepoint region
[2022-06-13T02:12:43.475+0000][1][safepoint    ] Total time for which application threads were stopped: 0.0029635 seconds, Stopping threads took: 0.0002662 seconds
[2022-06-13T02:12:43.502+0000][1][safepoint    ] Application time: 0.0273233 seconds
[2022-06-13T02:12:43.503+0000][1][safepoint    ] Entering safepoint region: CollectForMetadataAllocation
[2022-06-13T02:12:43.503+0000][1][safepoint    ] Leaving safepoint region
[2022-06-13T02:12:43.504+0000][1][safepoint    ] Total time for which application threads were stopped: 0.0006970 seconds, Stopping threads took: 0.0003847 seconds
[2022-06-13T02:12:43.520+0000][1][safepoint    ] Application time: 0.0162506 seconds
[2022-06-13T02:12:43.521+0000][1][safepoint    ] Entering safepoint region: CollectForMetadataAllocation
[2022-06-13T02:12:43.521+0000][1][safepoint    ] Leaving safepoint region
[2022-06-13T02:12:43.521+0000][1][safepoint    ] Total time for which application threads were stopped: 0.0008050 seconds, Stopping threads took: 0.0002250 seconds
[2022-06-13T02:12:43.563+0000][1][safepoint    ] Application time: 0.0409125 seconds
[2022-06-13T02:12:43.563+0000][1][safepoint    ] Entering safepoint region: GenCollectForAllocation
[2022-06-13T02:12:43.563+0000][1][gc,start     ] GC(8) Pause Young (Allocation Failure)
[2022-06-13T02:12:43.563+0000][1][gc,task      ] GC(8) Using 5 workers of 13 for evacuation
[2022-06-13T02:12:43.566+0000][1][gc,age       ] GC(8) Desired survivor size 4456448 bytes, new threshold 4 (max threshold 6)
[2022-06-13T02:12:43.566+0000][1][gc,age       ] GC(8) Age table with threshold 4 (max threshold 6)
[2022-06-13T02:12:43.567+0000][1][gc,age       ] GC(8) - age   1:    2356016 bytes,    2356016 total
[2022-06-13T02:12:43.567+0000][1][gc,age       ] GC(8) - age   2:     419536 bytes,    2775552 total
[2022-06-13T02:12:43.567+0000][1][gc,age       ] GC(8) - age   3:    1093088 bytes,    3868640 total
[2022-06-13T02:12:43.567+0000][1][gc,age       ] GC(8) - age   4:    2154960 bytes,    6023600 total
[2022-06-13T02:12:43.567+0000][1][gc,heap      ] GC(8) ParNew: 74923K->8089K(78656K)
[2022-06-13T02:12:43.568+0000][1][gc,heap      ] GC(8) CMS: 11834K->11834K(174784K)
[2022-06-13T02:12:43.568+0000][1][gc,metaspace ] GC(8) Metaspace: 20365K->20365K(1069056K)
[2022-06-13T02:12:43.568+0000][1][gc           ] GC(8) Pause Young (Allocation Failure) 84M->19M(247M) 4.997ms
[2022-06-13T02:12:43.568+0000][1][gc,cpu       ] GC(8) User=0.02s Sys=0.00s Real=0.00s
[2022-06-13T02:12:43.569+0000][1][safepoint    ] Leaving safepoint region
[2022-06-13T02:12:43.569+0000][1][safepoint    ] Total time for which application threads were stopped: 0.0058520 seconds, Stopping threads took: 0.0001889 seconds
[2022-06-13T02:12:43.569+0000][1][safepoint    ] Application time: 0.0002842 seconds
[2022-06-13T02:12:43.570+0000][1][safepoint    ] Entering safepoint region: CMS_Initial_Mark
[2022-06-13T02:12:43.570+0000][1][gc,start     ] GC(9) Pause Initial Mark
[2022-06-13T02:12:43.571+0000][1][gc           ] GC(9) Pause Initial Mark 20M->20M(247M) 0.850ms
[2022-06-13T02:12:43.571+0000][1][gc,cpu       ] GC(9) User=0.01s Sys=0.00s Real=0.00s
[2022-06-13T02:12:43.571+0000][1][safepoint    ] Leaving safepoint region
[2022-06-13T02:12:43.572+0000][1][safepoint    ] Total time for which application threads were stopped: 0.0019834 seconds, Stopping threads took: 0.0003377 seconds
[2022-06-13T02:12:43.572+0000][1][gc           ] GC(9) Concurrent Mark
[2022-06-13T02:12:43.573+0000][1][gc,task      ] GC(9) Using 4 workers of 4 for marking
[2022-06-13T02:12:43.577+0000][1][gc           ] GC(9) Concurrent Mark 4.933ms
[2022-06-13T02:12:43.577+0000][1][gc,cpu       ] GC(9) User=0.02s Sys=0.00s Real=0.00s
[2022-06-13T02:12:43.578+0000][1][gc           ] GC(9) Concurrent Preclean
[2022-06-13T02:12:43.578+0000][1][gc           ] GC(9) Concurrent Preclean 0.654ms
[2022-06-13T02:12:43.579+0000][1][gc,cpu       ] GC(9) User=0.00s Sys=0.00s Real=0.00s
[2022-06-13T02:12:43.579+0000][1][gc           ] GC(9) Concurrent Abortable Preclean
[2022-06-13T02:12:43.621+0000][1][safepoint    ] Application time: 0.0490481 seconds
[2022-06-13T02:12:43.622+0000][1][safepoint    ] Entering safepoint region: GenCollectForAllocation
[2022-06-13T02:12:43.622+0000][1][gc,start     ] GC(10) Pause Young (Allocation Failure)
[2022-06-13T02:12:43.622+0000][1][gc,task      ] GC(10) Using 5 workers of 13 for evacuation
[2022-06-13T02:12:43.625+0000][1][gc,age       ] GC(10) Desired survivor size 4456448 bytes, new threshold 6 (max threshold 6)
[2022-06-13T02:12:43.625+0000][1][gc,age       ] GC(10) Age table with threshold 6 (max threshold 6)
[2022-06-13T02:12:43.626+0000][1][gc,age       ] GC(10) - age   1:     400424 bytes,     400424 total
[2022-06-13T02:12:43.626+0000][1][gc,age       ] GC(10) - age   2:     617072 bytes,    1017496 total
[2022-06-13T02:12:43.626+0000][1][gc,age       ] GC(10) - age   3:     419416 bytes,    1436912 total
[2022-06-13T02:12:43.627+0000][1][gc,age       ] GC(10) - age   4:    1093088 bytes,    2530000 total
[2022-06-13T02:12:43.627+0000][1][gc,heap      ] GC(10) ParNew: 78041K->5811K(78656K)
[2022-06-13T02:12:43.627+0000][1][gc,heap      ] GC(10) CMS: 11834K->13951K(174784K)
[2022-06-13T02:12:43.628+0000][1][gc,metaspace ] GC(10) Metaspace: 20481K->20481K(1069056K)
[2022-06-13T02:12:43.628+0000][1][gc           ] GC(10) Pause Young (Allocation Failure) 87M->19M(247M) 5.838ms
[2022-06-13T02:12:43.628+0000][1][gc,cpu       ] GC(10) User=0.01s Sys=0.01s Real=0.00s
[2022-06-13T02:12:43.628+0000][1][safepoint    ] Leaving safepoint region
[2022-06-13T02:12:43.629+0000][1][safepoint    ] Total time for which application threads were stopped: 0.0070125 seconds, Stopping threads took: 0.0003146 seconds
[2022-06-13T02:12:43.686+0000][1][safepoint    ] Application time: 0.0571560 seconds
[2022-06-13T02:12:43.686+0000][1][safepoint    ] Entering safepoint region: GenCollectForAllocation
[2022-06-13T02:12:43.687+0000][1][gc,start     ] GC(11) Pause Young (Allocation Failure)
[2022-06-13T02:12:43.687+0000][1][gc,task      ] GC(11) Using 5 workers of 13 for evacuation
[2022-06-13T02:12:43.689+0000][1][gc,age       ] GC(11) Desired survivor size 4456448 bytes, new threshold 6 (max threshold 6)
[2022-06-13T02:12:43.690+0000][1][gc,age       ] GC(11) Age table with threshold 6 (max threshold 6)
[2022-06-13T02:12:43.690+0000][1][gc,age       ] GC(11) - age   1:    1163800 bytes,    1163800 total
[2022-06-13T02:12:43.690+0000][1][gc,age       ] GC(11) - age   2:     131800 bytes,    1295600 total
[2022-06-13T02:12:43.690+0000][1][gc,age       ] GC(11) - age   3:     617072 bytes,    1912672 total
[2022-06-13T02:12:43.691+0000][1][gc,age       ] GC(11) - age   4:     419312 bytes,    2331984 total
[2022-06-13T02:12:43.691+0000][1][gc,age       ] GC(11) - age   5:    1092800 bytes,    3424784 total
[2022-06-13T02:12:43.691+0000][1][gc,heap      ] GC(11) ParNew: 75763K->3929K(78656K)
[2022-06-13T02:12:43.692+0000][1][gc,heap      ] GC(11) CMS: 13951K->13951K(174784K)
[2022-06-13T02:12:43.692+0000][1][gc,metaspace ] GC(11) Metaspace: 20559K->20559K(1069056K)
[2022-06-13T02:12:43.692+0000][1][gc           ] GC(11) Pause Young (Allocation Failure) 87M->17M(247M) 5.521ms
[2022-06-13T02:12:43.693+0000][1][gc,cpu       ] GC(11) User=0.02s Sys=0.00s Real=0.01s
[2022-06-13T02:12:43.693+0000][1][safepoint    ] Leaving safepoint region
[2022-06-13T02:12:43.693+0000][1][safepoint    ] Total time for which application threads were stopped: 0.0064528 seconds, Stopping threads took: 0.0003645 seconds
[2022-06-13T02:12:43.729+0000][1][safepoint    ] Application time: 0.0356743 seconds
[2022-06-13T02:12:43.729+0000][1][safepoint    ] Entering safepoint region: CollectForMetadataAllocation
[2022-06-13T02:12:43.730+0000][1][safepoint    ] Leaving safepoint region
[2022-06-13T02:12:43.730+0000][1][safepoint    ] Total time for which application threads were stopped: 0.0008956 seconds, Stopping threads took: 0.0003564 seconds
[2022-06-13T02:12:43.738+0000][1][gc           ] GC(9) Concurrent Abortable Preclean 159.129ms
[2022-06-13T02:12:43.738+0000][1][gc,cpu       ] GC(9) User=0.50s Sys=0.04s Real=0.16s
[2022-06-13T02:12:43.739+0000][1][safepoint    ] Application time: 0.0082827 seconds
[2022-06-13T02:12:43.739+0000][1][safepoint    ] Entering safepoint region: CMS_Final_Remark
[2022-06-13T02:12:43.739+0000][1][gc,start     ] GC(9) Pause Remark
[2022-06-13T02:12:43.747+0000][1][gc           ] GC(9) Pause Remark 59M->59M(247M) 8.193ms
[2022-06-13T02:12:43.748+0000][1][gc,cpu       ] GC(9) User=0.02s Sys=0.00s Real=0.00s
[2022-06-13T02:12:43.748+0000][1][safepoint    ] Leaving safepoint region
[2022-06-13T02:12:43.748+0000][1][safepoint    ] Total time for which application threads were stopped: 0.0095435 seconds, Stopping threads took: 0.0001939 seconds
[2022-06-13T02:12:43.749+0000][1][gc           ] GC(9) Concurrent Sweep
[2022-06-13T02:12:43.753+0000][1][gc           ] GC(9) Concurrent Sweep 4.520ms
[2022-06-13T02:12:43.754+0000][1][gc,cpu       ] GC(9) User=0.02s Sys=0.01s Real=0.01s
[2022-06-13T02:12:43.754+0000][1][gc           ] GC(9) Concurrent Reset
[2022-06-13T02:12:43.754+0000][1][gc           ] GC(9) Concurrent Reset 0.423ms
[2022-06-13T02:12:43.754+0000][1][gc,cpu       ] GC(9) User=0.00s Sys=0.00s Real=0.00s
[2022-06-13T02:12:43.755+0000][1][gc,heap      ] GC(9) Old: 11834K->13926K(174784K)
[2022-06-13T02:12:43.910+0000][1][safepoint    ] Application time: 0.1609539 seconds
[2022-06-13T02:12:43.910+0000][1][safepoint    ] Entering safepoint region: Deoptimize
[2022-06-13T02:12:43.912+0000][1][safepoint    ] Leaving safepoint region
[2022-06-13T02:12:43.912+0000][1][safepoint    ] Total time for which application threads were stopped: 0.0020349 seconds, Stopping threads took: 0.0006070 seconds
[2022-06-13T02:12:43.959+0000][1][safepoint    ] Application time: 0.0459030 seconds
[2022-06-13T02:12:43.959+0000][1][safepoint    ] Entering safepoint region: Deoptimize
[2022-06-13T02:12:43.960+0000][1][safepoint    ] Leaving safepoint region
[2022-06-13T02:12:43.961+0000][1][safepoint    ] Total time for which application threads were stopped: 0.0015906 seconds, Stopping threads took: 0.0005523 seconds
[2022-06-13T02:12:43.962+0000][1][safepoint    ] Application time: 0.0006018 seconds
[2022-06-13T02:12:43.963+0000][1][safepoint    ] Entering safepoint region: Deoptimize
[2022-06-13T02:12:43.963+0000][1][safepoint    ] Leaving safepoint region
[2022-06-13T02:12:43.964+0000][1][safepoint    ] Total time for which application threads were stopped: 0.0011562 seconds, Stopping threads took: 0.0004234 seconds
[2022-06-13T02:12:43.968+0000][1][safepoint    ] Application time: 0.0037808 seconds
[2022-06-13T02:12:43.969+0000][1][safepoint    ] Entering safepoint region: GenCollectForAllocation
[2022-06-13T02:12:43.969+0000][1][gc,start     ] GC(12) Pause Young (Allocation Failure)
[2022-06-13T02:12:43.970+0000][1][gc,task      ] GC(12) Using 5 workers of 13 for evacuation
[2022-06-13T02:12:43.972+0000][1][gc,age       ] GC(12) Desired survivor size 4456448 bytes, new threshold 6 (max threshold 6)
[2022-06-13T02:12:43.973+0000][1][gc,age       ] GC(12) Age table with threshold 6 (max threshold 6)
[2022-06-13T02:12:43.974+0000][1][gc,age       ] GC(12) - age   1:    1775048 bytes,    1775048 total
[2022-06-13T02:12:43.974+0000][1][gc,age       ] GC(12) - age   2:     345000 bytes,    2120048 total
[2022-06-13T02:12:43.975+0000][1][gc,age       ] GC(12) - age   3:     131552 bytes,    2251600 total
[2022-06-13T02:12:43.975+0000][1][gc,age       ] GC(12) - age   4:     613968 bytes,    2865568 total
[2022-06-13T02:12:43.975+0000][1][gc,age       ] GC(12) - age   5:     416992 bytes,    3282560 total
[2022-06-13T02:12:43.976+0000][1][gc,age       ] GC(12) - age   6:    1092456 bytes,    4375016 total
[2022-06-13T02:12:43.976+0000][1][gc,heap      ] GC(12) ParNew: 73881K->5512K(78656K)
[2022-06-13T02:12:43.977+0000][1][gc,heap      ] GC(12) CMS: 13926K->13926K(174784K)
[2022-06-13T02:12:43.977+0000][1][gc,metaspace ] GC(12) Metaspace: 25729K->25729K(1073152K)
[2022-06-13T02:12:43.978+0000][1][gc           ] GC(12) Pause Young (Allocation Failure) 85M->18M(247M) 8.719ms
[2022-06-13T02:12:43.979+0000][1][gc,cpu       ] GC(12) User=0.01s Sys=0.00s Real=0.00s
[2022-06-13T02:12:43.979+0000][1][safepoint    ] Leaving safepoint region
[2022-06-13T02:12:43.979+0000][1][safepoint    ] Total time for which application threads were stopped: 0.0108782 seconds, Stopping threads took: 0.0005031 seconds
[2022-06-13T02:12:43.985+0000][1][safepoint    ] Application time: 0.0049765 seconds
[2022-06-13T02:12:43.985+0000][1][safepoint    ] Entering safepoint region: Deoptimize
[2022-06-13T02:12:43.986+0000][1][safepoint    ] Leaving safepoint region
[2022-06-13T02:12:43.987+0000][1][safepoint    ] Total time for which application threads were stopped: 0.0012082 seconds, Stopping threads took: 0.0004186 seconds
[2022-06-13T02:12:43.991+0000][1][safepoint    ] Application time: 0.0038707 seconds
[2022-06-13T02:12:43.992+0000][1][safepoint    ] Entering safepoint region: Deoptimize
[2022-06-13T02:12:43.993+0000][1][safepoint    ] Leaving safepoint region
[2022-06-13T02:12:43.993+0000][1][safepoint    ] Total time for which application threads were stopped: 0.0017059 seconds, Stopping threads took: 0.0007671 seconds
[2022-06-13T02:12:44.487+0000][1][safepoint    ] Application time: 0.4930596 seconds
[2022-06-13T02:12:44.487+0000][1][safepoint    ] Entering safepoint region: GenCollectForAllocation
[2022-06-13T02:12:44.488+0000][1][gc,start     ] GC(13) Pause Young (Allocation Failure)
[2022-06-13T02:12:44.488+0000][1][gc,task      ] GC(13) Using 5 workers of 13 for evacuation
[2022-06-13T02:12:44.504+0000][1][gc,age       ] GC(13) Desired survivor size 4456448 bytes, new threshold 1 (max threshold 6)
[2022-06-13T02:12:44.505+0000][1][gc,age       ] GC(13) Age table with threshold 1 (max threshold 6)
[2022-06-13T02:12:44.505+0000][1][gc,age       ] GC(13) - age   1:    5792328 bytes,    5792328 total
[2022-06-13T02:12:44.505+0000][1][gc,age       ] GC(13) - age   2:    1613944 bytes,    7406272 total
[2022-06-13T02:12:44.505+0000][1][gc,age       ] GC(13) - age   3:     345000 bytes,    7751272 total
[2022-06-13T02:12:44.505+0000][1][gc,age       ] GC(13) - age   4:     131504 bytes,    7882776 total
[2022-06-13T02:12:44.506+0000][1][gc,age       ] GC(13) - age   5:     613976 bytes,    8496752 total
[2022-06-13T02:12:44.506+0000][1][gc,age       ] GC(13) - age   6:     416992 bytes,    8913744 total
[2022-06-13T02:12:44.506+0000][1][gc,heap      ] GC(13) ParNew: 75464K->8704K(78656K)
[2022-06-13T02:12:44.506+0000][1][gc,heap      ] GC(13) CMS: 13926K->24772K(174784K)
[2022-06-13T02:12:44.506+0000][1][gc,metaspace ] GC(13) Metaspace: 26885K->26885K(1075200K)
[2022-06-13T02:12:44.506+0000][1][gc           ] GC(13) Pause Young (Allocation Failure) 87M->32M(247M) 18.866ms
[2022-06-13T02:12:44.507+0000][1][gc,cpu       ] GC(13) User=0.19s Sys=0.01s Real=0.02s
[2022-06-13T02:12:44.507+0000][1][safepoint    ] Leaving safepoint region
[2022-06-13T02:12:44.507+0000][1][safepoint    ] Total time for which application threads were stopped: 0.0197831 seconds, Stopping threads took: 0.0001447 seconds
[2022-06-13T02:12:44.656+0000][1][safepoint    ] Application time: 0.1491993 seconds
[2022-06-13T02:12:44.656+0000][1][safepoint    ] Entering safepoint region: Deoptimize
[2022-06-13T02:12:44.657+0000][1][safepoint    ] Leaving safepoint region
[2022-06-13T02:12:44.657+0000][1][safepoint    ] Total time for which application threads were stopped: 0.0006341 seconds, Stopping threads took: 0.0001202 seconds
[2022-06-13T02:12:44.698+0000][1][safepoint    ] Application time: 0.0406097 seconds
[2022-06-13T02:12:44.698+0000][1][safepoint    ] Entering safepoint region: RevokeBias
[2022-06-13T02:12:44.698+0000][1][safepoint    ] Leaving safepoint region
[2022-06-13T02:12:44.698+0000][1][safepoint    ] Total time for which application threads were stopped: 0.0003353 seconds, Stopping threads took: 0.0001448 seconds
[2022-06-13T02:12:44.776+0000][1][safepoint    ] Application time: 0.0772797 seconds
[2022-06-13T02:12:44.776+0000][1][safepoint    ] Entering safepoint region: GenCollectForAllocation
[2022-06-13T02:12:44.776+0000][1][gc,start     ] GC(14) Pause Young (Allocation Failure)
[2022-06-13T02:12:44.776+0000][1][gc,task      ] GC(14) Using 5 workers of 13 for evacuation
[2022-06-13T02:12:44.791+0000][1][gc,age       ] GC(14) Desired survivor size 4456448 bytes, new threshold 1 (max threshold 6)
[2022-06-13T02:12:44.792+0000][1][gc,age       ] GC(14) Age table with threshold 1 (max threshold 6)
[2022-06-13T02:12:44.792+0000][1][gc,age       ] GC(14) - age   1:    8912768 bytes,    8912768 total
[2022-06-13T02:12:44.792+0000][1][gc,heap      ] GC(14) ParNew: 78656K->8704K(78656K)
[2022-06-13T02:12:44.792+0000][1][gc,heap      ] GC(14) CMS: 24772K->38227K(174784K)
[2022-06-13T02:12:44.792+0000][1][gc,metaspace ] GC(14) Metaspace: 27104K->27104K(1075200K)
[2022-06-13T02:12:44.792+0000][1][gc           ] GC(14) Pause Young (Allocation Failure) 101M->45M(247M) 16.152ms
[2022-06-13T02:12:44.793+0000][1][gc,cpu       ] GC(14) User=0.15s Sys=0.00s Real=0.02s
[2022-06-13T02:12:44.793+0000][1][safepoint    ] Leaving safepoint region
[2022-06-13T02:12:44.793+0000][1][safepoint    ] Total time for which application threads were stopped: 0.0167837 seconds, Stopping threads took: 0.0001445 seconds
[2022-06-13T02:12:44.930+0000][1][safepoint    ] Application time: 0.1369931 seconds
[2022-06-13T02:12:44.930+0000][1][safepoint    ] Entering safepoint region: RevokeBias
[2022-06-13T02:12:44.931+0000][1][safepoint    ] Leaving safepoint region
[2022-06-13T02:12:44.931+0000][1][safepoint    ] Total time for which application threads were stopped: 0.0006927 seconds, Stopping threads took: 0.0003728 seconds
[2022-06-13T02:12:45.055+0000][1][safepoint    ] Application time: 0.1236857 seconds
[2022-06-13T02:12:45.055+0000][1][safepoint    ] Entering safepoint region: RevokeBias
[2022-06-13T02:12:45.056+0000][1][safepoint    ] Leaving safepoint region
[2022-06-13T02:12:45.056+0000][1][safepoint    ] Total time for which application threads were stopped: 0.0007090 seconds, Stopping threads took: 0.0004061 seconds
[2022-06-13T02:12:45.058+0000][1][safepoint    ] Application time: 0.0018790 seconds
[2022-06-13T02:12:45.059+0000][1][safepoint    ] Entering safepoint region: RevokeBias
[2022-06-13T02:12:45.059+0000][1][safepoint    ] Leaving safepoint region
[2022-06-13T02:12:45.059+0000][1][safepoint    ] Total time for which application threads were stopped: 0.0007493 seconds, Stopping threads took: 0.0003786 seconds
[2022-06-13T02:12:45.109+0000][1][safepoint    ] Application time: 0.0491075 seconds
[2022-06-13T02:12:45.109+0000][1][safepoint    ] Entering safepoint region: GenCollectForAllocation
[2022-06-13T02:12:45.110+0000][1][gc,start     ] GC(15) Pause Young (Allocation Failure)
[2022-06-13T02:12:45.110+0000][1][gc,task      ] GC(15) Using 5 workers of 13 for evacuation
[2022-06-13T02:12:45.123+0000][1][gc,age       ] GC(15) Desired survivor size 4456448 bytes, new threshold 1 (max threshold 6)
[2022-06-13T02:12:45.123+0000][1][gc,age       ] GC(15) Age table with threshold 1 (max threshold 6)
[2022-06-13T02:12:45.123+0000][1][gc,age       ] GC(15) - age   1:    7081152 bytes,    7081152 total
[2022-06-13T02:12:45.124+0000][1][gc,heap      ] GC(15) ParNew: 78656K->8704K(78656K)
[2022-06-13T02:12:45.124+0000][1][gc,heap      ] GC(15) CMS: 38227K->48186K(174784K)
[2022-06-13T02:12:45.124+0000][1][gc,metaspace ] GC(15) Metaspace: 31021K->31021K(1077248K)
[2022-06-13T02:12:45.124+0000][1][gc           ] GC(15) Pause Young (Allocation Failure) 114M->55M(247M) 14.553ms
[2022-06-13T02:12:45.125+0000][1][gc,cpu       ] GC(15) User=0.07s Sys=0.00s Real=0.01s
[2022-06-13T02:12:45.125+0000][1][safepoint    ] Leaving safepoint region
[2022-06-13T02:12:45.125+0000][1][safepoint    ] Total time for which application threads were stopped: 0.0157906 seconds, Stopping threads took: 0.0003261 seconds
[2022-06-13T02:12:45.259+0000][1][safepoint    ] Application time: 0.1335990 seconds
[2022-06-13T02:12:45.259+0000][1][safepoint    ] Entering safepoint region: GenCollectForAllocation
[2022-06-13T02:12:45.260+0000][1][gc,start     ] GC(16) Pause Young (Allocation Failure)
[2022-06-13T02:12:45.261+0000][1][gc,task      ] GC(16) Using 5 workers of 13 for evacuation
[2022-06-13T02:12:45.267+0000][1][gc,age       ] GC(16) Desired survivor size 4456448 bytes, new threshold 6 (max threshold 6)
[2022-06-13T02:12:45.268+0000][1][gc,age       ] GC(16) Age table with threshold 6 (max threshold 6)
[2022-06-13T02:12:45.268+0000][1][gc,age       ] GC(16) - age   1:     538400 bytes,     538400 total
[2022-06-13T02:12:45.269+0000][1][gc,heap      ] GC(16) ParNew: 78656K->7278K(78656K)
[2022-06-13T02:12:45.269+0000][1][gc,heap      ] GC(16) CMS: 48186K->55153K(174784K)
[2022-06-13T02:12:45.269+0000][1][gc,metaspace ] GC(16) Metaspace: 32904K->32904K(1079296K)
[2022-06-13T02:12:45.270+0000][1][gc           ] GC(16) Pause Young (Allocation Failure) 123M->60M(247M) 9.786ms
[2022-06-13T02:12:45.270+0000][1][gc,cpu       ] GC(16) User=0.04s Sys=0.00s Real=0.01s
[2022-06-13T02:12:45.271+0000][1][safepoint    ] Leaving safepoint region
[2022-06-13T02:12:45.271+0000][1][safepoint    ] Total time for which application threads were stopped: 0.0120288 seconds, Stopping threads took: 0.0005552 seconds
[2022-06-13T02:12:45.289+0000][1][safepoint    ] Application time: 0.0167143 seconds
[2022-06-13T02:12:45.289+0000][1][safepoint    ] Entering safepoint region: RevokeBias
[2022-06-13T02:12:45.289+0000][1][safepoint    ] Leaving safepoint region
[2022-06-13T02:12:45.289+0000][1][safepoint    ] Total time for which application threads were stopped: 0.0004989 seconds, Stopping threads took: 0.0002342 seconds
[2022-06-13T02:12:45.435+0000][1][safepoint    ] Application time: 0.1451544 seconds
[2022-06-13T02:12:45.435+0000][1][safepoint    ] Entering safepoint region: CollectForMetadataAllocation
[2022-06-13T02:12:45.435+0000][1][safepoint    ] Leaving safepoint region
[2022-06-13T02:12:45.436+0000][1][safepoint    ] Total time for which application threads were stopped: 0.0004443 seconds, Stopping threads took: 0.0001585 seconds
[2022-06-13T02:12:45.447+0000][1][safepoint    ] Application time: 0.0109360 seconds
[2022-06-13T02:12:45.447+0000][1][safepoint    ] Entering safepoint region: CollectForMetadataAllocation
[2022-06-13T02:12:45.447+0000][1][safepoint    ] Leaving safepoint region
[2022-06-13T02:12:45.447+0000][1][safepoint    ] Total time for which application threads were stopped: 0.0004543 seconds, Stopping threads took: 0.0002018 seconds
[2022-06-13T02:12:45.460+0000][1][safepoint    ] Application time: 0.0126772 seconds
[2022-06-13T02:12:45.460+0000][1][safepoint    ] Entering safepoint region: CollectForMetadataAllocation
[2022-06-13T02:12:45.461+0000][1][safepoint    ] Leaving safepoint region
[2022-06-13T02:12:45.461+0000][1][safepoint    ] Total time for which application threads were stopped: 0.0005324 seconds, Stopping threads took: 0.0002069 seconds
[2022-06-13T02:12:45.483+0000][1][safepoint    ] Application time: 0.0214656 seconds
[2022-06-13T02:12:45.483+0000][1][safepoint    ] Entering safepoint region: CollectForMetadataAllocation
[2022-06-13T02:12:45.483+0000][1][safepoint    ] Leaving safepoint region
[2022-06-13T02:12:45.483+0000][1][safepoint    ] Total time for which application threads were stopped: 0.0004653 seconds, Stopping threads took: 0.0001853 seconds
[2022-06-13T02:12:45.497+0000][1][safepoint    ] Application time: 0.0133681 seconds
[2022-06-13T02:12:45.497+0000][1][safepoint    ] Entering safepoint region: CollectForMetadataAllocation
[2022-06-13T02:12:45.498+0000][1][safepoint    ] Leaving safepoint region
[2022-06-13T02:12:45.498+0000][1][safepoint    ] Total time for which application threads were stopped: 0.0005481 seconds, Stopping threads took: 0.0002137 seconds
[2022-06-13T02:12:45.518+0000][1][safepoint    ] Application time: 0.0203917 seconds
[2022-06-13T02:12:45.519+0000][1][safepoint    ] Entering safepoint region: CollectForMetadataAllocation
[2022-06-13T02:12:45.519+0000][1][safepoint    ] Leaving safepoint region
[2022-06-13T02:12:45.519+0000][1][safepoint    ] Total time for which application threads were stopped: 0.0006053 seconds, Stopping threads took: 0.0001848 seconds
[2022-06-13T02:12:45.533+0000][1][safepoint    ] Application time: 0.0141009 seconds
[2022-06-13T02:12:45.534+0000][1][safepoint    ] Entering safepoint region: CollectForMetadataAllocation
[2022-06-13T02:12:45.534+0000][1][safepoint    ] Leaving safepoint region
[2022-06-13T02:12:45.534+0000][1][safepoint    ] Total time for which application threads were stopped: 0.0004290 seconds, Stopping threads took: 0.0001421 seconds
[2022-06-13T02:12:45.549+0000][1][safepoint    ] Application time: 0.0151063 seconds
[2022-06-13T02:12:45.550+0000][1][safepoint    ] Entering safepoint region: RevokeBias
[2022-06-13T02:12:45.550+0000][1][safepoint    ] Leaving safepoint region
[2022-06-13T02:12:45.550+0000][1][safepoint    ] Total time for which application threads were stopped: 0.0004475 seconds, Stopping threads took: 0.0001776 seconds
[2022-06-13T02:12:45.553+0000][1][safepoint    ] Application time: 0.0031357 seconds
[2022-06-13T02:12:45.554+0000][1][safepoint    ] Entering safepoint region: RevokeBias
[2022-06-13T02:12:45.554+0000][1][safepoint    ] Leaving safepoint region
[2022-06-13T02:12:45.554+0000][1][safepoint    ] Total time for which application threads were stopped: 0.0003066 seconds, Stopping threads took: 0.0001424 seconds
[2022-06-13T02:12:45.555+0000][1][safepoint    ] Application time: 0.0005038 seconds
[2022-06-13T02:12:45.555+0000][1][safepoint    ] Entering safepoint region: CollectForMetadataAllocation
[2022-06-13T02:12:45.555+0000][1][safepoint    ] Leaving safepoint region
[2022-06-13T02:12:45.555+0000][1][safepoint    ] Total time for which application threads were stopped: 0.0002773 seconds, Stopping threads took: 0.0000926 seconds
[2022-06-13T02:12:45.561+0000][1][safepoint    ] Application time: 0.0059672 seconds
[2022-06-13T02:12:45.561+0000][1][safepoint    ] Entering safepoint region: RevokeBias
[2022-06-13T02:12:45.562+0000][1][safepoint    ] Leaving safepoint region
[2022-06-13T02:12:45.562+0000][1][safepoint    ] Total time for which application threads were stopped: 0.0003680 seconds, Stopping threads took: 0.0001579 seconds
[2022-06-13T02:12:45.574+0000][1][safepoint    ] Application time: 0.0121920 seconds
[2022-06-13T02:12:45.574+0000][1][safepoint    ] Entering safepoint region: CollectForMetadataAllocation
[2022-06-13T02:12:45.575+0000][1][safepoint    ] Leaving safepoint region
[2022-06-13T02:12:45.575+0000][1][safepoint    ] Total time for which application threads were stopped: 0.0003797 seconds, Stopping threads took: 0.0001463 seconds
[2022-06-13T02:12:45.595+0000][1][safepoint    ] Application time: 0.0199572 seconds
[2022-06-13T02:12:45.595+0000][1][safepoint    ] Entering safepoint region: CollectForMetadataAllocation
[2022-06-13T02:12:45.596+0000][1][safepoint    ] Leaving safepoint region
[2022-06-13T02:12:45.596+0000][1][safepoint    ] Total time for which application threads were stopped: 0.0009261 seconds, Stopping threads took: 0.0001444 seconds
[2022-06-13T02:12:45.605+0000][1][safepoint    ] Application time: 0.0088892 seconds
[2022-06-13T02:12:45.605+0000][1][safepoint    ] Entering safepoint region: CollectForMetadataAllocation
[2022-06-13T02:12:45.606+0000][1][safepoint    ] Leaving safepoint region
[2022-06-13T02:12:45.606+0000][1][safepoint    ] Total time for which application threads were stopped: 0.0003950 seconds, Stopping threads took: 0.0001354 seconds
[2022-06-13T02:12:45.621+0000][1][safepoint    ] Application time: 0.0155414 seconds
[2022-06-13T02:12:45.622+0000][1][safepoint    ] Entering safepoint region: CollectForMetadataAllocation
[2022-06-13T02:12:45.622+0000][1][safepoint    ] Leaving safepoint region
[2022-06-13T02:12:45.622+0000][1][safepoint    ] Total time for which application threads were stopped: 0.0004187 seconds, Stopping threads took: 0.0001512 seconds
[2022-06-13T02:12:45.633+0000][1][safepoint    ] Application time: 0.0111208 seconds
[2022-06-13T02:12:45.634+0000][1][safepoint    ] Entering safepoint region: CollectForMetadataAllocation
[2022-06-13T02:12:45.634+0000][1][safepoint    ] Leaving safepoint region
[2022-06-13T02:12:45.634+0000][1][safepoint    ] Total time for which application threads were stopped: 0.0003520 seconds, Stopping threads took: 0.0001192 seconds
[2022-06-13T02:12:45.646+0000][1][safepoint    ] Application time: 0.0114366 seconds
[2022-06-13T02:12:45.646+0000][1][safepoint    ] Entering safepoint region: CollectForMetadataAllocation
[2022-06-13T02:12:45.646+0000][1][safepoint    ] Leaving safepoint region
[2022-06-13T02:12:45.646+0000][1][safepoint    ] Total time for which application threads were stopped: 0.0003590 seconds, Stopping threads took: 0.0001483 seconds
[2022-06-13T02:12:45.657+0000][1][safepoint    ] Application time: 0.0108255 seconds
[2022-06-13T02:12:45.657+0000][1][safepoint    ] Entering safepoint region: CollectForMetadataAllocation
[2022-06-13T02:12:45.658+0000][1][safepoint    ] Leaving safepoint region
[2022-06-13T02:12:45.658+0000][1][safepoint    ] Total time for which application threads were stopped: 0.0004242 seconds, Stopping threads took: 0.0001468 seconds
[2022-06-13T02:12:45.671+0000][1][safepoint    ] Application time: 0.0129534 seconds
[2022-06-13T02:12:45.671+0000][1][safepoint    ] Entering safepoint region: CollectForMetadataAllocation
[2022-06-13T02:12:45.672+0000][1][safepoint    ] Leaving safepoint region
[2022-06-13T02:12:45.672+0000][1][safepoint    ] Total time for which application threads were stopped: 0.0004546 seconds, Stopping threads took: 0.0001744 seconds
[2022-06-13T02:12:45.684+0000][1][safepoint    ] Application time: 0.0122098 seconds
[2022-06-13T02:12:45.684+0000][1][safepoint    ] Entering safepoint region: CollectForMetadataAllocation
[2022-06-13T02:12:45.685+0000][1][safepoint    ] Leaving safepoint region
[2022-06-13T02:12:45.685+0000][1][safepoint    ] Total time for which application threads were stopped: 0.0003509 seconds, Stopping threads took: 0.0001348 seconds
[2022-06-13T02:12:45.695+0000][1][safepoint    ] Application time: 0.0103863 seconds
[2022-06-13T02:12:45.695+0000][1][safepoint    ] Entering safepoint region: CollectForMetadataAllocation
[2022-06-13T02:12:45.696+0000][1][safepoint    ] Leaving safepoint region
[2022-06-13T02:12:45.696+0000][1][safepoint    ] Total time for which application threads were stopped: 0.0002848 seconds, Stopping threads took: 0.0000983 seconds
[2022-06-13T02:12:45.707+0000][1][safepoint    ] Application time: 0.0108490 seconds
[2022-06-13T02:12:45.707+0000][1][safepoint    ] Entering safepoint region: CollectForMetadataAllocation
[2022-06-13T02:12:45.707+0000][1][safepoint    ] Leaving safepoint region
[2022-06-13T02:12:45.707+0000][1][safepoint    ] Total time for which application threads were stopped: 0.0004048 seconds, Stopping threads took: 0.0001317 seconds
[2022-06-13T02:12:45.723+0000][1][safepoint    ] Application time: 0.0158040 seconds
[2022-06-13T02:12:45.724+0000][1][safepoint    ] Entering safepoint region: CollectForMetadataAllocation
[2022-06-13T02:12:45.724+0000][1][safepoint    ] Leaving safepoint region
[2022-06-13T02:12:45.724+0000][1][safepoint    ] Total time for which application threads were stopped: 0.0006384 seconds, Stopping threads took: 0.0002175 seconds
[2022-06-13T02:12:45.738+0000][1][safepoint    ] Application time: 0.0140073 seconds
[2022-06-13T02:12:45.739+0000][1][safepoint    ] Entering safepoint region: CollectForMetadataAllocation
[2022-06-13T02:12:45.739+0000][1][safepoint    ] Leaving safepoint region
[2022-06-13T02:12:45.739+0000][1][safepoint    ] Total time for which application threads were stopped: 0.0006278 seconds, Stopping threads took: 0.0001802 seconds
[2022-06-13T02:12:45.756+0000][1][safepoint    ] Application time: 0.0170995 seconds
[2022-06-13T02:12:45.757+0000][1][safepoint    ] Entering safepoint region: CollectForMetadataAllocation
[2022-06-13T02:12:45.757+0000][1][safepoint    ] Leaving safepoint region
[2022-06-13T02:12:45.757+0000][1][safepoint    ] Total time for which application threads were stopped: 0.0004808 seconds, Stopping threads took: 0.0001643 seconds
[2022-06-13T02:12:45.775+0000][1][safepoint    ] Application time: 0.0175853 seconds
[2022-06-13T02:12:45.776+0000][1][safepoint    ] Entering safepoint region: CollectForMetadataAllocation
[2022-06-13T02:12:45.776+0000][1][safepoint    ] Leaving safepoint region
[2022-06-13T02:12:45.777+0000][1][safepoint    ] Total time for which application threads were stopped: 0.0010357 seconds, Stopping threads took: 0.0006014 seconds
[2022-06-13T02:12:45.792+0000][1][safepoint    ] Application time: 0.0153266 seconds
[2022-06-13T02:12:45.793+0000][1][safepoint    ] Entering safepoint region: CollectForMetadataAllocation
[2022-06-13T02:12:45.793+0000][1][safepoint    ] Leaving safepoint region
[2022-06-13T02:12:45.793+0000][1][safepoint    ] Total time for which application threads were stopped: 0.0008612 seconds, Stopping threads took: 0.0003550 seconds
[2022-06-13T02:12:45.804+0000][1][safepoint    ] Application time: 0.0102432 seconds
[2022-06-13T02:12:45.805+0000][1][safepoint    ] Entering safepoint region: RevokeBias
[2022-06-13T02:12:45.805+0000][1][safepoint    ] Leaving safepoint region
[2022-06-13T02:12:45.805+0000][1][safepoint    ] Total time for which application threads were stopped: 0.0008223 seconds, Stopping threads took: 0.0004708 seconds
[2022-06-13T02:12:45.811+0000][1][safepoint    ] Application time: 0.0054538 seconds
[2022-06-13T02:12:45.811+0000][1][safepoint    ] Entering safepoint region: CollectForMetadataAllocation
[2022-06-13T02:12:45.812+0000][1][safepoint    ] Leaving safepoint region
[2022-06-13T02:12:45.812+0000][1][safepoint    ] Total time for which application threads were stopped: 0.0008079 seconds, Stopping threads took: 0.0003544 seconds
[2022-06-13T02:12:45.960+0000][1][safepoint    ] Application time: 0.1477518 seconds
[2022-06-13T02:12:45.961+0000][1][safepoint    ] Entering safepoint region: CollectForMetadataAllocation
[2022-06-13T02:12:45.961+0000][1][safepoint    ] Leaving safepoint region
[2022-06-13T02:12:45.961+0000][1][safepoint    ] Total time for which application threads were stopped: 0.0007345 seconds, Stopping threads took: 0.0003119 seconds
[2022-06-13T02:12:45.967+0000][1][safepoint    ] Application time: 0.0049325 seconds
[2022-06-13T02:12:45.967+0000][1][safepoint    ] Entering safepoint region: GenCollectForAllocation
[2022-06-13T02:12:45.968+0000][1][gc,start     ] GC(17) Pause Young (Allocation Failure)
[2022-06-13T02:12:45.968+0000][1][gc,task      ] GC(17) Using 5 workers of 13 for evacuation
[2022-06-13T02:12:45.972+0000][1][gc,age       ] GC(17) Desired survivor size 4456448 bytes, new threshold 6 (max threshold 6)
[2022-06-13T02:12:45.972+0000][1][gc,age       ] GC(17) Age table with threshold 6 (max threshold 6)
[2022-06-13T02:12:45.973+0000][1][gc,age       ] GC(17) - age   1:    3641184 bytes,    3641184 total
[2022-06-13T02:12:45.973+0000][1][gc,age       ] GC(17) - age   2:     492688 bytes,    4133872 total
[2022-06-13T02:12:45.974+0000][1][gc,heap      ] GC(17) ParNew: 77230K->4987K(78656K)
[2022-06-13T02:12:45.974+0000][1][gc,heap      ] GC(17) CMS: 55153K->55153K(174784K)
[2022-06-13T02:12:45.975+0000][1][gc,metaspace ] GC(17) Metaspace: 42083K->42083K(1087488K)
[2022-06-13T02:12:45.975+0000][1][gc           ] GC(17) Pause Young (Allocation Failure) 129M->58M(247M) 7.551ms
[2022-06-13T02:12:45.975+0000][1][gc,cpu       ] GC(17) User=0.04s Sys=0.00s Real=0.01s
[2022-06-13T02:12:45.976+0000][1][safepoint    ] Leaving safepoint region
[2022-06-13T02:12:45.976+0000][1][safepoint    ] Total time for which application threads were stopped: 0.0091229 seconds, Stopping threads took: 0.0003656 seconds
[2022-06-13T02:12:45.977+0000][1][safepoint    ] Application time: 0.0003680 seconds
[2022-06-13T02:12:45.977+0000][1][safepoint    ] Entering safepoint region: CMS_Initial_Mark
[2022-06-13T02:12:45.978+0000][1][gc,start     ] GC(18) Pause Initial Mark
[2022-06-13T02:12:45.980+0000][1][gc           ] GC(18) Pause Initial Mark 60M->60M(247M) 1.633ms
[2022-06-13T02:12:45.980+0000][1][gc,cpu       ] GC(18) User=0.02s Sys=0.00s Real=0.01s
[2022-06-13T02:12:45.981+0000][1][safepoint    ] Leaving safepoint region
[2022-06-13T02:12:45.981+0000][1][safepoint    ] Total time for which application threads were stopped: 0.0035767 seconds, Stopping threads took: 0.0005301 seconds
[2022-06-13T02:12:45.981+0000][1][gc           ] GC(18) Concurrent Mark
[2022-06-13T02:12:45.982+0000][1][gc,task      ] GC(18) Using 4 workers of 4 for marking
[2022-06-13T02:12:45.998+0000][1][gc           ] GC(18) Concurrent Mark 16.143ms
[2022-06-13T02:12:45.998+0000][1][gc,cpu       ] GC(18) User=0.12s Sys=0.00s Real=0.01s
[2022-06-13T02:12:45.998+0000][1][gc           ] GC(18) Concurrent Preclean
[2022-06-13T02:12:46.000+0000][1][gc           ] GC(18) Concurrent Preclean 1.312ms
[2022-06-13T02:12:46.000+0000][1][gc,cpu       ] GC(18) User=0.03s Sys=0.00s Real=0.01s
[2022-06-13T02:12:46.000+0000][1][safepoint    ] Application time: 0.0189193 seconds
[2022-06-13T02:12:46.001+0000][1][safepoint    ] Entering safepoint region: CMS_Final_Remark
[2022-06-13T02:12:46.001+0000][1][gc,start     ] GC(18) Pause Remark
[2022-06-13T02:12:46.009+0000][1][gc           ] GC(18) Pause Remark 60M->60M(247M) 8.043ms
[2022-06-13T02:12:46.010+0000][1][gc,cpu       ] GC(18) User=0.03s Sys=0.00s Real=0.01s
[2022-06-13T02:12:46.010+0000][1][safepoint    ] Leaving safepoint region
[2022-06-13T02:12:46.010+0000][1][safepoint    ] Total time for which application threads were stopped: 0.0095553 seconds, Stopping threads took: 0.0004653 seconds
[2022-06-13T02:12:46.010+0000][1][gc           ] GC(18) Concurrent Sweep
[2022-06-13T02:12:46.024+0000][1][gc           ] GC(18) Concurrent Sweep 13.510ms
[2022-06-13T02:12:46.024+0000][1][gc,cpu       ] GC(18) User=0.04s Sys=0.00s Real=0.01s
[2022-06-13T02:12:46.025+0000][1][gc           ] GC(18) Concurrent Reset
[2022-06-13T02:12:46.025+0000][1][gc           ] GC(18) Concurrent Reset 0.399ms
[2022-06-13T02:12:46.026+0000][1][gc,cpu       ] GC(18) User=0.00s Sys=0.00s Real=0.00s
[2022-06-13T02:12:46.026+0000][1][gc,heap      ] GC(18) Old: 55153K->54940K(174784K)
[2022-06-13T02:12:46.346+0000][1][safepoint    ] Application time: 0.3352242 seconds
[2022-06-13T02:12:46.346+0000][1][safepoint    ] Entering safepoint region: ICBufferFull
[2022-06-13T02:12:46.347+0000][1][safepoint    ] Leaving safepoint region
[2022-06-13T02:12:46.347+0000][1][safepoint    ] Total time for which application threads were stopped: 0.0013552 seconds, Stopping threads took: 0.0004300 seconds
[2022-06-13T02:12:46.375+0000][1][safepoint    ] Application time: 0.0269334 seconds
[2022-06-13T02:12:46.375+0000][1][safepoint    ] Entering safepoint region: RevokeBias
[2022-06-13T02:12:46.376+0000][1][safepoint    ] Leaving safepoint region
[2022-06-13T02:12:46.376+0000][1][safepoint    ] Total time for which application threads were stopped: 0.0007523 seconds, Stopping threads took: 0.0003566 seconds
[2022-06-13T02:12:46.377+0000][1][safepoint    ] Application time: 0.0011274 seconds
[2022-06-13T02:12:46.378+0000][1][safepoint    ] Entering safepoint region: RevokeBias
[2022-06-13T02:12:46.378+0000][1][safepoint    ] Leaving safepoint region
[2022-06-13T02:12:46.378+0000][1][safepoint    ] Total time for which application threads were stopped: 0.0005769 seconds, Stopping threads took: 0.0002528 seconds
[2022-06-13T02:12:46.403+0000][1][safepoint    ] Application time: 0.0249005 seconds
[2022-06-13T02:12:46.404+0000][1][safepoint    ] Entering safepoint region: RevokeBias
[2022-06-13T02:12:46.404+0000][1][safepoint    ] Leaving safepoint region
[2022-06-13T02:12:46.404+0000][1][safepoint    ] Total time for which application threads were stopped: 0.0005451 seconds, Stopping threads took: 0.0002506 seconds
[2022-06-13T02:12:46.415+0000][1][safepoint    ] Application time: 0.0107858 seconds
[2022-06-13T02:12:46.416+0000][1][safepoint    ] Entering safepoint region: RevokeBias
[2022-06-13T02:12:46.416+0000][1][safepoint    ] Leaving safepoint region
[2022-06-13T02:12:46.417+0000][1][safepoint    ] Total time for which application threads were stopped: 0.0009416 seconds, Stopping threads took: 0.0004633 seconds
[2022-06-13T02:12:46.420+0000][1][safepoint    ] Application time: 0.0022449 seconds
[2022-06-13T02:12:46.420+0000][1][safepoint    ] Entering safepoint region: RevokeBias
[2022-06-13T02:12:46.420+0000][1][safepoint    ] Leaving safepoint region
[2022-06-13T02:12:46.421+0000][1][safepoint    ] Total time for which application threads were stopped: 0.0009115 seconds, Stopping threads took: 0.0004814 seconds
[2022-06-13T02:12:46.552+0000][1][safepoint    ] Application time: 0.1307812 seconds
[2022-06-13T02:12:46.553+0000][1][safepoint    ] Entering safepoint region: RevokeBias
[2022-06-13T02:12:46.553+0000][1][safepoint    ] Leaving safepoint region
[2022-06-13T02:12:46.554+0000][1][safepoint    ] Total time for which application threads were stopped: 0.0012308 seconds, Stopping threads took: 0.0005701 seconds
[2022-06-13T02:12:46.554+0000][1][safepoint    ] Application time: 0.0001890 seconds
[2022-06-13T02:12:46.554+0000][1][safepoint    ] Entering safepoint region: RevokeBias
[2022-06-13T02:12:46.555+0000][1][safepoint    ] Leaving safepoint region
[2022-06-13T02:12:46.555+0000][1][safepoint    ] Total time for which application threads were stopped: 0.0004651 seconds, Stopping threads took: 0.0002131 seconds
[2022-06-13T02:12:46.555+0000][1][safepoint    ] Application time: 0.0001135 seconds
[2022-06-13T02:12:46.555+0000][1][safepoint    ] Entering safepoint region: RevokeBias
[2022-06-13T02:12:46.556+0000][1][safepoint    ] Leaving safepoint region
[2022-06-13T02:12:46.556+0000][1][safepoint    ] Total time for which application threads were stopped: 0.0004491 seconds, Stopping threads took: 0.0002165 seconds
[2022-06-13T02:12:46.556+0000][1][safepoint    ] Application time: 0.0002275 seconds
[2022-06-13T02:12:46.557+0000][1][safepoint    ] Entering safepoint region: RevokeBias
[2022-06-13T02:12:46.557+0000][1][safepoint    ] Leaving safepoint region
[2022-06-13T02:12:46.557+0000][1][safepoint    ] Total time for which application threads were stopped: 0.0004324 seconds, Stopping threads took: 0.0001843 seconds
[2022-06-13T02:12:46.558+0000][1][safepoint    ] Application time: 0.0004513 seconds
[2022-06-13T02:12:46.558+0000][1][safepoint    ] Entering safepoint region: RevokeBias
[2022-06-13T02:12:46.558+0000][1][safepoint    ] Leaving safepoint region
[2022-06-13T02:12:46.558+0000][1][safepoint    ] Total time for which application threads were stopped: 0.0004031 seconds, Stopping threads took: 0.0001687 seconds
[2022-06-13T02:12:46.559+0000][1][safepoint    ] Application time: 0.0003338 seconds
[2022-06-13T02:12:46.559+0000][1][safepoint    ] Entering safepoint region: RevokeBias
[2022-06-13T02:12:46.559+0000][1][safepoint    ] Leaving safepoint region
[2022-06-13T02:12:46.559+0000][1][safepoint    ] Total time for which application threads were stopped: 0.0005271 seconds, Stopping threads took: 0.0002625 seconds
[2022-06-13T02:12:46.560+0000][1][safepoint    ] Application time: 0.0002167 seconds
[2022-06-13T02:12:46.560+0000][1][safepoint    ] Entering safepoint region: RevokeBias
[2022-06-13T02:12:46.560+0000][1][safepoint    ] Leaving safepoint region
[2022-06-13T02:12:46.561+0000][1][safepoint    ] Total time for which application threads were stopped: 0.0004823 seconds, Stopping threads took: 0.0002055 seconds
[2022-06-13T02:12:46.561+0000][1][safepoint    ] Application time: 0.0002285 seconds
[2022-06-13T02:12:46.561+0000][1][safepoint    ] Entering safepoint region: RevokeBias
[2022-06-13T02:12:46.562+0000][1][safepoint    ] Leaving safepoint region
[2022-06-13T02:12:46.562+0000][1][safepoint    ] Total time for which application threads were stopped: 0.0005982 seconds, Stopping threads took: 0.0003753 seconds
[2022-06-13T02:12:46.562+0000][1][safepoint    ] Application time: 0.0001136 seconds
[2022-06-13T02:12:46.562+0000][1][safepoint    ] Entering safepoint region: RevokeBias
[2022-06-13T02:12:46.563+0000][1][safepoint    ] Leaving safepoint region
[2022-06-13T02:12:46.563+0000][1][safepoint    ] Total time for which application threads were stopped: 0.0005259 seconds, Stopping threads took: 0.0002566 seconds
[2022-06-13T02:12:46.563+0000][1][safepoint    ] Application time: 0.0000771 seconds
[2022-06-13T02:12:46.564+0000][1][safepoint    ] Entering safepoint region: RevokeBias
[2022-06-13T02:12:46.564+0000][1][safepoint    ] Leaving safepoint region
[2022-06-13T02:12:46.564+0000][1][safepoint    ] Total time for which application threads were stopped: 0.0004310 seconds, Stopping threads took: 0.0001969 seconds
[2022-06-13T02:12:46.564+0000][1][safepoint    ] Application time: 0.0001439 seconds
[2022-06-13T02:12:46.565+0000][1][safepoint    ] Entering safepoint region: RevokeBias
[2022-06-13T02:12:46.565+0000][1][safepoint    ] Leaving safepoint region
[2022-06-13T02:12:46.565+0000][1][safepoint    ] Total time for which application threads were stopped: 0.0003710 seconds, Stopping threads took: 0.0001818 seconds
[2022-06-13T02:12:46.565+0000][1][safepoint    ] Application time: 0.0000757 seconds
[2022-06-13T02:12:46.566+0000][1][safepoint    ] Entering safepoint region: RevokeBias
[2022-06-13T02:12:46.566+0000][1][safepoint    ] Leaving safepoint region
[2022-06-13T02:12:46.566+0000][1][safepoint    ] Total time for which application threads were stopped: 0.0005353 seconds, Stopping threads took: 0.0003604 seconds
[2022-06-13T02:12:46.566+0000][1][safepoint    ] Application time: 0.0001134 seconds
[2022-06-13T02:12:46.567+0000][1][safepoint    ] Entering safepoint region: RevokeBias
[2022-06-13T02:12:46.567+0000][1][safepoint    ] Leaving safepoint region
[2022-06-13T02:12:46.567+0000][1][safepoint    ] Total time for which application threads were stopped: 0.0004677 seconds, Stopping threads took: 0.0002596 seconds
[2022-06-13T02:12:46.567+0000][1][safepoint    ] Application time: 0.0001530 seconds
[2022-06-13T02:12:46.568+0000][1][safepoint    ] Entering safepoint region: RevokeBias
[2022-06-13T02:12:46.568+0000][1][safepoint    ] Leaving safepoint region
[2022-06-13T02:12:46.568+0000][1][safepoint    ] Total time for which application threads were stopped: 0.0003829 seconds, Stopping threads took: 0.0002818 seconds
[2022-06-13T02:12:46.568+0000][1][safepoint    ] Application time: 0.0000658 seconds
[2022-06-13T02:12:46.568+0000][1][safepoint    ] Entering safepoint region: RevokeBias
[2022-06-13T02:12:46.569+0000][1][safepoint    ] Leaving safepoint region
[2022-06-13T02:12:46.569+0000][1][safepoint    ] Total time for which application threads were stopped: 0.0002292 seconds, Stopping threads took: 0.0001142 seconds
[2022-06-13T02:12:46.569+0000][1][safepoint    ] Application time: 0.0000577 seconds
[2022-06-13T02:12:46.569+0000][1][safepoint    ] Entering safepoint region: RevokeBias
[2022-06-13T02:12:46.569+0000][1][safepoint    ] Leaving safepoint region
[2022-06-13T02:12:46.569+0000][1][safepoint    ] Total time for which application threads were stopped: 0.0002016 seconds, Stopping threads took: 0.0000954 seconds
[2022-06-13T02:12:46.569+0000][1][safepoint    ] Application time: 0.0000584 seconds
[2022-06-13T02:12:46.569+0000][1][safepoint    ] Entering safepoint region: RevokeBias
[2022-06-13T02:12:46.570+0000][1][safepoint    ] Leaving safepoint region
[2022-06-13T02:12:46.570+0000][1][safepoint    ] Total time for which application threads were stopped: 0.0001755 seconds, Stopping threads took: 0.0000778 seconds
[2022-06-13T02:12:46.570+0000][1][safepoint    ] Application time: 0.0000480 seconds
[2022-06-13T02:12:46.570+0000][1][safepoint    ] Entering safepoint region: RevokeBias
[2022-06-13T02:12:46.570+0000][1][safepoint    ] Leaving safepoint region
[2022-06-13T02:12:46.570+0000][1][safepoint    ] Total time for which application threads were stopped: 0.0001689 seconds, Stopping threads took: 0.0000783 seconds
[2022-06-13T02:12:46.570+0000][1][safepoint    ] Application time: 0.0000494 seconds
[2022-06-13T02:12:46.570+0000][1][safepoint    ] Entering safepoint region: RevokeBias
[2022-06-13T02:12:46.570+0000][1][safepoint    ] Leaving safepoint region
[2022-06-13T02:12:46.570+0000][1][safepoint    ] Total time for which application threads were stopped: 0.0001685 seconds, Stopping threads took: 0.0000744 seconds
[2022-06-13T02:12:46.570+0000][1][safepoint    ] Application time: 0.0000466 seconds
[2022-06-13T02:12:46.571+0000][1][safepoint    ] Entering safepoint region: RevokeBias
[2022-06-13T02:12:46.571+0000][1][safepoint    ] Leaving safepoint region
[2022-06-13T02:12:46.571+0000][1][safepoint    ] Total time for which application threads were stopped: 0.0001723 seconds, Stopping threads took: 0.0000798 seconds
[2022-06-13T02:12:46.571+0000][1][safepoint    ] Application time: 0.0000527 seconds
[2022-06-13T02:12:46.571+0000][1][safepoint    ] Entering safepoint region: RevokeBias
[2022-06-13T02:12:46.571+0000][1][safepoint    ] Leaving safepoint region
[2022-06-13T02:12:46.571+0000][1][safepoint    ] Total time for which application threads were stopped: 0.0001744 seconds, Stopping threads took: 0.0000799 seconds
[2022-06-13T02:12:46.571+0000][1][safepoint    ] Application time: 0.0000496 seconds
[2022-06-13T02:12:46.571+0000][1][safepoint    ] Entering safepoint region: RevokeBias
[2022-06-13T02:12:46.571+0000][1][safepoint    ] Leaving safepoint region
[2022-06-13T02:12:46.571+0000][1][safepoint    ] Total time for which application threads were stopped: 0.0001786 seconds, Stopping threads took: 0.0000787 seconds
[2022-06-13T02:12:46.572+0000][1][safepoint    ] Application time: 0.0000832 seconds
[2022-06-13T02:12:46.572+0000][1][safepoint    ] Entering safepoint region: RevokeBias
[2022-06-13T02:12:46.572+0000][1][safepoint    ] Leaving safepoint region
[2022-06-13T02:12:46.572+0000][1][safepoint    ] Total time for which application threads were stopped: 0.0002482 seconds, Stopping threads took: 0.0001040 seconds
[2022-06-13T02:12:46.572+0000][1][safepoint    ] Application time: 0.0000537 seconds
[2022-06-13T02:12:46.572+0000][1][safepoint    ] Entering safepoint region: RevokeBias
[2022-06-13T02:12:46.573+0000][1][safepoint    ] Leaving safepoint region
[2022-06-13T02:12:46.573+0000][1][safepoint    ] Total time for which application threads were stopped: 0.0002006 seconds, Stopping threads took: 0.0000926 seconds
[2022-06-13T02:12:46.573+0000][1][safepoint    ] Application time: 0.0000503 seconds
[2022-06-13T02:12:46.573+0000][1][safepoint    ] Entering safepoint region: RevokeBias
[2022-06-13T02:12:46.573+0000][1][safepoint    ] Leaving safepoint region
[2022-06-13T02:12:46.573+0000][1][safepoint    ] Total time for which application threads were stopped: 0.0001921 seconds, Stopping threads took: 0.0000886 seconds
[2022-06-13T02:12:46.573+0000][1][safepoint    ] Application time: 0.0000541 seconds
[2022-06-13T02:12:46.573+0000][1][safepoint    ] Entering safepoint region: RevokeBias
[2022-06-13T02:12:46.573+0000][1][safepoint    ] Leaving safepoint region
[2022-06-13T02:12:46.573+0000][1][safepoint    ] Total time for which application threads were stopped: 0.0001957 seconds, Stopping threads took: 0.0000870 seconds
[2022-06-13T02:12:46.574+0000][1][safepoint    ] Application time: 0.0000533 seconds
[2022-06-13T02:12:46.574+0000][1][safepoint    ] Entering safepoint region: RevokeBias
[2022-06-13T02:12:46.574+0000][1][safepoint    ] Leaving safepoint region
[2022-06-13T02:12:46.574+0000][1][safepoint    ] Total time for which application threads were stopped: 0.0001960 seconds, Stopping threads took: 0.0000895 seconds
[2022-06-13T02:12:46.574+0000][1][safepoint    ] Application time: 0.0000509 seconds
[2022-06-13T02:12:46.574+0000][1][safepoint    ] Entering safepoint region: RevokeBias
[2022-06-13T02:12:46.574+0000][1][safepoint    ] Leaving safepoint region
[2022-06-13T02:12:46.574+0000][1][safepoint    ] Total time for which application threads were stopped: 0.0001943 seconds, Stopping threads took: 0.0000883 seconds
[2022-06-13T02:12:46.574+0000][1][safepoint    ] Application time: 0.0000522 seconds
[2022-06-13T02:12:46.575+0000][1][safepoint    ] Entering safepoint region: RevokeBias
[2022-06-13T02:12:46.575+0000][1][safepoint    ] Leaving safepoint region
[2022-06-13T02:12:46.575+0000][1][safepoint    ] Total time for which application threads were stopped: 0.0001940 seconds, Stopping threads took: 0.0000886 seconds
[2022-06-13T02:12:46.575+0000][1][safepoint    ] Application time: 0.0000514 seconds
[2022-06-13T02:12:46.575+0000][1][safepoint    ] Entering safepoint region: RevokeBias
[2022-06-13T02:12:46.575+0000][1][safepoint    ] Leaving safepoint region
[2022-06-13T02:12:46.575+0000][1][safepoint    ] Total time for which application threads were stopped: 0.0001903 seconds, Stopping threads took: 0.0000869 seconds
[2022-06-13T02:12:46.575+0000][1][safepoint    ] Application time: 0.0000512 seconds
[2022-06-13T02:12:46.575+0000][1][safepoint    ] Entering safepoint region: RevokeBias
[2022-06-13T02:12:46.575+0000][1][safepoint    ] Leaving safepoint region
[2022-06-13T02:12:46.576+0000][1][safepoint    ] Total time for which application threads were stopped: 0.0002098 seconds, Stopping threads took: 0.0000975 seconds
[2022-06-13T02:12:46.576+0000][1][safepoint    ] Application time: 0.0000530 seconds
[2022-06-13T02:12:46.576+0000][1][safepoint    ] Entering safepoint region: BulkRevokeBias
[2022-06-13T02:12:46.576+0000][1][safepoint    ] Leaving safepoint region
[2022-06-13T02:12:46.576+0000][1][safepoint    ] Total time for which application threads were stopped: 0.0002255 seconds, Stopping threads took: 0.0000873 seconds
[2022-06-13T02:12:46.576+0000][1][safepoint    ] Application time: 0.0000732 seconds
[2022-06-13T02:12:46.576+0000][1][safepoint    ] Entering safepoint region: GenCollectForAllocation
[2022-06-13T02:12:46.576+0000][1][gc,start     ] GC(19) Pause Young (Allocation Failure)
[2022-06-13T02:12:46.576+0000][1][gc,task      ] GC(19) Using 5 workers of 13 for evacuation
[2022-06-13T02:12:46.580+0000][1][gc,age       ] GC(19) Desired survivor size 4456448 bytes, new threshold 2 (max threshold 6)
[2022-06-13T02:12:46.580+0000][1][gc,age       ] GC(19) Age table with threshold 2 (max threshold 6)
[2022-06-13T02:12:46.580+0000][1][gc,age       ] GC(19) - age   1:    3170384 bytes,    3170384 total
[2022-06-13T02:12:46.581+0000][1][gc,age       ] GC(19) - age   2:    3537456 bytes,    6707840 total
[2022-06-13T02:12:46.581+0000][1][gc,age       ] GC(19) - age   3:     490584 bytes,    7198424 total
[2022-06-13T02:12:46.581+0000][1][gc,heap      ] GC(19) ParNew: 74939K->8704K(78656K)
[2022-06-13T02:12:46.581+0000][1][gc,heap      ] GC(19) CMS: 54940K->54940K(174784K)
[2022-06-13T02:12:46.581+0000][1][gc,metaspace ] GC(19) Metaspace: 46876K->46876K(1091584K)
[2022-06-13T02:12:46.581+0000][1][gc           ] GC(19) Pause Young (Allocation Failure) 126M->62M(247M) 4.611ms
[2022-06-13T02:12:46.581+0000][1][gc,cpu       ] GC(19) User=0.03s Sys=0.00s Real=0.01s
[2022-06-13T02:12:46.581+0000][1][safepoint    ] Leaving safepoint region
[2022-06-13T02:12:46.581+0000][1][safepoint    ] Total time for which application threads were stopped: 0.0050172 seconds, Stopping threads took: 0.0000892 seconds
[2022-06-13T02:12:46.582+0000][1][safepoint    ] Application time: 0.0002287 seconds
[2022-06-13T02:12:46.582+0000][1][safepoint    ] Entering safepoint region: RevokeBias
[2022-06-13T02:12:46.582+0000][1][safepoint    ] Leaving safepoint region
[2022-06-13T02:12:46.582+0000][1][safepoint    ] Total time for which application threads were stopped: 0.0002049 seconds, Stopping threads took: 0.0000896 seconds
[2022-06-13T02:12:46.582+0000][1][safepoint    ] Application time: 0.0000709 seconds
[2022-06-13T02:12:46.582+0000][1][safepoint    ] Entering safepoint region: RevokeBias
[2022-06-13T02:12:46.582+0000][1][safepoint    ] Leaving safepoint region
[2022-06-13T02:12:46.582+0000][1][safepoint    ] Total time for which application threads were stopped: 0.0001925 seconds, Stopping threads took: 0.0000870 seconds
[2022-06-13T02:12:46.583+0000][1][safepoint    ] Application time: 0.0000951 seconds
[2022-06-13T02:12:46.583+0000][1][safepoint    ] Entering safepoint region: RevokeBias
[2022-06-13T02:12:46.583+0000][1][safepoint    ] Leaving safepoint region
[2022-06-13T02:12:46.583+0000][1][safepoint    ] Total time for which application threads were stopped: 0.0002107 seconds, Stopping threads took: 0.0000882 seconds
[2022-06-13T02:12:46.583+0000][1][safepoint    ] Application time: 0.0000702 seconds
[2022-06-13T02:12:46.583+0000][1][safepoint    ] Entering safepoint region: RevokeBias
[2022-06-13T02:12:46.583+0000][1][safepoint    ] Leaving safepoint region
[2022-06-13T02:12:46.583+0000][1][safepoint    ] Total time for which application threads were stopped: 0.0002555 seconds, Stopping threads took: 0.0001142 seconds
[2022-06-13T02:12:46.584+0000][1][safepoint    ] Application time: 0.0001012 seconds
[2022-06-13T02:12:46.584+0000][1][safepoint    ] Entering safepoint region: RevokeBias
[2022-06-13T02:12:46.584+0000][1][safepoint    ] Leaving safepoint region
[2022-06-13T02:12:46.584+0000][1][safepoint    ] Total time for which application threads were stopped: 0.0002432 seconds, Stopping threads took: 0.0001090 seconds
[2022-06-13T02:12:46.584+0000][1][safepoint    ] Application time: 0.0000694 seconds
[2022-06-13T02:12:46.584+0000][1][safepoint    ] Entering safepoint region: RevokeBias
[2022-06-13T02:12:46.584+0000][1][safepoint    ] Leaving safepoint region
[2022-06-13T02:12:46.584+0000][1][safepoint    ] Total time for which application threads were stopped: 0.0002209 seconds, Stopping threads took: 0.0000968 seconds
[2022-06-13T02:12:46.584+0000][1][safepoint    ] Application time: 0.0000919 seconds
[2022-06-13T02:12:46.585+0000][1][safepoint    ] Entering safepoint region: RevokeBias
[2022-06-13T02:12:46.585+0000][1][safepoint    ] Leaving safepoint region
[2022-06-13T02:12:46.585+0000][1][safepoint    ] Total time for which application threads were stopped: 0.0002273 seconds, Stopping threads took: 0.0000846 seconds
[2022-06-13T02:12:46.585+0000][1][safepoint    ] Application time: 0.0000626 seconds
[2022-06-13T02:12:46.585+0000][1][safepoint    ] Entering safepoint region: RevokeBias
[2022-06-13T02:12:46.585+0000][1][safepoint    ] Leaving safepoint region
[2022-06-13T02:12:46.585+0000][1][safepoint    ] Total time for which application threads were stopped: 0.0003212 seconds, Stopping threads took: 0.0002142 seconds
[2022-06-13T02:12:46.586+0000][1][safepoint    ] Application time: 0.0000737 seconds
[2022-06-13T02:12:46.586+0000][1][safepoint    ] Entering safepoint region: RevokeBias
[2022-06-13T02:12:46.586+0000][1][safepoint    ] Leaving safepoint region
[2022-06-13T02:12:46.586+0000][1][safepoint    ] Total time for which application threads were stopped: 0.0002047 seconds, Stopping threads took: 0.0000981 seconds
[2022-06-13T02:12:46.586+0000][1][safepoint    ] Application time: 0.0000539 seconds
[2022-06-13T02:12:46.586+0000][1][safepoint    ] Entering safepoint region: RevokeBias
[2022-06-13T02:12:46.586+0000][1][safepoint    ] Leaving safepoint region
[2022-06-13T02:12:46.586+0000][1][safepoint    ] Total time for which application threads were stopped: 0.0002022 seconds, Stopping threads took: 0.0000869 seconds
[2022-06-13T02:12:46.586+0000][1][safepoint    ] Application time: 0.0000600 seconds
[2022-06-13T02:12:46.587+0000][1][safepoint    ] Entering safepoint region: RevokeBias
[2022-06-13T02:12:46.587+0000][1][safepoint    ] Leaving safepoint region
[2022-06-13T02:12:46.587+0000][1][safepoint    ] Total time for which application threads were stopped: 0.0003217 seconds, Stopping threads took: 0.0002056 seconds
[2022-06-13T02:12:46.587+0000][1][safepoint    ] Application time: 0.0000552 seconds
[2022-06-13T02:12:46.587+0000][1][safepoint    ] Entering safepoint region: RevokeBias
[2022-06-13T02:12:46.587+0000][1][safepoint    ] Leaving safepoint region
[2022-06-13T02:12:46.587+0000][1][safepoint    ] Total time for which application threads were stopped: 0.0001908 seconds, Stopping threads took: 0.0000890 seconds
[2022-06-13T02:12:46.587+0000][1][safepoint    ] Application time: 0.0000514 seconds
[2022-06-13T02:12:46.587+0000][1][safepoint    ] Entering safepoint region: RevokeBias
[2022-06-13T02:12:46.588+0000][1][safepoint    ] Leaving safepoint region
[2022-06-13T02:12:46.588+0000][1][safepoint    ] Total time for which application threads were stopped: 0.0001876 seconds, Stopping threads took: 0.0000832 seconds
[2022-06-13T02:12:46.588+0000][1][safepoint    ] Application time: 0.0000505 seconds
[2022-06-13T02:12:46.588+0000][1][safepoint    ] Entering safepoint region: RevokeBias
[2022-06-13T02:12:46.588+0000][1][safepoint    ] Leaving safepoint region
[2022-06-13T02:12:46.588+0000][1][safepoint    ] Total time for which application threads were stopped: 0.0002068 seconds, Stopping threads took: 0.0000966 seconds
[2022-06-13T02:12:46.588+0000][1][safepoint    ] Application time: 0.0000527 seconds
[2022-06-13T02:12:46.588+0000][1][safepoint    ] Entering safepoint region: RevokeBias
[2022-06-13T02:12:46.588+0000][1][safepoint    ] Leaving safepoint region
[2022-06-13T02:12:46.589+0000][1][safepoint    ] Total time for which application threads were stopped: 0.0001922 seconds, Stopping threads took: 0.0000874 seconds
[2022-06-13T02:12:46.589+0000][1][safepoint    ] Application time: 0.0000542 seconds
[2022-06-13T02:12:46.589+0000][1][safepoint    ] Entering safepoint region: RevokeBias
[2022-06-13T02:12:46.589+0000][1][safepoint    ] Leaving safepoint region
[2022-06-13T02:12:46.589+0000][1][safepoint    ] Total time for which application threads were stopped: 0.0001985 seconds, Stopping threads took: 0.0000869 seconds
[2022-06-13T02:12:46.589+0000][1][safepoint    ] Application time: 0.0000829 seconds
[2022-06-13T02:12:46.589+0000][1][safepoint    ] Entering safepoint region: RevokeBias
[2022-06-13T02:12:46.589+0000][1][safepoint    ] Leaving safepoint region
[2022-06-13T02:12:46.589+0000][1][safepoint    ] Total time for which application threads were stopped: 0.0001929 seconds, Stopping threads took: 0.0000921 seconds
[2022-06-13T02:12:46.590+0000][1][safepoint    ] Application time: 0.0000484 seconds
[2022-06-13T02:12:46.590+0000][1][safepoint    ] Entering safepoint region: RevokeBias
[2022-06-13T02:12:46.590+0000][1][safepoint    ] Leaving safepoint region
[2022-06-13T02:12:46.590+0000][1][safepoint    ] Total time for which application threads were stopped: 0.0001773 seconds, Stopping threads took: 0.0000821 seconds
[2022-06-13T02:12:46.590+0000][1][safepoint    ] Application time: 0.0000448 seconds
[2022-06-13T02:12:46.590+0000][1][safepoint    ] Entering safepoint region: RevokeBias
[2022-06-13T02:12:46.590+0000][1][safepoint    ] Leaving safepoint region
[2022-06-13T02:12:46.590+0000][1][safepoint    ] Total time for which application threads were stopped: 0.0001757 seconds, Stopping threads took: 0.0000809 seconds
[2022-06-13T02:12:46.590+0000][1][safepoint    ] Application time: 0.0000473 seconds
[2022-06-13T02:12:46.590+0000][1][safepoint    ] Entering safepoint region: RevokeBias
[2022-06-13T02:12:46.591+0000][1][safepoint    ] Leaving safepoint region
[2022-06-13T02:12:46.591+0000][1][safepoint    ] Total time for which application threads were stopped: 0.0001950 seconds, Stopping threads took: 0.0000856 seconds
[2022-06-13T02:12:46.591+0000][1][safepoint    ] Application time: 0.0000505 seconds
[2022-06-13T02:12:46.591+0000][1][safepoint    ] Entering safepoint region: RevokeBias
[2022-06-13T02:12:46.591+0000][1][safepoint    ] Leaving safepoint region
[2022-06-13T02:12:46.591+0000][1][safepoint    ] Total time for which application threads were stopped: 0.0001948 seconds, Stopping threads took: 0.0000851 seconds
[2022-06-13T02:12:46.591+0000][1][safepoint    ] Application time: 0.0000481 seconds
[2022-06-13T02:12:46.591+0000][1][safepoint    ] Entering safepoint region: RevokeBias
[2022-06-13T02:12:46.591+0000][1][safepoint    ] Leaving safepoint region
[2022-06-13T02:12:46.591+0000][1][safepoint    ] Total time for which application threads were stopped: 0.0001926 seconds, Stopping threads took: 0.0000920 seconds
[2022-06-13T02:12:46.592+0000][1][safepoint    ] Application time: 0.0000475 seconds
[2022-06-13T02:12:46.592+0000][1][safepoint    ] Entering safepoint region: RevokeBias
[2022-06-13T02:12:46.592+0000][1][safepoint    ] Leaving safepoint region
[2022-06-13T02:12:46.592+0000][1][safepoint    ] Total time for which application threads were stopped: 0.0001793 seconds, Stopping threads took: 0.0000815 seconds
[2022-06-13T02:12:46.592+0000][1][safepoint    ] Application time: 0.0000462 seconds
[2022-06-13T02:12:46.592+0000][1][safepoint    ] Entering safepoint region: RevokeBias
[2022-06-13T02:12:46.592+0000][1][safepoint    ] Leaving safepoint region
[2022-06-13T02:12:46.592+0000][1][safepoint    ] Total time for which application threads were stopped: 0.0001885 seconds, Stopping threads took: 0.0000815 seconds
[2022-06-13T02:12:46.592+0000][1][safepoint    ] Application time: 0.0000477 seconds
[2022-06-13T02:12:46.592+0000][1][safepoint    ] Entering safepoint region: BulkRevokeBias
[2022-06-13T02:12:46.593+0000][1][safepoint    ] Leaving safepoint region
[2022-06-13T02:12:46.593+0000][1][safepoint    ] Total time for which application threads were stopped: 0.0002190 seconds, Stopping threads took: 0.0000820 seconds
[2022-06-13T02:12:46.593+0000][1][safepoint    ] Application time: 0.0002135 seconds
[2022-06-13T02:12:46.593+0000][1][safepoint    ] Entering safepoint region: RevokeBias
[2022-06-13T02:12:46.594+0000][1][safepoint    ] Leaving safepoint region
[2022-06-13T02:12:46.594+0000][1][safepoint    ] Total time for which application threads were stopped: 0.0004735 seconds, Stopping threads took: 0.0003609 seconds
[2022-06-13T02:12:46.594+0000][1][safepoint    ] Application time: 0.0001405 seconds
[2022-06-13T02:12:46.594+0000][1][safepoint    ] Entering safepoint region: RevokeBias
[2022-06-13T02:12:46.594+0000][1][safepoint    ] Leaving safepoint region
[2022-06-13T02:12:46.594+0000][1][safepoint    ] Total time for which application threads were stopped: 0.0001886 seconds, Stopping threads took: 0.0000854 seconds
[2022-06-13T02:12:46.594+0000][1][safepoint    ] Application time: 0.0001656 seconds
[2022-06-13T02:12:46.595+0000][1][safepoint    ] Entering safepoint region: RevokeBias
[2022-06-13T02:12:46.595+0000][1][safepoint    ] Leaving safepoint region
[2022-06-13T02:12:46.595+0000][1][safepoint    ] Total time for which application threads were stopped: 0.0002636 seconds, Stopping threads took: 0.0001197 seconds
[2022-06-13T02:12:46.595+0000][1][safepoint    ] Application time: 0.0001102 seconds
[2022-06-13T02:12:46.595+0000][1][safepoint    ] Entering safepoint region: RevokeBias
[2022-06-13T02:12:46.595+0000][1][safepoint    ] Leaving safepoint region
[2022-06-13T02:12:46.595+0000][1][safepoint    ] Total time for which application threads were stopped: 0.0002149 seconds, Stopping threads took: 0.0000932 seconds
[2022-06-13T02:12:46.595+0000][1][safepoint    ] Application time: 0.0000628 seconds
[2022-06-13T02:12:46.596+0000][1][safepoint    ] Entering safepoint region: RevokeBias
[2022-06-13T02:12:46.596+0000][1][safepoint    ] Leaving safepoint region
[2022-06-13T02:12:46.596+0000][1][safepoint    ] Total time for which application threads were stopped: 0.0003681 seconds, Stopping threads took: 0.0002023 seconds
[2022-06-13T02:12:46.596+0000][1][safepoint    ] Application time: 0.0000706 seconds
[2022-06-13T02:12:46.596+0000][1][safepoint    ] Entering safepoint region: RevokeBias
[2022-06-13T02:12:46.596+0000][1][safepoint    ] Leaving safepoint region
[2022-06-13T02:12:46.596+0000][1][safepoint    ] Total time for which application threads were stopped: 0.0002344 seconds, Stopping threads took: 0.0001211 seconds
[2022-06-13T02:12:46.597+0000][1][safepoint    ] Application time: 0.0002416 seconds
[2022-06-13T02:12:46.597+0000][1][safepoint    ] Entering safepoint region: RevokeBias
[2022-06-13T02:12:46.597+0000][1][safepoint    ] Leaving safepoint region
[2022-06-13T02:12:46.597+0000][1][safepoint    ] Total time for which application threads were stopped: 0.0004279 seconds, Stopping threads took: 0.0003170 seconds
[2022-06-13T02:12:46.597+0000][1][safepoint    ] Application time: 0.0001565 seconds
[2022-06-13T02:12:46.598+0000][1][safepoint    ] Entering safepoint region: RevokeBias
[2022-06-13T02:12:46.598+0000][1][safepoint    ] Leaving safepoint region
[2022-06-13T02:12:46.598+0000][1][safepoint    ] Total time for which application threads were stopped: 0.0001922 seconds, Stopping threads took: 0.0000885 seconds
[2022-06-13T02:12:46.598+0000][1][safepoint    ] Application time: 0.0003062 seconds
[2022-06-13T02:12:46.598+0000][1][safepoint    ] Entering safepoint region: RevokeBias
[2022-06-13T02:12:46.598+0000][1][safepoint    ] Leaving safepoint region
[2022-06-13T02:12:46.598+0000][1][safepoint    ] Total time for which application threads were stopped: 0.0001914 seconds, Stopping threads took: 0.0000840 seconds
[2022-06-13T02:12:46.599+0000][1][safepoint    ] Application time: 0.0001838 seconds
[2022-06-13T02:12:46.599+0000][1][safepoint    ] Entering safepoint region: RevokeBias
[2022-06-13T02:12:46.599+0000][1][safepoint    ] Leaving safepoint region
[2022-06-13T02:12:46.599+0000][1][safepoint    ] Total time for which application threads were stopped: 0.0003065 seconds, Stopping threads took: 0.0001730 seconds
[2022-06-13T02:12:46.599+0000][1][safepoint    ] Application time: 0.0000815 seconds
[2022-06-13T02:12:46.599+0000][1][safepoint    ] Entering safepoint region: RevokeBias
[2022-06-13T02:12:46.599+0000][1][safepoint    ] Leaving safepoint region
[2022-06-13T02:12:46.600+0000][1][safepoint    ] Total time for which application threads were stopped: 0.0002115 seconds, Stopping threads took: 0.0001078 seconds
[2022-06-13T02:12:46.600+0000][1][safepoint    ] Application time: 0.0002699 seconds
[2022-06-13T02:12:46.600+0000][1][safepoint    ] Entering safepoint region: RevokeBias
[2022-06-13T02:12:46.600+0000][1][safepoint    ] Leaving safepoint region
[2022-06-13T02:12:46.600+0000][1][safepoint    ] Total time for which application threads were stopped: 0.0001976 seconds, Stopping threads took: 0.0000909 seconds
[2022-06-13T02:12:46.600+0000][1][safepoint    ] Application time: 0.0000859 seconds
[2022-06-13T02:12:46.601+0000][1][safepoint    ] Entering safepoint region: RevokeBias
[2022-06-13T02:12:46.601+0000][1][safepoint    ] Leaving safepoint region
[2022-06-13T02:12:46.601+0000][1][safepoint    ] Total time for which application threads were stopped: 0.0002839 seconds, Stopping threads took: 0.0001208 seconds
[2022-06-13T02:12:46.601+0000][1][safepoint    ] Application time: 0.0001294 seconds
[2022-06-13T02:12:46.601+0000][1][safepoint    ] Entering safepoint region: RevokeBias
[2022-06-13T02:12:46.601+0000][1][safepoint    ] Leaving safepoint region
[2022-06-13T02:12:46.601+0000][1][safepoint    ] Total time for which application threads were stopped: 0.0002814 seconds, Stopping threads took: 0.0001529 seconds
[2022-06-13T02:12:46.602+0000][1][safepoint    ] Application time: 0.0001610 seconds
[2022-06-13T02:12:46.602+0000][1][safepoint    ] Entering safepoint region: RevokeBias
[2022-06-13T02:12:46.602+0000][1][safepoint    ] Leaving safepoint region
[2022-06-13T02:12:46.602+0000][1][safepoint    ] Total time for which application threads were stopped: 0.0002573 seconds, Stopping threads took: 0.0001066 seconds
[2022-06-13T02:12:46.602+0000][1][safepoint    ] Application time: 0.0002387 seconds
[2022-06-13T02:12:46.603+0000][1][safepoint    ] Entering safepoint region: RevokeBias
[2022-06-13T02:12:46.603+0000][1][safepoint    ] Leaving safepoint region
[2022-06-13T02:12:46.603+0000][1][safepoint    ] Total time for which application threads were stopped: 0.0002172 seconds, Stopping threads took: 0.0001100 seconds
[2022-06-13T02:12:46.603+0000][1][safepoint    ] Application time: 0.0002073 seconds
[2022-06-13T02:12:46.603+0000][1][safepoint    ] Entering safepoint region: RevokeBias
[2022-06-13T02:12:46.603+0000][1][safepoint    ] Leaving safepoint region
[2022-06-13T02:12:46.603+0000][1][safepoint    ] Total time for which application threads were stopped: 0.0002308 seconds, Stopping threads took: 0.0001090 seconds
[2022-06-13T02:12:46.604+0000][1][safepoint    ] Application time: 0.0008628 seconds
[2022-06-13T02:12:46.604+0000][1][safepoint    ] Entering safepoint region: RevokeBias
[2022-06-13T02:12:46.605+0000][1][safepoint    ] Leaving safepoint region
[2022-06-13T02:12:46.605+0000][1][safepoint    ] Total time for which application threads were stopped: 0.0002501 seconds, Stopping threads took: 0.0001080 seconds
[2022-06-13T02:12:46.605+0000][1][safepoint    ] Application time: 0.0001195 seconds
[2022-06-13T02:12:46.605+0000][1][safepoint    ] Entering safepoint region: RevokeBias
[2022-06-13T02:12:46.605+0000][1][safepoint    ] Leaving safepoint region
[2022-06-13T02:12:46.605+0000][1][safepoint    ] Total time for which application threads were stopped: 0.0001952 seconds, Stopping threads took: 0.0000839 seconds
[2022-06-13T02:12:46.605+0000][1][safepoint    ] Application time: 0.0000710 seconds
[2022-06-13T02:12:46.605+0000][1][safepoint    ] Entering safepoint region: RevokeBias
[2022-06-13T02:12:46.606+0000][1][safepoint    ] Leaving safepoint region
[2022-06-13T02:12:46.606+0000][1][safepoint    ] Total time for which application threads were stopped: 0.0001974 seconds, Stopping threads took: 0.0000816 seconds
[2022-06-13T02:12:46.606+0000][1][safepoint    ] Application time: 0.0005560 seconds
[2022-06-13T02:12:46.607+0000][1][safepoint    ] Entering safepoint region: RevokeBias
[2022-06-13T02:12:46.607+0000][1][safepoint    ] Leaving safepoint region
[2022-06-13T02:12:46.607+0000][1][safepoint    ] Total time for which application threads were stopped: 0.0005156 seconds, Stopping threads took: 0.0003900 seconds
[2022-06-13T02:12:46.608+0000][1][safepoint    ] Application time: 0.0006028 seconds
[2022-06-13T02:12:46.608+0000][1][safepoint    ] Entering safepoint region: RevokeBias
[2022-06-13T02:12:46.608+0000][1][safepoint    ] Leaving safepoint region
[2022-06-13T02:12:46.608+0000][1][safepoint    ] Total time for which application threads were stopped: 0.0003344 seconds, Stopping threads took: 0.0002253 seconds
[2022-06-13T02:12:46.608+0000][1][safepoint    ] Application time: 0.0000641 seconds
[2022-06-13T02:12:46.608+0000][1][safepoint    ] Entering safepoint region: RevokeBias
[2022-06-13T02:12:46.608+0000][1][safepoint    ] Leaving safepoint region
[2022-06-13T02:12:46.609+0000][1][safepoint    ] Total time for which application threads were stopped: 0.0002279 seconds, Stopping threads took: 0.0001317 seconds
[2022-06-13T02:12:46.609+0000][1][safepoint    ] Application time: 0.0001699 seconds
[2022-06-13T02:12:46.609+0000][1][safepoint    ] Entering safepoint region: RevokeBias
[2022-06-13T02:12:46.609+0000][1][safepoint    ] Leaving safepoint region
[2022-06-13T02:12:46.609+0000][1][safepoint    ] Total time for which application threads were stopped: 0.0002175 seconds, Stopping threads took: 0.0001031 seconds
[2022-06-13T02:12:46.937+0000][1][safepoint    ] Application time: 0.3273402 seconds
[2022-06-13T02:12:46.937+0000][1][safepoint    ] Entering safepoint region: GenCollectForAllocation
[2022-06-13T02:12:46.937+0000][1][gc,start     ] GC(20) Pause Young (Allocation Failure)
[2022-06-13T02:12:46.938+0000][1][gc,task      ] GC(20) Using 5 workers of 13 for evacuation
[2022-06-13T02:12:46.944+0000][1][gc,age       ] GC(20) Desired survivor size 4456448 bytes, new threshold 2 (max threshold 6)
[2022-06-13T02:12:46.944+0000][1][gc,age       ] GC(20) Age table with threshold 2 (max threshold 6)
[2022-06-13T02:12:46.944+0000][1][gc,age       ] GC(20) - age   1:    1553248 bytes,    1553248 total
[2022-06-13T02:12:46.945+0000][1][gc,age       ] GC(20) - age   2:    3132712 bytes,    4685960 total
[2022-06-13T02:12:46.945+0000][1][gc,heap      ] GC(20) ParNew: 78656K->7378K(78656K)
[2022-06-13T02:12:46.946+0000][1][gc,heap      ] GC(20) CMS: 54940K->59003K(174784K)
[2022-06-13T02:12:46.946+0000][1][gc,metaspace ] GC(20) Metaspace: 53585K->53585K(1097728K)
[2022-06-13T02:12:46.947+0000][1][gc           ] GC(20) Pause Young (Allocation Failure) 130M->64M(247M) 9.208ms
[2022-06-13T02:12:46.947+0000][1][gc,cpu       ] GC(20) User=0.03s Sys=0.00s Real=0.01s
[2022-06-13T02:12:46.947+0000][1][safepoint    ] Leaving safepoint region
[2022-06-13T02:12:46.948+0000][1][safepoint    ] Total time for which application threads were stopped: 0.0106227 seconds, Stopping threads took: 0.0002999 seconds
[2022-06-13T02:12:47.143+0000][1][safepoint    ] Application time: 0.1953287 seconds
[2022-06-13T02:12:47.143+0000][1][safepoint    ] Entering safepoint region: Deoptimize
[2022-06-13T02:12:47.145+0000][1][safepoint    ] Leaving safepoint region
[2022-06-13T02:12:47.145+0000][1][safepoint    ] Total time for which application threads were stopped: 0.0015220 seconds, Stopping threads took: 0.0003920 seconds
[2022-06-13T02:12:47.167+0000][1][safepoint    ] Application time: 0.0211902 seconds
[2022-06-13T02:12:47.167+0000][1][safepoint    ] Entering safepoint region: RevokeBias
[2022-06-13T02:12:47.167+0000][1][safepoint    ] Leaving safepoint region
[2022-06-13T02:12:47.168+0000][1][safepoint    ] Total time for which application threads were stopped: 0.0008145 seconds, Stopping threads took: 0.0004161 seconds
[2022-06-13T02:12:47.168+0000][1][safepoint    ] Application time: 0.0001984 seconds
[2022-06-13T02:12:47.169+0000][1][safepoint    ] Entering safepoint region: RevokeBias
[2022-06-13T02:12:47.169+0000][1][safepoint    ] Leaving safepoint region
[2022-06-13T02:12:47.170+0000][1][safepoint    ] Total time for which application threads were stopped: 0.0009303 seconds, Stopping threads took: 0.0004642 seconds
[2022-06-13T02:12:47.170+0000][1][safepoint    ] Application time: 0.0002124 seconds
[2022-06-13T02:12:47.170+0000][1][safepoint    ] Entering safepoint region: RevokeBias
[2022-06-13T02:12:47.171+0000][1][safepoint    ] Leaving safepoint region
[2022-06-13T02:12:47.171+0000][1][safepoint    ] Total time for which application threads were stopped: 0.0008898 seconds, Stopping threads took: 0.0004481 seconds
[2022-06-13T02:12:47.174+0000][1][safepoint    ] Application time: 0.0023299 seconds
[2022-06-13T02:12:47.174+0000][1][safepoint    ] Entering safepoint region: RevokeBias
[2022-06-13T02:12:47.175+0000][1][safepoint    ] Leaving safepoint region
[2022-06-13T02:12:47.175+0000][1][safepoint    ] Total time for which application threads were stopped: 0.0006957 seconds, Stopping threads took: 0.0003141 seconds
[2022-06-13T02:12:47.285+0000][1][safepoint    ] Application time: 0.1095272 seconds
[2022-06-13T02:12:47.285+0000][1][safepoint    ] Entering safepoint region: Deoptimize
[2022-06-13T02:12:47.287+0000][1][safepoint    ] Leaving safepoint region
[2022-06-13T02:12:47.288+0000][1][safepoint    ] Total time for which application threads were stopped: 0.0024325 seconds, Stopping threads took: 0.0003980 seconds
[2022-06-13T02:12:47.300+0000][1][safepoint    ] Application time: 0.0116614 seconds
[2022-06-13T02:12:47.300+0000][1][safepoint    ] Entering safepoint region: RevokeBias
[2022-06-13T02:12:47.301+0000][1][safepoint    ] Leaving safepoint region
[2022-06-13T02:12:47.301+0000][1][safepoint    ] Total time for which application threads were stopped: 0.0005680 seconds, Stopping threads took: 0.0003292 seconds
[2022-06-13T02:12:47.440+0000][1][safepoint    ] Application time: 0.1388814 seconds
[2022-06-13T02:12:47.440+0000][1][safepoint    ] Entering safepoint region: RevokeBias
[2022-06-13T02:12:47.441+0000][1][safepoint    ] Leaving safepoint region
[2022-06-13T02:12:47.441+0000][1][safepoint    ] Total time for which application threads were stopped: 0.0009009 seconds, Stopping threads took: 0.0002883 seconds
[2022-06-13T02:12:47.442+0000][1][safepoint    ] Application time: 0.0004521 seconds
[2022-06-13T02:12:47.443+0000][1][safepoint    ] Entering safepoint region: RevokeBias
[2022-06-13T02:12:47.443+0000][1][safepoint    ] Leaving safepoint region
[2022-06-13T02:12:47.444+0000][1][safepoint    ] Total time for which application threads were stopped: 0.0008432 seconds, Stopping threads took: 0.0003735 seconds
[2022-06-13T02:12:47.501+0000][1][safepoint    ] Application time: 0.0565948 seconds
[2022-06-13T02:12:47.501+0000][1][safepoint    ] Entering safepoint region: RevokeBias
[2022-06-13T02:12:47.502+0000][1][safepoint    ] Leaving safepoint region
[2022-06-13T02:12:47.502+0000][1][safepoint    ] Total time for which application threads were stopped: 0.0006475 seconds, Stopping threads took: 0.0003803 seconds
[2022-06-13T02:12:47.503+0000][1][safepoint    ] Application time: 0.0011669 seconds
[2022-06-13T02:12:47.504+0000][1][safepoint    ] Entering safepoint region: RevokeBias
[2022-06-13T02:12:47.504+0000][1][safepoint    ] Leaving safepoint region
[2022-06-13T02:12:47.505+0000][1][safepoint    ] Total time for which application threads were stopped: 0.0011621 seconds, Stopping threads took: 0.0007491 seconds
[2022-06-13T02:12:47.505+0000][1][safepoint    ] Application time: 0.0001697 seconds
[2022-06-13T02:12:47.505+0000][1][safepoint    ] Entering safepoint region: RevokeBias
[2022-06-13T02:12:47.506+0000][1][safepoint    ] Leaving safepoint region
[2022-06-13T02:12:47.506+0000][1][safepoint    ] Total time for which application threads were stopped: 0.0008446 seconds, Stopping threads took: 0.0004504 seconds
[2022-06-13T02:12:47.510+0000][1][safepoint    ] Application time: 0.0033812 seconds
[2022-06-13T02:12:47.510+0000][1][safepoint    ] Entering safepoint region: RevokeBias
[2022-06-13T02:12:47.511+0000][1][safepoint    ] Leaving safepoint region
[2022-06-13T02:12:47.511+0000][1][safepoint    ] Total time for which application threads were stopped: 0.0006747 seconds, Stopping threads took: 0.0003379 seconds
[2022-06-13T02:12:47.512+0000][1][safepoint    ] Application time: 0.0001894 seconds
[2022-06-13T02:12:47.512+0000][1][safepoint    ] Entering safepoint region: RevokeBias
[2022-06-13T02:12:47.512+0000][1][safepoint    ] Leaving safepoint region
[2022-06-13T02:12:47.513+0000][1][safepoint    ] Total time for which application threads were stopped: 0.0007255 seconds, Stopping threads took: 0.0003431 seconds
[2022-06-13T02:12:47.516+0000][1][safepoint    ] Application time: 0.0030490 seconds
[2022-06-13T02:12:47.517+0000][1][safepoint    ] Entering safepoint region: GenCollectForAllocation
[2022-06-13T02:12:47.517+0000][1][gc,start     ] GC(21) Pause Young (Allocation Failure)
[2022-06-13T02:12:47.517+0000][1][gc,task      ] GC(21) Using 5 workers of 13 for evacuation
[2022-06-13T02:12:47.524+0000][1][gc,age       ] GC(21) Desired survivor size 4456448 bytes, new threshold 2 (max threshold 6)
[2022-06-13T02:12:47.525+0000][1][gc,age       ] GC(21) Age table with threshold 2 (max threshold 6)
[2022-06-13T02:12:47.525+0000][1][gc,age       ] GC(21) - age   1:    3739040 bytes,    3739040 total
[2022-06-13T02:12:47.526+0000][1][gc,age       ] GC(21) - age   2:    1436752 bytes,    5175792 total
[2022-06-13T02:12:47.526+0000][1][gc,heap      ] GC(21) ParNew: 77330K->6957K(78656K)
[2022-06-13T02:12:47.526+0000][1][gc,heap      ] GC(21) CMS: 59003K->62139K(174784K)
[2022-06-13T02:12:47.527+0000][1][gc,metaspace ] GC(21) Metaspace: 61466K->61466K(1105920K)
[2022-06-13T02:12:47.527+0000][1][gc           ] GC(21) Pause Young (Allocation Failure) 133M->67M(247M) 10.398ms
[2022-06-13T02:12:47.528+0000][1][gc,cpu       ] GC(21) User=0.04s Sys=0.00s Real=0.01s
[2022-06-13T02:12:47.528+0000][1][safepoint    ] Leaving safepoint region
[2022-06-13T02:12:47.529+0000][1][safepoint    ] Total time for which application threads were stopped: 0.0120899 seconds, Stopping threads took: 0.0003552 seconds
[2022-06-13T02:12:47.577+0000][1][safepoint    ] Application time: 0.0478500 seconds
[2022-06-13T02:12:47.577+0000][1][safepoint    ] Entering safepoint region: RevokeBias
[2022-06-13T02:12:47.578+0000][1][safepoint    ] Leaving safepoint region
[2022-06-13T02:12:47.578+0000][1][safepoint    ] Total time for which application threads were stopped: 0.0009491 seconds, Stopping threads took: 0.0004535 seconds
[2022-06-13T02:12:47.613+0000][1][safepoint    ] Application time: 0.0337989 seconds
[2022-06-13T02:12:47.613+0000][1][safepoint    ] Entering safepoint region: Deoptimize
[2022-06-13T02:12:47.614+0000][1][safepoint    ] Leaving safepoint region
[2022-06-13T02:12:47.615+0000][1][safepoint    ] Total time for which application threads were stopped: 0.0013168 seconds, Stopping threads took: 0.0004829 seconds
[2022-06-13T02:12:47.619+0000][1][safepoint    ] Application time: 0.0039440 seconds
[2022-06-13T02:12:47.620+0000][1][safepoint    ] Entering safepoint region: RevokeBias
[2022-06-13T02:12:47.620+0000][1][safepoint    ] Leaving safepoint region
[2022-06-13T02:12:47.621+0000][1][safepoint    ] Total time for which application threads were stopped: 0.0016627 seconds, Stopping threads took: 0.0004066 seconds
[2022-06-13T02:12:47.622+0000][1][safepoint    ] Application time: 0.0005254 seconds
[2022-06-13T02:12:47.623+0000][1][safepoint    ] Entering safepoint region: BulkRevokeBias
[2022-06-13T02:12:47.623+0000][1][safepoint    ] Leaving safepoint region
[2022-06-13T02:12:47.623+0000][1][safepoint    ] Total time for which application threads were stopped: 0.0006927 seconds, Stopping threads took: 0.0003139 seconds
[2022-06-13T02:12:47.624+0000][1][safepoint    ] Application time: 0.0006508 seconds
[2022-06-13T02:12:47.625+0000][1][safepoint    ] Entering safepoint region: RevokeBias
[2022-06-13T02:12:47.625+0000][1][safepoint    ] Leaving safepoint region
[2022-06-13T02:12:47.626+0000][1][safepoint    ] Total time for which application threads were stopped: 0.0008039 seconds, Stopping threads took: 0.0004076 seconds
[2022-06-13T02:12:47.626+0000][1][safepoint    ] Application time: 0.0004038 seconds
[2022-06-13T02:12:47.626+0000][1][safepoint    ] Entering safepoint region: RevokeBias
[2022-06-13T02:12:47.627+0000][1][safepoint    ] Leaving safepoint region
[2022-06-13T02:12:47.627+0000][1][safepoint    ] Total time for which application threads were stopped: 0.0007687 seconds, Stopping threads took: 0.0003454 seconds
[2022-06-13T02:12:47.628+0000][1][safepoint    ] Application time: 0.0002140 seconds
[2022-06-13T02:12:47.628+0000][1][safepoint    ] Entering safepoint region: RevokeBias
[2022-06-13T02:12:47.629+0000][1][safepoint    ] Leaving safepoint region
[2022-06-13T02:12:47.629+0000][1][safepoint    ] Total time for which application threads were stopped: 0.0007678 seconds, Stopping threads took: 0.0003561 seconds
[2022-06-13T02:12:47.630+0000][1][safepoint    ] Application time: 0.0002284 seconds
[2022-06-13T02:12:47.630+0000][1][safepoint    ] Entering safepoint region: RevokeBias
[2022-06-13T02:12:47.630+0000][1][safepoint    ] Leaving safepoint region
[2022-06-13T02:12:47.631+0000][1][safepoint    ] Total time for which application threads were stopped: 0.0008231 seconds, Stopping threads took: 0.0003102 seconds
[2022-06-13T02:12:47.632+0000][1][safepoint    ] Application time: 0.0003000 seconds
[2022-06-13T02:12:47.632+0000][1][safepoint    ] Entering safepoint region: RevokeBias
[2022-06-13T02:12:47.633+0000][1][safepoint    ] Leaving safepoint region
[2022-06-13T02:12:47.633+0000][1][safepoint    ] Total time for which application threads were stopped: 0.0006225 seconds, Stopping threads took: 0.0003467 seconds
[2022-06-13T02:12:47.633+0000][1][safepoint    ] Application time: 0.0002387 seconds
[2022-06-13T02:12:47.634+0000][1][safepoint    ] Entering safepoint region: RevokeBias
[2022-06-13T02:12:47.634+0000][1][safepoint    ] Leaving safepoint region
[2022-06-13T02:12:47.634+0000][1][safepoint    ] Total time for which application threads were stopped: 0.0007442 seconds, Stopping threads took: 0.0004850 seconds
[2022-06-13T02:12:47.635+0000][1][safepoint    ] Application time: 0.0001530 seconds
[2022-06-13T02:12:47.635+0000][1][safepoint    ] Entering safepoint region: RevokeBias
[2022-06-13T02:12:47.635+0000][1][safepoint    ] Leaving safepoint region
[2022-06-13T02:12:47.636+0000][1][safepoint    ] Total time for which application threads were stopped: 0.0006593 seconds, Stopping threads took: 0.0003669 seconds
[2022-06-13T02:12:47.636+0000][1][safepoint    ] Application time: 0.0001482 seconds
[2022-06-13T02:12:47.637+0000][1][safepoint    ] Entering safepoint region: RevokeBias
[2022-06-13T02:12:47.637+0000][1][safepoint    ] Leaving safepoint region
[2022-06-13T02:12:47.638+0000][1][safepoint    ] Total time for which application threads were stopped: 0.0008559 seconds, Stopping threads took: 0.0004424 seconds
[2022-06-13T02:12:47.639+0000][1][safepoint    ] Application time: 0.0009097 seconds
[2022-06-13T02:12:47.639+0000][1][safepoint    ] Entering safepoint region: RevokeBias
[2022-06-13T02:12:47.640+0000][1][safepoint    ] Leaving safepoint region
[2022-06-13T02:12:47.640+0000][1][safepoint    ] Total time for which application threads were stopped: 0.0006472 seconds, Stopping threads took: 0.0003298 seconds
[2022-06-13T02:12:47.640+0000][1][safepoint    ] Application time: 0.0001626 seconds
[2022-06-13T02:12:47.641+0000][1][safepoint    ] Entering safepoint region: RevokeBias
[2022-06-13T02:12:47.641+0000][1][safepoint    ] Leaving safepoint region
[2022-06-13T02:12:47.641+0000][1][safepoint    ] Total time for which application threads were stopped: 0.0004688 seconds, Stopping threads took: 0.0002425 seconds
[2022-06-13T02:12:47.643+0000][1][safepoint    ] Application time: 0.0015944 seconds
[2022-06-13T02:12:47.643+0000][1][safepoint    ] Entering safepoint region: Deoptimize
[2022-06-13T02:12:47.644+0000][1][safepoint    ] Leaving safepoint region
[2022-06-13T02:12:47.644+0000][1][safepoint    ] Total time for which application threads were stopped: 0.0008249 seconds, Stopping threads took: 0.0002015 seconds
[2022-06-13T02:12:47.645+0000][1][safepoint    ] Application time: 0.0005160 seconds
[2022-06-13T02:12:47.645+0000][1][safepoint    ] Entering safepoint region: RevokeBias
[2022-06-13T02:12:47.645+0000][1][safepoint    ] Leaving safepoint region
[2022-06-13T02:12:47.646+0000][1][safepoint    ] Total time for which application threads were stopped: 0.0004139 seconds, Stopping threads took: 0.0001952 seconds
[2022-06-13T02:12:47.653+0000][1][safepoint    ] Application time: 0.0074938 seconds
[2022-06-13T02:12:47.653+0000][1][safepoint    ] Entering safepoint region: RevokeBias
[2022-06-13T02:12:47.654+0000][1][safepoint    ] Leaving safepoint region
[2022-06-13T02:12:47.654+0000][1][safepoint    ] Total time for which application threads were stopped: 0.0004035 seconds, Stopping threads took: 0.0001930 seconds
[2022-06-13T02:12:47.669+0000][1][safepoint    ] Application time: 0.0146859 seconds
[2022-06-13T02:12:47.669+0000][1][safepoint    ] Entering safepoint region: RevokeBias
[2022-06-13T02:12:47.669+0000][1][safepoint    ] Leaving safepoint region
[2022-06-13T02:12:47.669+0000][1][safepoint    ] Total time for which application threads were stopped: 0.0003655 seconds, Stopping threads took: 0.0001985 seconds
[2022-06-13T02:12:47.670+0000][1][safepoint    ] Application time: 0.0002172 seconds
[2022-06-13T02:12:47.670+0000][1][safepoint    ] Entering safepoint region: RevokeBias
[2022-06-13T02:12:47.670+0000][1][safepoint    ] Leaving safepoint region
[2022-06-13T02:12:47.671+0000][1][safepoint    ] Total time for which application threads were stopped: 0.0005329 seconds, Stopping threads took: 0.0002886 seconds
[2022-06-13T02:12:47.671+0000][1][safepoint    ] Application time: 0.0001666 seconds
[2022-06-13T02:12:47.671+0000][1][safepoint    ] Entering safepoint region: RevokeBias
[2022-06-13T02:12:47.672+0000][1][safepoint    ] Leaving safepoint region
[2022-06-13T02:12:47.672+0000][1][safepoint    ] Total time for which application threads were stopped: 0.0005482 seconds, Stopping threads took: 0.0002170 seconds
[2022-06-13T02:12:47.672+0000][1][safepoint    ] Application time: 0.0001379 seconds
[2022-06-13T02:12:47.673+0000][1][safepoint    ] Entering safepoint region: RevokeBias
[2022-06-13T02:12:47.673+0000][1][safepoint    ] Leaving safepoint region
[2022-06-13T02:12:47.673+0000][1][safepoint    ] Total time for which application threads were stopped: 0.0004517 seconds, Stopping threads took: 0.0002430 seconds
[2022-06-13T02:12:47.674+0000][1][safepoint    ] Application time: 0.0005283 seconds
[2022-06-13T02:12:47.674+0000][1][safepoint    ] Entering safepoint region: RevokeBias
[2022-06-13T02:12:47.674+0000][1][safepoint    ] Leaving safepoint region
[2022-06-13T02:12:47.674+0000][1][safepoint    ] Total time for which application threads were stopped: 0.0002029 seconds, Stopping threads took: 0.0000870 seconds
[2022-06-13T02:12:47.675+0000][1][safepoint    ] Application time: 0.0007228 seconds
[2022-06-13T02:12:47.675+0000][1][safepoint    ] Entering safepoint region: RevokeBias
[2022-06-13T02:12:47.675+0000][1][safepoint    ] Leaving safepoint region
[2022-06-13T02:12:47.675+0000][1][safepoint    ] Total time for which application threads were stopped: 0.0001843 seconds, Stopping threads took: 0.0000897 seconds
[2022-06-13T02:12:47.675+0000][1][safepoint    ] Application time: 0.0000495 seconds
[2022-06-13T02:12:47.675+0000][1][safepoint    ] Entering safepoint region: RevokeBias
[2022-06-13T02:12:47.675+0000][1][safepoint    ] Leaving safepoint region
[2022-06-13T02:12:47.676+0000][1][safepoint    ] Total time for which application threads were stopped: 0.0001799 seconds, Stopping threads took: 0.0000820 seconds
[2022-06-13T02:12:47.677+0000][1][safepoint    ] Application time: 0.0010623 seconds
[2022-06-13T02:12:47.677+0000][1][safepoint    ] Entering safepoint region: RevokeBias
[2022-06-13T02:12:47.677+0000][1][safepoint    ] Leaving safepoint region
[2022-06-13T02:12:47.677+0000][1][safepoint    ] Total time for which application threads were stopped: 0.0002106 seconds, Stopping threads took: 0.0000970 seconds
[2022-06-13T02:12:47.677+0000][1][safepoint    ] Application time: 0.0001211 seconds
[2022-06-13T02:12:47.677+0000][1][safepoint    ] Entering safepoint region: RevokeBias
[2022-06-13T02:12:47.677+0000][1][safepoint    ] Leaving safepoint region
[2022-06-13T02:12:47.678+0000][1][safepoint    ] Total time for which application threads were stopped: 0.0001898 seconds, Stopping threads took: 0.0000908 seconds
[2022-06-13T02:12:47.678+0000][1][safepoint    ] Application time: 0.0002325 seconds
[2022-06-13T02:12:47.678+0000][1][safepoint    ] Entering safepoint region: RevokeBias
[2022-06-13T02:12:47.678+0000][1][safepoint    ] Leaving safepoint region
[2022-06-13T02:12:47.678+0000][1][safepoint    ] Total time for which application threads were stopped: 0.0002542 seconds, Stopping threads took: 0.0001452 seconds
[2022-06-13T02:12:47.679+0000][1][safepoint    ] Application time: 0.0003554 seconds
[2022-06-13T02:12:47.679+0000][1][safepoint    ] Entering safepoint region: RevokeBias
[2022-06-13T02:12:47.679+0000][1][safepoint    ] Leaving safepoint region
[2022-06-13T02:12:47.679+0000][1][safepoint    ] Total time for which application threads were stopped: 0.0002096 seconds, Stopping threads took: 0.0000968 seconds
[2022-06-13T02:12:47.679+0000][1][safepoint    ] Application time: 0.0001774 seconds
[2022-06-13T02:12:47.679+0000][1][safepoint    ] Entering safepoint region: RevokeBias
[2022-06-13T02:12:47.680+0000][1][safepoint    ] Leaving safepoint region
[2022-06-13T02:12:47.680+0000][1][safepoint    ] Total time for which application threads were stopped: 0.0002326 seconds, Stopping threads took: 0.0001229 seconds
[2022-06-13T02:12:47.680+0000][1][safepoint    ] Application time: 0.0001356 seconds
[2022-06-13T02:12:47.680+0000][1][safepoint    ] Entering safepoint region: RevokeBias
[2022-06-13T02:12:47.680+0000][1][safepoint    ] Leaving safepoint region
[2022-06-13T02:12:47.680+0000][1][safepoint    ] Total time for which application threads were stopped: 0.0002031 seconds, Stopping threads took: 0.0001038 seconds
[2022-06-13T02:12:47.680+0000][1][safepoint    ] Application time: 0.0001400 seconds
[2022-06-13T02:12:47.680+0000][1][safepoint    ] Entering safepoint region: RevokeBias
[2022-06-13T02:12:47.681+0000][1][safepoint    ] Leaving safepoint region
[2022-06-13T02:12:47.681+0000][1][safepoint    ] Total time for which application threads were stopped: 0.0002125 seconds, Stopping threads took: 0.0001094 seconds
[2022-06-13T02:12:47.681+0000][1][safepoint    ] Application time: 0.0003359 seconds
[2022-06-13T02:12:47.681+0000][1][safepoint    ] Entering safepoint region: RevokeBias
[2022-06-13T02:12:47.681+0000][1][safepoint    ] Leaving safepoint region
[2022-06-13T02:12:47.681+0000][1][safepoint    ] Total time for which application threads were stopped: 0.0002381 seconds, Stopping threads took: 0.0001079 seconds
[2022-06-13T02:12:47.682+0000][1][safepoint    ] Application time: 0.0001551 seconds
[2022-06-13T02:12:47.682+0000][1][safepoint    ] Entering safepoint region: RevokeBias
[2022-06-13T02:12:47.682+0000][1][safepoint    ] Leaving safepoint region
[2022-06-13T02:12:47.682+0000][1][safepoint    ] Total time for which application threads were stopped: 0.0002082 seconds, Stopping threads took: 0.0001006 seconds
[2022-06-13T02:12:47.682+0000][1][safepoint    ] Application time: 0.0001434 seconds
[2022-06-13T02:12:47.682+0000][1][safepoint    ] Entering safepoint region: RevokeBias
[2022-06-13T02:12:47.682+0000][1][safepoint    ] Leaving safepoint region
[2022-06-13T02:12:47.683+0000][1][safepoint    ] Total time for which application threads were stopped: 0.0001910 seconds, Stopping threads took: 0.0000763 seconds
[2022-06-13T02:12:47.683+0000][1][safepoint    ] Application time: 0.0001551 seconds
[2022-06-13T02:12:47.683+0000][1][safepoint    ] Entering safepoint region: RevokeBias
[2022-06-13T02:12:47.683+0000][1][safepoint    ] Leaving safepoint region
[2022-06-13T02:12:47.683+0000][1][safepoint    ] Total time for which application threads were stopped: 0.0001981 seconds, Stopping threads took: 0.0000933 seconds
[2022-06-13T02:12:47.683+0000][1][safepoint    ] Application time: 0.0001603 seconds
[2022-06-13T02:12:47.683+0000][1][safepoint    ] Entering safepoint region: RevokeBias
[2022-06-13T02:12:47.684+0000][1][safepoint    ] Leaving safepoint region
[2022-06-13T02:12:47.684+0000][1][safepoint    ] Total time for which application threads were stopped: 0.0002261 seconds, Stopping threads took: 0.0001062 seconds
[2022-06-13T02:12:47.684+0000][1][safepoint    ] Application time: 0.0001171 seconds
[2022-06-13T02:12:47.684+0000][1][safepoint    ] Entering safepoint region: RevokeBias
[2022-06-13T02:12:47.684+0000][1][safepoint    ] Leaving safepoint region
[2022-06-13T02:12:47.684+0000][1][safepoint    ] Total time for which application threads were stopped: 0.0002769 seconds, Stopping threads took: 0.0001554 seconds
[2022-06-13T02:12:47.685+0000][1][safepoint    ] Application time: 0.0001879 seconds
[2022-06-13T02:12:47.685+0000][1][safepoint    ] Entering safepoint region: RevokeBias
[2022-06-13T02:12:47.685+0000][1][safepoint    ] Leaving safepoint region
[2022-06-13T02:12:47.685+0000][1][safepoint    ] Total time for which application threads were stopped: 0.0002031 seconds, Stopping threads took: 0.0000960 seconds
[2022-06-13T02:12:47.685+0000][1][safepoint    ] Application time: 0.0002297 seconds
[2022-06-13T02:12:47.685+0000][1][safepoint    ] Entering safepoint region: RevokeBias
[2022-06-13T02:12:47.686+0000][1][safepoint    ] Leaving safepoint region
[2022-06-13T02:12:47.686+0000][1][safepoint    ] Total time for which application threads were stopped: 0.0002886 seconds, Stopping threads took: 0.0001651 seconds
[2022-06-13T02:12:47.686+0000][1][safepoint    ] Application time: 0.0001834 seconds
[2022-06-13T02:12:47.686+0000][1][safepoint    ] Entering safepoint region: RevokeBias
[2022-06-13T02:12:47.686+0000][1][safepoint    ] Leaving safepoint region
[2022-06-13T02:12:47.686+0000][1][safepoint    ] Total time for which application threads were stopped: 0.0002309 seconds, Stopping threads took: 0.0001227 seconds
[2022-06-13T02:12:47.687+0000][1][safepoint    ] Application time: 0.0001682 seconds
[2022-06-13T02:12:47.687+0000][1][safepoint    ] Entering safepoint region: RevokeBias
[2022-06-13T02:12:47.687+0000][1][safepoint    ] Leaving safepoint region
[2022-06-13T02:12:47.687+0000][1][safepoint    ] Total time for which application threads were stopped: 0.0002472 seconds, Stopping threads took: 0.0001395 seconds
[2022-06-13T02:12:47.687+0000][1][safepoint    ] Application time: 0.0001554 seconds
[2022-06-13T02:12:47.687+0000][1][safepoint    ] Entering safepoint region: RevokeBias
[2022-06-13T02:12:47.688+0000][1][safepoint    ] Leaving safepoint region
[2022-06-13T02:12:47.688+0000][1][safepoint    ] Total time for which application threads were stopped: 0.0004536 seconds, Stopping threads took: 0.0001879 seconds
[2022-06-13T02:12:47.688+0000][1][safepoint    ] Application time: 0.0001990 seconds
[2022-06-13T02:12:47.688+0000][1][safepoint    ] Entering safepoint region: RevokeBias
[2022-06-13T02:12:47.688+0000][1][safepoint    ] Leaving safepoint region
[2022-06-13T02:12:47.688+0000][1][safepoint    ] Total time for which application threads were stopped: 0.0002248 seconds, Stopping threads took: 0.0001074 seconds
[2022-06-13T02:12:47.689+0000][1][safepoint    ] Application time: 0.0001705 seconds
[2022-06-13T02:12:47.689+0000][1][safepoint    ] Entering safepoint region: RevokeBias
[2022-06-13T02:12:47.689+0000][1][safepoint    ] Leaving safepoint region
[2022-06-13T02:12:47.689+0000][1][safepoint    ] Total time for which application threads were stopped: 0.0002874 seconds, Stopping threads took: 0.0001408 seconds
[2022-06-13T02:12:47.689+0000][1][safepoint    ] Application time: 0.0001752 seconds
[2022-06-13T02:12:47.690+0000][1][safepoint    ] Entering safepoint region: BulkRevokeBias
[2022-06-13T02:12:47.690+0000][1][safepoint    ] Leaving safepoint region
[2022-06-13T02:12:47.690+0000][1][safepoint    ] Total time for which application threads were stopped: 0.0002915 seconds, Stopping threads took: 0.0001228 seconds
[2022-06-13T02:12:47.690+0000][1][safepoint    ] Application time: 0.0001720 seconds
[2022-06-13T02:12:47.690+0000][1][safepoint    ] Entering safepoint region: BulkRevokeBias
[2022-06-13T02:12:47.690+0000][1][safepoint    ] Leaving safepoint region
[2022-06-13T02:12:47.690+0000][1][safepoint    ] Total time for which application threads were stopped: 0.0002655 seconds, Stopping threads took: 0.0001273 seconds
[2022-06-13T02:12:47.691+0000][1][safepoint    ] Application time: 0.0001313 seconds
[2022-06-13T02:12:47.691+0000][1][safepoint    ] Entering safepoint region: RevokeBias
[2022-06-13T02:12:47.691+0000][1][safepoint    ] Leaving safepoint region
[2022-06-13T02:12:47.691+0000][1][safepoint    ] Total time for which application threads were stopped: 0.0002607 seconds, Stopping threads took: 0.0001464 seconds
[2022-06-13T02:12:47.691+0000][1][safepoint    ] Application time: 0.0001739 seconds
[2022-06-13T02:12:47.691+0000][1][safepoint    ] Entering safepoint region: RevokeBias
[2022-06-13T02:12:47.692+0000][1][safepoint    ] Leaving safepoint region
[2022-06-13T02:12:47.692+0000][1][safepoint    ] Total time for which application threads were stopped: 0.0002050 seconds, Stopping threads took: 0.0001019 seconds
[2022-06-13T02:12:47.692+0000][1][safepoint    ] Application time: 0.0001673 seconds
[2022-06-13T02:12:47.692+0000][1][safepoint    ] Entering safepoint region: RevokeBias
[2022-06-13T02:12:47.692+0000][1][safepoint    ] Leaving safepoint region
[2022-06-13T02:12:47.692+0000][1][safepoint    ] Total time for which application threads were stopped: 0.0002373 seconds, Stopping threads took: 0.0001380 seconds
[2022-06-13T02:12:47.692+0000][1][safepoint    ] Application time: 0.0001156 seconds
[2022-06-13T02:12:47.693+0000][1][safepoint    ] Entering safepoint region: RevokeBias
[2022-06-13T02:12:47.693+0000][1][safepoint    ] Leaving safepoint region
[2022-06-13T02:12:47.693+0000][1][safepoint    ] Total time for which application threads were stopped: 0.0002209 seconds, Stopping threads took: 0.0001114 seconds
[2022-06-13T02:12:47.693+0000][1][safepoint    ] Application time: 0.0001610 seconds
[2022-06-13T02:12:47.693+0000][1][safepoint    ] Entering safepoint region: RevokeBias
[2022-06-13T02:12:47.693+0000][1][safepoint    ] Leaving safepoint region
[2022-06-13T02:12:47.693+0000][1][safepoint    ] Total time for which application threads were stopped: 0.0002362 seconds, Stopping threads took: 0.0001327 seconds
[2022-06-13T02:12:47.694+0000][1][safepoint    ] Application time: 0.0001911 seconds
[2022-06-13T02:12:47.694+0000][1][safepoint    ] Entering safepoint region: RevokeBias
[2022-06-13T02:12:47.694+0000][1][safepoint    ] Leaving safepoint region
[2022-06-13T02:12:47.694+0000][1][safepoint    ] Total time for which application threads were stopped: 0.0003140 seconds, Stopping threads took: 0.0001470 seconds
[2022-06-13T02:12:47.694+0000][1][safepoint    ] Application time: 0.0001399 seconds
[2022-06-13T02:12:47.694+0000][1][safepoint    ] Entering safepoint region: RevokeBias
[2022-06-13T02:12:47.695+0000][1][safepoint    ] Leaving safepoint region
[2022-06-13T02:12:47.695+0000][1][safepoint    ] Total time for which application threads were stopped: 0.0002368 seconds, Stopping threads took: 0.0001320 seconds
[2022-06-13T02:12:47.695+0000][1][safepoint    ] Application time: 0.0001958 seconds
[2022-06-13T02:12:47.695+0000][1][safepoint    ] Entering safepoint region: RevokeBias
[2022-06-13T02:12:47.695+0000][1][safepoint    ] Leaving safepoint region
[2022-06-13T02:12:47.695+0000][1][safepoint    ] Total time for which application threads were stopped: 0.0002333 seconds, Stopping threads took: 0.0001382 seconds
[2022-06-13T02:12:47.696+0000][1][safepoint    ] Application time: 0.0001900 seconds
[2022-06-13T02:12:47.696+0000][1][safepoint    ] Entering safepoint region: RevokeBias
[2022-06-13T02:12:47.696+0000][1][safepoint    ] Leaving safepoint region
[2022-06-13T02:12:47.696+0000][1][safepoint    ] Total time for which application threads were stopped: 0.0002406 seconds, Stopping threads took: 0.0001253 seconds
[2022-06-13T02:12:47.696+0000][1][safepoint    ] Application time: 0.0001580 seconds
[2022-06-13T02:12:47.696+0000][1][safepoint    ] Entering safepoint region: RevokeBias
[2022-06-13T02:12:47.696+0000][1][safepoint    ] Leaving safepoint region
[2022-06-13T02:12:47.697+0000][1][safepoint    ] Total time for which application threads were stopped: 0.0002209 seconds, Stopping threads took: 0.0001103 seconds
[2022-06-13T02:12:47.697+0000][1][safepoint    ] Application time: 0.0001620 seconds
[2022-06-13T02:12:47.697+0000][1][safepoint    ] Entering safepoint region: RevokeBias
[2022-06-13T02:12:47.697+0000][1][safepoint    ] Leaving safepoint region
[2022-06-13T02:12:47.697+0000][1][safepoint    ] Total time for which application threads were stopped: 0.0002621 seconds, Stopping threads took: 0.0001459 seconds
[2022-06-13T02:12:47.697+0000][1][safepoint    ] Application time: 0.0001557 seconds
[2022-06-13T02:12:47.698+0000][1][safepoint    ] Entering safepoint region: RevokeBias
[2022-06-13T02:12:47.698+0000][1][safepoint    ] Leaving safepoint region
[2022-06-13T02:12:47.698+0000][1][safepoint    ] Total time for which application threads were stopped: 0.0002338 seconds, Stopping threads took: 0.0001195 seconds
[2022-06-13T02:12:47.698+0000][1][safepoint    ] Application time: 0.0001067 seconds
[2022-06-13T02:12:47.698+0000][1][safepoint    ] Entering safepoint region: RevokeBias
[2022-06-13T02:12:47.698+0000][1][safepoint    ] Leaving safepoint region
[2022-06-13T02:12:47.698+0000][1][safepoint    ] Total time for which application threads were stopped: 0.0002176 seconds, Stopping threads took: 0.0001306 seconds
[2022-06-13T02:12:47.699+0000][1][safepoint    ] Application time: 0.0001849 seconds
[2022-06-13T02:12:47.699+0000][1][safepoint    ] Entering safepoint region: RevokeBias
[2022-06-13T02:12:47.699+0000][1][safepoint    ] Leaving safepoint region
[2022-06-13T02:12:47.699+0000][1][safepoint    ] Total time for which application threads were stopped: 0.0002038 seconds, Stopping threads took: 0.0001085 seconds
[2022-06-13T02:12:47.700+0000][1][safepoint    ] Application time: 0.0007587 seconds
[2022-06-13T02:12:47.700+0000][1][safepoint    ] Entering safepoint region: RevokeBias
[2022-06-13T02:12:47.700+0000][1][safepoint    ] Leaving safepoint region
[2022-06-13T02:12:47.700+0000][1][safepoint    ] Total time for which application threads were stopped: 0.0001751 seconds, Stopping threads took: 0.0000970 seconds
[2022-06-13T02:12:47.700+0000][1][safepoint    ] Application time: 0.0001614 seconds
[2022-06-13T02:12:47.700+0000][1][safepoint    ] Entering safepoint region: RevokeBias
[2022-06-13T02:12:47.700+0000][1][safepoint    ] Leaving safepoint region
[2022-06-13T02:12:47.700+0000][1][safepoint    ] Total time for which application threads were stopped: 0.0001394 seconds, Stopping threads took: 0.0000666 seconds
[2022-06-13T02:12:47.701+0000][1][safepoint    ] Application time: 0.0009275 seconds
[2022-06-13T02:12:47.702+0000][1][safepoint    ] Entering safepoint region: RevokeBias
[2022-06-13T02:12:47.702+0000][1][safepoint    ] Leaving safepoint region
[2022-06-13T02:12:47.702+0000][1][safepoint    ] Total time for which application threads were stopped: 0.0002108 seconds, Stopping threads took: 0.0001110 seconds
[2022-06-13T02:12:47.703+0000][1][safepoint    ] Application time: 0.0011950 seconds
[2022-06-13T02:12:47.703+0000][1][safepoint    ] Entering safepoint region: RevokeBias
[2022-06-13T02:12:47.703+0000][1][safepoint    ] Leaving safepoint region
[2022-06-13T02:12:47.703+0000][1][safepoint    ] Total time for which application threads were stopped: 0.0002616 seconds, Stopping threads took: 0.0001279 seconds
[2022-06-13T02:12:47.704+0000][1][safepoint    ] Application time: 0.0006499 seconds
[2022-06-13T02:12:47.704+0000][1][safepoint    ] Entering safepoint region: RevokeBias
[2022-06-13T02:12:47.704+0000][1][safepoint    ] Leaving safepoint region
[2022-06-13T02:12:47.704+0000][1][safepoint    ] Total time for which application threads were stopped: 0.0002116 seconds, Stopping threads took: 0.0000991 seconds
[2022-06-13T02:12:47.706+0000][1][safepoint    ] Application time: 0.0018492 seconds
[2022-06-13T02:12:47.707+0000][1][safepoint    ] Entering safepoint region: RevokeBias
[2022-06-13T02:12:47.707+0000][1][safepoint    ] Leaving safepoint region
[2022-06-13T02:12:47.707+0000][1][safepoint    ] Total time for which application threads were stopped: 0.0001628 seconds, Stopping threads took: 0.0000800 seconds
[2022-06-13T02:12:47.707+0000][1][safepoint    ] Application time: 0.0000743 seconds
[2022-06-13T02:12:47.707+0000][1][safepoint    ] Entering safepoint region: RevokeBias
[2022-06-13T02:12:47.707+0000][1][safepoint    ] Leaving safepoint region
[2022-06-13T02:12:47.707+0000][1][safepoint    ] Total time for which application threads were stopped: 0.0001579 seconds, Stopping threads took: 0.0000751 seconds
[2022-06-13T02:12:47.707+0000][1][safepoint    ] Application time: 0.0000618 seconds
[2022-06-13T02:12:47.707+0000][1][safepoint    ] Entering safepoint region: RevokeBias
[2022-06-13T02:12:47.707+0000][1][safepoint    ] Leaving safepoint region
[2022-06-13T02:12:47.708+0000][1][safepoint    ] Total time for which application threads were stopped: 0.0001846 seconds, Stopping threads took: 0.0000921 seconds
[2022-06-13T02:12:47.708+0000][1][safepoint    ] Application time: 0.0005394 seconds
[2022-06-13T02:12:47.708+0000][1][safepoint    ] Entering safepoint region: RevokeBias
[2022-06-13T02:12:47.708+0000][1][safepoint    ] Leaving safepoint region
[2022-06-13T02:12:47.708+0000][1][safepoint    ] Total time for which application threads were stopped: 0.0001498 seconds, Stopping threads took: 0.0000693 seconds
[2022-06-13T02:12:47.709+0000][1][safepoint    ] Application time: 0.0000716 seconds
[2022-06-13T02:12:47.709+0000][1][safepoint    ] Entering safepoint region: RevokeBias
[2022-06-13T02:12:47.709+0000][1][safepoint    ] Leaving safepoint region
[2022-06-13T02:12:47.709+0000][1][safepoint    ] Total time for which application threads were stopped: 0.0001526 seconds, Stopping threads took: 0.0000678 seconds
[2022-06-13T02:12:47.709+0000][1][safepoint    ] Application time: 0.0000508 seconds
[2022-06-13T02:12:47.709+0000][1][safepoint    ] Entering safepoint region: RevokeBias
[2022-06-13T02:12:47.709+0000][1][safepoint    ] Leaving safepoint region
[2022-06-13T02:12:47.709+0000][1][safepoint    ] Total time for which application threads were stopped: 0.0001993 seconds, Stopping threads took: 0.0000694 seconds
[2022-06-13T02:12:47.710+0000][1][safepoint    ] Application time: 0.0003259 seconds
[2022-06-13T02:12:47.710+0000][1][safepoint    ] Entering safepoint region: RevokeBias
[2022-06-13T02:12:47.710+0000][1][safepoint    ] Leaving safepoint region
[2022-06-13T02:12:47.710+0000][1][safepoint    ] Total time for which application threads were stopped: 0.0001885 seconds, Stopping threads took: 0.0000882 seconds
[2022-06-13T02:12:47.710+0000][1][safepoint    ] Application time: 0.0001692 seconds
[2022-06-13T02:12:47.710+0000][1][safepoint    ] Entering safepoint region: RevokeBias
[2022-06-13T02:12:47.710+0000][1][safepoint    ] Leaving safepoint region
[2022-06-13T02:12:47.710+0000][1][safepoint    ] Total time for which application threads were stopped: 0.0001713 seconds, Stopping threads took: 0.0000861 seconds
[2022-06-13T02:12:47.711+0000][1][safepoint    ] Application time: 0.0001787 seconds
[2022-06-13T02:12:47.711+0000][1][safepoint    ] Entering safepoint region: RevokeBias
[2022-06-13T02:12:47.711+0000][1][safepoint    ] Leaving safepoint region
[2022-06-13T02:12:47.711+0000][1][safepoint    ] Total time for which application threads were stopped: 0.0002012 seconds, Stopping threads took: 0.0001036 seconds
[2022-06-13T02:12:47.711+0000][1][safepoint    ] Application time: 0.0003838 seconds
[2022-06-13T02:12:47.712+0000][1][safepoint    ] Entering safepoint region: RevokeBias
[2022-06-13T02:12:47.712+0000][1][safepoint    ] Leaving safepoint region
[2022-06-13T02:12:47.712+0000][1][safepoint    ] Total time for which application threads were stopped: 0.0001786 seconds, Stopping threads took: 0.0000876 seconds
[2022-06-13T02:12:47.712+0000][1][safepoint    ] Application time: 0.0001906 seconds
[2022-06-13T02:12:47.712+0000][1][safepoint    ] Entering safepoint region: RevokeBias
[2022-06-13T02:12:47.712+0000][1][safepoint    ] Leaving safepoint region
[2022-06-13T02:12:47.712+0000][1][safepoint    ] Total time for which application threads were stopped: 0.0002480 seconds, Stopping threads took: 0.0001261 seconds
[2022-06-13T02:12:47.713+0000][1][safepoint    ] Application time: 0.0001865 seconds
[2022-06-13T02:12:47.713+0000][1][safepoint    ] Entering safepoint region: RevokeBias
[2022-06-13T02:12:47.713+0000][1][safepoint    ] Leaving safepoint region
[2022-06-13T02:12:47.713+0000][1][safepoint    ] Total time for which application threads were stopped: 0.0002178 seconds, Stopping threads took: 0.0001005 seconds
[2022-06-13T02:12:47.713+0000][1][safepoint    ] Application time: 0.0003793 seconds
[2022-06-13T02:12:47.714+0000][1][safepoint    ] Entering safepoint region: RevokeBias
[2022-06-13T02:12:47.714+0000][1][safepoint    ] Leaving safepoint region
[2022-06-13T02:12:47.714+0000][1][safepoint    ] Total time for which application threads were stopped: 0.0001916 seconds, Stopping threads took: 0.0000898 seconds
[2022-06-13T02:12:47.714+0000][1][safepoint    ] Application time: 0.0002165 seconds
[2022-06-13T02:12:47.714+0000][1][safepoint    ] Entering safepoint region: RevokeBias
[2022-06-13T02:12:47.714+0000][1][safepoint    ] Leaving safepoint region
[2022-06-13T02:12:47.714+0000][1][safepoint    ] Total time for which application threads were stopped: 0.0001699 seconds, Stopping threads took: 0.0000840 seconds
[2022-06-13T02:12:47.714+0000][1][safepoint    ] Application time: 0.0000906 seconds
[2022-06-13T02:12:47.715+0000][1][safepoint    ] Entering safepoint region: RevokeBias
[2022-06-13T02:12:47.715+0000][1][safepoint    ] Leaving safepoint region
[2022-06-13T02:12:47.715+0000][1][safepoint    ] Total time for which application threads were stopped: 0.0001841 seconds, Stopping threads took: 0.0000959 seconds
[2022-06-13T02:12:47.715+0000][1][safepoint    ] Application time: 0.0004139 seconds
[2022-06-13T02:12:47.715+0000][1][safepoint    ] Entering safepoint region: RevokeBias
[2022-06-13T02:12:47.715+0000][1][safepoint    ] Leaving safepoint region
[2022-06-13T02:12:47.716+0000][1][safepoint    ] Total time for which application threads were stopped: 0.0001939 seconds, Stopping threads took: 0.0000816 seconds
[2022-06-13T02:12:47.717+0000][1][safepoint    ] Application time: 0.0011376 seconds
[2022-06-13T02:12:47.717+0000][1][safepoint    ] Entering safepoint region: RevokeBias
[2022-06-13T02:12:47.717+0000][1][safepoint    ] Leaving safepoint region
[2022-06-13T02:12:47.717+0000][1][safepoint    ] Total time for which application threads were stopped: 0.0002110 seconds, Stopping threads took: 0.0000961 seconds
[2022-06-13T02:12:47.717+0000][1][safepoint    ] Application time: 0.0000254 seconds
[2022-06-13T02:12:47.717+0000][1][safepoint    ] Entering safepoint region: RevokeBias
[2022-06-13T02:12:47.718+0000][1][safepoint    ] Leaving safepoint region
[2022-06-13T02:12:47.718+0000][1][safepoint    ] Total time for which application threads were stopped: 0.0001789 seconds, Stopping threads took: 0.0000779 seconds
[2022-06-13T02:12:47.718+0000][1][safepoint    ] Application time: 0.0001019 seconds
[2022-06-13T02:12:47.718+0000][1][safepoint    ] Entering safepoint region: RevokeBias
[2022-06-13T02:12:47.718+0000][1][safepoint    ] Leaving safepoint region
[2022-06-13T02:12:47.718+0000][1][safepoint    ] Total time for which application threads were stopped: 0.0002595 seconds, Stopping threads took: 0.0001476 seconds
[2022-06-13T02:12:47.718+0000][1][safepoint    ] Application time: 0.0000883 seconds
[2022-06-13T02:12:47.719+0000][1][safepoint    ] Entering safepoint region: RevokeBias
[2022-06-13T02:12:47.719+0000][1][safepoint    ] Leaving safepoint region
[2022-06-13T02:12:47.719+0000][1][safepoint    ] Total time for which application threads were stopped: 0.0004454 seconds, Stopping threads took: 0.0002750 seconds
[2022-06-13T02:12:47.720+0000][1][safepoint    ] Application time: 0.0005039 seconds
[2022-06-13T02:12:47.720+0000][1][safepoint    ] Entering safepoint region: RevokeBias
[2022-06-13T02:12:47.720+0000][1][safepoint    ] Leaving safepoint region
[2022-06-13T02:12:47.720+0000][1][safepoint    ] Total time for which application threads were stopped: 0.0002077 seconds, Stopping threads took: 0.0001096 seconds
[2022-06-13T02:12:47.721+0000][1][gc,heap,exit ] Heap
[2022-06-13T02:12:47.722+0000][1][gc,heap,exit ]  par new generation   total 78656K, used 30165K [0x00000000f0000000, 0x00000000f5550000, 0x00000000f5550000)
[2022-06-13T02:12:47.722+0000][1][gc,heap,exit ]   eden space 69952K,  33% used [0x00000000f0000000, 0x00000000f16aa260, 0x00000000f4450000)
[2022-06-13T02:12:47.722+0000][1][gc,heap,exit ]   from space 8704K,  79% used [0x00000000f4450000, 0x00000000f4b1b448, 0x00000000f4cd0000)
[2022-06-13T02:12:47.722+0000][1][gc,heap,exit ]   to   space 8704K,   0% used [0x00000000f4cd0000, 0x00000000f4cd0000, 0x00000000f5550000)
[2022-06-13T02:12:47.722+0000][1][gc,heap,exit ]  concurrent mark-sweep generation total 174784K, used 62139K [0x00000000f5550000, 0x0000000100000000, 0x0000000100000000)
[2022-06-13T02:12:47.723+0000][1][gc,heap,exit ]  Metaspace       used 63567K, capacity 68328K, committed 68448K, reserved 1107968K
[2022-06-13T02:12:47.723+0000][1][gc,heap,exit ]   class space    used 8641K, capacity 10667K, committed 10716K, reserved 1048576K
[2022-06-13T02:12:47.723+0000][1][safepoint    ] Application time: 0.0029933 seconds
[2022-06-13T02:12:47.723+0000][1][safepoint    ] Entering safepoint region: Exit
