[2022-06-13T03:10:22.050+0000][1][gc] Using Concurrent Mark Sweep
[2022-06-13T03:10:22.051+0000][1][gc,heap,coops] Heap address: 0x00000000f0000000, size: 256 MB, Compressed Oops mode: 32-bit
[2022-06-13T03:10:22.077+0000][1][safepoint    ] Entering safepoint region: EnableBiasedLocking
[2022-06-13T03:10:22.078+0000][1][safepoint    ] Leaving safepoint region
[2022-06-13T03:10:22.078+0000][1][safepoint    ] Total time for which application threads were stopped: 0.0004356 seconds, Stopping threads took: 0.0002521 seconds
[2022-06-13T03:10:22.080+0000][1][safepoint    ] Application time: 0.0017411 seconds
[2022-06-13T03:10:22.080+0000][1][safepoint    ] Entering safepoint region: RevokeBias
[2022-06-13T03:10:22.115+0000][1][safepoint    ] Leaving safepoint region
[2022-06-13T03:10:22.115+0000][1][safepoint    ] Total time for which application threads were stopped: 0.0352237 seconds, Stopping threads took: 0.0348789 seconds
[2022-06-13T03:10:22.123+0000][1][safepoint    ] Application time: 0.0077287 seconds
[2022-06-13T03:10:22.123+0000][1][safepoint    ] Entering safepoint region: Deoptimize
[2022-06-13T03:10:22.124+0000][1][safepoint    ] Leaving safepoint region
[2022-06-13T03:10:22.124+0000][1][safepoint    ] Total time for which application threads were stopped: 0.0003088 seconds, Stopping threads took: 0.0001274 seconds
[2022-06-13T03:10:22.177+0000][1][safepoint    ] Application time: 0.0530225 seconds
[2022-06-13T03:10:22.177+0000][1][safepoint    ] Entering safepoint region: RevokeBias
[2022-06-13T03:10:22.177+0000][1][safepoint    ] Leaving safepoint region
[2022-06-13T03:10:22.178+0000][1][safepoint    ] Total time for which application threads were stopped: 0.0006008 seconds, Stopping threads took: 0.0003768 seconds
[2022-06-13T03:10:22.195+0000][1][safepoint    ] Application time: 0.0165888 seconds
[2022-06-13T03:10:22.195+0000][1][safepoint    ] Entering safepoint region: Deoptimize
[2022-06-13T03:10:22.195+0000][1][safepoint    ] Leaving safepoint region
[2022-06-13T03:10:22.195+0000][1][safepoint    ] Total time for which application threads were stopped: 0.0002786 seconds, Stopping threads took: 0.0001280 seconds
[2022-06-13T03:10:22.352+0000][1][safepoint    ] Application time: 0.1572167 seconds
[2022-06-13T03:10:22.353+0000][1][safepoint    ] Entering safepoint region: Deoptimize
[2022-06-13T03:10:22.353+0000][1][safepoint    ] Leaving safepoint region
[2022-06-13T03:10:22.353+0000][1][safepoint    ] Total time for which application threads were stopped: 0.0003178 seconds, Stopping threads took: 0.0001122 seconds
[2022-06-13T03:10:22.366+0000][1][safepoint    ] Application time: 0.0132368 seconds
[2022-06-13T03:10:22.367+0000][1][safepoint    ] Entering safepoint region: Deoptimize
[2022-06-13T03:10:22.367+0000][1][safepoint    ] Leaving safepoint region
[2022-06-13T03:10:22.367+0000][1][safepoint    ] Total time for which application threads were stopped: 0.0004186 seconds, Stopping threads took: 0.0001919 seconds
[2022-06-13T03:10:22.384+0000][1][safepoint    ] Application time: 0.0173341 seconds
[2022-06-13T03:10:22.385+0000][1][safepoint    ] Entering safepoint region: Deoptimize
[2022-06-13T03:10:22.385+0000][1][safepoint    ] Leaving safepoint region
[2022-06-13T03:10:22.385+0000][1][safepoint    ] Total time for which application threads were stopped: 0.0006025 seconds, Stopping threads took: 0.0003362 seconds
[2022-06-13T03:10:22.394+0000][1][safepoint    ] Application time: 0.0083011 seconds
[2022-06-13T03:10:22.394+0000][1][safepoint    ] Entering safepoint region: Deoptimize
[2022-06-13T03:10:22.395+0000][1][safepoint    ] Leaving safepoint region
[2022-06-13T03:10:22.395+0000][1][safepoint    ] Total time for which application threads were stopped: 0.0007684 seconds, Stopping threads took: 0.0003086 seconds
[2022-06-13T03:10:22.599+0000][1][safepoint    ] Application time: 0.2039186 seconds
[2022-06-13T03:10:22.600+0000][1][safepoint    ] Entering safepoint region: Deoptimize
[2022-06-13T03:10:22.600+0000][1][safepoint    ] Leaving safepoint region
[2022-06-13T03:10:22.601+0000][1][safepoint    ] Total time for which application threads were stopped: 0.0009723 seconds, Stopping threads took: 0.0002551 seconds
[2022-06-13T03:10:22.740+0000][1][safepoint    ] Application time: 0.1385736 seconds
[2022-06-13T03:10:22.740+0000][1][safepoint    ] Entering safepoint region: RevokeBias
[2022-06-13T03:10:22.741+0000][1][safepoint    ] Leaving safepoint region
[2022-06-13T03:10:22.741+0000][1][safepoint    ] Total time for which application threads were stopped: 0.0008628 seconds, Stopping threads took: 0.0003485 seconds
[2022-06-13T03:10:22.802+0000][1][safepoint    ] Application time: 0.0603596 seconds
[2022-06-13T03:10:22.802+0000][1][safepoint    ] Entering safepoint region: Deoptimize
[2022-06-13T03:10:22.802+0000][1][safepoint    ] Leaving safepoint region
[2022-06-13T03:10:22.803+0000][1][safepoint    ] Total time for which application threads were stopped: 0.0007638 seconds, Stopping threads took: 0.0003503 seconds
[2022-06-13T03:10:22.861+0000][1][safepoint    ] Application time: 0.0579018 seconds
[2022-06-13T03:10:22.861+0000][1][safepoint    ] Entering safepoint region: Deoptimize
[2022-06-13T03:10:22.862+0000][1][safepoint    ] Leaving safepoint region
[2022-06-13T03:10:22.862+0000][1][safepoint    ] Total time for which application threads were stopped: 0.0010533 seconds, Stopping threads took: 0.0004511 seconds
[2022-06-13T03:10:22.863+0000][1][safepoint    ] Application time: 0.0001963 seconds
[2022-06-13T03:10:22.863+0000][1][safepoint    ] Entering safepoint region: Deoptimize
[2022-06-13T03:10:22.864+0000][1][safepoint    ] Leaving safepoint region
[2022-06-13T03:10:22.864+0000][1][safepoint    ] Total time for which application threads were stopped: 0.0008337 seconds, Stopping threads took: 0.0003432 seconds
[2022-06-13T03:10:22.879+0000][1][safepoint    ] Application time: 0.0143786 seconds
[2022-06-13T03:10:22.879+0000][1][safepoint    ] Entering safepoint region: Deoptimize
[2022-06-13T03:10:22.880+0000][1][safepoint    ] Leaving safepoint region
[2022-06-13T03:10:22.880+0000][1][safepoint    ] Total time for which application threads were stopped: 0.0010737 seconds, Stopping threads took: 0.0005378 seconds
[2022-06-13T03:10:22.888+0000][1][safepoint    ] Application time: 0.0077535 seconds
[2022-06-13T03:10:22.888+0000][1][safepoint    ] Entering safepoint region: Deoptimize
[2022-06-13T03:10:22.889+0000][1][safepoint    ] Leaving safepoint region
[2022-06-13T03:10:22.889+0000][1][safepoint    ] Total time for which application threads were stopped: 0.0005561 seconds, Stopping threads took: 0.0002282 seconds
[2022-06-13T03:10:22.893+0000][1][safepoint    ] Application time: 0.0041720 seconds
[2022-06-13T03:10:22.894+0000][1][safepoint    ] Entering safepoint region: RevokeBias
[2022-06-13T03:10:22.894+0000][1][safepoint    ] Leaving safepoint region
[2022-06-13T03:10:22.894+0000][1][safepoint    ] Total time for which application threads were stopped: 0.0005206 seconds, Stopping threads took: 0.0002870 seconds
[2022-06-13T03:10:22.894+0000][1][safepoint    ] Application time: 0.0001904 seconds
[2022-06-13T03:10:22.895+0000][1][safepoint    ] Entering safepoint region: RevokeBias
[2022-06-13T03:10:22.895+0000][1][safepoint    ] Leaving safepoint region
[2022-06-13T03:10:22.895+0000][1][safepoint    ] Total time for which application threads were stopped: 0.0004680 seconds, Stopping threads took: 0.0002302 seconds
[2022-06-13T03:10:22.896+0000][1][safepoint    ] Application time: 0.0001790 seconds
[2022-06-13T03:10:22.896+0000][1][safepoint    ] Entering safepoint region: RevokeBias
[2022-06-13T03:10:22.896+0000][1][safepoint    ] Leaving safepoint region
[2022-06-13T03:10:22.897+0000][1][safepoint    ] Total time for which application threads were stopped: 0.0005894 seconds, Stopping threads took: 0.0003338 seconds
[2022-06-13T03:10:22.897+0000][1][safepoint    ] Application time: 0.0001994 seconds
[2022-06-13T03:10:22.897+0000][1][safepoint    ] Entering safepoint region: RevokeBias
[2022-06-13T03:10:22.897+0000][1][safepoint    ] Leaving safepoint region
[2022-06-13T03:10:22.897+0000][1][safepoint    ] Total time for which application threads were stopped: 0.0002240 seconds, Stopping threads took: 0.0001244 seconds
[2022-06-13T03:10:22.901+0000][1][safepoint    ] Application time: 0.0038159 seconds
[2022-06-13T03:10:22.902+0000][1][safepoint    ] Entering safepoint region: Deoptimize
[2022-06-13T03:10:22.902+0000][1][safepoint    ] Leaving safepoint region
[2022-06-13T03:10:22.902+0000][1][safepoint    ] Total time for which application threads were stopped: 0.0004058 seconds, Stopping threads took: 0.0001464 seconds
[2022-06-13T03:10:22.940+0000][1][safepoint    ] Application time: 0.0377897 seconds
[2022-06-13T03:10:22.940+0000][1][safepoint    ] Entering safepoint region: GenCollectForAllocation
[2022-06-13T03:10:22.941+0000][1][gc,start     ] GC(0) Pause Young (Allocation Failure)
[2022-06-13T03:10:22.941+0000][1][gc,task      ] GC(0) Using 5 workers of 13 for evacuation
[2022-06-13T03:10:22.946+0000][1][gc,age       ] GC(0) Desired survivor size 4456448 bytes, new threshold 1 (max threshold 6)
[2022-06-13T03:10:22.946+0000][1][gc,age       ] GC(0) Age table with threshold 1 (max threshold 6)
[2022-06-13T03:10:22.946+0000][1][gc,age       ] GC(0) - age   1:    8208960 bytes,    8208960 total
[2022-06-13T03:10:22.947+0000][1][gc,heap      ] GC(0) ParNew: 69952K->8127K(78656K)
[2022-06-13T03:10:22.947+0000][1][gc,heap      ] GC(0) CMS: 0K->0K(174784K)
[2022-06-13T03:10:22.947+0000][1][gc,metaspace ] GC(0) Metaspace: 12275K->12275K(1060864K)
[2022-06-13T03:10:22.947+0000][1][gc           ] GC(0) Pause Young (Allocation Failure) 68M->7M(247M) 6.573ms
[2022-06-13T03:10:22.947+0000][1][gc,cpu       ] GC(0) User=0.03s Sys=0.01s Real=0.00s
[2022-06-13T03:10:22.947+0000][1][safepoint    ] Leaving safepoint region
[2022-06-13T03:10:22.948+0000][1][safepoint    ] Total time for which application threads were stopped: 0.0074811 seconds, Stopping threads took: 0.0003459 seconds
[2022-06-13T03:10:22.948+0000][1][safepoint    ] Application time: 0.0004417 seconds
[2022-06-13T03:10:22.948+0000][1][safepoint    ] Entering safepoint region: RevokeBias
[2022-06-13T03:10:22.948+0000][1][safepoint    ] Leaving safepoint region
[2022-06-13T03:10:22.949+0000][1][safepoint    ] Total time for which application threads were stopped: 0.0003072 seconds, Stopping threads took: 0.0001615 seconds
[2022-06-13T03:10:22.949+0000][1][safepoint    ] Application time: 0.0001525 seconds
[2022-06-13T03:10:22.949+0000][1][safepoint    ] Entering safepoint region: RevokeBias
[2022-06-13T03:10:22.949+0000][1][safepoint    ] Leaving safepoint region
[2022-06-13T03:10:22.949+0000][1][safepoint    ] Total time for which application threads were stopped: 0.0004582 seconds, Stopping threads took: 0.0002389 seconds
[2022-06-13T03:10:22.950+0000][1][safepoint    ] Application time: 0.0001176 seconds
[2022-06-13T03:10:22.950+0000][1][safepoint    ] Entering safepoint region: RevokeBias
[2022-06-13T03:10:22.950+0000][1][safepoint    ] Leaving safepoint region
[2022-06-13T03:10:22.950+0000][1][safepoint    ] Total time for which application threads were stopped: 0.0003749 seconds, Stopping threads took: 0.0002609 seconds
[2022-06-13T03:10:22.950+0000][1][safepoint    ] Application time: 0.0000825 seconds
[2022-06-13T03:10:22.951+0000][1][safepoint    ] Entering safepoint region: RevokeBias
[2022-06-13T03:10:22.951+0000][1][safepoint    ] Leaving safepoint region
[2022-06-13T03:10:22.951+0000][1][safepoint    ] Total time for which application threads were stopped: 0.0002753 seconds, Stopping threads took: 0.0001471 seconds
[2022-06-13T03:10:22.951+0000][1][safepoint    ] Application time: 0.0000944 seconds
[2022-06-13T03:10:22.951+0000][1][safepoint    ] Entering safepoint region: RevokeBias
[2022-06-13T03:10:22.951+0000][1][safepoint    ] Leaving safepoint region
[2022-06-13T03:10:22.951+0000][1][safepoint    ] Total time for which application threads were stopped: 0.0002006 seconds, Stopping threads took: 0.0000901 seconds
[2022-06-13T03:10:22.952+0000][1][safepoint    ] Application time: 0.0000752 seconds
[2022-06-13T03:10:22.952+0000][1][safepoint    ] Entering safepoint region: RevokeBias
[2022-06-13T03:10:22.952+0000][1][safepoint    ] Leaving safepoint region
[2022-06-13T03:10:22.952+0000][1][safepoint    ] Total time for which application threads were stopped: 0.0001960 seconds, Stopping threads took: 0.0000896 seconds
[2022-06-13T03:10:22.952+0000][1][safepoint    ] Application time: 0.0000820 seconds
[2022-06-13T03:10:22.952+0000][1][safepoint    ] Entering safepoint region: RevokeBias
[2022-06-13T03:10:22.952+0000][1][safepoint    ] Leaving safepoint region
[2022-06-13T03:10:22.952+0000][1][safepoint    ] Total time for which application threads were stopped: 0.0001894 seconds, Stopping threads took: 0.0000819 seconds
[2022-06-13T03:10:22.953+0000][1][safepoint    ] Application time: 0.0000729 seconds
[2022-06-13T03:10:22.953+0000][1][safepoint    ] Entering safepoint region: RevokeBias
[2022-06-13T03:10:22.953+0000][1][safepoint    ] Leaving safepoint region
[2022-06-13T03:10:22.953+0000][1][safepoint    ] Total time for which application threads were stopped: 0.0003598 seconds, Stopping threads took: 0.0000985 seconds
[2022-06-13T03:10:22.953+0000][1][safepoint    ] Application time: 0.0000853 seconds
[2022-06-13T03:10:22.954+0000][1][safepoint    ] Entering safepoint region: RevokeBias
[2022-06-13T03:10:22.954+0000][1][safepoint    ] Leaving safepoint region
[2022-06-13T03:10:22.954+0000][1][safepoint    ] Total time for which application threads were stopped: 0.0003681 seconds, Stopping threads took: 0.0001176 seconds
[2022-06-13T03:10:22.954+0000][1][safepoint    ] Application time: 0.0000550 seconds
[2022-06-13T03:10:22.954+0000][1][safepoint    ] Entering safepoint region: RevokeBias
[2022-06-13T03:10:22.955+0000][1][safepoint    ] Leaving safepoint region
[2022-06-13T03:10:22.955+0000][1][safepoint    ] Total time for which application threads were stopped: 0.0003604 seconds, Stopping threads took: 0.0001815 seconds
[2022-06-13T03:10:22.955+0000][1][safepoint    ] Application time: 0.0000810 seconds
[2022-06-13T03:10:22.955+0000][1][safepoint    ] Entering safepoint region: RevokeBias
[2022-06-13T03:10:22.956+0000][1][safepoint    ] Leaving safepoint region
[2022-06-13T03:10:22.956+0000][1][safepoint    ] Total time for which application threads were stopped: 0.0003422 seconds, Stopping threads took: 0.0002059 seconds
[2022-06-13T03:10:22.956+0000][1][safepoint    ] Application time: 0.0000554 seconds
[2022-06-13T03:10:22.956+0000][1][safepoint    ] Entering safepoint region: RevokeBias
[2022-06-13T03:10:22.956+0000][1][safepoint    ] Leaving safepoint region
[2022-06-13T03:10:22.957+0000][1][safepoint    ] Total time for which application threads were stopped: 0.0004718 seconds, Stopping threads took: 0.0002430 seconds
[2022-06-13T03:10:22.957+0000][1][safepoint    ] Application time: 0.0000668 seconds
[2022-06-13T03:10:22.957+0000][1][safepoint    ] Entering safepoint region: RevokeBias
[2022-06-13T03:10:22.957+0000][1][safepoint    ] Leaving safepoint region
[2022-06-13T03:10:22.957+0000][1][safepoint    ] Total time for which application threads were stopped: 0.0003644 seconds, Stopping threads took: 0.0000983 seconds
[2022-06-13T03:10:22.958+0000][1][safepoint    ] Application time: 0.0000732 seconds
[2022-06-13T03:10:22.958+0000][1][safepoint    ] Entering safepoint region: RevokeBias
[2022-06-13T03:10:22.958+0000][1][safepoint    ] Leaving safepoint region
[2022-06-13T03:10:22.958+0000][1][safepoint    ] Total time for which application threads were stopped: 0.0003076 seconds, Stopping threads took: 0.0001757 seconds
[2022-06-13T03:10:22.958+0000][1][safepoint    ] Application time: 0.0001700 seconds
[2022-06-13T03:10:22.958+0000][1][safepoint    ] Entering safepoint region: RevokeBias
[2022-06-13T03:10:22.959+0000][1][safepoint    ] Leaving safepoint region
[2022-06-13T03:10:22.959+0000][1][safepoint    ] Total time for which application threads were stopped: 0.0003609 seconds, Stopping threads took: 0.0001288 seconds
[2022-06-13T03:10:22.959+0000][1][safepoint    ] Application time: 0.0000952 seconds
[2022-06-13T03:10:22.959+0000][1][safepoint    ] Entering safepoint region: RevokeBias
[2022-06-13T03:10:22.959+0000][1][safepoint    ] Leaving safepoint region
[2022-06-13T03:10:22.960+0000][1][safepoint    ] Total time for which application threads were stopped: 0.0003382 seconds, Stopping threads took: 0.0002231 seconds
[2022-06-13T03:10:22.960+0000][1][safepoint    ] Application time: 0.0000908 seconds
[2022-06-13T03:10:22.960+0000][1][safepoint    ] Entering safepoint region: RevokeBias
[2022-06-13T03:10:22.960+0000][1][safepoint    ] Leaving safepoint region
[2022-06-13T03:10:22.960+0000][1][safepoint    ] Total time for which application threads were stopped: 0.0001862 seconds, Stopping threads took: 0.0000889 seconds
[2022-06-13T03:10:22.960+0000][1][safepoint    ] Application time: 0.0001740 seconds
[2022-06-13T03:10:22.961+0000][1][safepoint    ] Entering safepoint region: RevokeBias
[2022-06-13T03:10:22.961+0000][1][safepoint    ] Leaving safepoint region
[2022-06-13T03:10:22.961+0000][1][safepoint    ] Total time for which application threads were stopped: 0.0002691 seconds, Stopping threads took: 0.0001532 seconds
[2022-06-13T03:10:22.961+0000][1][safepoint    ] Application time: 0.0001912 seconds
[2022-06-13T03:10:22.961+0000][1][safepoint    ] Entering safepoint region: RevokeBias
[2022-06-13T03:10:22.961+0000][1][safepoint    ] Leaving safepoint region
[2022-06-13T03:10:22.962+0000][1][safepoint    ] Total time for which application threads were stopped: 0.0003588 seconds, Stopping threads took: 0.0001585 seconds
[2022-06-13T03:10:22.962+0000][1][safepoint    ] Application time: 0.0000830 seconds
[2022-06-13T03:10:22.962+0000][1][safepoint    ] Entering safepoint region: RevokeBias
[2022-06-13T03:10:22.962+0000][1][safepoint    ] Leaving safepoint region
[2022-06-13T03:10:22.962+0000][1][safepoint    ] Total time for which application threads were stopped: 0.0001910 seconds, Stopping threads took: 0.0000865 seconds
[2022-06-13T03:10:22.962+0000][1][safepoint    ] Application time: 0.0000816 seconds
[2022-06-13T03:10:22.962+0000][1][safepoint    ] Entering safepoint region: RevokeBias
[2022-06-13T03:10:22.962+0000][1][safepoint    ] Leaving safepoint region
[2022-06-13T03:10:22.963+0000][1][safepoint    ] Total time for which application threads were stopped: 0.0002034 seconds, Stopping threads took: 0.0000935 seconds
[2022-06-13T03:10:22.963+0000][1][safepoint    ] Application time: 0.0001006 seconds
[2022-06-13T03:10:22.963+0000][1][safepoint    ] Entering safepoint region: RevokeBias
[2022-06-13T03:10:22.963+0000][1][safepoint    ] Leaving safepoint region
[2022-06-13T03:10:22.963+0000][1][safepoint    ] Total time for which application threads were stopped: 0.0002607 seconds, Stopping threads took: 0.0001508 seconds
[2022-06-13T03:10:22.964+0000][1][safepoint    ] Application time: 0.0002040 seconds
[2022-06-13T03:10:22.964+0000][1][safepoint    ] Entering safepoint region: RevokeBias
[2022-06-13T03:10:22.964+0000][1][safepoint    ] Leaving safepoint region
[2022-06-13T03:10:22.964+0000][1][safepoint    ] Total time for which application threads were stopped: 0.0002441 seconds, Stopping threads took: 0.0001300 seconds
[2022-06-13T03:10:22.964+0000][1][safepoint    ] Application time: 0.0000780 seconds
[2022-06-13T03:10:22.964+0000][1][safepoint    ] Entering safepoint region: RevokeBias
[2022-06-13T03:10:22.964+0000][1][safepoint    ] Leaving safepoint region
[2022-06-13T03:10:22.965+0000][1][safepoint    ] Total time for which application threads were stopped: 0.0001977 seconds, Stopping threads took: 0.0000940 seconds
[2022-06-13T03:10:22.965+0000][1][safepoint    ] Application time: 0.0001093 seconds
[2022-06-13T03:10:22.965+0000][1][safepoint    ] Entering safepoint region: RevokeBias
[2022-06-13T03:10:22.965+0000][1][safepoint    ] Leaving safepoint region
[2022-06-13T03:10:22.965+0000][1][safepoint    ] Total time for which application threads were stopped: 0.0003155 seconds, Stopping threads took: 0.0002050 seconds
[2022-06-13T03:10:22.965+0000][1][safepoint    ] Application time: 0.0001751 seconds
[2022-06-13T03:10:22.966+0000][1][safepoint    ] Entering safepoint region: RevokeBias
[2022-06-13T03:10:22.966+0000][1][safepoint    ] Leaving safepoint region
[2022-06-13T03:10:22.966+0000][1][safepoint    ] Total time for which application threads were stopped: 0.0003075 seconds, Stopping threads took: 0.0001923 seconds
[2022-06-13T03:10:23.101+0000][1][safepoint    ] Application time: 0.1353494 seconds
[2022-06-13T03:10:23.101+0000][1][safepoint    ] Entering safepoint region: Deoptimize
[2022-06-13T03:10:23.102+0000][1][safepoint    ] Leaving safepoint region
[2022-06-13T03:10:23.102+0000][1][safepoint    ] Total time for which application threads were stopped: 0.0006757 seconds, Stopping threads took: 0.0001846 seconds
[2022-06-13T03:10:23.257+0000][1][safepoint    ] Application time: 0.1542927 seconds
[2022-06-13T03:10:23.257+0000][1][safepoint    ] Entering safepoint region: RevokeBias
[2022-06-13T03:10:23.258+0000][1][safepoint    ] Leaving safepoint region
[2022-06-13T03:10:23.258+0000][1][safepoint    ] Total time for which application threads were stopped: 0.0009316 seconds, Stopping threads took: 0.0005294 seconds
[2022-06-13T03:10:23.307+0000][1][safepoint    ] Application time: 0.0487580 seconds
[2022-06-13T03:10:23.308+0000][1][safepoint    ] Entering safepoint region: RevokeBias
[2022-06-13T03:10:23.308+0000][1][safepoint    ] Leaving safepoint region
[2022-06-13T03:10:23.309+0000][1][safepoint    ] Total time for which application threads were stopped: 0.0010461 seconds, Stopping threads took: 0.0005243 seconds
[2022-06-13T03:10:23.312+0000][1][safepoint    ] Application time: 0.0023190 seconds
[2022-06-13T03:10:23.312+0000][1][safepoint    ] Entering safepoint region: RevokeBias
[2022-06-13T03:10:23.313+0000][1][safepoint    ] Leaving safepoint region
[2022-06-13T03:10:23.313+0000][1][safepoint    ] Total time for which application threads were stopped: 0.0009357 seconds, Stopping threads took: 0.0004262 seconds
[2022-06-13T03:10:23.329+0000][1][safepoint    ] Application time: 0.0158642 seconds
[2022-06-13T03:10:23.330+0000][1][safepoint    ] Entering safepoint region: GenCollectForAllocation
[2022-06-13T03:10:23.331+0000][1][gc,start     ] GC(1) Pause Young (Allocation Failure)
[2022-06-13T03:10:23.331+0000][1][gc,task      ] GC(1) Using 5 workers of 13 for evacuation
[2022-06-13T03:10:23.343+0000][1][gc,age       ] GC(1) Desired survivor size 4456448 bytes, new threshold 6 (max threshold 6)
[2022-06-13T03:10:23.344+0000][1][gc,age       ] GC(1) Age table with threshold 6 (max threshold 6)
[2022-06-13T03:10:23.345+0000][1][gc,age       ] GC(1) - age   1:    2023416 bytes,    2023416 total
[2022-06-13T03:10:23.345+0000][1][gc,heap      ] GC(1) ParNew: 78079K->5448K(78656K)
[2022-06-13T03:10:23.346+0000][1][gc,heap      ] GC(1) CMS: 0K->6680K(174784K)
[2022-06-13T03:10:23.346+0000][1][gc,metaspace ] GC(1) Metaspace: 15023K->15023K(1062912K)
[2022-06-13T03:10:23.347+0000][1][gc           ] GC(1) Pause Young (Allocation Failure) 76M->11M(247M) 16.262ms
[2022-06-13T03:10:23.348+0000][1][gc,cpu       ] GC(1) User=0.05s Sys=0.00s Real=0.01s
[2022-06-13T03:10:23.348+0000][1][safepoint    ] Leaving safepoint region
[2022-06-13T03:10:23.349+0000][1][safepoint    ] Total time for which application threads were stopped: 0.0187254 seconds, Stopping threads took: 0.0006871 seconds
[2022-06-13T03:10:23.350+0000][1][safepoint    ] Application time: 0.0005984 seconds
[2022-06-13T03:10:23.350+0000][1][safepoint    ] Entering safepoint region: RevokeBias
[2022-06-13T03:10:23.351+0000][1][safepoint    ] Leaving safepoint region
[2022-06-13T03:10:23.351+0000][1][safepoint    ] Total time for which application threads were stopped: 0.0010461 seconds, Stopping threads took: 0.0003941 seconds
[2022-06-13T03:10:23.353+0000][1][safepoint    ] Application time: 0.0005644 seconds
[2022-06-13T03:10:23.353+0000][1][safepoint    ] Entering safepoint region: RevokeBias
[2022-06-13T03:10:23.354+0000][1][safepoint    ] Leaving safepoint region
[2022-06-13T03:10:23.354+0000][1][safepoint    ] Total time for which application threads were stopped: 0.0009971 seconds, Stopping threads took: 0.0005020 seconds
[2022-06-13T03:10:23.355+0000][1][safepoint    ] Application time: 0.0002683 seconds
[2022-06-13T03:10:23.355+0000][1][safepoint    ] Entering safepoint region: RevokeBias
[2022-06-13T03:10:23.356+0000][1][safepoint    ] Leaving safepoint region
[2022-06-13T03:10:23.356+0000][1][safepoint    ] Total time for which application threads were stopped: 0.0008363 seconds, Stopping threads took: 0.0004070 seconds
[2022-06-13T03:10:23.357+0000][1][safepoint    ] Application time: 0.0001700 seconds
[2022-06-13T03:10:23.357+0000][1][safepoint    ] Entering safepoint region: RevokeBias
[2022-06-13T03:10:23.358+0000][1][safepoint    ] Leaving safepoint region
[2022-06-13T03:10:23.358+0000][1][safepoint    ] Total time for which application threads were stopped: 0.0010026 seconds, Stopping threads took: 0.0004660 seconds
[2022-06-13T03:10:23.359+0000][1][safepoint    ] Application time: 0.0001323 seconds
[2022-06-13T03:10:23.359+0000][1][safepoint    ] Entering safepoint region: RevokeBias
[2022-06-13T03:10:23.359+0000][1][safepoint    ] Leaving safepoint region
[2022-06-13T03:10:23.360+0000][1][safepoint    ] Total time for which application threads were stopped: 0.0005315 seconds, Stopping threads took: 0.0003115 seconds
[2022-06-13T03:10:23.360+0000][1][safepoint    ] Application time: 0.0000927 seconds
[2022-06-13T03:10:23.360+0000][1][safepoint    ] Entering safepoint region: RevokeBias
[2022-06-13T03:10:23.360+0000][1][safepoint    ] Leaving safepoint region
[2022-06-13T03:10:23.360+0000][1][safepoint    ] Total time for which application threads were stopped: 0.0002650 seconds, Stopping threads took: 0.0001334 seconds
[2022-06-13T03:10:23.361+0000][1][safepoint    ] Application time: 0.0000932 seconds
[2022-06-13T03:10:23.361+0000][1][safepoint    ] Entering safepoint region: RevokeBias
[2022-06-13T03:10:23.361+0000][1][safepoint    ] Leaving safepoint region
[2022-06-13T03:10:23.361+0000][1][safepoint    ] Total time for which application threads were stopped: 0.0002391 seconds, Stopping threads took: 0.0001054 seconds
[2022-06-13T03:10:23.361+0000][1][safepoint    ] Application time: 0.0001209 seconds
[2022-06-13T03:10:23.361+0000][1][safepoint    ] Entering safepoint region: RevokeBias
[2022-06-13T03:10:23.362+0000][1][safepoint    ] Leaving safepoint region
[2022-06-13T03:10:23.362+0000][1][safepoint    ] Total time for which application threads were stopped: 0.0004949 seconds, Stopping threads took: 0.0001589 seconds
[2022-06-13T03:10:23.362+0000][1][safepoint    ] Application time: 0.0000809 seconds
[2022-06-13T03:10:23.362+0000][1][safepoint    ] Entering safepoint region: RevokeBias
[2022-06-13T03:10:23.363+0000][1][safepoint    ] Leaving safepoint region
[2022-06-13T03:10:23.363+0000][1][safepoint    ] Total time for which application threads were stopped: 0.0002193 seconds, Stopping threads took: 0.0001112 seconds
[2022-06-13T03:10:23.363+0000][1][safepoint    ] Application time: 0.0000592 seconds
[2022-06-13T03:10:23.363+0000][1][safepoint    ] Entering safepoint region: RevokeBias
[2022-06-13T03:10:23.363+0000][1][safepoint    ] Leaving safepoint region
[2022-06-13T03:10:23.363+0000][1][safepoint    ] Total time for which application threads were stopped: 0.0002812 seconds, Stopping threads took: 0.0001767 seconds
[2022-06-13T03:10:23.363+0000][1][safepoint    ] Application time: 0.0000621 seconds
[2022-06-13T03:10:23.364+0000][1][safepoint    ] Entering safepoint region: BulkRevokeBias
[2022-06-13T03:10:23.364+0000][1][safepoint    ] Leaving safepoint region
[2022-06-13T03:10:23.364+0000][1][safepoint    ] Total time for which application threads were stopped: 0.0002087 seconds, Stopping threads took: 0.0000985 seconds
[2022-06-13T03:10:23.364+0000][1][safepoint    ] Application time: 0.0000591 seconds
[2022-06-13T03:10:23.364+0000][1][safepoint    ] Entering safepoint region: RevokeBias
[2022-06-13T03:10:23.365+0000][1][safepoint    ] Leaving safepoint region
[2022-06-13T03:10:23.365+0000][1][safepoint    ] Total time for which application threads were stopped: 0.0002956 seconds, Stopping threads took: 0.0001881 seconds
[2022-06-13T03:10:23.365+0000][1][safepoint    ] Application time: 0.0001775 seconds
[2022-06-13T03:10:23.365+0000][1][safepoint    ] Entering safepoint region: BulkRevokeBias
[2022-06-13T03:10:23.365+0000][1][safepoint    ] Leaving safepoint region
[2022-06-13T03:10:23.365+0000][1][safepoint    ] Total time for which application threads were stopped: 0.0002323 seconds, Stopping threads took: 0.0001145 seconds
[2022-06-13T03:10:23.437+0000][1][safepoint    ] Application time: 0.0715156 seconds
[2022-06-13T03:10:23.437+0000][1][safepoint    ] Entering safepoint region: GenCollectForAllocation
[2022-06-13T03:10:23.438+0000][1][gc,start     ] GC(2) Pause Young (Allocation Failure)
[2022-06-13T03:10:23.438+0000][1][gc,task      ] GC(2) Using 5 workers of 13 for evacuation
[2022-06-13T03:10:23.441+0000][1][gc,age       ] GC(2) Desired survivor size 4456448 bytes, new threshold 6 (max threshold 6)
[2022-06-13T03:10:23.441+0000][1][gc,age       ] GC(2) Age table with threshold 6 (max threshold 6)
[2022-06-13T03:10:23.441+0000][1][gc,age       ] GC(2) - age   1:    2604648 bytes,    2604648 total
[2022-06-13T03:10:23.442+0000][1][gc,age       ] GC(2) - age   2:    1209248 bytes,    3813896 total
[2022-06-13T03:10:23.442+0000][1][gc,heap      ] GC(2) ParNew: 75400K->4825K(78656K)
[2022-06-13T03:10:23.442+0000][1][gc,heap      ] GC(2) CMS: 6680K->6680K(174784K)
[2022-06-13T03:10:23.442+0000][1][gc,metaspace ] GC(2) Metaspace: 15160K->15160K(1062912K)
[2022-06-13T03:10:23.443+0000][1][gc           ] GC(2) Pause Young (Allocation Failure) 80M->11M(247M) 4.956ms
[2022-06-13T03:10:23.443+0000][1][gc,cpu       ] GC(2) User=0.04s Sys=0.00s Real=0.01s
[2022-06-13T03:10:23.443+0000][1][safepoint    ] Leaving safepoint region
[2022-06-13T03:10:23.444+0000][1][safepoint    ] Total time for which application threads were stopped: 0.0061582 seconds, Stopping threads took: 0.0002234 seconds
[2022-06-13T03:10:23.444+0000][1][safepoint    ] Application time: 0.0002738 seconds
[2022-06-13T03:10:23.444+0000][1][safepoint    ] Entering safepoint region: RevokeBias
[2022-06-13T03:10:23.445+0000][1][safepoint    ] Leaving safepoint region
[2022-06-13T03:10:23.445+0000][1][safepoint    ] Total time for which application threads were stopped: 0.0006376 seconds, Stopping threads took: 0.0001625 seconds
[2022-06-13T03:10:23.446+0000][1][safepoint    ] Application time: 0.0002424 seconds
[2022-06-13T03:10:23.446+0000][1][safepoint    ] Entering safepoint region: RevokeBias
[2022-06-13T03:10:23.446+0000][1][safepoint    ] Leaving safepoint region
[2022-06-13T03:10:23.446+0000][1][safepoint    ] Total time for which application threads were stopped: 0.0005783 seconds, Stopping threads took: 0.0002463 seconds
[2022-06-13T03:10:23.447+0000][1][safepoint    ] Application time: 0.0002824 seconds
[2022-06-13T03:10:23.447+0000][1][safepoint    ] Entering safepoint region: RevokeBias
[2022-06-13T03:10:23.448+0000][1][safepoint    ] Leaving safepoint region
[2022-06-13T03:10:23.448+0000][1][safepoint    ] Total time for which application threads were stopped: 0.0007636 seconds, Stopping threads took: 0.0003840 seconds
[2022-06-13T03:10:23.449+0000][1][safepoint    ] Application time: 0.0001133 seconds
[2022-06-13T03:10:23.449+0000][1][safepoint    ] Entering safepoint region: RevokeBias
[2022-06-13T03:10:23.449+0000][1][safepoint    ] Leaving safepoint region
[2022-06-13T03:10:23.449+0000][1][safepoint    ] Total time for which application threads were stopped: 0.0004319 seconds, Stopping threads took: 0.0002247 seconds
[2022-06-13T03:10:23.450+0000][1][safepoint    ] Application time: 0.0001123 seconds
[2022-06-13T03:10:23.450+0000][1][safepoint    ] Entering safepoint region: RevokeBias
[2022-06-13T03:10:23.450+0000][1][safepoint    ] Leaving safepoint region
[2022-06-13T03:10:23.450+0000][1][safepoint    ] Total time for which application threads were stopped: 0.0003495 seconds, Stopping threads took: 0.0001580 seconds
[2022-06-13T03:10:23.450+0000][1][safepoint    ] Application time: 0.0000859 seconds
[2022-06-13T03:10:23.451+0000][1][safepoint    ] Entering safepoint region: RevokeBias
[2022-06-13T03:10:23.451+0000][1][safepoint    ] Leaving safepoint region
[2022-06-13T03:10:23.451+0000][1][safepoint    ] Total time for which application threads were stopped: 0.0004227 seconds, Stopping threads took: 0.0002205 seconds
[2022-06-13T03:10:23.535+0000][1][safepoint    ] Application time: 0.0840072 seconds
[2022-06-13T03:10:23.535+0000][1][safepoint    ] Entering safepoint region: Deoptimize
[2022-06-13T03:10:23.536+0000][1][safepoint    ] Leaving safepoint region
[2022-06-13T03:10:23.536+0000][1][safepoint    ] Total time for which application threads were stopped: 0.0007532 seconds, Stopping threads took: 0.0002703 seconds
[2022-06-13T03:10:23.537+0000][1][safepoint    ] Application time: 0.0004133 seconds
[2022-06-13T03:10:23.537+0000][1][safepoint    ] Entering safepoint region: Deoptimize
[2022-06-13T03:10:23.538+0000][1][safepoint    ] Leaving safepoint region
[2022-06-13T03:10:23.538+0000][1][safepoint    ] Total time for which application threads were stopped: 0.0008920 seconds, Stopping threads took: 0.0003428 seconds
[2022-06-13T03:10:23.642+0000][1][safepoint    ] Application time: 0.1033954 seconds
[2022-06-13T03:10:23.642+0000][1][safepoint    ] Entering safepoint region: GenCollectForAllocation
[2022-06-13T03:10:23.642+0000][1][gc,start     ] GC(3) Pause Young (Allocation Failure)
[2022-06-13T03:10:23.643+0000][1][gc,task      ] GC(3) Using 5 workers of 13 for evacuation
[2022-06-13T03:10:23.645+0000][1][gc,age       ] GC(3) Desired survivor size 4456448 bytes, new threshold 3 (max threshold 6)
[2022-06-13T03:10:23.645+0000][1][gc,age       ] GC(3) Age table with threshold 3 (max threshold 6)
[2022-06-13T03:10:23.646+0000][1][gc,age       ] GC(3) - age   1:    3234056 bytes,    3234056 total
[2022-06-13T03:10:23.646+0000][1][gc,age       ] GC(3) - age   2:     319464 bytes,    3553520 total
[2022-06-13T03:10:23.646+0000][1][gc,age       ] GC(3) - age   3:    1206232 bytes,    4759752 total
[2022-06-13T03:10:23.646+0000][1][gc,heap      ] GC(3) ParNew: 74777K->6776K(78656K)
[2022-06-13T03:10:23.646+0000][1][gc,heap      ] GC(3) CMS: 6680K->6680K(174784K)
[2022-06-13T03:10:23.646+0000][1][gc,metaspace ] GC(3) Metaspace: 18566K->18566K(1067008K)
[2022-06-13T03:10:23.647+0000][1][gc           ] GC(3) Pause Young (Allocation Failure) 79M->13M(247M) 4.282ms
[2022-06-13T03:10:23.647+0000][1][gc,cpu       ] GC(3) User=0.01s Sys=0.00s Real=0.00s
[2022-06-13T03:10:23.647+0000][1][safepoint    ] Leaving safepoint region
[2022-06-13T03:10:23.647+0000][1][safepoint    ] Total time for which application threads were stopped: 0.0051689 seconds, Stopping threads took: 0.0002630 seconds
[2022-06-13T03:10:23.648+0000][1][safepoint    ] Application time: 0.0002221 seconds
[2022-06-13T03:10:23.648+0000][1][safepoint    ] Entering safepoint region: RevokeBias
[2022-06-13T03:10:23.648+0000][1][safepoint    ] Leaving safepoint region
[2022-06-13T03:10:23.648+0000][1][safepoint    ] Total time for which application threads were stopped: 0.0006033 seconds, Stopping threads took: 0.0003253 seconds
[2022-06-13T03:10:23.649+0000][1][safepoint    ] Application time: 0.0001104 seconds
[2022-06-13T03:10:23.649+0000][1][safepoint    ] Entering safepoint region: RevokeBias
[2022-06-13T03:10:23.649+0000][1][safepoint    ] Leaving safepoint region
[2022-06-13T03:10:23.649+0000][1][safepoint    ] Total time for which application threads were stopped: 0.0005578 seconds, Stopping threads took: 0.0002382 seconds
[2022-06-13T03:10:23.650+0000][1][safepoint    ] Application time: 0.0002090 seconds
[2022-06-13T03:10:23.650+0000][1][safepoint    ] Entering safepoint region: RevokeBias
[2022-06-13T03:10:23.650+0000][1][safepoint    ] Leaving safepoint region
[2022-06-13T03:10:23.650+0000][1][safepoint    ] Total time for which application threads were stopped: 0.0005922 seconds, Stopping threads took: 0.0002921 seconds
[2022-06-13T03:10:23.651+0000][1][safepoint    ] Application time: 0.0001572 seconds
[2022-06-13T03:10:23.651+0000][1][safepoint    ] Entering safepoint region: RevokeBias
[2022-06-13T03:10:23.651+0000][1][safepoint    ] Leaving safepoint region
[2022-06-13T03:10:23.652+0000][1][safepoint    ] Total time for which application threads were stopped: 0.0004159 seconds, Stopping threads took: 0.0002249 seconds
[2022-06-13T03:10:23.652+0000][1][safepoint    ] Application time: 0.0001131 seconds
[2022-06-13T03:10:23.652+0000][1][safepoint    ] Entering safepoint region: RevokeBias
[2022-06-13T03:10:23.653+0000][1][safepoint    ] Leaving safepoint region
[2022-06-13T03:10:23.653+0000][1][safepoint    ] Total time for which application threads were stopped: 0.0007982 seconds, Stopping threads took: 0.0004834 seconds
[2022-06-13T03:10:23.653+0000][1][safepoint    ] Application time: 0.0001596 seconds
[2022-06-13T03:10:23.654+0000][1][safepoint    ] Entering safepoint region: RevokeBias
[2022-06-13T03:10:23.654+0000][1][safepoint    ] Leaving safepoint region
[2022-06-13T03:10:23.654+0000][1][safepoint    ] Total time for which application threads were stopped: 0.0002695 seconds, Stopping threads took: 0.0001461 seconds
[2022-06-13T03:10:23.654+0000][1][safepoint    ] Application time: 0.0000745 seconds
[2022-06-13T03:10:23.654+0000][1][safepoint    ] Entering safepoint region: RevokeBias
[2022-06-13T03:10:23.654+0000][1][safepoint    ] Leaving safepoint region
[2022-06-13T03:10:23.654+0000][1][safepoint    ] Total time for which application threads were stopped: 0.0002732 seconds, Stopping threads took: 0.0001396 seconds
[2022-06-13T03:10:23.655+0000][1][safepoint    ] Application time: 0.0000682 seconds
[2022-06-13T03:10:23.655+0000][1][safepoint    ] Entering safepoint region: RevokeBias
[2022-06-13T03:10:23.655+0000][1][safepoint    ] Leaving safepoint region
[2022-06-13T03:10:23.655+0000][1][safepoint    ] Total time for which application threads were stopped: 0.0002567 seconds, Stopping threads took: 0.0001335 seconds
[2022-06-13T03:10:23.655+0000][1][safepoint    ] Application time: 0.0000913 seconds
[2022-06-13T03:10:23.655+0000][1][safepoint    ] Entering safepoint region: RevokeBias
[2022-06-13T03:10:23.655+0000][1][safepoint    ] Leaving safepoint region
[2022-06-13T03:10:23.656+0000][1][safepoint    ] Total time for which application threads were stopped: 0.0002725 seconds, Stopping threads took: 0.0001175 seconds
[2022-06-13T03:10:23.656+0000][1][safepoint    ] Application time: 0.0000740 seconds
[2022-06-13T03:10:23.656+0000][1][safepoint    ] Entering safepoint region: RevokeBias
[2022-06-13T03:10:23.656+0000][1][safepoint    ] Leaving safepoint region
[2022-06-13T03:10:23.656+0000][1][safepoint    ] Total time for which application threads were stopped: 0.0002681 seconds, Stopping threads took: 0.0001447 seconds
[2022-06-13T03:10:23.656+0000][1][safepoint    ] Application time: 0.0000777 seconds
[2022-06-13T03:10:23.657+0000][1][safepoint    ] Entering safepoint region: RevokeBias
[2022-06-13T03:10:23.657+0000][1][safepoint    ] Leaving safepoint region
[2022-06-13T03:10:23.657+0000][1][safepoint    ] Total time for which application threads were stopped: 0.0003986 seconds, Stopping threads took: 0.0002452 seconds
[2022-06-13T03:10:23.657+0000][1][safepoint    ] Application time: 0.0000694 seconds
[2022-06-13T03:10:23.657+0000][1][safepoint    ] Entering safepoint region: RevokeBias
[2022-06-13T03:10:23.658+0000][1][safepoint    ] Leaving safepoint region
[2022-06-13T03:10:23.658+0000][1][safepoint    ] Total time for which application threads were stopped: 0.0004781 seconds, Stopping threads took: 0.0003009 seconds
[2022-06-13T03:10:23.658+0000][1][safepoint    ] Application time: 0.0000770 seconds
[2022-06-13T03:10:23.658+0000][1][safepoint    ] Entering safepoint region: RevokeBias
[2022-06-13T03:10:23.658+0000][1][safepoint    ] Leaving safepoint region
[2022-06-13T03:10:23.658+0000][1][safepoint    ] Total time for which application threads were stopped: 0.0002695 seconds, Stopping threads took: 0.0001263 seconds
[2022-06-13T03:10:23.659+0000][1][safepoint    ] Application time: 0.0000991 seconds
[2022-06-13T03:10:23.659+0000][1][safepoint    ] Entering safepoint region: RevokeBias
[2022-06-13T03:10:23.659+0000][1][safepoint    ] Leaving safepoint region
[2022-06-13T03:10:23.659+0000][1][safepoint    ] Total time for which application threads were stopped: 0.0003004 seconds, Stopping threads took: 0.0001732 seconds
[2022-06-13T03:10:23.659+0000][1][safepoint    ] Application time: 0.0000660 seconds
[2022-06-13T03:10:23.659+0000][1][safepoint    ] Entering safepoint region: RevokeBias
[2022-06-13T03:10:23.659+0000][1][safepoint    ] Leaving safepoint region
[2022-06-13T03:10:23.660+0000][1][safepoint    ] Total time for which application threads were stopped: 0.0002326 seconds, Stopping threads took: 0.0001157 seconds
[2022-06-13T03:10:23.660+0000][1][safepoint    ] Application time: 0.0000739 seconds
[2022-06-13T03:10:23.660+0000][1][safepoint    ] Entering safepoint region: RevokeBias
[2022-06-13T03:10:23.660+0000][1][safepoint    ] Leaving safepoint region
[2022-06-13T03:10:23.660+0000][1][safepoint    ] Total time for which application threads were stopped: 0.0002231 seconds, Stopping threads took: 0.0001058 seconds
[2022-06-13T03:10:23.660+0000][1][safepoint    ] Application time: 0.0000758 seconds
[2022-06-13T03:10:23.660+0000][1][safepoint    ] Entering safepoint region: RevokeBias
[2022-06-13T03:10:23.660+0000][1][safepoint    ] Leaving safepoint region
[2022-06-13T03:10:23.661+0000][1][safepoint    ] Total time for which application threads were stopped: 0.0002710 seconds, Stopping threads took: 0.0001417 seconds
[2022-06-13T03:10:23.661+0000][1][safepoint    ] Application time: 0.0000950 seconds
[2022-06-13T03:10:23.661+0000][1][safepoint    ] Entering safepoint region: RevokeBias
[2022-06-13T03:10:23.661+0000][1][safepoint    ] Leaving safepoint region
[2022-06-13T03:10:23.661+0000][1][safepoint    ] Total time for which application threads were stopped: 0.0003658 seconds, Stopping threads took: 0.0001127 seconds
[2022-06-13T03:10:23.662+0000][1][safepoint    ] Application time: 0.0000798 seconds
[2022-06-13T03:10:23.662+0000][1][safepoint    ] Entering safepoint region: RevokeBias
[2022-06-13T03:10:23.662+0000][1][safepoint    ] Leaving safepoint region
[2022-06-13T03:10:23.662+0000][1][safepoint    ] Total time for which application threads were stopped: 0.0005440 seconds, Stopping threads took: 0.0002128 seconds
[2022-06-13T03:10:23.663+0000][1][safepoint    ] Application time: 0.0001201 seconds
[2022-06-13T03:10:23.663+0000][1][safepoint    ] Entering safepoint region: RevokeBias
[2022-06-13T03:10:23.663+0000][1][safepoint    ] Leaving safepoint region
[2022-06-13T03:10:23.663+0000][1][safepoint    ] Total time for which application threads were stopped: 0.0004696 seconds, Stopping threads took: 0.0001843 seconds
[2022-06-13T03:10:23.664+0000][1][safepoint    ] Application time: 0.0000703 seconds
[2022-06-13T03:10:23.664+0000][1][safepoint    ] Entering safepoint region: RevokeBias
[2022-06-13T03:10:23.664+0000][1][safepoint    ] Leaving safepoint region
[2022-06-13T03:10:23.664+0000][1][safepoint    ] Total time for which application threads were stopped: 0.0004448 seconds, Stopping threads took: 0.0001610 seconds
[2022-06-13T03:10:23.737+0000][1][safepoint    ] Application time: 0.0722275 seconds
[2022-06-13T03:10:23.737+0000][1][safepoint    ] Entering safepoint region: GenCollectForAllocation
[2022-06-13T03:10:23.737+0000][1][gc,start     ] GC(4) Pause Young (Allocation Failure)
[2022-06-13T03:10:23.738+0000][1][gc,task      ] GC(4) Using 5 workers of 13 for evacuation
[2022-06-13T03:10:23.742+0000][1][gc,age       ] GC(4) Desired survivor size 4456448 bytes, new threshold 2 (max threshold 6)
[2022-06-13T03:10:23.742+0000][1][gc,age       ] GC(4) Age table with threshold 2 (max threshold 6)
[2022-06-13T03:10:23.742+0000][1][gc,age       ] GC(4) - age   1:    1669408 bytes,    1669408 total
[2022-06-13T03:10:23.742+0000][1][gc,age       ] GC(4) - age   2:    3198176 bytes,    4867584 total
[2022-06-13T03:10:23.742+0000][1][gc,age       ] GC(4) - age   3:     318936 bytes,    5186520 total
[2022-06-13T03:10:23.743+0000][1][gc,heap      ] GC(4) ParNew: 76728K->6566K(78656K)
[2022-06-13T03:10:23.743+0000][1][gc,heap      ] GC(4) CMS: 6680K->7876K(174784K)
[2022-06-13T03:10:23.743+0000][1][gc,metaspace ] GC(4) Metaspace: 18834K->18834K(1067008K)
[2022-06-13T03:10:23.743+0000][1][gc           ] GC(4) Pause Young (Allocation Failure) 81M->14M(247M) 5.636ms
[2022-06-13T03:10:23.743+0000][1][gc,cpu       ] GC(4) User=0.04s Sys=0.00s Real=0.01s
[2022-06-13T03:10:23.743+0000][1][safepoint    ] Leaving safepoint region
[2022-06-13T03:10:23.744+0000][1][safepoint    ] Total time for which application threads were stopped: 0.0064261 seconds, Stopping threads took: 0.0001459 seconds
[2022-06-13T03:10:23.744+0000][1][safepoint    ] Application time: 0.0002311 seconds
[2022-06-13T03:10:23.744+0000][1][safepoint    ] Entering safepoint region: RevokeBias
[2022-06-13T03:10:23.744+0000][1][safepoint    ] Leaving safepoint region
[2022-06-13T03:10:23.745+0000][1][safepoint    ] Total time for which application threads were stopped: 0.0003710 seconds, Stopping threads took: 0.0002140 seconds
[2022-06-13T03:10:23.745+0000][1][safepoint    ] Application time: 0.0001036 seconds
[2022-06-13T03:10:23.745+0000][1][safepoint    ] Entering safepoint region: RevokeBias
[2022-06-13T03:10:23.745+0000][1][safepoint    ] Leaving safepoint region
[2022-06-13T03:10:23.745+0000][1][safepoint    ] Total time for which application threads were stopped: 0.0003540 seconds, Stopping threads took: 0.0001449 seconds
[2022-06-13T03:10:23.745+0000][1][safepoint    ] Application time: 0.0001549 seconds
[2022-06-13T03:10:23.746+0000][1][safepoint    ] Entering safepoint region: RevokeBias
[2022-06-13T03:10:23.746+0000][1][safepoint    ] Leaving safepoint region
[2022-06-13T03:10:23.746+0000][1][safepoint    ] Total time for which application threads were stopped: 0.0002965 seconds, Stopping threads took: 0.0001275 seconds
[2022-06-13T03:10:23.746+0000][1][safepoint    ] Application time: 0.0001384 seconds
[2022-06-13T03:10:23.746+0000][1][safepoint    ] Entering safepoint region: RevokeBias
[2022-06-13T03:10:23.747+0000][1][safepoint    ] Leaving safepoint region
[2022-06-13T03:10:23.747+0000][1][safepoint    ] Total time for which application threads were stopped: 0.0002540 seconds, Stopping threads took: 0.0001134 seconds
[2022-06-13T03:10:23.758+0000][1][safepoint    ] Application time: 0.0117185 seconds
[2022-06-13T03:10:23.759+0000][1][safepoint    ] Entering safepoint region: Deoptimize
[2022-06-13T03:10:23.760+0000][1][safepoint    ] Leaving safepoint region
[2022-06-13T03:10:23.760+0000][1][safepoint    ] Total time for which application threads were stopped: 0.0012286 seconds, Stopping threads took: 0.0004793 seconds
[2022-06-13T03:10:23.780+0000][1][safepoint    ] Application time: 0.0195048 seconds
[2022-06-13T03:10:23.780+0000][1][safepoint    ] Entering safepoint region: Deoptimize
[2022-06-13T03:10:23.781+0000][1][safepoint    ] Leaving safepoint region
[2022-06-13T03:10:23.782+0000][1][safepoint    ] Total time for which application threads were stopped: 0.0012800 seconds, Stopping threads took: 0.0004947 seconds
[2022-06-13T03:10:23.843+0000][1][safepoint    ] Application time: 0.0602608 seconds
[2022-06-13T03:10:23.843+0000][1][safepoint    ] Entering safepoint region: GenCollectForAllocation
[2022-06-13T03:10:23.843+0000][1][gc,start     ] GC(5) Pause Young (Allocation Failure)
[2022-06-13T03:10:23.844+0000][1][gc,task      ] GC(5) Using 5 workers of 13 for evacuation
[2022-06-13T03:10:23.848+0000][1][gc,age       ] GC(5) Desired survivor size 4456448 bytes, new threshold 6 (max threshold 6)
[2022-06-13T03:10:23.848+0000][1][gc,age       ] GC(5) Age table with threshold 6 (max threshold 6)
[2022-06-13T03:10:23.849+0000][1][gc,age       ] GC(5) - age   1:    2463616 bytes,    2463616 total
[2022-06-13T03:10:23.849+0000][1][gc,age       ] GC(5) - age   2:     552832 bytes,    3016448 total
[2022-06-13T03:10:23.850+0000][1][gc,heap      ] GC(5) ParNew: 76518K->5957K(78656K)
[2022-06-13T03:10:23.850+0000][1][gc,heap      ] GC(5) CMS: 7876K->11336K(174784K)
[2022-06-13T03:10:23.850+0000][1][gc,metaspace ] GC(5) Metaspace: 19176K->19176K(1067008K)
[2022-06-13T03:10:23.851+0000][1][gc           ] GC(5) Pause Young (Allocation Failure) 82M->16M(247M) 7.402ms
[2022-06-13T03:10:23.851+0000][1][gc,cpu       ] GC(5) User=0.05s Sys=0.00s Real=0.01s
[2022-06-13T03:10:23.851+0000][1][safepoint    ] Leaving safepoint region
[2022-06-13T03:10:23.852+0000][1][safepoint    ] Total time for which application threads were stopped: 0.0085849 seconds, Stopping threads took: 0.0002781 seconds
[2022-06-13T03:10:23.852+0000][1][safepoint    ] Application time: 0.0002449 seconds
[2022-06-13T03:10:23.852+0000][1][safepoint    ] Entering safepoint region: RevokeBias
[2022-06-13T03:10:23.853+0000][1][safepoint    ] Leaving safepoint region
[2022-06-13T03:10:23.853+0000][1][safepoint    ] Total time for which application threads were stopped: 0.0007970 seconds, Stopping threads took: 0.0002742 seconds
[2022-06-13T03:10:23.853+0000][1][safepoint    ] Application time: 0.0001198 seconds
[2022-06-13T03:10:23.854+0000][1][safepoint    ] Entering safepoint region: RevokeBias
[2022-06-13T03:10:23.854+0000][1][safepoint    ] Leaving safepoint region
[2022-06-13T03:10:23.854+0000][1][safepoint    ] Total time for which application threads were stopped: 0.0003803 seconds, Stopping threads took: 0.0002199 seconds
[2022-06-13T03:10:23.854+0000][1][safepoint    ] Application time: 0.0001537 seconds
[2022-06-13T03:10:23.854+0000][1][safepoint    ] Entering safepoint region: RevokeBias
[2022-06-13T03:10:23.855+0000][1][safepoint    ] Leaving safepoint region
[2022-06-13T03:10:23.855+0000][1][safepoint    ] Total time for which application threads were stopped: 0.0003851 seconds, Stopping threads took: 0.0002219 seconds
[2022-06-13T03:10:23.855+0000][1][safepoint    ] Application time: 0.0001054 seconds
[2022-06-13T03:10:23.855+0000][1][safepoint    ] Entering safepoint region: RevokeBias
[2022-06-13T03:10:23.856+0000][1][safepoint    ] Leaving safepoint region
[2022-06-13T03:10:23.856+0000][1][safepoint    ] Total time for which application threads were stopped: 0.0004188 seconds, Stopping threads took: 0.0002605 seconds
[2022-06-13T03:10:23.856+0000][1][safepoint    ] Application time: 0.0000979 seconds
[2022-06-13T03:10:23.856+0000][1][safepoint    ] Entering safepoint region: RevokeBias
[2022-06-13T03:10:23.857+0000][1][safepoint    ] Leaving safepoint region
[2022-06-13T03:10:23.857+0000][1][safepoint    ] Total time for which application threads were stopped: 0.0005954 seconds, Stopping threads took: 0.0002512 seconds
[2022-06-13T03:10:23.857+0000][1][safepoint    ] Application time: 0.0001008 seconds
[2022-06-13T03:10:23.857+0000][1][safepoint    ] Entering safepoint region: RevokeBias
[2022-06-13T03:10:23.858+0000][1][safepoint    ] Leaving safepoint region
[2022-06-13T03:10:23.858+0000][1][safepoint    ] Total time for which application threads were stopped: 0.0003963 seconds, Stopping threads took: 0.0001875 seconds
[2022-06-13T03:10:23.938+0000][1][safepoint    ] Application time: 0.0801775 seconds
[2022-06-13T03:10:23.939+0000][1][safepoint    ] Entering safepoint region: GenCollectForAllocation
[2022-06-13T03:10:23.939+0000][1][gc,start     ] GC(6) Pause Young (Allocation Failure)
[2022-06-13T03:10:23.940+0000][1][gc,task      ] GC(6) Using 5 workers of 13 for evacuation
[2022-06-13T03:10:23.941+0000][1][gc,age       ] GC(6) Desired survivor size 4456448 bytes, new threshold 6 (max threshold 6)
[2022-06-13T03:10:23.942+0000][1][gc,age       ] GC(6) Age table with threshold 6 (max threshold 6)
[2022-06-13T03:10:23.942+0000][1][gc,age       ] GC(6) - age   1:    1411504 bytes,    1411504 total
[2022-06-13T03:10:23.943+0000][1][gc,age       ] GC(6) - age   2:    2195688 bytes,    3607192 total
[2022-06-13T03:10:23.943+0000][1][gc,age       ] GC(6) - age   3:     552832 bytes,    4160024 total
[2022-06-13T03:10:23.943+0000][1][gc,heap      ] GC(6) ParNew: 75909K->4794K(78656K)
[2022-06-13T03:10:23.944+0000][1][gc,heap      ] GC(6) CMS: 11336K->11336K(174784K)
[2022-06-13T03:10:23.944+0000][1][gc,metaspace ] GC(6) Metaspace: 19481K->19481K(1067008K)
[2022-06-13T03:10:23.944+0000][1][gc           ] GC(6) Pause Young (Allocation Failure) 85M->15M(247M) 5.037ms
[2022-06-13T03:10:23.944+0000][1][gc,cpu       ] GC(6) User=0.01s Sys=0.00s Real=0.00s
[2022-06-13T03:10:23.945+0000][1][safepoint    ] Leaving safepoint region
[2022-06-13T03:10:23.945+0000][1][safepoint    ] Total time for which application threads were stopped: 0.0061877 seconds, Stopping threads took: 0.0004399 seconds
[2022-06-13T03:10:23.945+0000][1][safepoint    ] Application time: 0.0002926 seconds
[2022-06-13T03:10:23.946+0000][1][safepoint    ] Entering safepoint region: RevokeBias
[2022-06-13T03:10:23.946+0000][1][safepoint    ] Leaving safepoint region
[2022-06-13T03:10:23.946+0000][1][safepoint    ] Total time for which application threads were stopped: 0.0006823 seconds, Stopping threads took: 0.0003449 seconds
[2022-06-13T03:10:23.947+0000][1][safepoint    ] Application time: 0.0001785 seconds
[2022-06-13T03:10:23.947+0000][1][safepoint    ] Entering safepoint region: BulkRevokeBias
[2022-06-13T03:10:23.947+0000][1][safepoint    ] Leaving safepoint region
[2022-06-13T03:10:23.947+0000][1][safepoint    ] Total time for which application threads were stopped: 0.0004321 seconds, Stopping threads took: 0.0002720 seconds
[2022-06-13T03:10:23.948+0000][1][safepoint    ] Application time: 0.0000771 seconds
[2022-06-13T03:10:23.948+0000][1][safepoint    ] Entering safepoint region: BulkRevokeBias
[2022-06-13T03:10:23.948+0000][1][safepoint    ] Leaving safepoint region
[2022-06-13T03:10:23.948+0000][1][safepoint    ] Total time for which application threads were stopped: 0.0002699 seconds, Stopping threads took: 0.0001206 seconds
[2022-06-13T03:10:24.023+0000][1][safepoint    ] Application time: 0.0747639 seconds
[2022-06-13T03:10:24.023+0000][1][safepoint    ] Entering safepoint region: GenCollectForAllocation
[2022-06-13T03:10:24.024+0000][1][gc,start     ] GC(7) Pause Young (Allocation Failure)
[2022-06-13T03:10:24.024+0000][1][gc,task      ] GC(7) Using 5 workers of 13 for evacuation
[2022-06-13T03:10:24.026+0000][1][gc,age       ] GC(7) Desired survivor size 4456448 bytes, new threshold 4 (max threshold 6)
[2022-06-13T03:10:24.026+0000][1][gc,age       ] GC(7) Age table with threshold 4 (max threshold 6)
[2022-06-13T03:10:24.027+0000][1][gc,age       ] GC(7) - age   1:     701240 bytes,     701240 total
[2022-06-13T03:10:24.027+0000][1][gc,age       ] GC(7) - age   2:    1129520 bytes,    1830760 total
[2022-06-13T03:10:24.028+0000][1][gc,age       ] GC(7) - age   3:    2193680 bytes,    4024440 total
[2022-06-13T03:10:24.028+0000][1][gc,age       ] GC(7) - age   4:     552832 bytes,    4577272 total
[2022-06-13T03:10:24.028+0000][1][gc,heap      ] GC(7) ParNew: 74746K->5684K(78656K)
[2022-06-13T03:10:24.029+0000][1][gc,heap      ] GC(7) CMS: 11336K->11336K(174784K)
[2022-06-13T03:10:24.029+0000][1][gc,metaspace ] GC(7) Metaspace: 20019K->20019K(1067008K)
[2022-06-13T03:10:24.029+0000][1][gc           ] GC(7) Pause Young (Allocation Failure) 84M->16M(247M) 5.802ms
[2022-06-13T03:10:24.030+0000][1][gc,cpu       ] GC(7) User=0.04s Sys=0.00s Real=0.01s
[2022-06-13T03:10:24.030+0000][1][safepoint    ] Leaving safepoint region
[2022-06-13T03:10:24.030+0000][1][safepoint    ] Total time for which application threads were stopped: 0.0071724 seconds, Stopping threads took: 0.0002960 seconds
[2022-06-13T03:10:24.038+0000][1][safepoint    ] Application time: 0.0069423 seconds
[2022-06-13T03:10:24.038+0000][1][safepoint    ] Entering safepoint region: CollectForMetadataAllocation
[2022-06-13T03:10:24.038+0000][1][safepoint    ] Leaving safepoint region
[2022-06-13T03:10:24.038+0000][1][safepoint    ] Total time for which application threads were stopped: 0.0004279 seconds, Stopping threads took: 0.0001345 seconds
[2022-06-13T03:10:24.057+0000][1][safepoint    ] Application time: 0.0180095 seconds
[2022-06-13T03:10:24.057+0000][1][safepoint    ] Entering safepoint region: CollectForMetadataAllocation
[2022-06-13T03:10:24.057+0000][1][safepoint    ] Leaving safepoint region
[2022-06-13T03:10:24.058+0000][1][safepoint    ] Total time for which application threads were stopped: 0.0006487 seconds, Stopping threads took: 0.0001843 seconds
[2022-06-13T03:10:24.107+0000][1][safepoint    ] Application time: 0.0491776 seconds
[2022-06-13T03:10:24.107+0000][1][safepoint    ] Entering safepoint region: GenCollectForAllocation
[2022-06-13T03:10:24.108+0000][1][gc,start     ] GC(8) Pause Young (Allocation Failure)
[2022-06-13T03:10:24.109+0000][1][gc,task      ] GC(8) Using 5 workers of 13 for evacuation
[2022-06-13T03:10:24.111+0000][1][gc,age       ] GC(8) Desired survivor size 4456448 bytes, new threshold 4 (max threshold 6)
[2022-06-13T03:10:24.112+0000][1][gc,age       ] GC(8) Age table with threshold 4 (max threshold 6)
[2022-06-13T03:10:24.112+0000][1][gc,age       ] GC(8) - age   1:     674592 bytes,     674592 total
[2022-06-13T03:10:24.113+0000][1][gc,age       ] GC(8) - age   2:     519584 bytes,    1194176 total
[2022-06-13T03:10:24.114+0000][1][gc,age       ] GC(8) - age   3:    1129424 bytes,    2323600 total
[2022-06-13T03:10:24.114+0000][1][gc,age       ] GC(8) - age   4:    2193392 bytes,    4516992 total
[2022-06-13T03:10:24.115+0000][1][gc,heap      ] GC(8) ParNew: 75636K->6040K(78656K)
[2022-06-13T03:10:24.115+0000][1][gc,heap      ] GC(8) CMS: 11336K->11886K(174784K)
[2022-06-13T03:10:24.116+0000][1][gc,metaspace ] GC(8) Metaspace: 20535K->20535K(1069056K)
[2022-06-13T03:10:24.116+0000][1][gc           ] GC(8) Pause Young (Allocation Failure) 84M->17M(247M) 7.981ms
[2022-06-13T03:10:24.117+0000][1][gc,cpu       ] GC(8) User=0.03s Sys=0.00s Real=0.01s
[2022-06-13T03:10:24.117+0000][1][safepoint    ] Leaving safepoint region
[2022-06-13T03:10:24.118+0000][1][safepoint    ] Total time for which application threads were stopped: 0.0101731 seconds, Stopping threads took: 0.0005728 seconds
[2022-06-13T03:10:24.118+0000][1][safepoint    ] Application time: 0.0002653 seconds
[2022-06-13T03:10:24.119+0000][1][safepoint    ] Entering safepoint region: CMS_Initial_Mark
[2022-06-13T03:10:24.119+0000][1][gc,start     ] GC(9) Pause Initial Mark
[2022-06-13T03:10:24.120+0000][1][gc           ] GC(9) Pause Initial Mark 18M->18M(247M) 1.376ms
[2022-06-13T03:10:24.121+0000][1][gc,cpu       ] GC(9) User=0.01s Sys=0.00s Real=0.01s
[2022-06-13T03:10:24.121+0000][1][safepoint    ] Leaving safepoint region
[2022-06-13T03:10:24.122+0000][1][safepoint    ] Total time for which application threads were stopped: 0.0034210 seconds, Stopping threads took: 0.0004134 seconds
[2022-06-13T03:10:24.123+0000][1][gc           ] GC(9) Concurrent Mark
[2022-06-13T03:10:24.124+0000][1][gc,task      ] GC(9) Using 4 workers of 4 for marking
[2022-06-13T03:10:24.129+0000][1][gc           ] GC(9) Concurrent Mark 6.814ms
[2022-06-13T03:10:24.130+0000][1][gc,cpu       ] GC(9) User=0.06s Sys=0.00s Real=0.01s
[2022-06-13T03:10:24.131+0000][1][gc           ] GC(9) Concurrent Preclean
[2022-06-13T03:10:24.132+0000][1][gc           ] GC(9) Concurrent Preclean 1.179ms
[2022-06-13T03:10:24.132+0000][1][gc,cpu       ] GC(9) User=0.00s Sys=0.00s Real=0.00s
[2022-06-13T03:10:24.133+0000][1][gc           ] GC(9) Concurrent Abortable Preclean
[2022-06-13T03:10:24.173+0000][1][safepoint    ] Application time: 0.0501512 seconds
[2022-06-13T03:10:24.173+0000][1][safepoint    ] Entering safepoint region: GenCollectForAllocation
[2022-06-13T03:10:24.174+0000][1][gc,start     ] GC(10) Pause Young (Allocation Failure)
[2022-06-13T03:10:24.175+0000][1][gc,task      ] GC(10) Using 5 workers of 13 for evacuation
[2022-06-13T03:10:24.178+0000][1][gc,age       ] GC(10) Desired survivor size 4456448 bytes, new threshold 6 (max threshold 6)
[2022-06-13T03:10:24.178+0000][1][gc,age       ] GC(10) Age table with threshold 6 (max threshold 6)
[2022-06-13T03:10:24.179+0000][1][gc,age       ] GC(10) - age   1:     935352 bytes,     935352 total
[2022-06-13T03:10:24.180+0000][1][gc,age       ] GC(10) - age   2:     475904 bytes,    1411256 total
[2022-06-13T03:10:24.180+0000][1][gc,age       ] GC(10) - age   3:     519464 bytes,    1930720 total
[2022-06-13T03:10:24.181+0000][1][gc,age       ] GC(10) - age   4:    1129424 bytes,    3060144 total
[2022-06-13T03:10:24.181+0000][1][gc,heap      ] GC(10) ParNew: 75992K->5411K(78656K)
[2022-06-13T03:10:24.182+0000][1][gc,heap      ] GC(10) CMS: 11886K->14042K(174784K)
[2022-06-13T03:10:24.182+0000][1][gc,metaspace ] GC(10) Metaspace: 20640K->20640K(1069056K)
[2022-06-13T03:10:24.183+0000][1][gc           ] GC(10) Pause Young (Allocation Failure) 85M->18M(247M) 8.867ms
[2022-06-13T03:10:24.183+0000][1][gc,cpu       ] GC(10) User=0.03s Sys=0.00s Real=0.01s
[2022-06-13T03:10:24.184+0000][1][safepoint    ] Leaving safepoint region
[2022-06-13T03:10:24.184+0000][1][safepoint    ] Total time for which application threads were stopped: 0.0110606 seconds, Stopping threads took: 0.0005864 seconds
[2022-06-13T03:10:24.245+0000][1][safepoint    ] Application time: 0.0596240 seconds
[2022-06-13T03:10:24.245+0000][1][safepoint    ] Entering safepoint region: GenCollectForAllocation
[2022-06-13T03:10:24.246+0000][1][gc,start     ] GC(11) Pause Young (Allocation Failure)
[2022-06-13T03:10:24.246+0000][1][gc,task      ] GC(11) Using 5 workers of 13 for evacuation
[2022-06-13T03:10:24.250+0000][1][gc,age       ] GC(11) Desired survivor size 4456448 bytes, new threshold 6 (max threshold 6)
[2022-06-13T03:10:24.250+0000][1][gc,age       ] GC(11) Age table with threshold 6 (max threshold 6)
[2022-06-13T03:10:24.250+0000][1][gc,age       ] GC(11) - age   1:    1879288 bytes,    1879288 total
[2022-06-13T03:10:24.251+0000][1][gc,age       ] GC(11) - age   2:      98864 bytes,    1978152 total
[2022-06-13T03:10:24.251+0000][1][gc,age       ] GC(11) - age   3:     475904 bytes,    2454056 total
[2022-06-13T03:10:24.252+0000][1][gc,age       ] GC(11) - age   4:     519312 bytes,    2973368 total
[2022-06-13T03:10:24.252+0000][1][gc,age       ] GC(11) - age   5:    1129136 bytes,    4102504 total
[2022-06-13T03:10:24.252+0000][1][gc,heap      ] GC(11) ParNew: 75363K->5379K(78656K)
[2022-06-13T03:10:24.253+0000][1][gc,heap      ] GC(11) CMS: 14042K->14042K(174784K)
[2022-06-13T03:10:24.253+0000][1][gc,metaspace ] GC(11) Metaspace: 20720K->20720K(1069056K)
[2022-06-13T03:10:24.253+0000][1][gc           ] GC(11) Pause Young (Allocation Failure) 87M->18M(247M) 7.557ms
[2022-06-13T03:10:24.254+0000][1][gc,cpu       ] GC(11) User=0.02s Sys=0.00s Real=0.01s
[2022-06-13T03:10:24.254+0000][1][safepoint    ] Leaving safepoint region
[2022-06-13T03:10:24.255+0000][1][safepoint    ] Total time for which application threads were stopped: 0.0092486 seconds, Stopping threads took: 0.0004485 seconds
[2022-06-13T03:10:24.281+0000][1][safepoint    ] Application time: 0.0263570 seconds
[2022-06-13T03:10:24.282+0000][1][safepoint    ] Entering safepoint region: CollectForMetadataAllocation
[2022-06-13T03:10:24.282+0000][1][safepoint    ] Leaving safepoint region
[2022-06-13T03:10:24.283+0000][1][safepoint    ] Total time for which application threads were stopped: 0.0009839 seconds, Stopping threads took: 0.0004557 seconds
[2022-06-13T03:10:24.283+0000][1][gc           ] GC(9) Concurrent Abortable Preclean 150.498ms
[2022-06-13T03:10:24.284+0000][1][gc,cpu       ] GC(9) User=0.42s Sys=0.02s Real=0.15s
[2022-06-13T03:10:24.284+0000][1][safepoint    ] Application time: 0.0008910 seconds
[2022-06-13T03:10:24.285+0000][1][safepoint    ] Entering safepoint region: CMS_Final_Remark
[2022-06-13T03:10:24.285+0000][1][gc,start     ] GC(9) Pause Remark
[2022-06-13T03:10:24.292+0000][1][gc           ] GC(9) Pause Remark 55M->55M(247M) 7.347ms
[2022-06-13T03:10:24.293+0000][1][gc,cpu       ] GC(9) User=0.02s Sys=0.00s Real=0.01s
[2022-06-13T03:10:24.293+0000][1][safepoint    ] Leaving safepoint region
[2022-06-13T03:10:24.294+0000][1][safepoint    ] Total time for which application threads were stopped: 0.0090126 seconds, Stopping threads took: 0.0004868 seconds
[2022-06-13T03:10:24.294+0000][1][gc           ] GC(9) Concurrent Sweep
[2022-06-13T03:10:24.297+0000][1][gc           ] GC(9) Concurrent Sweep 2.875ms
[2022-06-13T03:10:24.297+0000][1][gc,cpu       ] GC(9) User=0.00s Sys=0.00s Real=0.00s
[2022-06-13T03:10:24.298+0000][1][gc           ] GC(9) Concurrent Reset
[2022-06-13T03:10:24.298+0000][1][gc           ] GC(9) Concurrent Reset 0.546ms
[2022-06-13T03:10:24.299+0000][1][gc,cpu       ] GC(9) User=0.01s Sys=0.00s Real=0.00s
[2022-06-13T03:10:24.299+0000][1][gc,heap      ] GC(9) Old: 11886K->14016K(174784K)
[2022-06-13T03:10:24.300+0000][1][safepoint    ] Application time: 0.0063028 seconds
[2022-06-13T03:10:24.301+0000][1][safepoint    ] Entering safepoint region: Deoptimize
[2022-06-13T03:10:24.302+0000][1][safepoint    ] Leaving safepoint region
[2022-06-13T03:10:24.302+0000][1][safepoint    ] Total time for which application threads were stopped: 0.0013251 seconds, Stopping threads took: 0.0004307 seconds
[2022-06-13T03:10:24.496+0000][1][safepoint    ] Application time: 0.1932051 seconds
[2022-06-13T03:10:24.496+0000][1][safepoint    ] Entering safepoint region: Deoptimize
[2022-06-13T03:10:24.497+0000][1][safepoint    ] Leaving safepoint region
[2022-06-13T03:10:24.497+0000][1][safepoint    ] Total time for which application threads were stopped: 0.0010367 seconds, Stopping threads took: 0.0002510 seconds
[2022-06-13T03:10:24.498+0000][1][safepoint    ] Application time: 0.0004497 seconds
[2022-06-13T03:10:24.498+0000][1][safepoint    ] Entering safepoint region: Deoptimize
[2022-06-13T03:10:24.499+0000][1][safepoint    ] Leaving safepoint region
[2022-06-13T03:10:24.499+0000][1][safepoint    ] Total time for which application threads were stopped: 0.0008406 seconds, Stopping threads took: 0.0002526 seconds
[2022-06-13T03:10:24.506+0000][1][safepoint    ] Application time: 0.0069942 seconds
[2022-06-13T03:10:24.506+0000][1][safepoint    ] Entering safepoint region: Deoptimize
[2022-06-13T03:10:24.507+0000][1][safepoint    ] Leaving safepoint region
[2022-06-13T03:10:24.507+0000][1][safepoint    ] Total time for which application threads were stopped: 0.0009006 seconds, Stopping threads took: 0.0003731 seconds
[2022-06-13T03:10:24.510+0000][1][safepoint    ] Application time: 0.0023614 seconds
[2022-06-13T03:10:24.510+0000][1][safepoint    ] Entering safepoint region: Deoptimize
[2022-06-13T03:10:24.511+0000][1][safepoint    ] Leaving safepoint region
[2022-06-13T03:10:24.511+0000][1][safepoint    ] Total time for which application threads were stopped: 0.0007217 seconds, Stopping threads took: 0.0002003 seconds
[2022-06-13T03:10:24.554+0000][1][safepoint    ] Application time: 0.0423776 seconds
[2022-06-13T03:10:24.554+0000][1][safepoint    ] Entering safepoint region: GenCollectForAllocation
[2022-06-13T03:10:24.554+0000][1][gc,start     ] GC(12) Pause Young (Allocation Failure)
[2022-06-13T03:10:24.555+0000][1][gc,task      ] GC(12) Using 5 workers of 13 for evacuation
[2022-06-13T03:10:24.558+0000][1][gc,age       ] GC(12) Desired survivor size 4456448 bytes, new threshold 5 (max threshold 6)
[2022-06-13T03:10:24.558+0000][1][gc,age       ] GC(12) Age table with threshold 5 (max threshold 6)
[2022-06-13T03:10:24.559+0000][1][gc,age       ] GC(12) - age   1:    3409512 bytes,    3409512 total
[2022-06-13T03:10:24.559+0000][1][gc,age       ] GC(12) - age   2:     344944 bytes,    3754456 total
[2022-06-13T03:10:24.560+0000][1][gc,age       ] GC(12) - age   3:      98600 bytes,    3853056 total
[2022-06-13T03:10:24.560+0000][1][gc,age       ] GC(12) - age   4:     475488 bytes,    4328544 total
[2022-06-13T03:10:24.560+0000][1][gc,age       ] GC(12) - age   5:     514368 bytes,    4842912 total
[2022-06-13T03:10:24.561+0000][1][gc,age       ] GC(12) - age   6:    1128800 bytes,    5971712 total
[2022-06-13T03:10:24.561+0000][1][gc,heap      ] GC(12) ParNew: 75331K->7775K(78656K)
[2022-06-13T03:10:24.561+0000][1][gc,heap      ] GC(12) CMS: 14016K->14016K(174784K)
[2022-06-13T03:10:24.562+0000][1][gc,metaspace ] GC(12) Metaspace: 26482K->26482K(1073152K)
[2022-06-13T03:10:24.562+0000][1][gc           ] GC(12) Pause Young (Allocation Failure) 87M->21M(247M) 7.888ms
[2022-06-13T03:10:24.563+0000][1][gc,cpu       ] GC(12) User=0.03s Sys=0.01s Real=0.01s
[2022-06-13T03:10:24.563+0000][1][safepoint    ] Leaving safepoint region
[2022-06-13T03:10:24.563+0000][1][safepoint    ] Total time for which application threads were stopped: 0.0093427 seconds, Stopping threads took: 0.0002750 seconds
[2022-06-13T03:10:24.698+0000][1][safepoint    ] Application time: 0.1340673 seconds
[2022-06-13T03:10:24.698+0000][1][safepoint    ] Entering safepoint region: RevokeBias
[2022-06-13T03:10:24.699+0000][1][safepoint    ] Leaving safepoint region
[2022-06-13T03:10:24.699+0000][1][safepoint    ] Total time for which application threads were stopped: 0.0008018 seconds, Stopping threads took: 0.0003583 seconds
[2022-06-13T03:10:24.943+0000][1][safepoint    ] Application time: 0.2434115 seconds
[2022-06-13T03:10:24.943+0000][1][safepoint    ] Entering safepoint region: GenCollectForAllocation
[2022-06-13T03:10:24.943+0000][1][gc,start     ] GC(13) Pause Young (Allocation Failure)
[2022-06-13T03:10:24.943+0000][1][gc,task      ] GC(13) Using 5 workers of 13 for evacuation
[2022-06-13T03:10:24.958+0000][1][gc,age       ] GC(13) Desired survivor size 4456448 bytes, new threshold 1 (max threshold 6)
[2022-06-13T03:10:24.958+0000][1][gc,age       ] GC(13) Age table with threshold 1 (max threshold 6)
[2022-06-13T03:10:24.959+0000][1][gc,age       ] GC(13) - age   1:    4883272 bytes,    4883272 total
[2022-06-13T03:10:24.959+0000][1][gc,age       ] GC(13) - age   2:    3143360 bytes,    8026632 total
[2022-06-13T03:10:24.959+0000][1][gc,age       ] GC(13) - age   3:     344744 bytes,    8371376 total
[2022-06-13T03:10:24.959+0000][1][gc,age       ] GC(13) - age   4:      98568 bytes,    8469944 total
[2022-06-13T03:10:24.959+0000][1][gc,age       ] GC(13) - age   5:     475488 bytes,    8945432 total
[2022-06-13T03:10:24.959+0000][1][gc,heap      ] GC(13) ParNew: 77727K->8704K(78656K)
[2022-06-13T03:10:24.959+0000][1][gc,heap      ] GC(13) CMS: 14016K->26283K(174784K)
[2022-06-13T03:10:24.960+0000][1][gc,metaspace ] GC(13) Metaspace: 27156K->27156K(1075200K)
[2022-06-13T03:10:24.960+0000][1][gc           ] GC(13) Pause Young (Allocation Failure) 89M->34M(247M) 16.463ms
[2022-06-13T03:10:24.960+0000][1][gc,cpu       ] GC(13) User=0.19s Sys=0.00s Real=0.02s
[2022-06-13T03:10:24.960+0000][1][safepoint    ] Leaving safepoint region
[2022-06-13T03:10:24.960+0000][1][safepoint    ] Total time for which application threads were stopped: 0.0171464 seconds, Stopping threads took: 0.0002051 seconds
[2022-06-13T03:10:25.000+0000][1][safepoint    ] Application time: 0.0396495 seconds
[2022-06-13T03:10:25.000+0000][1][safepoint    ] Entering safepoint region: Deoptimize
[2022-06-13T03:10:25.001+0000][1][safepoint    ] Leaving safepoint region
[2022-06-13T03:10:25.001+0000][1][safepoint    ] Total time for which application threads were stopped: 0.0006839 seconds, Stopping threads took: 0.0001379 seconds
[2022-06-13T03:10:25.191+0000][1][safepoint    ] Application time: 0.1898568 seconds
[2022-06-13T03:10:25.191+0000][1][safepoint    ] Entering safepoint region: GenCollectForAllocation
[2022-06-13T03:10:25.192+0000][1][gc,start     ] GC(14) Pause Young (Allocation Failure)
[2022-06-13T03:10:25.192+0000][1][gc,task      ] GC(14) Using 5 workers of 13 for evacuation
[2022-06-13T03:10:25.209+0000][1][gc,age       ] GC(14) Desired survivor size 4456448 bytes, new threshold 1 (max threshold 6)
[2022-06-13T03:10:25.209+0000][1][gc,age       ] GC(14) Age table with threshold 1 (max threshold 6)
[2022-06-13T03:10:25.210+0000][1][gc,age       ] GC(14) - age   1:    8912744 bytes,    8912744 total
[2022-06-13T03:10:25.210+0000][1][gc,heap      ] GC(14) ParNew: 78656K->8704K(78656K)
[2022-06-13T03:10:25.211+0000][1][gc,heap      ] GC(14) CMS: 26283K->39189K(174784K)
[2022-06-13T03:10:25.211+0000][1][gc,metaspace ] GC(14) Metaspace: 27292K->27292K(1075200K)
[2022-06-13T03:10:25.212+0000][1][gc           ] GC(14) Pause Young (Allocation Failure) 102M->46M(247M) 19.940ms
[2022-06-13T03:10:25.212+0000][1][gc,cpu       ] GC(14) User=0.12s Sys=0.00s Real=0.02s
[2022-06-13T03:10:25.212+0000][1][safepoint    ] Leaving safepoint region
[2022-06-13T03:10:25.213+0000][1][safepoint    ] Total time for which application threads were stopped: 0.0217644 seconds, Stopping threads took: 0.0003569 seconds
[2022-06-13T03:10:25.330+0000][1][safepoint    ] Application time: 0.1168469 seconds
[2022-06-13T03:10:25.331+0000][1][safepoint    ] Entering safepoint region: RevokeBias
[2022-06-13T03:10:25.331+0000][1][safepoint    ] Leaving safepoint region
[2022-06-13T03:10:25.331+0000][1][safepoint    ] Total time for which application threads were stopped: 0.0006349 seconds, Stopping threads took: 0.0002732 seconds
[2022-06-13T03:10:25.464+0000][1][safepoint    ] Application time: 0.1323382 seconds
[2022-06-13T03:10:25.464+0000][1][safepoint    ] Entering safepoint region: RevokeBias
[2022-06-13T03:10:25.465+0000][1][safepoint    ] Leaving safepoint region
[2022-06-13T03:10:25.466+0000][1][safepoint    ] Total time for which application threads were stopped: 0.0012629 seconds, Stopping threads took: 0.0004234 seconds
[2022-06-13T03:10:25.468+0000][1][safepoint    ] Application time: 0.0018094 seconds
[2022-06-13T03:10:25.468+0000][1][safepoint    ] Entering safepoint region: RevokeBias
[2022-06-13T03:10:25.468+0000][1][safepoint    ] Leaving safepoint region
[2022-06-13T03:10:25.469+0000][1][safepoint    ] Total time for which application threads were stopped: 0.0005605 seconds, Stopping threads took: 0.0001841 seconds
[2022-06-13T03:10:25.580+0000][1][safepoint    ] Application time: 0.1110369 seconds
[2022-06-13T03:10:25.581+0000][1][safepoint    ] Entering safepoint region: GenCollectForAllocation
[2022-06-13T03:10:25.581+0000][1][gc,start     ] GC(15) Pause Young (Allocation Failure)
[2022-06-13T03:10:25.581+0000][1][gc,task      ] GC(15) Using 5 workers of 13 for evacuation
[2022-06-13T03:10:25.592+0000][1][gc,age       ] GC(15) Desired survivor size 4456448 bytes, new threshold 1 (max threshold 6)
[2022-06-13T03:10:25.593+0000][1][gc,age       ] GC(15) Age table with threshold 1 (max threshold 6)
[2022-06-13T03:10:25.593+0000][1][gc,age       ] GC(15) - age   1:    6647088 bytes,    6647088 total
[2022-06-13T03:10:25.593+0000][1][gc,heap      ] GC(15) ParNew: 78656K->8704K(78656K)
[2022-06-13T03:10:25.593+0000][1][gc,heap      ] GC(15) CMS: 39189K->48945K(174784K)
[2022-06-13T03:10:25.594+0000][1][gc,metaspace ] GC(15) Metaspace: 32334K->32334K(1079296K)
[2022-06-13T03:10:25.594+0000][1][gc           ] GC(15) Pause Young (Allocation Failure) 115M->56M(247M) 12.991ms
[2022-06-13T03:10:25.594+0000][1][gc,cpu       ] GC(15) User=0.09s Sys=0.00s Real=0.01s
[2022-06-13T03:10:25.594+0000][1][safepoint    ] Leaving safepoint region
[2022-06-13T03:10:25.595+0000][1][safepoint    ] Total time for which application threads were stopped: 0.0141865 seconds, Stopping threads took: 0.0004113 seconds
[2022-06-13T03:10:25.609+0000][1][safepoint    ] Application time: 0.0144264 seconds
[2022-06-13T03:10:25.610+0000][1][safepoint    ] Entering safepoint region: RevokeBias
[2022-06-13T03:10:25.610+0000][1][safepoint    ] Leaving safepoint region
[2022-06-13T03:10:25.611+0000][1][safepoint    ] Total time for which application threads were stopped: 0.0008637 seconds, Stopping threads took: 0.0004278 seconds
[2022-06-13T03:10:25.670+0000][1][safepoint    ] Application time: 0.0596546 seconds
[2022-06-13T03:10:25.671+0000][1][safepoint    ] Entering safepoint region: GenCollectForAllocation
[2022-06-13T03:10:25.672+0000][1][gc,start     ] GC(16) Pause Young (Allocation Failure)
[2022-06-13T03:10:25.672+0000][1][gc,task      ] GC(16) Using 5 workers of 13 for evacuation
[2022-06-13T03:10:25.677+0000][1][gc,age       ] GC(16) Desired survivor size 4456448 bytes, new threshold 6 (max threshold 6)
[2022-06-13T03:10:25.678+0000][1][gc,age       ] GC(16) Age table with threshold 6 (max threshold 6)
[2022-06-13T03:10:25.678+0000][1][gc,age       ] GC(16) - age   1:     340512 bytes,     340512 total
[2022-06-13T03:10:25.679+0000][1][gc,heap      ] GC(16) ParNew: 78656K->6979K(78656K)
[2022-06-13T03:10:25.679+0000][1][gc,heap      ] GC(16) CMS: 48945K->55489K(174784K)
[2022-06-13T03:10:25.680+0000][1][gc,metaspace ] GC(16) Metaspace: 33029K->33029K(1079296K)
[2022-06-13T03:10:25.680+0000][1][gc           ] GC(16) Pause Young (Allocation Failure) 124M->61M(247M) 8.497ms
[2022-06-13T03:10:25.681+0000][1][gc,cpu       ] GC(16) User=0.02s Sys=0.00s Real=0.01s
[2022-06-13T03:10:25.681+0000][1][safepoint    ] Leaving safepoint region
[2022-06-13T03:10:25.681+0000][1][safepoint    ] Total time for which application threads were stopped: 0.0102759 seconds, Stopping threads took: 0.0004298 seconds
[2022-06-13T03:10:25.824+0000][1][safepoint    ] Application time: 0.1422621 seconds
[2022-06-13T03:10:25.825+0000][1][safepoint    ] Entering safepoint region: CollectForMetadataAllocation
[2022-06-13T03:10:25.825+0000][1][safepoint    ] Leaving safepoint region
[2022-06-13T03:10:25.825+0000][1][safepoint    ] Total time for which application threads were stopped: 0.0007997 seconds, Stopping threads took: 0.0003550 seconds
[2022-06-13T03:10:25.833+0000][1][safepoint    ] Application time: 0.0072034 seconds
[2022-06-13T03:10:25.833+0000][1][safepoint    ] Entering safepoint region: CollectForMetadataAllocation
[2022-06-13T03:10:25.834+0000][1][safepoint    ] Leaving safepoint region
[2022-06-13T03:10:25.834+0000][1][safepoint    ] Total time for which application threads were stopped: 0.0007446 seconds, Stopping threads took: 0.0002634 seconds
[2022-06-13T03:10:25.845+0000][1][safepoint    ] Application time: 0.0106199 seconds
[2022-06-13T03:10:25.846+0000][1][safepoint    ] Entering safepoint region: CollectForMetadataAllocation
[2022-06-13T03:10:25.846+0000][1][safepoint    ] Leaving safepoint region
[2022-06-13T03:10:25.847+0000][1][safepoint    ] Total time for which application threads were stopped: 0.0010666 seconds, Stopping threads took: 0.0004962 seconds
[2022-06-13T03:10:25.857+0000][1][safepoint    ] Application time: 0.0101638 seconds
[2022-06-13T03:10:25.858+0000][1][safepoint    ] Entering safepoint region: CollectForMetadataAllocation
[2022-06-13T03:10:25.858+0000][1][safepoint    ] Leaving safepoint region
[2022-06-13T03:10:25.859+0000][1][safepoint    ] Total time for which application threads were stopped: 0.0007842 seconds, Stopping threads took: 0.0003730 seconds
[2022-06-13T03:10:25.867+0000][1][safepoint    ] Application time: 0.0079022 seconds
[2022-06-13T03:10:25.867+0000][1][safepoint    ] Entering safepoint region: CollectForMetadataAllocation
[2022-06-13T03:10:25.868+0000][1][safepoint    ] Leaving safepoint region
[2022-06-13T03:10:25.868+0000][1][safepoint    ] Total time for which application threads were stopped: 0.0013310 seconds, Stopping threads took: 0.0002882 seconds
[2022-06-13T03:10:25.876+0000][1][safepoint    ] Application time: 0.0077364 seconds
[2022-06-13T03:10:25.877+0000][1][safepoint    ] Entering safepoint region: CollectForMetadataAllocation
[2022-06-13T03:10:25.877+0000][1][safepoint    ] Leaving safepoint region
[2022-06-13T03:10:25.877+0000][1][safepoint    ] Total time for which application threads were stopped: 0.0006317 seconds, Stopping threads took: 0.0002586 seconds
[2022-06-13T03:10:25.890+0000][1][safepoint    ] Application time: 0.0128160 seconds
[2022-06-13T03:10:25.891+0000][1][safepoint    ] Entering safepoint region: CollectForMetadataAllocation
[2022-06-13T03:10:25.892+0000][1][safepoint    ] Leaving safepoint region
[2022-06-13T03:10:25.892+0000][1][safepoint    ] Total time for which application threads were stopped: 0.0010276 seconds, Stopping threads took: 0.0004702 seconds
[2022-06-13T03:10:25.912+0000][1][safepoint    ] Application time: 0.0194349 seconds
[2022-06-13T03:10:25.912+0000][1][safepoint    ] Entering safepoint region: CollectForMetadataAllocation
[2022-06-13T03:10:25.913+0000][1][safepoint    ] Leaving safepoint region
[2022-06-13T03:10:25.914+0000][1][safepoint    ] Total time for which application threads were stopped: 0.0012391 seconds, Stopping threads took: 0.0005829 seconds
[2022-06-13T03:10:25.915+0000][1][safepoint    ] Application time: 0.0011986 seconds
[2022-06-13T03:10:25.916+0000][1][safepoint    ] Entering safepoint region: RevokeBias
[2022-06-13T03:10:25.916+0000][1][safepoint    ] Leaving safepoint region
[2022-06-13T03:10:25.917+0000][1][safepoint    ] Total time for which application threads were stopped: 0.0009182 seconds, Stopping threads took: 0.0004158 seconds
[2022-06-13T03:10:25.921+0000][1][safepoint    ] Application time: 0.0037888 seconds
[2022-06-13T03:10:25.921+0000][1][safepoint    ] Entering safepoint region: RevokeBias
[2022-06-13T03:10:25.922+0000][1][safepoint    ] Leaving safepoint region
[2022-06-13T03:10:25.922+0000][1][safepoint    ] Total time for which application threads were stopped: 0.0010528 seconds, Stopping threads took: 0.0004543 seconds
[2022-06-13T03:10:25.928+0000][1][safepoint    ] Application time: 0.0054118 seconds
[2022-06-13T03:10:25.929+0000][1][safepoint    ] Entering safepoint region: RevokeBias
[2022-06-13T03:10:25.929+0000][1][safepoint    ] Leaving safepoint region
[2022-06-13T03:10:25.930+0000][1][safepoint    ] Total time for which application threads were stopped: 0.0008377 seconds, Stopping threads took: 0.0003133 seconds
[2022-06-13T03:10:25.937+0000][1][safepoint    ] Application time: 0.0071889 seconds
[2022-06-13T03:10:25.938+0000][1][safepoint    ] Entering safepoint region: CollectForMetadataAllocation
[2022-06-13T03:10:25.938+0000][1][safepoint    ] Leaving safepoint region
[2022-06-13T03:10:25.939+0000][1][safepoint    ] Total time for which application threads were stopped: 0.0010320 seconds, Stopping threads took: 0.0003602 seconds
[2022-06-13T03:10:25.949+0000][1][safepoint    ] Application time: 0.0100917 seconds
[2022-06-13T03:10:25.950+0000][1][safepoint    ] Entering safepoint region: CollectForMetadataAllocation
[2022-06-13T03:10:25.951+0000][1][safepoint    ] Leaving safepoint region
[2022-06-13T03:10:25.951+0000][1][safepoint    ] Total time for which application threads were stopped: 0.0016048 seconds, Stopping threads took: 0.0004296 seconds
[2022-06-13T03:10:25.960+0000][1][safepoint    ] Application time: 0.0086728 seconds
[2022-06-13T03:10:25.961+0000][1][safepoint    ] Entering safepoint region: CollectForMetadataAllocation
[2022-06-13T03:10:25.962+0000][1][safepoint    ] Leaving safepoint region
[2022-06-13T03:10:25.962+0000][1][safepoint    ] Total time for which application threads were stopped: 0.0012563 seconds, Stopping threads took: 0.0005135 seconds
[2022-06-13T03:10:25.973+0000][1][safepoint    ] Application time: 0.0106913 seconds
[2022-06-13T03:10:25.974+0000][1][safepoint    ] Entering safepoint region: CollectForMetadataAllocation
[2022-06-13T03:10:25.975+0000][1][safepoint    ] Leaving safepoint region
[2022-06-13T03:10:25.975+0000][1][safepoint    ] Total time for which application threads were stopped: 0.0011348 seconds, Stopping threads took: 0.0005464 seconds
[2022-06-13T03:10:25.987+0000][1][safepoint    ] Application time: 0.0113135 seconds
[2022-06-13T03:10:25.987+0000][1][safepoint    ] Entering safepoint region: CollectForMetadataAllocation
[2022-06-13T03:10:25.988+0000][1][safepoint    ] Leaving safepoint region
[2022-06-13T03:10:25.988+0000][1][safepoint    ] Total time for which application threads were stopped: 0.0010261 seconds, Stopping threads took: 0.0004174 seconds
[2022-06-13T03:10:26.002+0000][1][safepoint    ] Application time: 0.0130957 seconds
[2022-06-13T03:10:26.003+0000][1][safepoint    ] Entering safepoint region: CollectForMetadataAllocation
[2022-06-13T03:10:26.004+0000][1][safepoint    ] Leaving safepoint region
[2022-06-13T03:10:26.004+0000][1][safepoint    ] Total time for which application threads were stopped: 0.0015661 seconds, Stopping threads took: 0.0004435 seconds
[2022-06-13T03:10:26.017+0000][1][safepoint    ] Application time: 0.0121500 seconds
[2022-06-13T03:10:26.017+0000][1][safepoint    ] Entering safepoint region: CollectForMetadataAllocation
[2022-06-13T03:10:26.018+0000][1][safepoint    ] Leaving safepoint region
[2022-06-13T03:10:26.018+0000][1][safepoint    ] Total time for which application threads were stopped: 0.0012782 seconds, Stopping threads took: 0.0006738 seconds
[2022-06-13T03:10:26.033+0000][1][safepoint    ] Application time: 0.0140777 seconds
[2022-06-13T03:10:26.034+0000][1][safepoint    ] Entering safepoint region: CollectForMetadataAllocation
[2022-06-13T03:10:26.034+0000][1][safepoint    ] Leaving safepoint region
[2022-06-13T03:10:26.035+0000][1][safepoint    ] Total time for which application threads were stopped: 0.0010217 seconds, Stopping threads took: 0.0004332 seconds
[2022-06-13T03:10:26.049+0000][1][safepoint    ] Application time: 0.0136890 seconds
[2022-06-13T03:10:26.049+0000][1][safepoint    ] Entering safepoint region: CollectForMetadataAllocation
[2022-06-13T03:10:26.050+0000][1][safepoint    ] Leaving safepoint region
[2022-06-13T03:10:26.050+0000][1][safepoint    ] Total time for which application threads were stopped: 0.0010696 seconds, Stopping threads took: 0.0005445 seconds
[2022-06-13T03:10:26.061+0000][1][safepoint    ] Application time: 0.0098898 seconds
[2022-06-13T03:10:26.061+0000][1][safepoint    ] Entering safepoint region: CollectForMetadataAllocation
[2022-06-13T03:10:26.062+0000][1][safepoint    ] Leaving safepoint region
[2022-06-13T03:10:26.062+0000][1][safepoint    ] Total time for which application threads were stopped: 0.0010209 seconds, Stopping threads took: 0.0004498 seconds
[2022-06-13T03:10:26.074+0000][1][safepoint    ] Application time: 0.0111639 seconds
[2022-06-13T03:10:26.074+0000][1][safepoint    ] Entering safepoint region: CollectForMetadataAllocation
[2022-06-13T03:10:26.075+0000][1][safepoint    ] Leaving safepoint region
[2022-06-13T03:10:26.075+0000][1][safepoint    ] Total time for which application threads were stopped: 0.0010782 seconds, Stopping threads took: 0.0002260 seconds
[2022-06-13T03:10:26.085+0000][1][safepoint    ] Application time: 0.0093339 seconds
[2022-06-13T03:10:26.085+0000][1][safepoint    ] Entering safepoint region: CollectForMetadataAllocation
[2022-06-13T03:10:26.085+0000][1][safepoint    ] Leaving safepoint region
[2022-06-13T03:10:26.085+0000][1][safepoint    ] Total time for which application threads were stopped: 0.0004630 seconds, Stopping threads took: 0.0001565 seconds
[2022-06-13T03:10:26.108+0000][1][safepoint    ] Application time: 0.0220544 seconds
[2022-06-13T03:10:26.108+0000][1][safepoint    ] Entering safepoint region: CollectForMetadataAllocation
[2022-06-13T03:10:26.108+0000][1][safepoint    ] Leaving safepoint region
[2022-06-13T03:10:26.109+0000][1][safepoint    ] Total time for which application threads were stopped: 0.0004966 seconds, Stopping threads took: 0.0002435 seconds
[2022-06-13T03:10:26.120+0000][1][safepoint    ] Application time: 0.0110949 seconds
[2022-06-13T03:10:26.120+0000][1][safepoint    ] Entering safepoint region: CollectForMetadataAllocation
[2022-06-13T03:10:26.120+0000][1][safepoint    ] Leaving safepoint region
[2022-06-13T03:10:26.121+0000][1][safepoint    ] Total time for which application threads were stopped: 0.0005136 seconds, Stopping threads took: 0.0001896 seconds
[2022-06-13T03:10:26.138+0000][1][safepoint    ] Application time: 0.0172999 seconds
[2022-06-13T03:10:26.138+0000][1][safepoint    ] Entering safepoint region: CollectForMetadataAllocation
[2022-06-13T03:10:26.139+0000][1][safepoint    ] Leaving safepoint region
[2022-06-13T03:10:26.139+0000][1][safepoint    ] Total time for which application threads were stopped: 0.0005178 seconds, Stopping threads took: 0.0002380 seconds
[2022-06-13T03:10:26.152+0000][1][safepoint    ] Application time: 0.0131253 seconds
[2022-06-13T03:10:26.153+0000][1][safepoint    ] Entering safepoint region: CollectForMetadataAllocation
[2022-06-13T03:10:26.153+0000][1][safepoint    ] Leaving safepoint region
[2022-06-13T03:10:26.153+0000][1][safepoint    ] Total time for which application threads were stopped: 0.0005474 seconds, Stopping threads took: 0.0003722 seconds
[2022-06-13T03:10:26.162+0000][1][safepoint    ] Application time: 0.0088345 seconds
[2022-06-13T03:10:26.162+0000][1][safepoint    ] Entering safepoint region: CollectForMetadataAllocation
[2022-06-13T03:10:26.163+0000][1][safepoint    ] Leaving safepoint region
[2022-06-13T03:10:26.163+0000][1][safepoint    ] Total time for which application threads were stopped: 0.0007452 seconds, Stopping threads took: 0.0004256 seconds
[2022-06-13T03:10:26.179+0000][1][safepoint    ] Application time: 0.0158327 seconds
[2022-06-13T03:10:26.180+0000][1][safepoint    ] Entering safepoint region: CollectForMetadataAllocation
[2022-06-13T03:10:26.180+0000][1][safepoint    ] Leaving safepoint region
[2022-06-13T03:10:26.180+0000][1][safepoint    ] Total time for which application threads were stopped: 0.0004564 seconds, Stopping threads took: 0.0001439 seconds
[2022-06-13T03:10:26.501+0000][1][safepoint    ] Application time: 0.3211096 seconds
[2022-06-13T03:10:26.502+0000][1][safepoint    ] Entering safepoint region: CollectForMetadataAllocation
[2022-06-13T03:10:26.502+0000][1][safepoint    ] Leaving safepoint region
[2022-06-13T03:10:26.503+0000][1][safepoint    ] Total time for which application threads were stopped: 0.0006904 seconds, Stopping threads took: 0.0003241 seconds
[2022-06-13T03:10:26.512+0000][1][safepoint    ] Application time: 0.0091075 seconds
[2022-06-13T03:10:26.512+0000][1][safepoint    ] Entering safepoint region: GenCollectForAllocation
[2022-06-13T03:10:26.513+0000][1][gc,start     ] GC(17) Pause Young (Allocation Failure)
[2022-06-13T03:10:26.513+0000][1][gc,task      ] GC(17) Using 5 workers of 13 for evacuation
[2022-06-13T03:10:26.517+0000][1][gc,age       ] GC(17) Desired survivor size 4456448 bytes, new threshold 6 (max threshold 6)
[2022-06-13T03:10:26.517+0000][1][gc,age       ] GC(17) Age table with threshold 6 (max threshold 6)
[2022-06-13T03:10:26.517+0000][1][gc,age       ] GC(17) - age   1:    3978896 bytes,    3978896 total
[2022-06-13T03:10:26.518+0000][1][gc,age       ] GC(17) - age   2:     300952 bytes,    4279848 total
[2022-06-13T03:10:26.518+0000][1][gc,heap      ] GC(17) ParNew: 76931K->5421K(78656K)
[2022-06-13T03:10:26.518+0000][1][gc,heap      ] GC(17) CMS: 55489K->55489K(174784K)
[2022-06-13T03:10:26.519+0000][1][gc,metaspace ] GC(17) Metaspace: 42488K->42488K(1089536K)
[2022-06-13T03:10:26.519+0000][1][gc           ] GC(17) Pause Young (Allocation Failure) 129M->59M(247M) 6.273ms
[2022-06-13T03:10:26.520+0000][1][gc,cpu       ] GC(17) User=0.02s Sys=0.00s Real=0.01s
[2022-06-13T03:10:26.520+0000][1][safepoint    ] Leaving safepoint region
[2022-06-13T03:10:26.520+0000][1][safepoint    ] Total time for which application threads were stopped: 0.0077493 seconds, Stopping threads took: 0.0003578 seconds
[2022-06-13T03:10:26.521+0000][1][safepoint    ] Application time: 0.0001479 seconds
[2022-06-13T03:10:26.521+0000][1][safepoint    ] Entering safepoint region: CMS_Initial_Mark
[2022-06-13T03:10:26.521+0000][1][gc,start     ] GC(18) Pause Initial Mark
[2022-06-13T03:10:26.523+0000][1][gc           ] GC(18) Pause Initial Mark 60M->60M(247M) 1.949ms
[2022-06-13T03:10:26.523+0000][1][gc,cpu       ] GC(18) User=0.00s Sys=0.00s Real=0.00s
[2022-06-13T03:10:26.524+0000][1][safepoint    ] Leaving safepoint region
[2022-06-13T03:10:26.524+0000][1][safepoint    ] Total time for which application threads were stopped: 0.0029756 seconds, Stopping threads took: 0.0003584 seconds
[2022-06-13T03:10:26.524+0000][1][gc           ] GC(18) Concurrent Mark
[2022-06-13T03:10:26.524+0000][1][gc,task      ] GC(18) Using 4 workers of 4 for marking
[2022-06-13T03:10:26.527+0000][1][safepoint    ] Application time: 0.0030665 seconds
[2022-06-13T03:10:26.528+0000][1][safepoint    ] Entering safepoint region: CollectForMetadataAllocation
[2022-06-13T03:10:26.528+0000][1][safepoint    ] Leaving safepoint region
[2022-06-13T03:10:26.528+0000][1][safepoint    ] Total time for which application threads were stopped: 0.0005951 seconds, Stopping threads took: 0.0002489 seconds
[2022-06-13T03:10:26.545+0000][1][gc           ] GC(18) Concurrent Mark 21.031ms
[2022-06-13T03:10:26.546+0000][1][gc,cpu       ] GC(18) User=0.12s Sys=0.00s Real=0.02s
[2022-06-13T03:10:26.546+0000][1][gc           ] GC(18) Concurrent Preclean
[2022-06-13T03:10:26.549+0000][1][gc           ] GC(18) Concurrent Preclean 2.150ms
[2022-06-13T03:10:26.549+0000][1][gc,cpu       ] GC(18) User=0.02s Sys=0.01s Real=0.01s
[2022-06-13T03:10:26.550+0000][1][gc           ] GC(18) Concurrent Abortable Preclean
[2022-06-13T03:10:26.561+0000][1][safepoint    ] Application time: 0.0322674 seconds
[2022-06-13T03:10:26.561+0000][1][safepoint    ] Entering safepoint region: CollectForMetadataAllocation
[2022-06-13T03:10:26.562+0000][1][safepoint    ] Leaving safepoint region
[2022-06-13T03:10:26.562+0000][1][safepoint    ] Total time for which application threads were stopped: 0.0008781 seconds, Stopping threads took: 0.0005048 seconds
[2022-06-13T03:10:26.649+0000][1][safepoint    ] Application time: 0.0866852 seconds
[2022-06-13T03:10:26.649+0000][1][safepoint    ] Entering safepoint region: CollectForMetadataAllocation
[2022-06-13T03:10:26.650+0000][1][safepoint    ] Leaving safepoint region
[2022-06-13T03:10:26.650+0000][1][safepoint    ] Total time for which application threads were stopped: 0.0004773 seconds, Stopping threads took: 0.0001530 seconds
[2022-06-13T03:10:26.665+0000][1][safepoint    ] Application time: 0.0153184 seconds
[2022-06-13T03:10:26.666+0000][1][safepoint    ] Entering safepoint region: CollectForMetadataAllocation
[2022-06-13T03:10:26.666+0000][1][safepoint    ] Leaving safepoint region
[2022-06-13T03:10:26.666+0000][1][safepoint    ] Total time for which application threads were stopped: 0.0004902 seconds, Stopping threads took: 0.0001852 seconds
[2022-06-13T03:10:26.684+0000][1][safepoint    ] Application time: 0.0179764 seconds
[2022-06-13T03:10:26.685+0000][1][safepoint    ] Entering safepoint region: CollectForMetadataAllocation
[2022-06-13T03:10:26.685+0000][1][safepoint    ] Leaving safepoint region
[2022-06-13T03:10:26.685+0000][1][safepoint    ] Total time for which application threads were stopped: 0.0004244 seconds, Stopping threads took: 0.0001159 seconds
[2022-06-13T03:10:26.704+0000][1][safepoint    ] Application time: 0.0191409 seconds
[2022-06-13T03:10:26.705+0000][1][safepoint    ] Entering safepoint region: CollectForMetadataAllocation
[2022-06-13T03:10:26.705+0000][1][safepoint    ] Leaving safepoint region
[2022-06-13T03:10:26.706+0000][1][safepoint    ] Total time for which application threads were stopped: 0.0012248 seconds, Stopping threads took: 0.0004239 seconds
[2022-06-13T03:10:26.716+0000][1][safepoint    ] Application time: 0.0097013 seconds
[2022-06-13T03:10:26.716+0000][1][safepoint    ] Entering safepoint region: Deoptimize
[2022-06-13T03:10:26.717+0000][1][safepoint    ] Leaving safepoint region
[2022-06-13T03:10:26.718+0000][1][safepoint    ] Total time for which application threads were stopped: 0.0012680 seconds, Stopping threads took: 0.0004841 seconds
[2022-06-13T03:10:26.719+0000][1][gc           ] GC(18) Concurrent Abortable Preclean 169.269ms
[2022-06-13T03:10:26.719+0000][1][gc,cpu       ] GC(18) User=0.95s Sys=0.02s Real=0.17s
[2022-06-13T03:10:26.719+0000][1][safepoint    ] Application time: 0.0013300 seconds
[2022-06-13T03:10:26.720+0000][1][safepoint    ] Entering safepoint region: CMS_Final_Remark
[2022-06-13T03:10:26.720+0000][1][gc,start     ] GC(18) Pause Remark
[2022-06-13T03:10:26.732+0000][1][gc           ] GC(18) Pause Remark 96M->96M(247M) 11.928ms
[2022-06-13T03:10:26.733+0000][1][gc,cpu       ] GC(18) User=0.05s Sys=0.00s Real=0.01s
[2022-06-13T03:10:26.733+0000][1][safepoint    ] Leaving safepoint region
[2022-06-13T03:10:26.734+0000][1][safepoint    ] Total time for which application threads were stopped: 0.0142170 seconds, Stopping threads took: 0.0007882 seconds
[2022-06-13T03:10:26.734+0000][1][gc           ] GC(18) Concurrent Sweep
[2022-06-13T03:10:26.743+0000][1][safepoint    ] Application time: 0.0087115 seconds
[2022-06-13T03:10:26.743+0000][1][safepoint    ] Entering safepoint region: RevokeBias
[2022-06-13T03:10:26.745+0000][1][safepoint    ] Leaving safepoint region
[2022-06-13T03:10:26.745+0000][1][safepoint    ] Total time for which application threads were stopped: 0.0015652 seconds, Stopping threads took: 0.0005029 seconds
[2022-06-13T03:10:26.747+0000][1][safepoint    ] Application time: 0.0015968 seconds
[2022-06-13T03:10:26.747+0000][1][safepoint    ] Entering safepoint region: RevokeBias
[2022-06-13T03:10:26.748+0000][1][safepoint    ] Leaving safepoint region
[2022-06-13T03:10:26.748+0000][1][safepoint    ] Total time for which application threads were stopped: 0.0008618 seconds, Stopping threads took: 0.0003905 seconds
[2022-06-13T03:10:26.751+0000][1][safepoint    ] Application time: 0.0028018 seconds
[2022-06-13T03:10:26.752+0000][1][safepoint    ] Entering safepoint region: CollectForMetadataAllocation
[2022-06-13T03:10:26.752+0000][1][safepoint    ] Leaving safepoint region
[2022-06-13T03:10:26.752+0000][1][safepoint    ] Total time for which application threads were stopped: 0.0008316 seconds, Stopping threads took: 0.0003804 seconds
[2022-06-13T03:10:26.760+0000][1][gc           ] GC(18) Concurrent Sweep 25.931ms
[2022-06-13T03:10:26.761+0000][1][gc,cpu       ] GC(18) User=0.14s Sys=0.03s Real=0.03s
[2022-06-13T03:10:26.761+0000][1][gc           ] GC(18) Concurrent Reset
[2022-06-13T03:10:26.762+0000][1][gc           ] GC(18) Concurrent Reset 0.657ms
[2022-06-13T03:10:26.762+0000][1][gc,cpu       ] GC(18) User=0.01s Sys=0.00s Real=0.00s
[2022-06-13T03:10:26.763+0000][1][gc,heap      ] GC(18) Old: 55489K->55273K(174784K)
[2022-06-13T03:10:26.781+0000][1][safepoint    ] Application time: 0.0279983 seconds
[2022-06-13T03:10:26.781+0000][1][safepoint    ] Entering safepoint region: RevokeBias
[2022-06-13T03:10:26.782+0000][1][safepoint    ] Leaving safepoint region
[2022-06-13T03:10:26.782+0000][1][safepoint    ] Total time for which application threads were stopped: 0.0009099 seconds, Stopping threads took: 0.0004087 seconds
[2022-06-13T03:10:26.799+0000][1][safepoint    ] Application time: 0.0161745 seconds
[2022-06-13T03:10:26.800+0000][1][safepoint    ] Entering safepoint region: RevokeBias
[2022-06-13T03:10:26.800+0000][1][safepoint    ] Leaving safepoint region
[2022-06-13T03:10:26.800+0000][1][safepoint    ] Total time for which application threads were stopped: 0.0006971 seconds, Stopping threads took: 0.0003467 seconds
[2022-06-13T03:10:26.804+0000][1][safepoint    ] Application time: 0.0031242 seconds
[2022-06-13T03:10:26.804+0000][1][safepoint    ] Entering safepoint region: RevokeBias
[2022-06-13T03:10:26.804+0000][1][safepoint    ] Leaving safepoint region
[2022-06-13T03:10:26.805+0000][1][safepoint    ] Total time for which application threads were stopped: 0.0007317 seconds, Stopping threads took: 0.0003805 seconds
[2022-06-13T03:10:26.805+0000][1][safepoint    ] Application time: 0.0003736 seconds
[2022-06-13T03:10:26.805+0000][1][safepoint    ] Entering safepoint region: RevokeBias
[2022-06-13T03:10:26.806+0000][1][safepoint    ] Leaving safepoint region
[2022-06-13T03:10:26.806+0000][1][safepoint    ] Total time for which application threads were stopped: 0.0008868 seconds, Stopping threads took: 0.0002412 seconds
[2022-06-13T03:10:26.958+0000][1][safepoint    ] Application time: 0.1515091 seconds
[2022-06-13T03:10:26.958+0000][1][safepoint    ] Entering safepoint region: RevokeBias
[2022-06-13T03:10:26.959+0000][1][safepoint    ] Leaving safepoint region
[2022-06-13T03:10:26.960+0000][1][safepoint    ] Total time for which application threads were stopped: 0.0011176 seconds, Stopping threads took: 0.0002235 seconds
[2022-06-13T03:10:26.960+0000][1][safepoint    ] Application time: 0.0000871 seconds
[2022-06-13T03:10:26.960+0000][1][safepoint    ] Entering safepoint region: RevokeBias
[2022-06-13T03:10:26.960+0000][1][safepoint    ] Leaving safepoint region
[2022-06-13T03:10:26.961+0000][1][safepoint    ] Total time for which application threads were stopped: 0.0006409 seconds, Stopping threads took: 0.0003980 seconds
[2022-06-13T03:10:26.961+0000][1][safepoint    ] Application time: 0.0000992 seconds
[2022-06-13T03:10:26.961+0000][1][safepoint    ] Entering safepoint region: RevokeBias
[2022-06-13T03:10:26.961+0000][1][safepoint    ] Leaving safepoint region
[2022-06-13T03:10:26.962+0000][1][safepoint    ] Total time for which application threads were stopped: 0.0006128 seconds, Stopping threads took: 0.0002973 seconds
[2022-06-13T03:10:26.962+0000][1][safepoint    ] Application time: 0.0001983 seconds
[2022-06-13T03:10:26.962+0000][1][safepoint    ] Entering safepoint region: RevokeBias
[2022-06-13T03:10:26.963+0000][1][safepoint    ] Leaving safepoint region
[2022-06-13T03:10:26.963+0000][1][safepoint    ] Total time for which application threads were stopped: 0.0005194 seconds, Stopping threads took: 0.0002835 seconds
[2022-06-13T03:10:26.963+0000][1][safepoint    ] Application time: 0.0002174 seconds
[2022-06-13T03:10:26.964+0000][1][safepoint    ] Entering safepoint region: RevokeBias
[2022-06-13T03:10:26.964+0000][1][safepoint    ] Leaving safepoint region
[2022-06-13T03:10:26.964+0000][1][safepoint    ] Total time for which application threads were stopped: 0.0006847 seconds, Stopping threads took: 0.0004146 seconds
[2022-06-13T03:10:26.965+0000][1][safepoint    ] Application time: 0.0002250 seconds
[2022-06-13T03:10:26.965+0000][1][safepoint    ] Entering safepoint region: RevokeBias
[2022-06-13T03:10:26.965+0000][1][safepoint    ] Leaving safepoint region
[2022-06-13T03:10:26.966+0000][1][safepoint    ] Total time for which application threads were stopped: 0.0006434 seconds, Stopping threads took: 0.0003672 seconds
[2022-06-13T03:10:26.966+0000][1][safepoint    ] Application time: 0.0003327 seconds
[2022-06-13T03:10:26.966+0000][1][safepoint    ] Entering safepoint region: RevokeBias
[2022-06-13T03:10:26.967+0000][1][safepoint    ] Leaving safepoint region
[2022-06-13T03:10:26.967+0000][1][safepoint    ] Total time for which application threads were stopped: 0.0005814 seconds, Stopping threads took: 0.0003027 seconds
[2022-06-13T03:10:26.967+0000][1][safepoint    ] Application time: 0.0001785 seconds
[2022-06-13T03:10:26.968+0000][1][safepoint    ] Entering safepoint region: RevokeBias
[2022-06-13T03:10:26.968+0000][1][safepoint    ] Leaving safepoint region
[2022-06-13T03:10:26.968+0000][1][safepoint    ] Total time for which application threads were stopped: 0.0004752 seconds, Stopping threads took: 0.0003124 seconds
[2022-06-13T03:10:26.968+0000][1][safepoint    ] Application time: 0.0000626 seconds
[2022-06-13T03:10:26.968+0000][1][safepoint    ] Entering safepoint region: RevokeBias
[2022-06-13T03:10:26.968+0000][1][safepoint    ] Leaving safepoint region
[2022-06-13T03:10:26.969+0000][1][safepoint    ] Total time for which application threads were stopped: 0.0002970 seconds, Stopping threads took: 0.0001277 seconds
[2022-06-13T03:10:26.969+0000][1][safepoint    ] Application time: 0.0000658 seconds
[2022-06-13T03:10:26.969+0000][1][safepoint    ] Entering safepoint region: RevokeBias
[2022-06-13T03:10:26.969+0000][1][safepoint    ] Leaving safepoint region
[2022-06-13T03:10:26.969+0000][1][safepoint    ] Total time for which application threads were stopped: 0.0004771 seconds, Stopping threads took: 0.0002278 seconds
[2022-06-13T03:10:26.970+0000][1][safepoint    ] Application time: 0.0000662 seconds
[2022-06-13T03:10:26.970+0000][1][safepoint    ] Entering safepoint region: RevokeBias
[2022-06-13T03:10:26.970+0000][1][safepoint    ] Leaving safepoint region
[2022-06-13T03:10:26.970+0000][1][safepoint    ] Total time for which application threads were stopped: 0.0002750 seconds, Stopping threads took: 0.0001390 seconds
[2022-06-13T03:10:26.970+0000][1][safepoint    ] Application time: 0.0000586 seconds
[2022-06-13T03:10:26.970+0000][1][safepoint    ] Entering safepoint region: RevokeBias
[2022-06-13T03:10:26.970+0000][1][safepoint    ] Leaving safepoint region
[2022-06-13T03:10:26.970+0000][1][safepoint    ] Total time for which application threads were stopped: 0.0002585 seconds, Stopping threads took: 0.0001158 seconds
[2022-06-13T03:10:26.971+0000][1][safepoint    ] Application time: 0.0001012 seconds
[2022-06-13T03:10:26.971+0000][1][safepoint    ] Entering safepoint region: RevokeBias
[2022-06-13T03:10:26.971+0000][1][safepoint    ] Leaving safepoint region
[2022-06-13T03:10:26.971+0000][1][safepoint    ] Total time for which application threads were stopped: 0.0005078 seconds, Stopping threads took: 0.0003631 seconds
[2022-06-13T03:10:26.971+0000][1][safepoint    ] Application time: 0.0000781 seconds
[2022-06-13T03:10:26.972+0000][1][safepoint    ] Entering safepoint region: RevokeBias
[2022-06-13T03:10:26.972+0000][1][safepoint    ] Leaving safepoint region
[2022-06-13T03:10:26.972+0000][1][safepoint    ] Total time for which application threads were stopped: 0.0003677 seconds, Stopping threads took: 0.0001978 seconds
[2022-06-13T03:10:26.972+0000][1][safepoint    ] Application time: 0.0000778 seconds
[2022-06-13T03:10:26.972+0000][1][safepoint    ] Entering safepoint region: RevokeBias
[2022-06-13T03:10:26.972+0000][1][safepoint    ] Leaving safepoint region
[2022-06-13T03:10:26.973+0000][1][safepoint    ] Total time for which application threads were stopped: 0.0002233 seconds, Stopping threads took: 0.0001054 seconds
[2022-06-13T03:10:26.973+0000][1][safepoint    ] Application time: 0.0000526 seconds
[2022-06-13T03:10:26.973+0000][1][safepoint    ] Entering safepoint region: RevokeBias
[2022-06-13T03:10:26.973+0000][1][safepoint    ] Leaving safepoint region
[2022-06-13T03:10:26.973+0000][1][safepoint    ] Total time for which application threads were stopped: 0.0002107 seconds, Stopping threads took: 0.0000955 seconds
[2022-06-13T03:10:26.973+0000][1][safepoint    ] Application time: 0.0000557 seconds
[2022-06-13T03:10:26.973+0000][1][safepoint    ] Entering safepoint region: RevokeBias
[2022-06-13T03:10:26.973+0000][1][safepoint    ] Leaving safepoint region
[2022-06-13T03:10:26.974+0000][1][safepoint    ] Total time for which application threads were stopped: 0.0002222 seconds, Stopping threads took: 0.0001045 seconds
[2022-06-13T03:10:26.974+0000][1][safepoint    ] Application time: 0.0000490 seconds
[2022-06-13T03:10:26.974+0000][1][safepoint    ] Entering safepoint region: RevokeBias
[2022-06-13T03:10:26.974+0000][1][safepoint    ] Leaving safepoint region
[2022-06-13T03:10:26.974+0000][1][safepoint    ] Total time for which application threads were stopped: 0.0002164 seconds, Stopping threads took: 0.0001009 seconds
[2022-06-13T03:10:26.974+0000][1][safepoint    ] Application time: 0.0000563 seconds
[2022-06-13T03:10:26.974+0000][1][safepoint    ] Entering safepoint region: RevokeBias
[2022-06-13T03:10:26.974+0000][1][safepoint    ] Leaving safepoint region
[2022-06-13T03:10:26.974+0000][1][safepoint    ] Total time for which application threads were stopped: 0.0002220 seconds, Stopping threads took: 0.0001076 seconds
[2022-06-13T03:10:26.975+0000][1][safepoint    ] Application time: 0.0000500 seconds
[2022-06-13T03:10:26.975+0000][1][safepoint    ] Entering safepoint region: RevokeBias
[2022-06-13T03:10:26.975+0000][1][safepoint    ] Leaving safepoint region
[2022-06-13T03:10:26.975+0000][1][safepoint    ] Total time for which application threads were stopped: 0.0002318 seconds, Stopping threads took: 0.0001095 seconds
[2022-06-13T03:10:26.975+0000][1][safepoint    ] Application time: 0.0000560 seconds
[2022-06-13T03:10:26.975+0000][1][safepoint    ] Entering safepoint region: RevokeBias
[2022-06-13T03:10:26.975+0000][1][safepoint    ] Leaving safepoint region
[2022-06-13T03:10:26.975+0000][1][safepoint    ] Total time for which application threads were stopped: 0.0002223 seconds, Stopping threads took: 0.0001082 seconds
[2022-06-13T03:10:26.976+0000][1][safepoint    ] Application time: 0.0000553 seconds
[2022-06-13T03:10:26.976+0000][1][safepoint    ] Entering safepoint region: RevokeBias
[2022-06-13T03:10:26.976+0000][1][safepoint    ] Leaving safepoint region
[2022-06-13T03:10:26.976+0000][1][safepoint    ] Total time for which application threads were stopped: 0.0002213 seconds, Stopping threads took: 0.0001070 seconds
[2022-06-13T03:10:26.976+0000][1][safepoint    ] Application time: 0.0000549 seconds
[2022-06-13T03:10:26.976+0000][1][safepoint    ] Entering safepoint region: RevokeBias
[2022-06-13T03:10:26.976+0000][1][safepoint    ] Leaving safepoint region
[2022-06-13T03:10:26.976+0000][1][safepoint    ] Total time for which application threads were stopped: 0.0002628 seconds, Stopping threads took: 0.0000996 seconds
[2022-06-13T03:10:26.977+0000][1][safepoint    ] Application time: 0.0000524 seconds
[2022-06-13T03:10:26.977+0000][1][safepoint    ] Entering safepoint region: RevokeBias
[2022-06-13T03:10:26.977+0000][1][safepoint    ] Leaving safepoint region
[2022-06-13T03:10:26.977+0000][1][safepoint    ] Total time for which application threads were stopped: 0.0002231 seconds, Stopping threads took: 0.0001021 seconds
[2022-06-13T03:10:26.977+0000][1][safepoint    ] Application time: 0.0000575 seconds
[2022-06-13T03:10:26.977+0000][1][safepoint    ] Entering safepoint region: RevokeBias
[2022-06-13T03:10:26.977+0000][1][safepoint    ] Leaving safepoint region
[2022-06-13T03:10:26.977+0000][1][safepoint    ] Total time for which application threads were stopped: 0.0002356 seconds, Stopping threads took: 0.0001091 seconds
[2022-06-13T03:10:26.978+0000][1][safepoint    ] Application time: 0.0000710 seconds
[2022-06-13T03:10:26.978+0000][1][safepoint    ] Entering safepoint region: RevokeBias
[2022-06-13T03:10:26.978+0000][1][safepoint    ] Leaving safepoint region
[2022-06-13T03:10:26.978+0000][1][safepoint    ] Total time for which application threads were stopped: 0.0002339 seconds, Stopping threads took: 0.0001032 seconds
[2022-06-13T03:10:26.978+0000][1][safepoint    ] Application time: 0.0000540 seconds
[2022-06-13T03:10:26.978+0000][1][safepoint    ] Entering safepoint region: RevokeBias
[2022-06-13T03:10:26.978+0000][1][safepoint    ] Leaving safepoint region
[2022-06-13T03:10:26.978+0000][1][safepoint    ] Total time for which application threads were stopped: 0.0002050 seconds, Stopping threads took: 0.0000950 seconds
[2022-06-13T03:10:26.979+0000][1][safepoint    ] Application time: 0.0000524 seconds
[2022-06-13T03:10:26.979+0000][1][safepoint    ] Entering safepoint region: RevokeBias
[2022-06-13T03:10:26.979+0000][1][safepoint    ] Leaving safepoint region
[2022-06-13T03:10:26.979+0000][1][safepoint    ] Total time for which application threads were stopped: 0.0002166 seconds, Stopping threads took: 0.0001009 seconds
[2022-06-13T03:10:26.979+0000][1][safepoint    ] Application time: 0.0000503 seconds
[2022-06-13T03:10:26.979+0000][1][safepoint    ] Entering safepoint region: RevokeBias
[2022-06-13T03:10:26.979+0000][1][safepoint    ] Leaving safepoint region
[2022-06-13T03:10:26.980+0000][1][safepoint    ] Total time for which application threads were stopped: 0.0002715 seconds, Stopping threads took: 0.0001330 seconds
[2022-06-13T03:10:26.980+0000][1][safepoint    ] Application time: 0.0000582 seconds
[2022-06-13T03:10:26.980+0000][1][safepoint    ] Entering safepoint region: RevokeBias
[2022-06-13T03:10:26.980+0000][1][safepoint    ] Leaving safepoint region
[2022-06-13T03:10:26.980+0000][1][safepoint    ] Total time for which application threads were stopped: 0.0002169 seconds, Stopping threads took: 0.0000956 seconds
[2022-06-13T03:10:26.980+0000][1][safepoint    ] Application time: 0.0000565 seconds
[2022-06-13T03:10:26.980+0000][1][safepoint    ] Entering safepoint region: RevokeBias
[2022-06-13T03:10:26.980+0000][1][safepoint    ] Leaving safepoint region
[2022-06-13T03:10:26.981+0000][1][safepoint    ] Total time for which application threads were stopped: 0.0002277 seconds, Stopping threads took: 0.0001049 seconds
[2022-06-13T03:10:26.981+0000][1][safepoint    ] Application time: 0.0000641 seconds
[2022-06-13T03:10:26.981+0000][1][safepoint    ] Entering safepoint region: BulkRevokeBias
[2022-06-13T03:10:26.981+0000][1][safepoint    ] Leaving safepoint region
[2022-06-13T03:10:26.981+0000][1][safepoint    ] Total time for which application threads were stopped: 0.0002652 seconds, Stopping threads took: 0.0000963 seconds
[2022-06-13T03:10:26.981+0000][1][safepoint    ] Application time: 0.0001547 seconds
[2022-06-13T03:10:26.981+0000][1][safepoint    ] Entering safepoint region: RevokeBias
[2022-06-13T03:10:26.982+0000][1][safepoint    ] Leaving safepoint region
[2022-06-13T03:10:26.982+0000][1][safepoint    ] Total time for which application threads were stopped: 0.0002576 seconds, Stopping threads took: 0.0001000 seconds
[2022-06-13T03:10:26.982+0000][1][safepoint    ] Application time: 0.0000798 seconds
[2022-06-13T03:10:26.982+0000][1][safepoint    ] Entering safepoint region: RevokeBias
[2022-06-13T03:10:26.982+0000][1][safepoint    ] Leaving safepoint region
[2022-06-13T03:10:26.982+0000][1][safepoint    ] Total time for which application threads were stopped: 0.0002298 seconds, Stopping threads took: 0.0000996 seconds
[2022-06-13T03:10:26.982+0000][1][safepoint    ] Application time: 0.0000915 seconds
[2022-06-13T03:10:26.982+0000][1][safepoint    ] Entering safepoint region: RevokeBias
[2022-06-13T03:10:26.983+0000][1][safepoint    ] Leaving safepoint region
[2022-06-13T03:10:26.983+0000][1][safepoint    ] Total time for which application threads were stopped: 0.0002439 seconds, Stopping threads took: 0.0000988 seconds
[2022-06-13T03:10:26.983+0000][1][safepoint    ] Application time: 0.0000801 seconds
[2022-06-13T03:10:26.983+0000][1][safepoint    ] Entering safepoint region: RevokeBias
[2022-06-13T03:10:26.983+0000][1][safepoint    ] Leaving safepoint region
[2022-06-13T03:10:26.983+0000][1][safepoint    ] Total time for which application threads were stopped: 0.0003014 seconds, Stopping threads took: 0.0001300 seconds
[2022-06-13T03:10:26.984+0000][1][safepoint    ] Application time: 0.0000880 seconds
[2022-06-13T03:10:26.984+0000][1][safepoint    ] Entering safepoint region: RevokeBias
[2022-06-13T03:10:26.984+0000][1][safepoint    ] Leaving safepoint region
[2022-06-13T03:10:26.984+0000][1][safepoint    ] Total time for which application threads were stopped: 0.0002611 seconds, Stopping threads took: 0.0001192 seconds
[2022-06-13T03:10:26.984+0000][1][safepoint    ] Application time: 0.0000703 seconds
[2022-06-13T03:10:26.984+0000][1][safepoint    ] Entering safepoint region: RevokeBias
[2022-06-13T03:10:26.984+0000][1][safepoint    ] Leaving safepoint region
[2022-06-13T03:10:26.985+0000][1][safepoint    ] Total time for which application threads were stopped: 0.0003358 seconds, Stopping threads took: 0.0001869 seconds
[2022-06-13T03:10:26.985+0000][1][safepoint    ] Application time: 0.0000737 seconds
[2022-06-13T03:10:26.985+0000][1][safepoint    ] Entering safepoint region: RevokeBias
[2022-06-13T03:10:26.985+0000][1][safepoint    ] Leaving safepoint region
[2022-06-13T03:10:26.985+0000][1][safepoint    ] Total time for which application threads were stopped: 0.0002247 seconds, Stopping threads took: 0.0000998 seconds
[2022-06-13T03:10:26.985+0000][1][safepoint    ] Application time: 0.0000704 seconds
[2022-06-13T03:10:26.985+0000][1][safepoint    ] Entering safepoint region: RevokeBias
[2022-06-13T03:10:26.986+0000][1][safepoint    ] Leaving safepoint region
[2022-06-13T03:10:26.986+0000][1][safepoint    ] Total time for which application threads were stopped: 0.0003358 seconds, Stopping threads took: 0.0002165 seconds
[2022-06-13T03:10:26.986+0000][1][safepoint    ] Application time: 0.0000732 seconds
[2022-06-13T03:10:26.986+0000][1][safepoint    ] Entering safepoint region: RevokeBias
[2022-06-13T03:10:26.986+0000][1][safepoint    ] Leaving safepoint region
[2022-06-13T03:10:26.986+0000][1][safepoint    ] Total time for which application threads were stopped: 0.0002113 seconds, Stopping threads took: 0.0000967 seconds
[2022-06-13T03:10:26.986+0000][1][safepoint    ] Application time: 0.0000542 seconds
[2022-06-13T03:10:26.986+0000][1][safepoint    ] Entering safepoint region: RevokeBias
[2022-06-13T03:10:26.986+0000][1][safepoint    ] Leaving safepoint region
[2022-06-13T03:10:26.987+0000][1][safepoint    ] Total time for which application threads were stopped: 0.0002252 seconds, Stopping threads took: 0.0001005 seconds
[2022-06-13T03:10:26.987+0000][1][safepoint    ] Application time: 0.0000522 seconds
[2022-06-13T03:10:26.987+0000][1][safepoint    ] Entering safepoint region: RevokeBias
[2022-06-13T03:10:26.987+0000][1][safepoint    ] Leaving safepoint region
[2022-06-13T03:10:26.987+0000][1][safepoint    ] Total time for which application threads were stopped: 0.0002108 seconds, Stopping threads took: 0.0000928 seconds
[2022-06-13T03:10:26.987+0000][1][safepoint    ] Application time: 0.0000530 seconds
[2022-06-13T03:10:26.987+0000][1][safepoint    ] Entering safepoint region: RevokeBias
[2022-06-13T03:10:26.987+0000][1][safepoint    ] Leaving safepoint region
[2022-06-13T03:10:26.987+0000][1][safepoint    ] Total time for which application threads were stopped: 0.0001998 seconds, Stopping threads took: 0.0000926 seconds
[2022-06-13T03:10:26.988+0000][1][safepoint    ] Application time: 0.0000749 seconds
[2022-06-13T03:10:26.988+0000][1][safepoint    ] Entering safepoint region: RevokeBias
[2022-06-13T03:10:26.988+0000][1][safepoint    ] Leaving safepoint region
[2022-06-13T03:10:26.988+0000][1][safepoint    ] Total time for which application threads were stopped: 0.0002356 seconds, Stopping threads took: 0.0001082 seconds
[2022-06-13T03:10:26.988+0000][1][safepoint    ] Application time: 0.0000540 seconds
[2022-06-13T03:10:26.988+0000][1][safepoint    ] Entering safepoint region: RevokeBias
[2022-06-13T03:10:26.989+0000][1][safepoint    ] Leaving safepoint region
[2022-06-13T03:10:26.989+0000][1][safepoint    ] Total time for which application threads were stopped: 0.0002040 seconds, Stopping threads took: 0.0000898 seconds
[2022-06-13T03:10:26.989+0000][1][safepoint    ] Application time: 0.0000541 seconds
[2022-06-13T03:10:26.989+0000][1][safepoint    ] Entering safepoint region: RevokeBias
[2022-06-13T03:10:26.989+0000][1][safepoint    ] Leaving safepoint region
[2022-06-13T03:10:26.989+0000][1][safepoint    ] Total time for which application threads were stopped: 0.0002335 seconds, Stopping threads took: 0.0000896 seconds
[2022-06-13T03:10:26.989+0000][1][safepoint    ] Application time: 0.0000581 seconds
[2022-06-13T03:10:26.990+0000][1][safepoint    ] Entering safepoint region: RevokeBias
[2022-06-13T03:10:26.990+0000][1][safepoint    ] Leaving safepoint region
[2022-06-13T03:10:26.990+0000][1][safepoint    ] Total time for which application threads were stopped: 0.0002330 seconds, Stopping threads took: 0.0001025 seconds
[2022-06-13T03:10:26.990+0000][1][safepoint    ] Application time: 0.0000581 seconds
[2022-06-13T03:10:26.990+0000][1][safepoint    ] Entering safepoint region: RevokeBias
[2022-06-13T03:10:26.990+0000][1][safepoint    ] Leaving safepoint region
[2022-06-13T03:10:26.990+0000][1][safepoint    ] Total time for which application threads were stopped: 0.0002017 seconds, Stopping threads took: 0.0000894 seconds
[2022-06-13T03:10:26.990+0000][1][safepoint    ] Application time: 0.0000573 seconds
[2022-06-13T03:10:26.990+0000][1][safepoint    ] Entering safepoint region: RevokeBias
[2022-06-13T03:10:26.991+0000][1][safepoint    ] Leaving safepoint region
[2022-06-13T03:10:26.991+0000][1][safepoint    ] Total time for which application threads were stopped: 0.0002108 seconds, Stopping threads took: 0.0000967 seconds
[2022-06-13T03:10:26.991+0000][1][safepoint    ] Application time: 0.0000631 seconds
[2022-06-13T03:10:26.991+0000][1][safepoint    ] Entering safepoint region: RevokeBias
[2022-06-13T03:10:26.991+0000][1][safepoint    ] Leaving safepoint region
[2022-06-13T03:10:26.991+0000][1][safepoint    ] Total time for which application threads were stopped: 0.0002043 seconds, Stopping threads took: 0.0000920 seconds
[2022-06-13T03:10:26.991+0000][1][safepoint    ] Application time: 0.0000581 seconds
[2022-06-13T03:10:26.991+0000][1][safepoint    ] Entering safepoint region: RevokeBias
[2022-06-13T03:10:26.992+0000][1][safepoint    ] Leaving safepoint region
[2022-06-13T03:10:26.992+0000][1][safepoint    ] Total time for which application threads were stopped: 0.0002189 seconds, Stopping threads took: 0.0000930 seconds
[2022-06-13T03:10:26.992+0000][1][safepoint    ] Application time: 0.0000681 seconds
[2022-06-13T03:10:26.992+0000][1][safepoint    ] Entering safepoint region: RevokeBias
[2022-06-13T03:10:26.992+0000][1][safepoint    ] Leaving safepoint region
[2022-06-13T03:10:26.992+0000][1][safepoint    ] Total time for which application threads were stopped: 0.0002081 seconds, Stopping threads took: 0.0000923 seconds
[2022-06-13T03:10:26.992+0000][1][safepoint    ] Application time: 0.0000660 seconds
[2022-06-13T03:10:26.992+0000][1][safepoint    ] Entering safepoint region: RevokeBias
[2022-06-13T03:10:26.992+0000][1][safepoint    ] Leaving safepoint region
[2022-06-13T03:10:26.993+0000][1][safepoint    ] Total time for which application threads were stopped: 0.0002114 seconds, Stopping threads took: 0.0000949 seconds
[2022-06-13T03:10:26.993+0000][1][safepoint    ] Application time: 0.0000569 seconds
[2022-06-13T03:10:26.993+0000][1][safepoint    ] Entering safepoint region: RevokeBias
[2022-06-13T03:10:26.993+0000][1][safepoint    ] Leaving safepoint region
[2022-06-13T03:10:26.993+0000][1][safepoint    ] Total time for which application threads were stopped: 0.0002187 seconds, Stopping threads took: 0.0000927 seconds
[2022-06-13T03:10:26.993+0000][1][safepoint    ] Application time: 0.0000587 seconds
[2022-06-13T03:10:26.993+0000][1][safepoint    ] Entering safepoint region: BulkRevokeBias
[2022-06-13T03:10:26.993+0000][1][safepoint    ] Leaving safepoint region
[2022-06-13T03:10:26.994+0000][1][safepoint    ] Total time for which application threads were stopped: 0.0002806 seconds, Stopping threads took: 0.0001088 seconds
[2022-06-13T03:10:26.994+0000][1][safepoint    ] Application time: 0.0002209 seconds
[2022-06-13T03:10:26.994+0000][1][safepoint    ] Entering safepoint region: RevokeBias
[2022-06-13T03:10:26.995+0000][1][safepoint    ] Leaving safepoint region
[2022-06-13T03:10:26.995+0000][1][safepoint    ] Total time for which application threads were stopped: 0.0006618 seconds, Stopping threads took: 0.0005036 seconds
[2022-06-13T03:10:26.995+0000][1][safepoint    ] Application time: 0.0001086 seconds
[2022-06-13T03:10:26.995+0000][1][safepoint    ] Entering safepoint region: RevokeBias
[2022-06-13T03:10:26.995+0000][1][safepoint    ] Leaving safepoint region
[2022-06-13T03:10:26.995+0000][1][safepoint    ] Total time for which application threads were stopped: 0.0002543 seconds, Stopping threads took: 0.0001152 seconds
[2022-06-13T03:10:26.996+0000][1][safepoint    ] Application time: 0.0002769 seconds
[2022-06-13T03:10:26.996+0000][1][safepoint    ] Entering safepoint region: RevokeBias
[2022-06-13T03:10:26.996+0000][1][safepoint    ] Leaving safepoint region
[2022-06-13T03:10:26.996+0000][1][safepoint    ] Total time for which application threads were stopped: 0.0003004 seconds, Stopping threads took: 0.0001569 seconds
[2022-06-13T03:10:26.996+0000][1][safepoint    ] Application time: 0.0000775 seconds
[2022-06-13T03:10:26.996+0000][1][safepoint    ] Entering safepoint region: RevokeBias
[2022-06-13T03:10:26.997+0000][1][safepoint    ] Leaving safepoint region
[2022-06-13T03:10:26.997+0000][1][safepoint    ] Total time for which application threads were stopped: 0.0003223 seconds, Stopping threads took: 0.0001644 seconds
[2022-06-13T03:10:26.997+0000][1][safepoint    ] Application time: 0.0000746 seconds
[2022-06-13T03:10:26.997+0000][1][safepoint    ] Entering safepoint region: RevokeBias
[2022-06-13T03:10:26.997+0000][1][safepoint    ] Leaving safepoint region
[2022-06-13T03:10:26.997+0000][1][safepoint    ] Total time for which application threads were stopped: 0.0004172 seconds, Stopping threads took: 0.0002833 seconds
[2022-06-13T03:10:26.998+0000][1][safepoint    ] Application time: 0.0000614 seconds
[2022-06-13T03:10:26.998+0000][1][safepoint    ] Entering safepoint region: RevokeBias
[2022-06-13T03:10:26.998+0000][1][safepoint    ] Leaving safepoint region
[2022-06-13T03:10:26.998+0000][1][safepoint    ] Total time for which application threads were stopped: 0.0003020 seconds, Stopping threads took: 0.0001537 seconds
[2022-06-13T03:10:26.998+0000][1][safepoint    ] Application time: 0.0002955 seconds
[2022-06-13T03:10:26.999+0000][1][safepoint    ] Entering safepoint region: RevokeBias
[2022-06-13T03:10:26.999+0000][1][safepoint    ] Leaving safepoint region
[2022-06-13T03:10:26.999+0000][1][safepoint    ] Total time for which application threads were stopped: 0.0004453 seconds, Stopping threads took: 0.0003031 seconds
[2022-06-13T03:10:26.999+0000][1][safepoint    ] Application time: 0.0001486 seconds
[2022-06-13T03:10:27.000+0000][1][safepoint    ] Entering safepoint region: RevokeBias
[2022-06-13T03:10:27.000+0000][1][safepoint    ] Leaving safepoint region
[2022-06-13T03:10:27.000+0000][1][safepoint    ] Total time for which application threads were stopped: 0.0002426 seconds, Stopping threads took: 0.0001077 seconds
[2022-06-13T03:10:27.000+0000][1][safepoint    ] Application time: 0.0001659 seconds
[2022-06-13T03:10:27.000+0000][1][safepoint    ] Entering safepoint region: RevokeBias
[2022-06-13T03:10:27.000+0000][1][safepoint    ] Leaving safepoint region
[2022-06-13T03:10:27.001+0000][1][safepoint    ] Total time for which application threads were stopped: 0.0002973 seconds, Stopping threads took: 0.0001588 seconds
[2022-06-13T03:10:27.001+0000][1][safepoint    ] Application time: 0.0004278 seconds
[2022-06-13T03:10:27.001+0000][1][safepoint    ] Entering safepoint region: RevokeBias
[2022-06-13T03:10:27.001+0000][1][safepoint    ] Leaving safepoint region
[2022-06-13T03:10:27.001+0000][1][safepoint    ] Total time for which application threads were stopped: 0.0002752 seconds, Stopping threads took: 0.0001215 seconds
[2022-06-13T03:10:27.002+0000][1][safepoint    ] Application time: 0.0004972 seconds
[2022-06-13T03:10:27.002+0000][1][safepoint    ] Entering safepoint region: RevokeBias
[2022-06-13T03:10:27.002+0000][1][safepoint    ] Leaving safepoint region
[2022-06-13T03:10:27.002+0000][1][safepoint    ] Total time for which application threads were stopped: 0.0002534 seconds, Stopping threads took: 0.0001177 seconds
[2022-06-13T03:10:27.003+0000][1][safepoint    ] Application time: 0.0000894 seconds
[2022-06-13T03:10:27.003+0000][1][safepoint    ] Entering safepoint region: RevokeBias
[2022-06-13T03:10:27.003+0000][1][safepoint    ] Leaving safepoint region
[2022-06-13T03:10:27.003+0000][1][safepoint    ] Total time for which application threads were stopped: 0.0002978 seconds, Stopping threads took: 0.0001499 seconds
[2022-06-13T03:10:27.004+0000][1][safepoint    ] Application time: 0.0003471 seconds
[2022-06-13T03:10:27.004+0000][1][safepoint    ] Entering safepoint region: RevokeBias
[2022-06-13T03:10:27.004+0000][1][safepoint    ] Leaving safepoint region
[2022-06-13T03:10:27.005+0000][1][safepoint    ] Total time for which application threads were stopped: 0.0007251 seconds, Stopping threads took: 0.0004554 seconds
[2022-06-13T03:10:27.005+0000][1][safepoint    ] Application time: 0.0000830 seconds
[2022-06-13T03:10:27.005+0000][1][safepoint    ] Entering safepoint region: RevokeBias
[2022-06-13T03:10:27.005+0000][1][safepoint    ] Leaving safepoint region
[2022-06-13T03:10:27.006+0000][1][safepoint    ] Total time for which application threads were stopped: 0.0004506 seconds, Stopping threads took: 0.0003155 seconds
[2022-06-13T03:10:27.006+0000][1][safepoint    ] Application time: 0.0001793 seconds
[2022-06-13T03:10:27.006+0000][1][safepoint    ] Entering safepoint region: RevokeBias
[2022-06-13T03:10:27.006+0000][1][safepoint    ] Leaving safepoint region
[2022-06-13T03:10:27.006+0000][1][safepoint    ] Total time for which application threads were stopped: 0.0002200 seconds, Stopping threads took: 0.0001043 seconds
[2022-06-13T03:10:27.007+0000][1][safepoint    ] Application time: 0.0009518 seconds
[2022-06-13T03:10:27.007+0000][1][safepoint    ] Entering safepoint region: RevokeBias
[2022-06-13T03:10:27.007+0000][1][safepoint    ] Leaving safepoint region
[2022-06-13T03:10:27.008+0000][1][safepoint    ] Total time for which application threads were stopped: 0.0002453 seconds, Stopping threads took: 0.0001105 seconds
[2022-06-13T03:10:27.008+0000][1][safepoint    ] Application time: 0.0001196 seconds
[2022-06-13T03:10:27.008+0000][1][safepoint    ] Entering safepoint region: RevokeBias
[2022-06-13T03:10:27.008+0000][1][safepoint    ] Leaving safepoint region
[2022-06-13T03:10:27.008+0000][1][safepoint    ] Total time for which application threads were stopped: 0.0002606 seconds, Stopping threads took: 0.0001311 seconds
[2022-06-13T03:10:27.008+0000][1][safepoint    ] Application time: 0.0000676 seconds
[2022-06-13T03:10:27.008+0000][1][safepoint    ] Entering safepoint region: RevokeBias
[2022-06-13T03:10:27.009+0000][1][safepoint    ] Leaving safepoint region
[2022-06-13T03:10:27.009+0000][1][safepoint    ] Total time for which application threads were stopped: 0.0002419 seconds, Stopping threads took: 0.0001119 seconds
[2022-06-13T03:10:27.010+0000][1][safepoint    ] Application time: 0.0007038 seconds
[2022-06-13T03:10:27.010+0000][1][safepoint    ] Entering safepoint region: RevokeBias
[2022-06-13T03:10:27.010+0000][1][safepoint    ] Leaving safepoint region
[2022-06-13T03:10:27.010+0000][1][safepoint    ] Total time for which application threads were stopped: 0.0005202 seconds, Stopping threads took: 0.0003824 seconds
[2022-06-13T03:10:27.011+0000][1][safepoint    ] Application time: 0.0006293 seconds
[2022-06-13T03:10:27.011+0000][1][safepoint    ] Entering safepoint region: RevokeBias
[2022-06-13T03:10:27.011+0000][1][safepoint    ] Leaving safepoint region
[2022-06-13T03:10:27.011+0000][1][safepoint    ] Total time for which application threads were stopped: 0.0003831 seconds, Stopping threads took: 0.0002613 seconds
[2022-06-13T03:10:27.012+0000][1][safepoint    ] Application time: 0.0000588 seconds
[2022-06-13T03:10:27.012+0000][1][safepoint    ] Entering safepoint region: RevokeBias
[2022-06-13T03:10:27.012+0000][1][safepoint    ] Leaving safepoint region
[2022-06-13T03:10:27.012+0000][1][safepoint    ] Total time for which application threads were stopped: 0.0002688 seconds, Stopping threads took: 0.0001420 seconds
[2022-06-13T03:10:27.012+0000][1][safepoint    ] Application time: 0.0001997 seconds
[2022-06-13T03:10:27.012+0000][1][safepoint    ] Entering safepoint region: RevokeBias
[2022-06-13T03:10:27.013+0000][1][safepoint    ] Leaving safepoint region
[2022-06-13T03:10:27.013+0000][1][safepoint    ] Total time for which application threads were stopped: 0.0002312 seconds, Stopping threads took: 0.0001219 seconds
[2022-06-13T03:10:27.026+0000][1][safepoint    ] Application time: 0.0133661 seconds
[2022-06-13T03:10:27.026+0000][1][safepoint    ] Entering safepoint region: GenCollectForAllocation
[2022-06-13T03:10:27.027+0000][1][gc,start     ] GC(19) Pause Young (Allocation Failure)
[2022-06-13T03:10:27.027+0000][1][gc,task      ] GC(19) Using 5 workers of 13 for evacuation
[2022-06-13T03:10:27.030+0000][1][gc,age       ] GC(19) Desired survivor size 4456448 bytes, new threshold 2 (max threshold 6)
[2022-06-13T03:10:27.030+0000][1][gc,age       ] GC(19) Age table with threshold 2 (max threshold 6)
[2022-06-13T03:10:27.031+0000][1][gc,age       ] GC(19) - age   1:    2941296 bytes,    2941296 total
[2022-06-13T03:10:27.031+0000][1][gc,age       ] GC(19) - age   2:    3877304 bytes,    6818600 total
[2022-06-13T03:10:27.031+0000][1][gc,age       ] GC(19) - age   3:     300472 bytes,    7119072 total
[2022-06-13T03:10:27.031+0000][1][gc,heap      ] GC(19) ParNew: 75373K->7889K(78656K)
[2022-06-13T03:10:27.031+0000][1][gc,heap      ] GC(19) CMS: 55273K->55273K(174784K)
[2022-06-13T03:10:27.031+0000][1][gc,metaspace ] GC(19) Metaspace: 47447K->47447K(1093632K)
[2022-06-13T03:10:27.031+0000][1][gc           ] GC(19) Pause Young (Allocation Failure) 127M->61M(247M) 4.562ms
[2022-06-13T03:10:27.031+0000][1][gc,cpu       ] GC(19) User=0.04s Sys=0.00s Real=0.01s
[2022-06-13T03:10:27.031+0000][1][safepoint    ] Leaving safepoint region
[2022-06-13T03:10:27.031+0000][1][safepoint    ] Total time for which application threads were stopped: 0.0051210 seconds, Stopping threads took: 0.0001438 seconds
[2022-06-13T03:10:27.053+0000][1][safepoint    ] Application time: 0.0219605 seconds
[2022-06-13T03:10:27.054+0000][1][safepoint    ] Entering safepoint region: RevokeBias
[2022-06-13T03:10:27.054+0000][1][safepoint    ] Leaving safepoint region
[2022-06-13T03:10:27.054+0000][1][safepoint    ] Total time for which application threads were stopped: 0.0005870 seconds, Stopping threads took: 0.0003279 seconds
[2022-06-13T03:10:27.464+0000][1][safepoint    ] Application time: 0.4095819 seconds
[2022-06-13T03:10:27.464+0000][1][safepoint    ] Entering safepoint region: GenCollectForAllocation
[2022-06-13T03:10:27.465+0000][1][gc,start     ] GC(20) Pause Young (Allocation Failure)
[2022-06-13T03:10:27.465+0000][1][gc,task      ] GC(20) Using 5 workers of 13 for evacuation
[2022-06-13T03:10:27.471+0000][1][gc,age       ] GC(20) Desired survivor size 4456448 bytes, new threshold 6 (max threshold 6)
[2022-06-13T03:10:27.471+0000][1][gc,age       ] GC(20) Age table with threshold 6 (max threshold 6)
[2022-06-13T03:10:27.471+0000][1][gc,age       ] GC(20) - age   1:    1519784 bytes,    1519784 total
[2022-06-13T03:10:27.471+0000][1][gc,age       ] GC(20) - age   2:    2897088 bytes,    4416872 total
[2022-06-13T03:10:27.471+0000][1][gc,heap      ] GC(20) ParNew: 77841K->7332K(78656K)
[2022-06-13T03:10:27.472+0000][1][gc,heap      ] GC(20) CMS: 55273K->59495K(174784K)
[2022-06-13T03:10:27.472+0000][1][gc,metaspace ] GC(20) Metaspace: 54141K->54141K(1099776K)
[2022-06-13T03:10:27.472+0000][1][gc           ] GC(20) Pause Young (Allocation Failure) 129M->65M(247M) 7.541ms
[2022-06-13T03:10:27.473+0000][1][gc,cpu       ] GC(20) User=0.03s Sys=0.00s Real=0.01s
[2022-06-13T03:10:27.473+0000][1][safepoint    ] Leaving safepoint region
[2022-06-13T03:10:27.473+0000][1][safepoint    ] Total time for which application threads were stopped: 0.0088585 seconds, Stopping threads took: 0.0001996 seconds
[2022-06-13T03:10:27.591+0000][1][safepoint    ] Application time: 0.1169500 seconds
[2022-06-13T03:10:27.591+0000][1][safepoint    ] Entering safepoint region: Deoptimize
[2022-06-13T03:10:27.593+0000][1][safepoint    ] Leaving safepoint region
[2022-06-13T03:10:27.593+0000][1][safepoint    ] Total time for which application threads were stopped: 0.0022159 seconds, Stopping threads took: 0.0003962 seconds
[2022-06-13T03:10:27.618+0000][1][safepoint    ] Application time: 0.0238988 seconds
[2022-06-13T03:10:27.618+0000][1][safepoint    ] Entering safepoint region: RevokeBias
[2022-06-13T03:10:27.618+0000][1][safepoint    ] Leaving safepoint region
[2022-06-13T03:10:27.619+0000][1][safepoint    ] Total time for which application threads were stopped: 0.0009286 seconds, Stopping threads took: 0.0004588 seconds
[2022-06-13T03:10:27.620+0000][1][safepoint    ] Application time: 0.0003069 seconds
[2022-06-13T03:10:27.620+0000][1][safepoint    ] Entering safepoint region: RevokeBias
[2022-06-13T03:10:27.620+0000][1][safepoint    ] Leaving safepoint region
[2022-06-13T03:10:27.621+0000][1][safepoint    ] Total time for which application threads were stopped: 0.0007426 seconds, Stopping threads took: 0.0003292 seconds
[2022-06-13T03:10:27.621+0000][1][safepoint    ] Application time: 0.0001914 seconds
[2022-06-13T03:10:27.622+0000][1][safepoint    ] Entering safepoint region: RevokeBias
[2022-06-13T03:10:27.622+0000][1][safepoint    ] Leaving safepoint region
[2022-06-13T03:10:27.622+0000][1][safepoint    ] Total time for which application threads were stopped: 0.0008070 seconds, Stopping threads took: 0.0004150 seconds
[2022-06-13T03:10:27.625+0000][1][safepoint    ] Application time: 0.0019441 seconds
[2022-06-13T03:10:27.625+0000][1][safepoint    ] Entering safepoint region: RevokeBias
[2022-06-13T03:10:27.625+0000][1][safepoint    ] Leaving safepoint region
[2022-06-13T03:10:27.626+0000][1][safepoint    ] Total time for which application threads were stopped: 0.0006685 seconds, Stopping threads took: 0.0003260 seconds
[2022-06-13T03:10:27.759+0000][1][safepoint    ] Application time: 0.1334466 seconds
[2022-06-13T03:10:27.760+0000][1][safepoint    ] Entering safepoint region: Deoptimize
[2022-06-13T03:10:27.762+0000][1][safepoint    ] Leaving safepoint region
[2022-06-13T03:10:27.762+0000][1][safepoint    ] Total time for which application threads were stopped: 0.0022485 seconds, Stopping threads took: 0.0004581 seconds
[2022-06-13T03:10:27.890+0000][1][safepoint    ] Application time: 0.1276340 seconds
[2022-06-13T03:10:27.891+0000][1][safepoint    ] Entering safepoint region: RevokeBias
[2022-06-13T03:10:27.892+0000][1][safepoint    ] Leaving safepoint region
[2022-06-13T03:10:27.892+0000][1][safepoint    ] Total time for which application threads were stopped: 0.0011907 seconds, Stopping threads took: 0.0006097 seconds
[2022-06-13T03:10:27.893+0000][1][safepoint    ] Application time: 0.0003164 seconds
[2022-06-13T03:10:27.893+0000][1][safepoint    ] Entering safepoint region: RevokeBias
[2022-06-13T03:10:27.894+0000][1][safepoint    ] Leaving safepoint region
[2022-06-13T03:10:27.894+0000][1][safepoint    ] Total time for which application threads were stopped: 0.0010924 seconds, Stopping threads took: 0.0004662 seconds
[2022-06-13T03:10:27.896+0000][1][safepoint    ] Application time: 0.0005993 seconds
[2022-06-13T03:10:27.896+0000][1][safepoint    ] Entering safepoint region: BulkRevokeBias
[2022-06-13T03:10:27.896+0000][1][safepoint    ] Leaving safepoint region
[2022-06-13T03:10:27.897+0000][1][safepoint    ] Total time for which application threads were stopped: 0.0008991 seconds, Stopping threads took: 0.0005162 seconds
[2022-06-13T03:10:27.943+0000][1][safepoint    ] Application time: 0.0456772 seconds
[2022-06-13T03:10:27.943+0000][1][safepoint    ] Entering safepoint region: RevokeBias
[2022-06-13T03:10:27.944+0000][1][safepoint    ] Leaving safepoint region
[2022-06-13T03:10:27.944+0000][1][safepoint    ] Total time for which application threads were stopped: 0.0005874 seconds, Stopping threads took: 0.0002865 seconds
[2022-06-13T03:10:27.945+0000][1][safepoint    ] Application time: 0.0003147 seconds
[2022-06-13T03:10:27.945+0000][1][safepoint    ] Entering safepoint region: RevokeBias
[2022-06-13T03:10:27.945+0000][1][safepoint    ] Leaving safepoint region
[2022-06-13T03:10:27.946+0000][1][safepoint    ] Total time for which application threads were stopped: 0.0007873 seconds, Stopping threads took: 0.0003298 seconds
[2022-06-13T03:10:27.946+0000][1][safepoint    ] Application time: 0.0003168 seconds
[2022-06-13T03:10:27.947+0000][1][safepoint    ] Entering safepoint region: RevokeBias
[2022-06-13T03:10:27.947+0000][1][safepoint    ] Leaving safepoint region
[2022-06-13T03:10:27.947+0000][1][safepoint    ] Total time for which application threads were stopped: 0.0005053 seconds, Stopping threads took: 0.0002334 seconds
[2022-06-13T03:10:28.017+0000][1][safepoint    ] Application time: 0.0701684 seconds
[2022-06-13T03:10:28.018+0000][1][safepoint    ] Entering safepoint region: RevokeBias
[2022-06-13T03:10:28.018+0000][1][safepoint    ] Leaving safepoint region
[2022-06-13T03:10:28.018+0000][1][safepoint    ] Total time for which application threads were stopped: 0.0006450 seconds, Stopping threads took: 0.0003786 seconds
[2022-06-13T03:10:28.099+0000][1][safepoint    ] Application time: 0.0804451 seconds
[2022-06-13T03:10:28.100+0000][1][safepoint    ] Entering safepoint region: GenCollectForAllocation
[2022-06-13T03:10:28.100+0000][1][gc,start     ] GC(21) Pause Young (Allocation Failure)
[2022-06-13T03:10:28.101+0000][1][gc,task      ] GC(21) Using 5 workers of 13 for evacuation
[2022-06-13T03:10:28.107+0000][1][gc,age       ] GC(21) Desired survivor size 4456448 bytes, new threshold 2 (max threshold 6)
[2022-06-13T03:10:28.108+0000][1][gc,age       ] GC(21) Age table with threshold 2 (max threshold 6)
[2022-06-13T03:10:28.108+0000][1][gc,age       ] GC(21) - age   1:    3923776 bytes,    3923776 total
[2022-06-13T03:10:28.109+0000][1][gc,age       ] GC(21) - age   2:    1425792 bytes,    5349568 total
[2022-06-13T03:10:28.109+0000][1][gc,age       ] GC(21) - age   3:    2881904 bytes,    8231472 total
[2022-06-13T03:10:28.110+0000][1][gc,heap      ] GC(21) ParNew: 77284K->8704K(78656K)
[2022-06-13T03:10:28.111+0000][1][gc,heap      ] GC(21) CMS: 59495K->59675K(174784K)
[2022-06-13T03:10:28.111+0000][1][gc,metaspace ] GC(21) Metaspace: 62389K->62389K(1105920K)
[2022-06-13T03:10:28.112+0000][1][gc           ] GC(21) Pause Young (Allocation Failure) 133M->66M(247M) 11.526ms
[2022-06-13T03:10:28.112+0000][1][gc,cpu       ] GC(21) User=0.03s Sys=0.00s Real=0.01s
[2022-06-13T03:10:28.113+0000][1][safepoint    ] Leaving safepoint region
[2022-06-13T03:10:28.113+0000][1][safepoint    ] Total time for which application threads were stopped: 0.0138145 seconds, Stopping threads took: 0.0005215 seconds
[2022-06-13T03:10:28.139+0000][1][safepoint    ] Application time: 0.0247895 seconds
[2022-06-13T03:10:28.139+0000][1][safepoint    ] Entering safepoint region: Deoptimize
[2022-06-13T03:10:28.141+0000][1][safepoint    ] Leaving safepoint region
[2022-06-13T03:10:28.141+0000][1][safepoint    ] Total time for which application threads were stopped: 0.0019129 seconds, Stopping threads took: 0.0006088 seconds
[2022-06-13T03:10:28.147+0000][1][safepoint    ] Application time: 0.0055835 seconds
[2022-06-13T03:10:28.148+0000][1][safepoint    ] Entering safepoint region: RevokeBias
[2022-06-13T03:10:28.149+0000][1][safepoint    ] Leaving safepoint region
[2022-06-13T03:10:28.150+0000][1][safepoint    ] Total time for which application threads were stopped: 0.0015801 seconds, Stopping threads took: 0.0007808 seconds
[2022-06-13T03:10:28.151+0000][1][safepoint    ] Application time: 0.0005572 seconds
[2022-06-13T03:10:28.151+0000][1][safepoint    ] Entering safepoint region: BulkRevokeBias
[2022-06-13T03:10:28.152+0000][1][safepoint    ] Leaving safepoint region
[2022-06-13T03:10:28.152+0000][1][safepoint    ] Total time for which application threads were stopped: 0.0004855 seconds, Stopping threads took: 0.0002066 seconds
[2022-06-13T03:10:28.153+0000][1][safepoint    ] Application time: 0.0008041 seconds
[2022-06-13T03:10:28.153+0000][1][safepoint    ] Entering safepoint region: RevokeBias
[2022-06-13T03:10:28.154+0000][1][safepoint    ] Leaving safepoint region
[2022-06-13T03:10:28.154+0000][1][safepoint    ] Total time for which application threads were stopped: 0.0005919 seconds, Stopping threads took: 0.0003066 seconds
[2022-06-13T03:10:28.155+0000][1][safepoint    ] Application time: 0.0005270 seconds
[2022-06-13T03:10:28.155+0000][1][safepoint    ] Entering safepoint region: RevokeBias
[2022-06-13T03:10:28.156+0000][1][safepoint    ] Leaving safepoint region
[2022-06-13T03:10:28.157+0000][1][safepoint    ] Total time for which application threads were stopped: 0.0011637 seconds, Stopping threads took: 0.0005469 seconds
[2022-06-13T03:10:28.157+0000][1][safepoint    ] Application time: 0.0003147 seconds
[2022-06-13T03:10:28.158+0000][1][safepoint    ] Entering safepoint region: RevokeBias
[2022-06-13T03:10:28.158+0000][1][safepoint    ] Leaving safepoint region
[2022-06-13T03:10:28.159+0000][1][safepoint    ] Total time for which application threads were stopped: 0.0009346 seconds, Stopping threads took: 0.0004463 seconds
[2022-06-13T03:10:28.159+0000][1][safepoint    ] Application time: 0.0002007 seconds
[2022-06-13T03:10:28.159+0000][1][safepoint    ] Entering safepoint region: RevokeBias
[2022-06-13T03:10:28.160+0000][1][safepoint    ] Leaving safepoint region
[2022-06-13T03:10:28.160+0000][1][safepoint    ] Total time for which application threads were stopped: 0.0008205 seconds, Stopping threads took: 0.0004345 seconds
[2022-06-13T03:10:28.161+0000][1][safepoint    ] Application time: 0.0003941 seconds
[2022-06-13T03:10:28.162+0000][1][safepoint    ] Entering safepoint region: RevokeBias
[2022-06-13T03:10:28.162+0000][1][safepoint    ] Leaving safepoint region
[2022-06-13T03:10:28.162+0000][1][safepoint    ] Total time for which application threads were stopped: 0.0008577 seconds, Stopping threads took: 0.0003656 seconds
[2022-06-13T03:10:28.163+0000][1][safepoint    ] Application time: 0.0004023 seconds
[2022-06-13T03:10:28.164+0000][1][safepoint    ] Entering safepoint region: RevokeBias
[2022-06-13T03:10:28.164+0000][1][safepoint    ] Leaving safepoint region
[2022-06-13T03:10:28.165+0000][1][safepoint    ] Total time for which application threads were stopped: 0.0010653 seconds, Stopping threads took: 0.0005591 seconds
[2022-06-13T03:10:28.165+0000][1][safepoint    ] Application time: 0.0003941 seconds
[2022-06-13T03:10:28.166+0000][1][safepoint    ] Entering safepoint region: RevokeBias
[2022-06-13T03:10:28.166+0000][1][safepoint    ] Leaving safepoint region
[2022-06-13T03:10:28.166+0000][1][safepoint    ] Total time for which application threads were stopped: 0.0007175 seconds, Stopping threads took: 0.0002967 seconds
[2022-06-13T03:10:28.167+0000][1][safepoint    ] Application time: 0.0002408 seconds
[2022-06-13T03:10:28.167+0000][1][safepoint    ] Entering safepoint region: RevokeBias
[2022-06-13T03:10:28.167+0000][1][safepoint    ] Leaving safepoint region
[2022-06-13T03:10:28.168+0000][1][safepoint    ] Total time for which application threads were stopped: 0.0005630 seconds, Stopping threads took: 0.0002607 seconds
[2022-06-13T03:10:28.169+0000][1][safepoint    ] Application time: 0.0012695 seconds
[2022-06-13T03:10:28.170+0000][1][safepoint    ] Entering safepoint region: RevokeBias
[2022-06-13T03:10:28.170+0000][1][safepoint    ] Leaving safepoint region
[2022-06-13T03:10:28.170+0000][1][safepoint    ] Total time for which application threads were stopped: 0.0008030 seconds, Stopping threads took: 0.0004056 seconds
[2022-06-13T03:10:28.171+0000][1][safepoint    ] Application time: 0.0004015 seconds
[2022-06-13T03:10:28.172+0000][1][safepoint    ] Entering safepoint region: RevokeBias
[2022-06-13T03:10:28.172+0000][1][safepoint    ] Leaving safepoint region
[2022-06-13T03:10:28.172+0000][1][safepoint    ] Total time for which application threads were stopped: 0.0007918 seconds, Stopping threads took: 0.0004699 seconds
[2022-06-13T03:10:28.175+0000][1][safepoint    ] Application time: 0.0024262 seconds
[2022-06-13T03:10:28.176+0000][1][safepoint    ] Entering safepoint region: Deoptimize
[2022-06-13T03:10:28.177+0000][1][safepoint    ] Leaving safepoint region
[2022-06-13T03:10:28.177+0000][1][safepoint    ] Total time for which application threads were stopped: 0.0012187 seconds, Stopping threads took: 0.0004175 seconds
[2022-06-13T03:10:28.178+0000][1][safepoint    ] Application time: 0.0006079 seconds
[2022-06-13T03:10:28.178+0000][1][safepoint    ] Entering safepoint region: RevokeBias
[2022-06-13T03:10:28.179+0000][1][safepoint    ] Leaving safepoint region
[2022-06-13T03:10:28.179+0000][1][safepoint    ] Total time for which application threads were stopped: 0.0008796 seconds, Stopping threads took: 0.0003708 seconds
[2022-06-13T03:10:28.213+0000][1][safepoint    ] Application time: 0.0331302 seconds
[2022-06-13T03:10:28.213+0000][1][safepoint    ] Entering safepoint region: RevokeBias
[2022-06-13T03:10:28.214+0000][1][safepoint    ] Leaving safepoint region
[2022-06-13T03:10:28.215+0000][1][safepoint    ] Total time for which application threads were stopped: 0.0014083 seconds, Stopping threads took: 0.0007205 seconds
[2022-06-13T03:10:28.216+0000][1][safepoint    ] Application time: 0.0002617 seconds
[2022-06-13T03:10:28.216+0000][1][safepoint    ] Entering safepoint region: RevokeBias
[2022-06-13T03:10:28.216+0000][1][safepoint    ] Leaving safepoint region
[2022-06-13T03:10:28.217+0000][1][safepoint    ] Total time for which application threads were stopped: 0.0007283 seconds, Stopping threads took: 0.0004290 seconds
[2022-06-13T03:10:28.218+0000][1][safepoint    ] Application time: 0.0004957 seconds
[2022-06-13T03:10:28.218+0000][1][safepoint    ] Entering safepoint region: RevokeBias
[2022-06-13T03:10:28.218+0000][1][safepoint    ] Leaving safepoint region
[2022-06-13T03:10:28.219+0000][1][safepoint    ] Total time for which application threads were stopped: 0.0008453 seconds, Stopping threads took: 0.0003936 seconds
[2022-06-13T03:10:28.220+0000][1][safepoint    ] Application time: 0.0005809 seconds
[2022-06-13T03:10:28.220+0000][1][safepoint    ] Entering safepoint region: RevokeBias
[2022-06-13T03:10:28.221+0000][1][safepoint    ] Leaving safepoint region
[2022-06-13T03:10:28.221+0000][1][safepoint    ] Total time for which application threads were stopped: 0.0010469 seconds, Stopping threads took: 0.0004503 seconds
[2022-06-13T03:10:28.223+0000][1][safepoint    ] Application time: 0.0008185 seconds
[2022-06-13T03:10:28.224+0000][1][safepoint    ] Entering safepoint region: RevokeBias
[2022-06-13T03:10:28.224+0000][1][safepoint    ] Leaving safepoint region
[2022-06-13T03:10:28.225+0000][1][safepoint    ] Total time for which application threads were stopped: 0.0017380 seconds, Stopping threads took: 0.0005569 seconds
[2022-06-13T03:10:28.227+0000][1][safepoint    ] Application time: 0.0010060 seconds
[2022-06-13T03:10:28.227+0000][1][safepoint    ] Entering safepoint region: RevokeBias
[2022-06-13T03:10:28.228+0000][1][safepoint    ] Leaving safepoint region
[2022-06-13T03:10:28.228+0000][1][safepoint    ] Total time for which application threads were stopped: 0.0010450 seconds, Stopping threads took: 0.0006009 seconds
[2022-06-13T03:10:28.229+0000][1][safepoint    ] Application time: 0.0002814 seconds
[2022-06-13T03:10:28.230+0000][1][safepoint    ] Entering safepoint region: RevokeBias
[2022-06-13T03:10:28.231+0000][1][safepoint    ] Leaving safepoint region
[2022-06-13T03:10:28.231+0000][1][safepoint    ] Total time for which application threads were stopped: 0.0015554 seconds, Stopping threads took: 0.0010424 seconds
[2022-06-13T03:10:28.232+0000][1][safepoint    ] Application time: 0.0005659 seconds
[2022-06-13T03:10:28.233+0000][1][safepoint    ] Entering safepoint region: RevokeBias
[2022-06-13T03:10:28.234+0000][1][safepoint    ] Leaving safepoint region
[2022-06-13T03:10:28.234+0000][1][safepoint    ] Total time for which application threads were stopped: 0.0012314 seconds, Stopping threads took: 0.0006767 seconds
[2022-06-13T03:10:28.236+0000][1][safepoint    ] Application time: 0.0010157 seconds
[2022-06-13T03:10:28.236+0000][1][safepoint    ] Entering safepoint region: RevokeBias
[2022-06-13T03:10:28.236+0000][1][safepoint    ] Leaving safepoint region
[2022-06-13T03:10:28.237+0000][1][safepoint    ] Total time for which application threads were stopped: 0.0007708 seconds, Stopping threads took: 0.0003431 seconds
[2022-06-13T03:10:28.238+0000][1][safepoint    ] Application time: 0.0004007 seconds
[2022-06-13T03:10:28.239+0000][1][safepoint    ] Entering safepoint region: RevokeBias
[2022-06-13T03:10:28.239+0000][1][safepoint    ] Leaving safepoint region
[2022-06-13T03:10:28.240+0000][1][safepoint    ] Total time for which application threads were stopped: 0.0019163 seconds, Stopping threads took: 0.0010405 seconds
[2022-06-13T03:10:28.241+0000][1][safepoint    ] Application time: 0.0003451 seconds
[2022-06-13T03:10:28.242+0000][1][safepoint    ] Entering safepoint region: RevokeBias
[2022-06-13T03:10:28.242+0000][1][safepoint    ] Leaving safepoint region
[2022-06-13T03:10:28.243+0000][1][safepoint    ] Total time for which application threads were stopped: 0.0013773 seconds, Stopping threads took: 0.0007839 seconds
[2022-06-13T03:10:28.244+0000][1][safepoint    ] Application time: 0.0007673 seconds
[2022-06-13T03:10:28.245+0000][1][safepoint    ] Entering safepoint region: RevokeBias
[2022-06-13T03:10:28.245+0000][1][safepoint    ] Leaving safepoint region
[2022-06-13T03:10:28.246+0000][1][safepoint    ] Total time for which application threads were stopped: 0.0011997 seconds, Stopping threads took: 0.0004861 seconds
[2022-06-13T03:10:28.247+0000][1][safepoint    ] Application time: 0.0002502 seconds
[2022-06-13T03:10:28.248+0000][1][safepoint    ] Entering safepoint region: RevokeBias
[2022-06-13T03:10:28.248+0000][1][safepoint    ] Leaving safepoint region
[2022-06-13T03:10:28.249+0000][1][safepoint    ] Total time for which application threads were stopped: 0.0012519 seconds, Stopping threads took: 0.0006957 seconds
[2022-06-13T03:10:28.250+0000][1][safepoint    ] Application time: 0.0010384 seconds
[2022-06-13T03:10:28.251+0000][1][safepoint    ] Entering safepoint region: RevokeBias
[2022-06-13T03:10:28.251+0000][1][safepoint    ] Leaving safepoint region
[2022-06-13T03:10:28.252+0000][1][safepoint    ] Total time for which application threads were stopped: 0.0007875 seconds, Stopping threads took: 0.0004142 seconds
[2022-06-13T03:10:28.252+0000][1][safepoint    ] Application time: 0.0004530 seconds
[2022-06-13T03:10:28.253+0000][1][safepoint    ] Entering safepoint region: RevokeBias
[2022-06-13T03:10:28.253+0000][1][safepoint    ] Leaving safepoint region
[2022-06-13T03:10:28.254+0000][1][safepoint    ] Total time for which application threads were stopped: 0.0007780 seconds, Stopping threads took: 0.0003781 seconds
[2022-06-13T03:10:28.255+0000][1][safepoint    ] Application time: 0.0005012 seconds
[2022-06-13T03:10:28.255+0000][1][safepoint    ] Entering safepoint region: RevokeBias
[2022-06-13T03:10:28.256+0000][1][safepoint    ] Leaving safepoint region
[2022-06-13T03:10:28.257+0000][1][safepoint    ] Total time for which application threads were stopped: 0.0013900 seconds, Stopping threads took: 0.0008598 seconds
[2022-06-13T03:10:28.258+0000][1][safepoint    ] Application time: 0.0007024 seconds
[2022-06-13T03:10:28.259+0000][1][safepoint    ] Entering safepoint region: RevokeBias
[2022-06-13T03:10:28.259+0000][1][safepoint    ] Leaving safepoint region
[2022-06-13T03:10:28.260+0000][1][safepoint    ] Total time for which application threads were stopped: 0.0009934 seconds, Stopping threads took: 0.0005594 seconds
[2022-06-13T03:10:28.260+0000][1][safepoint    ] Application time: 0.0002461 seconds
[2022-06-13T03:10:28.261+0000][1][safepoint    ] Entering safepoint region: RevokeBias
[2022-06-13T03:10:28.261+0000][1][safepoint    ] Leaving safepoint region
[2022-06-13T03:10:28.261+0000][1][safepoint    ] Total time for which application threads were stopped: 0.0010077 seconds, Stopping threads took: 0.0003408 seconds
[2022-06-13T03:10:28.263+0000][1][safepoint    ] Application time: 0.0005322 seconds
[2022-06-13T03:10:28.263+0000][1][safepoint    ] Entering safepoint region: RevokeBias
[2022-06-13T03:10:28.263+0000][1][safepoint    ] Leaving safepoint region
[2022-06-13T03:10:28.264+0000][1][safepoint    ] Total time for which application threads were stopped: 0.0009760 seconds, Stopping threads took: 0.0003776 seconds
[2022-06-13T03:10:28.265+0000][1][safepoint    ] Application time: 0.0005925 seconds
[2022-06-13T03:10:28.266+0000][1][safepoint    ] Entering safepoint region: RevokeBias
[2022-06-13T03:10:28.266+0000][1][safepoint    ] Leaving safepoint region
[2022-06-13T03:10:28.266+0000][1][safepoint    ] Total time for which application threads were stopped: 0.0005582 seconds, Stopping threads took: 0.0003311 seconds
[2022-06-13T03:10:28.267+0000][1][safepoint    ] Application time: 0.0003903 seconds
[2022-06-13T03:10:28.267+0000][1][safepoint    ] Entering safepoint region: RevokeBias
[2022-06-13T03:10:28.267+0000][1][safepoint    ] Leaving safepoint region
[2022-06-13T03:10:28.268+0000][1][safepoint    ] Total time for which application threads were stopped: 0.0005566 seconds, Stopping threads took: 0.0002723 seconds
[2022-06-13T03:10:28.268+0000][1][safepoint    ] Application time: 0.0002691 seconds
[2022-06-13T03:10:28.269+0000][1][safepoint    ] Entering safepoint region: RevokeBias
[2022-06-13T03:10:28.269+0000][1][safepoint    ] Leaving safepoint region
[2022-06-13T03:10:28.269+0000][1][safepoint    ] Total time for which application threads were stopped: 0.0005314 seconds, Stopping threads took: 0.0002841 seconds
[2022-06-13T03:10:28.270+0000][1][safepoint    ] Application time: 0.0005130 seconds
[2022-06-13T03:10:28.270+0000][1][safepoint    ] Entering safepoint region: RevokeBias
[2022-06-13T03:10:28.270+0000][1][safepoint    ] Leaving safepoint region
[2022-06-13T03:10:28.271+0000][1][safepoint    ] Total time for which application threads were stopped: 0.0004992 seconds, Stopping threads took: 0.0003287 seconds
[2022-06-13T03:10:28.271+0000][1][safepoint    ] Application time: 0.0002095 seconds
[2022-06-13T03:10:28.271+0000][1][safepoint    ] Entering safepoint region: RevokeBias
[2022-06-13T03:10:28.272+0000][1][safepoint    ] Leaving safepoint region
[2022-06-13T03:10:28.272+0000][1][safepoint    ] Total time for which application threads were stopped: 0.0008410 seconds, Stopping threads took: 0.0003226 seconds
[2022-06-13T03:10:28.279+0000][1][safepoint    ] Application time: 0.0063419 seconds
[2022-06-13T03:10:28.279+0000][1][safepoint    ] Entering safepoint region: RevokeBias
[2022-06-13T03:10:28.280+0000][1][safepoint    ] Leaving safepoint region
[2022-06-13T03:10:28.280+0000][1][safepoint    ] Total time for which application threads were stopped: 0.0010134 seconds, Stopping threads took: 0.0006162 seconds
[2022-06-13T03:10:28.281+0000][1][safepoint    ] Application time: 0.0002120 seconds
[2022-06-13T03:10:28.281+0000][1][safepoint    ] Entering safepoint region: RevokeBias
[2022-06-13T03:10:28.281+0000][1][safepoint    ] Leaving safepoint region
[2022-06-13T03:10:28.282+0000][1][safepoint    ] Total time for which application threads were stopped: 0.0006666 seconds, Stopping threads took: 0.0004361 seconds
[2022-06-13T03:10:28.282+0000][1][safepoint    ] Application time: 0.0000937 seconds
[2022-06-13T03:10:28.282+0000][1][safepoint    ] Entering safepoint region: RevokeBias
[2022-06-13T03:10:28.282+0000][1][safepoint    ] Leaving safepoint region
[2022-06-13T03:10:28.283+0000][1][safepoint    ] Total time for which application threads were stopped: 0.0005678 seconds, Stopping threads took: 0.0003186 seconds
[2022-06-13T03:10:28.283+0000][1][safepoint    ] Application time: 0.0003171 seconds
[2022-06-13T03:10:28.284+0000][1][safepoint    ] Entering safepoint region: RevokeBias
[2022-06-13T03:10:28.284+0000][1][safepoint    ] Leaving safepoint region
[2022-06-13T03:10:28.284+0000][1][safepoint    ] Total time for which application threads were stopped: 0.0005778 seconds, Stopping threads took: 0.0003336 seconds
[2022-06-13T03:10:28.284+0000][1][safepoint    ] Application time: 0.0000560 seconds
[2022-06-13T03:10:28.285+0000][1][safepoint    ] Entering safepoint region: RevokeBias
[2022-06-13T03:10:28.285+0000][1][safepoint    ] Leaving safepoint region
[2022-06-13T03:10:28.285+0000][1][safepoint    ] Total time for which application threads were stopped: 0.0004796 seconds, Stopping threads took: 0.0002435 seconds
[2022-06-13T03:10:28.286+0000][1][safepoint    ] Application time: 0.0001987 seconds
[2022-06-13T03:10:28.286+0000][1][safepoint    ] Entering safepoint region: RevokeBias
[2022-06-13T03:10:28.287+0000][1][safepoint    ] Leaving safepoint region
[2022-06-13T03:10:28.287+0000][1][safepoint    ] Total time for which application threads were stopped: 0.0008747 seconds, Stopping threads took: 0.0003986 seconds
[2022-06-13T03:10:28.288+0000][1][safepoint    ] Application time: 0.0006480 seconds
[2022-06-13T03:10:28.288+0000][1][safepoint    ] Entering safepoint region: RevokeBias
[2022-06-13T03:10:28.289+0000][1][safepoint    ] Leaving safepoint region
[2022-06-13T03:10:28.289+0000][1][safepoint    ] Total time for which application threads were stopped: 0.0009856 seconds, Stopping threads took: 0.0005181 seconds
[2022-06-13T03:10:28.290+0000][1][safepoint    ] Application time: 0.0001418 seconds
[2022-06-13T03:10:28.290+0000][1][safepoint    ] Entering safepoint region: RevokeBias
[2022-06-13T03:10:28.291+0000][1][safepoint    ] Leaving safepoint region
[2022-06-13T03:10:28.291+0000][1][safepoint    ] Total time for which application threads were stopped: 0.0009283 seconds, Stopping threads took: 0.0003695 seconds
[2022-06-13T03:10:28.293+0000][1][safepoint    ] Application time: 0.0017482 seconds
[2022-06-13T03:10:28.294+0000][1][safepoint    ] Entering safepoint region: RevokeBias
[2022-06-13T03:10:28.294+0000][1][safepoint    ] Leaving safepoint region
[2022-06-13T03:10:28.294+0000][1][safepoint    ] Total time for which application threads were stopped: 0.0008527 seconds, Stopping threads took: 0.0004774 seconds
[2022-06-13T03:10:28.295+0000][1][safepoint    ] Application time: 0.0001054 seconds
[2022-06-13T03:10:28.295+0000][1][safepoint    ] Entering safepoint region: RevokeBias
[2022-06-13T03:10:28.295+0000][1][safepoint    ] Leaving safepoint region
[2022-06-13T03:10:28.296+0000][1][safepoint    ] Total time for which application threads were stopped: 0.0006428 seconds, Stopping threads took: 0.0001420 seconds
[2022-06-13T03:10:28.298+0000][1][safepoint    ] Application time: 0.0016288 seconds
[2022-06-13T03:10:28.298+0000][1][safepoint    ] Entering safepoint region: RevokeBias
[2022-06-13T03:10:28.298+0000][1][safepoint    ] Leaving safepoint region
[2022-06-13T03:10:28.299+0000][1][safepoint    ] Total time for which application threads were stopped: 0.0007311 seconds, Stopping threads took: 0.0003799 seconds
[2022-06-13T03:10:28.299+0000][1][safepoint    ] Application time: 0.0001383 seconds
[2022-06-13T03:10:28.299+0000][1][safepoint    ] Entering safepoint region: RevokeBias
[2022-06-13T03:10:28.299+0000][1][safepoint    ] Leaving safepoint region
[2022-06-13T03:10:28.300+0000][1][safepoint    ] Total time for which application threads were stopped: 0.0004953 seconds, Stopping threads took: 0.0001748 seconds
[2022-06-13T03:10:28.300+0000][1][safepoint    ] Application time: 0.0002053 seconds
[2022-06-13T03:10:28.301+0000][1][safepoint    ] Entering safepoint region: RevokeBias
[2022-06-13T03:10:28.301+0000][1][safepoint    ] Leaving safepoint region
[2022-06-13T03:10:28.301+0000][1][safepoint    ] Total time for which application threads were stopped: 0.0005787 seconds, Stopping threads took: 0.0003014 seconds
[2022-06-13T03:10:28.301+0000][1][safepoint    ] Application time: 0.0000806 seconds
[2022-06-13T03:10:28.302+0000][1][safepoint    ] Entering safepoint region: RevokeBias
[2022-06-13T03:10:28.302+0000][1][safepoint    ] Leaving safepoint region
[2022-06-13T03:10:28.303+0000][1][safepoint    ] Total time for which application threads were stopped: 0.0007472 seconds, Stopping threads took: 0.0003555 seconds
[2022-06-13T03:10:28.303+0000][1][safepoint    ] Application time: 0.0001032 seconds
[2022-06-13T03:10:28.303+0000][1][safepoint    ] Entering safepoint region: RevokeBias
[2022-06-13T03:10:28.303+0000][1][safepoint    ] Leaving safepoint region
[2022-06-13T03:10:28.304+0000][1][safepoint    ] Total time for which application threads were stopped: 0.0004902 seconds, Stopping threads took: 0.0002297 seconds
[2022-06-13T03:10:28.306+0000][1][safepoint    ] Application time: 0.0017834 seconds
[2022-06-13T03:10:28.306+0000][1][safepoint    ] Entering safepoint region: RevokeBias
[2022-06-13T03:10:28.307+0000][1][safepoint    ] Leaving safepoint region
[2022-06-13T03:10:28.307+0000][1][safepoint    ] Total time for which application threads were stopped: 0.0010274 seconds, Stopping threads took: 0.0004807 seconds
[2022-06-13T03:10:28.308+0000][1][safepoint    ] Application time: 0.0005845 seconds
[2022-06-13T03:10:28.308+0000][1][safepoint    ] Entering safepoint region: RevokeBias
[2022-06-13T03:10:28.309+0000][1][safepoint    ] Leaving safepoint region
[2022-06-13T03:10:28.309+0000][1][safepoint    ] Total time for which application threads were stopped: 0.0007384 seconds, Stopping threads took: 0.0003476 seconds
[2022-06-13T03:10:28.309+0000][1][safepoint    ] Application time: 0.0001464 seconds
[2022-06-13T03:10:28.310+0000][1][safepoint    ] Entering safepoint region: RevokeBias
[2022-06-13T03:10:28.310+0000][1][safepoint    ] Leaving safepoint region
[2022-06-13T03:10:28.311+0000][1][safepoint    ] Total time for which application threads were stopped: 0.0008374 seconds, Stopping threads took: 0.0003628 seconds
[2022-06-13T03:10:28.313+0000][1][safepoint    ] Application time: 0.0014724 seconds
[2022-06-13T03:10:28.313+0000][1][safepoint    ] Entering safepoint region: RevokeBias
[2022-06-13T03:10:28.314+0000][1][safepoint    ] Leaving safepoint region
[2022-06-13T03:10:28.314+0000][1][safepoint    ] Total time for which application threads were stopped: 0.0010070 seconds, Stopping threads took: 0.0004755 seconds
[2022-06-13T03:10:28.316+0000][1][safepoint    ] Application time: 0.0015446 seconds
[2022-06-13T03:10:28.316+0000][1][safepoint    ] Entering safepoint region: RevokeBias
[2022-06-13T03:10:28.317+0000][1][safepoint    ] Leaving safepoint region
[2022-06-13T03:10:28.318+0000][1][safepoint    ] Total time for which application threads were stopped: 0.0014634 seconds, Stopping threads took: 0.0008360 seconds
[2022-06-13T03:10:28.318+0000][1][safepoint    ] Application time: 0.0001591 seconds
[2022-06-13T03:10:28.319+0000][1][safepoint    ] Entering safepoint region: RevokeBias
[2022-06-13T03:10:28.319+0000][1][safepoint    ] Leaving safepoint region
[2022-06-13T03:10:28.320+0000][1][safepoint    ] Total time for which application threads were stopped: 0.0008186 seconds, Stopping threads took: 0.0003852 seconds
[2022-06-13T03:10:28.320+0000][1][safepoint    ] Application time: 0.0001337 seconds
[2022-06-13T03:10:28.321+0000][1][safepoint    ] Entering safepoint region: RevokeBias
[2022-06-13T03:10:28.321+0000][1][safepoint    ] Leaving safepoint region
[2022-06-13T03:10:28.321+0000][1][safepoint    ] Total time for which application threads were stopped: 0.0009307 seconds, Stopping threads took: 0.0004176 seconds
[2022-06-13T03:10:28.323+0000][1][safepoint    ] Application time: 0.0005433 seconds
[2022-06-13T03:10:28.323+0000][1][safepoint    ] Entering safepoint region: RevokeBias
[2022-06-13T03:10:28.323+0000][1][safepoint    ] Leaving safepoint region
[2022-06-13T03:10:28.324+0000][1][safepoint    ] Total time for which application threads were stopped: 0.0006907 seconds, Stopping threads took: 0.0003989 seconds
[2022-06-13T03:10:28.325+0000][1][safepoint    ] Application time: 0.0012160 seconds
[2022-06-13T03:10:28.325+0000][1][safepoint    ] Entering safepoint region: RevokeBias
[2022-06-13T03:10:28.326+0000][1][safepoint    ] Leaving safepoint region
[2022-06-13T03:10:28.326+0000][1][safepoint    ] Total time for which application threads were stopped: 0.0005529 seconds, Stopping threads took: 0.0003294 seconds
[2022-06-13T03:10:28.326+0000][1][safepoint    ] Application time: 0.0001929 seconds
[2022-06-13T03:10:28.327+0000][1][safepoint    ] Entering safepoint region: RevokeBias
[2022-06-13T03:10:28.327+0000][1][safepoint    ] Leaving safepoint region
[2022-06-13T03:10:28.327+0000][1][safepoint    ] Total time for which application threads were stopped: 0.0007050 seconds, Stopping threads took: 0.0003431 seconds
[2022-06-13T03:10:28.330+0000][1][safepoint    ] Application time: 0.0028365 seconds
[2022-06-13T03:10:28.330+0000][1][safepoint    ] Entering safepoint region: RevokeBias
[2022-06-13T03:10:28.331+0000][1][safepoint    ] Leaving safepoint region
[2022-06-13T03:10:28.331+0000][1][safepoint    ] Total time for which application threads were stopped: 0.0004759 seconds, Stopping threads took: 0.0003115 seconds
[2022-06-13T03:10:28.331+0000][1][safepoint    ] Application time: 0.0001291 seconds
[2022-06-13T03:10:28.331+0000][1][safepoint    ] Entering safepoint region: RevokeBias
[2022-06-13T03:10:28.332+0000][1][safepoint    ] Leaving safepoint region
[2022-06-13T03:10:28.332+0000][1][safepoint    ] Total time for which application threads were stopped: 0.0003304 seconds, Stopping threads took: 0.0001581 seconds
[2022-06-13T03:10:28.338+0000][1][safepoint    ] Application time: 0.0062237 seconds
[2022-06-13T03:10:28.338+0000][1][safepoint    ] Entering safepoint region: RevokeBias
[2022-06-13T03:10:28.339+0000][1][safepoint    ] Leaving safepoint region
[2022-06-13T03:10:28.339+0000][1][safepoint    ] Total time for which application threads were stopped: 0.0003575 seconds, Stopping threads took: 0.0001638 seconds
[2022-06-13T03:10:28.342+0000][1][safepoint    ] Application time: 0.0031055 seconds
[2022-06-13T03:10:28.342+0000][1][safepoint    ] Entering safepoint region: RevokeBias
[2022-06-13T03:10:28.343+0000][1][safepoint    ] Leaving safepoint region
[2022-06-13T03:10:28.343+0000][1][safepoint    ] Total time for which application threads were stopped: 0.0004364 seconds, Stopping threads took: 0.0002358 seconds
[2022-06-13T03:10:28.348+0000][1][safepoint    ] Application time: 0.0046467 seconds
[2022-06-13T03:10:28.348+0000][1][safepoint    ] Entering safepoint region: RevokeBias
[2022-06-13T03:10:28.348+0000][1][safepoint    ] Leaving safepoint region
[2022-06-13T03:10:28.348+0000][1][safepoint    ] Total time for which application threads were stopped: 0.0006579 seconds, Stopping threads took: 0.0003396 seconds
[2022-06-13T03:10:28.349+0000][1][safepoint    ] Application time: 0.0001676 seconds
[2022-06-13T03:10:28.349+0000][1][safepoint    ] Entering safepoint region: RevokeBias
[2022-06-13T03:10:28.349+0000][1][safepoint    ] Leaving safepoint region
[2022-06-13T03:10:28.350+0000][1][safepoint    ] Total time for which application threads were stopped: 0.0005299 seconds, Stopping threads took: 0.0003053 seconds
[2022-06-13T03:10:28.352+0000][1][safepoint    ] Application time: 0.0023284 seconds
[2022-06-13T03:10:28.353+0000][1][safepoint    ] Entering safepoint region: RevokeBias
[2022-06-13T03:10:28.353+0000][1][safepoint    ] Leaving safepoint region
[2022-06-13T03:10:28.353+0000][1][safepoint    ] Total time for which application threads were stopped: 0.0007395 seconds, Stopping threads took: 0.0005122 seconds
[2022-06-13T03:10:28.354+0000][1][safepoint    ] Application time: 0.0002256 seconds
[2022-06-13T03:10:28.354+0000][1][safepoint    ] Entering safepoint region: RevokeBias
[2022-06-13T03:10:28.354+0000][1][safepoint    ] Leaving safepoint region
[2022-06-13T03:10:28.354+0000][1][safepoint    ] Total time for which application threads were stopped: 0.0003257 seconds, Stopping threads took: 0.0001704 seconds
[2022-06-13T03:10:28.384+0000][1][safepoint    ] Application time: 0.0297069 seconds
[2022-06-13T03:10:28.384+0000][1][safepoint    ] Entering safepoint region: RevokeBias
[2022-06-13T03:10:28.385+0000][1][safepoint    ] Leaving safepoint region
[2022-06-13T03:10:28.385+0000][1][safepoint    ] Total time for which application threads were stopped: 0.0004032 seconds, Stopping threads took: 0.0001916 seconds
[2022-06-13T03:10:28.385+0000][1][safepoint    ] Application time: 0.0001334 seconds
[2022-06-13T03:10:28.385+0000][1][safepoint    ] Entering safepoint region: RevokeBias
[2022-06-13T03:10:28.385+0000][1][safepoint    ] Leaving safepoint region
[2022-06-13T03:10:28.386+0000][1][safepoint    ] Total time for which application threads were stopped: 0.0004123 seconds, Stopping threads took: 0.0002185 seconds
[2022-06-13T03:10:28.391+0000][1][safepoint    ] Application time: 0.0049398 seconds
[2022-06-13T03:10:28.391+0000][1][safepoint    ] Entering safepoint region: RevokeBias
[2022-06-13T03:10:28.391+0000][1][safepoint    ] Leaving safepoint region
[2022-06-13T03:10:28.391+0000][1][safepoint    ] Total time for which application threads were stopped: 0.0002906 seconds, Stopping threads took: 0.0001357 seconds
[2022-06-13T03:10:28.393+0000][1][safepoint    ] Application time: 0.0012278 seconds
[2022-06-13T03:10:28.393+0000][1][safepoint    ] Entering safepoint region: RevokeBias
[2022-06-13T03:10:28.393+0000][1][safepoint    ] Leaving safepoint region
[2022-06-13T03:10:28.393+0000][1][safepoint    ] Total time for which application threads were stopped: 0.0002299 seconds, Stopping threads took: 0.0000974 seconds
[2022-06-13T03:10:28.398+0000][1][safepoint    ] Application time: 0.0048578 seconds
[2022-06-13T03:10:28.398+0000][1][safepoint    ] Entering safepoint region: RevokeBias
[2022-06-13T03:10:28.398+0000][1][safepoint    ] Leaving safepoint region
[2022-06-13T03:10:28.398+0000][1][safepoint    ] Total time for which application threads were stopped: 0.0003896 seconds, Stopping threads took: 0.0001482 seconds
[2022-06-13T03:10:28.399+0000][1][safepoint    ] Application time: 0.0000810 seconds
[2022-06-13T03:10:28.399+0000][1][safepoint    ] Entering safepoint region: RevokeBias
[2022-06-13T03:10:28.399+0000][1][safepoint    ] Leaving safepoint region
[2022-06-13T03:10:28.399+0000][1][safepoint    ] Total time for which application threads were stopped: 0.0002483 seconds, Stopping threads took: 0.0001257 seconds
[2022-06-13T03:10:28.405+0000][1][safepoint    ] Application time: 0.0063039 seconds
[2022-06-13T03:10:28.406+0000][1][safepoint    ] Entering safepoint region: RevokeBias
[2022-06-13T03:10:28.406+0000][1][safepoint    ] Leaving safepoint region
[2022-06-13T03:10:28.406+0000][1][safepoint    ] Total time for which application threads were stopped: 0.0005206 seconds, Stopping threads took: 0.0002681 seconds
[2022-06-13T03:10:28.408+0000][1][safepoint    ] Application time: 0.0016975 seconds
[2022-06-13T03:10:28.408+0000][1][safepoint    ] Entering safepoint region: RevokeBias
[2022-06-13T03:10:28.409+0000][1][safepoint    ] Leaving safepoint region
[2022-06-13T03:10:28.409+0000][1][safepoint    ] Total time for which application threads were stopped: 0.0004406 seconds, Stopping threads took: 0.0001457 seconds
[2022-06-13T03:10:28.409+0000][1][safepoint    ] Application time: 0.0003061 seconds
[2022-06-13T03:10:28.409+0000][1][safepoint    ] Entering safepoint region: RevokeBias
[2022-06-13T03:10:28.410+0000][1][safepoint    ] Leaving safepoint region
[2022-06-13T03:10:28.410+0000][1][safepoint    ] Total time for which application threads were stopped: 0.0003537 seconds, Stopping threads took: 0.0001432 seconds
[2022-06-13T03:10:28.410+0000][1][safepoint    ] Application time: 0.0000803 seconds
[2022-06-13T03:10:28.410+0000][1][safepoint    ] Entering safepoint region: RevokeBias
[2022-06-13T03:10:28.410+0000][1][safepoint    ] Leaving safepoint region
[2022-06-13T03:10:28.410+0000][1][safepoint    ] Total time for which application threads were stopped: 0.0002698 seconds, Stopping threads took: 0.0001447 seconds
[2022-06-13T03:10:28.411+0000][1][safepoint    ] Application time: 0.0000535 seconds
[2022-06-13T03:10:28.411+0000][1][safepoint    ] Entering safepoint region: RevokeBias
[2022-06-13T03:10:28.411+0000][1][safepoint    ] Leaving safepoint region
[2022-06-13T03:10:28.411+0000][1][safepoint    ] Total time for which application threads were stopped: 0.0001850 seconds, Stopping threads took: 0.0000830 seconds
[2022-06-13T03:10:28.411+0000][1][safepoint    ] Application time: 0.0000478 seconds
[2022-06-13T03:10:28.411+0000][1][safepoint    ] Entering safepoint region: RevokeBias
[2022-06-13T03:10:28.411+0000][1][safepoint    ] Leaving safepoint region
[2022-06-13T03:10:28.411+0000][1][safepoint    ] Total time for which application threads were stopped: 0.0001868 seconds, Stopping threads took: 0.0000899 seconds
[2022-06-13T03:10:28.411+0000][1][safepoint    ] Application time: 0.0000580 seconds
[2022-06-13T03:10:28.412+0000][1][safepoint    ] Entering safepoint region: RevokeBias
[2022-06-13T03:10:28.412+0000][1][safepoint    ] Leaving safepoint region
[2022-06-13T03:10:28.412+0000][1][safepoint    ] Total time for which application threads were stopped: 0.0001996 seconds, Stopping threads took: 0.0000845 seconds
[2022-06-13T03:10:28.412+0000][1][safepoint    ] Application time: 0.0000477 seconds
[2022-06-13T03:10:28.412+0000][1][safepoint    ] Entering safepoint region: RevokeBias
[2022-06-13T03:10:28.412+0000][1][safepoint    ] Leaving safepoint region
[2022-06-13T03:10:28.412+0000][1][safepoint    ] Total time for which application threads were stopped: 0.0001841 seconds, Stopping threads took: 0.0000838 seconds
[2022-06-13T03:10:28.412+0000][1][safepoint    ] Application time: 0.0000486 seconds
[2022-06-13T03:10:28.412+0000][1][safepoint    ] Entering safepoint region: RevokeBias
[2022-06-13T03:10:28.412+0000][1][safepoint    ] Leaving safepoint region
[2022-06-13T03:10:28.413+0000][1][safepoint    ] Total time for which application threads were stopped: 0.0001910 seconds, Stopping threads took: 0.0000924 seconds
[2022-06-13T03:10:28.413+0000][1][safepoint    ] Application time: 0.0000460 seconds
[2022-06-13T03:10:28.413+0000][1][safepoint    ] Entering safepoint region: RevokeBias
[2022-06-13T03:10:28.413+0000][1][safepoint    ] Leaving safepoint region
[2022-06-13T03:10:28.413+0000][1][safepoint    ] Total time for which application threads were stopped: 0.0001951 seconds, Stopping threads took: 0.0000839 seconds
[2022-06-13T03:10:28.423+0000][1][safepoint    ] Application time: 0.0099852 seconds
[2022-06-13T03:10:28.424+0000][1][safepoint    ] Entering safepoint region: RevokeBias
[2022-06-13T03:10:28.424+0000][1][safepoint    ] Leaving safepoint region
[2022-06-13T03:10:28.424+0000][1][safepoint    ] Total time for which application threads were stopped: 0.0006897 seconds, Stopping threads took: 0.0003190 seconds
[2022-06-13T03:10:28.435+0000][1][safepoint    ] Application time: 0.0108758 seconds
[2022-06-13T03:10:28.436+0000][1][safepoint    ] Entering safepoint region: RevokeBias
[2022-06-13T03:10:28.436+0000][1][safepoint    ] Leaving safepoint region
[2022-06-13T03:10:28.436+0000][1][safepoint    ] Total time for which application threads were stopped: 0.0004690 seconds, Stopping threads took: 0.0002344 seconds
[2022-06-13T03:10:28.504+0000][1][safepoint    ] Application time: 0.0679142 seconds
[2022-06-13T03:10:28.505+0000][1][safepoint    ] Entering safepoint region: RevokeBias
[2022-06-13T03:10:28.505+0000][1][safepoint    ] Leaving safepoint region
[2022-06-13T03:10:28.505+0000][1][safepoint    ] Total time for which application threads were stopped: 0.0005324 seconds, Stopping threads took: 0.0001693 seconds
[2022-06-13T03:10:28.508+0000][1][safepoint    ] Application time: 0.0027921 seconds
[2022-06-13T03:10:28.508+0000][1][safepoint    ] Entering safepoint region: RevokeBias
[2022-06-13T03:10:28.509+0000][1][safepoint    ] Leaving safepoint region
[2022-06-13T03:10:28.509+0000][1][safepoint    ] Total time for which application threads were stopped: 0.0006747 seconds, Stopping threads took: 0.0003316 seconds
[2022-06-13T03:10:28.514+0000][1][safepoint    ] Application time: 0.0043853 seconds
[2022-06-13T03:10:28.514+0000][1][safepoint    ] Entering safepoint region: RevokeBias
[2022-06-13T03:10:28.514+0000][1][safepoint    ] Leaving safepoint region
[2022-06-13T03:10:28.515+0000][1][safepoint    ] Total time for which application threads were stopped: 0.0007157 seconds, Stopping threads took: 0.0002563 seconds
[2022-06-13T03:10:28.517+0000][1][safepoint    ] Application time: 0.0017333 seconds
[2022-06-13T03:10:28.517+0000][1][safepoint    ] Entering safepoint region: RevokeBias
[2022-06-13T03:10:28.517+0000][1][safepoint    ] Leaving safepoint region
[2022-06-13T03:10:28.517+0000][1][safepoint    ] Total time for which application threads were stopped: 0.0002665 seconds, Stopping threads took: 0.0001129 seconds
[2022-06-13T03:10:28.518+0000][1][safepoint    ] Application time: 0.0000724 seconds
[2022-06-13T03:10:28.518+0000][1][safepoint    ] Entering safepoint region: RevokeBias
[2022-06-13T03:10:28.518+0000][1][safepoint    ] Leaving safepoint region
[2022-06-13T03:10:28.518+0000][1][safepoint    ] Total time for which application threads were stopped: 0.0002814 seconds, Stopping threads took: 0.0001239 seconds
[2022-06-13T03:10:28.519+0000][1][safepoint    ] Application time: 0.0006105 seconds
[2022-06-13T03:10:28.519+0000][1][safepoint    ] Entering safepoint region: RevokeBias
[2022-06-13T03:10:28.519+0000][1][safepoint    ] Leaving safepoint region
[2022-06-13T03:10:28.519+0000][1][safepoint    ] Total time for which application threads were stopped: 0.0002564 seconds, Stopping threads took: 0.0001460 seconds
[2022-06-13T03:10:28.519+0000][1][safepoint    ] Application time: 0.0001491 seconds
[2022-06-13T03:10:28.519+0000][1][safepoint    ] Entering safepoint region: RevokeBias
[2022-06-13T03:10:28.519+0000][1][safepoint    ] Leaving safepoint region
[2022-06-13T03:10:28.520+0000][1][safepoint    ] Total time for which application threads were stopped: 0.0001989 seconds, Stopping threads took: 0.0000890 seconds
[2022-06-13T03:10:28.520+0000][1][safepoint    ] Application time: 0.0000568 seconds
[2022-06-13T03:10:28.520+0000][1][safepoint    ] Entering safepoint region: RevokeBias
[2022-06-13T03:10:28.520+0000][1][safepoint    ] Leaving safepoint region
[2022-06-13T03:10:28.520+0000][1][safepoint    ] Total time for which application threads were stopped: 0.0002981 seconds, Stopping threads took: 0.0001401 seconds
[2022-06-13T03:10:28.525+0000][1][safepoint    ] Application time: 0.0044533 seconds
[2022-06-13T03:10:28.525+0000][1][safepoint    ] Entering safepoint region: RevokeBias
[2022-06-13T03:10:28.525+0000][1][safepoint    ] Leaving safepoint region
[2022-06-13T03:10:28.525+0000][1][safepoint    ] Total time for which application threads were stopped: 0.0004959 seconds, Stopping threads took: 0.0002317 seconds
[2022-06-13T03:10:28.526+0000][1][safepoint    ] Application time: 0.0002359 seconds
[2022-06-13T03:10:28.526+0000][1][safepoint    ] Entering safepoint region: RevokeBias
[2022-06-13T03:10:28.527+0000][1][safepoint    ] Leaving safepoint region
[2022-06-13T03:10:28.527+0000][1][safepoint    ] Total time for which application threads were stopped: 0.0006460 seconds, Stopping threads took: 0.0003908 seconds
[2022-06-13T03:10:28.527+0000][1][safepoint    ] Application time: 0.0001335 seconds
[2022-06-13T03:10:28.527+0000][1][safepoint    ] Entering safepoint region: RevokeBias
[2022-06-13T03:10:28.528+0000][1][safepoint    ] Leaving safepoint region
[2022-06-13T03:10:28.528+0000][1][safepoint    ] Total time for which application threads were stopped: 0.0005932 seconds, Stopping threads took: 0.0002826 seconds
[2022-06-13T03:10:28.529+0000][1][safepoint    ] Application time: 0.0005129 seconds
[2022-06-13T03:10:28.529+0000][1][safepoint    ] Entering safepoint region: RevokeBias
[2022-06-13T03:10:28.530+0000][1][safepoint    ] Leaving safepoint region
[2022-06-13T03:10:28.530+0000][1][safepoint    ] Total time for which application threads were stopped: 0.0007438 seconds, Stopping threads took: 0.0003273 seconds
[2022-06-13T03:10:28.531+0000][1][safepoint    ] Application time: 0.0004564 seconds
[2022-06-13T03:10:28.531+0000][1][safepoint    ] Entering safepoint region: RevokeBias
[2022-06-13T03:10:28.531+0000][1][safepoint    ] Leaving safepoint region
[2022-06-13T03:10:28.531+0000][1][safepoint    ] Total time for which application threads were stopped: 0.0004990 seconds, Stopping threads took: 0.0001807 seconds
[2022-06-13T03:10:28.532+0000][1][safepoint    ] Application time: 0.0001100 seconds
[2022-06-13T03:10:28.532+0000][1][safepoint    ] Entering safepoint region: RevokeBias
[2022-06-13T03:10:28.533+0000][1][safepoint    ] Leaving safepoint region
[2022-06-13T03:10:28.533+0000][1][safepoint    ] Total time for which application threads were stopped: 0.0006724 seconds, Stopping threads took: 0.0004221 seconds
[2022-06-13T03:10:28.533+0000][1][safepoint    ] Application time: 0.0001560 seconds
[2022-06-13T03:10:28.533+0000][1][safepoint    ] Entering safepoint region: RevokeBias
[2022-06-13T03:10:28.534+0000][1][safepoint    ] Leaving safepoint region
[2022-06-13T03:10:28.534+0000][1][safepoint    ] Total time for which application threads were stopped: 0.0006907 seconds, Stopping threads took: 0.0003962 seconds
[2022-06-13T03:10:28.535+0000][1][safepoint    ] Application time: 0.0002446 seconds
[2022-06-13T03:10:28.535+0000][1][safepoint    ] Entering safepoint region: RevokeBias
[2022-06-13T03:10:28.535+0000][1][safepoint    ] Leaving safepoint region
[2022-06-13T03:10:28.535+0000][1][safepoint    ] Total time for which application threads were stopped: 0.0005596 seconds, Stopping threads took: 0.0002704 seconds
[2022-06-13T03:10:28.537+0000][1][safepoint    ] Application time: 0.0015964 seconds
[2022-06-13T03:10:28.537+0000][1][safepoint    ] Entering safepoint region: RevokeBias
[2022-06-13T03:10:28.538+0000][1][safepoint    ] Leaving safepoint region
[2022-06-13T03:10:28.538+0000][1][safepoint    ] Total time for which application threads were stopped: 0.0007364 seconds, Stopping threads took: 0.0004182 seconds
[2022-06-13T03:10:28.540+0000][1][safepoint    ] Application time: 0.0020005 seconds
[2022-06-13T03:10:28.540+0000][1][safepoint    ] Entering safepoint region: RevokeBias
[2022-06-13T03:10:28.541+0000][1][safepoint    ] Leaving safepoint region
[2022-06-13T03:10:28.541+0000][1][safepoint    ] Total time for which application threads were stopped: 0.0002644 seconds, Stopping threads took: 0.0001201 seconds
[2022-06-13T03:10:28.541+0000][1][safepoint    ] Application time: 0.0002175 seconds
[2022-06-13T03:10:28.541+0000][1][safepoint    ] Entering safepoint region: RevokeBias
[2022-06-13T03:10:28.541+0000][1][safepoint    ] Leaving safepoint region
[2022-06-13T03:10:28.541+0000][1][safepoint    ] Total time for which application threads were stopped: 0.0002933 seconds, Stopping threads took: 0.0001168 seconds
[2022-06-13T03:10:29.007+0000][1][safepoint    ] Application time: 0.4657546 seconds
[2022-06-13T03:10:29.008+0000][1][safepoint    ] Entering safepoint region: RevokeBias
[2022-06-13T03:10:29.009+0000][1][safepoint    ] Leaving safepoint region
[2022-06-13T03:10:29.009+0000][1][safepoint    ] Total time for which application threads were stopped: 0.0011258 seconds, Stopping threads took: 0.0005284 seconds
[2022-06-13T03:10:29.010+0000][1][safepoint    ] Application time: 0.0004947 seconds
[2022-06-13T03:10:29.011+0000][1][safepoint    ] Entering safepoint region: RevokeBias
[2022-06-13T03:10:29.012+0000][1][safepoint    ] Leaving safepoint region
[2022-06-13T03:10:29.013+0000][1][safepoint    ] Total time for which application threads were stopped: 0.0015067 seconds, Stopping threads took: 0.0008028 seconds
[2022-06-13T03:10:29.014+0000][1][safepoint    ] Application time: 0.0003889 seconds
[2022-06-13T03:10:29.014+0000][1][safepoint    ] Entering safepoint region: RevokeBias
[2022-06-13T03:10:29.015+0000][1][safepoint    ] Leaving safepoint region
[2022-06-13T03:10:29.015+0000][1][safepoint    ] Total time for which application threads were stopped: 0.0010791 seconds, Stopping threads took: 0.0005669 seconds
[2022-06-13T03:10:29.016+0000][1][safepoint    ] Application time: 0.0002708 seconds
[2022-06-13T03:10:29.017+0000][1][safepoint    ] Entering safepoint region: RevokeBias
[2022-06-13T03:10:29.017+0000][1][safepoint    ] Leaving safepoint region
[2022-06-13T03:10:29.018+0000][1][safepoint    ] Total time for which application threads were stopped: 0.0011388 seconds, Stopping threads took: 0.0005485 seconds
[2022-06-13T03:10:29.019+0000][1][safepoint    ] Application time: 0.0002707 seconds
[2022-06-13T03:10:29.019+0000][1][safepoint    ] Entering safepoint region: RevokeBias
[2022-06-13T03:10:29.020+0000][1][safepoint    ] Leaving safepoint region
[2022-06-13T03:10:29.021+0000][1][safepoint    ] Total time for which application threads were stopped: 0.0011789 seconds, Stopping threads took: 0.0006735 seconds
[2022-06-13T03:10:29.022+0000][1][safepoint    ] Application time: 0.0003543 seconds
[2022-06-13T03:10:29.022+0000][1][safepoint    ] Entering safepoint region: RevokeBias
[2022-06-13T03:10:29.023+0000][1][safepoint    ] Leaving safepoint region
[2022-06-13T03:10:29.023+0000][1][safepoint    ] Total time for which application threads were stopped: 0.0011663 seconds, Stopping threads took: 0.0006497 seconds
[2022-06-13T03:10:29.024+0000][1][safepoint    ] Application time: 0.0003473 seconds
[2022-06-13T03:10:29.025+0000][1][safepoint    ] Entering safepoint region: RevokeBias
[2022-06-13T03:10:29.026+0000][1][safepoint    ] Leaving safepoint region
[2022-06-13T03:10:29.026+0000][1][safepoint    ] Total time for which application threads were stopped: 0.0011786 seconds, Stopping threads took: 0.0006944 seconds
[2022-06-13T03:10:29.027+0000][1][safepoint    ] Application time: 0.0003509 seconds
[2022-06-13T03:10:29.028+0000][1][safepoint    ] Entering safepoint region: RevokeBias
[2022-06-13T03:10:29.029+0000][1][safepoint    ] Leaving safepoint region
[2022-06-13T03:10:29.029+0000][1][safepoint    ] Total time for which application threads were stopped: 0.0010670 seconds, Stopping threads took: 0.0005949 seconds
[2022-06-13T03:10:29.485+0000][1][safepoint    ] Application time: 0.4558733 seconds
[2022-06-13T03:10:29.485+0000][1][safepoint    ] Entering safepoint region: RevokeBias
[2022-06-13T03:10:29.486+0000][1][safepoint    ] Leaving safepoint region
[2022-06-13T03:10:29.486+0000][1][safepoint    ] Total time for which application threads were stopped: 0.0005330 seconds, Stopping threads took: 0.0002143 seconds
[2022-06-13T03:10:29.487+0000][1][safepoint    ] Application time: 0.0004977 seconds
[2022-06-13T03:10:29.487+0000][1][safepoint    ] Entering safepoint region: RevokeBias
[2022-06-13T03:10:29.487+0000][1][safepoint    ] Leaving safepoint region
[2022-06-13T03:10:29.487+0000][1][safepoint    ] Total time for which application threads were stopped: 0.0004681 seconds, Stopping threads took: 0.0001848 seconds
[2022-06-13T03:10:29.488+0000][1][safepoint    ] Application time: 0.0003849 seconds
[2022-06-13T03:10:29.488+0000][1][safepoint    ] Entering safepoint region: RevokeBias
[2022-06-13T03:10:29.488+0000][1][safepoint    ] Leaving safepoint region
[2022-06-13T03:10:29.489+0000][1][safepoint    ] Total time for which application threads were stopped: 0.0008264 seconds, Stopping threads took: 0.0004003 seconds
[2022-06-13T03:10:29.489+0000][1][safepoint    ] Application time: 0.0004422 seconds
[2022-06-13T03:10:29.490+0000][1][safepoint    ] Entering safepoint region: RevokeBias
[2022-06-13T03:10:29.490+0000][1][safepoint    ] Leaving safepoint region
[2022-06-13T03:10:29.490+0000][1][safepoint    ] Total time for which application threads were stopped: 0.0009008 seconds, Stopping threads took: 0.0004096 seconds
[2022-06-13T03:10:29.491+0000][1][safepoint    ] Application time: 0.0004034 seconds
[2022-06-13T03:10:29.491+0000][1][safepoint    ] Entering safepoint region: RevokeBias
[2022-06-13T03:10:29.492+0000][1][safepoint    ] Leaving safepoint region
[2022-06-13T03:10:29.492+0000][1][safepoint    ] Total time for which application threads were stopped: 0.0005296 seconds, Stopping threads took: 0.0003188 seconds
[2022-06-13T03:10:29.493+0000][1][safepoint    ] Application time: 0.0005787 seconds
[2022-06-13T03:10:29.493+0000][1][safepoint    ] Entering safepoint region: RevokeBias
[2022-06-13T03:10:29.493+0000][1][safepoint    ] Leaving safepoint region
[2022-06-13T03:10:29.494+0000][1][safepoint    ] Total time for which application threads were stopped: 0.0005904 seconds, Stopping threads took: 0.0002837 seconds
[2022-06-13T03:10:29.494+0000][1][safepoint    ] Application time: 0.0005147 seconds
[2022-06-13T03:10:29.494+0000][1][safepoint    ] Entering safepoint region: RevokeBias
[2022-06-13T03:10:29.495+0000][1][safepoint    ] Leaving safepoint region
[2022-06-13T03:10:29.495+0000][1][safepoint    ] Total time for which application threads were stopped: 0.0004679 seconds, Stopping threads took: 0.0001565 seconds
[2022-06-13T03:10:29.495+0000][1][safepoint    ] Application time: 0.0001613 seconds
[2022-06-13T03:10:29.496+0000][1][safepoint    ] Entering safepoint region: RevokeBias
[2022-06-13T03:10:29.496+0000][1][safepoint    ] Leaving safepoint region
[2022-06-13T03:10:29.496+0000][1][safepoint    ] Total time for which application threads were stopped: 0.0004205 seconds, Stopping threads took: 0.0001353 seconds
[2022-06-13T03:10:29.513+0000][1][safepoint    ] Application time: 0.0162649 seconds
[2022-06-13T03:10:29.513+0000][1][safepoint    ] Entering safepoint region: Deoptimize
[2022-06-13T03:10:29.514+0000][1][safepoint    ] Leaving safepoint region
[2022-06-13T03:10:29.514+0000][1][safepoint    ] Total time for which application threads were stopped: 0.0008986 seconds, Stopping threads took: 0.0002328 seconds
[2022-06-13T03:10:29.518+0000][1][safepoint    ] Application time: 0.0040545 seconds
[2022-06-13T03:10:29.519+0000][1][safepoint    ] Entering safepoint region: RevokeBias
[2022-06-13T03:10:29.519+0000][1][safepoint    ] Leaving safepoint region
[2022-06-13T03:10:29.519+0000][1][safepoint    ] Total time for which application threads were stopped: 0.0009327 seconds, Stopping threads took: 0.0005254 seconds
[2022-06-13T03:10:29.530+0000][1][safepoint    ] Application time: 0.0106188 seconds
[2022-06-13T03:10:29.531+0000][1][safepoint    ] Entering safepoint region: RevokeBias
[2022-06-13T03:10:29.531+0000][1][safepoint    ] Leaving safepoint region
[2022-06-13T03:10:29.531+0000][1][safepoint    ] Total time for which application threads were stopped: 0.0004697 seconds, Stopping threads took: 0.0002212 seconds
[2022-06-13T03:10:29.532+0000][1][safepoint    ] Application time: 0.0003320 seconds
[2022-06-13T03:10:29.532+0000][1][safepoint    ] Entering safepoint region: RevokeBias
[2022-06-13T03:10:29.532+0000][1][safepoint    ] Leaving safepoint region
[2022-06-13T03:10:29.532+0000][1][safepoint    ] Total time for which application threads were stopped: 0.0003130 seconds, Stopping threads took: 0.0001742 seconds
[2022-06-13T03:10:29.532+0000][1][safepoint    ] Application time: 0.0001670 seconds
[2022-06-13T03:10:29.533+0000][1][safepoint    ] Entering safepoint region: RevokeBias
[2022-06-13T03:10:29.533+0000][1][safepoint    ] Leaving safepoint region
[2022-06-13T03:10:29.533+0000][1][safepoint    ] Total time for which application threads were stopped: 0.0008788 seconds, Stopping threads took: 0.0007026 seconds
[2022-06-13T03:10:29.534+0000][1][safepoint    ] Application time: 0.0000912 seconds
[2022-06-13T03:10:29.534+0000][1][safepoint    ] Entering safepoint region: RevokeBias
[2022-06-13T03:10:29.534+0000][1][safepoint    ] Leaving safepoint region
[2022-06-13T03:10:29.534+0000][1][safepoint    ] Total time for which application threads were stopped: 0.0005099 seconds, Stopping threads took: 0.0002313 seconds
[2022-06-13T03:10:29.535+0000][1][safepoint    ] Application time: 0.0002234 seconds
[2022-06-13T03:10:29.535+0000][1][safepoint    ] Entering safepoint region: RevokeBias
[2022-06-13T03:10:29.535+0000][1][safepoint    ] Leaving safepoint region
[2022-06-13T03:10:29.535+0000][1][safepoint    ] Total time for which application threads were stopped: 0.0006095 seconds, Stopping threads took: 0.0003992 seconds
[2022-06-13T03:10:29.536+0000][1][safepoint    ] Application time: 0.0002080 seconds
[2022-06-13T03:10:29.536+0000][1][safepoint    ] Entering safepoint region: RevokeBias
[2022-06-13T03:10:29.537+0000][1][safepoint    ] Leaving safepoint region
[2022-06-13T03:10:29.537+0000][1][safepoint    ] Total time for which application threads were stopped: 0.0005936 seconds, Stopping threads took: 0.0004142 seconds
[2022-06-13T03:10:29.537+0000][1][safepoint    ] Application time: 0.0000988 seconds
[2022-06-13T03:10:29.537+0000][1][safepoint    ] Entering safepoint region: RevokeBias
[2022-06-13T03:10:29.537+0000][1][safepoint    ] Leaving safepoint region
[2022-06-13T03:10:29.537+0000][1][safepoint    ] Total time for which application threads were stopped: 0.0003405 seconds, Stopping threads took: 0.0002002 seconds
[2022-06-13T03:10:29.539+0000][1][safepoint    ] Application time: 0.0011108 seconds
[2022-06-13T03:10:29.539+0000][1][safepoint    ] Entering safepoint region: RevokeBias
[2022-06-13T03:10:29.539+0000][1][safepoint    ] Leaving safepoint region
[2022-06-13T03:10:29.540+0000][1][safepoint    ] Total time for which application threads were stopped: 0.0008251 seconds, Stopping threads took: 0.0004545 seconds
[2022-06-13T03:10:29.540+0000][1][safepoint    ] Application time: 0.0001831 seconds
[2022-06-13T03:10:29.540+0000][1][safepoint    ] Entering safepoint region: RevokeBias
[2022-06-13T03:10:29.541+0000][1][safepoint    ] Leaving safepoint region
[2022-06-13T03:10:29.541+0000][1][safepoint    ] Total time for which application threads were stopped: 0.0006914 seconds, Stopping threads took: 0.0003455 seconds
[2022-06-13T03:10:29.541+0000][1][safepoint    ] Application time: 0.0001874 seconds
[2022-06-13T03:10:29.542+0000][1][safepoint    ] Entering safepoint region: RevokeBias
[2022-06-13T03:10:29.542+0000][1][safepoint    ] Leaving safepoint region
[2022-06-13T03:10:29.542+0000][1][safepoint    ] Total time for which application threads were stopped: 0.0007663 seconds, Stopping threads took: 0.0004349 seconds
[2022-06-13T03:10:29.545+0000][1][safepoint    ] Application time: 0.0018434 seconds
[2022-06-13T03:10:29.545+0000][1][safepoint    ] Entering safepoint region: RevokeBias
[2022-06-13T03:10:29.545+0000][1][safepoint    ] Leaving safepoint region
[2022-06-13T03:10:29.545+0000][1][safepoint    ] Total time for which application threads were stopped: 0.0005888 seconds, Stopping threads took: 0.0003638 seconds
[2022-06-13T03:10:29.546+0000][1][safepoint    ] Application time: 0.0007317 seconds
[2022-06-13T03:10:29.546+0000][1][safepoint    ] Entering safepoint region: RevokeBias
[2022-06-13T03:10:29.547+0000][1][safepoint    ] Leaving safepoint region
[2022-06-13T03:10:29.547+0000][1][safepoint    ] Total time for which application threads were stopped: 0.0003441 seconds, Stopping threads took: 0.0001721 seconds
[2022-06-13T03:10:29.547+0000][1][safepoint    ] Application time: 0.0000876 seconds
[2022-06-13T03:10:29.547+0000][1][safepoint    ] Entering safepoint region: RevokeBias
[2022-06-13T03:10:29.547+0000][1][safepoint    ] Leaving safepoint region
[2022-06-13T03:10:29.547+0000][1][safepoint    ] Total time for which application threads were stopped: 0.0002619 seconds, Stopping threads took: 0.0001041 seconds
[2022-06-13T03:10:29.551+0000][1][safepoint    ] Application time: 0.0038934 seconds
[2022-06-13T03:10:29.552+0000][1][safepoint    ] Entering safepoint region: Deoptimize
[2022-06-13T03:10:29.552+0000][1][safepoint    ] Leaving safepoint region
[2022-06-13T03:10:29.552+0000][1][safepoint    ] Total time for which application threads were stopped: 0.0008784 seconds, Stopping threads took: 0.0002401 seconds
[2022-06-13T03:10:29.559+0000][1][safepoint    ] Application time: 0.0066041 seconds
[2022-06-13T03:10:29.560+0000][1][safepoint    ] Entering safepoint region: Deoptimize
[2022-06-13T03:10:29.561+0000][1][safepoint    ] Leaving safepoint region
[2022-06-13T03:10:29.561+0000][1][safepoint    ] Total time for which application threads were stopped: 0.0013574 seconds, Stopping threads took: 0.0002471 seconds
[2022-06-13T03:10:29.573+0000][1][safepoint    ] Application time: 0.0119510 seconds
[2022-06-13T03:10:29.574+0000][1][safepoint    ] Entering safepoint region: RevokeBias
[2022-06-13T03:10:29.574+0000][1][safepoint    ] Leaving safepoint region
[2022-06-13T03:10:29.575+0000][1][safepoint    ] Total time for which application threads were stopped: 0.0013361 seconds, Stopping threads took: 0.0008195 seconds
[2022-06-13T03:10:29.582+0000][1][safepoint    ] Application time: 0.0069651 seconds
[2022-06-13T03:10:29.583+0000][1][safepoint    ] Entering safepoint region: RevokeBias
[2022-06-13T03:10:29.583+0000][1][safepoint    ] Leaving safepoint region
[2022-06-13T03:10:29.583+0000][1][safepoint    ] Total time for which application threads were stopped: 0.0007947 seconds, Stopping threads took: 0.0003176 seconds
[2022-06-13T03:10:29.592+0000][1][safepoint    ] Application time: 0.0082617 seconds
[2022-06-13T03:10:29.592+0000][1][safepoint    ] Entering safepoint region: RevokeBias
[2022-06-13T03:10:29.593+0000][1][safepoint    ] Leaving safepoint region
[2022-06-13T03:10:29.593+0000][1][safepoint    ] Total time for which application threads were stopped: 0.0007343 seconds, Stopping threads took: 0.0004149 seconds
[2022-06-13T03:10:29.897+0000][1][safepoint    ] Application time: 0.3035379 seconds
[2022-06-13T03:10:29.897+0000][1][safepoint    ] Entering safepoint region: RevokeBias
[2022-06-13T03:10:29.897+0000][1][safepoint    ] Leaving safepoint region
[2022-06-13T03:10:29.898+0000][1][safepoint    ] Total time for which application threads were stopped: 0.0007769 seconds, Stopping threads took: 0.0003906 seconds
[2022-06-13T03:10:30.165+0000][1][safepoint    ] Application time: 0.2673002 seconds
[2022-06-13T03:10:30.166+0000][1][safepoint    ] Entering safepoint region: RevokeBias
[2022-06-13T03:10:30.167+0000][1][safepoint    ] Leaving safepoint region
[2022-06-13T03:10:30.167+0000][1][safepoint    ] Total time for which application threads were stopped: 0.0009324 seconds, Stopping threads took: 0.0005644 seconds
[2022-06-13T03:10:30.168+0000][1][safepoint    ] Application time: 0.0003681 seconds
[2022-06-13T03:10:30.168+0000][1][safepoint    ] Entering safepoint region: RevokeBias
[2022-06-13T03:10:30.169+0000][1][safepoint    ] Leaving safepoint region
[2022-06-13T03:10:30.169+0000][1][safepoint    ] Total time for which application threads were stopped: 0.0009967 seconds, Stopping threads took: 0.0006381 seconds
[2022-06-13T03:10:30.170+0000][1][safepoint    ] Application time: 0.0008329 seconds
[2022-06-13T03:10:30.171+0000][1][safepoint    ] Entering safepoint region: RevokeBias
[2022-06-13T03:10:30.171+0000][1][safepoint    ] Leaving safepoint region
[2022-06-13T03:10:30.171+0000][1][safepoint    ] Total time for which application threads were stopped: 0.0006379 seconds, Stopping threads took: 0.0003677 seconds
[2022-06-13T03:10:30.172+0000][1][safepoint    ] Application time: 0.0008212 seconds
[2022-06-13T03:10:30.173+0000][1][safepoint    ] Entering safepoint region: RevokeBias
[2022-06-13T03:10:30.173+0000][1][safepoint    ] Leaving safepoint region
[2022-06-13T03:10:30.173+0000][1][safepoint    ] Total time for which application threads were stopped: 0.0007518 seconds, Stopping threads took: 0.0003791 seconds
[2022-06-13T03:10:30.174+0000][1][safepoint    ] Application time: 0.0002020 seconds
[2022-06-13T03:10:30.174+0000][1][safepoint    ] Entering safepoint region: RevokeBias
[2022-06-13T03:10:30.174+0000][1][safepoint    ] Leaving safepoint region
[2022-06-13T03:10:30.175+0000][1][safepoint    ] Total time for which application threads were stopped: 0.0006049 seconds, Stopping threads took: 0.0003046 seconds
[2022-06-13T03:10:30.178+0000][1][safepoint    ] Application time: 0.0029071 seconds
[2022-06-13T03:10:30.178+0000][1][safepoint    ] Entering safepoint region: RevokeBias
[2022-06-13T03:10:30.179+0000][1][safepoint    ] Leaving safepoint region
[2022-06-13T03:10:30.179+0000][1][safepoint    ] Total time for which application threads were stopped: 0.0008013 seconds, Stopping threads took: 0.0005344 seconds
[2022-06-13T03:10:30.182+0000][1][safepoint    ] Application time: 0.0030222 seconds
[2022-06-13T03:10:30.183+0000][1][safepoint    ] Entering safepoint region: RevokeBias
[2022-06-13T03:10:30.183+0000][1][safepoint    ] Leaving safepoint region
[2022-06-13T03:10:30.183+0000][1][safepoint    ] Total time for which application threads were stopped: 0.0007879 seconds, Stopping threads took: 0.0003641 seconds
[2022-06-13T03:10:30.185+0000][1][safepoint    ] Application time: 0.0009419 seconds
[2022-06-13T03:10:30.185+0000][1][safepoint    ] Entering safepoint region: BulkRevokeBias
[2022-06-13T03:10:30.186+0000][1][safepoint    ] Leaving safepoint region
[2022-06-13T03:10:30.186+0000][1][safepoint    ] Total time for which application threads were stopped: 0.0010808 seconds, Stopping threads took: 0.0004908 seconds
[2022-06-13T03:10:30.649+0000][1][safepoint    ] Application time: 0.4628897 seconds
[2022-06-13T03:10:30.650+0000][1][safepoint    ] Entering safepoint region: RevokeBias
[2022-06-13T03:10:30.650+0000][1][safepoint    ] Leaving safepoint region
[2022-06-13T03:10:30.650+0000][1][safepoint    ] Total time for which application threads were stopped: 0.0006172 seconds, Stopping threads took: 0.0003374 seconds
[2022-06-13T03:10:30.651+0000][1][safepoint    ] Application time: 0.0003572 seconds
[2022-06-13T03:10:30.652+0000][1][safepoint    ] Entering safepoint region: RevokeBias
[2022-06-13T03:10:30.652+0000][1][safepoint    ] Leaving safepoint region
[2022-06-13T03:10:30.652+0000][1][safepoint    ] Total time for which application threads were stopped: 0.0010482 seconds, Stopping threads took: 0.0007280 seconds
[2022-06-13T03:10:30.654+0000][1][safepoint    ] Application time: 0.0013620 seconds
[2022-06-13T03:10:30.656+0000][1][safepoint    ] Entering safepoint region: BulkRevokeBias
[2022-06-13T03:10:30.657+0000][1][safepoint    ] Leaving safepoint region
[2022-06-13T03:10:30.657+0000][1][safepoint    ] Total time for which application threads were stopped: 0.0010470 seconds, Stopping threads took: 0.0004024 seconds
[2022-06-13T03:10:30.668+0000][1][safepoint    ] Application time: 0.0105806 seconds
[2022-06-13T03:10:30.671+0000][1][safepoint    ] Entering safepoint region: RevokeBias
[2022-06-13T03:10:30.672+0000][1][safepoint    ] Leaving safepoint region
[2022-06-13T03:10:30.673+0000][1][safepoint    ] Total time for which application threads were stopped: 0.0018981 seconds, Stopping threads took: 0.0010746 seconds
[2022-06-13T03:10:30.680+0000][1][safepoint    ] Application time: 0.0070192 seconds
[2022-06-13T03:10:30.680+0000][1][safepoint    ] Entering safepoint region: RevokeBias
[2022-06-13T03:10:30.681+0000][1][safepoint    ] Leaving safepoint region
[2022-06-13T03:10:30.681+0000][1][safepoint    ] Total time for which application threads were stopped: 0.0009246 seconds, Stopping threads took: 0.0004855 seconds
[2022-06-13T03:10:30.907+0000][1][safepoint    ] Application time: 0.2253368 seconds
[2022-06-13T03:10:30.907+0000][1][safepoint    ] Entering safepoint region: RevokeBias
[2022-06-13T03:10:30.908+0000][1][safepoint    ] Leaving safepoint region
[2022-06-13T03:10:30.909+0000][1][safepoint    ] Total time for which application threads were stopped: 0.0011618 seconds, Stopping threads took: 0.0006460 seconds
[2022-06-13T03:10:30.909+0000][1][safepoint    ] Application time: 0.0004704 seconds
[2022-06-13T03:10:30.910+0000][1][safepoint    ] Entering safepoint region: RevokeBias
[2022-06-13T03:10:30.910+0000][1][safepoint    ] Leaving safepoint region
[2022-06-13T03:10:30.911+0000][1][safepoint    ] Total time for which application threads were stopped: 0.0011176 seconds, Stopping threads took: 0.0006343 seconds
[2022-06-13T03:10:30.912+0000][1][safepoint    ] Application time: 0.0007899 seconds
[2022-06-13T03:10:30.915+0000][1][safepoint    ] Entering safepoint region: RevokeBias
[2022-06-13T03:10:30.915+0000][1][safepoint    ] Leaving safepoint region
[2022-06-13T03:10:30.915+0000][1][safepoint    ] Total time for which application threads were stopped: 0.0008865 seconds, Stopping threads took: 0.0004441 seconds
[2022-06-13T03:10:30.920+0000][1][safepoint    ] Application time: 0.0042631 seconds
[2022-06-13T03:10:30.921+0000][1][safepoint    ] Entering safepoint region: RevokeBias
[2022-06-13T03:10:30.921+0000][1][safepoint    ] Leaving safepoint region
[2022-06-13T03:10:30.921+0000][1][safepoint    ] Total time for which application threads were stopped: 0.0009900 seconds, Stopping threads took: 0.0005723 seconds
[2022-06-13T03:10:30.925+0000][1][safepoint    ] Application time: 0.0035197 seconds
[2022-06-13T03:10:30.926+0000][1][safepoint    ] Entering safepoint region: RevokeBias
[2022-06-13T03:10:30.927+0000][1][safepoint    ] Leaving safepoint region
[2022-06-13T03:10:30.927+0000][1][safepoint    ] Total time for which application threads were stopped: 0.0013123 seconds, Stopping threads took: 0.0006617 seconds
[2022-06-13T03:10:31.131+0000][1][safepoint    ] Application time: 0.2035874 seconds
[2022-06-13T03:10:31.132+0000][1][safepoint    ] Entering safepoint region: RevokeBias
[2022-06-13T03:10:31.132+0000][1][safepoint    ] Leaving safepoint region
[2022-06-13T03:10:31.133+0000][1][safepoint    ] Total time for which application threads were stopped: 0.0010692 seconds, Stopping threads took: 0.0005638 seconds
[2022-06-13T03:10:31.133+0000][1][safepoint    ] Application time: 0.0003885 seconds
[2022-06-13T03:10:31.134+0000][1][safepoint    ] Entering safepoint region: RevokeBias
[2022-06-13T03:10:31.134+0000][1][safepoint    ] Leaving safepoint region
[2022-06-13T03:10:31.135+0000][1][safepoint    ] Total time for which application threads were stopped: 0.0011077 seconds, Stopping threads took: 0.0004088 seconds
[2022-06-13T03:10:31.137+0000][1][safepoint    ] Application time: 0.0020286 seconds
[2022-06-13T03:10:31.137+0000][1][safepoint    ] Entering safepoint region: RevokeBias
[2022-06-13T03:10:31.138+0000][1][safepoint    ] Leaving safepoint region
[2022-06-13T03:10:31.138+0000][1][safepoint    ] Total time for which application threads were stopped: 0.0007190 seconds, Stopping threads took: 0.0003975 seconds
[2022-06-13T03:10:31.141+0000][1][safepoint    ] Application time: 0.0020609 seconds
[2022-06-13T03:10:31.141+0000][1][safepoint    ] Entering safepoint region: RevokeBias
[2022-06-13T03:10:31.141+0000][1][safepoint    ] Leaving safepoint region
[2022-06-13T03:10:31.142+0000][1][safepoint    ] Total time for which application threads were stopped: 0.0007499 seconds, Stopping threads took: 0.0003919 seconds
[2022-06-13T03:10:31.143+0000][1][safepoint    ] Application time: 0.0007088 seconds
[2022-06-13T03:10:31.143+0000][1][safepoint    ] Entering safepoint region: RevokeBias
[2022-06-13T03:10:31.144+0000][1][safepoint    ] Leaving safepoint region
[2022-06-13T03:10:31.145+0000][1][safepoint    ] Total time for which application threads were stopped: 0.0017086 seconds, Stopping threads took: 0.0006287 seconds
[2022-06-13T03:10:31.151+0000][1][safepoint    ] Application time: 0.0050353 seconds
[2022-06-13T03:10:31.151+0000][1][safepoint    ] Entering safepoint region: RevokeBias
[2022-06-13T03:10:31.151+0000][1][safepoint    ] Leaving safepoint region
[2022-06-13T03:10:31.151+0000][1][safepoint    ] Total time for which application threads were stopped: 0.0006335 seconds, Stopping threads took: 0.0002649 seconds
[2022-06-13T03:10:31.153+0000][1][safepoint    ] Application time: 0.0016489 seconds
[2022-06-13T03:10:31.154+0000][1][safepoint    ] Entering safepoint region: RevokeBias
[2022-06-13T03:10:31.154+0000][1][safepoint    ] Leaving safepoint region
[2022-06-13T03:10:31.154+0000][1][safepoint    ] Total time for which application threads were stopped: 0.0007412 seconds, Stopping threads took: 0.0003762 seconds
[2022-06-13T03:10:31.545+0000][1][safepoint    ] Application time: 0.3901442 seconds
[2022-06-13T03:10:31.545+0000][1][safepoint    ] Entering safepoint region: RevokeBias
[2022-06-13T03:10:31.546+0000][1][safepoint    ] Leaving safepoint region
[2022-06-13T03:10:31.546+0000][1][safepoint    ] Total time for which application threads were stopped: 0.0010080 seconds, Stopping threads took: 0.0004381 seconds
[2022-06-13T03:10:31.548+0000][1][safepoint    ] Application time: 0.0011923 seconds
[2022-06-13T03:10:31.549+0000][1][safepoint    ] Entering safepoint region: RevokeBias
[2022-06-13T03:10:31.549+0000][1][safepoint    ] Leaving safepoint region
[2022-06-13T03:10:31.549+0000][1][safepoint    ] Total time for which application threads were stopped: 0.0010898 seconds, Stopping threads took: 0.0006989 seconds
[2022-06-13T03:10:31.550+0000][1][safepoint    ] Application time: 0.0008058 seconds
[2022-06-13T03:10:31.551+0000][1][safepoint    ] Entering safepoint region: RevokeBias
[2022-06-13T03:10:31.551+0000][1][safepoint    ] Leaving safepoint region
[2022-06-13T03:10:31.551+0000][1][safepoint    ] Total time for which application threads were stopped: 0.0005797 seconds, Stopping threads took: 0.0003291 seconds
[2022-06-13T03:10:31.553+0000][1][safepoint    ] Application time: 0.0011333 seconds
[2022-06-13T03:10:31.553+0000][1][safepoint    ] Entering safepoint region: RevokeBias
[2022-06-13T03:10:31.554+0000][1][safepoint    ] Leaving safepoint region
[2022-06-13T03:10:31.554+0000][1][safepoint    ] Total time for which application threads were stopped: 0.0008330 seconds, Stopping threads took: 0.0003452 seconds
[2022-06-13T03:10:31.556+0000][1][safepoint    ] Application time: 0.0017728 seconds
[2022-06-13T03:10:31.559+0000][1][safepoint    ] Entering safepoint region: RevokeBias
[2022-06-13T03:10:31.559+0000][1][safepoint    ] Leaving safepoint region
[2022-06-13T03:10:31.560+0000][1][safepoint    ] Total time for which application threads were stopped: 0.0015345 seconds, Stopping threads took: 0.0004193 seconds
[2022-06-13T03:10:31.564+0000][1][safepoint    ] Application time: 0.0029850 seconds
[2022-06-13T03:10:31.565+0000][1][safepoint    ] Entering safepoint region: RevokeBias
[2022-06-13T03:10:31.566+0000][1][safepoint    ] Leaving safepoint region
[2022-06-13T03:10:31.566+0000][1][safepoint    ] Total time for which application threads were stopped: 0.0015037 seconds, Stopping threads took: 0.0011848 seconds
[2022-06-13T03:10:31.566+0000][1][safepoint    ] Application time: 0.0003869 seconds
[2022-06-13T03:10:31.567+0000][1][safepoint    ] Entering safepoint region: BulkRevokeBias
[2022-06-13T03:10:31.567+0000][1][safepoint    ] Leaving safepoint region
[2022-06-13T03:10:31.568+0000][1][safepoint    ] Total time for which application threads were stopped: 0.0010268 seconds, Stopping threads took: 0.0001820 seconds
[2022-06-13T03:10:31.808+0000][1][safepoint    ] Application time: 0.2403159 seconds
[2022-06-13T03:10:31.809+0000][1][safepoint    ] Entering safepoint region: RevokeBias
[2022-06-13T03:10:31.809+0000][1][safepoint    ] Leaving safepoint region
[2022-06-13T03:10:31.810+0000][1][safepoint    ] Total time for which application threads were stopped: 0.0007742 seconds, Stopping threads took: 0.0004234 seconds
[2022-06-13T03:10:31.810+0000][1][safepoint    ] Application time: 0.0007674 seconds
[2022-06-13T03:10:31.811+0000][1][safepoint    ] Entering safepoint region: RevokeBias
[2022-06-13T03:10:31.811+0000][1][safepoint    ] Leaving safepoint region
[2022-06-13T03:10:31.812+0000][1][safepoint    ] Total time for which application threads were stopped: 0.0009012 seconds, Stopping threads took: 0.0005246 seconds
[2022-06-13T03:10:32.012+0000][1][safepoint    ] Application time: 0.2001887 seconds
[2022-06-13T03:10:32.013+0000][1][safepoint    ] Entering safepoint region: RevokeBias
[2022-06-13T03:10:32.013+0000][1][safepoint    ] Leaving safepoint region
[2022-06-13T03:10:32.013+0000][1][safepoint    ] Total time for which application threads were stopped: 0.0009584 seconds, Stopping threads took: 0.0005863 seconds
[2022-06-13T03:10:32.015+0000][1][safepoint    ] Application time: 0.0014860 seconds
[2022-06-13T03:10:32.017+0000][1][safepoint    ] Entering safepoint region: RevokeBias
[2022-06-13T03:10:32.018+0000][1][safepoint    ] Leaving safepoint region
[2022-06-13T03:10:32.018+0000][1][safepoint    ] Total time for which application threads were stopped: 0.0013897 seconds, Stopping threads took: 0.0007694 seconds
[2022-06-13T03:10:32.201+0000][1][safepoint    ] Application time: 0.1826228 seconds
[2022-06-13T03:10:32.201+0000][1][safepoint    ] Entering safepoint region: RevokeBias
[2022-06-13T03:10:32.202+0000][1][safepoint    ] Leaving safepoint region
[2022-06-13T03:10:32.202+0000][1][safepoint    ] Total time for which application threads were stopped: 0.0008186 seconds, Stopping threads took: 0.0003757 seconds
[2022-06-13T03:10:32.204+0000][1][safepoint    ] Application time: 0.0012432 seconds
[2022-06-13T03:10:32.204+0000][1][safepoint    ] Entering safepoint region: RevokeBias
[2022-06-13T03:10:32.204+0000][1][safepoint    ] Leaving safepoint region
[2022-06-13T03:10:32.205+0000][1][safepoint    ] Total time for which application threads were stopped: 0.0009253 seconds, Stopping threads took: 0.0003676 seconds
[2022-06-13T03:10:32.415+0000][1][safepoint    ] Application time: 0.2093501 seconds
[2022-06-13T03:10:32.415+0000][1][safepoint    ] Entering safepoint region: RevokeBias
[2022-06-13T03:10:32.415+0000][1][safepoint    ] Leaving safepoint region
[2022-06-13T03:10:32.416+0000][1][safepoint    ] Total time for which application threads were stopped: 0.0008831 seconds, Stopping threads took: 0.0003516 seconds
[2022-06-13T03:10:32.417+0000][1][safepoint    ] Application time: 0.0007606 seconds
[2022-06-13T03:10:32.417+0000][1][safepoint    ] Entering safepoint region: RevokeBias
[2022-06-13T03:10:32.418+0000][1][safepoint    ] Leaving safepoint region
[2022-06-13T03:10:32.418+0000][1][safepoint    ] Total time for which application threads were stopped: 0.0007768 seconds, Stopping threads took: 0.0004577 seconds
[2022-06-13T03:10:32.419+0000][1][safepoint    ] Application time: 0.0005838 seconds
[2022-06-13T03:10:32.419+0000][1][safepoint    ] Entering safepoint region: GenCollectForAllocation
[2022-06-13T03:10:32.420+0000][1][gc,start     ] GC(22) Pause Young (Allocation Failure)
[2022-06-13T03:10:32.420+0000][1][gc,task      ] GC(22) Using 5 workers of 13 for evacuation
[2022-06-13T03:10:32.428+0000][1][gc,age       ] GC(22) Desired survivor size 4456448 bytes, new threshold 2 (max threshold 6)
[2022-06-13T03:10:32.429+0000][1][gc,age       ] GC(22) Age table with threshold 2 (max threshold 6)
[2022-06-13T03:10:32.430+0000][1][gc,age       ] GC(22) - age   1:    2634752 bytes,    2634752 total
[2022-06-13T03:10:32.430+0000][1][gc,age       ] GC(22) - age   2:    3849728 bytes,    6484480 total
[2022-06-13T03:10:32.430+0000][1][gc,heap      ] GC(22) ParNew: 78656K->8178K(78656K)
[2022-06-13T03:10:32.430+0000][1][gc,heap      ] GC(22) CMS: 59675K->63933K(174784K)
[2022-06-13T03:10:32.431+0000][1][gc,metaspace ] GC(22) Metaspace: 67667K->67667K(1112064K)
[2022-06-13T03:10:32.431+0000][1][gc           ] GC(22) Pause Young (Allocation Failure) 135M->70M(247M) 11.064ms
[2022-06-13T03:10:32.431+0000][1][gc,cpu       ] GC(22) User=0.04s Sys=0.00s Real=0.01s
[2022-06-13T03:10:32.432+0000][1][safepoint    ] Leaving safepoint region
[2022-06-13T03:10:32.432+0000][1][safepoint    ] Total time for which application threads were stopped: 0.0133878 seconds, Stopping threads took: 0.0006824 seconds
[2022-06-13T03:10:32.642+0000][1][safepoint    ] Application time: 0.2088015 seconds
[2022-06-13T03:10:32.642+0000][1][safepoint    ] Entering safepoint region: BulkRevokeBias
[2022-06-13T03:10:32.643+0000][1][safepoint    ] Leaving safepoint region
[2022-06-13T03:10:32.643+0000][1][safepoint    ] Total time for which application threads were stopped: 0.0014875 seconds, Stopping threads took: 0.0006415 seconds
[2022-06-13T03:10:32.645+0000][1][safepoint    ] Application time: 0.0009783 seconds
[2022-06-13T03:10:32.645+0000][1][safepoint    ] Entering safepoint region: RevokeBias
[2022-06-13T03:10:32.646+0000][1][safepoint    ] Leaving safepoint region
[2022-06-13T03:10:32.646+0000][1][safepoint    ] Total time for which application threads were stopped: 0.0005408 seconds, Stopping threads took: 0.0002287 seconds
[2022-06-13T03:10:33.646+0000][1][safepoint    ] Application time: 1.0001540 seconds
[2022-06-13T03:10:33.646+0000][1][safepoint    ] Entering safepoint region: Cleanup
[2022-06-13T03:10:33.647+0000][1][safepoint    ] Leaving safepoint region
[2022-06-13T03:10:33.647+0000][1][safepoint    ] Total time for which application threads were stopped: 0.0002729 seconds, Stopping threads took: 0.0001199 seconds
[2022-06-13T03:10:34.647+0000][1][safepoint    ] Application time: 1.0001058 seconds
[2022-06-13T03:10:34.647+0000][1][safepoint    ] Entering safepoint region: Cleanup
[2022-06-13T03:10:34.648+0000][1][safepoint    ] Leaving safepoint region
[2022-06-13T03:10:34.648+0000][1][safepoint    ] Total time for which application threads were stopped: 0.0007492 seconds, Stopping threads took: 0.0003489 seconds
[2022-06-13T03:10:35.649+0000][1][safepoint    ] Application time: 1.0001410 seconds
[2022-06-13T03:10:35.649+0000][1][safepoint    ] Entering safepoint region: Cleanup
[2022-06-13T03:10:35.649+0000][1][safepoint    ] Leaving safepoint region
[2022-06-13T03:10:35.650+0000][1][safepoint    ] Total time for which application threads were stopped: 0.0008678 seconds, Stopping threads took: 0.0003279 seconds
[2022-06-13T03:10:36.650+0000][1][safepoint    ] Application time: 1.0002680 seconds
[2022-06-13T03:10:36.651+0000][1][safepoint    ] Entering safepoint region: Cleanup
[2022-06-13T03:10:36.651+0000][1][safepoint    ] Leaving safepoint region
[2022-06-13T03:10:36.652+0000][1][safepoint    ] Total time for which application threads were stopped: 0.0007405 seconds, Stopping threads took: 0.0002919 seconds
[2022-06-13T03:10:36.836+0000][1][safepoint    ] Application time: 0.1840552 seconds
[2022-06-13T03:10:36.837+0000][1][safepoint    ] Entering safepoint region: RevokeBias
[2022-06-13T03:10:36.837+0000][1][safepoint    ] Leaving safepoint region
[2022-06-13T03:10:36.837+0000][1][safepoint    ] Total time for which application threads were stopped: 0.0008426 seconds, Stopping threads took: 0.0003836 seconds
[2022-06-13T03:10:36.838+0000][1][safepoint    ] Application time: 0.0002377 seconds
[2022-06-13T03:10:36.838+0000][1][safepoint    ] Entering safepoint region: RevokeBias
[2022-06-13T03:10:36.839+0000][1][safepoint    ] Leaving safepoint region
[2022-06-13T03:10:36.839+0000][1][safepoint    ] Total time for which application threads were stopped: 0.0009295 seconds, Stopping threads took: 0.0004115 seconds
[2022-06-13T03:10:37.840+0000][1][safepoint    ] Application time: 1.0002386 seconds
[2022-06-13T03:10:37.840+0000][1][safepoint    ] Entering safepoint region: Cleanup
[2022-06-13T03:10:37.841+0000][1][safepoint    ] Leaving safepoint region
[2022-06-13T03:10:37.841+0000][1][safepoint    ] Total time for which application threads were stopped: 0.0003764 seconds, Stopping threads took: 0.0001818 seconds
[2022-06-13T03:10:38.841+0000][1][safepoint    ] Application time: 1.0001613 seconds
[2022-06-13T03:10:38.841+0000][1][safepoint    ] Entering safepoint region: Cleanup
[2022-06-13T03:10:38.842+0000][1][safepoint    ] Leaving safepoint region
[2022-06-13T03:10:38.842+0000][1][safepoint    ] Total time for which application threads were stopped: 0.0006960 seconds, Stopping threads took: 0.0002822 seconds
[2022-06-13T03:10:39.843+0000][1][safepoint    ] Application time: 1.0002251 seconds
[2022-06-13T03:10:39.843+0000][1][safepoint    ] Entering safepoint region: Cleanup
[2022-06-13T03:10:39.844+0000][1][safepoint    ] Leaving safepoint region
[2022-06-13T03:10:39.844+0000][1][safepoint    ] Total time for which application threads were stopped: 0.0011438 seconds, Stopping threads took: 0.0005581 seconds
[2022-06-13T03:10:40.845+0000][1][safepoint    ] Application time: 1.0002089 seconds
[2022-06-13T03:10:40.846+0000][1][safepoint    ] Entering safepoint region: Cleanup
[2022-06-13T03:10:40.846+0000][1][safepoint    ] Leaving safepoint region
[2022-06-13T03:10:40.846+0000][1][safepoint    ] Total time for which application threads were stopped: 0.0004949 seconds, Stopping threads took: 0.0002493 seconds
[2022-06-13T03:10:41.847+0000][1][safepoint    ] Application time: 1.0001111 seconds
[2022-06-13T03:10:41.847+0000][1][safepoint    ] Entering safepoint region: Cleanup
[2022-06-13T03:10:41.847+0000][1][safepoint    ] Leaving safepoint region
[2022-06-13T03:10:41.848+0000][1][safepoint    ] Total time for which application threads were stopped: 0.0007864 seconds, Stopping threads took: 0.0003497 seconds
[2022-06-13T03:10:42.848+0000][1][safepoint    ] Application time: 1.0002232 seconds
[2022-06-13T03:10:42.849+0000][1][safepoint    ] Entering safepoint region: Cleanup
[2022-06-13T03:10:42.849+0000][1][safepoint    ] Leaving safepoint region
[2022-06-13T03:10:42.850+0000][1][safepoint    ] Total time for which application threads were stopped: 0.0006098 seconds, Stopping threads took: 0.0002791 seconds
[2022-06-13T03:10:43.850+0000][1][safepoint    ] Application time: 1.0001472 seconds
[2022-06-13T03:10:43.851+0000][1][safepoint    ] Entering safepoint region: Cleanup
[2022-06-13T03:10:43.851+0000][1][safepoint    ] Leaving safepoint region
[2022-06-13T03:10:43.851+0000][1][safepoint    ] Total time for which application threads were stopped: 0.0007753 seconds, Stopping threads took: 0.0003200 seconds
[2022-06-13T03:10:44.219+0000][1][safepoint    ] Application time: 0.3669377 seconds
[2022-06-13T03:10:44.219+0000][1][safepoint    ] Entering safepoint region: RevokeBias
[2022-06-13T03:10:44.220+0000][1][safepoint    ] Leaving safepoint region
[2022-06-13T03:10:44.220+0000][1][safepoint    ] Total time for which application threads were stopped: 0.0009522 seconds, Stopping threads took: 0.0005825 seconds
[2022-06-13T03:10:44.221+0000][1][safepoint    ] Application time: 0.0007367 seconds
[2022-06-13T03:10:44.222+0000][1][safepoint    ] Entering safepoint region: RevokeBias
[2022-06-13T03:10:44.222+0000][1][safepoint    ] Leaving safepoint region
[2022-06-13T03:10:44.222+0000][1][safepoint    ] Total time for which application threads were stopped: 0.0011069 seconds, Stopping threads took: 0.0004681 seconds
[2022-06-13T03:10:44.224+0000][1][safepoint    ] Application time: 0.0008720 seconds
[2022-06-13T03:10:44.224+0000][1][safepoint    ] Entering safepoint region: RevokeBias
[2022-06-13T03:10:44.224+0000][1][safepoint    ] Leaving safepoint region
[2022-06-13T03:10:44.225+0000][1][safepoint    ] Total time for which application threads were stopped: 0.0008353 seconds, Stopping threads took: 0.0004265 seconds
[2022-06-13T03:10:45.225+0000][1][safepoint    ] Application time: 1.0001451 seconds
[2022-06-13T03:10:45.225+0000][1][safepoint    ] Entering safepoint region: Cleanup
[2022-06-13T03:10:45.226+0000][1][safepoint    ] Leaving safepoint region
[2022-06-13T03:10:45.226+0000][1][safepoint    ] Total time for which application threads were stopped: 0.0004261 seconds, Stopping threads took: 0.0002154 seconds
[2022-06-13T03:10:46.226+0000][1][safepoint    ] Application time: 1.0003194 seconds
[2022-06-13T03:10:46.227+0000][1][safepoint    ] Entering safepoint region: Cleanup
[2022-06-13T03:10:46.227+0000][1][safepoint    ] Leaving safepoint region
[2022-06-13T03:10:46.227+0000][1][safepoint    ] Total time for which application threads were stopped: 0.0004224 seconds, Stopping threads took: 0.0001941 seconds
[2022-06-13T03:10:47.228+0000][1][safepoint    ] Application time: 1.0001857 seconds
[2022-06-13T03:10:47.228+0000][1][safepoint    ] Entering safepoint region: Cleanup
[2022-06-13T03:10:47.229+0000][1][safepoint    ] Leaving safepoint region
[2022-06-13T03:10:47.229+0000][1][safepoint    ] Total time for which application threads were stopped: 0.0009354 seconds, Stopping threads took: 0.0004111 seconds
[2022-06-13T03:10:48.230+0000][1][safepoint    ] Application time: 1.0002033 seconds
[2022-06-13T03:10:48.230+0000][1][safepoint    ] Entering safepoint region: Cleanup
[2022-06-13T03:10:48.231+0000][1][safepoint    ] Leaving safepoint region
[2022-06-13T03:10:48.231+0000][1][safepoint    ] Total time for which application threads were stopped: 0.0008834 seconds, Stopping threads took: 0.0003123 seconds
[2022-06-13T03:10:49.231+0000][1][safepoint    ] Application time: 1.0001971 seconds
[2022-06-13T03:10:49.232+0000][1][safepoint    ] Entering safepoint region: Cleanup
[2022-06-13T03:10:49.232+0000][1][safepoint    ] Leaving safepoint region
[2022-06-13T03:10:49.233+0000][1][safepoint    ] Total time for which application threads were stopped: 0.0006965 seconds, Stopping threads took: 0.0002998 seconds
[2022-06-13T03:10:50.233+0000][1][safepoint    ] Application time: 1.0002230 seconds
[2022-06-13T03:10:50.234+0000][1][safepoint    ] Entering safepoint region: Cleanup
[2022-06-13T03:10:50.234+0000][1][safepoint    ] Leaving safepoint region
[2022-06-13T03:10:50.234+0000][1][safepoint    ] Total time for which application threads were stopped: 0.0008075 seconds, Stopping threads took: 0.0003840 seconds
[2022-06-13T03:10:51.235+0000][1][safepoint    ] Application time: 1.0001685 seconds
[2022-06-13T03:10:51.235+0000][1][safepoint    ] Entering safepoint region: Cleanup
[2022-06-13T03:10:51.236+0000][1][safepoint    ] Leaving safepoint region
[2022-06-13T03:10:51.236+0000][1][safepoint    ] Total time for which application threads were stopped: 0.0007033 seconds, Stopping threads took: 0.0003323 seconds
[2022-06-13T03:10:52.237+0000][1][safepoint    ] Application time: 1.0001432 seconds
[2022-06-13T03:10:52.237+0000][1][safepoint    ] Entering safepoint region: Cleanup
[2022-06-13T03:10:52.238+0000][1][safepoint    ] Leaving safepoint region
[2022-06-13T03:10:52.238+0000][1][safepoint    ] Total time for which application threads were stopped: 0.0006506 seconds, Stopping threads took: 0.0003048 seconds
[2022-06-13T03:10:53.238+0000][1][safepoint    ] Application time: 1.0002226 seconds
[2022-06-13T03:10:53.239+0000][1][safepoint    ] Entering safepoint region: Cleanup
[2022-06-13T03:10:53.239+0000][1][safepoint    ] Leaving safepoint region
[2022-06-13T03:10:53.239+0000][1][safepoint    ] Total time for which application threads were stopped: 0.0006647 seconds, Stopping threads took: 0.0003457 seconds
[2022-06-13T03:10:54.240+0000][1][safepoint    ] Application time: 1.0001812 seconds
[2022-06-13T03:10:54.240+0000][1][safepoint    ] Entering safepoint region: Cleanup
[2022-06-13T03:10:54.240+0000][1][safepoint    ] Leaving safepoint region
[2022-06-13T03:10:54.241+0000][1][safepoint    ] Total time for which application threads were stopped: 0.0003785 seconds, Stopping threads took: 0.0002126 seconds
[2022-06-13T03:10:55.241+0000][1][safepoint    ] Application time: 1.0003435 seconds
[2022-06-13T03:10:55.242+0000][1][safepoint    ] Entering safepoint region: Cleanup
[2022-06-13T03:10:55.242+0000][1][safepoint    ] Leaving safepoint region
[2022-06-13T03:10:55.243+0000][1][safepoint    ] Total time for which application threads were stopped: 0.0010911 seconds, Stopping threads took: 0.0005404 seconds
[2022-06-13T03:10:56.244+0000][1][safepoint    ] Application time: 1.0002700 seconds
[2022-06-13T03:10:56.244+0000][1][safepoint    ] Entering safepoint region: Cleanup
[2022-06-13T03:10:56.245+0000][1][safepoint    ] Leaving safepoint region
[2022-06-13T03:10:56.245+0000][1][safepoint    ] Total time for which application threads were stopped: 0.0012029 seconds, Stopping threads took: 0.0005364 seconds
[2022-06-13T03:10:57.246+0000][1][safepoint    ] Application time: 1.0001846 seconds
[2022-06-13T03:10:57.247+0000][1][safepoint    ] Entering safepoint region: Cleanup
[2022-06-13T03:10:57.247+0000][1][safepoint    ] Leaving safepoint region
[2022-06-13T03:10:57.247+0000][1][safepoint    ] Total time for which application threads were stopped: 0.0005524 seconds, Stopping threads took: 0.0002507 seconds
[2022-06-13T03:10:58.248+0000][1][safepoint    ] Application time: 1.0002193 seconds
[2022-06-13T03:10:58.248+0000][1][safepoint    ] Entering safepoint region: Cleanup
[2022-06-13T03:10:58.249+0000][1][safepoint    ] Leaving safepoint region
[2022-06-13T03:10:58.249+0000][1][safepoint    ] Total time for which application threads were stopped: 0.0007281 seconds, Stopping threads took: 0.0003724 seconds
[2022-06-13T03:10:59.250+0000][1][safepoint    ] Application time: 1.0002031 seconds
[2022-06-13T03:10:59.250+0000][1][safepoint    ] Entering safepoint region: Cleanup
[2022-06-13T03:10:59.250+0000][1][safepoint    ] Leaving safepoint region
[2022-06-13T03:10:59.250+0000][1][safepoint    ] Total time for which application threads were stopped: 0.0006554 seconds, Stopping threads took: 0.0002020 seconds
[2022-06-13T03:10:59.546+0000][1][safepoint    ] Application time: 0.2958175 seconds
[2022-06-13T03:10:59.547+0000][1][safepoint    ] Entering safepoint region: RevokeBias
[2022-06-13T03:10:59.547+0000][1][safepoint    ] Leaving safepoint region
[2022-06-13T03:10:59.548+0000][1][safepoint    ] Total time for which application threads were stopped: 0.0008123 seconds, Stopping threads took: 0.0003784 seconds
[2022-06-13T03:10:59.554+0000][1][safepoint    ] Application time: 0.0062880 seconds
[2022-06-13T03:10:59.555+0000][1][safepoint    ] Entering safepoint region: RevokeBias
[2022-06-13T03:10:59.555+0000][1][safepoint    ] Leaving safepoint region
[2022-06-13T03:10:59.555+0000][1][safepoint    ] Total time for which application threads were stopped: 0.0008004 seconds, Stopping threads took: 0.0002680 seconds
[2022-06-13T03:11:00.164+0000][1][safepoint    ] Application time: 0.6085926 seconds
[2022-06-13T03:11:00.165+0000][1][safepoint    ] Entering safepoint region: RevokeBias
[2022-06-13T03:11:00.165+0000][1][safepoint    ] Leaving safepoint region
[2022-06-13T03:11:00.165+0000][1][safepoint    ] Total time for which application threads were stopped: 0.0007404 seconds, Stopping threads took: 0.0003219 seconds
[2022-06-13T03:11:00.648+0000][1][safepoint    ] Application time: 0.4824675 seconds
[2022-06-13T03:11:00.649+0000][1][safepoint    ] Entering safepoint region: RevokeBias
[2022-06-13T03:11:00.649+0000][1][safepoint    ] Leaving safepoint region
[2022-06-13T03:11:00.649+0000][1][safepoint    ] Total time for which application threads were stopped: 0.0008132 seconds, Stopping threads took: 0.0003798 seconds
[2022-06-13T03:11:00.906+0000][1][safepoint    ] Application time: 0.2559533 seconds
[2022-06-13T03:11:00.906+0000][1][safepoint    ] Entering safepoint region: RevokeBias
[2022-06-13T03:11:00.906+0000][1][safepoint    ] Leaving safepoint region
[2022-06-13T03:11:00.906+0000][1][safepoint    ] Total time for which application threads were stopped: 0.0004459 seconds, Stopping threads took: 0.0001841 seconds
[2022-06-13T03:11:01.131+0000][1][safepoint    ] Application time: 0.2241633 seconds
[2022-06-13T03:11:01.131+0000][1][safepoint    ] Entering safepoint region: RevokeBias
[2022-06-13T03:11:01.132+0000][1][safepoint    ] Leaving safepoint region
[2022-06-13T03:11:01.132+0000][1][safepoint    ] Total time for which application threads were stopped: 0.0013661 seconds, Stopping threads took: 0.0006860 seconds
[2022-06-13T03:11:01.544+0000][1][safepoint    ] Application time: 0.4113298 seconds
[2022-06-13T03:11:01.545+0000][1][safepoint    ] Entering safepoint region: RevokeBias
[2022-06-13T03:11:01.545+0000][1][safepoint    ] Leaving safepoint region
[2022-06-13T03:11:01.545+0000][1][safepoint    ] Total time for which application threads were stopped: 0.0006705 seconds, Stopping threads took: 0.0002873 seconds
[2022-06-13T03:11:01.808+0000][1][safepoint    ] Application time: 0.2623335 seconds
[2022-06-13T03:11:01.809+0000][1][safepoint    ] Entering safepoint region: RevokeBias
[2022-06-13T03:11:01.809+0000][1][safepoint    ] Leaving safepoint region
[2022-06-13T03:11:01.810+0000][1][safepoint    ] Total time for which application threads were stopped: 0.0014032 seconds, Stopping threads took: 0.0005493 seconds
[2022-06-13T03:11:02.008+0000][1][safepoint    ] Application time: 0.1971169 seconds
[2022-06-13T03:11:02.008+0000][1][safepoint    ] Entering safepoint region: RevokeBias
[2022-06-13T03:11:02.009+0000][1][safepoint    ] Leaving safepoint region
[2022-06-13T03:11:02.009+0000][1][safepoint    ] Total time for which application threads were stopped: 0.0010848 seconds, Stopping threads took: 0.0004283 seconds
[2022-06-13T03:11:02.195+0000][1][safepoint    ] Application time: 0.1851907 seconds
[2022-06-13T03:11:02.195+0000][1][safepoint    ] Entering safepoint region: RevokeBias
[2022-06-13T03:11:02.196+0000][1][safepoint    ] Leaving safepoint region
[2022-06-13T03:11:02.196+0000][1][safepoint    ] Total time for which application threads were stopped: 0.0002628 seconds, Stopping threads took: 0.0001044 seconds
[2022-06-13T03:11:02.414+0000][1][safepoint    ] Application time: 0.2177191 seconds
[2022-06-13T03:11:02.415+0000][1][safepoint    ] Entering safepoint region: RevokeBias
[2022-06-13T03:11:02.415+0000][1][safepoint    ] Leaving safepoint region
[2022-06-13T03:11:02.416+0000][1][safepoint    ] Total time for which application threads were stopped: 0.0015095 seconds, Stopping threads took: 0.0007787 seconds
[2022-06-13T03:11:02.640+0000][1][safepoint    ] Application time: 0.2238163 seconds
[2022-06-13T03:11:02.641+0000][1][safepoint    ] Entering safepoint region: RevokeBias
[2022-06-13T03:11:02.641+0000][1][safepoint    ] Leaving safepoint region
[2022-06-13T03:11:02.642+0000][1][safepoint    ] Total time for which application threads were stopped: 0.0008048 seconds, Stopping threads took: 0.0003611 seconds
[2022-06-13T03:11:03.642+0000][1][safepoint    ] Application time: 1.0003548 seconds
[2022-06-13T03:11:03.643+0000][1][safepoint    ] Entering safepoint region: Cleanup
[2022-06-13T03:11:03.643+0000][1][safepoint    ] Leaving safepoint region
[2022-06-13T03:11:03.644+0000][1][safepoint    ] Total time for which application threads were stopped: 0.0008654 seconds, Stopping threads took: 0.0003945 seconds
[2022-06-13T03:11:04.644+0000][1][safepoint    ] Application time: 1.0002133 seconds
[2022-06-13T03:11:04.645+0000][1][safepoint    ] Entering safepoint region: Cleanup
[2022-06-13T03:11:04.645+0000][1][safepoint    ] Leaving safepoint region
[2022-06-13T03:11:04.646+0000][1][safepoint    ] Total time for which application threads were stopped: 0.0008047 seconds, Stopping threads took: 0.0003639 seconds
[2022-06-13T03:11:05.646+0000][1][safepoint    ] Application time: 1.0003504 seconds
[2022-06-13T03:11:05.647+0000][1][safepoint    ] Entering safepoint region: Cleanup
[2022-06-13T03:11:05.648+0000][1][safepoint    ] Leaving safepoint region
[2022-06-13T03:11:05.648+0000][1][safepoint    ] Total time for which application threads were stopped: 0.0009507 seconds, Stopping threads took: 0.0003840 seconds
[2022-06-13T03:11:06.649+0000][1][safepoint    ] Application time: 1.0002298 seconds
[2022-06-13T03:11:06.649+0000][1][safepoint    ] Entering safepoint region: Cleanup
[2022-06-13T03:11:06.650+0000][1][safepoint    ] Leaving safepoint region
[2022-06-13T03:11:06.650+0000][1][safepoint    ] Total time for which application threads were stopped: 0.0009002 seconds, Stopping threads took: 0.0004453 seconds
[2022-06-13T03:11:07.651+0000][1][safepoint    ] Application time: 1.0002570 seconds
[2022-06-13T03:11:07.652+0000][1][safepoint    ] Entering safepoint region: Cleanup
[2022-06-13T03:11:07.652+0000][1][safepoint    ] Leaving safepoint region
[2022-06-13T03:11:07.652+0000][1][safepoint    ] Total time for which application threads were stopped: 0.0007134 seconds, Stopping threads took: 0.0003335 seconds
[2022-06-13T03:11:08.653+0000][1][safepoint    ] Application time: 1.0002307 seconds
[2022-06-13T03:11:08.653+0000][1][safepoint    ] Entering safepoint region: Cleanup
[2022-06-13T03:11:08.654+0000][1][safepoint    ] Leaving safepoint region
[2022-06-13T03:11:08.654+0000][1][safepoint    ] Total time for which application threads were stopped: 0.0007963 seconds, Stopping threads took: 0.0003264 seconds
[2022-06-13T03:11:09.655+0000][1][safepoint    ] Application time: 1.0001629 seconds
[2022-06-13T03:11:09.655+0000][1][safepoint    ] Entering safepoint region: Cleanup
[2022-06-13T03:11:09.655+0000][1][safepoint    ] Leaving safepoint region
[2022-06-13T03:11:09.656+0000][1][safepoint    ] Total time for which application threads were stopped: 0.0004575 seconds, Stopping threads took: 0.0002144 seconds
[2022-06-13T03:11:10.656+0000][1][safepoint    ] Application time: 1.0003206 seconds
[2022-06-13T03:11:10.657+0000][1][safepoint    ] Entering safepoint region: Cleanup
[2022-06-13T03:11:10.657+0000][1][safepoint    ] Leaving safepoint region
[2022-06-13T03:11:10.658+0000][1][safepoint    ] Total time for which application threads were stopped: 0.0017351 seconds, Stopping threads took: 0.0005736 seconds
[2022-06-13T03:11:11.660+0000][1][safepoint    ] Application time: 1.0003265 seconds
[2022-06-13T03:11:11.660+0000][1][safepoint    ] Entering safepoint region: Cleanup
[2022-06-13T03:11:11.661+0000][1][safepoint    ] Leaving safepoint region
[2022-06-13T03:11:11.661+0000][1][safepoint    ] Total time for which application threads were stopped: 0.0006059 seconds, Stopping threads took: 0.0003150 seconds
[2022-06-13T03:11:12.661+0000][1][safepoint    ] Application time: 1.0001305 seconds
[2022-06-13T03:11:12.662+0000][1][safepoint    ] Entering safepoint region: Cleanup
[2022-06-13T03:11:12.662+0000][1][safepoint    ] Leaving safepoint region
[2022-06-13T03:11:12.663+0000][1][safepoint    ] Total time for which application threads were stopped: 0.0007532 seconds, Stopping threads took: 0.0004277 seconds
[2022-06-13T03:11:13.663+0000][1][safepoint    ] Application time: 1.0001680 seconds
[2022-06-13T03:11:13.664+0000][1][safepoint    ] Entering safepoint region: Cleanup
[2022-06-13T03:11:13.664+0000][1][safepoint    ] Leaving safepoint region
[2022-06-13T03:11:13.664+0000][1][safepoint    ] Total time for which application threads were stopped: 0.0007841 seconds, Stopping threads took: 0.0003323 seconds
[2022-06-13T03:11:14.187+0000][1][safepoint    ] Application time: 0.5218698 seconds
[2022-06-13T03:11:14.187+0000][1][safepoint    ] Entering safepoint region: RevokeBias
[2022-06-13T03:11:14.187+0000][1][safepoint    ] Leaving safepoint region
[2022-06-13T03:11:14.188+0000][1][safepoint    ] Total time for which application threads were stopped: 0.0008688 seconds, Stopping threads took: 0.0004085 seconds
[2022-06-13T03:11:14.217+0000][1][safepoint    ] Application time: 0.0284622 seconds
[2022-06-13T03:11:14.217+0000][1][safepoint    ] Entering safepoint region: RevokeBias
[2022-06-13T03:11:14.217+0000][1][safepoint    ] Leaving safepoint region
[2022-06-13T03:11:14.218+0000][1][safepoint    ] Total time for which application threads were stopped: 0.0006503 seconds, Stopping threads took: 0.0003214 seconds
[2022-06-13T03:11:15.218+0000][1][safepoint    ] Application time: 1.0001792 seconds
[2022-06-13T03:11:15.218+0000][1][safepoint    ] Entering safepoint region: Cleanup
[2022-06-13T03:11:15.219+0000][1][safepoint    ] Leaving safepoint region
[2022-06-13T03:11:15.219+0000][1][safepoint    ] Total time for which application threads were stopped: 0.0007910 seconds, Stopping threads took: 0.0003914 seconds
[2022-06-13T03:11:16.220+0000][1][safepoint    ] Application time: 1.0001522 seconds
[2022-06-13T03:11:16.220+0000][1][safepoint    ] Entering safepoint region: Cleanup
[2022-06-13T03:11:16.221+0000][1][safepoint    ] Leaving safepoint region
[2022-06-13T03:11:16.221+0000][1][safepoint    ] Total time for which application threads were stopped: 0.0012512 seconds, Stopping threads took: 0.0006597 seconds
[2022-06-13T03:11:17.222+0000][1][safepoint    ] Application time: 1.0001794 seconds
[2022-06-13T03:11:17.222+0000][1][safepoint    ] Entering safepoint region: Cleanup
[2022-06-13T03:11:17.223+0000][1][safepoint    ] Leaving safepoint region
[2022-06-13T03:11:17.223+0000][1][safepoint    ] Total time for which application threads were stopped: 0.0006939 seconds, Stopping threads took: 0.0003862 seconds
[2022-06-13T03:11:18.224+0000][1][safepoint    ] Application time: 1.0001892 seconds
[2022-06-13T03:11:18.224+0000][1][safepoint    ] Entering safepoint region: Cleanup
[2022-06-13T03:11:18.225+0000][1][safepoint    ] Leaving safepoint region
[2022-06-13T03:11:18.225+0000][1][safepoint    ] Total time for which application threads were stopped: 0.0007712 seconds, Stopping threads took: 0.0003588 seconds
[2022-06-13T03:11:19.226+0000][1][safepoint    ] Application time: 1.0001134 seconds
[2022-06-13T03:11:19.226+0000][1][safepoint    ] Entering safepoint region: Cleanup
[2022-06-13T03:11:19.226+0000][1][safepoint    ] Leaving safepoint region
[2022-06-13T03:11:19.227+0000][1][safepoint    ] Total time for which application threads were stopped: 0.0005366 seconds, Stopping threads took: 0.0002540 seconds
[2022-06-13T03:11:20.227+0000][1][safepoint    ] Application time: 1.0002174 seconds
[2022-06-13T03:11:20.228+0000][1][safepoint    ] Entering safepoint region: Cleanup
[2022-06-13T03:11:20.228+0000][1][safepoint    ] Leaving safepoint region
[2022-06-13T03:11:20.228+0000][1][safepoint    ] Total time for which application threads were stopped: 0.0006908 seconds, Stopping threads took: 0.0002822 seconds
[2022-06-13T03:11:21.229+0000][1][safepoint    ] Application time: 1.0002128 seconds
[2022-06-13T03:11:21.230+0000][1][safepoint    ] Entering safepoint region: Cleanup
[2022-06-13T03:11:21.230+0000][1][safepoint    ] Leaving safepoint region
[2022-06-13T03:11:21.231+0000][1][safepoint    ] Total time for which application threads were stopped: 0.0011157 seconds, Stopping threads took: 0.0005176 seconds
[2022-06-13T03:11:22.231+0000][1][safepoint    ] Application time: 1.0001119 seconds
[2022-06-13T03:11:22.232+0000][1][safepoint    ] Entering safepoint region: Cleanup
[2022-06-13T03:11:22.232+0000][1][safepoint    ] Leaving safepoint region
[2022-06-13T03:11:22.233+0000][1][safepoint    ] Total time for which application threads were stopped: 0.0007648 seconds, Stopping threads took: 0.0003600 seconds
[2022-06-13T03:11:23.233+0000][1][safepoint    ] Application time: 1.0002459 seconds
[2022-06-13T03:11:23.234+0000][1][safepoint    ] Entering safepoint region: Cleanup
[2022-06-13T03:11:23.235+0000][1][safepoint    ] Leaving safepoint region
[2022-06-13T03:11:23.235+0000][1][safepoint    ] Total time for which application threads were stopped: 0.0011657 seconds, Stopping threads took: 0.0006168 seconds
[2022-06-13T03:11:24.236+0000][1][safepoint    ] Application time: 1.0002447 seconds
[2022-06-13T03:11:24.236+0000][1][safepoint    ] Entering safepoint region: Cleanup
[2022-06-13T03:11:24.237+0000][1][safepoint    ] Leaving safepoint region
[2022-06-13T03:11:24.237+0000][1][safepoint    ] Total time for which application threads were stopped: 0.0006195 seconds, Stopping threads took: 0.0003009 seconds
[2022-06-13T03:11:25.237+0000][1][safepoint    ] Application time: 1.0001399 seconds
[2022-06-13T03:11:25.238+0000][1][safepoint    ] Entering safepoint region: Cleanup
[2022-06-13T03:11:25.238+0000][1][safepoint    ] Leaving safepoint region
[2022-06-13T03:11:25.239+0000][1][safepoint    ] Total time for which application threads were stopped: 0.0008436 seconds, Stopping threads took: 0.0004164 seconds
[2022-06-13T03:11:26.239+0000][1][safepoint    ] Application time: 1.0001721 seconds
[2022-06-13T03:11:26.240+0000][1][safepoint    ] Entering safepoint region: Cleanup
[2022-06-13T03:11:26.240+0000][1][safepoint    ] Leaving safepoint region
[2022-06-13T03:11:26.241+0000][1][safepoint    ] Total time for which application threads were stopped: 0.0007388 seconds, Stopping threads took: 0.0003479 seconds
[2022-06-13T03:11:27.241+0000][1][safepoint    ] Application time: 1.0002317 seconds
[2022-06-13T03:11:27.242+0000][1][safepoint    ] Entering safepoint region: Cleanup
[2022-06-13T03:11:27.242+0000][1][safepoint    ] Leaving safepoint region
[2022-06-13T03:11:27.243+0000][1][safepoint    ] Total time for which application threads were stopped: 0.0009807 seconds, Stopping threads took: 0.0004480 seconds
[2022-06-13T03:11:28.046+0000][1][safepoint    ] Application time: 0.8025647 seconds
[2022-06-13T03:11:28.047+0000][1][safepoint    ] Entering safepoint region: GenCollectForAllocation
[2022-06-13T03:11:28.047+0000][1][gc,start     ] GC(23) Pause Young (Allocation Failure)
[2022-06-13T03:11:28.048+0000][1][gc,task      ] GC(23) Using 5 workers of 13 for evacuation
[2022-06-13T03:11:28.053+0000][1][gc,age       ] GC(23) Desired survivor size 4456448 bytes, new threshold 6 (max threshold 6)
[2022-06-13T03:11:28.054+0000][1][gc,age       ] GC(23) Age table with threshold 6 (max threshold 6)
[2022-06-13T03:11:28.054+0000][1][gc,age       ] GC(23) - age   1:     388296 bytes,     388296 total
[2022-06-13T03:11:28.054+0000][1][gc,age       ] GC(23) - age   2:    2252272 bytes,    2640568 total
[2022-06-13T03:11:28.055+0000][1][gc,heap      ] GC(23) ParNew: 78130K->6453K(78656K)
[2022-06-13T03:11:28.055+0000][1][gc,heap      ] GC(23) CMS: 63933K->67823K(174784K)
[2022-06-13T03:11:28.056+0000][1][gc,metaspace ] GC(23) Metaspace: 67908K->67908K(1112064K)
[2022-06-13T03:11:28.056+0000][1][gc           ] GC(23) Pause Young (Allocation Failure) 138M->72M(247M) 8.779ms
[2022-06-13T03:11:28.056+0000][1][gc,cpu       ] GC(23) User=0.02s Sys=0.00s Real=0.01s
[2022-06-13T03:11:28.057+0000][1][safepoint    ] Leaving safepoint region
[2022-06-13T03:11:28.057+0000][1][safepoint    ] Total time for which application threads were stopped: 0.0105110 seconds, Stopping threads took: 0.0005202 seconds
[2022-06-13T03:11:29.058+0000][1][safepoint    ] Application time: 1.0002146 seconds
[2022-06-13T03:11:29.058+0000][1][safepoint    ] Entering safepoint region: Cleanup
[2022-06-13T03:11:29.058+0000][1][safepoint    ] Leaving safepoint region
[2022-06-13T03:11:29.059+0000][1][safepoint    ] Total time for which application threads were stopped: 0.0009338 seconds, Stopping threads took: 0.0004867 seconds
[2022-06-13T03:11:30.060+0000][1][safepoint    ] Application time: 1.0003813 seconds
[2022-06-13T03:11:30.060+0000][1][safepoint    ] Entering safepoint region: Cleanup
[2022-06-13T03:11:30.061+0000][1][safepoint    ] Leaving safepoint region
[2022-06-13T03:11:30.062+0000][1][safepoint    ] Total time for which application threads were stopped: 0.0014673 seconds, Stopping threads took: 0.0007338 seconds
[2022-06-13T03:11:31.063+0000][1][safepoint    ] Application time: 1.0001546 seconds
[2022-06-13T03:11:31.063+0000][1][safepoint    ] Entering safepoint region: Cleanup
[2022-06-13T03:11:31.063+0000][1][safepoint    ] Leaving safepoint region
[2022-06-13T03:11:31.064+0000][1][safepoint    ] Total time for which application threads were stopped: 0.0005619 seconds, Stopping threads took: 0.0002539 seconds
[2022-06-13T03:11:32.064+0000][1][safepoint    ] Application time: 1.0001738 seconds
[2022-06-13T03:11:32.064+0000][1][safepoint    ] Entering safepoint region: Cleanup
[2022-06-13T03:11:32.065+0000][1][safepoint    ] Leaving safepoint region
[2022-06-13T03:11:32.065+0000][1][safepoint    ] Total time for which application threads were stopped: 0.0008039 seconds, Stopping threads took: 0.0003136 seconds
[2022-06-13T03:11:33.066+0000][1][safepoint    ] Application time: 1.0001608 seconds
[2022-06-13T03:11:33.066+0000][1][safepoint    ] Entering safepoint region: Cleanup
[2022-06-13T03:11:33.067+0000][1][safepoint    ] Leaving safepoint region
[2022-06-13T03:11:33.067+0000][1][safepoint    ] Total time for which application threads were stopped: 0.0005516 seconds, Stopping threads took: 0.0003025 seconds
[2022-06-13T03:11:34.067+0000][1][safepoint    ] Application time: 1.0002714 seconds
[2022-06-13T03:11:34.068+0000][1][safepoint    ] Entering safepoint region: Cleanup
[2022-06-13T03:11:34.068+0000][1][safepoint    ] Leaving safepoint region
[2022-06-13T03:11:34.069+0000][1][safepoint    ] Total time for which application threads were stopped: 0.0006140 seconds, Stopping threads took: 0.0002134 seconds
[2022-06-13T03:11:34.234+0000][1][safepoint    ] Application time: 0.1650845 seconds
[2022-06-13T03:11:34.235+0000][1][safepoint    ] Entering safepoint region: RevokeBias
[2022-06-13T03:11:34.235+0000][1][safepoint    ] Leaving safepoint region
[2022-06-13T03:11:34.236+0000][1][safepoint    ] Total time for which application threads were stopped: 0.0010061 seconds, Stopping threads took: 0.0004608 seconds
[2022-06-13T03:11:35.236+0000][1][safepoint    ] Application time: 1.0003465 seconds
[2022-06-13T03:11:35.237+0000][1][safepoint    ] Entering safepoint region: Cleanup
[2022-06-13T03:11:35.237+0000][1][safepoint    ] Leaving safepoint region
[2022-06-13T03:11:35.238+0000][1][safepoint    ] Total time for which application threads were stopped: 0.0008396 seconds, Stopping threads took: 0.0003796 seconds
[2022-06-13T03:11:36.238+0000][1][safepoint    ] Application time: 1.0001313 seconds
[2022-06-13T03:11:36.239+0000][1][safepoint    ] Entering safepoint region: Cleanup
[2022-06-13T03:11:36.239+0000][1][safepoint    ] Leaving safepoint region
[2022-06-13T03:11:36.239+0000][1][safepoint    ] Total time for which application threads were stopped: 0.0006211 seconds, Stopping threads took: 0.0003710 seconds
[2022-06-13T03:11:37.240+0000][1][safepoint    ] Application time: 1.0001461 seconds
[2022-06-13T03:11:37.240+0000][1][safepoint    ] Entering safepoint region: Cleanup
[2022-06-13T03:11:37.241+0000][1][safepoint    ] Leaving safepoint region
[2022-06-13T03:11:37.241+0000][1][safepoint    ] Total time for which application threads were stopped: 0.0007371 seconds, Stopping threads took: 0.0003273 seconds
[2022-06-13T03:11:38.242+0000][1][safepoint    ] Application time: 1.0002459 seconds
[2022-06-13T03:11:38.242+0000][1][safepoint    ] Entering safepoint region: Cleanup
[2022-06-13T03:11:38.243+0000][1][safepoint    ] Leaving safepoint region
[2022-06-13T03:11:38.243+0000][1][safepoint    ] Total time for which application threads were stopped: 0.0008014 seconds, Stopping threads took: 0.0003727 seconds
[2022-06-13T03:11:39.244+0000][1][safepoint    ] Application time: 1.0002625 seconds
[2022-06-13T03:11:39.244+0000][1][safepoint    ] Entering safepoint region: Cleanup
[2022-06-13T03:11:39.245+0000][1][safepoint    ] Leaving safepoint region
[2022-06-13T03:11:39.245+0000][1][safepoint    ] Total time for which application threads were stopped: 0.0010025 seconds, Stopping threads took: 0.0004768 seconds
[2022-06-13T03:11:40.246+0000][1][safepoint    ] Application time: 1.0003195 seconds
[2022-06-13T03:11:40.246+0000][1][safepoint    ] Entering safepoint region: Cleanup
[2022-06-13T03:11:40.247+0000][1][safepoint    ] Leaving safepoint region
[2022-06-13T03:11:40.247+0000][1][safepoint    ] Total time for which application threads were stopped: 0.0004950 seconds, Stopping threads took: 0.0002206 seconds
[2022-06-13T03:11:41.247+0000][1][safepoint    ] Application time: 1.0001539 seconds
[2022-06-13T03:11:41.248+0000][1][safepoint    ] Entering safepoint region: Cleanup
[2022-06-13T03:11:41.248+0000][1][safepoint    ] Leaving safepoint region
[2022-06-13T03:11:41.248+0000][1][safepoint    ] Total time for which application threads were stopped: 0.0007964 seconds, Stopping threads took: 0.0003079 seconds
[2022-06-13T03:11:42.249+0000][1][safepoint    ] Application time: 1.0001997 seconds
[2022-06-13T03:11:42.249+0000][1][safepoint    ] Entering safepoint region: Cleanup
[2022-06-13T03:11:42.250+0000][1][safepoint    ] Leaving safepoint region
[2022-06-13T03:11:42.250+0000][1][safepoint    ] Total time for which application threads were stopped: 0.0007368 seconds, Stopping threads took: 0.0003412 seconds
[2022-06-13T03:11:43.251+0000][1][safepoint    ] Application time: 1.0002186 seconds
[2022-06-13T03:11:43.251+0000][1][safepoint    ] Entering safepoint region: Cleanup
[2022-06-13T03:11:43.251+0000][1][safepoint    ] Leaving safepoint region
[2022-06-13T03:11:43.252+0000][1][safepoint    ] Total time for which application threads were stopped: 0.0004817 seconds, Stopping threads took: 0.0001366 seconds
[2022-06-13T03:11:44.252+0000][1][safepoint    ] Application time: 1.0002062 seconds
[2022-06-13T03:11:44.253+0000][1][safepoint    ] Entering safepoint region: Cleanup
[2022-06-13T03:11:44.254+0000][1][safepoint    ] Leaving safepoint region
[2022-06-13T03:11:44.254+0000][1][safepoint    ] Total time for which application threads were stopped: 0.0014513 seconds, Stopping threads took: 0.0006868 seconds
[2022-06-13T03:11:45.255+0000][1][safepoint    ] Application time: 1.0002173 seconds
[2022-06-13T03:11:45.256+0000][1][safepoint    ] Entering safepoint region: Cleanup
[2022-06-13T03:11:45.257+0000][1][safepoint    ] Leaving safepoint region
[2022-06-13T03:11:45.257+0000][1][safepoint    ] Total time for which application threads were stopped: 0.0012741 seconds, Stopping threads took: 0.0006198 seconds
[2022-06-13T03:11:46.258+0000][1][safepoint    ] Application time: 1.0002899 seconds
[2022-06-13T03:11:46.259+0000][1][safepoint    ] Entering safepoint region: Cleanup
[2022-06-13T03:11:46.259+0000][1][safepoint    ] Leaving safepoint region
[2022-06-13T03:11:46.260+0000][1][safepoint    ] Total time for which application threads were stopped: 0.0010807 seconds, Stopping threads took: 0.0004408 seconds
[2022-06-13T03:11:47.261+0000][1][safepoint    ] Application time: 1.0002841 seconds
[2022-06-13T03:11:47.261+0000][1][safepoint    ] Entering safepoint region: Cleanup
[2022-06-13T03:11:47.262+0000][1][safepoint    ] Leaving safepoint region
[2022-06-13T03:11:47.262+0000][1][safepoint    ] Total time for which application threads were stopped: 0.0009209 seconds, Stopping threads took: 0.0004603 seconds
[2022-06-13T03:11:48.263+0000][1][safepoint    ] Application time: 1.0001947 seconds
[2022-06-13T03:11:48.263+0000][1][safepoint    ] Entering safepoint region: Cleanup
[2022-06-13T03:11:48.264+0000][1][safepoint    ] Leaving safepoint region
[2022-06-13T03:11:48.264+0000][1][safepoint    ] Total time for which application threads were stopped: 0.0009223 seconds, Stopping threads took: 0.0003485 seconds
[2022-06-13T03:11:49.265+0000][1][safepoint    ] Application time: 1.0002210 seconds
[2022-06-13T03:11:49.265+0000][1][safepoint    ] Entering safepoint region: Cleanup
[2022-06-13T03:11:49.265+0000][1][safepoint    ] Leaving safepoint region
[2022-06-13T03:11:49.266+0000][1][safepoint    ] Total time for which application threads were stopped: 0.0006463 seconds, Stopping threads took: 0.0002346 seconds
[2022-06-13T03:11:50.266+0000][1][safepoint    ] Application time: 1.0002313 seconds
[2022-06-13T03:11:50.267+0000][1][safepoint    ] Entering safepoint region: Cleanup
[2022-06-13T03:11:50.268+0000][1][safepoint    ] Leaving safepoint region
[2022-06-13T03:11:50.268+0000][1][safepoint    ] Total time for which application threads were stopped: 0.0009997 seconds, Stopping threads took: 0.0005699 seconds
[2022-06-13T03:11:51.268+0000][1][safepoint    ] Application time: 1.0001877 seconds
[2022-06-13T03:11:51.269+0000][1][safepoint    ] Entering safepoint region: Cleanup
[2022-06-13T03:11:51.269+0000][1][safepoint    ] Leaving safepoint region
[2022-06-13T03:11:51.270+0000][1][safepoint    ] Total time for which application threads were stopped: 0.0006912 seconds, Stopping threads took: 0.0002769 seconds
[2022-06-13T03:11:52.270+0000][1][safepoint    ] Application time: 1.0001385 seconds
[2022-06-13T03:11:52.271+0000][1][safepoint    ] Entering safepoint region: Cleanup
[2022-06-13T03:11:52.271+0000][1][safepoint    ] Leaving safepoint region
[2022-06-13T03:11:52.272+0000][1][safepoint    ] Total time for which application threads were stopped: 0.0008023 seconds, Stopping threads took: 0.0004188 seconds
[2022-06-13T03:11:53.272+0000][1][safepoint    ] Application time: 1.0002307 seconds
[2022-06-13T03:11:53.273+0000][1][safepoint    ] Entering safepoint region: Cleanup
[2022-06-13T03:11:53.273+0000][1][safepoint    ] Leaving safepoint region
[2022-06-13T03:11:53.274+0000][1][safepoint    ] Total time for which application threads were stopped: 0.0008937 seconds, Stopping threads took: 0.0004737 seconds
[2022-06-13T03:11:54.274+0000][1][safepoint    ] Application time: 1.0001938 seconds
[2022-06-13T03:11:54.275+0000][1][safepoint    ] Entering safepoint region: Cleanup
[2022-06-13T03:11:54.275+0000][1][safepoint    ] Leaving safepoint region
[2022-06-13T03:11:54.275+0000][1][safepoint    ] Total time for which application threads were stopped: 0.0006009 seconds, Stopping threads took: 0.0003500 seconds
[2022-06-13T03:11:55.276+0000][1][safepoint    ] Application time: 1.0001819 seconds
[2022-06-13T03:11:55.276+0000][1][safepoint    ] Entering safepoint region: Cleanup
[2022-06-13T03:11:55.276+0000][1][safepoint    ] Leaving safepoint region
[2022-06-13T03:11:55.276+0000][1][safepoint    ] Total time for which application threads were stopped: 0.0003890 seconds, Stopping threads took: 0.0001449 seconds
[2022-06-13T03:11:56.277+0000][1][safepoint    ] Application time: 1.0002201 seconds
[2022-06-13T03:11:56.277+0000][1][safepoint    ] Entering safepoint region: Cleanup
[2022-06-13T03:11:56.278+0000][1][safepoint    ] Leaving safepoint region
[2022-06-13T03:11:56.278+0000][1][safepoint    ] Total time for which application threads were stopped: 0.0007450 seconds, Stopping threads took: 0.0003878 seconds
[2022-06-13T03:11:57.278+0000][1][safepoint    ] Application time: 1.0001180 seconds
[2022-06-13T03:11:57.279+0000][1][safepoint    ] Entering safepoint region: Cleanup
[2022-06-13T03:11:57.280+0000][1][safepoint    ] Leaving safepoint region
[2022-06-13T03:11:57.280+0000][1][safepoint    ] Total time for which application threads were stopped: 0.0011299 seconds, Stopping threads took: 0.0005645 seconds
[2022-06-13T03:11:58.281+0000][1][safepoint    ] Application time: 1.0001953 seconds
[2022-06-13T03:11:58.281+0000][1][safepoint    ] Entering safepoint region: Cleanup
[2022-06-13T03:11:58.282+0000][1][safepoint    ] Leaving safepoint region
[2022-06-13T03:11:58.282+0000][1][safepoint    ] Total time for which application threads were stopped: 0.0009313 seconds, Stopping threads took: 0.0004847 seconds
[2022-06-13T03:11:59.283+0000][1][safepoint    ] Application time: 1.0001846 seconds
[2022-06-13T03:11:59.284+0000][1][safepoint    ] Entering safepoint region: Cleanup
[2022-06-13T03:11:59.284+0000][1][safepoint    ] Leaving safepoint region
[2022-06-13T03:11:59.285+0000][1][safepoint    ] Total time for which application threads were stopped: 0.0012356 seconds, Stopping threads took: 0.0005149 seconds
[2022-06-13T03:12:00.286+0000][1][safepoint    ] Application time: 1.0003183 seconds
[2022-06-13T03:12:00.286+0000][1][safepoint    ] Entering safepoint region: Cleanup
[2022-06-13T03:12:00.287+0000][1][safepoint    ] Leaving safepoint region
[2022-06-13T03:12:00.287+0000][1][safepoint    ] Total time for which application threads were stopped: 0.0011198 seconds, Stopping threads took: 0.0004605 seconds
[2022-06-13T03:12:01.288+0000][1][safepoint    ] Application time: 1.0001289 seconds
[2022-06-13T03:12:01.289+0000][1][safepoint    ] Entering safepoint region: Cleanup
[2022-06-13T03:12:01.289+0000][1][safepoint    ] Leaving safepoint region
[2022-06-13T03:12:01.289+0000][1][safepoint    ] Total time for which application threads were stopped: 0.0007874 seconds, Stopping threads took: 0.0003790 seconds
[2022-06-13T03:12:02.290+0000][1][safepoint    ] Application time: 1.0002594 seconds
[2022-06-13T03:12:02.290+0000][1][safepoint    ] Entering safepoint region: Cleanup
[2022-06-13T03:12:02.291+0000][1][safepoint    ] Leaving safepoint region
[2022-06-13T03:12:02.291+0000][1][safepoint    ] Total time for which application threads were stopped: 0.0006795 seconds, Stopping threads took: 0.0003122 seconds
[2022-06-13T03:12:03.292+0000][1][safepoint    ] Application time: 1.0002944 seconds
[2022-06-13T03:12:03.292+0000][1][safepoint    ] Entering safepoint region: Cleanup
[2022-06-13T03:12:03.293+0000][1][safepoint    ] Leaving safepoint region
[2022-06-13T03:12:03.293+0000][1][safepoint    ] Total time for which application threads were stopped: 0.0006814 seconds, Stopping threads took: 0.0002861 seconds
[2022-06-13T03:12:04.294+0000][1][safepoint    ] Application time: 1.0002884 seconds
[2022-06-13T03:12:04.295+0000][1][safepoint    ] Entering safepoint region: Cleanup
[2022-06-13T03:12:04.295+0000][1][safepoint    ] Leaving safepoint region
[2022-06-13T03:12:04.295+0000][1][safepoint    ] Total time for which application threads were stopped: 0.0007607 seconds, Stopping threads took: 0.0002604 seconds
[2022-06-13T03:12:05.296+0000][1][safepoint    ] Application time: 1.0002031 seconds
[2022-06-13T03:12:05.296+0000][1][safepoint    ] Entering safepoint region: Cleanup
[2022-06-13T03:12:05.297+0000][1][safepoint    ] Leaving safepoint region
[2022-06-13T03:12:05.297+0000][1][safepoint    ] Total time for which application threads were stopped: 0.0006079 seconds, Stopping threads took: 0.0002648 seconds
[2022-06-13T03:12:06.297+0000][1][safepoint    ] Application time: 1.0002122 seconds
[2022-06-13T03:12:06.298+0000][1][safepoint    ] Entering safepoint region: Cleanup
[2022-06-13T03:12:06.298+0000][1][safepoint    ] Leaving safepoint region
[2022-06-13T03:12:06.299+0000][1][safepoint    ] Total time for which application threads were stopped: 0.0007219 seconds, Stopping threads took: 0.0003678 seconds
[2022-06-13T03:12:07.299+0000][1][safepoint    ] Application time: 1.0002435 seconds
[2022-06-13T03:12:07.300+0000][1][safepoint    ] Entering safepoint region: Cleanup
[2022-06-13T03:12:07.300+0000][1][safepoint    ] Leaving safepoint region
[2022-06-13T03:12:07.301+0000][1][safepoint    ] Total time for which application threads were stopped: 0.0012272 seconds, Stopping threads took: 0.0005469 seconds
[2022-06-13T03:12:08.302+0000][1][safepoint    ] Application time: 1.0002777 seconds
[2022-06-13T03:12:08.303+0000][1][safepoint    ] Entering safepoint region: Cleanup
[2022-06-13T03:12:08.303+0000][1][safepoint    ] Leaving safepoint region
[2022-06-13T03:12:08.303+0000][1][safepoint    ] Total time for which application threads were stopped: 0.0006975 seconds, Stopping threads took: 0.0003156 seconds
[2022-06-13T03:12:09.304+0000][1][safepoint    ] Application time: 1.0001910 seconds
[2022-06-13T03:12:09.304+0000][1][safepoint    ] Entering safepoint region: Cleanup
[2022-06-13T03:12:09.304+0000][1][safepoint    ] Leaving safepoint region
[2022-06-13T03:12:09.304+0000][1][safepoint    ] Total time for which application threads were stopped: 0.0005338 seconds, Stopping threads took: 0.0002026 seconds
[2022-06-13T03:12:10.305+0000][1][safepoint    ] Application time: 1.0001936 seconds
[2022-06-13T03:12:10.305+0000][1][safepoint    ] Entering safepoint region: Cleanup
[2022-06-13T03:12:10.305+0000][1][safepoint    ] Leaving safepoint region
[2022-06-13T03:12:10.306+0000][1][safepoint    ] Total time for which application threads were stopped: 0.0004742 seconds, Stopping threads took: 0.0001941 seconds
[2022-06-13T03:12:11.306+0000][1][safepoint    ] Application time: 1.0002078 seconds
[2022-06-13T03:12:11.306+0000][1][safepoint    ] Entering safepoint region: Cleanup
[2022-06-13T03:12:11.307+0000][1][safepoint    ] Leaving safepoint region
[2022-06-13T03:12:11.307+0000][1][safepoint    ] Total time for which application threads were stopped: 0.0003472 seconds, Stopping threads took: 0.0001500 seconds
[2022-06-13T03:12:12.307+0000][1][safepoint    ] Application time: 1.0001923 seconds
[2022-06-13T03:12:12.307+0000][1][safepoint    ] Entering safepoint region: Cleanup
[2022-06-13T03:12:12.308+0000][1][safepoint    ] Leaving safepoint region
[2022-06-13T03:12:12.308+0000][1][safepoint    ] Total time for which application threads were stopped: 0.0005885 seconds, Stopping threads took: 0.0002691 seconds
[2022-06-13T03:12:13.308+0000][1][safepoint    ] Application time: 1.0001067 seconds
[2022-06-13T03:12:13.309+0000][1][safepoint    ] Entering safepoint region: Cleanup
[2022-06-13T03:12:13.309+0000][1][safepoint    ] Leaving safepoint region
[2022-06-13T03:12:13.310+0000][1][safepoint    ] Total time for which application threads were stopped: 0.0007585 seconds, Stopping threads took: 0.0003246 seconds
[2022-06-13T03:12:14.310+0000][1][safepoint    ] Application time: 1.0001083 seconds
[2022-06-13T03:12:14.310+0000][1][safepoint    ] Entering safepoint region: Cleanup
[2022-06-13T03:12:14.311+0000][1][safepoint    ] Leaving safepoint region
[2022-06-13T03:12:14.311+0000][1][safepoint    ] Total time for which application threads were stopped: 0.0006575 seconds, Stopping threads took: 0.0003182 seconds
[2022-06-13T03:12:15.312+0000][1][safepoint    ] Application time: 1.0002219 seconds
[2022-06-13T03:12:15.312+0000][1][safepoint    ] Entering safepoint region: Cleanup
[2022-06-13T03:12:15.313+0000][1][safepoint    ] Leaving safepoint region
[2022-06-13T03:12:15.313+0000][1][safepoint    ] Total time for which application threads were stopped: 0.0009059 seconds, Stopping threads took: 0.0004735 seconds
[2022-06-13T03:12:16.313+0000][1][safepoint    ] Application time: 1.0001099 seconds
[2022-06-13T03:12:16.314+0000][1][safepoint    ] Entering safepoint region: Cleanup
[2022-06-13T03:12:16.314+0000][1][safepoint    ] Leaving safepoint region
[2022-06-13T03:12:16.314+0000][1][safepoint    ] Total time for which application threads were stopped: 0.0006302 seconds, Stopping threads took: 0.0004362 seconds
[2022-06-13T03:12:17.315+0000][1][safepoint    ] Application time: 1.0001426 seconds
[2022-06-13T03:12:17.315+0000][1][safepoint    ] Entering safepoint region: Cleanup
[2022-06-13T03:12:17.316+0000][1][safepoint    ] Leaving safepoint region
[2022-06-13T03:12:17.316+0000][1][safepoint    ] Total time for which application threads were stopped: 0.0008400 seconds, Stopping threads took: 0.0004110 seconds
[2022-06-13T03:12:18.317+0000][1][safepoint    ] Application time: 1.0002540 seconds
[2022-06-13T03:12:18.318+0000][1][safepoint    ] Entering safepoint region: Cleanup
[2022-06-13T03:12:18.318+0000][1][safepoint    ] Leaving safepoint region
[2022-06-13T03:12:18.319+0000][1][safepoint    ] Total time for which application threads were stopped: 0.0012989 seconds, Stopping threads took: 0.0006178 seconds
[2022-06-13T03:12:19.320+0000][1][safepoint    ] Application time: 1.0001598 seconds
[2022-06-13T03:12:19.321+0000][1][safepoint    ] Entering safepoint region: Cleanup
[2022-06-13T03:12:19.321+0000][1][safepoint    ] Leaving safepoint region
[2022-06-13T03:12:19.322+0000][1][safepoint    ] Total time for which application threads were stopped: 0.0009370 seconds, Stopping threads took: 0.0004915 seconds
[2022-06-13T03:12:20.322+0000][1][safepoint    ] Application time: 1.0001136 seconds
[2022-06-13T03:12:20.322+0000][1][safepoint    ] Entering safepoint region: Cleanup
[2022-06-13T03:12:20.322+0000][1][safepoint    ] Leaving safepoint region
[2022-06-13T03:12:20.323+0000][1][safepoint    ] Total time for which application threads were stopped: 0.0007561 seconds, Stopping threads took: 0.0002311 seconds
[2022-06-13T03:12:21.323+0000][1][safepoint    ] Application time: 1.0001681 seconds
[2022-06-13T03:12:21.324+0000][1][safepoint    ] Entering safepoint region: Cleanup
[2022-06-13T03:12:21.325+0000][1][safepoint    ] Leaving safepoint region
[2022-06-13T03:12:21.325+0000][1][safepoint    ] Total time for which application threads were stopped: 0.0013063 seconds, Stopping threads took: 0.0006852 seconds
[2022-06-13T03:12:22.326+0000][1][safepoint    ] Application time: 1.0002321 seconds
[2022-06-13T03:12:22.327+0000][1][safepoint    ] Entering safepoint region: Cleanup
[2022-06-13T03:12:22.327+0000][1][safepoint    ] Leaving safepoint region
[2022-06-13T03:12:22.327+0000][1][safepoint    ] Total time for which application threads were stopped: 0.0006840 seconds, Stopping threads took: 0.0002964 seconds
[2022-06-13T03:12:23.328+0000][1][safepoint    ] Application time: 1.0001664 seconds
[2022-06-13T03:12:23.328+0000][1][safepoint    ] Entering safepoint region: Cleanup
[2022-06-13T03:12:23.328+0000][1][safepoint    ] Leaving safepoint region
[2022-06-13T03:12:23.329+0000][1][safepoint    ] Total time for which application threads were stopped: 0.0005199 seconds, Stopping threads took: 0.0002354 seconds
[2022-06-13T03:12:24.329+0000][1][safepoint    ] Application time: 1.0003419 seconds
[2022-06-13T03:12:24.330+0000][1][safepoint    ] Entering safepoint region: Cleanup
[2022-06-13T03:12:24.331+0000][1][safepoint    ] Leaving safepoint region
[2022-06-13T03:12:24.331+0000][1][safepoint    ] Total time for which application threads were stopped: 0.0014190 seconds, Stopping threads took: 0.0005398 seconds
[2022-06-13T03:12:25.332+0000][1][safepoint    ] Application time: 1.0001166 seconds
[2022-06-13T03:12:25.332+0000][1][safepoint    ] Entering safepoint region: Cleanup
[2022-06-13T03:12:25.333+0000][1][safepoint    ] Leaving safepoint region
[2022-06-13T03:12:25.333+0000][1][safepoint    ] Total time for which application threads were stopped: 0.0004038 seconds, Stopping threads took: 0.0001479 seconds
[2022-06-13T03:12:26.333+0000][1][safepoint    ] Application time: 1.0001738 seconds
[2022-06-13T03:12:26.333+0000][1][safepoint    ] Entering safepoint region: Cleanup
[2022-06-13T03:12:26.334+0000][1][safepoint    ] Leaving safepoint region
[2022-06-13T03:12:26.334+0000][1][safepoint    ] Total time for which application threads were stopped: 0.0005846 seconds, Stopping threads took: 0.0003442 seconds
[2022-06-13T03:12:27.335+0000][1][safepoint    ] Application time: 1.0001817 seconds
[2022-06-13T03:12:27.335+0000][1][safepoint    ] Entering safepoint region: Cleanup
[2022-06-13T03:12:27.336+0000][1][safepoint    ] Leaving safepoint region
[2022-06-13T03:12:27.336+0000][1][safepoint    ] Total time for which application threads were stopped: 0.0006843 seconds, Stopping threads took: 0.0003822 seconds
[2022-06-13T03:12:28.336+0000][1][safepoint    ] Application time: 1.0002455 seconds
[2022-06-13T03:12:28.337+0000][1][safepoint    ] Entering safepoint region: Cleanup
[2022-06-13T03:12:28.337+0000][1][safepoint    ] Leaving safepoint region
[2022-06-13T03:12:28.337+0000][1][safepoint    ] Total time for which application threads were stopped: 0.0006481 seconds, Stopping threads took: 0.0002865 seconds
[2022-06-13T03:12:29.338+0000][1][safepoint    ] Application time: 1.0002072 seconds
[2022-06-13T03:12:29.339+0000][1][safepoint    ] Entering safepoint region: Cleanup
[2022-06-13T03:12:29.339+0000][1][safepoint    ] Leaving safepoint region
[2022-06-13T03:12:29.339+0000][1][safepoint    ] Total time for which application threads were stopped: 0.0007865 seconds, Stopping threads took: 0.0003287 seconds
[2022-06-13T03:12:30.340+0000][1][safepoint    ] Application time: 1.0002317 seconds
[2022-06-13T03:12:30.341+0000][1][safepoint    ] Entering safepoint region: Cleanup
[2022-06-13T03:12:30.341+0000][1][safepoint    ] Leaving safepoint region
[2022-06-13T03:12:30.341+0000][1][safepoint    ] Total time for which application threads were stopped: 0.0008908 seconds, Stopping threads took: 0.0004225 seconds
[2022-06-13T03:12:31.342+0000][1][safepoint    ] Application time: 1.0003059 seconds
[2022-06-13T03:12:31.343+0000][1][safepoint    ] Entering safepoint region: Cleanup
[2022-06-13T03:12:31.343+0000][1][safepoint    ] Leaving safepoint region
[2022-06-13T03:12:31.344+0000][1][safepoint    ] Total time for which application threads were stopped: 0.0010500 seconds, Stopping threads took: 0.0004744 seconds
[2022-06-13T03:12:32.344+0000][1][safepoint    ] Application time: 1.0001408 seconds
[2022-06-13T03:12:32.345+0000][1][safepoint    ] Entering safepoint region: Cleanup
[2022-06-13T03:12:32.345+0000][1][safepoint    ] Leaving safepoint region
[2022-06-13T03:12:32.345+0000][1][safepoint    ] Total time for which application threads were stopped: 0.0007349 seconds, Stopping threads took: 0.0002175 seconds
[2022-06-13T03:12:33.346+0000][1][safepoint    ] Application time: 1.0002894 seconds
[2022-06-13T03:12:33.347+0000][1][safepoint    ] Entering safepoint region: Cleanup
[2022-06-13T03:12:33.348+0000][1][safepoint    ] Leaving safepoint region
[2022-06-13T03:12:33.349+0000][1][safepoint    ] Total time for which application threads were stopped: 0.0016716 seconds, Stopping threads took: 0.0007318 seconds
[2022-06-13T03:12:34.350+0000][1][safepoint    ] Application time: 1.0002279 seconds
[2022-06-13T03:12:34.350+0000][1][safepoint    ] Entering safepoint region: Cleanup
[2022-06-13T03:12:34.350+0000][1][safepoint    ] Leaving safepoint region
[2022-06-13T03:12:34.350+0000][1][safepoint    ] Total time for which application threads were stopped: 0.0005054 seconds, Stopping threads took: 0.0002568 seconds
[2022-06-13T03:12:35.351+0000][1][safepoint    ] Application time: 1.0001654 seconds
[2022-06-13T03:12:35.351+0000][1][safepoint    ] Entering safepoint region: Cleanup
[2022-06-13T03:12:35.352+0000][1][safepoint    ] Leaving safepoint region
[2022-06-13T03:12:35.352+0000][1][safepoint    ] Total time for which application threads were stopped: 0.0008953 seconds, Stopping threads took: 0.0003858 seconds
[2022-06-13T03:12:36.352+0000][1][safepoint    ] Application time: 1.0001088 seconds
[2022-06-13T03:12:36.353+0000][1][safepoint    ] Entering safepoint region: Cleanup
[2022-06-13T03:12:36.354+0000][1][safepoint    ] Leaving safepoint region
[2022-06-13T03:12:36.354+0000][1][safepoint    ] Total time for which application threads were stopped: 0.0010597 seconds, Stopping threads took: 0.0004970 seconds
[2022-06-13T03:12:37.355+0000][1][safepoint    ] Application time: 1.0001128 seconds
[2022-06-13T03:12:37.355+0000][1][safepoint    ] Entering safepoint region: Cleanup
[2022-06-13T03:12:37.356+0000][1][safepoint    ] Leaving safepoint region
[2022-06-13T03:12:37.356+0000][1][safepoint    ] Total time for which application threads were stopped: 0.0008930 seconds, Stopping threads took: 0.0004323 seconds
[2022-06-13T03:12:38.357+0000][1][safepoint    ] Application time: 1.0001754 seconds
[2022-06-13T03:12:38.358+0000][1][safepoint    ] Entering safepoint region: Cleanup
[2022-06-13T03:12:38.358+0000][1][safepoint    ] Leaving safepoint region
[2022-06-13T03:12:38.359+0000][1][safepoint    ] Total time for which application threads were stopped: 0.0012526 seconds, Stopping threads took: 0.0004861 seconds
[2022-06-13T03:12:39.360+0000][1][safepoint    ] Application time: 1.0002420 seconds
[2022-06-13T03:12:39.360+0000][1][safepoint    ] Entering safepoint region: Cleanup
[2022-06-13T03:12:39.361+0000][1][safepoint    ] Leaving safepoint region
[2022-06-13T03:12:39.361+0000][1][safepoint    ] Total time for which application threads were stopped: 0.0008997 seconds, Stopping threads took: 0.0003885 seconds
[2022-06-13T03:12:40.362+0000][1][safepoint    ] Application time: 1.0001567 seconds
[2022-06-13T03:12:40.362+0000][1][safepoint    ] Entering safepoint region: Cleanup
[2022-06-13T03:12:40.363+0000][1][safepoint    ] Leaving safepoint region
[2022-06-13T03:12:40.363+0000][1][safepoint    ] Total time for which application threads were stopped: 0.0010691 seconds, Stopping threads took: 0.0005447 seconds
[2022-06-13T03:12:41.364+0000][1][safepoint    ] Application time: 1.0002396 seconds
[2022-06-13T03:12:41.364+0000][1][safepoint    ] Entering safepoint region: Cleanup
[2022-06-13T03:12:41.364+0000][1][safepoint    ] Leaving safepoint region
[2022-06-13T03:12:41.364+0000][1][safepoint    ] Total time for which application threads were stopped: 0.0003509 seconds, Stopping threads took: 0.0001667 seconds
[2022-06-13T03:12:42.365+0000][1][safepoint    ] Application time: 1.0002824 seconds
[2022-06-13T03:12:42.365+0000][1][safepoint    ] Entering safepoint region: Cleanup
[2022-06-13T03:12:42.366+0000][1][safepoint    ] Leaving safepoint region
[2022-06-13T03:12:42.366+0000][1][safepoint    ] Total time for which application threads were stopped: 0.0008541 seconds, Stopping threads took: 0.0003929 seconds
[2022-06-13T03:12:43.366+0000][1][safepoint    ] Application time: 1.0001909 seconds
[2022-06-13T03:12:43.367+0000][1][safepoint    ] Entering safepoint region: Cleanup
[2022-06-13T03:12:43.368+0000][1][safepoint    ] Leaving safepoint region
[2022-06-13T03:12:43.369+0000][1][safepoint    ] Total time for which application threads were stopped: 0.0014376 seconds, Stopping threads took: 0.0006375 seconds
[2022-06-13T03:12:44.369+0000][1][safepoint    ] Application time: 1.0001637 seconds
[2022-06-13T03:12:44.370+0000][1][safepoint    ] Entering safepoint region: Cleanup
[2022-06-13T03:12:44.370+0000][1][safepoint    ] Leaving safepoint region
[2022-06-13T03:12:44.371+0000][1][safepoint    ] Total time for which application threads were stopped: 0.0008184 seconds, Stopping threads took: 0.0004280 seconds
[2022-06-13T03:12:45.371+0000][1][safepoint    ] Application time: 1.0001523 seconds
[2022-06-13T03:12:45.371+0000][1][safepoint    ] Entering safepoint region: Cleanup
[2022-06-13T03:12:45.371+0000][1][safepoint    ] Leaving safepoint region
[2022-06-13T03:12:45.371+0000][1][safepoint    ] Total time for which application threads were stopped: 0.0003564 seconds, Stopping threads took: 0.0001955 seconds
[2022-06-13T03:12:46.372+0000][1][safepoint    ] Application time: 1.0001655 seconds
[2022-06-13T03:12:46.372+0000][1][safepoint    ] Entering safepoint region: Cleanup
[2022-06-13T03:12:46.372+0000][1][safepoint    ] Leaving safepoint region
[2022-06-13T03:12:46.372+0000][1][safepoint    ] Total time for which application threads were stopped: 0.0003346 seconds, Stopping threads took: 0.0001326 seconds
[2022-06-13T03:12:47.373+0000][1][safepoint    ] Application time: 1.0002118 seconds
[2022-06-13T03:12:47.373+0000][1][safepoint    ] Entering safepoint region: Cleanup
[2022-06-13T03:12:47.373+0000][1][safepoint    ] Leaving safepoint region
[2022-06-13T03:12:47.373+0000][1][safepoint    ] Total time for which application threads were stopped: 0.0003815 seconds, Stopping threads took: 0.0001905 seconds
[2022-06-13T03:12:48.374+0000][1][safepoint    ] Application time: 1.0001099 seconds
[2022-06-13T03:12:48.374+0000][1][safepoint    ] Entering safepoint region: Cleanup
[2022-06-13T03:12:48.374+0000][1][safepoint    ] Leaving safepoint region
[2022-06-13T03:12:48.374+0000][1][safepoint    ] Total time for which application threads were stopped: 0.0003406 seconds, Stopping threads took: 0.0001478 seconds
[2022-06-13T03:12:49.374+0000][1][safepoint    ] Application time: 1.0001063 seconds
[2022-06-13T03:12:49.375+0000][1][safepoint    ] Entering safepoint region: Cleanup
[2022-06-13T03:12:49.375+0000][1][safepoint    ] Leaving safepoint region
[2022-06-13T03:12:49.375+0000][1][safepoint    ] Total time for which application threads were stopped: 0.0003172 seconds, Stopping threads took: 0.0001347 seconds
[2022-06-13T03:12:50.375+0000][1][safepoint    ] Application time: 1.0001014 seconds
[2022-06-13T03:12:50.375+0000][1][safepoint    ] Entering safepoint region: Cleanup
[2022-06-13T03:12:50.376+0000][1][safepoint    ] Leaving safepoint region
[2022-06-13T03:12:50.376+0000][1][safepoint    ] Total time for which application threads were stopped: 0.0005482 seconds, Stopping threads took: 0.0002180 seconds
[2022-06-13T03:12:51.376+0000][1][safepoint    ] Application time: 1.0001159 seconds
[2022-06-13T03:12:51.377+0000][1][safepoint    ] Entering safepoint region: Cleanup
[2022-06-13T03:12:51.377+0000][1][safepoint    ] Leaving safepoint region
[2022-06-13T03:12:51.377+0000][1][safepoint    ] Total time for which application threads were stopped: 0.0004088 seconds, Stopping threads took: 0.0001713 seconds
[2022-06-13T03:12:52.377+0000][1][safepoint    ] Application time: 1.0001005 seconds
[2022-06-13T03:12:52.377+0000][1][safepoint    ] Entering safepoint region: Cleanup
[2022-06-13T03:12:52.378+0000][1][safepoint    ] Leaving safepoint region
[2022-06-13T03:12:52.378+0000][1][safepoint    ] Total time for which application threads were stopped: 0.0003862 seconds, Stopping threads took: 0.0001602 seconds
[2022-06-13T03:12:53.378+0000][1][safepoint    ] Application time: 1.0001133 seconds
[2022-06-13T03:12:53.378+0000][1][safepoint    ] Entering safepoint region: Cleanup
[2022-06-13T03:12:53.378+0000][1][safepoint    ] Leaving safepoint region
[2022-06-13T03:12:53.379+0000][1][safepoint    ] Total time for which application threads were stopped: 0.0003795 seconds, Stopping threads took: 0.0001688 seconds
[2022-06-13T03:12:54.379+0000][1][safepoint    ] Application time: 1.0001023 seconds
[2022-06-13T03:12:54.379+0000][1][safepoint    ] Entering safepoint region: Cleanup
[2022-06-13T03:12:54.379+0000][1][safepoint    ] Leaving safepoint region
[2022-06-13T03:12:54.379+0000][1][safepoint    ] Total time for which application threads were stopped: 0.0004058 seconds, Stopping threads took: 0.0001992 seconds
[2022-06-13T03:12:55.380+0000][1][safepoint    ] Application time: 1.0001101 seconds
[2022-06-13T03:12:55.380+0000][1][safepoint    ] Entering safepoint region: Cleanup
[2022-06-13T03:12:55.380+0000][1][safepoint    ] Leaving safepoint region
[2022-06-13T03:12:55.380+0000][1][safepoint    ] Total time for which application threads were stopped: 0.0003685 seconds, Stopping threads took: 0.0001634 seconds
[2022-06-13T03:12:56.380+0000][1][safepoint    ] Application time: 1.0000928 seconds
[2022-06-13T03:12:56.381+0000][1][safepoint    ] Entering safepoint region: Cleanup
[2022-06-13T03:12:56.381+0000][1][safepoint    ] Leaving safepoint region
[2022-06-13T03:12:56.381+0000][1][safepoint    ] Total time for which application threads were stopped: 0.0003215 seconds, Stopping threads took: 0.0001368 seconds
[2022-06-13T03:12:57.381+0000][1][safepoint    ] Application time: 1.0000965 seconds
[2022-06-13T03:12:57.381+0000][1][safepoint    ] Entering safepoint region: Cleanup
[2022-06-13T03:12:57.382+0000][1][safepoint    ] Leaving safepoint region
[2022-06-13T03:12:57.382+0000][1][safepoint    ] Total time for which application threads were stopped: 0.0002879 seconds, Stopping threads took: 0.0001422 seconds
[2022-06-13T03:12:58.382+0000][1][safepoint    ] Application time: 1.0001362 seconds
[2022-06-13T03:12:58.382+0000][1][safepoint    ] Entering safepoint region: Cleanup
[2022-06-13T03:12:58.382+0000][1][safepoint    ] Leaving safepoint region
[2022-06-13T03:12:58.383+0000][1][safepoint    ] Total time for which application threads were stopped: 0.0003617 seconds, Stopping threads took: 0.0001519 seconds
[2022-06-13T03:12:59.383+0000][1][safepoint    ] Application time: 1.0001104 seconds
[2022-06-13T03:12:59.383+0000][1][safepoint    ] Entering safepoint region: Cleanup
[2022-06-13T03:12:59.383+0000][1][safepoint    ] Leaving safepoint region
[2022-06-13T03:12:59.383+0000][1][safepoint    ] Total time for which application threads were stopped: 0.0002975 seconds, Stopping threads took: 0.0001375 seconds
[2022-06-13T03:13:00.383+0000][1][safepoint    ] Application time: 1.0001103 seconds
[2022-06-13T03:13:00.384+0000][1][safepoint    ] Entering safepoint region: Cleanup
[2022-06-13T03:13:00.384+0000][1][safepoint    ] Leaving safepoint region
[2022-06-13T03:13:00.384+0000][1][safepoint    ] Total time for which application threads were stopped: 0.0003777 seconds, Stopping threads took: 0.0001373 seconds
[2022-06-13T03:13:01.384+0000][1][safepoint    ] Application time: 1.0000964 seconds
[2022-06-13T03:13:01.384+0000][1][safepoint    ] Entering safepoint region: Cleanup
[2022-06-13T03:13:01.385+0000][1][safepoint    ] Leaving safepoint region
[2022-06-13T03:13:01.385+0000][1][safepoint    ] Total time for which application threads were stopped: 0.0003897 seconds, Stopping threads took: 0.0001834 seconds
[2022-06-13T03:13:02.385+0000][1][safepoint    ] Application time: 1.0001870 seconds
[2022-06-13T03:13:02.385+0000][1][safepoint    ] Entering safepoint region: Cleanup
[2022-06-13T03:13:02.386+0000][1][safepoint    ] Leaving safepoint region
[2022-06-13T03:13:02.386+0000][1][safepoint    ] Total time for which application threads were stopped: 0.0005570 seconds, Stopping threads took: 0.0002251 seconds
[2022-06-13T03:13:03.386+0000][1][safepoint    ] Application time: 1.0001110 seconds
[2022-06-13T03:13:03.387+0000][1][safepoint    ] Entering safepoint region: Cleanup
[2022-06-13T03:13:03.387+0000][1][safepoint    ] Leaving safepoint region
[2022-06-13T03:13:03.387+0000][1][safepoint    ] Total time for which application threads were stopped: 0.0004132 seconds, Stopping threads took: 0.0002099 seconds
[2022-06-13T03:13:04.387+0000][1][safepoint    ] Application time: 1.0001096 seconds
[2022-06-13T03:13:04.387+0000][1][safepoint    ] Entering safepoint region: Cleanup
[2022-06-13T03:13:04.388+0000][1][safepoint    ] Leaving safepoint region
[2022-06-13T03:13:04.388+0000][1][safepoint    ] Total time for which application threads were stopped: 0.0003119 seconds, Stopping threads took: 0.0001477 seconds
[2022-06-13T03:13:05.388+0000][1][safepoint    ] Application time: 1.0000975 seconds
[2022-06-13T03:13:05.388+0000][1][safepoint    ] Entering safepoint region: Cleanup
[2022-06-13T03:13:05.388+0000][1][safepoint    ] Leaving safepoint region
[2022-06-13T03:13:05.388+0000][1][safepoint    ] Total time for which application threads were stopped: 0.0003319 seconds, Stopping threads took: 0.0001786 seconds
[2022-06-13T03:13:06.389+0000][1][safepoint    ] Application time: 1.0000964 seconds
[2022-06-13T03:13:06.389+0000][1][safepoint    ] Entering safepoint region: Cleanup
[2022-06-13T03:13:06.389+0000][1][safepoint    ] Leaving safepoint region
[2022-06-13T03:13:06.389+0000][1][safepoint    ] Total time for which application threads were stopped: 0.0004331 seconds, Stopping threads took: 0.0001827 seconds
[2022-06-13T03:13:07.389+0000][1][safepoint    ] Application time: 1.0000932 seconds
[2022-06-13T03:13:07.390+0000][1][safepoint    ] Entering safepoint region: Cleanup
[2022-06-13T03:13:07.390+0000][1][safepoint    ] Leaving safepoint region
[2022-06-13T03:13:07.390+0000][1][safepoint    ] Total time for which application threads were stopped: 0.0003309 seconds, Stopping threads took: 0.0001275 seconds
[2022-06-13T03:13:08.390+0000][1][safepoint    ] Application time: 1.0000931 seconds
[2022-06-13T03:13:08.391+0000][1][safepoint    ] Entering safepoint region: Cleanup
[2022-06-13T03:13:08.391+0000][1][safepoint    ] Leaving safepoint region
[2022-06-13T03:13:08.391+0000][1][safepoint    ] Total time for which application threads were stopped: 0.0003612 seconds, Stopping threads took: 0.0001410 seconds
[2022-06-13T03:13:09.391+0000][1][safepoint    ] Application time: 1.0000989 seconds
[2022-06-13T03:13:09.391+0000][1][safepoint    ] Entering safepoint region: Cleanup
[2022-06-13T03:13:09.392+0000][1][safepoint    ] Leaving safepoint region
[2022-06-13T03:13:09.392+0000][1][safepoint    ] Total time for which application threads were stopped: 0.0003347 seconds, Stopping threads took: 0.0001320 seconds
[2022-06-13T03:13:10.392+0000][1][safepoint    ] Application time: 1.0001990 seconds
[2022-06-13T03:13:10.393+0000][1][safepoint    ] Entering safepoint region: Cleanup
[2022-06-13T03:13:10.393+0000][1][safepoint    ] Leaving safepoint region
[2022-06-13T03:13:10.393+0000][1][safepoint    ] Total time for which application threads were stopped: 0.0006864 seconds, Stopping threads took: 0.0003310 seconds
[2022-06-13T03:13:11.394+0000][1][safepoint    ] Application time: 1.0000997 seconds
[2022-06-13T03:13:11.394+0000][1][safepoint    ] Entering safepoint region: Cleanup
[2022-06-13T03:13:11.394+0000][1][safepoint    ] Leaving safepoint region
[2022-06-13T03:13:11.394+0000][1][safepoint    ] Total time for which application threads were stopped: 0.0003181 seconds, Stopping threads took: 0.0001524 seconds
[2022-06-13T03:13:12.395+0000][1][safepoint    ] Application time: 1.0002164 seconds
[2022-06-13T03:13:12.395+0000][1][safepoint    ] Entering safepoint region: Cleanup
[2022-06-13T03:13:12.395+0000][1][safepoint    ] Leaving safepoint region
[2022-06-13T03:13:12.395+0000][1][safepoint    ] Total time for which application threads were stopped: 0.0003693 seconds, Stopping threads took: 0.0001691 seconds
[2022-06-13T03:13:13.395+0000][1][safepoint    ] Application time: 1.0000947 seconds
[2022-06-13T03:13:13.396+0000][1][safepoint    ] Entering safepoint region: Cleanup
[2022-06-13T03:13:13.396+0000][1][safepoint    ] Leaving safepoint region
[2022-06-13T03:13:13.396+0000][1][safepoint    ] Total time for which application threads were stopped: 0.0003595 seconds, Stopping threads took: 0.0001749 seconds
[2022-06-13T03:13:14.396+0000][1][safepoint    ] Application time: 1.0002406 seconds
[2022-06-13T03:13:14.396+0000][1][safepoint    ] Entering safepoint region: Cleanup
[2022-06-13T03:13:14.397+0000][1][safepoint    ] Leaving safepoint region
[2022-06-13T03:13:14.397+0000][1][safepoint    ] Total time for which application threads were stopped: 0.0003034 seconds, Stopping threads took: 0.0001234 seconds
[2022-06-13T03:13:15.397+0000][1][safepoint    ] Application time: 1.0000930 seconds
[2022-06-13T03:13:15.397+0000][1][safepoint    ] Entering safepoint region: Cleanup
[2022-06-13T03:13:15.397+0000][1][safepoint    ] Leaving safepoint region
[2022-06-13T03:13:15.398+0000][1][safepoint    ] Total time for which application threads were stopped: 0.0003646 seconds, Stopping threads took: 0.0001878 seconds
[2022-06-13T03:13:16.398+0000][1][safepoint    ] Application time: 1.0000970 seconds
[2022-06-13T03:13:16.398+0000][1][safepoint    ] Entering safepoint region: Cleanup
[2022-06-13T03:13:16.398+0000][1][safepoint    ] Leaving safepoint region
[2022-06-13T03:13:16.398+0000][1][safepoint    ] Total time for which application threads were stopped: 0.0003506 seconds, Stopping threads took: 0.0001569 seconds
[2022-06-13T03:13:17.399+0000][1][safepoint    ] Application time: 1.0000987 seconds
[2022-06-13T03:13:17.399+0000][1][safepoint    ] Entering safepoint region: Cleanup
[2022-06-13T03:13:17.399+0000][1][safepoint    ] Leaving safepoint region
[2022-06-13T03:13:17.399+0000][1][safepoint    ] Total time for which application threads were stopped: 0.0003627 seconds, Stopping threads took: 0.0001860 seconds
[2022-06-13T03:13:18.399+0000][1][safepoint    ] Application time: 1.0001012 seconds
[2022-06-13T03:13:18.400+0000][1][safepoint    ] Entering safepoint region: Cleanup
[2022-06-13T03:13:18.400+0000][1][safepoint    ] Leaving safepoint region
[2022-06-13T03:13:18.400+0000][1][safepoint    ] Total time for which application threads were stopped: 0.0002726 seconds, Stopping threads took: 0.0001226 seconds
[2022-06-13T03:13:19.400+0000][1][safepoint    ] Application time: 1.0000922 seconds
[2022-06-13T03:13:19.400+0000][1][safepoint    ] Entering safepoint region: Cleanup
[2022-06-13T03:13:19.400+0000][1][safepoint    ] Leaving safepoint region
[2022-06-13T03:13:19.401+0000][1][safepoint    ] Total time for which application threads were stopped: 0.0003241 seconds, Stopping threads took: 0.0001716 seconds
[2022-06-13T03:13:20.401+0000][1][safepoint    ] Application time: 1.0000932 seconds
[2022-06-13T03:13:20.401+0000][1][safepoint    ] Entering safepoint region: Cleanup
[2022-06-13T03:13:20.402+0000][1][safepoint    ] Leaving safepoint region
[2022-06-13T03:13:20.402+0000][1][safepoint    ] Total time for which application threads were stopped: 0.0008236 seconds, Stopping threads took: 0.0004427 seconds
[2022-06-13T03:13:21.403+0000][1][safepoint    ] Application time: 1.0001055 seconds
[2022-06-13T03:13:21.403+0000][1][safepoint    ] Entering safepoint region: Cleanup
[2022-06-13T03:13:21.403+0000][1][safepoint    ] Leaving safepoint region
[2022-06-13T03:13:21.403+0000][1][safepoint    ] Total time for which application threads were stopped: 0.0004633 seconds, Stopping threads took: 0.0001549 seconds
[2022-06-13T03:13:22.404+0000][1][safepoint    ] Application time: 1.0002842 seconds
[2022-06-13T03:13:22.404+0000][1][safepoint    ] Entering safepoint region: Cleanup
[2022-06-13T03:13:22.405+0000][1][safepoint    ] Leaving safepoint region
[2022-06-13T03:13:22.405+0000][1][safepoint    ] Total time for which application threads were stopped: 0.0008765 seconds, Stopping threads took: 0.0005174 seconds
[2022-06-13T03:13:23.406+0000][1][safepoint    ] Application time: 1.0001322 seconds
[2022-06-13T03:13:23.406+0000][1][safepoint    ] Entering safepoint region: Cleanup
[2022-06-13T03:13:23.406+0000][1][safepoint    ] Leaving safepoint region
[2022-06-13T03:13:23.406+0000][1][safepoint    ] Total time for which application threads were stopped: 0.0004847 seconds, Stopping threads took: 0.0001488 seconds
[2022-06-13T03:13:24.406+0000][1][safepoint    ] Application time: 1.0001113 seconds
[2022-06-13T03:13:24.407+0000][1][safepoint    ] Entering safepoint region: Cleanup
[2022-06-13T03:13:24.407+0000][1][safepoint    ] Leaving safepoint region
[2022-06-13T03:13:24.407+0000][1][safepoint    ] Total time for which application threads were stopped: 0.0005018 seconds, Stopping threads took: 0.0002339 seconds
[2022-06-13T03:13:25.408+0000][1][safepoint    ] Application time: 1.0002240 seconds
[2022-06-13T03:13:25.408+0000][1][safepoint    ] Entering safepoint region: Cleanup
[2022-06-13T03:13:25.408+0000][1][safepoint    ] Leaving safepoint region
[2022-06-13T03:13:25.408+0000][1][safepoint    ] Total time for which application threads were stopped: 0.0004674 seconds, Stopping threads took: 0.0001339 seconds
[2022-06-13T03:13:26.408+0000][1][safepoint    ] Application time: 1.0000985 seconds
[2022-06-13T03:13:26.409+0000][1][safepoint    ] Entering safepoint region: Cleanup
[2022-06-13T03:13:26.409+0000][1][safepoint    ] Leaving safepoint region
[2022-06-13T03:13:26.409+0000][1][safepoint    ] Total time for which application threads were stopped: 0.0003721 seconds, Stopping threads took: 0.0001407 seconds
[2022-06-13T03:13:27.409+0000][1][safepoint    ] Application time: 1.0000964 seconds
[2022-06-13T03:13:27.410+0000][1][safepoint    ] Entering safepoint region: Cleanup
[2022-06-13T03:13:27.410+0000][1][safepoint    ] Leaving safepoint region
[2022-06-13T03:13:27.410+0000][1][safepoint    ] Total time for which application threads were stopped: 0.0004073 seconds, Stopping threads took: 0.0001915 seconds
[2022-06-13T03:13:28.410+0000][1][safepoint    ] Application time: 1.0001070 seconds
[2022-06-13T03:13:28.411+0000][1][safepoint    ] Entering safepoint region: Cleanup
[2022-06-13T03:13:28.411+0000][1][safepoint    ] Leaving safepoint region
[2022-06-13T03:13:28.411+0000][1][safepoint    ] Total time for which application threads were stopped: 0.0007723 seconds, Stopping threads took: 0.0005555 seconds
[2022-06-13T03:13:29.968+0000][1][safepoint    ] Application time: 1.5568865 seconds
[2022-06-13T03:13:29.968+0000][1][safepoint    ] Entering safepoint region: Cleanup
[2022-06-13T03:13:29.969+0000][1][safepoint    ] Leaving safepoint region
[2022-06-13T03:13:29.969+0000][1][safepoint    ] Total time for which application threads were stopped: 0.0003727 seconds, Stopping threads took: 0.0001425 seconds
[2022-06-13T03:13:30.969+0000][1][safepoint    ] Application time: 1.0001041 seconds
[2022-06-13T03:13:30.969+0000][1][safepoint    ] Entering safepoint region: Cleanup
[2022-06-13T03:13:30.970+0000][1][safepoint    ] Leaving safepoint region
[2022-06-13T03:13:30.970+0000][1][safepoint    ] Total time for which application threads were stopped: 0.0004453 seconds, Stopping threads took: 0.0002400 seconds
[2022-06-13T03:13:31.970+0000][1][safepoint    ] Application time: 1.0000959 seconds
[2022-06-13T03:13:31.970+0000][1][safepoint    ] Entering safepoint region: Cleanup
[2022-06-13T03:13:31.970+0000][1][safepoint    ] Leaving safepoint region
[2022-06-13T03:13:31.970+0000][1][safepoint    ] Total time for which application threads were stopped: 0.0003006 seconds, Stopping threads took: 0.0001225 seconds
[2022-06-13T03:13:32.971+0000][1][safepoint    ] Application time: 1.0001139 seconds
[2022-06-13T03:13:32.971+0000][1][safepoint    ] Entering safepoint region: Cleanup
[2022-06-13T03:13:32.972+0000][1][safepoint    ] Leaving safepoint region
[2022-06-13T03:13:32.972+0000][1][safepoint    ] Total time for which application threads were stopped: 0.0007733 seconds, Stopping threads took: 0.0004416 seconds
[2022-06-13T03:13:33.972+0000][1][safepoint    ] Application time: 1.0002184 seconds
[2022-06-13T03:13:33.973+0000][1][safepoint    ] Entering safepoint region: Cleanup
[2022-06-13T03:13:33.973+0000][1][safepoint    ] Leaving safepoint region
[2022-06-13T03:13:33.973+0000][1][safepoint    ] Total time for which application threads were stopped: 0.0003383 seconds, Stopping threads took: 0.0001471 seconds
[2022-06-13T03:13:34.973+0000][1][safepoint    ] Application time: 1.0000957 seconds
[2022-06-13T03:13:34.973+0000][1][safepoint    ] Entering safepoint region: Cleanup
[2022-06-13T03:13:34.974+0000][1][safepoint    ] Leaving safepoint region
[2022-06-13T03:13:34.974+0000][1][safepoint    ] Total time for which application threads were stopped: 0.0003482 seconds, Stopping threads took: 0.0001402 seconds
[2022-06-13T03:13:35.974+0000][1][safepoint    ] Application time: 1.0000993 seconds
[2022-06-13T03:13:35.974+0000][1][safepoint    ] Entering safepoint region: Cleanup
[2022-06-13T03:13:35.974+0000][1][safepoint    ] Leaving safepoint region
[2022-06-13T03:13:35.974+0000][1][safepoint    ] Total time for which application threads were stopped: 0.0003569 seconds, Stopping threads took: 0.0001340 seconds
[2022-06-13T03:13:36.975+0000][1][safepoint    ] Application time: 1.0001081 seconds
[2022-06-13T03:13:36.975+0000][1][safepoint    ] Entering safepoint region: Cleanup
[2022-06-13T03:13:36.975+0000][1][safepoint    ] Leaving safepoint region
[2022-06-13T03:13:36.975+0000][1][safepoint    ] Total time for which application threads were stopped: 0.0004589 seconds, Stopping threads took: 0.0001625 seconds
[2022-06-13T03:13:37.976+0000][1][safepoint    ] Application time: 1.0001339 seconds
[2022-06-13T03:13:37.976+0000][1][safepoint    ] Entering safepoint region: Cleanup
[2022-06-13T03:13:37.976+0000][1][safepoint    ] Leaving safepoint region
[2022-06-13T03:13:37.977+0000][1][safepoint    ] Total time for which application threads were stopped: 0.0005202 seconds, Stopping threads took: 0.0001539 seconds
[2022-06-13T03:13:38.977+0000][1][safepoint    ] Application time: 1.0000952 seconds
[2022-06-13T03:13:38.977+0000][1][safepoint    ] Entering safepoint region: Cleanup
[2022-06-13T03:13:38.977+0000][1][safepoint    ] Leaving safepoint region
[2022-06-13T03:13:38.977+0000][1][safepoint    ] Total time for which application threads were stopped: 0.0003075 seconds, Stopping threads took: 0.0001445 seconds
[2022-06-13T03:13:39.977+0000][1][safepoint    ] Application time: 1.0000975 seconds
[2022-06-13T03:13:39.978+0000][1][safepoint    ] Entering safepoint region: Cleanup
[2022-06-13T03:13:39.978+0000][1][safepoint    ] Leaving safepoint region
[2022-06-13T03:13:39.979+0000][1][safepoint    ] Total time for which application threads were stopped: 0.0007724 seconds, Stopping threads took: 0.0003935 seconds
[2022-06-13T03:13:40.979+0000][1][safepoint    ] Application time: 1.0000992 seconds
[2022-06-13T03:13:40.980+0000][1][safepoint    ] Entering safepoint region: Cleanup
[2022-06-13T03:13:40.980+0000][1][safepoint    ] Leaving safepoint region
[2022-06-13T03:13:40.980+0000][1][safepoint    ] Total time for which application threads were stopped: 0.0003535 seconds, Stopping threads took: 0.0001698 seconds
[2022-06-13T03:13:41.980+0000][1][safepoint    ] Application time: 1.0001003 seconds
[2022-06-13T03:13:41.980+0000][1][safepoint    ] Entering safepoint region: Cleanup
[2022-06-13T03:13:41.981+0000][1][safepoint    ] Leaving safepoint region
[2022-06-13T03:13:41.981+0000][1][safepoint    ] Total time for which application threads were stopped: 0.0004123 seconds, Stopping threads took: 0.0002286 seconds
[2022-06-13T03:13:42.981+0000][1][safepoint    ] Application time: 1.0001003 seconds
[2022-06-13T03:13:42.981+0000][1][safepoint    ] Entering safepoint region: Cleanup
[2022-06-13T03:13:42.981+0000][1][safepoint    ] Leaving safepoint region
[2022-06-13T03:13:42.982+0000][1][safepoint    ] Total time for which application threads were stopped: 0.0003312 seconds, Stopping threads took: 0.0001585 seconds
[2022-06-13T03:13:43.982+0000][1][safepoint    ] Application time: 1.0000954 seconds
[2022-06-13T03:13:43.982+0000][1][safepoint    ] Entering safepoint region: Cleanup
[2022-06-13T03:13:43.982+0000][1][safepoint    ] Leaving safepoint region
[2022-06-13T03:13:43.982+0000][1][safepoint    ] Total time for which application threads were stopped: 0.0003359 seconds, Stopping threads took: 0.0001554 seconds
[2022-06-13T03:13:44.983+0000][1][safepoint    ] Application time: 1.0001120 seconds
[2022-06-13T03:13:44.983+0000][1][safepoint    ] Entering safepoint region: Cleanup
[2022-06-13T03:13:44.983+0000][1][safepoint    ] Leaving safepoint region
[2022-06-13T03:13:44.984+0000][1][safepoint    ] Total time for which application threads were stopped: 0.0006445 seconds, Stopping threads took: 0.0002022 seconds
[2022-06-13T03:13:45.984+0000][1][safepoint    ] Application time: 1.0002357 seconds
[2022-06-13T03:13:45.984+0000][1][safepoint    ] Entering safepoint region: Cleanup
[2022-06-13T03:13:45.985+0000][1][safepoint    ] Leaving safepoint region
[2022-06-13T03:13:45.985+0000][1][safepoint    ] Total time for which application threads were stopped: 0.0003943 seconds, Stopping threads took: 0.0001791 seconds
[2022-06-13T03:13:46.985+0000][1][safepoint    ] Application time: 1.0002221 seconds
[2022-06-13T03:13:46.986+0000][1][safepoint    ] Entering safepoint region: Cleanup
[2022-06-13T03:13:46.986+0000][1][safepoint    ] Leaving safepoint region
[2022-06-13T03:13:46.986+0000][1][safepoint    ] Total time for which application threads were stopped: 0.0005056 seconds, Stopping threads took: 0.0002989 seconds
[2022-06-13T03:13:47.987+0000][1][safepoint    ] Application time: 1.0001195 seconds
[2022-06-13T03:13:47.987+0000][1][safepoint    ] Entering safepoint region: Cleanup
[2022-06-13T03:13:47.987+0000][1][safepoint    ] Leaving safepoint region
[2022-06-13T03:13:47.987+0000][1][safepoint    ] Total time for which application threads were stopped: 0.0003555 seconds, Stopping threads took: 0.0001409 seconds
[2022-06-13T03:13:48.988+0000][1][safepoint    ] Application time: 1.0001109 seconds
[2022-06-13T03:13:48.988+0000][1][safepoint    ] Entering safepoint region: Cleanup
[2022-06-13T03:13:48.988+0000][1][safepoint    ] Leaving safepoint region
[2022-06-13T03:13:48.988+0000][1][safepoint    ] Total time for which application threads were stopped: 0.0005748 seconds, Stopping threads took: 0.0002752 seconds
[2022-06-13T03:13:49.989+0000][1][safepoint    ] Application time: 1.0001251 seconds
[2022-06-13T03:13:49.989+0000][1][safepoint    ] Entering safepoint region: Cleanup
[2022-06-13T03:13:49.989+0000][1][safepoint    ] Leaving safepoint region
[2022-06-13T03:13:49.990+0000][1][safepoint    ] Total time for which application threads were stopped: 0.0005878 seconds, Stopping threads took: 0.0002870 seconds
[2022-06-13T03:13:50.990+0000][1][safepoint    ] Application time: 1.0000984 seconds
[2022-06-13T03:13:50.990+0000][1][safepoint    ] Entering safepoint region: Cleanup
[2022-06-13T03:13:50.990+0000][1][safepoint    ] Leaving safepoint region
[2022-06-13T03:13:50.990+0000][1][safepoint    ] Total time for which application threads were stopped: 0.0002953 seconds, Stopping threads took: 0.0001258 seconds
[2022-06-13T03:13:51.991+0000][1][safepoint    ] Application time: 1.0001021 seconds
[2022-06-13T03:13:51.991+0000][1][safepoint    ] Entering safepoint region: Cleanup
[2022-06-13T03:13:51.991+0000][1][safepoint    ] Leaving safepoint region
[2022-06-13T03:13:51.991+0000][1][safepoint    ] Total time for which application threads were stopped: 0.0003524 seconds, Stopping threads took: 0.0001602 seconds
[2022-06-13T03:13:52.991+0000][1][safepoint    ] Application time: 1.0001008 seconds
[2022-06-13T03:13:52.992+0000][1][safepoint    ] Entering safepoint region: Cleanup
[2022-06-13T03:13:52.992+0000][1][safepoint    ] Leaving safepoint region
[2022-06-13T03:13:52.992+0000][1][safepoint    ] Total time for which application threads were stopped: 0.0003061 seconds, Stopping threads took: 0.0001457 seconds
[2022-06-13T03:13:53.992+0000][1][safepoint    ] Application time: 1.0001199 seconds
[2022-06-13T03:13:53.993+0000][1][safepoint    ] Entering safepoint region: Cleanup
[2022-06-13T03:13:53.993+0000][1][safepoint    ] Leaving safepoint region
[2022-06-13T03:13:53.993+0000][1][safepoint    ] Total time for which application threads were stopped: 0.0003203 seconds, Stopping threads took: 0.0001350 seconds
[2022-06-13T03:13:54.993+0000][1][safepoint    ] Application time: 1.0001006 seconds
[2022-06-13T03:13:54.993+0000][1][safepoint    ] Entering safepoint region: Cleanup
[2022-06-13T03:13:54.994+0000][1][safepoint    ] Leaving safepoint region
[2022-06-13T03:13:54.994+0000][1][safepoint    ] Total time for which application threads were stopped: 0.0003836 seconds, Stopping threads took: 0.0001614 seconds
[2022-06-13T03:13:55.994+0000][1][safepoint    ] Application time: 1.0000996 seconds
[2022-06-13T03:13:55.994+0000][1][safepoint    ] Entering safepoint region: Cleanup
[2022-06-13T03:13:55.994+0000][1][safepoint    ] Leaving safepoint region
[2022-06-13T03:13:55.995+0000][1][safepoint    ] Total time for which application threads were stopped: 0.0003447 seconds, Stopping threads took: 0.0001514 seconds
[2022-06-13T03:13:56.995+0000][1][safepoint    ] Application time: 1.0001019 seconds
[2022-06-13T03:13:56.995+0000][1][safepoint    ] Entering safepoint region: Cleanup
[2022-06-13T03:13:56.995+0000][1][safepoint    ] Leaving safepoint region
[2022-06-13T03:13:56.996+0000][1][safepoint    ] Total time for which application threads were stopped: 0.0004568 seconds, Stopping threads took: 0.0002239 seconds
[2022-06-13T03:13:57.996+0000][1][safepoint    ] Application time: 1.0001127 seconds
[2022-06-13T03:13:57.996+0000][1][safepoint    ] Entering safepoint region: Cleanup
[2022-06-13T03:13:57.996+0000][1][safepoint    ] Leaving safepoint region
[2022-06-13T03:13:57.997+0000][1][safepoint    ] Total time for which application threads were stopped: 0.0003554 seconds, Stopping threads took: 0.0001486 seconds
[2022-06-13T03:13:58.997+0000][1][safepoint    ] Application time: 1.0000893 seconds
[2022-06-13T03:13:58.997+0000][1][safepoint    ] Entering safepoint region: Cleanup
[2022-06-13T03:13:58.997+0000][1][safepoint    ] Leaving safepoint region
[2022-06-13T03:13:58.997+0000][1][safepoint    ] Total time for which application threads were stopped: 0.0003215 seconds, Stopping threads took: 0.0001382 seconds
[2022-06-13T03:13:59.997+0000][1][safepoint    ] Application time: 1.0000996 seconds
[2022-06-13T03:13:59.998+0000][1][safepoint    ] Entering safepoint region: Cleanup
[2022-06-13T03:13:59.998+0000][1][safepoint    ] Leaving safepoint region
[2022-06-13T03:13:59.998+0000][1][safepoint    ] Total time for which application threads were stopped: 0.0003501 seconds, Stopping threads took: 0.0001543 seconds
[2022-06-13T03:14:00.998+0000][1][safepoint    ] Application time: 1.0000997 seconds
[2022-06-13T03:14:00.998+0000][1][safepoint    ] Entering safepoint region: Cleanup
[2022-06-13T03:14:00.999+0000][1][safepoint    ] Leaving safepoint region
[2022-06-13T03:14:00.999+0000][1][safepoint    ] Total time for which application threads were stopped: 0.0003590 seconds, Stopping threads took: 0.0001651 seconds
[2022-06-13T03:14:01.999+0000][1][safepoint    ] Application time: 1.0001004 seconds
[2022-06-13T03:14:01.999+0000][1][safepoint    ] Entering safepoint region: Cleanup
[2022-06-13T03:14:01.999+0000][1][safepoint    ] Leaving safepoint region
[2022-06-13T03:14:02.000+0000][1][safepoint    ] Total time for which application threads were stopped: 0.0003634 seconds, Stopping threads took: 0.0001670 seconds
[2022-06-13T03:14:03.000+0000][1][safepoint    ] Application time: 1.0001194 seconds
[2022-06-13T03:14:03.000+0000][1][safepoint    ] Entering safepoint region: Cleanup
[2022-06-13T03:14:03.001+0000][1][safepoint    ] Leaving safepoint region
[2022-06-13T03:14:03.001+0000][1][safepoint    ] Total time for which application threads were stopped: 0.0004648 seconds, Stopping threads took: 0.0002472 seconds
[2022-06-13T03:14:04.135+0000][1][safepoint    ] Application time: 1.1335138 seconds
[2022-06-13T03:14:04.135+0000][1][safepoint    ] Entering safepoint region: Cleanup
[2022-06-13T03:14:04.136+0000][1][safepoint    ] Leaving safepoint region
[2022-06-13T03:14:04.136+0000][1][safepoint    ] Total time for which application threads were stopped: 0.0010118 seconds, Stopping threads took: 0.0004175 seconds
[2022-06-13T03:14:05.136+0000][1][safepoint    ] Application time: 1.0001576 seconds
[2022-06-13T03:14:05.137+0000][1][safepoint    ] Entering safepoint region: Cleanup
[2022-06-13T03:14:05.137+0000][1][safepoint    ] Leaving safepoint region
[2022-06-13T03:14:05.137+0000][1][safepoint    ] Total time for which application threads were stopped: 0.0006966 seconds, Stopping threads took: 0.0002824 seconds
[2022-06-13T03:14:06.138+0000][1][safepoint    ] Application time: 1.0001963 seconds
[2022-06-13T03:14:06.138+0000][1][safepoint    ] Entering safepoint region: Cleanup
[2022-06-13T03:14:06.139+0000][1][safepoint    ] Leaving safepoint region
[2022-06-13T03:14:06.139+0000][1][safepoint    ] Total time for which application threads were stopped: 0.0004792 seconds, Stopping threads took: 0.0002223 seconds
[2022-06-13T03:14:07.139+0000][1][safepoint    ] Application time: 1.0001044 seconds
[2022-06-13T03:14:07.139+0000][1][safepoint    ] Entering safepoint region: Cleanup
[2022-06-13T03:14:07.139+0000][1][safepoint    ] Leaving safepoint region
[2022-06-13T03:14:07.139+0000][1][safepoint    ] Total time for which application threads were stopped: 0.0003160 seconds, Stopping threads took: 0.0001404 seconds
[2022-06-13T03:14:08.138+0000][1][safepoint    ] Application time: 0.9981960 seconds
[2022-06-13T03:14:08.138+0000][1][safepoint    ] Entering safepoint region: GenCollectForAllocation
[2022-06-13T03:14:08.138+0000][1][gc,start     ] GC(24) Pause Young (Allocation Failure)
[2022-06-13T03:14:08.138+0000][1][gc,task      ] GC(24) Using 5 workers of 13 for evacuation
[2022-06-13T03:14:08.140+0000][1][gc,age       ] GC(24) Desired survivor size 4456448 bytes, new threshold 6 (max threshold 6)
[2022-06-13T03:14:08.140+0000][1][gc,age       ] GC(24) Age table with threshold 6 (max threshold 6)
[2022-06-13T03:14:08.140+0000][1][gc,age       ] GC(24) - age   1:      10840 bytes,      10840 total
[2022-06-13T03:14:08.141+0000][1][gc,age       ] GC(24) - age   2:     375144 bytes,     385984 total
[2022-06-13T03:14:08.141+0000][1][gc,age       ] GC(24) - age   3:    2251064 bytes,    2637048 total
[2022-06-13T03:14:08.141+0000][1][gc,heap      ] GC(24) ParNew: 76405K->3160K(78656K)
[2022-06-13T03:14:08.141+0000][1][gc,heap      ] GC(24) CMS: 67823K->67823K(174784K)
[2022-06-13T03:14:08.141+0000][1][gc,metaspace ] GC(24) Metaspace: 68011K->68011K(1112064K)
[2022-06-13T03:14:08.141+0000][1][gc           ] GC(24) Pause Young (Allocation Failure) 140M->69M(247M) 3.063ms
[2022-06-13T03:14:08.141+0000][1][gc,cpu       ] GC(24) User=0.01s Sys=0.00s Real=0.01s
[2022-06-13T03:14:08.141+0000][1][safepoint    ] Leaving safepoint region
[2022-06-13T03:14:08.142+0000][1][safepoint    ] Total time for which application threads were stopped: 0.0036948 seconds, Stopping threads took: 0.0001256 seconds
[2022-06-13T03:14:09.142+0000][1][safepoint    ] Application time: 1.0001223 seconds
[2022-06-13T03:14:09.142+0000][1][safepoint    ] Entering safepoint region: Cleanup
[2022-06-13T03:14:09.142+0000][1][safepoint    ] Leaving safepoint region
[2022-06-13T03:14:09.142+0000][1][safepoint    ] Total time for which application threads were stopped: 0.0003680 seconds, Stopping threads took: 0.0001815 seconds
[2022-06-13T03:14:10.143+0000][1][safepoint    ] Application time: 1.0001003 seconds
[2022-06-13T03:14:10.143+0000][1][safepoint    ] Entering safepoint region: Cleanup
[2022-06-13T03:14:10.143+0000][1][safepoint    ] Leaving safepoint region
[2022-06-13T03:14:10.143+0000][1][safepoint    ] Total time for which application threads were stopped: 0.0004979 seconds, Stopping threads took: 0.0001582 seconds
[2022-06-13T03:14:11.144+0000][1][safepoint    ] Application time: 1.0001170 seconds
[2022-06-13T03:14:11.144+0000][1][safepoint    ] Entering safepoint region: Cleanup
[2022-06-13T03:14:11.144+0000][1][safepoint    ] Leaving safepoint region
[2022-06-13T03:14:11.144+0000][1][safepoint    ] Total time for which application threads were stopped: 0.0005016 seconds, Stopping threads took: 0.0001571 seconds
[2022-06-13T03:14:12.145+0000][1][safepoint    ] Application time: 1.0001132 seconds
[2022-06-13T03:14:12.145+0000][1][safepoint    ] Entering safepoint region: Cleanup
[2022-06-13T03:14:12.145+0000][1][safepoint    ] Leaving safepoint region
[2022-06-13T03:14:12.145+0000][1][safepoint    ] Total time for which application threads were stopped: 0.0004497 seconds, Stopping threads took: 0.0002435 seconds
[2022-06-13T03:14:13.146+0000][1][safepoint    ] Application time: 1.0001207 seconds
[2022-06-13T03:14:13.146+0000][1][safepoint    ] Entering safepoint region: Cleanup
[2022-06-13T03:14:13.147+0000][1][safepoint    ] Leaving safepoint region
[2022-06-13T03:14:13.147+0000][1][safepoint    ] Total time for which application threads were stopped: 0.0007918 seconds, Stopping threads took: 0.0004388 seconds
[2022-06-13T03:14:14.147+0000][1][safepoint    ] Application time: 1.0001191 seconds
[2022-06-13T03:14:14.147+0000][1][safepoint    ] Entering safepoint region: Cleanup
[2022-06-13T03:14:14.147+0000][1][safepoint    ] Leaving safepoint region
[2022-06-13T03:14:14.148+0000][1][safepoint    ] Total time for which application threads were stopped: 0.0003673 seconds, Stopping threads took: 0.0001899 seconds
[2022-06-13T03:14:15.148+0000][1][safepoint    ] Application time: 1.0001211 seconds
[2022-06-13T03:14:15.148+0000][1][safepoint    ] Entering safepoint region: Cleanup
[2022-06-13T03:14:15.148+0000][1][safepoint    ] Leaving safepoint region
[2022-06-13T03:14:15.149+0000][1][safepoint    ] Total time for which application threads were stopped: 0.0004033 seconds, Stopping threads took: 0.0001945 seconds
[2022-06-13T03:14:16.149+0000][1][safepoint    ] Application time: 1.0001198 seconds
[2022-06-13T03:14:16.149+0000][1][safepoint    ] Entering safepoint region: Cleanup
[2022-06-13T03:14:16.149+0000][1][safepoint    ] Leaving safepoint region
[2022-06-13T03:14:16.149+0000][1][safepoint    ] Total time for which application threads were stopped: 0.0003802 seconds, Stopping threads took: 0.0001816 seconds
[2022-06-13T03:14:17.150+0000][1][safepoint    ] Application time: 1.0001248 seconds
[2022-06-13T03:14:17.150+0000][1][safepoint    ] Entering safepoint region: Cleanup
[2022-06-13T03:14:17.150+0000][1][safepoint    ] Leaving safepoint region
[2022-06-13T03:14:17.150+0000][1][safepoint    ] Total time for which application threads were stopped: 0.0004168 seconds, Stopping threads took: 0.0001486 seconds
[2022-06-13T03:14:18.150+0000][1][safepoint    ] Application time: 1.0001071 seconds
[2022-06-13T03:14:18.151+0000][1][safepoint    ] Entering safepoint region: Cleanup
[2022-06-13T03:14:18.151+0000][1][safepoint    ] Leaving safepoint region
[2022-06-13T03:14:18.151+0000][1][safepoint    ] Total time for which application threads were stopped: 0.0004013 seconds, Stopping threads took: 0.0001732 seconds
[2022-06-13T03:14:19.151+0000][1][safepoint    ] Application time: 1.0001166 seconds
[2022-06-13T03:14:19.152+0000][1][safepoint    ] Entering safepoint region: Cleanup
[2022-06-13T03:14:19.152+0000][1][safepoint    ] Leaving safepoint region
[2022-06-13T03:14:19.152+0000][1][safepoint    ] Total time for which application threads were stopped: 0.0003948 seconds, Stopping threads took: 0.0001770 seconds
[2022-06-13T03:14:20.152+0000][1][safepoint    ] Application time: 1.0002361 seconds
[2022-06-13T03:14:20.153+0000][1][safepoint    ] Entering safepoint region: Cleanup
[2022-06-13T03:14:20.153+0000][1][safepoint    ] Leaving safepoint region
[2022-06-13T03:14:20.153+0000][1][safepoint    ] Total time for which application threads were stopped: 0.0003629 seconds, Stopping threads took: 0.0001809 seconds
[2022-06-13T03:14:21.153+0000][1][safepoint    ] Application time: 1.0001387 seconds
[2022-06-13T03:14:21.154+0000][1][safepoint    ] Entering safepoint region: Cleanup
[2022-06-13T03:14:21.154+0000][1][safepoint    ] Leaving safepoint region
[2022-06-13T03:14:21.155+0000][1][safepoint    ] Total time for which application threads were stopped: 0.0009335 seconds, Stopping threads took: 0.0004295 seconds
[2022-06-13T03:14:22.155+0000][1][safepoint    ] Application time: 1.0002321 seconds
[2022-06-13T03:14:22.156+0000][1][safepoint    ] Entering safepoint region: Cleanup
[2022-06-13T03:14:22.156+0000][1][safepoint    ] Leaving safepoint region
[2022-06-13T03:14:22.156+0000][1][safepoint    ] Total time for which application threads were stopped: 0.0003110 seconds, Stopping threads took: 0.0001376 seconds
[2022-06-13T03:14:23.156+0000][1][safepoint    ] Application time: 1.0002048 seconds
[2022-06-13T03:14:23.156+0000][1][safepoint    ] Entering safepoint region: Cleanup
[2022-06-13T03:14:23.157+0000][1][safepoint    ] Leaving safepoint region
[2022-06-13T03:14:23.157+0000][1][safepoint    ] Total time for which application threads were stopped: 0.0003439 seconds, Stopping threads took: 0.0001483 seconds
[2022-06-13T03:14:24.157+0000][1][safepoint    ] Application time: 1.0001125 seconds
[2022-06-13T03:14:24.157+0000][1][safepoint    ] Entering safepoint region: Cleanup
[2022-06-13T03:14:24.157+0000][1][safepoint    ] Leaving safepoint region
[2022-06-13T03:14:24.157+0000][1][safepoint    ] Total time for which application threads were stopped: 0.0003290 seconds, Stopping threads took: 0.0001651 seconds
[2022-06-13T03:14:25.158+0000][1][safepoint    ] Application time: 1.0001232 seconds
[2022-06-13T03:14:25.158+0000][1][safepoint    ] Entering safepoint region: Cleanup
[2022-06-13T03:14:25.158+0000][1][safepoint    ] Leaving safepoint region
[2022-06-13T03:14:25.159+0000][1][safepoint    ] Total time for which application threads were stopped: 0.0006568 seconds, Stopping threads took: 0.0003323 seconds
[2022-06-13T03:14:26.159+0000][1][safepoint    ] Application time: 1.0001164 seconds
[2022-06-13T03:14:26.159+0000][1][safepoint    ] Entering safepoint region: Cleanup
[2022-06-13T03:14:26.159+0000][1][safepoint    ] Leaving safepoint region
[2022-06-13T03:14:26.160+0000][1][safepoint    ] Total time for which application threads were stopped: 0.0003993 seconds, Stopping threads took: 0.0001894 seconds
[2022-06-13T03:14:27.160+0000][1][safepoint    ] Application time: 1.0001174 seconds
[2022-06-13T03:14:27.160+0000][1][safepoint    ] Entering safepoint region: Cleanup
[2022-06-13T03:14:27.160+0000][1][safepoint    ] Leaving safepoint region
[2022-06-13T03:14:27.160+0000][1][safepoint    ] Total time for which application threads were stopped: 0.0003197 seconds, Stopping threads took: 0.0001238 seconds
[2022-06-13T03:14:28.161+0000][1][safepoint    ] Application time: 1.0001372 seconds
[2022-06-13T03:14:28.161+0000][1][safepoint    ] Entering safepoint region: Cleanup
[2022-06-13T03:14:28.161+0000][1][safepoint    ] Leaving safepoint region
[2022-06-13T03:14:28.161+0000][1][safepoint    ] Total time for which application threads were stopped: 0.0002827 seconds, Stopping threads took: 0.0001359 seconds
[2022-06-13T03:14:29.161+0000][1][safepoint    ] Application time: 1.0001073 seconds
[2022-06-13T03:14:29.161+0000][1][safepoint    ] Entering safepoint region: Cleanup
[2022-06-13T03:14:29.162+0000][1][safepoint    ] Leaving safepoint region
[2022-06-13T03:14:29.162+0000][1][safepoint    ] Total time for which application threads were stopped: 0.0003306 seconds, Stopping threads took: 0.0001447 seconds
[2022-06-13T03:14:30.162+0000][1][safepoint    ] Application time: 1.0002402 seconds
[2022-06-13T03:14:30.163+0000][1][safepoint    ] Entering safepoint region: Cleanup
[2022-06-13T03:14:30.164+0000][1][safepoint    ] Leaving safepoint region
[2022-06-13T03:14:30.164+0000][1][safepoint    ] Total time for which application threads were stopped: 0.0012467 seconds, Stopping threads took: 0.0005630 seconds
[2022-06-13T03:14:31.165+0000][1][safepoint    ] Application time: 1.0002192 seconds
[2022-06-13T03:14:31.165+0000][1][safepoint    ] Entering safepoint region: Cleanup
[2022-06-13T03:14:31.165+0000][1][safepoint    ] Leaving safepoint region
[2022-06-13T03:14:31.166+0000][1][safepoint    ] Total time for which application threads were stopped: 0.0003261 seconds, Stopping threads took: 0.0001445 seconds
[2022-06-13T03:14:32.166+0000][1][safepoint    ] Application time: 1.0003770 seconds
[2022-06-13T03:14:32.167+0000][1][safepoint    ] Entering safepoint region: Cleanup
[2022-06-13T03:14:32.168+0000][1][safepoint    ] Leaving safepoint region
[2022-06-13T03:14:32.168+0000][1][safepoint    ] Total time for which application threads were stopped: 0.0013363 seconds, Stopping threads took: 0.0006371 seconds
[2022-06-13T03:14:33.169+0000][1][safepoint    ] Application time: 1.0002326 seconds
[2022-06-13T03:14:33.170+0000][1][safepoint    ] Entering safepoint region: Cleanup
[2022-06-13T03:14:33.170+0000][1][safepoint    ] Leaving safepoint region
[2022-06-13T03:14:33.171+0000][1][safepoint    ] Total time for which application threads were stopped: 0.0012584 seconds, Stopping threads took: 0.0005796 seconds
[2022-06-13T03:14:34.172+0000][1][safepoint    ] Application time: 1.0002088 seconds
[2022-06-13T03:14:34.172+0000][1][safepoint    ] Entering safepoint region: Cleanup
[2022-06-13T03:14:34.173+0000][1][safepoint    ] Leaving safepoint region
[2022-06-13T03:14:34.173+0000][1][safepoint    ] Total time for which application threads were stopped: 0.0008020 seconds, Stopping threads took: 0.0003954 seconds
[2022-06-13T03:14:35.174+0000][1][safepoint    ] Application time: 1.0001972 seconds
[2022-06-13T03:14:35.174+0000][1][safepoint    ] Entering safepoint region: Cleanup
[2022-06-13T03:14:35.175+0000][1][safepoint    ] Leaving safepoint region
[2022-06-13T03:14:35.175+0000][1][safepoint    ] Total time for which application threads were stopped: 0.0007941 seconds, Stopping threads took: 0.0003931 seconds
[2022-06-13T03:14:37.161+0000][1][safepoint    ] Application time: 1.9855919 seconds
[2022-06-13T03:14:37.161+0000][1][safepoint    ] Entering safepoint region: Cleanup
[2022-06-13T03:14:37.162+0000][1][safepoint    ] Leaving safepoint region
[2022-06-13T03:14:37.162+0000][1][safepoint    ] Total time for which application threads were stopped: 0.0009588 seconds, Stopping threads took: 0.0005290 seconds
[2022-06-13T03:14:38.163+0000][1][safepoint    ] Application time: 1.0003227 seconds
[2022-06-13T03:14:38.163+0000][1][safepoint    ] Entering safepoint region: Cleanup
[2022-06-13T03:14:38.164+0000][1][safepoint    ] Leaving safepoint region
[2022-06-13T03:14:38.164+0000][1][safepoint    ] Total time for which application threads were stopped: 0.0008852 seconds, Stopping threads took: 0.0005079 seconds
[2022-06-13T03:14:39.165+0000][1][safepoint    ] Application time: 1.0001735 seconds
[2022-06-13T03:14:39.165+0000][1][safepoint    ] Entering safepoint region: Cleanup
[2022-06-13T03:14:39.166+0000][1][safepoint    ] Leaving safepoint region
[2022-06-13T03:14:39.166+0000][1][safepoint    ] Total time for which application threads were stopped: 0.0006959 seconds, Stopping threads took: 0.0003116 seconds
[2022-06-13T03:14:40.167+0000][1][safepoint    ] Application time: 1.0001503 seconds
[2022-06-13T03:14:40.167+0000][1][safepoint    ] Entering safepoint region: Cleanup
[2022-06-13T03:14:40.167+0000][1][safepoint    ] Leaving safepoint region
[2022-06-13T03:14:40.167+0000][1][safepoint    ] Total time for which application threads were stopped: 0.0005349 seconds, Stopping threads took: 0.0002354 seconds
[2022-06-13T03:14:41.168+0000][1][safepoint    ] Application time: 1.0002961 seconds
[2022-06-13T03:14:41.169+0000][1][safepoint    ] Entering safepoint region: Cleanup
[2022-06-13T03:14:41.169+0000][1][safepoint    ] Leaving safepoint region
[2022-06-13T03:14:41.170+0000][1][safepoint    ] Total time for which application threads were stopped: 0.0012832 seconds, Stopping threads took: 0.0005422 seconds
[2022-06-13T03:14:42.171+0000][1][safepoint    ] Application time: 1.0002118 seconds
[2022-06-13T03:14:42.171+0000][1][safepoint    ] Entering safepoint region: Cleanup
[2022-06-13T03:14:42.172+0000][1][safepoint    ] Leaving safepoint region
[2022-06-13T03:14:42.172+0000][1][safepoint    ] Total time for which application threads were stopped: 0.0011826 seconds, Stopping threads took: 0.0006516 seconds
[2022-06-13T03:14:43.173+0000][1][safepoint    ] Application time: 1.0003424 seconds
[2022-06-13T03:14:43.174+0000][1][safepoint    ] Entering safepoint region: Cleanup
[2022-06-13T03:14:43.174+0000][1][safepoint    ] Leaving safepoint region
[2022-06-13T03:14:43.175+0000][1][safepoint    ] Total time for which application threads were stopped: 0.0009471 seconds, Stopping threads took: 0.0004323 seconds
[2022-06-13T03:14:44.176+0000][1][safepoint    ] Application time: 1.0002411 seconds
[2022-06-13T03:14:44.176+0000][1][safepoint    ] Entering safepoint region: Cleanup
[2022-06-13T03:14:44.177+0000][1][safepoint    ] Leaving safepoint region
[2022-06-13T03:14:44.177+0000][1][safepoint    ] Total time for which application threads were stopped: 0.0007599 seconds, Stopping threads took: 0.0003809 seconds
[2022-06-13T03:14:45.178+0000][1][safepoint    ] Application time: 1.0002690 seconds
[2022-06-13T03:14:45.178+0000][1][safepoint    ] Entering safepoint region: Cleanup
[2022-06-13T03:14:45.178+0000][1][safepoint    ] Leaving safepoint region
[2022-06-13T03:14:45.179+0000][1][safepoint    ] Total time for which application threads were stopped: 0.0007205 seconds, Stopping threads took: 0.0003509 seconds
[2022-06-13T03:14:46.179+0000][1][safepoint    ] Application time: 1.0001247 seconds
[2022-06-13T03:14:46.180+0000][1][safepoint    ] Entering safepoint region: Cleanup
[2022-06-13T03:14:46.180+0000][1][safepoint    ] Leaving safepoint region
[2022-06-13T03:14:46.180+0000][1][safepoint    ] Total time for which application threads were stopped: 0.0006416 seconds, Stopping threads took: 0.0003539 seconds
[2022-06-13T03:14:47.181+0000][1][safepoint    ] Application time: 1.0002390 seconds
[2022-06-13T03:14:47.182+0000][1][safepoint    ] Entering safepoint region: Cleanup
[2022-06-13T03:14:47.182+0000][1][safepoint    ] Leaving safepoint region
[2022-06-13T03:14:47.182+0000][1][safepoint    ] Total time for which application threads were stopped: 0.0008427 seconds, Stopping threads took: 0.0004288 seconds
[2022-06-13T03:14:48.183+0000][1][safepoint    ] Application time: 1.0003176 seconds
[2022-06-13T03:14:48.184+0000][1][safepoint    ] Entering safepoint region: Cleanup
[2022-06-13T03:14:48.184+0000][1][safepoint    ] Leaving safepoint region
[2022-06-13T03:14:48.184+0000][1][safepoint    ] Total time for which application threads were stopped: 0.0007801 seconds, Stopping threads took: 0.0003908 seconds
[2022-06-13T03:14:49.185+0000][1][safepoint    ] Application time: 1.0001819 seconds
[2022-06-13T03:14:49.185+0000][1][safepoint    ] Entering safepoint region: Cleanup
[2022-06-13T03:14:49.186+0000][1][safepoint    ] Leaving safepoint region
[2022-06-13T03:14:49.186+0000][1][safepoint    ] Total time for which application threads were stopped: 0.0008844 seconds, Stopping threads took: 0.0003686 seconds
[2022-06-13T03:14:50.187+0000][1][safepoint    ] Application time: 1.0001943 seconds
[2022-06-13T03:14:50.187+0000][1][safepoint    ] Entering safepoint region: Cleanup
[2022-06-13T03:14:50.188+0000][1][safepoint    ] Leaving safepoint region
[2022-06-13T03:14:50.188+0000][1][safepoint    ] Total time for which application threads were stopped: 0.0008002 seconds, Stopping threads took: 0.0005139 seconds
[2022-06-13T03:14:51.188+0000][1][safepoint    ] Application time: 1.0001149 seconds
[2022-06-13T03:14:51.189+0000][1][safepoint    ] Entering safepoint region: Cleanup
[2022-06-13T03:14:51.189+0000][1][safepoint    ] Leaving safepoint region
[2022-06-13T03:14:51.189+0000][1][safepoint    ] Total time for which application threads were stopped: 0.0003994 seconds, Stopping threads took: 0.0001846 seconds
[2022-06-13T03:14:52.189+0000][1][safepoint    ] Application time: 1.0001869 seconds
[2022-06-13T03:14:52.190+0000][1][safepoint    ] Entering safepoint region: Cleanup
[2022-06-13T03:14:52.190+0000][1][safepoint    ] Leaving safepoint region
[2022-06-13T03:14:52.190+0000][1][safepoint    ] Total time for which application threads were stopped: 0.0004679 seconds, Stopping threads took: 0.0001945 seconds
[2022-06-13T03:14:53.190+0000][1][safepoint    ] Application time: 1.0001690 seconds
[2022-06-13T03:14:53.191+0000][1][safepoint    ] Entering safepoint region: Cleanup
[2022-06-13T03:14:53.192+0000][1][safepoint    ] Leaving safepoint region
[2022-06-13T03:14:53.192+0000][1][safepoint    ] Total time for which application threads were stopped: 0.0010218 seconds, Stopping threads took: 0.0005924 seconds
[2022-06-13T03:14:54.192+0000][1][safepoint    ] Application time: 1.0001618 seconds
[2022-06-13T03:14:54.193+0000][1][safepoint    ] Entering safepoint region: Cleanup
[2022-06-13T03:14:54.193+0000][1][safepoint    ] Leaving safepoint region
[2022-06-13T03:14:54.194+0000][1][safepoint    ] Total time for which application threads were stopped: 0.0005531 seconds, Stopping threads took: 0.0002742 seconds
[2022-06-13T03:14:55.194+0000][1][safepoint    ] Application time: 1.0002041 seconds
[2022-06-13T03:14:55.195+0000][1][safepoint    ] Entering safepoint region: Cleanup
[2022-06-13T03:14:55.195+0000][1][safepoint    ] Leaving safepoint region
[2022-06-13T03:14:55.195+0000][1][safepoint    ] Total time for which application threads were stopped: 0.0007765 seconds, Stopping threads took: 0.0003917 seconds
[2022-06-13T03:14:56.196+0000][1][safepoint    ] Application time: 1.0001819 seconds
[2022-06-13T03:14:56.196+0000][1][safepoint    ] Entering safepoint region: Cleanup
[2022-06-13T03:14:56.197+0000][1][safepoint    ] Leaving safepoint region
[2022-06-13T03:14:56.197+0000][1][safepoint    ] Total time for which application threads were stopped: 0.0006933 seconds, Stopping threads took: 0.0003316 seconds
[2022-06-13T03:14:57.198+0000][1][safepoint    ] Application time: 1.0001671 seconds
[2022-06-13T03:14:57.198+0000][1][safepoint    ] Entering safepoint region: Cleanup
[2022-06-13T03:14:57.199+0000][1][safepoint    ] Leaving safepoint region
[2022-06-13T03:14:57.199+0000][1][safepoint    ] Total time for which application threads were stopped: 0.0006057 seconds, Stopping threads took: 0.0002944 seconds
[2022-06-13T03:14:58.199+0000][1][safepoint    ] Application time: 1.0001489 seconds
[2022-06-13T03:14:58.200+0000][1][safepoint    ] Entering safepoint region: Cleanup
[2022-06-13T03:14:58.200+0000][1][safepoint    ] Leaving safepoint region
[2022-06-13T03:14:58.200+0000][1][safepoint    ] Total time for which application threads were stopped: 0.0006956 seconds, Stopping threads took: 0.0002932 seconds
[2022-06-13T03:14:59.201+0000][1][safepoint    ] Application time: 1.0001880 seconds
[2022-06-13T03:14:59.201+0000][1][safepoint    ] Entering safepoint region: Cleanup
[2022-06-13T03:14:59.202+0000][1][safepoint    ] Leaving safepoint region
[2022-06-13T03:14:59.202+0000][1][safepoint    ] Total time for which application threads were stopped: 0.0005677 seconds, Stopping threads took: 0.0002586 seconds
[2022-06-13T03:15:00.202+0000][1][safepoint    ] Application time: 1.0001884 seconds
[2022-06-13T03:15:00.203+0000][1][safepoint    ] Entering safepoint region: Cleanup
[2022-06-13T03:15:00.204+0000][1][safepoint    ] Leaving safepoint region
[2022-06-13T03:15:00.204+0000][1][safepoint    ] Total time for which application threads were stopped: 0.0007599 seconds, Stopping threads took: 0.0003634 seconds
[2022-06-13T03:15:01.204+0000][1][safepoint    ] Application time: 1.0001428 seconds
[2022-06-13T03:15:01.205+0000][1][safepoint    ] Entering safepoint region: Cleanup
[2022-06-13T03:15:01.205+0000][1][safepoint    ] Leaving safepoint region
[2022-06-13T03:15:01.206+0000][1][safepoint    ] Total time for which application threads were stopped: 0.0007999 seconds, Stopping threads took: 0.0002663 seconds
[2022-06-13T03:15:02.206+0000][1][safepoint    ] Application time: 1.0003056 seconds
[2022-06-13T03:15:02.207+0000][1][safepoint    ] Entering safepoint region: Cleanup
[2022-06-13T03:15:02.207+0000][1][safepoint    ] Leaving safepoint region
[2022-06-13T03:15:02.208+0000][1][safepoint    ] Total time for which application threads were stopped: 0.0007834 seconds, Stopping threads took: 0.0003572 seconds
[2022-06-13T03:15:03.209+0000][1][safepoint    ] Application time: 1.0002605 seconds
[2022-06-13T03:15:03.209+0000][1][safepoint    ] Entering safepoint region: Cleanup
[2022-06-13T03:15:03.210+0000][1][safepoint    ] Leaving safepoint region
[2022-06-13T03:15:03.210+0000][1][safepoint    ] Total time for which application threads were stopped: 0.0010487 seconds, Stopping threads took: 0.0004282 seconds
[2022-06-13T03:15:04.211+0000][1][safepoint    ] Application time: 1.0002438 seconds
[2022-06-13T03:15:04.212+0000][1][safepoint    ] Entering safepoint region: Cleanup
[2022-06-13T03:15:04.212+0000][1][safepoint    ] Leaving safepoint region
[2022-06-13T03:15:04.212+0000][1][safepoint    ] Total time for which application threads were stopped: 0.0007803 seconds, Stopping threads took: 0.0003598 seconds
[2022-06-13T03:15:05.213+0000][1][safepoint    ] Application time: 1.0001799 seconds
[2022-06-13T03:15:05.213+0000][1][safepoint    ] Entering safepoint region: Cleanup
[2022-06-13T03:15:05.213+0000][1][safepoint    ] Leaving safepoint region
[2022-06-13T03:15:05.214+0000][1][safepoint    ] Total time for which application threads were stopped: 0.0004915 seconds, Stopping threads took: 0.0002336 seconds
[2022-06-13T03:15:06.214+0000][1][safepoint    ] Application time: 1.0002928 seconds
[2022-06-13T03:15:06.215+0000][1][safepoint    ] Entering safepoint region: Cleanup
[2022-06-13T03:15:06.216+0000][1][safepoint    ] Leaving safepoint region
[2022-06-13T03:15:06.216+0000][1][safepoint    ] Total time for which application threads were stopped: 0.0014136 seconds, Stopping threads took: 0.0007384 seconds
[2022-06-13T03:15:07.217+0000][1][safepoint    ] Application time: 1.0002140 seconds
[2022-06-13T03:15:07.217+0000][1][safepoint    ] Entering safepoint region: Cleanup
[2022-06-13T03:15:07.218+0000][1][safepoint    ] Leaving safepoint region
[2022-06-13T03:15:07.218+0000][1][safepoint    ] Total time for which application threads were stopped: 0.0006234 seconds, Stopping threads took: 0.0002734 seconds
[2022-06-13T03:15:08.218+0000][1][safepoint    ] Application time: 1.0001412 seconds
[2022-06-13T03:15:08.219+0000][1][safepoint    ] Entering safepoint region: Cleanup
[2022-06-13T03:15:08.219+0000][1][safepoint    ] Leaving safepoint region
[2022-06-13T03:15:08.220+0000][1][safepoint    ] Total time for which application threads were stopped: 0.0009788 seconds, Stopping threads took: 0.0003738 seconds
[2022-06-13T03:15:09.220+0000][1][safepoint    ] Application time: 1.0001795 seconds
[2022-06-13T03:15:09.221+0000][1][safepoint    ] Entering safepoint region: Cleanup
[2022-06-13T03:15:09.222+0000][1][safepoint    ] Leaving safepoint region
[2022-06-13T03:15:09.222+0000][1][safepoint    ] Total time for which application threads were stopped: 0.0011683 seconds, Stopping threads took: 0.0005536 seconds
[2022-06-13T03:15:10.223+0000][1][safepoint    ] Application time: 1.0001838 seconds
[2022-06-13T03:15:10.223+0000][1][safepoint    ] Entering safepoint region: Cleanup
[2022-06-13T03:15:10.224+0000][1][safepoint    ] Leaving safepoint region
[2022-06-13T03:15:10.224+0000][1][safepoint    ] Total time for which application threads were stopped: 0.0008001 seconds, Stopping threads took: 0.0003326 seconds
[2022-06-13T03:15:11.225+0000][1][safepoint    ] Application time: 1.0001006 seconds
[2022-06-13T03:15:11.225+0000][1][safepoint    ] Entering safepoint region: Cleanup
[2022-06-13T03:15:11.225+0000][1][safepoint    ] Leaving safepoint region
[2022-06-13T03:15:11.225+0000][1][safepoint    ] Total time for which application threads were stopped: 0.0003436 seconds, Stopping threads took: 0.0001260 seconds
[2022-06-13T03:15:12.226+0000][1][safepoint    ] Application time: 1.0004340 seconds
[2022-06-13T03:15:12.226+0000][1][safepoint    ] Entering safepoint region: Cleanup
[2022-06-13T03:15:12.227+0000][1][safepoint    ] Leaving safepoint region
[2022-06-13T03:15:12.227+0000][1][safepoint    ] Total time for which application threads were stopped: 0.0007237 seconds, Stopping threads took: 0.0004059 seconds
[2022-06-13T03:15:13.227+0000][1][safepoint    ] Application time: 1.0001180 seconds
[2022-06-13T03:15:13.228+0000][1][safepoint    ] Entering safepoint region: Cleanup
[2022-06-13T03:15:13.228+0000][1][safepoint    ] Leaving safepoint region
[2022-06-13T03:15:13.228+0000][1][safepoint    ] Total time for which application threads were stopped: 0.0005378 seconds, Stopping threads took: 0.0001981 seconds
[2022-06-13T03:15:14.229+0000][1][safepoint    ] Application time: 1.0002547 seconds
[2022-06-13T03:15:14.230+0000][1][safepoint    ] Entering safepoint region: Cleanup
[2022-06-13T03:15:14.230+0000][1][safepoint    ] Leaving safepoint region
[2022-06-13T03:15:14.231+0000][1][safepoint    ] Total time for which application threads were stopped: 0.0015137 seconds, Stopping threads took: 0.0006922 seconds
[2022-06-13T03:15:15.232+0000][1][safepoint    ] Application time: 1.0002732 seconds
[2022-06-13T03:15:15.232+0000][1][safepoint    ] Entering safepoint region: Cleanup
[2022-06-13T03:15:15.233+0000][1][safepoint    ] Leaving safepoint region
[2022-06-13T03:15:15.233+0000][1][safepoint    ] Total time for which application threads were stopped: 0.0006070 seconds, Stopping threads took: 0.0002972 seconds
[2022-06-13T03:15:16.233+0000][1][safepoint    ] Application time: 1.0002127 seconds
[2022-06-13T03:15:16.234+0000][1][safepoint    ] Entering safepoint region: Cleanup
[2022-06-13T03:15:16.234+0000][1][safepoint    ] Leaving safepoint region
[2022-06-13T03:15:16.235+0000][1][safepoint    ] Total time for which application threads were stopped: 0.0007625 seconds, Stopping threads took: 0.0003594 seconds
[2022-06-13T03:15:17.235+0000][1][safepoint    ] Application time: 1.0002355 seconds
[2022-06-13T03:15:17.236+0000][1][safepoint    ] Entering safepoint region: Cleanup
[2022-06-13T03:15:17.236+0000][1][safepoint    ] Leaving safepoint region
[2022-06-13T03:15:17.237+0000][1][safepoint    ] Total time for which application threads were stopped: 0.0007000 seconds, Stopping threads took: 0.0003784 seconds
[2022-06-13T03:15:18.237+0000][1][safepoint    ] Application time: 1.0002026 seconds
[2022-06-13T03:15:18.238+0000][1][safepoint    ] Entering safepoint region: Cleanup
[2022-06-13T03:15:18.238+0000][1][safepoint    ] Leaving safepoint region
[2022-06-13T03:15:18.239+0000][1][safepoint    ] Total time for which application threads were stopped: 0.0009558 seconds, Stopping threads took: 0.0003949 seconds
[2022-06-13T03:15:19.239+0000][1][safepoint    ] Application time: 1.0001308 seconds
[2022-06-13T03:15:19.240+0000][1][safepoint    ] Entering safepoint region: Cleanup
[2022-06-13T03:15:19.240+0000][1][safepoint    ] Leaving safepoint region
[2022-06-13T03:15:19.241+0000][1][safepoint    ] Total time for which application threads were stopped: 0.0009862 seconds, Stopping threads took: 0.0004758 seconds
[2022-06-13T03:15:20.241+0000][1][safepoint    ] Application time: 1.0002567 seconds
[2022-06-13T03:15:20.242+0000][1][safepoint    ] Entering safepoint region: Cleanup
[2022-06-13T03:15:20.243+0000][1][safepoint    ] Leaving safepoint region
[2022-06-13T03:15:20.243+0000][1][safepoint    ] Total time for which application threads were stopped: 0.0010471 seconds, Stopping threads took: 0.0005708 seconds
[2022-06-13T03:15:21.244+0000][1][safepoint    ] Application time: 1.0002168 seconds
[2022-06-13T03:15:21.244+0000][1][safepoint    ] Entering safepoint region: Cleanup
[2022-06-13T03:15:21.245+0000][1][safepoint    ] Leaving safepoint region
[2022-06-13T03:15:21.245+0000][1][safepoint    ] Total time for which application threads were stopped: 0.0010920 seconds, Stopping threads took: 0.0006089 seconds
[2022-06-13T03:15:22.246+0000][1][safepoint    ] Application time: 1.0002229 seconds
[2022-06-13T03:15:22.247+0000][1][safepoint    ] Entering safepoint region: Cleanup
[2022-06-13T03:15:22.247+0000][1][safepoint    ] Leaving safepoint region
[2022-06-13T03:15:22.247+0000][1][safepoint    ] Total time for which application threads were stopped: 0.0008841 seconds, Stopping threads took: 0.0004303 seconds
[2022-06-13T03:15:23.248+0000][1][safepoint    ] Application time: 1.0001310 seconds
[2022-06-13T03:15:23.248+0000][1][safepoint    ] Entering safepoint region: Cleanup
[2022-06-13T03:15:23.249+0000][1][safepoint    ] Leaving safepoint region
[2022-06-13T03:15:23.249+0000][1][safepoint    ] Total time for which application threads were stopped: 0.0005361 seconds, Stopping threads took: 0.0002325 seconds
[2022-06-13T03:15:24.249+0000][1][safepoint    ] Application time: 1.0003236 seconds
[2022-06-13T03:15:24.250+0000][1][safepoint    ] Entering safepoint region: Cleanup
[2022-06-13T03:15:24.251+0000][1][safepoint    ] Leaving safepoint region
[2022-06-13T03:15:24.251+0000][1][safepoint    ] Total time for which application threads were stopped: 0.0009204 seconds, Stopping threads took: 0.0003542 seconds
[2022-06-13T03:15:25.252+0000][1][safepoint    ] Application time: 1.0002555 seconds
[2022-06-13T03:15:25.252+0000][1][safepoint    ] Entering safepoint region: Cleanup
[2022-06-13T03:15:25.252+0000][1][safepoint    ] Leaving safepoint region
[2022-06-13T03:15:25.252+0000][1][safepoint    ] Total time for which application threads were stopped: 0.0003651 seconds, Stopping threads took: 0.0001663 seconds
[2022-06-13T03:15:26.253+0000][1][safepoint    ] Application time: 1.0002273 seconds
[2022-06-13T03:15:26.253+0000][1][safepoint    ] Entering safepoint region: Cleanup
[2022-06-13T03:15:26.254+0000][1][safepoint    ] Leaving safepoint region
[2022-06-13T03:15:26.254+0000][1][safepoint    ] Total time for which application threads were stopped: 0.0010446 seconds, Stopping threads took: 0.0005007 seconds
[2022-06-13T03:15:27.255+0000][1][safepoint    ] Application time: 1.0001666 seconds
[2022-06-13T03:15:27.255+0000][1][safepoint    ] Entering safepoint region: Cleanup
[2022-06-13T03:15:27.256+0000][1][safepoint    ] Leaving safepoint region
[2022-06-13T03:15:27.256+0000][1][safepoint    ] Total time for which application threads were stopped: 0.0008667 seconds, Stopping threads took: 0.0004052 seconds
[2022-06-13T03:15:28.257+0000][1][safepoint    ] Application time: 1.0002372 seconds
[2022-06-13T03:15:28.258+0000][1][safepoint    ] Entering safepoint region: Cleanup
[2022-06-13T03:15:28.258+0000][1][safepoint    ] Leaving safepoint region
[2022-06-13T03:15:28.259+0000][1][safepoint    ] Total time for which application threads were stopped: 0.0007131 seconds, Stopping threads took: 0.0002921 seconds
[2022-06-13T03:15:29.259+0000][1][safepoint    ] Application time: 1.0001158 seconds
[2022-06-13T03:15:29.273+0000][1][safepoint    ] Entering safepoint region: Cleanup
[2022-06-13T03:15:29.274+0000][1][safepoint    ] Leaving safepoint region
[2022-06-13T03:15:29.274+0000][1][safepoint    ] Total time for which application threads were stopped: 0.0007725 seconds, Stopping threads took: 0.0004417 seconds
[2022-06-13T03:15:30.274+0000][1][safepoint    ] Application time: 1.0002007 seconds
[2022-06-13T03:15:30.275+0000][1][safepoint    ] Entering safepoint region: Cleanup
[2022-06-13T03:15:30.275+0000][1][safepoint    ] Leaving safepoint region
[2022-06-13T03:15:30.276+0000][1][safepoint    ] Total time for which application threads were stopped: 0.0010341 seconds, Stopping threads took: 0.0004718 seconds
[2022-06-13T03:15:31.277+0000][1][safepoint    ] Application time: 1.0003635 seconds
[2022-06-13T03:15:31.277+0000][1][safepoint    ] Entering safepoint region: Cleanup
[2022-06-13T03:15:31.278+0000][1][safepoint    ] Leaving safepoint region
[2022-06-13T03:15:31.278+0000][1][safepoint    ] Total time for which application threads were stopped: 0.0008179 seconds, Stopping threads took: 0.0003896 seconds
[2022-06-13T03:15:32.279+0000][1][safepoint    ] Application time: 1.0002697 seconds
[2022-06-13T03:15:32.279+0000][1][safepoint    ] Entering safepoint region: Cleanup
[2022-06-13T03:15:32.280+0000][1][safepoint    ] Leaving safepoint region
[2022-06-13T03:15:32.280+0000][1][safepoint    ] Total time for which application threads were stopped: 0.0006443 seconds, Stopping threads took: 0.0003053 seconds
[2022-06-13T03:15:33.280+0000][1][safepoint    ] Application time: 1.0002621 seconds
[2022-06-13T03:15:33.281+0000][1][safepoint    ] Entering safepoint region: Cleanup
[2022-06-13T03:15:33.281+0000][1][safepoint    ] Leaving safepoint region
[2022-06-13T03:15:33.282+0000][1][safepoint    ] Total time for which application threads were stopped: 0.0008632 seconds, Stopping threads took: 0.0003942 seconds
[2022-06-13T03:15:34.282+0000][1][safepoint    ] Application time: 1.0003062 seconds
[2022-06-13T03:15:34.283+0000][1][safepoint    ] Entering safepoint region: Cleanup
[2022-06-13T03:15:34.284+0000][1][safepoint    ] Leaving safepoint region
[2022-06-13T03:15:34.284+0000][1][safepoint    ] Total time for which application threads were stopped: 0.0011797 seconds, Stopping threads took: 0.0005673 seconds
[2022-06-13T03:15:35.285+0000][1][safepoint    ] Application time: 1.0001672 seconds
[2022-06-13T03:15:35.285+0000][1][safepoint    ] Entering safepoint region: Cleanup
[2022-06-13T03:15:35.285+0000][1][safepoint    ] Leaving safepoint region
[2022-06-13T03:15:35.286+0000][1][safepoint    ] Total time for which application threads were stopped: 0.0006098 seconds, Stopping threads took: 0.0002331 seconds
[2022-06-13T03:15:36.286+0000][1][safepoint    ] Application time: 1.0002374 seconds
[2022-06-13T03:15:36.287+0000][1][safepoint    ] Entering safepoint region: Cleanup
[2022-06-13T03:15:36.287+0000][1][safepoint    ] Leaving safepoint region
[2022-06-13T03:15:36.287+0000][1][safepoint    ] Total time for which application threads were stopped: 0.0004957 seconds, Stopping threads took: 0.0002914 seconds
[2022-06-13T03:15:37.288+0000][1][safepoint    ] Application time: 1.0001357 seconds
[2022-06-13T03:15:37.288+0000][1][safepoint    ] Entering safepoint region: Cleanup
[2022-06-13T03:15:37.289+0000][1][safepoint    ] Leaving safepoint region
[2022-06-13T03:15:37.290+0000][1][safepoint    ] Total time for which application threads were stopped: 0.0012431 seconds, Stopping threads took: 0.0005908 seconds
[2022-06-13T03:15:38.290+0000][1][safepoint    ] Application time: 1.0002390 seconds
[2022-06-13T03:15:38.291+0000][1][safepoint    ] Entering safepoint region: Cleanup
[2022-06-13T03:15:38.292+0000][1][safepoint    ] Leaving safepoint region
[2022-06-13T03:15:38.293+0000][1][safepoint    ] Total time for which application threads were stopped: 0.0014833 seconds, Stopping threads took: 0.0007021 seconds
[2022-06-13T03:15:39.293+0000][1][safepoint    ] Application time: 1.0001179 seconds
[2022-06-13T03:15:39.294+0000][1][safepoint    ] Entering safepoint region: Cleanup
[2022-06-13T03:15:39.294+0000][1][safepoint    ] Leaving safepoint region
[2022-06-13T03:15:39.294+0000][1][safepoint    ] Total time for which application threads were stopped: 0.0007789 seconds, Stopping threads took: 0.0004116 seconds
[2022-06-13T03:15:40.295+0000][1][safepoint    ] Application time: 1.0001373 seconds
[2022-06-13T03:15:40.296+0000][1][safepoint    ] Entering safepoint region: Cleanup
[2022-06-13T03:15:40.296+0000][1][safepoint    ] Leaving safepoint region
[2022-06-13T03:15:40.297+0000][1][safepoint    ] Total time for which application threads were stopped: 0.0011890 seconds, Stopping threads took: 0.0004743 seconds
[2022-06-13T03:15:41.298+0000][1][safepoint    ] Application time: 1.0003185 seconds
[2022-06-13T03:15:41.299+0000][1][safepoint    ] Entering safepoint region: Cleanup
[2022-06-13T03:15:41.299+0000][1][safepoint    ] Leaving safepoint region
[2022-06-13T03:15:41.299+0000][1][safepoint    ] Total time for which application threads were stopped: 0.0006064 seconds, Stopping threads took: 0.0001705 seconds
[2022-06-13T03:15:42.300+0000][1][safepoint    ] Application time: 1.0002104 seconds
[2022-06-13T03:15:42.300+0000][1][safepoint    ] Entering safepoint region: Cleanup
[2022-06-13T03:15:42.301+0000][1][safepoint    ] Leaving safepoint region
[2022-06-13T03:15:42.301+0000][1][safepoint    ] Total time for which application threads were stopped: 0.0007590 seconds, Stopping threads took: 0.0003659 seconds
[2022-06-13T03:15:43.301+0000][1][safepoint    ] Application time: 1.0002067 seconds
[2022-06-13T03:15:43.302+0000][1][safepoint    ] Entering safepoint region: Cleanup
[2022-06-13T03:15:43.303+0000][1][safepoint    ] Leaving safepoint region
[2022-06-13T03:15:43.303+0000][1][safepoint    ] Total time for which application threads were stopped: 0.0010487 seconds, Stopping threads took: 0.0005075 seconds
[2022-06-13T03:15:44.304+0000][1][safepoint    ] Application time: 1.0002607 seconds
[2022-06-13T03:15:44.304+0000][1][safepoint    ] Entering safepoint region: Cleanup
[2022-06-13T03:15:44.305+0000][1][safepoint    ] Leaving safepoint region
[2022-06-13T03:15:44.305+0000][1][safepoint    ] Total time for which application threads were stopped: 0.0006755 seconds, Stopping threads took: 0.0003264 seconds
[2022-06-13T03:15:45.306+0000][1][safepoint    ] Application time: 1.0003176 seconds
[2022-06-13T03:15:45.307+0000][1][safepoint    ] Entering safepoint region: Cleanup
[2022-06-13T03:15:45.307+0000][1][safepoint    ] Leaving safepoint region
[2022-06-13T03:15:45.308+0000][1][safepoint    ] Total time for which application threads were stopped: 0.0012111 seconds, Stopping threads took: 0.0005216 seconds
[2022-06-13T03:15:46.308+0000][1][safepoint    ] Application time: 1.0001592 seconds
[2022-06-13T03:15:46.309+0000][1][safepoint    ] Entering safepoint region: Cleanup
[2022-06-13T03:15:46.309+0000][1][safepoint    ] Leaving safepoint region
[2022-06-13T03:15:46.310+0000][1][safepoint    ] Total time for which application threads were stopped: 0.0008840 seconds, Stopping threads took: 0.0004697 seconds
[2022-06-13T03:15:47.310+0000][1][safepoint    ] Application time: 1.0002735 seconds
[2022-06-13T03:15:47.311+0000][1][safepoint    ] Entering safepoint region: Cleanup
[2022-06-13T03:15:47.311+0000][1][safepoint    ] Leaving safepoint region
[2022-06-13T03:15:47.311+0000][1][safepoint    ] Total time for which application threads were stopped: 0.0007387 seconds, Stopping threads took: 0.0003546 seconds
[2022-06-13T03:15:48.312+0000][1][safepoint    ] Application time: 1.0002287 seconds
[2022-06-13T03:15:48.312+0000][1][safepoint    ] Entering safepoint region: Cleanup
[2022-06-13T03:15:48.313+0000][1][safepoint    ] Leaving safepoint region
[2022-06-13T03:15:48.313+0000][1][safepoint    ] Total time for which application threads were stopped: 0.0007103 seconds, Stopping threads took: 0.0003200 seconds
[2022-06-13T03:15:49.313+0000][1][safepoint    ] Application time: 1.0001842 seconds
[2022-06-13T03:15:49.314+0000][1][safepoint    ] Entering safepoint region: Cleanup
[2022-06-13T03:15:49.314+0000][1][safepoint    ] Leaving safepoint region
[2022-06-13T03:15:49.314+0000][1][safepoint    ] Total time for which application threads were stopped: 0.0004889 seconds, Stopping threads took: 0.0002290 seconds
[2022-06-13T03:15:50.315+0000][1][safepoint    ] Application time: 1.0001478 seconds
[2022-06-13T03:15:50.315+0000][1][safepoint    ] Entering safepoint region: Cleanup
[2022-06-13T03:15:50.316+0000][1][safepoint    ] Leaving safepoint region
[2022-06-13T03:15:50.316+0000][1][safepoint    ] Total time for which application threads were stopped: 0.0013074 seconds, Stopping threads took: 0.0006023 seconds
[2022-06-13T03:15:51.317+0000][1][safepoint    ] Application time: 1.0002288 seconds
[2022-06-13T03:15:51.318+0000][1][safepoint    ] Entering safepoint region: Cleanup
[2022-06-13T03:15:51.319+0000][1][safepoint    ] Leaving safepoint region
[2022-06-13T03:15:51.319+0000][1][safepoint    ] Total time for which application threads were stopped: 0.0011989 seconds, Stopping threads took: 0.0005574 seconds
[2022-06-13T03:15:52.320+0000][1][safepoint    ] Application time: 1.0001811 seconds
[2022-06-13T03:15:52.320+0000][1][safepoint    ] Entering safepoint region: Cleanup
[2022-06-13T03:15:52.321+0000][1][safepoint    ] Leaving safepoint region
[2022-06-13T03:15:52.321+0000][1][safepoint    ] Total time for which application threads were stopped: 0.0008396 seconds, Stopping threads took: 0.0003687 seconds
[2022-06-13T03:15:53.322+0000][1][safepoint    ] Application time: 1.0002458 seconds
[2022-06-13T03:15:53.322+0000][1][safepoint    ] Entering safepoint region: Cleanup
[2022-06-13T03:15:53.322+0000][1][safepoint    ] Leaving safepoint region
[2022-06-13T03:15:53.323+0000][1][safepoint    ] Total time for which application threads were stopped: 0.0005893 seconds, Stopping threads took: 0.0002865 seconds
[2022-06-13T03:15:54.323+0000][1][safepoint    ] Application time: 1.0001964 seconds
[2022-06-13T03:15:54.324+0000][1][safepoint    ] Entering safepoint region: Cleanup
[2022-06-13T03:15:54.324+0000][1][safepoint    ] Leaving safepoint region
[2022-06-13T03:15:54.324+0000][1][safepoint    ] Total time for which application threads were stopped: 0.0007567 seconds, Stopping threads took: 0.0003465 seconds
[2022-06-13T03:15:55.325+0000][1][safepoint    ] Application time: 1.0001197 seconds
[2022-06-13T03:15:55.326+0000][1][safepoint    ] Entering safepoint region: Cleanup
[2022-06-13T03:15:55.326+0000][1][safepoint    ] Leaving safepoint region
[2022-06-13T03:15:55.326+0000][1][safepoint    ] Total time for which application threads were stopped: 0.0004750 seconds, Stopping threads took: 0.0002759 seconds
[2022-06-13T03:15:56.327+0000][1][safepoint    ] Application time: 1.0002317 seconds
[2022-06-13T03:15:56.327+0000][1][safepoint    ] Entering safepoint region: Cleanup
[2022-06-13T03:15:56.328+0000][1][safepoint    ] Leaving safepoint region
[2022-06-13T03:15:56.328+0000][1][safepoint    ] Total time for which application threads were stopped: 0.0010158 seconds, Stopping threads took: 0.0005090 seconds
[2022-06-13T03:15:57.329+0000][1][safepoint    ] Application time: 1.0001813 seconds
[2022-06-13T03:15:57.329+0000][1][safepoint    ] Entering safepoint region: Cleanup
[2022-06-13T03:15:57.330+0000][1][safepoint    ] Leaving safepoint region
[2022-06-13T03:15:57.330+0000][1][safepoint    ] Total time for which application threads were stopped: 0.0007755 seconds, Stopping threads took: 0.0003419 seconds
[2022-06-13T03:15:58.331+0000][1][safepoint    ] Application time: 1.0002333 seconds
[2022-06-13T03:15:58.331+0000][1][safepoint    ] Entering safepoint region: Cleanup
[2022-06-13T03:15:58.332+0000][1][safepoint    ] Leaving safepoint region
[2022-06-13T03:15:58.332+0000][1][safepoint    ] Total time for which application threads were stopped: 0.0007002 seconds, Stopping threads took: 0.0003087 seconds
[2022-06-13T03:15:59.332+0000][1][safepoint    ] Application time: 1.0001699 seconds
[2022-06-13T03:15:59.333+0000][1][safepoint    ] Entering safepoint region: Cleanup
[2022-06-13T03:15:59.333+0000][1][safepoint    ] Leaving safepoint region
[2022-06-13T03:15:59.333+0000][1][safepoint    ] Total time for which application threads were stopped: 0.0005883 seconds, Stopping threads took: 0.0002950 seconds
[2022-06-13T03:16:00.334+0000][1][safepoint    ] Application time: 1.0001415 seconds
[2022-06-13T03:16:00.334+0000][1][safepoint    ] Entering safepoint region: Cleanup
[2022-06-13T03:16:00.335+0000][1][safepoint    ] Leaving safepoint region
[2022-06-13T03:16:00.335+0000][1][safepoint    ] Total time for which application threads were stopped: 0.0005377 seconds, Stopping threads took: 0.0002619 seconds
[2022-06-13T03:16:01.335+0000][1][safepoint    ] Application time: 1.0002248 seconds
[2022-06-13T03:16:01.336+0000][1][safepoint    ] Entering safepoint region: Cleanup
[2022-06-13T03:16:01.336+0000][1][safepoint    ] Leaving safepoint region
[2022-06-13T03:16:01.336+0000][1][safepoint    ] Total time for which application threads were stopped: 0.0007227 seconds, Stopping threads took: 0.0003591 seconds
[2022-06-13T03:16:02.337+0000][1][safepoint    ] Application time: 1.0002207 seconds
[2022-06-13T03:16:02.337+0000][1][safepoint    ] Entering safepoint region: Cleanup
[2022-06-13T03:16:02.338+0000][1][safepoint    ] Leaving safepoint region
[2022-06-13T03:16:02.339+0000][1][safepoint    ] Total time for which application threads were stopped: 0.0011797 seconds, Stopping threads took: 0.0004418 seconds
[2022-06-13T03:16:03.339+0000][1][safepoint    ] Application time: 1.0001149 seconds
[2022-06-13T03:16:03.340+0000][1][safepoint    ] Entering safepoint region: Cleanup
[2022-06-13T03:16:03.340+0000][1][safepoint    ] Leaving safepoint region
[2022-06-13T03:16:03.340+0000][1][safepoint    ] Total time for which application threads were stopped: 0.0003985 seconds, Stopping threads took: 0.0001556 seconds
[2022-06-13T03:16:04.341+0000][1][safepoint    ] Application time: 1.0002378 seconds
[2022-06-13T03:16:04.341+0000][1][safepoint    ] Entering safepoint region: Cleanup
[2022-06-13T03:16:04.342+0000][1][safepoint    ] Leaving safepoint region
[2022-06-13T03:16:04.342+0000][1][safepoint    ] Total time for which application threads were stopped: 0.0008246 seconds, Stopping threads took: 0.0004101 seconds
[2022-06-13T03:16:05.343+0000][1][safepoint    ] Application time: 1.0001496 seconds
[2022-06-13T03:16:05.343+0000][1][safepoint    ] Entering safepoint region: Cleanup
[2022-06-13T03:16:05.344+0000][1][safepoint    ] Leaving safepoint region
[2022-06-13T03:16:05.344+0000][1][safepoint    ] Total time for which application threads were stopped: 0.0007616 seconds, Stopping threads took: 0.0003272 seconds
[2022-06-13T03:16:06.345+0000][1][safepoint    ] Application time: 1.0001831 seconds
[2022-06-13T03:16:06.345+0000][1][safepoint    ] Entering safepoint region: Cleanup
[2022-06-13T03:16:06.346+0000][1][safepoint    ] Leaving safepoint region
[2022-06-13T03:16:06.346+0000][1][safepoint    ] Total time for which application threads were stopped: 0.0006343 seconds, Stopping threads took: 0.0003676 seconds
[2022-06-13T03:16:07.346+0000][1][safepoint    ] Application time: 1.0002372 seconds
[2022-06-13T03:16:07.347+0000][1][safepoint    ] Entering safepoint region: Cleanup
[2022-06-13T03:16:07.348+0000][1][safepoint    ] Leaving safepoint region
[2022-06-13T03:16:07.348+0000][1][safepoint    ] Total time for which application threads were stopped: 0.0014542 seconds, Stopping threads took: 0.0007086 seconds
[2022-06-13T03:16:08.349+0000][1][safepoint    ] Application time: 1.0002036 seconds
[2022-06-13T03:16:08.350+0000][1][safepoint    ] Entering safepoint region: Cleanup
[2022-06-13T03:16:08.350+0000][1][safepoint    ] Leaving safepoint region
[2022-06-13T03:16:08.351+0000][1][safepoint    ] Total time for which application threads were stopped: 0.0008935 seconds, Stopping threads took: 0.0004184 seconds
[2022-06-13T03:16:09.351+0000][1][safepoint    ] Application time: 1.0002656 seconds
[2022-06-13T03:16:09.352+0000][1][safepoint    ] Entering safepoint region: Cleanup
[2022-06-13T03:16:09.352+0000][1][safepoint    ] Leaving safepoint region
[2022-06-13T03:16:09.353+0000][1][safepoint    ] Total time for which application threads were stopped: 0.0007830 seconds, Stopping threads took: 0.0003460 seconds
[2022-06-13T03:16:11.025+0000][1][safepoint    ] Application time: 1.6714309 seconds
[2022-06-13T03:16:11.025+0000][1][safepoint    ] Entering safepoint region: Cleanup
[2022-06-13T03:16:11.026+0000][1][safepoint    ] Leaving safepoint region
[2022-06-13T03:16:11.027+0000][1][safepoint    ] Total time for which application threads were stopped: 0.0012203 seconds, Stopping threads took: 0.0005219 seconds
[2022-06-13T03:16:12.027+0000][1][safepoint    ] Application time: 1.0002534 seconds
[2022-06-13T03:16:12.028+0000][1][safepoint    ] Entering safepoint region: Cleanup
[2022-06-13T03:16:12.029+0000][1][safepoint    ] Leaving safepoint region
[2022-06-13T03:16:12.030+0000][1][safepoint    ] Total time for which application threads were stopped: 0.0012746 seconds, Stopping threads took: 0.0005196 seconds
[2022-06-13T03:16:13.030+0000][1][safepoint    ] Application time: 1.0002531 seconds
[2022-06-13T03:16:13.031+0000][1][safepoint    ] Entering safepoint region: Cleanup
[2022-06-13T03:16:13.032+0000][1][safepoint    ] Leaving safepoint region
[2022-06-13T03:16:13.032+0000][1][safepoint    ] Total time for which application threads were stopped: 0.0011655 seconds, Stopping threads took: 0.0004887 seconds
[2022-06-13T03:16:14.033+0000][1][safepoint    ] Application time: 1.0002345 seconds
[2022-06-13T03:16:14.034+0000][1][safepoint    ] Entering safepoint region: Cleanup
[2022-06-13T03:16:14.034+0000][1][safepoint    ] Leaving safepoint region
[2022-06-13T03:16:14.035+0000][1][safepoint    ] Total time for which application threads were stopped: 0.0013705 seconds, Stopping threads took: 0.0006676 seconds
[2022-06-13T03:16:15.036+0000][1][safepoint    ] Application time: 1.0001173 seconds
[2022-06-13T03:16:15.036+0000][1][safepoint    ] Entering safepoint region: Cleanup
[2022-06-13T03:16:15.036+0000][1][safepoint    ] Leaving safepoint region
[2022-06-13T03:16:15.037+0000][1][safepoint    ] Total time for which application threads were stopped: 0.0004086 seconds, Stopping threads took: 0.0001522 seconds
[2022-06-13T03:16:16.037+0000][1][safepoint    ] Application time: 1.0002613 seconds
[2022-06-13T03:16:16.038+0000][1][safepoint    ] Entering safepoint region: Cleanup
[2022-06-13T03:16:16.038+0000][1][safepoint    ] Leaving safepoint region
[2022-06-13T03:16:16.038+0000][1][safepoint    ] Total time for which application threads were stopped: 0.0007651 seconds, Stopping threads took: 0.0003576 seconds
[2022-06-13T03:16:17.039+0000][1][safepoint    ] Application time: 1.0001237 seconds
[2022-06-13T03:16:17.039+0000][1][safepoint    ] Entering safepoint region: Cleanup
[2022-06-13T03:16:17.040+0000][1][safepoint    ] Leaving safepoint region
[2022-06-13T03:16:17.040+0000][1][safepoint    ] Total time for which application threads were stopped: 0.0007690 seconds, Stopping threads took: 0.0003453 seconds
[2022-06-13T03:16:18.040+0000][1][safepoint    ] Application time: 1.0001753 seconds
[2022-06-13T03:16:18.041+0000][1][safepoint    ] Entering safepoint region: Cleanup
[2022-06-13T03:16:18.041+0000][1][safepoint    ] Leaving safepoint region
[2022-06-13T03:16:18.041+0000][1][safepoint    ] Total time for which application threads were stopped: 0.0006174 seconds, Stopping threads took: 0.0003052 seconds
[2022-06-13T03:16:19.042+0000][1][safepoint    ] Application time: 1.0001118 seconds
[2022-06-13T03:16:19.042+0000][1][safepoint    ] Entering safepoint region: Cleanup
[2022-06-13T03:16:19.042+0000][1][safepoint    ] Leaving safepoint region
[2022-06-13T03:16:19.043+0000][1][safepoint    ] Total time for which application threads were stopped: 0.0005500 seconds, Stopping threads took: 0.0002722 seconds
[2022-06-13T03:16:20.043+0000][1][safepoint    ] Application time: 1.0001767 seconds
[2022-06-13T03:16:20.044+0000][1][safepoint    ] Entering safepoint region: Cleanup
[2022-06-13T03:16:20.044+0000][1][safepoint    ] Leaving safepoint region
[2022-06-13T03:16:20.044+0000][1][safepoint    ] Total time for which application threads were stopped: 0.0006534 seconds, Stopping threads took: 0.0003170 seconds
[2022-06-13T03:16:21.045+0000][1][safepoint    ] Application time: 1.0002369 seconds
[2022-06-13T03:16:21.045+0000][1][safepoint    ] Entering safepoint region: Cleanup
[2022-06-13T03:16:21.045+0000][1][safepoint    ] Leaving safepoint region
[2022-06-13T03:16:21.046+0000][1][safepoint    ] Total time for which application threads were stopped: 0.0004555 seconds, Stopping threads took: 0.0002162 seconds
[2022-06-13T03:16:22.046+0000][1][safepoint    ] Application time: 1.0002068 seconds
[2022-06-13T03:16:22.047+0000][1][safepoint    ] Entering safepoint region: Cleanup
[2022-06-13T03:16:22.047+0000][1][safepoint    ] Leaving safepoint region
[2022-06-13T03:16:22.048+0000][1][safepoint    ] Total time for which application threads were stopped: 0.0009002 seconds, Stopping threads took: 0.0004778 seconds
[2022-06-13T03:16:23.049+0000][1][safepoint    ] Application time: 1.0002279 seconds
[2022-06-13T03:16:23.049+0000][1][safepoint    ] Entering safepoint region: Cleanup
[2022-06-13T03:16:23.049+0000][1][safepoint    ] Leaving safepoint region
[2022-06-13T03:16:23.049+0000][1][safepoint    ] Total time for which application threads were stopped: 0.0004567 seconds, Stopping threads took: 0.0001835 seconds
[2022-06-13T03:16:24.050+0000][1][safepoint    ] Application time: 1.0002285 seconds
[2022-06-13T03:16:24.050+0000][1][safepoint    ] Entering safepoint region: Cleanup
[2022-06-13T03:16:24.051+0000][1][safepoint    ] Leaving safepoint region
[2022-06-13T03:16:24.051+0000][1][safepoint    ] Total time for which application threads were stopped: 0.0007184 seconds, Stopping threads took: 0.0003464 seconds
[2022-06-13T03:16:25.052+0000][1][safepoint    ] Application time: 1.0002763 seconds
[2022-06-13T03:16:25.052+0000][1][safepoint    ] Entering safepoint region: Cleanup
[2022-06-13T03:16:25.052+0000][1][safepoint    ] Leaving safepoint region
[2022-06-13T03:16:25.053+0000][1][safepoint    ] Total time for which application threads were stopped: 0.0008883 seconds, Stopping threads took: 0.0003306 seconds
[2022-06-13T03:16:26.053+0000][1][safepoint    ] Application time: 1.0002146 seconds
[2022-06-13T03:16:26.054+0000][1][safepoint    ] Entering safepoint region: Cleanup
[2022-06-13T03:16:26.055+0000][1][safepoint    ] Leaving safepoint region
[2022-06-13T03:16:26.055+0000][1][safepoint    ] Total time for which application threads were stopped: 0.0010124 seconds, Stopping threads took: 0.0004326 seconds
[2022-06-13T03:16:27.056+0000][1][safepoint    ] Application time: 1.0002152 seconds
[2022-06-13T03:16:27.056+0000][1][safepoint    ] Entering safepoint region: Cleanup
[2022-06-13T03:16:27.057+0000][1][safepoint    ] Leaving safepoint region
[2022-06-13T03:16:27.057+0000][1][safepoint    ] Total time for which application threads were stopped: 0.0005282 seconds, Stopping threads took: 0.0002365 seconds
[2022-06-13T03:16:28.057+0000][1][safepoint    ] Application time: 1.0002644 seconds
[2022-06-13T03:16:28.058+0000][1][safepoint    ] Entering safepoint region: Cleanup
[2022-06-13T03:16:28.058+0000][1][safepoint    ] Leaving safepoint region
[2022-06-13T03:16:28.059+0000][1][safepoint    ] Total time for which application threads were stopped: 0.0007316 seconds, Stopping threads took: 0.0003719 seconds
[2022-06-13T03:16:29.059+0000][1][safepoint    ] Application time: 1.0001900 seconds
[2022-06-13T03:16:29.060+0000][1][safepoint    ] Entering safepoint region: Cleanup
[2022-06-13T03:16:29.060+0000][1][safepoint    ] Leaving safepoint region
[2022-06-13T03:16:29.060+0000][1][safepoint    ] Total time for which application threads were stopped: 0.0005753 seconds, Stopping threads took: 0.0003059 seconds
[2022-06-13T03:16:30.061+0000][1][safepoint    ] Application time: 1.0001669 seconds
[2022-06-13T03:16:30.061+0000][1][safepoint    ] Entering safepoint region: Cleanup
[2022-06-13T03:16:30.061+0000][1][safepoint    ] Leaving safepoint region
[2022-06-13T03:16:30.061+0000][1][safepoint    ] Total time for which application threads were stopped: 0.0005803 seconds, Stopping threads took: 0.0002743 seconds
[2022-06-13T03:16:31.062+0000][1][safepoint    ] Application time: 1.0002619 seconds
[2022-06-13T03:16:31.062+0000][1][safepoint    ] Entering safepoint region: Cleanup
[2022-06-13T03:16:31.063+0000][1][safepoint    ] Leaving safepoint region
[2022-06-13T03:16:31.063+0000][1][safepoint    ] Total time for which application threads were stopped: 0.0005507 seconds, Stopping threads took: 0.0002607 seconds
[2022-06-13T03:16:32.063+0000][1][safepoint    ] Application time: 1.0002018 seconds
[2022-06-13T03:16:32.064+0000][1][safepoint    ] Entering safepoint region: Cleanup
[2022-06-13T03:16:32.064+0000][1][safepoint    ] Leaving safepoint region
[2022-06-13T03:16:32.065+0000][1][safepoint    ] Total time for which application threads were stopped: 0.0011120 seconds, Stopping threads took: 0.0005257 seconds
[2022-06-13T03:16:33.065+0000][1][safepoint    ] Application time: 1.0002201 seconds
[2022-06-13T03:16:33.066+0000][1][safepoint    ] Entering safepoint region: Cleanup
[2022-06-13T03:16:33.066+0000][1][safepoint    ] Leaving safepoint region
[2022-06-13T03:16:33.067+0000][1][safepoint    ] Total time for which application threads were stopped: 0.0013647 seconds, Stopping threads took: 0.0006138 seconds
[2022-06-13T03:16:34.068+0000][1][safepoint    ] Application time: 1.0002762 seconds
[2022-06-13T03:16:34.069+0000][1][safepoint    ] Entering safepoint region: Cleanup
[2022-06-13T03:16:34.069+0000][1][safepoint    ] Leaving safepoint region
[2022-06-13T03:16:34.070+0000][1][safepoint    ] Total time for which application threads were stopped: 0.0013784 seconds, Stopping threads took: 0.0006274 seconds
[2022-06-13T03:16:35.071+0000][1][safepoint    ] Application time: 1.0002108 seconds
[2022-06-13T03:16:35.072+0000][1][safepoint    ] Entering safepoint region: Cleanup
[2022-06-13T03:16:35.073+0000][1][safepoint    ] Leaving safepoint region
[2022-06-13T03:16:35.073+0000][1][safepoint    ] Total time for which application threads were stopped: 0.0013728 seconds, Stopping threads took: 0.0006656 seconds
[2022-06-13T03:16:36.074+0000][1][safepoint    ] Application time: 1.0002083 seconds
[2022-06-13T03:16:36.074+0000][1][safepoint    ] Entering safepoint region: Cleanup
[2022-06-13T03:16:36.075+0000][1][safepoint    ] Leaving safepoint region
[2022-06-13T03:16:36.075+0000][1][safepoint    ] Total time for which application threads were stopped: 0.0009126 seconds, Stopping threads took: 0.0003899 seconds
[2022-06-13T03:16:37.076+0000][1][safepoint    ] Application time: 1.0002385 seconds
[2022-06-13T03:16:37.077+0000][1][safepoint    ] Entering safepoint region: Cleanup
[2022-06-13T03:16:37.077+0000][1][safepoint    ] Leaving safepoint region
[2022-06-13T03:16:37.077+0000][1][safepoint    ] Total time for which application threads were stopped: 0.0008978 seconds, Stopping threads took: 0.0004221 seconds
[2022-06-13T03:16:38.078+0000][1][safepoint    ] Application time: 1.0002326 seconds
[2022-06-13T03:16:38.078+0000][1][safepoint    ] Entering safepoint region: Cleanup
[2022-06-13T03:16:38.079+0000][1][safepoint    ] Leaving safepoint region
[2022-06-13T03:16:38.079+0000][1][safepoint    ] Total time for which application threads were stopped: 0.0008345 seconds, Stopping threads took: 0.0003868 seconds
[2022-06-13T03:16:39.080+0000][1][safepoint    ] Application time: 1.0002218 seconds
[2022-06-13T03:16:39.081+0000][1][safepoint    ] Entering safepoint region: Cleanup
[2022-06-13T03:16:39.081+0000][1][safepoint    ] Leaving safepoint region
[2022-06-13T03:16:39.082+0000][1][safepoint    ] Total time for which application threads were stopped: 0.0012310 seconds, Stopping threads took: 0.0005562 seconds
[2022-06-13T03:16:40.083+0000][1][safepoint    ] Application time: 1.0002441 seconds
[2022-06-13T03:16:40.084+0000][1][safepoint    ] Entering safepoint region: Cleanup
[2022-06-13T03:16:40.084+0000][1][safepoint    ] Leaving safepoint region
[2022-06-13T03:16:40.085+0000][1][safepoint    ] Total time for which application threads were stopped: 0.0013709 seconds, Stopping threads took: 0.0005825 seconds
[2022-06-13T03:16:41.086+0000][1][safepoint    ] Application time: 1.0001932 seconds
[2022-06-13T03:16:41.087+0000][1][safepoint    ] Entering safepoint region: Cleanup
[2022-06-13T03:16:41.087+0000][1][safepoint    ] Leaving safepoint region
[2022-06-13T03:16:41.088+0000][1][safepoint    ] Total time for which application threads were stopped: 0.0015119 seconds, Stopping threads took: 0.0005616 seconds
[2022-06-13T03:16:42.089+0000][1][safepoint    ] Application time: 1.0002620 seconds
[2022-06-13T03:16:42.089+0000][1][safepoint    ] Entering safepoint region: Cleanup
[2022-06-13T03:16:42.090+0000][1][safepoint    ] Leaving safepoint region
[2022-06-13T03:16:42.090+0000][1][safepoint    ] Total time for which application threads were stopped: 0.0006892 seconds, Stopping threads took: 0.0003078 seconds
[2022-06-13T03:16:43.090+0000][1][safepoint    ] Application time: 1.0001438 seconds
[2022-06-13T03:16:43.091+0000][1][safepoint    ] Entering safepoint region: Cleanup
[2022-06-13T03:16:43.092+0000][1][safepoint    ] Leaving safepoint region
[2022-06-13T03:16:43.093+0000][1][safepoint    ] Total time for which application threads were stopped: 0.0015253 seconds, Stopping threads took: 0.0007690 seconds
[2022-06-13T03:16:44.093+0000][1][safepoint    ] Application time: 1.0002139 seconds
[2022-06-13T03:16:44.094+0000][1][safepoint    ] Entering safepoint region: Cleanup
[2022-06-13T03:16:44.094+0000][1][safepoint    ] Leaving safepoint region
[2022-06-13T03:16:44.095+0000][1][safepoint    ] Total time for which application threads were stopped: 0.0005819 seconds, Stopping threads took: 0.0003198 seconds
[2022-06-13T03:16:45.095+0000][1][safepoint    ] Application time: 1.0002023 seconds
[2022-06-13T03:16:45.096+0000][1][safepoint    ] Entering safepoint region: Cleanup
[2022-06-13T03:16:45.096+0000][1][safepoint    ] Leaving safepoint region
[2022-06-13T03:16:45.096+0000][1][safepoint    ] Total time for which application threads were stopped: 0.0005749 seconds, Stopping threads took: 0.0002544 seconds
[2022-06-13T03:16:46.097+0000][1][safepoint    ] Application time: 1.0001870 seconds
[2022-06-13T03:16:46.097+0000][1][safepoint    ] Entering safepoint region: Cleanup
[2022-06-13T03:16:46.098+0000][1][safepoint    ] Leaving safepoint region
[2022-06-13T03:16:46.098+0000][1][safepoint    ] Total time for which application threads were stopped: 0.0006706 seconds, Stopping threads took: 0.0003531 seconds
[2022-06-13T03:16:47.099+0000][1][safepoint    ] Application time: 1.0003533 seconds
[2022-06-13T03:16:47.100+0000][1][safepoint    ] Entering safepoint region: Cleanup
[2022-06-13T03:16:47.100+0000][1][safepoint    ] Leaving safepoint region
[2022-06-13T03:16:47.101+0000][1][safepoint    ] Total time for which application threads were stopped: 0.0015628 seconds, Stopping threads took: 0.0007708 seconds
[2022-06-13T03:16:48.102+0000][1][safepoint    ] Application time: 1.0002414 seconds
[2022-06-13T03:16:48.102+0000][1][safepoint    ] Entering safepoint region: Cleanup
[2022-06-13T03:16:48.103+0000][1][safepoint    ] Leaving safepoint region
[2022-06-13T03:16:48.103+0000][1][safepoint    ] Total time for which application threads were stopped: 0.0006393 seconds, Stopping threads took: 0.0002976 seconds
[2022-06-13T03:16:49.104+0000][1][safepoint    ] Application time: 1.0002324 seconds
[2022-06-13T03:16:49.104+0000][1][safepoint    ] Entering safepoint region: Cleanup
[2022-06-13T03:16:49.104+0000][1][safepoint    ] Leaving safepoint region
[2022-06-13T03:16:49.105+0000][1][safepoint    ] Total time for which application threads were stopped: 0.0006398 seconds, Stopping threads took: 0.0003122 seconds
[2022-06-13T03:16:50.105+0000][1][safepoint    ] Application time: 1.0002143 seconds
[2022-06-13T03:16:50.106+0000][1][safepoint    ] Entering safepoint region: Cleanup
[2022-06-13T03:16:50.106+0000][1][safepoint    ] Leaving safepoint region
[2022-06-13T03:16:50.106+0000][1][safepoint    ] Total time for which application threads were stopped: 0.0006926 seconds, Stopping threads took: 0.0003322 seconds
[2022-06-13T03:16:51.107+0000][1][safepoint    ] Application time: 1.0002707 seconds
[2022-06-13T03:16:51.107+0000][1][safepoint    ] Entering safepoint region: Cleanup
[2022-06-13T03:16:51.108+0000][1][safepoint    ] Leaving safepoint region
[2022-06-13T03:16:51.108+0000][1][safepoint    ] Total time for which application threads were stopped: 0.0006518 seconds, Stopping threads took: 0.0003364 seconds
[2022-06-13T03:16:52.349+0000][1][safepoint    ] Application time: 1.2407522 seconds
[2022-06-13T03:16:52.349+0000][1][safepoint    ] Entering safepoint region: Cleanup
[2022-06-13T03:16:52.350+0000][1][safepoint    ] Leaving safepoint region
[2022-06-13T03:16:52.350+0000][1][safepoint    ] Total time for which application threads were stopped: 0.0006114 seconds, Stopping threads took: 0.0003240 seconds
[2022-06-13T03:16:53.350+0000][1][safepoint    ] Application time: 1.0001161 seconds
[2022-06-13T03:16:53.351+0000][1][safepoint    ] Entering safepoint region: Cleanup
[2022-06-13T03:16:53.351+0000][1][safepoint    ] Leaving safepoint region
[2022-06-13T03:16:53.352+0000][1][safepoint    ] Total time for which application threads were stopped: 0.0010096 seconds, Stopping threads took: 0.0004816 seconds
[2022-06-13T03:16:54.352+0000][1][safepoint    ] Application time: 1.0001461 seconds
[2022-06-13T03:16:54.353+0000][1][safepoint    ] Entering safepoint region: Cleanup
[2022-06-13T03:16:54.354+0000][1][safepoint    ] Leaving safepoint region
[2022-06-13T03:16:54.354+0000][1][safepoint    ] Total time for which application threads were stopped: 0.0014127 seconds, Stopping threads took: 0.0006466 seconds
[2022-06-13T03:16:55.246+0000][1][safepoint    ] Application time: 0.8906455 seconds
[2022-06-13T03:16:55.246+0000][1][safepoint    ] Entering safepoint region: GenCollectForAllocation
[2022-06-13T03:16:55.247+0000][1][gc,start     ] GC(25) Pause Young (Allocation Failure)
[2022-06-13T03:16:55.247+0000][1][gc,task      ] GC(25) Using 5 workers of 13 for evacuation
[2022-06-13T03:16:55.250+0000][1][gc,age       ] GC(25) Desired survivor size 4456448 bytes, new threshold 6 (max threshold 6)
[2022-06-13T03:16:55.250+0000][1][gc,age       ] GC(25) Age table with threshold 6 (max threshold 6)
[2022-06-13T03:16:55.251+0000][1][gc,age       ] GC(25) - age   1:       7928 bytes,       7928 total
[2022-06-13T03:16:55.251+0000][1][gc,age       ] GC(25) - age   2:       6848 bytes,      14776 total
[2022-06-13T03:16:55.252+0000][1][gc,age       ] GC(25) - age   3:     250192 bytes,     264968 total
[2022-06-13T03:16:55.252+0000][1][gc,age       ] GC(25) - age   4:    1945704 bytes,    2210672 total
[2022-06-13T03:16:55.253+0000][1][gc,heap      ] GC(25) ParNew: 73112K->3494K(78656K)
[2022-06-13T03:16:55.253+0000][1][gc,heap      ] GC(25) CMS: 67823K->67823K(174784K)
[2022-06-13T03:16:55.253+0000][1][gc,metaspace ] GC(25) Metaspace: 68060K->68060K(1112064K)
[2022-06-13T03:16:55.254+0000][1][gc           ] GC(25) Pause Young (Allocation Failure) 137M->69M(247M) 6.994ms
[2022-06-13T03:16:55.254+0000][1][gc,cpu       ] GC(25) User=0.01s Sys=0.00s Real=0.01s
[2022-06-13T03:16:55.255+0000][1][safepoint    ] Leaving safepoint region
[2022-06-13T03:16:55.255+0000][1][safepoint    ] Total time for which application threads were stopped: 0.0090943 seconds, Stopping threads took: 0.0006352 seconds
[2022-06-13T03:16:56.256+0000][1][safepoint    ] Application time: 1.0001999 seconds
[2022-06-13T03:16:56.256+0000][1][safepoint    ] Entering safepoint region: Cleanup
[2022-06-13T03:16:56.257+0000][1][safepoint    ] Leaving safepoint region
[2022-06-13T03:16:56.257+0000][1][safepoint    ] Total time for which application threads were stopped: 0.0007400 seconds, Stopping threads took: 0.0004223 seconds
[2022-06-13T03:16:57.257+0000][1][safepoint    ] Application time: 1.0002056 seconds
[2022-06-13T03:16:57.258+0000][1][safepoint    ] Entering safepoint region: Cleanup
[2022-06-13T03:16:57.258+0000][1][safepoint    ] Leaving safepoint region
[2022-06-13T03:16:57.258+0000][1][safepoint    ] Total time for which application threads were stopped: 0.0004982 seconds, Stopping threads took: 0.0002399 seconds
[2022-06-13T03:16:58.259+0000][1][safepoint    ] Application time: 1.0003059 seconds
[2022-06-13T03:16:58.259+0000][1][safepoint    ] Entering safepoint region: Cleanup
[2022-06-13T03:16:58.260+0000][1][safepoint    ] Leaving safepoint region
[2022-06-13T03:16:58.260+0000][1][safepoint    ] Total time for which application threads were stopped: 0.0006791 seconds, Stopping threads took: 0.0003226 seconds
[2022-06-13T03:16:59.260+0000][1][safepoint    ] Application time: 1.0001626 seconds
[2022-06-13T03:16:59.261+0000][1][safepoint    ] Entering safepoint region: Cleanup
[2022-06-13T03:16:59.261+0000][1][safepoint    ] Leaving safepoint region
[2022-06-13T03:16:59.262+0000][1][safepoint    ] Total time for which application threads were stopped: 0.0007933 seconds, Stopping threads took: 0.0003571 seconds
[2022-06-13T03:17:00.262+0000][1][safepoint    ] Application time: 1.0002589 seconds
[2022-06-13T03:17:00.263+0000][1][safepoint    ] Entering safepoint region: Cleanup
[2022-06-13T03:17:00.263+0000][1][safepoint    ] Leaving safepoint region
[2022-06-13T03:17:00.264+0000][1][safepoint    ] Total time for which application threads were stopped: 0.0010564 seconds, Stopping threads took: 0.0005507 seconds
[2022-06-13T03:17:01.264+0000][1][safepoint    ] Application time: 1.0001500 seconds
[2022-06-13T03:17:01.265+0000][1][safepoint    ] Entering safepoint region: Cleanup
[2022-06-13T03:17:01.266+0000][1][safepoint    ] Leaving safepoint region
[2022-06-13T03:17:01.266+0000][1][safepoint    ] Total time for which application threads were stopped: 0.0010197 seconds, Stopping threads took: 0.0004764 seconds
[2022-06-13T03:17:02.267+0000][1][safepoint    ] Application time: 1.0003499 seconds
[2022-06-13T03:17:02.267+0000][1][safepoint    ] Entering safepoint region: Cleanup
[2022-06-13T03:17:02.267+0000][1][safepoint    ] Leaving safepoint region
[2022-06-13T03:17:02.268+0000][1][safepoint    ] Total time for which application threads were stopped: 0.0005073 seconds, Stopping threads took: 0.0002140 seconds
[2022-06-13T03:17:03.268+0000][1][safepoint    ] Application time: 1.0002338 seconds
[2022-06-13T03:17:03.269+0000][1][safepoint    ] Entering safepoint region: Cleanup
[2022-06-13T03:17:03.269+0000][1][safepoint    ] Leaving safepoint region
[2022-06-13T03:17:03.270+0000][1][safepoint    ] Total time for which application threads were stopped: 0.0009520 seconds, Stopping threads took: 0.0004016 seconds
[2022-06-13T03:17:04.271+0000][1][safepoint    ] Application time: 1.0003343 seconds
[2022-06-13T03:17:04.271+0000][1][safepoint    ] Entering safepoint region: Cleanup
[2022-06-13T03:17:04.271+0000][1][safepoint    ] Leaving safepoint region
[2022-06-13T03:17:04.271+0000][1][safepoint    ] Total time for which application threads were stopped: 0.0005523 seconds, Stopping threads took: 0.0002324 seconds
[2022-06-13T03:17:05.272+0000][1][safepoint    ] Application time: 1.0001002 seconds
[2022-06-13T03:17:05.272+0000][1][safepoint    ] Entering safepoint region: Cleanup
[2022-06-13T03:17:05.273+0000][1][safepoint    ] Leaving safepoint region
[2022-06-13T03:17:05.273+0000][1][safepoint    ] Total time for which application threads were stopped: 0.0007836 seconds, Stopping threads took: 0.0003801 seconds
[2022-06-13T03:17:06.274+0000][1][safepoint    ] Application time: 1.0002797 seconds
[2022-06-13T03:17:06.274+0000][1][safepoint    ] Entering safepoint region: Cleanup
[2022-06-13T03:17:06.275+0000][1][safepoint    ] Leaving safepoint region
[2022-06-13T03:17:06.275+0000][1][safepoint    ] Total time for which application threads were stopped: 0.0008733 seconds, Stopping threads took: 0.0004194 seconds
[2022-06-13T03:17:07.276+0000][1][safepoint    ] Application time: 1.0002101 seconds
[2022-06-13T03:17:07.276+0000][1][safepoint    ] Entering safepoint region: Cleanup
[2022-06-13T03:17:07.277+0000][1][safepoint    ] Leaving safepoint region
[2022-06-13T03:17:07.277+0000][1][safepoint    ] Total time for which application threads were stopped: 0.0009641 seconds, Stopping threads took: 0.0006191 seconds
[2022-06-13T03:17:08.278+0000][1][safepoint    ] Application time: 1.0002053 seconds
[2022-06-13T03:17:08.278+0000][1][safepoint    ] Entering safepoint region: Cleanup
[2022-06-13T03:17:08.278+0000][1][safepoint    ] Leaving safepoint region
[2022-06-13T03:17:08.278+0000][1][safepoint    ] Total time for which application threads were stopped: 0.0003058 seconds, Stopping threads took: 0.0001263 seconds
[2022-06-13T03:17:09.279+0000][1][safepoint    ] Application time: 1.0002397 seconds
[2022-06-13T03:17:09.279+0000][1][safepoint    ] Entering safepoint region: Cleanup
[2022-06-13T03:17:09.280+0000][1][safepoint    ] Leaving safepoint region
[2022-06-13T03:17:09.280+0000][1][safepoint    ] Total time for which application threads were stopped: 0.0008959 seconds, Stopping threads took: 0.0004879 seconds
[2022-06-13T03:17:10.281+0000][1][safepoint    ] Application time: 1.0001908 seconds
[2022-06-13T03:17:10.281+0000][1][safepoint    ] Entering safepoint region: Cleanup
[2022-06-13T03:17:10.282+0000][1][safepoint    ] Leaving safepoint region
[2022-06-13T03:17:10.283+0000][1][safepoint    ] Total time for which application threads were stopped: 0.0013777 seconds, Stopping threads took: 0.0006913 seconds
[2022-06-13T03:17:12.194+0000][1][safepoint    ] Application time: 1.9102464 seconds
[2022-06-13T03:17:12.194+0000][1][safepoint    ] Entering safepoint region: Cleanup
[2022-06-13T03:17:12.194+0000][1][safepoint    ] Leaving safepoint region
[2022-06-13T03:17:12.194+0000][1][safepoint    ] Total time for which application threads were stopped: 0.0007080 seconds, Stopping threads took: 0.0002975 seconds
[2022-06-13T03:17:13.195+0000][1][safepoint    ] Application time: 1.0002087 seconds
[2022-06-13T03:17:13.195+0000][1][safepoint    ] Entering safepoint region: Cleanup
[2022-06-13T03:17:13.196+0000][1][safepoint    ] Leaving safepoint region
[2022-06-13T03:17:13.196+0000][1][safepoint    ] Total time for which application threads were stopped: 0.0006028 seconds, Stopping threads took: 0.0003472 seconds
[2022-06-13T03:17:14.196+0000][1][safepoint    ] Application time: 1.0002824 seconds
[2022-06-13T03:17:14.197+0000][1][safepoint    ] Entering safepoint region: Cleanup
[2022-06-13T03:17:14.197+0000][1][safepoint    ] Leaving safepoint region
[2022-06-13T03:17:14.197+0000][1][safepoint    ] Total time for which application threads were stopped: 0.0007618 seconds, Stopping threads took: 0.0003579 seconds
[2022-06-13T03:17:15.198+0000][1][safepoint    ] Application time: 1.0001794 seconds
[2022-06-13T03:17:15.198+0000][1][safepoint    ] Entering safepoint region: Cleanup
[2022-06-13T03:17:15.199+0000][1][safepoint    ] Leaving safepoint region
[2022-06-13T03:17:15.199+0000][1][safepoint    ] Total time for which application threads were stopped: 0.0007705 seconds, Stopping threads took: 0.0004535 seconds
[2022-06-13T03:17:16.200+0000][1][safepoint    ] Application time: 1.0001898 seconds
[2022-06-13T03:17:16.200+0000][1][safepoint    ] Entering safepoint region: Cleanup
[2022-06-13T03:17:16.201+0000][1][safepoint    ] Leaving safepoint region
[2022-06-13T03:17:16.201+0000][1][safepoint    ] Total time for which application threads were stopped: 0.0009084 seconds, Stopping threads took: 0.0004194 seconds
[2022-06-13T03:17:17.202+0000][1][safepoint    ] Application time: 1.0002297 seconds
[2022-06-13T03:17:17.202+0000][1][safepoint    ] Entering safepoint region: Cleanup
[2022-06-13T03:17:17.203+0000][1][safepoint    ] Leaving safepoint region
[2022-06-13T03:17:17.203+0000][1][safepoint    ] Total time for which application threads were stopped: 0.0011784 seconds, Stopping threads took: 0.0004644 seconds
[2022-06-13T03:17:18.204+0000][1][safepoint    ] Application time: 1.0001962 seconds
[2022-06-13T03:17:18.204+0000][1][safepoint    ] Entering safepoint region: Cleanup
[2022-06-13T03:17:18.205+0000][1][safepoint    ] Leaving safepoint region
[2022-06-13T03:17:18.205+0000][1][safepoint    ] Total time for which application threads were stopped: 0.0009269 seconds, Stopping threads took: 0.0005077 seconds
[2022-06-13T03:17:19.206+0000][1][safepoint    ] Application time: 1.0002490 seconds
[2022-06-13T03:17:19.206+0000][1][safepoint    ] Entering safepoint region: Cleanup
[2022-06-13T03:17:19.207+0000][1][safepoint    ] Leaving safepoint region
[2022-06-13T03:17:19.207+0000][1][safepoint    ] Total time for which application threads were stopped: 0.0009886 seconds, Stopping threads took: 0.0005209 seconds
[2022-06-13T03:17:20.208+0000][1][safepoint    ] Application time: 1.0001124 seconds
[2022-06-13T03:17:20.208+0000][1][safepoint    ] Entering safepoint region: Cleanup
[2022-06-13T03:17:20.209+0000][1][safepoint    ] Leaving safepoint region
[2022-06-13T03:17:20.209+0000][1][safepoint    ] Total time for which application threads were stopped: 0.0008920 seconds, Stopping threads took: 0.0004101 seconds
[2022-06-13T03:17:21.210+0000][1][safepoint    ] Application time: 1.0002273 seconds
[2022-06-13T03:17:21.210+0000][1][safepoint    ] Entering safepoint region: Cleanup
[2022-06-13T03:17:21.211+0000][1][safepoint    ] Leaving safepoint region
[2022-06-13T03:17:21.212+0000][1][safepoint    ] Total time for which application threads were stopped: 0.0012159 seconds, Stopping threads took: 0.0005475 seconds
[2022-06-13T03:17:22.212+0000][1][safepoint    ] Application time: 1.0002697 seconds
[2022-06-13T03:17:22.213+0000][1][safepoint    ] Entering safepoint region: Cleanup
[2022-06-13T03:17:22.214+0000][1][safepoint    ] Leaving safepoint region
[2022-06-13T03:17:22.215+0000][1][safepoint    ] Total time for which application threads were stopped: 0.0012871 seconds, Stopping threads took: 0.0006680 seconds
[2022-06-13T03:17:23.215+0000][1][safepoint    ] Application time: 1.0002186 seconds
[2022-06-13T03:17:23.216+0000][1][safepoint    ] Entering safepoint region: Cleanup
[2022-06-13T03:17:23.217+0000][1][safepoint    ] Leaving safepoint region
[2022-06-13T03:17:23.217+0000][1][safepoint    ] Total time for which application threads were stopped: 0.0009790 seconds, Stopping threads took: 0.0005185 seconds
[2022-06-13T03:17:23.718+0000][1][safepoint    ] Application time: 0.5010019 seconds
[2022-06-13T03:17:23.719+0000][1][safepoint    ] Entering safepoint region: RevokeBias
[2022-06-13T03:17:23.719+0000][1][safepoint    ] Leaving safepoint region
[2022-06-13T03:17:23.719+0000][1][safepoint    ] Total time for which application threads were stopped: 0.0004504 seconds, Stopping threads took: 0.0002104 seconds
[2022-06-13T03:17:23.719+0000][1][safepoint    ] Application time: 0.0001725 seconds
[2022-06-13T03:17:23.720+0000][1][safepoint    ] Entering safepoint region: RevokeBias
[2022-06-13T03:17:23.720+0000][1][safepoint    ] Leaving safepoint region
[2022-06-13T03:17:23.720+0000][1][safepoint    ] Total time for which application threads were stopped: 0.0005349 seconds, Stopping threads took: 0.0002167 seconds
[2022-06-13T03:17:23.721+0000][1][safepoint    ] Application time: 0.0008386 seconds
[2022-06-13T03:17:23.721+0000][1][safepoint    ] Entering safepoint region: RevokeBias
[2022-06-13T03:17:23.721+0000][1][safepoint    ] Leaving safepoint region
[2022-06-13T03:17:23.722+0000][1][safepoint    ] Total time for which application threads were stopped: 0.0003106 seconds, Stopping threads took: 0.0001579 seconds
[2022-06-13T03:17:23.722+0000][1][safepoint    ] Application time: 0.0001345 seconds
[2022-06-13T03:17:23.722+0000][1][safepoint    ] Entering safepoint region: RevokeBias
[2022-06-13T03:17:23.722+0000][1][safepoint    ] Leaving safepoint region
[2022-06-13T03:17:23.722+0000][1][safepoint    ] Total time for which application threads were stopped: 0.0004358 seconds, Stopping threads took: 0.0002362 seconds
[2022-06-13T03:17:23.723+0000][1][safepoint    ] Application time: 0.0007876 seconds
[2022-06-13T03:17:23.724+0000][1][safepoint    ] Entering safepoint region: BulkRevokeBias
[2022-06-13T03:17:23.725+0000][1][safepoint    ] Leaving safepoint region
[2022-06-13T03:17:23.725+0000][1][safepoint    ] Total time for which application threads were stopped: 0.0012055 seconds, Stopping threads took: 0.0001897 seconds
[2022-06-13T03:17:23.725+0000][1][safepoint    ] Application time: 0.0003634 seconds
[2022-06-13T03:17:23.725+0000][1][safepoint    ] Entering safepoint region: RevokeBias
[2022-06-13T03:17:23.726+0000][1][safepoint    ] Leaving safepoint region
[2022-06-13T03:17:23.726+0000][1][safepoint    ] Total time for which application threads were stopped: 0.0005451 seconds, Stopping threads took: 0.0002831 seconds
[2022-06-13T03:17:23.726+0000][1][safepoint    ] Application time: 0.0004155 seconds
[2022-06-13T03:17:23.727+0000][1][safepoint    ] Entering safepoint region: RevokeBias
[2022-06-13T03:17:23.727+0000][1][safepoint    ] Leaving safepoint region
[2022-06-13T03:17:23.727+0000][1][safepoint    ] Total time for which application threads were stopped: 0.0006787 seconds, Stopping threads took: 0.0002440 seconds
[2022-06-13T03:17:23.728+0000][1][safepoint    ] Application time: 0.0007113 seconds
[2022-06-13T03:17:23.729+0000][1][safepoint    ] Entering safepoint region: RevokeBias
[2022-06-13T03:17:23.729+0000][1][safepoint    ] Leaving safepoint region
[2022-06-13T03:17:23.729+0000][1][safepoint    ] Total time for which application threads were stopped: 0.0008032 seconds, Stopping threads took: 0.0002139 seconds
[2022-06-13T03:17:23.731+0000][1][safepoint    ] Application time: 0.0013684 seconds
[2022-06-13T03:17:23.731+0000][1][safepoint    ] Entering safepoint region: RevokeBias
[2022-06-13T03:17:23.731+0000][1][safepoint    ] Leaving safepoint region
[2022-06-13T03:17:23.731+0000][1][safepoint    ] Total time for which application threads were stopped: 0.0004426 seconds, Stopping threads took: 0.0002386 seconds
[2022-06-13T03:17:23.732+0000][1][safepoint    ] Application time: 0.0002117 seconds
[2022-06-13T03:17:23.732+0000][1][safepoint    ] Entering safepoint region: RevokeBias
[2022-06-13T03:17:23.732+0000][1][safepoint    ] Leaving safepoint region
[2022-06-13T03:17:23.733+0000][1][safepoint    ] Total time for which application threads were stopped: 0.0005986 seconds, Stopping threads took: 0.0004157 seconds
[2022-06-13T03:17:23.733+0000][1][safepoint    ] Application time: 0.0001452 seconds
[2022-06-13T03:17:23.733+0000][1][safepoint    ] Entering safepoint region: RevokeBias
[2022-06-13T03:17:23.733+0000][1][safepoint    ] Leaving safepoint region
[2022-06-13T03:17:23.734+0000][1][safepoint    ] Total time for which application threads were stopped: 0.0005267 seconds, Stopping threads took: 0.0002646 seconds
[2022-06-13T03:17:23.734+0000][1][safepoint    ] Application time: 0.0001601 seconds
[2022-06-13T03:17:23.734+0000][1][safepoint    ] Entering safepoint region: RevokeBias
[2022-06-13T03:17:23.735+0000][1][safepoint    ] Leaving safepoint region
[2022-06-13T03:17:23.735+0000][1][safepoint    ] Total time for which application threads were stopped: 0.0005871 seconds, Stopping threads took: 0.0003838 seconds
[2022-06-13T03:17:23.736+0000][1][safepoint    ] Application time: 0.0003575 seconds
[2022-06-13T03:17:23.736+0000][1][safepoint    ] Entering safepoint region: RevokeBias
[2022-06-13T03:17:23.736+0000][1][safepoint    ] Leaving safepoint region
[2022-06-13T03:17:23.737+0000][1][safepoint    ] Total time for which application threads were stopped: 0.0007031 seconds, Stopping threads took: 0.0002648 seconds
[2022-06-13T03:17:23.737+0000][1][safepoint    ] Application time: 0.0001751 seconds
[2022-06-13T03:17:23.737+0000][1][safepoint    ] Entering safepoint region: RevokeBias
[2022-06-13T03:17:23.738+0000][1][safepoint    ] Leaving safepoint region
[2022-06-13T03:17:23.738+0000][1][safepoint    ] Total time for which application threads were stopped: 0.0006868 seconds, Stopping threads took: 0.0003839 seconds
[2022-06-13T03:17:23.738+0000][1][safepoint    ] Application time: 0.0001060 seconds
[2022-06-13T03:17:23.739+0000][1][safepoint    ] Entering safepoint region: RevokeBias
[2022-06-13T03:17:23.739+0000][1][safepoint    ] Leaving safepoint region
[2022-06-13T03:17:23.739+0000][1][safepoint    ] Total time for which application threads were stopped: 0.0006335 seconds, Stopping threads took: 0.0003993 seconds
[2022-06-13T03:17:23.740+0000][1][safepoint    ] Application time: 0.0001576 seconds
[2022-06-13T03:17:23.740+0000][1][safepoint    ] Entering safepoint region: RevokeBias
[2022-06-13T03:17:23.740+0000][1][safepoint    ] Leaving safepoint region
[2022-06-13T03:17:23.740+0000][1][safepoint    ] Total time for which application threads were stopped: 0.0004687 seconds, Stopping threads took: 0.0001992 seconds
[2022-06-13T03:17:23.741+0000][1][safepoint    ] Application time: 0.0000921 seconds
[2022-06-13T03:17:23.741+0000][1][safepoint    ] Entering safepoint region: RevokeBias
[2022-06-13T03:17:23.741+0000][1][safepoint    ] Leaving safepoint region
[2022-06-13T03:17:23.741+0000][1][safepoint    ] Total time for which application threads were stopped: 0.0003855 seconds, Stopping threads took: 0.0001878 seconds
[2022-06-13T03:17:23.741+0000][1][safepoint    ] Application time: 0.0001121 seconds
[2022-06-13T03:17:23.742+0000][1][safepoint    ] Entering safepoint region: RevokeBias
[2022-06-13T03:17:23.742+0000][1][safepoint    ] Leaving safepoint region
[2022-06-13T03:17:23.742+0000][1][safepoint    ] Total time for which application threads were stopped: 0.0003505 seconds, Stopping threads took: 0.0001820 seconds
[2022-06-13T03:17:23.742+0000][1][safepoint    ] Application time: 0.0001695 seconds
[2022-06-13T03:17:23.743+0000][1][safepoint    ] Entering safepoint region: RevokeBias
[2022-06-13T03:17:23.743+0000][1][safepoint    ] Leaving safepoint region
[2022-06-13T03:17:23.743+0000][1][safepoint    ] Total time for which application threads were stopped: 0.0004708 seconds, Stopping threads took: 0.0001533 seconds
[2022-06-13T03:17:23.743+0000][1][safepoint    ] Application time: 0.0002879 seconds
[2022-06-13T03:17:23.744+0000][1][safepoint    ] Entering safepoint region: RevokeBias
[2022-06-13T03:17:23.744+0000][1][safepoint    ] Leaving safepoint region
[2022-06-13T03:17:23.744+0000][1][safepoint    ] Total time for which application threads were stopped: 0.0004584 seconds, Stopping threads took: 0.0002449 seconds
[2022-06-13T03:17:23.745+0000][1][safepoint    ] Application time: 0.0003187 seconds
[2022-06-13T03:17:23.745+0000][1][safepoint    ] Entering safepoint region: RevokeBias
[2022-06-13T03:17:23.745+0000][1][safepoint    ] Leaving safepoint region
[2022-06-13T03:17:23.746+0000][1][safepoint    ] Total time for which application threads were stopped: 0.0008486 seconds, Stopping threads took: 0.0004138 seconds
[2022-06-13T03:17:23.746+0000][1][safepoint    ] Application time: 0.0003341 seconds
[2022-06-13T03:17:23.747+0000][1][safepoint    ] Entering safepoint region: RevokeBias
[2022-06-13T03:17:23.747+0000][1][safepoint    ] Leaving safepoint region
[2022-06-13T03:17:23.747+0000][1][safepoint    ] Total time for which application threads were stopped: 0.0004306 seconds, Stopping threads took: 0.0002011 seconds
[2022-06-13T03:17:23.747+0000][1][safepoint    ] Application time: 0.0002850 seconds
[2022-06-13T03:17:23.748+0000][1][safepoint    ] Entering safepoint region: RevokeBias
[2022-06-13T03:17:23.748+0000][1][safepoint    ] Leaving safepoint region
[2022-06-13T03:17:23.748+0000][1][safepoint    ] Total time for which application threads were stopped: 0.0004072 seconds, Stopping threads took: 0.0002632 seconds
[2022-06-13T03:17:23.749+0000][1][safepoint    ] Application time: 0.0009799 seconds
[2022-06-13T03:17:23.749+0000][1][safepoint    ] Entering safepoint region: RevokeBias
[2022-06-13T03:17:23.750+0000][1][safepoint    ] Leaving safepoint region
[2022-06-13T03:17:23.750+0000][1][safepoint    ] Total time for which application threads were stopped: 0.0004208 seconds, Stopping threads took: 0.0002252 seconds
[2022-06-13T03:17:23.751+0000][1][safepoint    ] Application time: 0.0013378 seconds
[2022-06-13T03:17:23.751+0000][1][safepoint    ] Entering safepoint region: RevokeBias
[2022-06-13T03:17:23.752+0000][1][safepoint    ] Leaving safepoint region
[2022-06-13T03:17:23.752+0000][1][safepoint    ] Total time for which application threads were stopped: 0.0003924 seconds, Stopping threads took: 0.0001563 seconds
[2022-06-13T03:17:23.752+0000][1][safepoint    ] Application time: 0.0002842 seconds
[2022-06-13T03:17:23.752+0000][1][safepoint    ] Entering safepoint region: RevokeBias
[2022-06-13T03:17:23.753+0000][1][safepoint    ] Leaving safepoint region
[2022-06-13T03:17:23.753+0000][1][safepoint    ] Total time for which application threads were stopped: 0.0004779 seconds, Stopping threads took: 0.0001412 seconds
[2022-06-13T03:17:23.753+0000][1][safepoint    ] Application time: 0.0000973 seconds
[2022-06-13T03:17:23.753+0000][1][safepoint    ] Entering safepoint region: RevokeBias
[2022-06-13T03:17:23.754+0000][1][safepoint    ] Leaving safepoint region
[2022-06-13T03:17:23.754+0000][1][safepoint    ] Total time for which application threads were stopped: 0.0003948 seconds, Stopping threads took: 0.0001914 seconds
[2022-06-13T03:17:23.754+0000][1][safepoint    ] Application time: 0.0001206 seconds
[2022-06-13T03:17:23.754+0000][1][safepoint    ] Entering safepoint region: RevokeBias
[2022-06-13T03:17:23.755+0000][1][safepoint    ] Leaving safepoint region
[2022-06-13T03:17:23.755+0000][1][safepoint    ] Total time for which application threads were stopped: 0.0004053 seconds, Stopping threads took: 0.0002099 seconds
[2022-06-13T03:17:23.755+0000][1][safepoint    ] Application time: 0.0000789 seconds
[2022-06-13T03:17:23.755+0000][1][safepoint    ] Entering safepoint region: RevokeBias
[2022-06-13T03:17:23.756+0000][1][safepoint    ] Leaving safepoint region
[2022-06-13T03:17:23.756+0000][1][safepoint    ] Total time for which application threads were stopped: 0.0005041 seconds, Stopping threads took: 0.0002750 seconds
[2022-06-13T03:17:23.758+0000][1][safepoint    ] Application time: 0.0021823 seconds
[2022-06-13T03:17:23.758+0000][1][safepoint    ] Entering safepoint region: RevokeBias
[2022-06-13T03:17:23.759+0000][1][safepoint    ] Leaving safepoint region
[2022-06-13T03:17:23.759+0000][1][safepoint    ] Total time for which application threads were stopped: 0.0004199 seconds, Stopping threads took: 0.0002569 seconds
[2022-06-13T03:17:23.759+0000][1][safepoint    ] Application time: 0.0003315 seconds
[2022-06-13T03:17:23.759+0000][1][safepoint    ] Entering safepoint region: RevokeBias
[2022-06-13T03:17:23.760+0000][1][safepoint    ] Leaving safepoint region
[2022-06-13T03:17:23.760+0000][1][safepoint    ] Total time for which application threads were stopped: 0.0003803 seconds, Stopping threads took: 0.0002081 seconds
[2022-06-13T03:17:23.760+0000][1][safepoint    ] Application time: 0.0003564 seconds
[2022-06-13T03:17:23.760+0000][1][safepoint    ] Entering safepoint region: RevokeBias
[2022-06-13T03:17:23.761+0000][1][safepoint    ] Leaving safepoint region
[2022-06-13T03:17:23.761+0000][1][safepoint    ] Total time for which application threads were stopped: 0.0003386 seconds, Stopping threads took: 0.0001541 seconds
[2022-06-13T03:17:23.761+0000][1][safepoint    ] Application time: 0.0002689 seconds
[2022-06-13T03:17:23.761+0000][1][safepoint    ] Entering safepoint region: RevokeBias
[2022-06-13T03:17:23.762+0000][1][safepoint    ] Leaving safepoint region
[2022-06-13T03:17:23.762+0000][1][safepoint    ] Total time for which application threads were stopped: 0.0003714 seconds, Stopping threads took: 0.0002002 seconds
[2022-06-13T03:17:23.762+0000][1][safepoint    ] Application time: 0.0001764 seconds
[2022-06-13T03:17:23.762+0000][1][safepoint    ] Entering safepoint region: RevokeBias
[2022-06-13T03:17:23.762+0000][1][safepoint    ] Leaving safepoint region
[2022-06-13T03:17:23.763+0000][1][safepoint    ] Total time for which application threads were stopped: 0.0004436 seconds, Stopping threads took: 0.0001339 seconds
[2022-06-13T03:17:23.763+0000][1][safepoint    ] Application time: 0.0001336 seconds
[2022-06-13T03:17:23.763+0000][1][safepoint    ] Entering safepoint region: RevokeBias
[2022-06-13T03:17:23.763+0000][1][safepoint    ] Leaving safepoint region
[2022-06-13T03:17:23.763+0000][1][safepoint    ] Total time for which application threads were stopped: 0.0003899 seconds, Stopping threads took: 0.0002185 seconds
[2022-06-13T03:17:23.764+0000][1][safepoint    ] Application time: 0.0002587 seconds
[2022-06-13T03:17:23.764+0000][1][safepoint    ] Entering safepoint region: RevokeBias
[2022-06-13T03:17:23.764+0000][1][safepoint    ] Leaving safepoint region
[2022-06-13T03:17:23.764+0000][1][safepoint    ] Total time for which application threads were stopped: 0.0003729 seconds, Stopping threads took: 0.0001838 seconds
[2022-06-13T03:17:23.765+0000][1][safepoint    ] Application time: 0.0001333 seconds
[2022-06-13T03:17:23.765+0000][1][safepoint    ] Entering safepoint region: BulkRevokeBias
[2022-06-13T03:17:23.765+0000][1][safepoint    ] Leaving safepoint region
[2022-06-13T03:17:23.765+0000][1][safepoint    ] Total time for which application threads were stopped: 0.0005893 seconds, Stopping threads took: 0.0002210 seconds
[2022-06-13T03:17:23.766+0000][1][safepoint    ] Application time: 0.0003358 seconds
[2022-06-13T03:17:23.766+0000][1][safepoint    ] Entering safepoint region: RevokeBias
[2022-06-13T03:17:23.766+0000][1][safepoint    ] Leaving safepoint region
[2022-06-13T03:17:23.766+0000][1][safepoint    ] Total time for which application threads were stopped: 0.0003394 seconds, Stopping threads took: 0.0001648 seconds
[2022-06-13T03:17:23.767+0000][1][safepoint    ] Application time: 0.0002061 seconds
[2022-06-13T03:17:23.767+0000][1][safepoint    ] Entering safepoint region: BulkRevokeBias
[2022-06-13T03:17:23.767+0000][1][safepoint    ] Leaving safepoint region
[2022-06-13T03:17:23.767+0000][1][safepoint    ] Total time for which application threads were stopped: 0.0004439 seconds, Stopping threads took: 0.0001783 seconds
[2022-06-13T03:17:23.768+0000][1][safepoint    ] Application time: 0.0003606 seconds
[2022-06-13T03:17:23.768+0000][1][safepoint    ] Entering safepoint region: RevokeBias
[2022-06-13T03:17:23.768+0000][1][safepoint    ] Leaving safepoint region
[2022-06-13T03:17:23.768+0000][1][safepoint    ] Total time for which application threads were stopped: 0.0004021 seconds, Stopping threads took: 0.0002132 seconds
[2022-06-13T03:17:23.769+0000][1][safepoint    ] Application time: 0.0002183 seconds
[2022-06-13T03:17:23.769+0000][1][safepoint    ] Entering safepoint region: RevokeBias
[2022-06-13T03:17:23.769+0000][1][safepoint    ] Leaving safepoint region
[2022-06-13T03:17:23.770+0000][1][safepoint    ] Total time for which application threads were stopped: 0.0008137 seconds, Stopping threads took: 0.0001525 seconds
[2022-06-13T03:17:23.770+0000][1][safepoint    ] Application time: 0.0003569 seconds
[2022-06-13T03:17:23.770+0000][1][safepoint    ] Entering safepoint region: RevokeBias
[2022-06-13T03:17:23.771+0000][1][safepoint    ] Leaving safepoint region
[2022-06-13T03:17:23.771+0000][1][safepoint    ] Total time for which application threads were stopped: 0.0003917 seconds, Stopping threads took: 0.0002267 seconds
[2022-06-13T03:17:23.771+0000][1][safepoint    ] Application time: 0.0005425 seconds
[2022-06-13T03:17:23.772+0000][1][safepoint    ] Entering safepoint region: RevokeBias
[2022-06-13T03:17:23.772+0000][1][safepoint    ] Leaving safepoint region
[2022-06-13T03:17:23.772+0000][1][safepoint    ] Total time for which application threads were stopped: 0.0004701 seconds, Stopping threads took: 0.0002296 seconds
[2022-06-13T03:17:23.773+0000][1][safepoint    ] Application time: 0.0005651 seconds
[2022-06-13T03:17:23.773+0000][1][safepoint    ] Entering safepoint region: RevokeBias
[2022-06-13T03:17:23.773+0000][1][safepoint    ] Leaving safepoint region
[2022-06-13T03:17:23.773+0000][1][safepoint    ] Total time for which application threads were stopped: 0.0002764 seconds, Stopping threads took: 0.0001225 seconds
[2022-06-13T03:17:23.774+0000][1][safepoint    ] Application time: 0.0004557 seconds
[2022-06-13T03:17:23.774+0000][1][safepoint    ] Entering safepoint region: RevokeBias
[2022-06-13T03:17:23.774+0000][1][safepoint    ] Leaving safepoint region
[2022-06-13T03:17:23.774+0000][1][safepoint    ] Total time for which application threads were stopped: 0.0003112 seconds, Stopping threads took: 0.0001666 seconds
[2022-06-13T03:17:23.775+0000][1][safepoint    ] Application time: 0.0003367 seconds
[2022-06-13T03:17:23.775+0000][1][safepoint    ] Entering safepoint region: RevokeBias
[2022-06-13T03:17:23.775+0000][1][safepoint    ] Leaving safepoint region
[2022-06-13T03:17:23.775+0000][1][safepoint    ] Total time for which application threads were stopped: 0.0002836 seconds, Stopping threads took: 0.0001425 seconds
[2022-06-13T03:17:23.775+0000][1][safepoint    ] Application time: 0.0002711 seconds
[2022-06-13T03:17:23.776+0000][1][safepoint    ] Entering safepoint region: RevokeBias
[2022-06-13T03:17:23.776+0000][1][safepoint    ] Leaving safepoint region
[2022-06-13T03:17:23.776+0000][1][safepoint    ] Total time for which application threads were stopped: 0.0003946 seconds, Stopping threads took: 0.0001987 seconds
[2022-06-13T03:17:23.777+0000][1][safepoint    ] Application time: 0.0004742 seconds
[2022-06-13T03:17:23.777+0000][1][safepoint    ] Entering safepoint region: RevokeBias
[2022-06-13T03:17:23.777+0000][1][safepoint    ] Leaving safepoint region
[2022-06-13T03:17:23.777+0000][1][safepoint    ] Total time for which application threads were stopped: 0.0002960 seconds, Stopping threads took: 0.0001362 seconds
[2022-06-13T03:17:23.777+0000][1][safepoint    ] Application time: 0.0003486 seconds
[2022-06-13T03:17:23.778+0000][1][safepoint    ] Entering safepoint region: BulkRevokeBias
[2022-06-13T03:17:23.778+0000][1][safepoint    ] Leaving safepoint region
[2022-06-13T03:17:23.778+0000][1][safepoint    ] Total time for which application threads were stopped: 0.0003757 seconds, Stopping threads took: 0.0001326 seconds
[2022-06-13T03:17:23.780+0000][1][safepoint    ] Application time: 0.0016690 seconds
[2022-06-13T03:17:23.781+0000][1][safepoint    ] Entering safepoint region: RevokeBias
[2022-06-13T03:17:23.781+0000][1][safepoint    ] Leaving safepoint region
[2022-06-13T03:17:23.782+0000][1][safepoint    ] Total time for which application threads were stopped: 0.0011118 seconds, Stopping threads took: 0.0008551 seconds
[2022-06-13T03:17:23.792+0000][1][safepoint    ] Application time: 0.0104820 seconds
[2022-06-13T03:17:23.793+0000][1][safepoint    ] Entering safepoint region: RevokeBias
[2022-06-13T03:17:23.793+0000][1][safepoint    ] Leaving safepoint region
[2022-06-13T03:17:23.793+0000][1][safepoint    ] Total time for which application threads were stopped: 0.0003513 seconds, Stopping threads took: 0.0001495 seconds
[2022-06-13T03:17:23.793+0000][1][safepoint    ] Application time: 0.0001641 seconds
[2022-06-13T03:17:23.793+0000][1][safepoint    ] Entering safepoint region: RevokeBias
[2022-06-13T03:17:23.794+0000][1][safepoint    ] Leaving safepoint region
[2022-06-13T03:17:23.794+0000][1][safepoint    ] Total time for which application threads were stopped: 0.0002985 seconds, Stopping threads took: 0.0001184 seconds
[2022-06-13T03:17:23.795+0000][1][safepoint    ] Application time: 0.0008774 seconds
[2022-06-13T03:17:23.796+0000][1][safepoint    ] Entering safepoint region: RevokeBias
[2022-06-13T03:17:23.797+0000][1][safepoint    ] Leaving safepoint region
[2022-06-13T03:17:23.797+0000][1][safepoint    ] Total time for which application threads were stopped: 0.0013762 seconds, Stopping threads took: 0.0006783 seconds
[2022-06-13T03:17:23.799+0000][1][safepoint    ] Application time: 0.0012689 seconds
[2022-06-13T03:17:23.799+0000][1][safepoint    ] Entering safepoint region: RevokeBias
[2022-06-13T03:17:23.800+0000][1][safepoint    ] Leaving safepoint region
[2022-06-13T03:17:23.800+0000][1][safepoint    ] Total time for which application threads were stopped: 0.0007264 seconds, Stopping threads took: 0.0004696 seconds
[2022-06-13T03:17:23.800+0000][1][safepoint    ] Application time: 0.0004694 seconds
[2022-06-13T03:17:23.801+0000][1][safepoint    ] Entering safepoint region: RevokeBias
[2022-06-13T03:17:23.801+0000][1][safepoint    ] Leaving safepoint region
[2022-06-13T03:17:23.801+0000][1][safepoint    ] Total time for which application threads were stopped: 0.0005996 seconds, Stopping threads took: 0.0003854 seconds
[2022-06-13T03:17:23.802+0000][1][safepoint    ] Application time: 0.0003543 seconds
[2022-06-13T03:17:23.802+0000][1][safepoint    ] Entering safepoint region: RevokeBias
[2022-06-13T03:17:23.803+0000][1][safepoint    ] Leaving safepoint region
[2022-06-13T03:17:23.803+0000][1][safepoint    ] Total time for which application threads were stopped: 0.0003606 seconds, Stopping threads took: 0.0001436 seconds
[2022-06-13T03:17:23.803+0000][1][safepoint    ] Application time: 0.0006411 seconds
[2022-06-13T03:17:23.804+0000][1][safepoint    ] Entering safepoint region: RevokeBias
[2022-06-13T03:17:23.804+0000][1][safepoint    ] Leaving safepoint region
[2022-06-13T03:17:23.804+0000][1][safepoint    ] Total time for which application threads were stopped: 0.0003003 seconds, Stopping threads took: 0.0001267 seconds
[2022-06-13T03:17:23.804+0000][1][safepoint    ] Application time: 0.0002842 seconds
[2022-06-13T03:17:23.805+0000][1][safepoint    ] Entering safepoint region: RevokeBias
[2022-06-13T03:17:23.805+0000][1][safepoint    ] Leaving safepoint region
[2022-06-13T03:17:23.805+0000][1][safepoint    ] Total time for which application threads were stopped: 0.0002879 seconds, Stopping threads took: 0.0001345 seconds
[2022-06-13T03:17:23.807+0000][1][safepoint    ] Application time: 0.0022561 seconds
[2022-06-13T03:17:23.808+0000][1][safepoint    ] Entering safepoint region: RevokeBias
[2022-06-13T03:17:23.808+0000][1][safepoint    ] Leaving safepoint region
[2022-06-13T03:17:23.808+0000][1][safepoint    ] Total time for which application threads were stopped: 0.0004197 seconds, Stopping threads took: 0.0001565 seconds
[2022-06-13T03:17:23.809+0000][1][safepoint    ] Application time: 0.0004716 seconds
[2022-06-13T03:17:23.809+0000][1][safepoint    ] Entering safepoint region: RevokeBias
[2022-06-13T03:17:23.809+0000][1][safepoint    ] Leaving safepoint region
[2022-06-13T03:17:23.809+0000][1][safepoint    ] Total time for which application threads were stopped: 0.0003723 seconds, Stopping threads took: 0.0001769 seconds
[2022-06-13T03:17:23.812+0000][1][gc,heap,exit ] Heap
[2022-06-13T03:17:23.812+0000][1][gc,heap,exit ]  par new generation   total 78656K, used 27750K [0x00000000f0000000, 0x00000000f5550000, 0x00000000f5550000)
[2022-06-13T03:17:23.813+0000][1][gc,heap,exit ]   eden space 69952K,  34% used [0x00000000f0000000, 0x00000000f17b0378, 0x00000000f4450000)
[2022-06-13T03:17:23.813+0000][1][gc,heap,exit ]   from space 8704K,  40% used [0x00000000f4450000, 0x00000000f47b9860, 0x00000000f4cd0000)
[2022-06-13T03:17:23.813+0000][1][gc,heap,exit ]   to   space 8704K,   0% used [0x00000000f4cd0000, 0x00000000f4cd0000, 0x00000000f5550000)
[2022-06-13T03:17:23.814+0000][1][gc,heap,exit ]  concurrent mark-sweep generation total 174784K, used 67823K [0x00000000f5550000, 0x0000000100000000, 0x0000000100000000)
[2022-06-13T03:17:23.814+0000][1][gc,heap,exit ]  Metaspace       used 68213K, capacity 73371K, committed 73436K, reserved 1112064K
[2022-06-13T03:17:23.815+0000][1][gc,heap,exit ]   class space    used 9173K, capacity 11310K, committed 11340K, reserved 1048576K
[2022-06-13T03:17:23.815+0000][1][safepoint    ] Application time: 0.0056329 seconds
[2022-06-13T03:17:23.815+0000][1][safepoint    ] Entering safepoint region: Exit
