[2022-06-13T02:13:22.456+0000][1][gc] Using Concurrent Mark Sweep
[2022-06-13T02:13:22.457+0000][1][gc,heap,coops] Heap address: 0x00000000f0000000, size: 256 MB, Compressed Oops mode: 32-bit
[2022-06-13T02:13:22.486+0000][1][safepoint    ] Entering safepoint region: EnableBiasedLocking
[2022-06-13T02:13:22.487+0000][1][safepoint    ] Leaving safepoint region
[2022-06-13T02:13:22.487+0000][1][safepoint    ] Total time for which application threads were stopped: 0.0009534 seconds, Stopping threads took: 0.0004300 seconds
[2022-06-13T02:13:22.489+0000][1][safepoint    ] Application time: 0.0019841 seconds
[2022-06-13T02:13:22.490+0000][1][safepoint    ] Entering safepoint region: RevokeBias
[2022-06-13T02:13:22.490+0000][1][safepoint    ] Leaving safepoint region
[2022-06-13T02:13:22.491+0000][1][safepoint    ] Total time for which application threads were stopped: 0.0008466 seconds, Stopping threads took: 0.0005593 seconds
[2022-06-13T02:13:22.497+0000][1][safepoint    ] Application time: 0.0064810 seconds
[2022-06-13T02:13:22.498+0000][1][safepoint    ] Entering safepoint region: Deoptimize
[2022-06-13T02:13:22.498+0000][1][safepoint    ] Leaving safepoint region
[2022-06-13T02:13:22.499+0000][1][safepoint    ] Total time for which application threads were stopped: 0.0007641 seconds, Stopping threads took: 0.0003697 seconds
[2022-06-13T02:13:22.545+0000][1][safepoint    ] Application time: 0.0465810 seconds
[2022-06-13T02:13:22.546+0000][1][safepoint    ] Entering safepoint region: RevokeBias
[2022-06-13T02:13:22.546+0000][1][safepoint    ] Leaving safepoint region
[2022-06-13T02:13:22.547+0000][1][safepoint    ] Total time for which application threads were stopped: 0.0008967 seconds, Stopping threads took: 0.0004400 seconds
[2022-06-13T02:13:22.564+0000][1][safepoint    ] Application time: 0.0167045 seconds
[2022-06-13T02:13:22.564+0000][1][safepoint    ] Entering safepoint region: Deoptimize
[2022-06-13T02:13:22.565+0000][1][safepoint    ] Leaving safepoint region
[2022-06-13T02:13:22.565+0000][1][safepoint    ] Total time for which application threads were stopped: 0.0006757 seconds, Stopping threads took: 0.0002851 seconds
[2022-06-13T02:13:22.750+0000][1][safepoint    ] Application time: 0.1851345 seconds
[2022-06-13T02:13:22.750+0000][1][safepoint    ] Entering safepoint region: Deoptimize
[2022-06-13T02:13:22.751+0000][1][safepoint    ] Leaving safepoint region
[2022-06-13T02:13:22.751+0000][1][safepoint    ] Total time for which application threads were stopped: 0.0004831 seconds, Stopping threads took: 0.0001803 seconds
[2022-06-13T02:13:22.768+0000][1][safepoint    ] Application time: 0.0165385 seconds
[2022-06-13T02:13:22.768+0000][1][safepoint    ] Entering safepoint region: Deoptimize
[2022-06-13T02:13:22.768+0000][1][safepoint    ] Leaving safepoint region
[2022-06-13T02:13:22.769+0000][1][safepoint    ] Total time for which application threads were stopped: 0.0006302 seconds, Stopping threads took: 0.0002314 seconds
[2022-06-13T02:13:22.785+0000][1][safepoint    ] Application time: 0.0156610 seconds
[2022-06-13T02:13:22.785+0000][1][safepoint    ] Entering safepoint region: Deoptimize
[2022-06-13T02:13:22.786+0000][1][safepoint    ] Leaving safepoint region
[2022-06-13T02:13:22.786+0000][1][safepoint    ] Total time for which application threads were stopped: 0.0008373 seconds, Stopping threads took: 0.0004173 seconds
[2022-06-13T02:13:22.794+0000][1][safepoint    ] Application time: 0.0081053 seconds
[2022-06-13T02:13:22.795+0000][1][safepoint    ] Entering safepoint region: Deoptimize
[2022-06-13T02:13:22.795+0000][1][safepoint    ] Leaving safepoint region
[2022-06-13T02:13:22.796+0000][1][safepoint    ] Total time for which application threads were stopped: 0.0009757 seconds, Stopping threads took: 0.0004414 seconds
[2022-06-13T02:13:23.014+0000][1][safepoint    ] Application time: 0.2176610 seconds
[2022-06-13T02:13:23.014+0000][1][safepoint    ] Entering safepoint region: Deoptimize
[2022-06-13T02:13:23.014+0000][1][safepoint    ] Leaving safepoint region
[2022-06-13T02:13:23.015+0000][1][safepoint    ] Total time for which application threads were stopped: 0.0005988 seconds, Stopping threads took: 0.0001969 seconds
[2022-06-13T02:13:23.153+0000][1][safepoint    ] Application time: 0.1384591 seconds
[2022-06-13T02:13:23.154+0000][1][safepoint    ] Entering safepoint region: RevokeBias
[2022-06-13T02:13:23.154+0000][1][safepoint    ] Leaving safepoint region
[2022-06-13T02:13:23.154+0000][1][safepoint    ] Total time for which application threads were stopped: 0.0006284 seconds, Stopping threads took: 0.0002305 seconds
[2022-06-13T02:13:23.211+0000][1][safepoint    ] Application time: 0.0563257 seconds
[2022-06-13T02:13:23.211+0000][1][safepoint    ] Entering safepoint region: Deoptimize
[2022-06-13T02:13:23.212+0000][1][safepoint    ] Leaving safepoint region
[2022-06-13T02:13:23.212+0000][1][safepoint    ] Total time for which application threads were stopped: 0.0003656 seconds, Stopping threads took: 0.0001097 seconds
[2022-06-13T02:13:23.273+0000][1][safepoint    ] Application time: 0.0611348 seconds
[2022-06-13T02:13:23.273+0000][1][safepoint    ] Entering safepoint region: Deoptimize
[2022-06-13T02:13:23.273+0000][1][safepoint    ] Leaving safepoint region
[2022-06-13T02:13:23.274+0000][1][safepoint    ] Total time for which application threads were stopped: 0.0004352 seconds, Stopping threads took: 0.0001357 seconds
[2022-06-13T02:13:23.274+0000][1][safepoint    ] Application time: 0.0002470 seconds
[2022-06-13T02:13:23.274+0000][1][safepoint    ] Entering safepoint region: Deoptimize
[2022-06-13T02:13:23.275+0000][1][safepoint    ] Leaving safepoint region
[2022-06-13T02:13:23.275+0000][1][safepoint    ] Total time for which application threads were stopped: 0.0005832 seconds, Stopping threads took: 0.0002328 seconds
[2022-06-13T02:13:23.289+0000][1][safepoint    ] Application time: 0.0140209 seconds
[2022-06-13T02:13:23.289+0000][1][safepoint    ] Entering safepoint region: Deoptimize
[2022-06-13T02:13:23.290+0000][1][safepoint    ] Leaving safepoint region
[2022-06-13T02:13:23.290+0000][1][safepoint    ] Total time for which application threads were stopped: 0.0009082 seconds, Stopping threads took: 0.0003563 seconds
[2022-06-13T02:13:23.297+0000][1][safepoint    ] Application time: 0.0061482 seconds
[2022-06-13T02:13:23.297+0000][1][safepoint    ] Entering safepoint region: Deoptimize
[2022-06-13T02:13:23.297+0000][1][safepoint    ] Leaving safepoint region
[2022-06-13T02:13:23.297+0000][1][safepoint    ] Total time for which application threads were stopped: 0.0004721 seconds, Stopping threads took: 0.0001863 seconds
[2022-06-13T02:13:23.303+0000][1][safepoint    ] Application time: 0.0050872 seconds
[2022-06-13T02:13:23.303+0000][1][safepoint    ] Entering safepoint region: RevokeBias
[2022-06-13T02:13:23.303+0000][1][safepoint    ] Leaving safepoint region
[2022-06-13T02:13:23.303+0000][1][safepoint    ] Total time for which application threads were stopped: 0.0004062 seconds, Stopping threads took: 0.0001982 seconds
[2022-06-13T02:13:23.304+0000][1][safepoint    ] Application time: 0.0002344 seconds
[2022-06-13T02:13:23.304+0000][1][safepoint    ] Entering safepoint region: RevokeBias
[2022-06-13T02:13:23.304+0000][1][safepoint    ] Leaving safepoint region
[2022-06-13T02:13:23.305+0000][1][safepoint    ] Total time for which application threads were stopped: 0.0006376 seconds, Stopping threads took: 0.0003744 seconds
[2022-06-13T02:13:23.305+0000][1][safepoint    ] Application time: 0.0000917 seconds
[2022-06-13T02:13:23.305+0000][1][safepoint    ] Entering safepoint region: RevokeBias
[2022-06-13T02:13:23.305+0000][1][safepoint    ] Leaving safepoint region
[2022-06-13T02:13:23.306+0000][1][safepoint    ] Total time for which application threads were stopped: 0.0005189 seconds, Stopping threads took: 0.0001996 seconds
[2022-06-13T02:13:23.306+0000][1][safepoint    ] Application time: 0.0001356 seconds
[2022-06-13T02:13:23.306+0000][1][safepoint    ] Entering safepoint region: RevokeBias
[2022-06-13T02:13:23.307+0000][1][safepoint    ] Leaving safepoint region
[2022-06-13T02:13:23.307+0000][1][safepoint    ] Total time for which application threads were stopped: 0.0006062 seconds, Stopping threads took: 0.0002807 seconds
[2022-06-13T02:13:23.308+0000][1][safepoint    ] Application time: 0.0002479 seconds
[2022-06-13T02:13:23.308+0000][1][safepoint    ] Entering safepoint region: RevokeBias
[2022-06-13T02:13:23.309+0000][1][safepoint    ] Leaving safepoint region
[2022-06-13T02:13:23.309+0000][1][safepoint    ] Total time for which application threads were stopped: 0.0010166 seconds, Stopping threads took: 0.0006447 seconds
[2022-06-13T02:13:23.356+0000][1][safepoint    ] Application time: 0.0466420 seconds
[2022-06-13T02:13:23.357+0000][1][safepoint    ] Entering safepoint region: GenCollectForAllocation
[2022-06-13T02:13:23.357+0000][1][gc,start     ] GC(0) Pause Young (Allocation Failure)
[2022-06-13T02:13:23.359+0000][1][gc,task      ] GC(0) Using 5 workers of 13 for evacuation
[2022-06-13T02:13:23.364+0000][1][gc,age       ] GC(0) Desired survivor size 4456448 bytes, new threshold 1 (max threshold 6)
[2022-06-13T02:13:23.364+0000][1][gc,age       ] GC(0) Age table with threshold 1 (max threshold 6)
[2022-06-13T02:13:23.365+0000][1][gc,age       ] GC(0) - age   1:    8160736 bytes,    8160736 total
[2022-06-13T02:13:23.365+0000][1][gc,heap      ] GC(0) ParNew: 69952K->8080K(78656K)
[2022-06-13T02:13:23.365+0000][1][gc,heap      ] GC(0) CMS: 0K->0K(174784K)
[2022-06-13T02:13:23.366+0000][1][gc,metaspace ] GC(0) Metaspace: 12163K->12163K(1060864K)
[2022-06-13T02:13:23.366+0000][1][gc           ] GC(0) Pause Young (Allocation Failure) 68M->7M(247M) 8.585ms
[2022-06-13T02:13:23.366+0000][1][gc,cpu       ] GC(0) User=0.04s Sys=0.00s Real=0.01s
[2022-06-13T02:13:23.367+0000][1][safepoint    ] Leaving safepoint region
[2022-06-13T02:13:23.367+0000][1][safepoint    ] Total time for which application threads were stopped: 0.0098107 seconds, Stopping threads took: 0.0002871 seconds
[2022-06-13T02:13:23.367+0000][1][safepoint    ] Application time: 0.0003311 seconds
[2022-06-13T02:13:23.368+0000][1][safepoint    ] Entering safepoint region: RevokeBias
[2022-06-13T02:13:23.368+0000][1][safepoint    ] Leaving safepoint region
[2022-06-13T02:13:23.368+0000][1][safepoint    ] Total time for which application threads were stopped: 0.0006631 seconds, Stopping threads took: 0.0004231 seconds
[2022-06-13T02:13:23.368+0000][1][safepoint    ] Application time: 0.0001017 seconds
[2022-06-13T02:13:23.369+0000][1][safepoint    ] Entering safepoint region: RevokeBias
[2022-06-13T02:13:23.369+0000][1][safepoint    ] Leaving safepoint region
[2022-06-13T02:13:23.369+0000][1][safepoint    ] Total time for which application threads were stopped: 0.0007098 seconds, Stopping threads took: 0.0004085 seconds
[2022-06-13T02:13:23.370+0000][1][safepoint    ] Application time: 0.0001193 seconds
[2022-06-13T02:13:23.370+0000][1][safepoint    ] Entering safepoint region: RevokeBias
[2022-06-13T02:13:23.370+0000][1][safepoint    ] Leaving safepoint region
[2022-06-13T02:13:23.371+0000][1][safepoint    ] Total time for which application threads were stopped: 0.0008319 seconds, Stopping threads took: 0.0005310 seconds
[2022-06-13T02:13:23.371+0000][1][safepoint    ] Application time: 0.0000850 seconds
[2022-06-13T02:13:23.372+0000][1][safepoint    ] Entering safepoint region: RevokeBias
[2022-06-13T02:13:23.372+0000][1][safepoint    ] Leaving safepoint region
[2022-06-13T02:13:23.372+0000][1][safepoint    ] Total time for which application threads were stopped: 0.0005749 seconds, Stopping threads took: 0.0002076 seconds
[2022-06-13T02:13:23.373+0000][1][safepoint    ] Application time: 0.0001269 seconds
[2022-06-13T02:13:23.373+0000][1][safepoint    ] Entering safepoint region: RevokeBias
[2022-06-13T02:13:23.373+0000][1][safepoint    ] Leaving safepoint region
[2022-06-13T02:13:23.373+0000][1][safepoint    ] Total time for which application threads were stopped: 0.0003924 seconds, Stopping threads took: 0.0002068 seconds
[2022-06-13T02:13:23.373+0000][1][safepoint    ] Application time: 0.0001013 seconds
[2022-06-13T02:13:23.374+0000][1][safepoint    ] Entering safepoint region: RevokeBias
[2022-06-13T02:13:23.374+0000][1][safepoint    ] Leaving safepoint region
[2022-06-13T02:13:23.374+0000][1][safepoint    ] Total time for which application threads were stopped: 0.0003467 seconds, Stopping threads took: 0.0001084 seconds
[2022-06-13T02:13:23.374+0000][1][safepoint    ] Application time: 0.0001011 seconds
[2022-06-13T02:13:23.374+0000][1][safepoint    ] Entering safepoint region: RevokeBias
[2022-06-13T02:13:23.374+0000][1][safepoint    ] Leaving safepoint region
[2022-06-13T02:13:23.374+0000][1][safepoint    ] Total time for which application threads were stopped: 0.0002502 seconds, Stopping threads took: 0.0000942 seconds
[2022-06-13T02:13:23.375+0000][1][safepoint    ] Application time: 0.0000780 seconds
[2022-06-13T02:13:23.375+0000][1][safepoint    ] Entering safepoint region: RevokeBias
[2022-06-13T02:13:23.375+0000][1][safepoint    ] Leaving safepoint region
[2022-06-13T02:13:23.375+0000][1][safepoint    ] Total time for which application threads were stopped: 0.0002695 seconds, Stopping threads took: 0.0000862 seconds
[2022-06-13T02:13:23.375+0000][1][safepoint    ] Application time: 0.0000912 seconds
[2022-06-13T02:13:23.375+0000][1][safepoint    ] Entering safepoint region: RevokeBias
[2022-06-13T02:13:23.375+0000][1][safepoint    ] Leaving safepoint region
[2022-06-13T02:13:23.376+0000][1][safepoint    ] Total time for which application threads were stopped: 0.0002590 seconds, Stopping threads took: 0.0000967 seconds
[2022-06-13T02:13:23.376+0000][1][safepoint    ] Application time: 0.0000800 seconds
[2022-06-13T02:13:23.376+0000][1][safepoint    ] Entering safepoint region: RevokeBias
[2022-06-13T02:13:23.376+0000][1][safepoint    ] Leaving safepoint region
[2022-06-13T02:13:23.376+0000][1][safepoint    ] Total time for which application threads were stopped: 0.0002393 seconds, Stopping threads took: 0.0000759 seconds
[2022-06-13T02:13:23.376+0000][1][safepoint    ] Application time: 0.0000765 seconds
[2022-06-13T02:13:23.376+0000][1][safepoint    ] Entering safepoint region: RevokeBias
[2022-06-13T02:13:23.376+0000][1][safepoint    ] Leaving safepoint region
[2022-06-13T02:13:23.377+0000][1][safepoint    ] Total time for which application threads were stopped: 0.0002482 seconds, Stopping threads took: 0.0001094 seconds
[2022-06-13T02:13:23.377+0000][1][safepoint    ] Application time: 0.0000785 seconds
[2022-06-13T02:13:23.377+0000][1][safepoint    ] Entering safepoint region: RevokeBias
[2022-06-13T02:13:23.377+0000][1][safepoint    ] Leaving safepoint region
[2022-06-13T02:13:23.377+0000][1][safepoint    ] Total time for which application threads were stopped: 0.0002334 seconds, Stopping threads took: 0.0000847 seconds
[2022-06-13T02:13:23.377+0000][1][safepoint    ] Application time: 0.0000804 seconds
[2022-06-13T02:13:23.378+0000][1][safepoint    ] Entering safepoint region: RevokeBias
[2022-06-13T02:13:23.378+0000][1][safepoint    ] Leaving safepoint region
[2022-06-13T02:13:23.378+0000][1][safepoint    ] Total time for which application threads were stopped: 0.0002745 seconds, Stopping threads took: 0.0001303 seconds
[2022-06-13T02:13:23.378+0000][1][safepoint    ] Application time: 0.0000724 seconds
[2022-06-13T02:13:23.378+0000][1][safepoint    ] Entering safepoint region: RevokeBias
[2022-06-13T02:13:23.378+0000][1][safepoint    ] Leaving safepoint region
[2022-06-13T02:13:23.378+0000][1][safepoint    ] Total time for which application threads were stopped: 0.0002705 seconds, Stopping threads took: 0.0001558 seconds
[2022-06-13T02:13:23.379+0000][1][safepoint    ] Application time: 0.0000942 seconds
[2022-06-13T02:13:23.379+0000][1][safepoint    ] Entering safepoint region: RevokeBias
[2022-06-13T02:13:23.379+0000][1][safepoint    ] Leaving safepoint region
[2022-06-13T02:13:23.379+0000][1][safepoint    ] Total time for which application threads were stopped: 0.0003261 seconds, Stopping threads took: 0.0001366 seconds
[2022-06-13T02:13:23.379+0000][1][safepoint    ] Application time: 0.0000925 seconds
[2022-06-13T02:13:23.379+0000][1][safepoint    ] Entering safepoint region: RevokeBias
[2022-06-13T02:13:23.380+0000][1][safepoint    ] Leaving safepoint region
[2022-06-13T02:13:23.380+0000][1][safepoint    ] Total time for which application threads were stopped: 0.0004995 seconds, Stopping threads took: 0.0002524 seconds
[2022-06-13T02:13:23.380+0000][1][safepoint    ] Application time: 0.0001043 seconds
[2022-06-13T02:13:23.380+0000][1][safepoint    ] Entering safepoint region: RevokeBias
[2022-06-13T02:13:23.381+0000][1][safepoint    ] Leaving safepoint region
[2022-06-13T02:13:23.381+0000][1][safepoint    ] Total time for which application threads were stopped: 0.0003027 seconds, Stopping threads took: 0.0001948 seconds
[2022-06-13T02:13:23.381+0000][1][safepoint    ] Application time: 0.0000845 seconds
[2022-06-13T02:13:23.381+0000][1][safepoint    ] Entering safepoint region: RevokeBias
[2022-06-13T02:13:23.381+0000][1][safepoint    ] Leaving safepoint region
[2022-06-13T02:13:23.381+0000][1][safepoint    ] Total time for which application threads were stopped: 0.0002499 seconds, Stopping threads took: 0.0001486 seconds
[2022-06-13T02:13:23.381+0000][1][safepoint    ] Application time: 0.0000867 seconds
[2022-06-13T02:13:23.381+0000][1][safepoint    ] Entering safepoint region: RevokeBias
[2022-06-13T02:13:23.382+0000][1][safepoint    ] Leaving safepoint region
[2022-06-13T02:13:23.382+0000][1][safepoint    ] Total time for which application threads were stopped: 0.0003414 seconds, Stopping threads took: 0.0001660 seconds
[2022-06-13T02:13:23.382+0000][1][safepoint    ] Application time: 0.0000811 seconds
[2022-06-13T02:13:23.382+0000][1][safepoint    ] Entering safepoint region: RevokeBias
[2022-06-13T02:13:23.382+0000][1][safepoint    ] Leaving safepoint region
[2022-06-13T02:13:23.382+0000][1][safepoint    ] Total time for which application threads were stopped: 0.0002088 seconds, Stopping threads took: 0.0001031 seconds
[2022-06-13T02:13:23.383+0000][1][safepoint    ] Application time: 0.0001049 seconds
[2022-06-13T02:13:23.383+0000][1][safepoint    ] Entering safepoint region: RevokeBias
[2022-06-13T02:13:23.383+0000][1][safepoint    ] Leaving safepoint region
[2022-06-13T02:13:23.383+0000][1][safepoint    ] Total time for which application threads were stopped: 0.0003359 seconds, Stopping threads took: 0.0002254 seconds
[2022-06-13T02:13:23.383+0000][1][safepoint    ] Application time: 0.0000574 seconds
[2022-06-13T02:13:23.383+0000][1][safepoint    ] Entering safepoint region: RevokeBias
[2022-06-13T02:13:23.384+0000][1][safepoint    ] Leaving safepoint region
[2022-06-13T02:13:23.384+0000][1][safepoint    ] Total time for which application threads were stopped: 0.0002339 seconds, Stopping threads took: 0.0001186 seconds
[2022-06-13T02:13:23.384+0000][1][safepoint    ] Application time: 0.0001857 seconds
[2022-06-13T02:13:23.384+0000][1][safepoint    ] Entering safepoint region: RevokeBias
[2022-06-13T02:13:23.384+0000][1][safepoint    ] Leaving safepoint region
[2022-06-13T02:13:23.384+0000][1][safepoint    ] Total time for which application threads were stopped: 0.0002580 seconds, Stopping threads took: 0.0001411 seconds
[2022-06-13T02:13:23.384+0000][1][safepoint    ] Application time: 0.0000670 seconds
[2022-06-13T02:13:23.385+0000][1][safepoint    ] Entering safepoint region: RevokeBias
[2022-06-13T02:13:23.385+0000][1][safepoint    ] Leaving safepoint region
[2022-06-13T02:13:23.385+0000][1][safepoint    ] Total time for which application threads were stopped: 0.0002264 seconds, Stopping threads took: 0.0001209 seconds
[2022-06-13T02:13:23.385+0000][1][safepoint    ] Application time: 0.0000756 seconds
[2022-06-13T02:13:23.385+0000][1][safepoint    ] Entering safepoint region: RevokeBias
[2022-06-13T02:13:23.385+0000][1][safepoint    ] Leaving safepoint region
[2022-06-13T02:13:23.385+0000][1][safepoint    ] Total time for which application threads were stopped: 0.0002100 seconds, Stopping threads took: 0.0000946 seconds
[2022-06-13T02:13:23.385+0000][1][safepoint    ] Application time: 0.0000633 seconds
[2022-06-13T02:13:23.386+0000][1][safepoint    ] Entering safepoint region: RevokeBias
[2022-06-13T02:13:23.386+0000][1][safepoint    ] Leaving safepoint region
[2022-06-13T02:13:23.386+0000][1][safepoint    ] Total time for which application threads were stopped: 0.0002707 seconds, Stopping threads took: 0.0001559 seconds
[2022-06-13T02:13:23.510+0000][1][safepoint    ] Application time: 0.1244316 seconds
[2022-06-13T02:13:23.511+0000][1][safepoint    ] Entering safepoint region: Deoptimize
[2022-06-13T02:13:23.511+0000][1][safepoint    ] Leaving safepoint region
[2022-06-13T02:13:23.512+0000][1][safepoint    ] Total time for which application threads were stopped: 0.0010574 seconds, Stopping threads took: 0.0003845 seconds
[2022-06-13T02:13:23.657+0000][1][safepoint    ] Application time: 0.1454137 seconds
[2022-06-13T02:13:23.658+0000][1][safepoint    ] Entering safepoint region: RevokeBias
[2022-06-13T02:13:23.658+0000][1][safepoint    ] Leaving safepoint region
[2022-06-13T02:13:23.659+0000][1][safepoint    ] Total time for which application threads were stopped: 0.0009344 seconds, Stopping threads took: 0.0003805 seconds
[2022-06-13T02:13:23.720+0000][1][safepoint    ] Application time: 0.0601098 seconds
[2022-06-13T02:13:23.720+0000][1][safepoint    ] Entering safepoint region: RevokeBias
[2022-06-13T02:13:23.721+0000][1][safepoint    ] Leaving safepoint region
[2022-06-13T02:13:23.721+0000][1][safepoint    ] Total time for which application threads were stopped: 0.0008929 seconds, Stopping threads took: 0.0005319 seconds
[2022-06-13T02:13:23.723+0000][1][safepoint    ] Application time: 0.0016517 seconds
[2022-06-13T02:13:23.723+0000][1][safepoint    ] Entering safepoint region: RevokeBias
[2022-06-13T02:13:23.724+0000][1][safepoint    ] Leaving safepoint region
[2022-06-13T02:13:23.724+0000][1][safepoint    ] Total time for which application threads were stopped: 0.0007564 seconds, Stopping threads took: 0.0003808 seconds
[2022-06-13T02:13:23.735+0000][1][safepoint    ] Application time: 0.0111200 seconds
[2022-06-13T02:13:23.736+0000][1][safepoint    ] Entering safepoint region: GenCollectForAllocation
[2022-06-13T02:13:23.736+0000][1][gc,start     ] GC(1) Pause Young (Allocation Failure)
[2022-06-13T02:13:23.737+0000][1][gc,task      ] GC(1) Using 5 workers of 13 for evacuation
[2022-06-13T02:13:23.747+0000][1][gc,age       ] GC(1) Desired survivor size 4456448 bytes, new threshold 6 (max threshold 6)
[2022-06-13T02:13:23.747+0000][1][gc,age       ] GC(1) Age table with threshold 6 (max threshold 6)
[2022-06-13T02:13:23.748+0000][1][gc,age       ] GC(1) - age   1:    2018032 bytes,    2018032 total
[2022-06-13T02:13:23.748+0000][1][gc,heap      ] GC(1) ParNew: 78032K->5402K(78656K)
[2022-06-13T02:13:23.748+0000][1][gc,heap      ] GC(1) CMS: 0K->6632K(174784K)
[2022-06-13T02:13:23.748+0000][1][gc,metaspace ] GC(1) Metaspace: 14802K->14802K(1062912K)
[2022-06-13T02:13:23.749+0000][1][gc           ] GC(1) Pause Young (Allocation Failure) 76M->11M(247M) 12.749ms
[2022-06-13T02:13:23.749+0000][1][gc,cpu       ] GC(1) User=0.05s Sys=0.00s Real=0.02s
[2022-06-13T02:13:23.749+0000][1][safepoint    ] Leaving safepoint region
[2022-06-13T02:13:23.750+0000][1][safepoint    ] Total time for which application threads were stopped: 0.0139055 seconds, Stopping threads took: 0.0002767 seconds
[2022-06-13T02:13:23.750+0000][1][safepoint    ] Application time: 0.0003235 seconds
[2022-06-13T02:13:23.751+0000][1][safepoint    ] Entering safepoint region: RevokeBias
[2022-06-13T02:13:23.751+0000][1][safepoint    ] Leaving safepoint region
[2022-06-13T02:13:23.752+0000][1][safepoint    ] Total time for which application threads were stopped: 0.0010524 seconds, Stopping threads took: 0.0006865 seconds
[2022-06-13T02:13:23.752+0000][1][safepoint    ] Application time: 0.0002330 seconds
[2022-06-13T02:13:23.753+0000][1][safepoint    ] Entering safepoint region: RevokeBias
[2022-06-13T02:13:23.753+0000][1][safepoint    ] Leaving safepoint region
[2022-06-13T02:13:23.753+0000][1][safepoint    ] Total time for which application threads were stopped: 0.0006002 seconds, Stopping threads took: 0.0003584 seconds
[2022-06-13T02:13:23.754+0000][1][safepoint    ] Application time: 0.0000917 seconds
[2022-06-13T02:13:23.754+0000][1][safepoint    ] Entering safepoint region: RevokeBias
[2022-06-13T02:13:23.754+0000][1][safepoint    ] Leaving safepoint region
[2022-06-13T02:13:23.755+0000][1][safepoint    ] Total time for which application threads were stopped: 0.0009222 seconds, Stopping threads took: 0.0004656 seconds
[2022-06-13T02:13:23.755+0000][1][safepoint    ] Application time: 0.0000801 seconds
[2022-06-13T02:13:23.755+0000][1][safepoint    ] Entering safepoint region: RevokeBias
[2022-06-13T02:13:23.756+0000][1][safepoint    ] Leaving safepoint region
[2022-06-13T02:13:23.756+0000][1][safepoint    ] Total time for which application threads were stopped: 0.0005683 seconds, Stopping threads took: 0.0003173 seconds
[2022-06-13T02:13:23.756+0000][1][safepoint    ] Application time: 0.0001748 seconds
[2022-06-13T02:13:23.757+0000][1][safepoint    ] Entering safepoint region: RevokeBias
[2022-06-13T02:13:23.757+0000][1][safepoint    ] Leaving safepoint region
[2022-06-13T02:13:23.757+0000][1][safepoint    ] Total time for which application threads were stopped: 0.0004936 seconds, Stopping threads took: 0.0002758 seconds
[2022-06-13T02:13:23.757+0000][1][safepoint    ] Application time: 0.0000770 seconds
[2022-06-13T02:13:23.757+0000][1][safepoint    ] Entering safepoint region: RevokeBias
[2022-06-13T02:13:23.757+0000][1][safepoint    ] Leaving safepoint region
[2022-06-13T02:13:23.758+0000][1][safepoint    ] Total time for which application threads were stopped: 0.0002397 seconds, Stopping threads took: 0.0001185 seconds
[2022-06-13T02:13:23.758+0000][1][safepoint    ] Application time: 0.0000900 seconds
[2022-06-13T02:13:23.758+0000][1][safepoint    ] Entering safepoint region: RevokeBias
[2022-06-13T02:13:23.758+0000][1][safepoint    ] Leaving safepoint region
[2022-06-13T02:13:23.758+0000][1][safepoint    ] Total time for which application threads were stopped: 0.0002426 seconds, Stopping threads took: 0.0001168 seconds
[2022-06-13T02:13:23.758+0000][1][safepoint    ] Application time: 0.0000737 seconds
[2022-06-13T02:13:23.758+0000][1][safepoint    ] Entering safepoint region: RevokeBias
[2022-06-13T02:13:23.759+0000][1][safepoint    ] Leaving safepoint region
[2022-06-13T02:13:23.759+0000][1][safepoint    ] Total time for which application threads were stopped: 0.0003368 seconds, Stopping threads took: 0.0001723 seconds
[2022-06-13T02:13:23.759+0000][1][safepoint    ] Application time: 0.0000859 seconds
[2022-06-13T02:13:23.759+0000][1][safepoint    ] Entering safepoint region: RevokeBias
[2022-06-13T02:13:23.759+0000][1][safepoint    ] Leaving safepoint region
[2022-06-13T02:13:23.759+0000][1][safepoint    ] Total time for which application threads were stopped: 0.0003758 seconds, Stopping threads took: 0.0001651 seconds
[2022-06-13T02:13:23.760+0000][1][safepoint    ] Application time: 0.0000860 seconds
[2022-06-13T02:13:23.760+0000][1][safepoint    ] Entering safepoint region: RevokeBias
[2022-06-13T02:13:23.760+0000][1][safepoint    ] Leaving safepoint region
[2022-06-13T02:13:23.760+0000][1][safepoint    ] Total time for which application threads were stopped: 0.0004730 seconds, Stopping threads took: 0.0003113 seconds
[2022-06-13T02:13:23.761+0000][1][safepoint    ] Application time: 0.0001004 seconds
[2022-06-13T02:13:23.761+0000][1][safepoint    ] Entering safepoint region: BulkRevokeBias
[2022-06-13T02:13:23.761+0000][1][safepoint    ] Leaving safepoint region
[2022-06-13T02:13:23.762+0000][1][safepoint    ] Total time for which application threads were stopped: 0.0004969 seconds, Stopping threads took: 0.0002922 seconds
[2022-06-13T02:13:23.762+0000][1][safepoint    ] Application time: 0.0000794 seconds
[2022-06-13T02:13:23.762+0000][1][safepoint    ] Entering safepoint region: RevokeBias
[2022-06-13T02:13:23.762+0000][1][safepoint    ] Leaving safepoint region
[2022-06-13T02:13:23.762+0000][1][safepoint    ] Total time for which application threads were stopped: 0.0002759 seconds, Stopping threads took: 0.0001354 seconds
[2022-06-13T02:13:23.762+0000][1][safepoint    ] Application time: 0.0000792 seconds
[2022-06-13T02:13:23.762+0000][1][safepoint    ] Entering safepoint region: BulkRevokeBias
[2022-06-13T02:13:23.763+0000][1][safepoint    ] Leaving safepoint region
[2022-06-13T02:13:23.763+0000][1][safepoint    ] Total time for which application threads were stopped: 0.0004245 seconds, Stopping threads took: 0.0001600 seconds
[2022-06-13T02:13:23.834+0000][1][safepoint    ] Application time: 0.0712779 seconds
[2022-06-13T02:13:23.835+0000][1][safepoint    ] Entering safepoint region: GenCollectForAllocation
[2022-06-13T02:13:23.835+0000][1][gc,start     ] GC(2) Pause Young (Allocation Failure)
[2022-06-13T02:13:23.835+0000][1][gc,task      ] GC(2) Using 5 workers of 13 for evacuation
[2022-06-13T02:13:23.838+0000][1][gc,age       ] GC(2) Desired survivor size 4456448 bytes, new threshold 6 (max threshold 6)
[2022-06-13T02:13:23.838+0000][1][gc,age       ] GC(2) Age table with threshold 6 (max threshold 6)
[2022-06-13T02:13:23.838+0000][1][gc,age       ] GC(2) - age   1:    2576024 bytes,    2576024 total
[2022-06-13T02:13:23.838+0000][1][gc,age       ] GC(2) - age   2:    1184536 bytes,    3760560 total
[2022-06-13T02:13:23.838+0000][1][gc,heap      ] GC(2) ParNew: 75354K->4424K(78656K)
[2022-06-13T02:13:23.838+0000][1][gc,heap      ] GC(2) CMS: 6632K->6632K(174784K)
[2022-06-13T02:13:23.838+0000][1][gc,metaspace ] GC(2) Metaspace: 14941K->14941K(1062912K)
[2022-06-13T02:13:23.839+0000][1][gc           ] GC(2) Pause Young (Allocation Failure) 80M->10M(247M) 3.605ms
[2022-06-13T02:13:23.839+0000][1][gc,cpu       ] GC(2) User=0.01s Sys=0.00s Real=0.00s
[2022-06-13T02:13:23.839+0000][1][safepoint    ] Leaving safepoint region
[2022-06-13T02:13:23.839+0000][1][safepoint    ] Total time for which application threads were stopped: 0.0043866 seconds, Stopping threads took: 0.0001964 seconds
[2022-06-13T02:13:23.840+0000][1][safepoint    ] Application time: 0.0003005 seconds
[2022-06-13T02:13:23.840+0000][1][safepoint    ] Entering safepoint region: RevokeBias
[2022-06-13T02:13:23.841+0000][1][safepoint    ] Leaving safepoint region
[2022-06-13T02:13:23.841+0000][1][safepoint    ] Total time for which application threads were stopped: 0.0007194 seconds, Stopping threads took: 0.0003491 seconds
[2022-06-13T02:13:23.841+0000][1][safepoint    ] Application time: 0.0001019 seconds
[2022-06-13T02:13:23.841+0000][1][safepoint    ] Entering safepoint region: RevokeBias
[2022-06-13T02:13:23.842+0000][1][safepoint    ] Leaving safepoint region
[2022-06-13T02:13:23.842+0000][1][safepoint    ] Total time for which application threads were stopped: 0.0006680 seconds, Stopping threads took: 0.0002702 seconds
[2022-06-13T02:13:23.842+0000][1][safepoint    ] Application time: 0.0001129 seconds
[2022-06-13T02:13:23.843+0000][1][safepoint    ] Entering safepoint region: RevokeBias
[2022-06-13T02:13:23.843+0000][1][safepoint    ] Leaving safepoint region
[2022-06-13T02:13:23.844+0000][1][safepoint    ] Total time for which application threads were stopped: 0.0008538 seconds, Stopping threads took: 0.0004112 seconds
[2022-06-13T02:13:23.844+0000][1][safepoint    ] Application time: 0.0001824 seconds
[2022-06-13T02:13:23.845+0000][1][safepoint    ] Entering safepoint region: RevokeBias
[2022-06-13T02:13:23.845+0000][1][safepoint    ] Leaving safepoint region
[2022-06-13T02:13:23.845+0000][1][safepoint    ] Total time for which application threads were stopped: 0.0007330 seconds, Stopping threads took: 0.0004545 seconds
[2022-06-13T02:13:23.846+0000][1][safepoint    ] Application time: 0.0001058 seconds
[2022-06-13T02:13:23.846+0000][1][safepoint    ] Entering safepoint region: RevokeBias
[2022-06-13T02:13:23.846+0000][1][safepoint    ] Leaving safepoint region
[2022-06-13T02:13:23.846+0000][1][safepoint    ] Total time for which application threads were stopped: 0.0004851 seconds, Stopping threads took: 0.0002594 seconds
[2022-06-13T02:13:23.847+0000][1][safepoint    ] Application time: 0.0000955 seconds
[2022-06-13T02:13:23.847+0000][1][safepoint    ] Entering safepoint region: RevokeBias
[2022-06-13T02:13:23.847+0000][1][safepoint    ] Leaving safepoint region
[2022-06-13T02:13:23.847+0000][1][safepoint    ] Total time for which application threads were stopped: 0.0003553 seconds, Stopping threads took: 0.0001924 seconds
[2022-06-13T02:13:23.924+0000][1][safepoint    ] Application time: 0.0769431 seconds
[2022-06-13T02:13:23.924+0000][1][safepoint    ] Entering safepoint region: Deoptimize
[2022-06-13T02:13:23.925+0000][1][safepoint    ] Leaving safepoint region
[2022-06-13T02:13:23.925+0000][1][safepoint    ] Total time for which application threads were stopped: 0.0007308 seconds, Stopping threads took: 0.0001688 seconds
[2022-06-13T02:13:23.926+0000][1][safepoint    ] Application time: 0.0005828 seconds
[2022-06-13T02:13:23.926+0000][1][safepoint    ] Entering safepoint region: Deoptimize
[2022-06-13T02:13:23.927+0000][1][safepoint    ] Leaving safepoint region
[2022-06-13T02:13:23.927+0000][1][safepoint    ] Total time for which application threads were stopped: 0.0006673 seconds, Stopping threads took: 0.0001379 seconds
[2022-06-13T02:13:24.057+0000][1][safepoint    ] Application time: 0.1296198 seconds
[2022-06-13T02:13:24.057+0000][1][safepoint    ] Entering safepoint region: GenCollectForAllocation
[2022-06-13T02:13:24.057+0000][1][gc,start     ] GC(3) Pause Young (Allocation Failure)
[2022-06-13T02:13:24.057+0000][1][gc,task      ] GC(3) Using 5 workers of 13 for evacuation
[2022-06-13T02:13:24.060+0000][1][gc,age       ] GC(3) Desired survivor size 4456448 bytes, new threshold 3 (max threshold 6)
[2022-06-13T02:13:24.060+0000][1][gc,age       ] GC(3) Age table with threshold 3 (max threshold 6)
[2022-06-13T02:13:24.060+0000][1][gc,age       ] GC(3) - age   1:    3228952 bytes,    3228952 total
[2022-06-13T02:13:24.060+0000][1][gc,age       ] GC(3) - age   2:     294512 bytes,    3523464 total
[2022-06-13T02:13:24.060+0000][1][gc,age       ] GC(3) - age   3:    1181232 bytes,    4704696 total
[2022-06-13T02:13:24.060+0000][1][gc,heap      ] GC(3) ParNew: 74376K->6692K(78656K)
[2022-06-13T02:13:24.060+0000][1][gc,heap      ] GC(3) CMS: 6632K->6632K(174784K)
[2022-06-13T02:13:24.061+0000][1][gc,metaspace ] GC(3) Metaspace: 18166K->18166K(1067008K)
[2022-06-13T02:13:24.061+0000][1][gc           ] GC(3) Pause Young (Allocation Failure) 79M->13M(247M) 3.541ms
[2022-06-13T02:13:24.061+0000][1][gc,cpu       ] GC(3) User=0.03s Sys=0.00s Real=0.01s
[2022-06-13T02:13:24.061+0000][1][safepoint    ] Leaving safepoint region
[2022-06-13T02:13:24.061+0000][1][safepoint    ] Total time for which application threads were stopped: 0.0040903 seconds, Stopping threads took: 0.0001727 seconds
[2022-06-13T02:13:24.061+0000][1][safepoint    ] Application time: 0.0002143 seconds
[2022-06-13T02:13:24.061+0000][1][safepoint    ] Entering safepoint region: RevokeBias
[2022-06-13T02:13:24.062+0000][1][safepoint    ] Leaving safepoint region
[2022-06-13T02:13:24.062+0000][1][safepoint    ] Total time for which application threads were stopped: 0.0002498 seconds, Stopping threads took: 0.0001221 seconds
[2022-06-13T02:13:24.062+0000][1][safepoint    ] Application time: 0.0000921 seconds
[2022-06-13T02:13:24.062+0000][1][safepoint    ] Entering safepoint region: RevokeBias
[2022-06-13T02:13:24.062+0000][1][safepoint    ] Leaving safepoint region
[2022-06-13T02:13:24.062+0000][1][safepoint    ] Total time for which application threads were stopped: 0.0004185 seconds, Stopping threads took: 0.0002396 seconds
[2022-06-13T02:13:24.062+0000][1][safepoint    ] Application time: 0.0000948 seconds
[2022-06-13T02:13:24.063+0000][1][safepoint    ] Entering safepoint region: RevokeBias
[2022-06-13T02:13:24.063+0000][1][safepoint    ] Leaving safepoint region
[2022-06-13T02:13:24.063+0000][1][safepoint    ] Total time for which application threads were stopped: 0.0003893 seconds, Stopping threads took: 0.0002188 seconds
[2022-06-13T02:13:24.063+0000][1][safepoint    ] Application time: 0.0000758 seconds
[2022-06-13T02:13:24.063+0000][1][safepoint    ] Entering safepoint region: RevokeBias
[2022-06-13T02:13:24.064+0000][1][safepoint    ] Leaving safepoint region
[2022-06-13T02:13:24.064+0000][1][safepoint    ] Total time for which application threads were stopped: 0.0003064 seconds, Stopping threads took: 0.0001725 seconds
[2022-06-13T02:13:24.064+0000][1][safepoint    ] Application time: 0.0000878 seconds
[2022-06-13T02:13:24.064+0000][1][safepoint    ] Entering safepoint region: RevokeBias
[2022-06-13T02:13:24.064+0000][1][safepoint    ] Leaving safepoint region
[2022-06-13T02:13:24.064+0000][1][safepoint    ] Total time for which application threads were stopped: 0.0004446 seconds, Stopping threads took: 0.0003169 seconds
[2022-06-13T02:13:24.065+0000][1][safepoint    ] Application time: 0.0000696 seconds
[2022-06-13T02:13:24.065+0000][1][safepoint    ] Entering safepoint region: RevokeBias
[2022-06-13T02:13:24.065+0000][1][safepoint    ] Leaving safepoint region
[2022-06-13T02:13:24.065+0000][1][safepoint    ] Total time for which application threads were stopped: 0.0003131 seconds, Stopping threads took: 0.0001365 seconds
[2022-06-13T02:13:24.065+0000][1][safepoint    ] Application time: 0.0000931 seconds
[2022-06-13T02:13:24.065+0000][1][safepoint    ] Entering safepoint region: RevokeBias
[2022-06-13T02:13:24.066+0000][1][safepoint    ] Leaving safepoint region
[2022-06-13T02:13:24.066+0000][1][safepoint    ] Total time for which application threads were stopped: 0.0002866 seconds, Stopping threads took: 0.0001329 seconds
[2022-06-13T02:13:24.066+0000][1][safepoint    ] Application time: 0.0000721 seconds
[2022-06-13T02:13:24.066+0000][1][safepoint    ] Entering safepoint region: RevokeBias
[2022-06-13T02:13:24.066+0000][1][safepoint    ] Leaving safepoint region
[2022-06-13T02:13:24.066+0000][1][safepoint    ] Total time for which application threads were stopped: 0.0002457 seconds, Stopping threads took: 0.0001183 seconds
[2022-06-13T02:13:24.066+0000][1][safepoint    ] Application time: 0.0000692 seconds
[2022-06-13T02:13:24.066+0000][1][safepoint    ] Entering safepoint region: RevokeBias
[2022-06-13T02:13:24.067+0000][1][safepoint    ] Leaving safepoint region
[2022-06-13T02:13:24.067+0000][1][safepoint    ] Total time for which application threads were stopped: 0.0003305 seconds, Stopping threads took: 0.0001223 seconds
[2022-06-13T02:13:24.067+0000][1][safepoint    ] Application time: 0.0000828 seconds
[2022-06-13T02:13:24.067+0000][1][safepoint    ] Entering safepoint region: RevokeBias
[2022-06-13T02:13:24.067+0000][1][safepoint    ] Leaving safepoint region
[2022-06-13T02:13:24.067+0000][1][safepoint    ] Total time for which application threads were stopped: 0.0003146 seconds, Stopping threads took: 0.0001595 seconds
[2022-06-13T02:13:24.068+0000][1][safepoint    ] Application time: 0.0000884 seconds
[2022-06-13T02:13:24.068+0000][1][safepoint    ] Entering safepoint region: RevokeBias
[2022-06-13T02:13:24.068+0000][1][safepoint    ] Leaving safepoint region
[2022-06-13T02:13:24.068+0000][1][safepoint    ] Total time for which application threads were stopped: 0.0003194 seconds, Stopping threads took: 0.0001509 seconds
[2022-06-13T02:13:24.068+0000][1][safepoint    ] Application time: 0.0000875 seconds
[2022-06-13T02:13:24.068+0000][1][safepoint    ] Entering safepoint region: RevokeBias
[2022-06-13T02:13:24.069+0000][1][safepoint    ] Leaving safepoint region
[2022-06-13T02:13:24.069+0000][1][safepoint    ] Total time for which application threads were stopped: 0.0003388 seconds, Stopping threads took: 0.0001281 seconds
[2022-06-13T02:13:24.069+0000][1][safepoint    ] Application time: 0.0001052 seconds
[2022-06-13T02:13:24.069+0000][1][safepoint    ] Entering safepoint region: RevokeBias
[2022-06-13T02:13:24.069+0000][1][safepoint    ] Leaving safepoint region
[2022-06-13T02:13:24.070+0000][1][safepoint    ] Total time for which application threads were stopped: 0.0005553 seconds, Stopping threads took: 0.0003702 seconds
[2022-06-13T02:13:24.070+0000][1][safepoint    ] Application time: 0.0000965 seconds
[2022-06-13T02:13:24.070+0000][1][safepoint    ] Entering safepoint region: RevokeBias
[2022-06-13T02:13:24.070+0000][1][safepoint    ] Leaving safepoint region
[2022-06-13T02:13:24.070+0000][1][safepoint    ] Total time for which application threads were stopped: 0.0004349 seconds, Stopping threads took: 0.0002366 seconds
[2022-06-13T02:13:24.071+0000][1][safepoint    ] Application time: 0.0000896 seconds
[2022-06-13T02:13:24.071+0000][1][safepoint    ] Entering safepoint region: RevokeBias
[2022-06-13T02:13:24.071+0000][1][safepoint    ] Leaving safepoint region
[2022-06-13T02:13:24.071+0000][1][safepoint    ] Total time for which application threads were stopped: 0.0004438 seconds, Stopping threads took: 0.0002568 seconds
[2022-06-13T02:13:24.071+0000][1][safepoint    ] Application time: 0.0000809 seconds
[2022-06-13T02:13:24.072+0000][1][safepoint    ] Entering safepoint region: RevokeBias
[2022-06-13T02:13:24.072+0000][1][safepoint    ] Leaving safepoint region
[2022-06-13T02:13:24.072+0000][1][safepoint    ] Total time for which application threads were stopped: 0.0003200 seconds, Stopping threads took: 0.0001713 seconds
[2022-06-13T02:13:24.072+0000][1][safepoint    ] Application time: 0.0000869 seconds
[2022-06-13T02:13:24.072+0000][1][safepoint    ] Entering safepoint region: RevokeBias
[2022-06-13T02:13:24.072+0000][1][safepoint    ] Leaving safepoint region
[2022-06-13T02:13:24.073+0000][1][safepoint    ] Total time for which application threads were stopped: 0.0003207 seconds, Stopping threads took: 0.0001415 seconds
[2022-06-13T02:13:24.073+0000][1][safepoint    ] Application time: 0.0001133 seconds
[2022-06-13T02:13:24.073+0000][1][safepoint    ] Entering safepoint region: RevokeBias
[2022-06-13T02:13:24.073+0000][1][safepoint    ] Leaving safepoint region
[2022-06-13T02:13:24.073+0000][1][safepoint    ] Total time for which application threads were stopped: 0.0003149 seconds, Stopping threads took: 0.0001621 seconds
[2022-06-13T02:13:24.073+0000][1][safepoint    ] Application time: 0.0000803 seconds
[2022-06-13T02:13:24.073+0000][1][safepoint    ] Entering safepoint region: RevokeBias
[2022-06-13T02:13:24.074+0000][1][safepoint    ] Leaving safepoint region
[2022-06-13T02:13:24.074+0000][1][safepoint    ] Total time for which application threads were stopped: 0.0002713 seconds, Stopping threads took: 0.0001269 seconds
[2022-06-13T02:13:24.074+0000][1][safepoint    ] Application time: 0.0001013 seconds
[2022-06-13T02:13:24.074+0000][1][safepoint    ] Entering safepoint region: RevokeBias
[2022-06-13T02:13:24.074+0000][1][safepoint    ] Leaving safepoint region
[2022-06-13T02:13:24.074+0000][1][safepoint    ] Total time for which application threads were stopped: 0.0002547 seconds, Stopping threads took: 0.0001227 seconds
[2022-06-13T02:13:24.074+0000][1][safepoint    ] Application time: 0.0000735 seconds
[2022-06-13T02:13:24.075+0000][1][safepoint    ] Entering safepoint region: RevokeBias
[2022-06-13T02:13:24.075+0000][1][safepoint    ] Leaving safepoint region
[2022-06-13T02:13:24.075+0000][1][safepoint    ] Total time for which application threads were stopped: 0.0008912 seconds, Stopping threads took: 0.0007109 seconds
[2022-06-13T02:13:24.156+0000][1][safepoint    ] Application time: 0.0802992 seconds
[2022-06-13T02:13:24.156+0000][1][safepoint    ] Entering safepoint region: GenCollectForAllocation
[2022-06-13T02:13:24.156+0000][1][gc,start     ] GC(4) Pause Young (Allocation Failure)
[2022-06-13T02:13:24.157+0000][1][gc,task      ] GC(4) Using 5 workers of 13 for evacuation
[2022-06-13T02:13:24.159+0000][1][gc,age       ] GC(4) Desired survivor size 4456448 bytes, new threshold 3 (max threshold 6)
[2022-06-13T02:13:24.159+0000][1][gc,age       ] GC(4) Age table with threshold 3 (max threshold 6)
[2022-06-13T02:13:24.160+0000][1][gc,age       ] GC(4) - age   1:    1064576 bytes,    1064576 total
[2022-06-13T02:13:24.160+0000][1][gc,age       ] GC(4) - age   2:    3193792 bytes,    4258368 total
[2022-06-13T02:13:24.160+0000][1][gc,age       ] GC(4) - age   3:     293984 bytes,    4552352 total
[2022-06-13T02:13:24.160+0000][1][gc,heap      ] GC(4) ParNew: 76644K->7295K(78656K)
[2022-06-13T02:13:24.160+0000][1][gc,heap      ] GC(4) CMS: 6632K->7803K(174784K)
[2022-06-13T02:13:24.160+0000][1][gc,metaspace ] GC(4) Metaspace: 18646K->18646K(1067008K)
[2022-06-13T02:13:24.160+0000][1][gc           ] GC(4) Pause Young (Allocation Failure) 81M->14M(247M) 3.867ms
[2022-06-13T02:13:24.160+0000][1][gc,cpu       ] GC(4) User=0.03s Sys=0.00s Real=0.01s
[2022-06-13T02:13:24.160+0000][1][safepoint    ] Leaving safepoint region
[2022-06-13T02:13:24.161+0000][1][safepoint    ] Total time for which application threads were stopped: 0.0043467 seconds, Stopping threads took: 0.0001359 seconds
[2022-06-13T02:13:24.161+0000][1][safepoint    ] Application time: 0.0001969 seconds
[2022-06-13T02:13:24.161+0000][1][safepoint    ] Entering safepoint region: BulkRevokeBias
[2022-06-13T02:13:24.161+0000][1][safepoint    ] Leaving safepoint region
[2022-06-13T02:13:24.161+0000][1][safepoint    ] Total time for which application threads were stopped: 0.0004109 seconds, Stopping threads took: 0.0001848 seconds
[2022-06-13T02:13:24.162+0000][1][safepoint    ] Application time: 0.0001302 seconds
[2022-06-13T02:13:24.162+0000][1][safepoint    ] Entering safepoint region: RevokeBias
[2022-06-13T02:13:24.162+0000][1][safepoint    ] Leaving safepoint region
[2022-06-13T02:13:24.162+0000][1][safepoint    ] Total time for which application threads were stopped: 0.0003149 seconds, Stopping threads took: 0.0001490 seconds
[2022-06-13T02:13:24.162+0000][1][safepoint    ] Application time: 0.0000827 seconds
[2022-06-13T02:13:24.162+0000][1][safepoint    ] Entering safepoint region: RevokeBias
[2022-06-13T02:13:24.163+0000][1][safepoint    ] Leaving safepoint region
[2022-06-13T02:13:24.163+0000][1][safepoint    ] Total time for which application threads were stopped: 0.0002234 seconds, Stopping threads took: 0.0001089 seconds
[2022-06-13T02:13:24.163+0000][1][safepoint    ] Application time: 0.0000741 seconds
[2022-06-13T02:13:24.163+0000][1][safepoint    ] Entering safepoint region: RevokeBias
[2022-06-13T02:13:24.163+0000][1][safepoint    ] Leaving safepoint region
[2022-06-13T02:13:24.163+0000][1][safepoint    ] Total time for which application threads were stopped: 0.0002437 seconds, Stopping threads took: 0.0001148 seconds
[2022-06-13T02:13:24.180+0000][1][safepoint    ] Application time: 0.0166443 seconds
[2022-06-13T02:13:24.180+0000][1][safepoint    ] Entering safepoint region: Deoptimize
[2022-06-13T02:13:24.181+0000][1][safepoint    ] Leaving safepoint region
[2022-06-13T02:13:24.181+0000][1][safepoint    ] Total time for which application threads were stopped: 0.0006555 seconds, Stopping threads took: 0.0001048 seconds
[2022-06-13T02:13:24.202+0000][1][safepoint    ] Application time: 0.0209844 seconds
[2022-06-13T02:13:24.202+0000][1][safepoint    ] Entering safepoint region: Deoptimize
[2022-06-13T02:13:24.203+0000][1][safepoint    ] Leaving safepoint region
[2022-06-13T02:13:24.203+0000][1][safepoint    ] Total time for which application threads were stopped: 0.0006611 seconds, Stopping threads took: 0.0001764 seconds
[2022-06-13T02:13:24.253+0000][1][safepoint    ] Application time: 0.0505203 seconds
[2022-06-13T02:13:24.254+0000][1][safepoint    ] Entering safepoint region: GenCollectForAllocation
[2022-06-13T02:13:24.254+0000][1][gc,start     ] GC(5) Pause Young (Allocation Failure)
[2022-06-13T02:13:24.254+0000][1][gc,task      ] GC(5) Using 5 workers of 13 for evacuation
[2022-06-13T02:13:24.257+0000][1][gc,age       ] GC(5) Desired survivor size 4456448 bytes, new threshold 3 (max threshold 6)
[2022-06-13T02:13:24.257+0000][1][gc,age       ] GC(5) Age table with threshold 3 (max threshold 6)
[2022-06-13T02:13:24.257+0000][1][gc,age       ] GC(5) - age   1:    2181424 bytes,    2181424 total
[2022-06-13T02:13:24.257+0000][1][gc,age       ] GC(5) - age   2:     580680 bytes,    2762104 total
[2022-06-13T02:13:24.257+0000][1][gc,age       ] GC(5) - age   3:    3189592 bytes,    5951696 total
[2022-06-13T02:13:24.257+0000][1][gc,heap      ] GC(5) ParNew: 77247K->7825K(78656K)
[2022-06-13T02:13:24.257+0000][1][gc,heap      ] GC(5) CMS: 7803K->8095K(174784K)
[2022-06-13T02:13:24.258+0000][1][gc,metaspace ] GC(5) Metaspace: 18951K->18951K(1067008K)
[2022-06-13T02:13:24.258+0000][1][gc           ] GC(5) Pause Young (Allocation Failure) 83M->15M(247M) 3.729ms
[2022-06-13T02:13:24.258+0000][1][gc,cpu       ] GC(5) User=0.01s Sys=0.00s Real=0.00s
[2022-06-13T02:13:24.258+0000][1][safepoint    ] Leaving safepoint region
[2022-06-13T02:13:24.258+0000][1][safepoint    ] Total time for which application threads were stopped: 0.0043331 seconds, Stopping threads took: 0.0001712 seconds
[2022-06-13T02:13:24.258+0000][1][safepoint    ] Application time: 0.0001926 seconds
[2022-06-13T02:13:24.259+0000][1][safepoint    ] Entering safepoint region: RevokeBias
[2022-06-13T02:13:24.259+0000][1][safepoint    ] Leaving safepoint region
[2022-06-13T02:13:24.259+0000][1][safepoint    ] Total time for which application threads were stopped: 0.0003629 seconds, Stopping threads took: 0.0001753 seconds
[2022-06-13T02:13:24.259+0000][1][safepoint    ] Application time: 0.0000745 seconds
[2022-06-13T02:13:24.259+0000][1][safepoint    ] Entering safepoint region: RevokeBias
[2022-06-13T02:13:24.259+0000][1][safepoint    ] Leaving safepoint region
[2022-06-13T02:13:24.260+0000][1][safepoint    ] Total time for which application threads were stopped: 0.0003215 seconds, Stopping threads took: 0.0001403 seconds
[2022-06-13T02:13:24.260+0000][1][safepoint    ] Application time: 0.0000805 seconds
[2022-06-13T02:13:24.260+0000][1][safepoint    ] Entering safepoint region: RevokeBias
[2022-06-13T02:13:24.260+0000][1][safepoint    ] Leaving safepoint region
[2022-06-13T02:13:24.260+0000][1][safepoint    ] Total time for which application threads were stopped: 0.0003195 seconds, Stopping threads took: 0.0001422 seconds
[2022-06-13T02:13:24.260+0000][1][safepoint    ] Application time: 0.0000778 seconds
[2022-06-13T02:13:24.261+0000][1][safepoint    ] Entering safepoint region: RevokeBias
[2022-06-13T02:13:24.261+0000][1][safepoint    ] Leaving safepoint region
[2022-06-13T02:13:24.261+0000][1][safepoint    ] Total time for which application threads were stopped: 0.0002847 seconds, Stopping threads took: 0.0001387 seconds
[2022-06-13T02:13:24.261+0000][1][safepoint    ] Application time: 0.0000852 seconds
[2022-06-13T02:13:24.261+0000][1][safepoint    ] Entering safepoint region: RevokeBias
[2022-06-13T02:13:24.261+0000][1][safepoint    ] Leaving safepoint region
[2022-06-13T02:13:24.261+0000][1][safepoint    ] Total time for which application threads were stopped: 0.0002569 seconds, Stopping threads took: 0.0001149 seconds
[2022-06-13T02:13:24.262+0000][1][safepoint    ] Application time: 0.0000708 seconds
[2022-06-13T02:13:24.262+0000][1][safepoint    ] Entering safepoint region: RevokeBias
[2022-06-13T02:13:24.262+0000][1][safepoint    ] Leaving safepoint region
[2022-06-13T02:13:24.262+0000][1][safepoint    ] Total time for which application threads were stopped: 0.0002270 seconds, Stopping threads took: 0.0000945 seconds
[2022-06-13T02:13:24.330+0000][1][safepoint    ] Application time: 0.0678526 seconds
[2022-06-13T02:13:24.330+0000][1][safepoint    ] Entering safepoint region: RevokeBias
[2022-06-13T02:13:24.330+0000][1][safepoint    ] Leaving safepoint region
[2022-06-13T02:13:24.330+0000][1][safepoint    ] Total time for which application threads were stopped: 0.0003518 seconds, Stopping threads took: 0.0001545 seconds
[2022-06-13T02:13:24.331+0000][1][safepoint    ] Application time: 0.0002298 seconds
[2022-06-13T02:13:24.331+0000][1][safepoint    ] Entering safepoint region: BulkRevokeBias
[2022-06-13T02:13:24.331+0000][1][safepoint    ] Leaving safepoint region
[2022-06-13T02:13:24.331+0000][1][safepoint    ] Total time for which application threads were stopped: 0.0002986 seconds, Stopping threads took: 0.0001280 seconds
[2022-06-13T02:13:24.346+0000][1][safepoint    ] Application time: 0.0147348 seconds
[2022-06-13T02:13:24.346+0000][1][safepoint    ] Entering safepoint region: GenCollectForAllocation
[2022-06-13T02:13:24.346+0000][1][gc,start     ] GC(6) Pause Young (Allocation Failure)
[2022-06-13T02:13:24.347+0000][1][gc,task      ] GC(6) Using 5 workers of 13 for evacuation
[2022-06-13T02:13:24.349+0000][1][gc,age       ] GC(6) Desired survivor size 4456448 bytes, new threshold 6 (max threshold 6)
[2022-06-13T02:13:24.350+0000][1][gc,age       ] GC(6) Age table with threshold 6 (max threshold 6)
[2022-06-13T02:13:24.350+0000][1][gc,age       ] GC(6) - age   1:    1358408 bytes,    1358408 total
[2022-06-13T02:13:24.350+0000][1][gc,age       ] GC(6) - age   2:    2168032 bytes,    3526440 total
[2022-06-13T02:13:24.350+0000][1][gc,age       ] GC(6) - age   3:     580680 bytes,    4107120 total
[2022-06-13T02:13:24.350+0000][1][gc,heap      ] GC(6) ParNew: 77777K->6535K(78656K)
[2022-06-13T02:13:24.350+0000][1][gc,heap      ] GC(6) CMS: 8095K->11233K(174784K)
[2022-06-13T02:13:24.350+0000][1][gc,metaspace ] GC(6) Metaspace: 19302K->19302K(1067008K)
[2022-06-13T02:13:24.350+0000][1][gc           ] GC(6) Pause Young (Allocation Failure) 83M->17M(247M) 3.774ms
[2022-06-13T02:13:24.350+0000][1][gc,cpu       ] GC(6) User=0.04s Sys=0.00s Real=0.01s
[2022-06-13T02:13:24.350+0000][1][safepoint    ] Leaving safepoint region
[2022-06-13T02:13:24.351+0000][1][safepoint    ] Total time for which application threads were stopped: 0.0042098 seconds, Stopping threads took: 0.0000987 seconds
[2022-06-13T02:13:24.351+0000][1][safepoint    ] Application time: 0.0001499 seconds
[2022-06-13T02:13:24.351+0000][1][safepoint    ] Entering safepoint region: BulkRevokeBias
[2022-06-13T02:13:24.351+0000][1][safepoint    ] Leaving safepoint region
[2022-06-13T02:13:24.351+0000][1][safepoint    ] Total time for which application threads were stopped: 0.0003808 seconds, Stopping threads took: 0.0001813 seconds
[2022-06-13T02:13:24.412+0000][1][safepoint    ] Application time: 0.0605299 seconds
[2022-06-13T02:13:24.412+0000][1][safepoint    ] Entering safepoint region: GenCollectForAllocation
[2022-06-13T02:13:24.412+0000][1][gc,start     ] GC(7) Pause Young (Allocation Failure)
[2022-06-13T02:13:24.413+0000][1][gc,task      ] GC(7) Using 5 workers of 13 for evacuation
[2022-06-13T02:13:24.414+0000][1][gc,age       ] GC(7) Desired survivor size 4456448 bytes, new threshold 6 (max threshold 6)
[2022-06-13T02:13:24.414+0000][1][gc,age       ] GC(7) Age table with threshold 6 (max threshold 6)
[2022-06-13T02:13:24.414+0000][1][gc,age       ] GC(7) - age   1:     470680 bytes,     470680 total
[2022-06-13T02:13:24.414+0000][1][gc,age       ] GC(7) - age   2:    1156792 bytes,    1627472 total
[2022-06-13T02:13:24.414+0000][1][gc,age       ] GC(7) - age   3:    2168032 bytes,    3795504 total
[2022-06-13T02:13:24.414+0000][1][gc,age       ] GC(7) - age   4:     580680 bytes,    4376184 total
[2022-06-13T02:13:24.414+0000][1][gc,heap      ] GC(7) ParNew: 76487K->5243K(78656K)
[2022-06-13T02:13:24.415+0000][1][gc,heap      ] GC(7) CMS: 11233K->11233K(174784K)
[2022-06-13T02:13:24.415+0000][1][gc,metaspace ] GC(7) Metaspace: 19554K->19554K(1067008K)
[2022-06-13T02:13:24.415+0000][1][gc           ] GC(7) Pause Young (Allocation Failure) 85M->16M(247M) 2.324ms
[2022-06-13T02:13:24.415+0000][1][gc,cpu       ] GC(7) User=0.01s Sys=0.00s Real=0.00s
[2022-06-13T02:13:24.415+0000][1][safepoint    ] Leaving safepoint region
[2022-06-13T02:13:24.415+0000][1][safepoint    ] Total time for which application threads were stopped: 0.0027420 seconds, Stopping threads took: 0.0001033 seconds
[2022-06-13T02:13:24.438+0000][1][safepoint    ] Application time: 0.0225503 seconds
[2022-06-13T02:13:24.438+0000][1][safepoint    ] Entering safepoint region: CollectForMetadataAllocation
[2022-06-13T02:13:24.438+0000][1][safepoint    ] Leaving safepoint region
[2022-06-13T02:13:24.438+0000][1][safepoint    ] Total time for which application threads were stopped: 0.0004078 seconds, Stopping threads took: 0.0001572 seconds
[2022-06-13T02:13:24.456+0000][1][safepoint    ] Application time: 0.0170444 seconds
[2022-06-13T02:13:24.456+0000][1][safepoint    ] Entering safepoint region: CollectForMetadataAllocation
[2022-06-13T02:13:24.456+0000][1][safepoint    ] Leaving safepoint region
[2022-06-13T02:13:24.456+0000][1][safepoint    ] Total time for which application threads were stopped: 0.0006127 seconds, Stopping threads took: 0.0002221 seconds
[2022-06-13T02:13:24.497+0000][1][safepoint    ] Application time: 0.0402751 seconds
[2022-06-13T02:13:24.498+0000][1][safepoint    ] Entering safepoint region: GenCollectForAllocation
[2022-06-13T02:13:24.498+0000][1][gc,start     ] GC(8) Pause Young (Allocation Failure)
[2022-06-13T02:13:24.498+0000][1][gc,task      ] GC(8) Using 5 workers of 13 for evacuation
[2022-06-13T02:13:24.501+0000][1][gc,age       ] GC(8) Desired survivor size 4456448 bytes, new threshold 4 (max threshold 6)
[2022-06-13T02:13:24.501+0000][1][gc,age       ] GC(8) Age table with threshold 4 (max threshold 6)
[2022-06-13T02:13:24.502+0000][1][gc,age       ] GC(8) - age   1:    2432768 bytes,    2432768 total
[2022-06-13T02:13:24.502+0000][1][gc,age       ] GC(8) - age   2:     451712 bytes,    2884480 total
[2022-06-13T02:13:24.502+0000][1][gc,age       ] GC(8) - age   3:    1156648 bytes,    4041128 total
[2022-06-13T02:13:24.502+0000][1][gc,age       ] GC(8) - age   4:    2165816 bytes,    6206944 total
[2022-06-13T02:13:24.503+0000][1][gc,age       ] GC(8) - age   5:     580680 bytes,    6787624 total
[2022-06-13T02:13:24.503+0000][1][gc,heap      ] GC(8) ParNew: 75195K->8704K(78656K)
[2022-06-13T02:13:24.503+0000][1][gc,heap      ] GC(8) CMS: 11233K->11233K(174784K)
[2022-06-13T02:13:24.504+0000][1][gc,metaspace ] GC(8) Metaspace: 20348K->20348K(1069056K)
[2022-06-13T02:13:24.504+0000][1][gc           ] GC(8) Pause Young (Allocation Failure) 84M->19M(247M) 5.881ms
[2022-06-13T02:13:24.504+0000][1][gc,cpu       ] GC(8) User=0.05s Sys=0.00s Real=0.01s
[2022-06-13T02:13:24.504+0000][1][safepoint    ] Leaving safepoint region
[2022-06-13T02:13:24.504+0000][1][safepoint    ] Total time for which application threads were stopped: 0.0068585 seconds, Stopping threads took: 0.0002822 seconds
[2022-06-13T02:13:24.505+0000][1][safepoint    ] Application time: 0.0002104 seconds
[2022-06-13T02:13:24.505+0000][1][safepoint    ] Entering safepoint region: CMS_Initial_Mark
[2022-06-13T02:13:24.505+0000][1][gc,start     ] GC(9) Pause Initial Mark
[2022-06-13T02:13:24.506+0000][1][gc           ] GC(9) Pause Initial Mark 20M->20M(247M) 0.956ms
[2022-06-13T02:13:24.506+0000][1][gc,cpu       ] GC(9) User=0.01s Sys=0.00s Real=0.00s
[2022-06-13T02:13:24.507+0000][1][safepoint    ] Leaving safepoint region
[2022-06-13T02:13:24.507+0000][1][safepoint    ] Total time for which application threads were stopped: 0.0018839 seconds, Stopping threads took: 0.0002547 seconds
[2022-06-13T02:13:24.507+0000][1][gc           ] GC(9) Concurrent Mark
[2022-06-13T02:13:24.508+0000][1][gc,task      ] GC(9) Using 4 workers of 4 for marking
[2022-06-13T02:13:24.512+0000][1][gc           ] GC(9) Concurrent Mark 4.548ms
[2022-06-13T02:13:24.512+0000][1][gc,cpu       ] GC(9) User=0.03s Sys=0.00s Real=0.01s
[2022-06-13T02:13:24.512+0000][1][gc           ] GC(9) Concurrent Preclean
[2022-06-13T02:13:24.513+0000][1][gc           ] GC(9) Concurrent Preclean 0.744ms
[2022-06-13T02:13:24.513+0000][1][gc,cpu       ] GC(9) User=0.00s Sys=0.00s Real=0.00s
[2022-06-13T02:13:24.514+0000][1][gc           ] GC(9) Concurrent Abortable Preclean
[2022-06-13T02:13:24.560+0000][1][safepoint    ] Application time: 0.0530437 seconds
[2022-06-13T02:13:24.560+0000][1][safepoint    ] Entering safepoint region: GenCollectForAllocation
[2022-06-13T02:13:24.561+0000][1][gc,start     ] GC(10) Pause Young (Allocation Failure)
[2022-06-13T02:13:24.561+0000][1][gc,task      ] GC(10) Using 5 workers of 13 for evacuation
[2022-06-13T02:13:24.564+0000][1][gc,age       ] GC(10) Desired survivor size 4456448 bytes, new threshold 6 (max threshold 6)
[2022-06-13T02:13:24.564+0000][1][gc,age       ] GC(10) Age table with threshold 6 (max threshold 6)
[2022-06-13T02:13:24.564+0000][1][gc,age       ] GC(10) - age   1:     768776 bytes,     768776 total
[2022-06-13T02:13:24.565+0000][1][gc,age       ] GC(10) - age   2:     510848 bytes,    1279624 total
[2022-06-13T02:13:24.565+0000][1][gc,age       ] GC(10) - age   3:     451592 bytes,    1731216 total
[2022-06-13T02:13:24.565+0000][1][gc,age       ] GC(10) - age   4:    1156648 bytes,    2887864 total
[2022-06-13T02:13:24.565+0000][1][gc,heap      ] GC(10) ParNew: 78656K->5725K(78656K)
[2022-06-13T02:13:24.565+0000][1][gc,heap      ] GC(10) CMS: 11233K->13939K(174784K)
[2022-06-13T02:13:24.566+0000][1][gc,metaspace ] GC(10) Metaspace: 20460K->20460K(1069056K)
[2022-06-13T02:13:24.566+0000][1][gc           ] GC(10) Pause Young (Allocation Failure) 87M->19M(247M) 5.187ms
[2022-06-13T02:13:24.566+0000][1][gc,cpu       ] GC(10) User=0.01s Sys=0.00s Real=0.00s
[2022-06-13T02:13:24.566+0000][1][safepoint    ] Leaving safepoint region
[2022-06-13T02:13:24.567+0000][1][safepoint    ] Total time for which application threads were stopped: 0.0060852 seconds, Stopping threads took: 0.0002085 seconds
[2022-06-13T02:13:24.619+0000][1][safepoint    ] Application time: 0.0526235 seconds
[2022-06-13T02:13:24.620+0000][1][safepoint    ] Entering safepoint region: GenCollectForAllocation
[2022-06-13T02:13:24.620+0000][1][gc,start     ] GC(11) Pause Young (Allocation Failure)
[2022-06-13T02:13:24.621+0000][1][gc,task      ] GC(11) Using 5 workers of 13 for evacuation
[2022-06-13T02:13:24.622+0000][1][gc,age       ] GC(11) Desired survivor size 4456448 bytes, new threshold 6 (max threshold 6)
[2022-06-13T02:13:24.623+0000][1][gc,age       ] GC(11) Age table with threshold 6 (max threshold 6)
[2022-06-13T02:13:24.623+0000][1][gc,age       ] GC(11) - age   1:    1505496 bytes,    1505496 total
[2022-06-13T02:13:24.624+0000][1][gc,age       ] GC(11) - age   2:     131776 bytes,    1637272 total
[2022-06-13T02:13:24.624+0000][1][gc,age       ] GC(11) - age   3:     510800 bytes,    2148072 total
[2022-06-13T02:13:24.625+0000][1][gc,age       ] GC(11) - age   4:     451488 bytes,    2599560 total
[2022-06-13T02:13:24.625+0000][1][gc,age       ] GC(11) - age   5:    1156360 bytes,    3755920 total
[2022-06-13T02:13:24.625+0000][1][gc,heap      ] GC(11) ParNew: 75677K->4737K(78656K)
[2022-06-13T02:13:24.626+0000][1][gc,heap      ] GC(11) CMS: 13939K->13939K(174784K)
[2022-06-13T02:13:24.626+0000][1][gc,metaspace ] GC(11) Metaspace: 20537K->20537K(1069056K)
[2022-06-13T02:13:24.626+0000][1][gc           ] GC(11) Pause Young (Allocation Failure) 87M->18M(247M) 6.194ms
[2022-06-13T02:13:24.627+0000][1][gc,cpu       ] GC(11) User=0.01s Sys=0.00s Real=0.00s
[2022-06-13T02:13:24.627+0000][1][safepoint    ] Leaving safepoint region
[2022-06-13T02:13:24.627+0000][1][safepoint    ] Total time for which application threads were stopped: 0.0076120 seconds, Stopping threads took: 0.0003376 seconds
[2022-06-13T02:13:24.654+0000][1][safepoint    ] Application time: 0.0264824 seconds
[2022-06-13T02:13:24.655+0000][1][safepoint    ] Entering safepoint region: CollectForMetadataAllocation
[2022-06-13T02:13:24.655+0000][1][safepoint    ] Leaving safepoint region
[2022-06-13T02:13:24.655+0000][1][safepoint    ] Total time for which application threads were stopped: 0.0004195 seconds, Stopping threads took: 0.0001780 seconds
[2022-06-13T02:13:24.666+0000][1][gc           ] GC(9) Concurrent Abortable Preclean 151.999ms
[2022-06-13T02:13:24.666+0000][1][gc,cpu       ] GC(9) User=0.44s Sys=0.01s Real=0.15s
[2022-06-13T02:13:24.666+0000][1][safepoint    ] Application time: 0.0109726 seconds
[2022-06-13T02:13:24.666+0000][1][safepoint    ] Entering safepoint region: CMS_Final_Remark
[2022-06-13T02:13:24.667+0000][1][gc,start     ] GC(9) Pause Remark
[2022-06-13T02:13:24.677+0000][1][gc           ] GC(9) Pause Remark 59M->59M(247M) 9.897ms
[2022-06-13T02:13:24.677+0000][1][gc,cpu       ] GC(9) User=0.02s Sys=0.00s Real=0.01s
[2022-06-13T02:13:24.678+0000][1][safepoint    ] Leaving safepoint region
[2022-06-13T02:13:24.678+0000][1][safepoint    ] Total time for which application threads were stopped: 0.0115692 seconds, Stopping threads took: 0.0003516 seconds
[2022-06-13T02:13:24.678+0000][1][gc           ] GC(9) Concurrent Sweep
[2022-06-13T02:13:24.682+0000][1][gc           ] GC(9) Concurrent Sweep 3.258ms
[2022-06-13T02:13:24.682+0000][1][gc,cpu       ] GC(9) User=0.00s Sys=0.01s Real=0.01s
[2022-06-13T02:13:24.682+0000][1][gc           ] GC(9) Concurrent Reset
[2022-06-13T02:13:24.683+0000][1][gc           ] GC(9) Concurrent Reset 0.631ms
[2022-06-13T02:13:24.683+0000][1][gc,cpu       ] GC(9) User=0.00s Sys=0.00s Real=0.00s
[2022-06-13T02:13:24.684+0000][1][gc,heap      ] GC(9) Old: 11233K->13915K(174784K)
[2022-06-13T02:13:24.800+0000][1][safepoint    ] Application time: 0.1219975 seconds
[2022-06-13T02:13:24.801+0000][1][safepoint    ] Entering safepoint region: RevokeBias
[2022-06-13T02:13:24.802+0000][1][safepoint    ] Leaving safepoint region
[2022-06-13T02:13:24.802+0000][1][safepoint    ] Total time for which application threads were stopped: 0.0012594 seconds, Stopping threads took: 0.0004262 seconds
[2022-06-13T02:13:24.824+0000][1][safepoint    ] Application time: 0.0215309 seconds
[2022-06-13T02:13:24.825+0000][1][safepoint    ] Entering safepoint region: Deoptimize
[2022-06-13T02:13:24.825+0000][1][safepoint    ] Leaving safepoint region
[2022-06-13T02:13:24.826+0000][1][safepoint    ] Total time for which application threads were stopped: 0.0012722 seconds, Stopping threads took: 0.0004133 seconds
[2022-06-13T02:13:24.871+0000][1][safepoint    ] Application time: 0.0448258 seconds
[2022-06-13T02:13:24.872+0000][1][safepoint    ] Entering safepoint region: Deoptimize
[2022-06-13T02:13:24.872+0000][1][safepoint    ] Leaving safepoint region
[2022-06-13T02:13:24.873+0000][1][safepoint    ] Total time for which application threads were stopped: 0.0008949 seconds, Stopping threads took: 0.0003228 seconds
[2022-06-13T02:13:24.873+0000][1][safepoint    ] Application time: 0.0003617 seconds
[2022-06-13T02:13:24.873+0000][1][safepoint    ] Entering safepoint region: Deoptimize
[2022-06-13T02:13:24.874+0000][1][safepoint    ] Leaving safepoint region
[2022-06-13T02:13:24.874+0000][1][safepoint    ] Total time for which application threads were stopped: 0.0010134 seconds, Stopping threads took: 0.0003937 seconds
[2022-06-13T02:13:24.880+0000][1][safepoint    ] Application time: 0.0054011 seconds
[2022-06-13T02:13:24.881+0000][1][safepoint    ] Entering safepoint region: RevokeBias
[2022-06-13T02:13:24.881+0000][1][safepoint    ] Leaving safepoint region
[2022-06-13T02:13:24.881+0000][1][safepoint    ] Total time for which application threads were stopped: 0.0006163 seconds, Stopping threads took: 0.0003287 seconds
[2022-06-13T02:13:24.882+0000][1][safepoint    ] Application time: 0.0002930 seconds
[2022-06-13T02:13:24.882+0000][1][safepoint    ] Entering safepoint region: RevokeBias
[2022-06-13T02:13:24.882+0000][1][safepoint    ] Leaving safepoint region
[2022-06-13T02:13:24.883+0000][1][safepoint    ] Total time for which application threads were stopped: 0.0006701 seconds, Stopping threads took: 0.0003067 seconds
[2022-06-13T02:13:24.884+0000][1][safepoint    ] Application time: 0.0005131 seconds
[2022-06-13T02:13:24.884+0000][1][safepoint    ] Entering safepoint region: Deoptimize
[2022-06-13T02:13:24.884+0000][1][safepoint    ] Leaving safepoint region
[2022-06-13T02:13:24.885+0000][1][safepoint    ] Total time for which application threads were stopped: 0.0007708 seconds, Stopping threads took: 0.0002867 seconds
[2022-06-13T02:13:24.887+0000][1][safepoint    ] Application time: 0.0020607 seconds
[2022-06-13T02:13:24.887+0000][1][safepoint    ] Entering safepoint region: Deoptimize
[2022-06-13T02:13:24.888+0000][1][safepoint    ] Leaving safepoint region
[2022-06-13T02:13:24.888+0000][1][safepoint    ] Total time for which application threads were stopped: 0.0010169 seconds, Stopping threads took: 0.0003040 seconds
[2022-06-13T02:13:24.913+0000][1][safepoint    ] Application time: 0.0238372 seconds
[2022-06-13T02:13:24.913+0000][1][safepoint    ] Entering safepoint region: GenCollectForAllocation
[2022-06-13T02:13:24.914+0000][1][gc,start     ] GC(12) Pause Young (Allocation Failure)
[2022-06-13T02:13:24.914+0000][1][gc,task      ] GC(12) Using 5 workers of 13 for evacuation
[2022-06-13T02:13:24.917+0000][1][gc,age       ] GC(12) Desired survivor size 4456448 bytes, new threshold 6 (max threshold 6)
[2022-06-13T02:13:24.917+0000][1][gc,age       ] GC(12) Age table with threshold 6 (max threshold 6)
[2022-06-13T02:13:24.918+0000][1][gc,age       ] GC(12) - age   1:    2495728 bytes,    2495728 total
[2022-06-13T02:13:24.918+0000][1][gc,age       ] GC(12) - age   2:     345008 bytes,    2840736 total
[2022-06-13T02:13:24.919+0000][1][gc,age       ] GC(12) - age   3:     131512 bytes,    2972248 total
[2022-06-13T02:13:24.919+0000][1][gc,age       ] GC(12) - age   4:     507728 bytes,    3479976 total
[2022-06-13T02:13:24.920+0000][1][gc,age       ] GC(12) - age   5:     449200 bytes,    3929176 total
[2022-06-13T02:13:24.920+0000][1][gc,age       ] GC(12) - age   6:    1155984 bytes,    5085160 total
[2022-06-13T02:13:24.920+0000][1][gc,heap      ] GC(12) ParNew: 74689K->7204K(78656K)
[2022-06-13T02:13:24.921+0000][1][gc,heap      ] GC(12) CMS: 13915K->13915K(174784K)
[2022-06-13T02:13:24.921+0000][1][gc,metaspace ] GC(12) Metaspace: 26140K->26140K(1073152K)
[2022-06-13T02:13:24.922+0000][1][gc           ] GC(12) Pause Young (Allocation Failure) 86M->20M(247M) 8.321ms
[2022-06-13T02:13:24.922+0000][1][gc,cpu       ] GC(12) User=0.02s Sys=0.01s Real=0.01s
[2022-06-13T02:13:24.923+0000][1][safepoint    ] Leaving safepoint region
[2022-06-13T02:13:24.923+0000][1][safepoint    ] Total time for which application threads were stopped: 0.0101102 seconds, Stopping threads took: 0.0005430 seconds
[2022-06-13T02:13:25.284+0000][1][safepoint    ] Application time: 0.3601578 seconds
[2022-06-13T02:13:25.284+0000][1][safepoint    ] Entering safepoint region: GenCollectForAllocation
[2022-06-13T02:13:25.285+0000][1][gc,start     ] GC(13) Pause Young (Allocation Failure)
[2022-06-13T02:13:25.285+0000][1][gc,task      ] GC(13) Using 5 workers of 13 for evacuation
[2022-06-13T02:13:25.300+0000][1][gc,age       ] GC(13) Desired survivor size 4456448 bytes, new threshold 1 (max threshold 6)
[2022-06-13T02:13:25.300+0000][1][gc,age       ] GC(13) Age table with threshold 1 (max threshold 6)
[2022-06-13T02:13:25.300+0000][1][gc,age       ] GC(13) - age   1:    5196488 bytes,    5196488 total
[2022-06-13T02:13:25.300+0000][1][gc,age       ] GC(13) - age   2:    2281288 bytes,    7477776 total
[2022-06-13T02:13:25.300+0000][1][gc,age       ] GC(13) - age   3:     344808 bytes,    7822584 total
[2022-06-13T02:13:25.300+0000][1][gc,age       ] GC(13) - age   4:     131480 bytes,    7954064 total
[2022-06-13T02:13:25.300+0000][1][gc,age       ] GC(13) - age   5:     507584 bytes,    8461648 total
[2022-06-13T02:13:25.300+0000][1][gc,age       ] GC(13) - age   6:     449200 bytes,    8910848 total
[2022-06-13T02:13:25.301+0000][1][gc,heap      ] GC(13) ParNew: 77156K->8704K(78656K)
[2022-06-13T02:13:25.301+0000][1][gc,heap      ] GC(13) CMS: 13915K->24990K(174784K)
[2022-06-13T02:13:25.301+0000][1][gc,metaspace ] GC(13) Metaspace: 26926K->26926K(1075200K)
[2022-06-13T02:13:25.301+0000][1][gc           ] GC(13) Pause Young (Allocation Failure) 88M->32M(247M) 16.279ms
[2022-06-13T02:13:25.301+0000][1][gc,cpu       ] GC(13) User=0.19s Sys=0.00s Real=0.02s
[2022-06-13T02:13:25.301+0000][1][safepoint    ] Leaving safepoint region
[2022-06-13T02:13:25.301+0000][1][safepoint    ] Total time for which application threads were stopped: 0.0170599 seconds, Stopping threads took: 0.0001641 seconds
[2022-06-13T02:13:25.308+0000][1][safepoint    ] Application time: 0.0066377 seconds
[2022-06-13T02:13:25.308+0000][1][safepoint    ] Entering safepoint region: Deoptimize
[2022-06-13T02:13:25.309+0000][1][safepoint    ] Leaving safepoint region
[2022-06-13T02:13:25.309+0000][1][safepoint    ] Total time for which application threads were stopped: 0.0007807 seconds, Stopping threads took: 0.0002350 seconds
[2022-06-13T02:13:25.382+0000][1][safepoint    ] Application time: 0.0732091 seconds
[2022-06-13T02:13:25.383+0000][1][safepoint    ] Entering safepoint region: RevokeBias
[2022-06-13T02:13:25.383+0000][1][safepoint    ] Leaving safepoint region
[2022-06-13T02:13:25.383+0000][1][safepoint    ] Total time for which application threads were stopped: 0.0002595 seconds, Stopping threads took: 0.0001127 seconds
[2022-06-13T02:13:25.519+0000][1][safepoint    ] Application time: 0.1364828 seconds
[2022-06-13T02:13:25.520+0000][1][safepoint    ] Entering safepoint region: GenCollectForAllocation
[2022-06-13T02:13:25.520+0000][1][gc,start     ] GC(14) Pause Young (Allocation Failure)
[2022-06-13T02:13:25.521+0000][1][gc,task      ] GC(14) Using 5 workers of 13 for evacuation
[2022-06-13T02:13:25.537+0000][1][gc,age       ] GC(14) Desired survivor size 4456448 bytes, new threshold 1 (max threshold 6)
[2022-06-13T02:13:25.538+0000][1][gc,age       ] GC(14) Age table with threshold 1 (max threshold 6)
[2022-06-13T02:13:25.538+0000][1][gc,age       ] GC(14) - age   1:    8912664 bytes,    8912664 total
[2022-06-13T02:13:25.538+0000][1][gc,heap      ] GC(14) ParNew: 78656K->8704K(78656K)
[2022-06-13T02:13:25.539+0000][1][gc,heap      ] GC(14) CMS: 24990K->38834K(174784K)
[2022-06-13T02:13:25.539+0000][1][gc,metaspace ] GC(14) Metaspace: 27092K->27092K(1075200K)
[2022-06-13T02:13:25.539+0000][1][gc           ] GC(14) Pause Young (Allocation Failure) 101M->46M(247M) 18.812ms
[2022-06-13T02:13:25.540+0000][1][gc,cpu       ] GC(14) User=0.11s Sys=0.00s Real=0.02s
[2022-06-13T02:13:25.540+0000][1][safepoint    ] Leaving safepoint region
[2022-06-13T02:13:25.540+0000][1][safepoint    ] Total time for which application threads were stopped: 0.0198830 seconds, Stopping threads took: 0.0004029 seconds
[2022-06-13T02:13:25.846+0000][1][safepoint    ] Application time: 0.3062682 seconds
[2022-06-13T02:13:25.847+0000][1][safepoint    ] Entering safepoint region: GenCollectForAllocation
[2022-06-13T02:13:25.847+0000][1][gc,start     ] GC(15) Pause Young (Allocation Failure)
[2022-06-13T02:13:25.848+0000][1][gc,task      ] GC(15) Using 5 workers of 13 for evacuation
[2022-06-13T02:13:25.862+0000][1][gc,age       ] GC(15) Desired survivor size 4456448 bytes, new threshold 1 (max threshold 6)
[2022-06-13T02:13:25.862+0000][1][gc,age       ] GC(15) Age table with threshold 1 (max threshold 6)
[2022-06-13T02:13:25.862+0000][1][gc,age       ] GC(15) - age   1:    6967280 bytes,    6967280 total
[2022-06-13T02:13:25.862+0000][1][gc,heap      ] GC(15) ParNew: 78656K->8704K(78656K)
[2022-06-13T02:13:25.862+0000][1][gc,heap      ] GC(15) CMS: 38834K->48567K(174784K)
[2022-06-13T02:13:25.862+0000][1][gc,metaspace ] GC(15) Metaspace: 31589K->31589K(1079296K)
[2022-06-13T02:13:25.862+0000][1][gc           ] GC(15) Pause Young (Allocation Failure) 114M->55M(247M) 15.045ms
[2022-06-13T02:13:25.863+0000][1][gc,cpu       ] GC(15) User=0.14s Sys=0.00s Real=0.02s
[2022-06-13T02:13:25.863+0000][1][safepoint    ] Leaving safepoint region
[2022-06-13T02:13:25.863+0000][1][safepoint    ] Total time for which application threads were stopped: 0.0164275 seconds, Stopping threads took: 0.0005358 seconds
[2022-06-13T02:13:25.963+0000][1][safepoint    ] Application time: 0.0994072 seconds
[2022-06-13T02:13:25.964+0000][1][safepoint    ] Entering safepoint region: GenCollectForAllocation
[2022-06-13T02:13:25.964+0000][1][gc,start     ] GC(16) Pause Young (Allocation Failure)
[2022-06-13T02:13:25.965+0000][1][gc,task      ] GC(16) Using 5 workers of 13 for evacuation
[2022-06-13T02:13:25.971+0000][1][gc,age       ] GC(16) Desired survivor size 4456448 bytes, new threshold 6 (max threshold 6)
[2022-06-13T02:13:25.971+0000][1][gc,age       ] GC(16) Age table with threshold 6 (max threshold 6)
[2022-06-13T02:13:25.972+0000][1][gc,age       ] GC(16) - age   1:     429136 bytes,     429136 total
[2022-06-13T02:13:25.972+0000][1][gc,heap      ] GC(16) ParNew: 78656K->7210K(78656K)
[2022-06-13T02:13:25.973+0000][1][gc,heap      ] GC(16) CMS: 48567K->55382K(174784K)
[2022-06-13T02:13:25.973+0000][1][gc,metaspace ] GC(16) Metaspace: 32880K->32880K(1079296K)
[2022-06-13T02:13:25.974+0000][1][gc           ] GC(16) Pause Young (Allocation Failure) 124M->61M(247M) 9.667ms
[2022-06-13T02:13:25.974+0000][1][gc,cpu       ] GC(16) User=0.04s Sys=0.00s Real=0.01s
[2022-06-13T02:13:25.975+0000][1][safepoint    ] Leaving safepoint region
[2022-06-13T02:13:25.975+0000][1][safepoint    ] Total time for which application threads were stopped: 0.0115385 seconds, Stopping threads took: 0.0005356 seconds
[2022-06-13T02:13:25.989+0000][1][safepoint    ] Application time: 0.0135465 seconds
[2022-06-13T02:13:25.989+0000][1][safepoint    ] Entering safepoint region: RevokeBias
[2022-06-13T02:13:25.990+0000][1][safepoint    ] Leaving safepoint region
[2022-06-13T02:13:25.990+0000][1][safepoint    ] Total time for which application threads were stopped: 0.0005897 seconds, Stopping threads took: 0.0003122 seconds
[2022-06-13T02:13:26.118+0000][1][safepoint    ] Application time: 0.1276747 seconds
[2022-06-13T02:13:26.118+0000][1][safepoint    ] Entering safepoint region: CollectForMetadataAllocation
[2022-06-13T02:13:26.119+0000][1][safepoint    ] Leaving safepoint region
[2022-06-13T02:13:26.119+0000][1][safepoint    ] Total time for which application threads were stopped: 0.0006400 seconds, Stopping threads took: 0.0002105 seconds
[2022-06-13T02:13:26.128+0000][1][safepoint    ] Application time: 0.0090649 seconds
[2022-06-13T02:13:26.128+0000][1][safepoint    ] Entering safepoint region: CollectForMetadataAllocation
[2022-06-13T02:13:26.129+0000][1][safepoint    ] Leaving safepoint region
[2022-06-13T02:13:26.129+0000][1][safepoint    ] Total time for which application threads were stopped: 0.0007237 seconds, Stopping threads took: 0.0003066 seconds
[2022-06-13T02:13:26.139+0000][1][safepoint    ] Application time: 0.0095347 seconds
[2022-06-13T02:13:26.139+0000][1][safepoint    ] Entering safepoint region: CollectForMetadataAllocation
[2022-06-13T02:13:26.140+0000][1][safepoint    ] Leaving safepoint region
[2022-06-13T02:13:26.140+0000][1][safepoint    ] Total time for which application threads were stopped: 0.0010238 seconds, Stopping threads took: 0.0004300 seconds
[2022-06-13T02:13:26.155+0000][1][safepoint    ] Application time: 0.0142062 seconds
[2022-06-13T02:13:26.156+0000][1][safepoint    ] Entering safepoint region: CollectForMetadataAllocation
[2022-06-13T02:13:26.156+0000][1][safepoint    ] Leaving safepoint region
[2022-06-13T02:13:26.156+0000][1][safepoint    ] Total time for which application threads were stopped: 0.0008413 seconds, Stopping threads took: 0.0004929 seconds
[2022-06-13T02:13:26.169+0000][1][safepoint    ] Application time: 0.0123884 seconds
[2022-06-13T02:13:26.169+0000][1][safepoint    ] Entering safepoint region: CollectForMetadataAllocation
[2022-06-13T02:13:26.170+0000][1][safepoint    ] Leaving safepoint region
[2022-06-13T02:13:26.171+0000][1][safepoint    ] Total time for which application threads were stopped: 0.0011482 seconds, Stopping threads took: 0.0005126 seconds
[2022-06-13T02:13:26.190+0000][1][safepoint    ] Application time: 0.0185553 seconds
[2022-06-13T02:13:26.190+0000][1][safepoint    ] Entering safepoint region: CollectForMetadataAllocation
[2022-06-13T02:13:26.190+0000][1][safepoint    ] Leaving safepoint region
[2022-06-13T02:13:26.191+0000][1][safepoint    ] Total time for which application threads were stopped: 0.0004924 seconds, Stopping threads took: 0.0001846 seconds
[2022-06-13T02:13:26.204+0000][1][safepoint    ] Application time: 0.0136771 seconds
[2022-06-13T02:13:26.205+0000][1][safepoint    ] Entering safepoint region: CollectForMetadataAllocation
[2022-06-13T02:13:26.205+0000][1][safepoint    ] Leaving safepoint region
[2022-06-13T02:13:26.206+0000][1][safepoint    ] Total time for which application threads were stopped: 0.0007398 seconds, Stopping threads took: 0.0003400 seconds
[2022-06-13T02:13:26.213+0000][1][safepoint    ] Application time: 0.0068448 seconds
[2022-06-13T02:13:26.213+0000][1][safepoint    ] Entering safepoint region: RevokeBias
[2022-06-13T02:13:26.213+0000][1][safepoint    ] Leaving safepoint region
[2022-06-13T02:13:26.214+0000][1][safepoint    ] Total time for which application threads were stopped: 0.0005204 seconds, Stopping threads took: 0.0001877 seconds
[2022-06-13T02:13:26.217+0000][1][safepoint    ] Application time: 0.0029769 seconds
[2022-06-13T02:13:26.217+0000][1][safepoint    ] Entering safepoint region: CollectForMetadataAllocation
[2022-06-13T02:13:26.218+0000][1][safepoint    ] Leaving safepoint region
[2022-06-13T02:13:26.218+0000][1][safepoint    ] Total time for which application threads were stopped: 0.0008663 seconds, Stopping threads took: 0.0003471 seconds
[2022-06-13T02:13:26.219+0000][1][safepoint    ] Application time: 0.0005103 seconds
[2022-06-13T02:13:26.219+0000][1][safepoint    ] Entering safepoint region: RevokeBias
[2022-06-13T02:13:26.219+0000][1][safepoint    ] Leaving safepoint region
[2022-06-13T02:13:26.220+0000][1][safepoint    ] Total time for which application threads were stopped: 0.0003821 seconds, Stopping threads took: 0.0002148 seconds
[2022-06-13T02:13:26.224+0000][1][safepoint    ] Application time: 0.0039717 seconds
[2022-06-13T02:13:26.224+0000][1][safepoint    ] Entering safepoint region: RevokeBias
[2022-06-13T02:13:26.224+0000][1][safepoint    ] Leaving safepoint region
[2022-06-13T02:13:26.225+0000][1][safepoint    ] Total time for which application threads were stopped: 0.0006999 seconds, Stopping threads took: 0.0002678 seconds
[2022-06-13T02:13:26.231+0000][1][safepoint    ] Application time: 0.0054045 seconds
[2022-06-13T02:13:26.231+0000][1][safepoint    ] Entering safepoint region: RevokeBias
[2022-06-13T02:13:26.231+0000][1][safepoint    ] Leaving safepoint region
[2022-06-13T02:13:26.232+0000][1][safepoint    ] Total time for which application threads were stopped: 0.0006804 seconds, Stopping threads took: 0.0003408 seconds
[2022-06-13T02:13:26.235+0000][1][safepoint    ] Application time: 0.0035236 seconds
[2022-06-13T02:13:26.236+0000][1][safepoint    ] Entering safepoint region: CollectForMetadataAllocation
[2022-06-13T02:13:26.236+0000][1][safepoint    ] Leaving safepoint region
[2022-06-13T02:13:26.237+0000][1][safepoint    ] Total time for which application threads were stopped: 0.0008544 seconds, Stopping threads took: 0.0003867 seconds
[2022-06-13T02:13:26.250+0000][1][safepoint    ] Application time: 0.0127377 seconds
[2022-06-13T02:13:26.250+0000][1][safepoint    ] Entering safepoint region: CollectForMetadataAllocation
[2022-06-13T02:13:26.250+0000][1][safepoint    ] Leaving safepoint region
[2022-06-13T02:13:26.251+0000][1][safepoint    ] Total time for which application threads were stopped: 0.0007092 seconds, Stopping threads took: 0.0002168 seconds
[2022-06-13T02:13:26.264+0000][1][safepoint    ] Application time: 0.0130274 seconds
[2022-06-13T02:13:26.264+0000][1][safepoint    ] Entering safepoint region: CollectForMetadataAllocation
[2022-06-13T02:13:26.265+0000][1][safepoint    ] Leaving safepoint region
[2022-06-13T02:13:26.265+0000][1][safepoint    ] Total time for which application threads were stopped: 0.0007927 seconds, Stopping threads took: 0.0002506 seconds
[2022-06-13T02:13:26.277+0000][1][safepoint    ] Application time: 0.0116898 seconds
[2022-06-13T02:13:26.278+0000][1][safepoint    ] Entering safepoint region: CollectForMetadataAllocation
[2022-06-13T02:13:26.278+0000][1][safepoint    ] Leaving safepoint region
[2022-06-13T02:13:26.278+0000][1][safepoint    ] Total time for which application threads were stopped: 0.0006865 seconds, Stopping threads took: 0.0002611 seconds
[2022-06-13T02:13:26.288+0000][1][safepoint    ] Application time: 0.0094815 seconds
[2022-06-13T02:13:26.288+0000][1][safepoint    ] Entering safepoint region: CollectForMetadataAllocation
[2022-06-13T02:13:26.289+0000][1][safepoint    ] Leaving safepoint region
[2022-06-13T02:13:26.290+0000][1][safepoint    ] Total time for which application threads were stopped: 0.0011946 seconds, Stopping threads took: 0.0004244 seconds
[2022-06-13T02:13:26.303+0000][1][safepoint    ] Application time: 0.0134667 seconds
[2022-06-13T02:13:26.304+0000][1][safepoint    ] Entering safepoint region: CollectForMetadataAllocation
[2022-06-13T02:13:26.304+0000][1][safepoint    ] Leaving safepoint region
[2022-06-13T02:13:26.305+0000][1][safepoint    ] Total time for which application threads were stopped: 0.0006326 seconds, Stopping threads took: 0.0003175 seconds
[2022-06-13T02:13:26.314+0000][1][safepoint    ] Application time: 0.0095827 seconds
[2022-06-13T02:13:26.315+0000][1][safepoint    ] Entering safepoint region: CollectForMetadataAllocation
[2022-06-13T02:13:26.315+0000][1][safepoint    ] Leaving safepoint region
[2022-06-13T02:13:26.315+0000][1][safepoint    ] Total time for which application threads were stopped: 0.0003920 seconds, Stopping threads took: 0.0001454 seconds
[2022-06-13T02:13:26.323+0000][1][safepoint    ] Application time: 0.0078563 seconds
[2022-06-13T02:13:26.323+0000][1][safepoint    ] Entering safepoint region: CollectForMetadataAllocation
[2022-06-13T02:13:26.324+0000][1][safepoint    ] Leaving safepoint region
[2022-06-13T02:13:26.324+0000][1][safepoint    ] Total time for which application threads were stopped: 0.0010195 seconds, Stopping threads took: 0.0005451 seconds
[2022-06-13T02:13:26.335+0000][1][safepoint    ] Application time: 0.0107919 seconds
[2022-06-13T02:13:26.336+0000][1][safepoint    ] Entering safepoint region: CollectForMetadataAllocation
[2022-06-13T02:13:26.336+0000][1][safepoint    ] Leaving safepoint region
[2022-06-13T02:13:26.336+0000][1][safepoint    ] Total time for which application threads were stopped: 0.0005271 seconds, Stopping threads took: 0.0003055 seconds
[2022-06-13T02:13:26.348+0000][1][safepoint    ] Application time: 0.0115300 seconds
[2022-06-13T02:13:26.348+0000][1][safepoint    ] Entering safepoint region: CollectForMetadataAllocation
[2022-06-13T02:13:26.349+0000][1][safepoint    ] Leaving safepoint region
[2022-06-13T02:13:26.349+0000][1][safepoint    ] Total time for which application threads were stopped: 0.0009348 seconds, Stopping threads took: 0.0003970 seconds
[2022-06-13T02:13:26.364+0000][1][safepoint    ] Application time: 0.0144241 seconds
[2022-06-13T02:13:26.364+0000][1][safepoint    ] Entering safepoint region: CollectForMetadataAllocation
[2022-06-13T02:13:26.364+0000][1][safepoint    ] Leaving safepoint region
[2022-06-13T02:13:26.364+0000][1][safepoint    ] Total time for which application threads were stopped: 0.0003154 seconds, Stopping threads took: 0.0000994 seconds
[2022-06-13T02:13:26.377+0000][1][safepoint    ] Application time: 0.0127566 seconds
[2022-06-13T02:13:26.378+0000][1][safepoint    ] Entering safepoint region: CollectForMetadataAllocation
[2022-06-13T02:13:26.378+0000][1][safepoint    ] Leaving safepoint region
[2022-06-13T02:13:26.378+0000][1][safepoint    ] Total time for which application threads were stopped: 0.0006182 seconds, Stopping threads took: 0.0002256 seconds
[2022-06-13T02:13:26.400+0000][1][safepoint    ] Application time: 0.0219302 seconds
[2022-06-13T02:13:26.401+0000][1][safepoint    ] Entering safepoint region: CollectForMetadataAllocation
[2022-06-13T02:13:26.401+0000][1][safepoint    ] Leaving safepoint region
[2022-06-13T02:13:26.402+0000][1][safepoint    ] Total time for which application threads were stopped: 0.0008490 seconds, Stopping threads took: 0.0003816 seconds
[2022-06-13T02:13:26.420+0000][1][safepoint    ] Application time: 0.0183610 seconds
[2022-06-13T02:13:26.421+0000][1][safepoint    ] Entering safepoint region: CollectForMetadataAllocation
[2022-06-13T02:13:26.421+0000][1][safepoint    ] Leaving safepoint region
[2022-06-13T02:13:26.422+0000][1][safepoint    ] Total time for which application threads were stopped: 0.0008857 seconds, Stopping threads took: 0.0004103 seconds
[2022-06-13T02:13:26.431+0000][1][safepoint    ] Application time: 0.0091528 seconds
[2022-06-13T02:13:26.432+0000][1][safepoint    ] Entering safepoint region: CollectForMetadataAllocation
[2022-06-13T02:13:26.432+0000][1][safepoint    ] Leaving safepoint region
[2022-06-13T02:13:26.432+0000][1][safepoint    ] Total time for which application threads were stopped: 0.0007243 seconds, Stopping threads took: 0.0003267 seconds
[2022-06-13T02:13:26.445+0000][1][safepoint    ] Application time: 0.0119107 seconds
[2022-06-13T02:13:26.445+0000][1][safepoint    ] Entering safepoint region: CollectForMetadataAllocation
[2022-06-13T02:13:26.445+0000][1][safepoint    ] Leaving safepoint region
[2022-06-13T02:13:26.445+0000][1][safepoint    ] Total time for which application threads were stopped: 0.0004731 seconds, Stopping threads took: 0.0002193 seconds
[2022-06-13T02:13:26.454+0000][1][safepoint    ] Application time: 0.0079567 seconds
[2022-06-13T02:13:26.454+0000][1][safepoint    ] Entering safepoint region: RevokeBias
[2022-06-13T02:13:26.454+0000][1][safepoint    ] Leaving safepoint region
[2022-06-13T02:13:26.454+0000][1][safepoint    ] Total time for which application threads were stopped: 0.0005281 seconds, Stopping threads took: 0.0002517 seconds
[2022-06-13T02:13:26.455+0000][1][safepoint    ] Application time: 0.0001580 seconds
[2022-06-13T02:13:26.455+0000][1][safepoint    ] Entering safepoint region: RevokeBias
[2022-06-13T02:13:26.455+0000][1][safepoint    ] Leaving safepoint region
[2022-06-13T02:13:26.456+0000][1][safepoint    ] Total time for which application threads were stopped: 0.0006139 seconds, Stopping threads took: 0.0004081 seconds
[2022-06-13T02:13:26.461+0000][1][safepoint    ] Application time: 0.0055276 seconds
[2022-06-13T02:13:26.462+0000][1][safepoint    ] Entering safepoint region: CollectForMetadataAllocation
[2022-06-13T02:13:26.462+0000][1][safepoint    ] Leaving safepoint region
[2022-06-13T02:13:26.462+0000][1][safepoint    ] Total time for which application threads were stopped: 0.0005508 seconds, Stopping threads took: 0.0002553 seconds
[2022-06-13T02:13:26.587+0000][1][safepoint    ] Application time: 0.1242744 seconds
[2022-06-13T02:13:26.587+0000][1][safepoint    ] Entering safepoint region: CollectForMetadataAllocation
[2022-06-13T02:13:26.588+0000][1][safepoint    ] Leaving safepoint region
[2022-06-13T02:13:26.588+0000][1][safepoint    ] Total time for which application threads were stopped: 0.0007317 seconds, Stopping threads took: 0.0003158 seconds
[2022-06-13T02:13:26.792+0000][1][safepoint    ] Application time: 0.2036696 seconds
[2022-06-13T02:13:26.793+0000][1][safepoint    ] Entering safepoint region: CollectForMetadataAllocation
[2022-06-13T02:13:26.793+0000][1][safepoint    ] Leaving safepoint region
[2022-06-13T02:13:26.793+0000][1][safepoint    ] Total time for which application threads were stopped: 0.0010542 seconds, Stopping threads took: 0.0005465 seconds
[2022-06-13T02:13:26.795+0000][1][safepoint    ] Application time: 0.0013914 seconds
[2022-06-13T02:13:26.795+0000][1][safepoint    ] Entering safepoint region: GenCollectForAllocation
[2022-06-13T02:13:26.796+0000][1][gc,start     ] GC(17) Pause Young (Allocation Failure)
[2022-06-13T02:13:26.796+0000][1][gc,task      ] GC(17) Using 5 workers of 13 for evacuation
[2022-06-13T02:13:26.799+0000][1][gc,age       ] GC(17) Desired survivor size 4456448 bytes, new threshold 6 (max threshold 6)
[2022-06-13T02:13:26.799+0000][1][gc,age       ] GC(17) Age table with threshold 6 (max threshold 6)
[2022-06-13T02:13:26.799+0000][1][gc,age       ] GC(17) - age   1:    3770560 bytes,    3770560 total
[2022-06-13T02:13:26.799+0000][1][gc,age       ] GC(17) - age   2:     387704 bytes,    4158264 total
[2022-06-13T02:13:26.799+0000][1][gc,heap      ] GC(17) ParNew: 77162K->5267K(78656K)
[2022-06-13T02:13:26.799+0000][1][gc,heap      ] GC(17) CMS: 55382K->55382K(174784K)
[2022-06-13T02:13:26.800+0000][1][gc,metaspace ] GC(17) Metaspace: 42231K->42231K(1087488K)
[2022-06-13T02:13:26.800+0000][1][gc           ] GC(17) Pause Young (Allocation Failure) 129M->59M(247M) 4.113ms
[2022-06-13T02:13:26.800+0000][1][gc,cpu       ] GC(17) User=0.02s Sys=0.00s Real=0.01s
[2022-06-13T02:13:26.800+0000][1][safepoint    ] Leaving safepoint region
[2022-06-13T02:13:26.800+0000][1][safepoint    ] Total time for which application threads were stopped: 0.0049256 seconds, Stopping threads took: 0.0001769 seconds
[2022-06-13T02:13:26.801+0000][1][safepoint    ] Application time: 0.0001115 seconds
[2022-06-13T02:13:26.801+0000][1][safepoint    ] Entering safepoint region: CMS_Initial_Mark
[2022-06-13T02:13:26.801+0000][1][gc,start     ] GC(18) Pause Initial Mark
[2022-06-13T02:13:26.802+0000][1][gc           ] GC(18) Pause Initial Mark 60M->60M(247M) 1.185ms
[2022-06-13T02:13:26.802+0000][1][gc,cpu       ] GC(18) User=0.00s Sys=0.00s Real=0.00s
[2022-06-13T02:13:26.802+0000][1][safepoint    ] Leaving safepoint region
[2022-06-13T02:13:26.802+0000][1][safepoint    ] Total time for which application threads were stopped: 0.0016552 seconds, Stopping threads took: 0.0001801 seconds
[2022-06-13T02:13:26.802+0000][1][gc           ] GC(18) Concurrent Mark
[2022-06-13T02:13:26.803+0000][1][gc,task      ] GC(18) Using 4 workers of 4 for marking
[2022-06-13T02:13:26.821+0000][1][gc           ] GC(18) Concurrent Mark 18.939ms
[2022-06-13T02:13:26.822+0000][1][gc,cpu       ] GC(18) User=0.10s Sys=0.00s Real=0.02s
[2022-06-13T02:13:26.822+0000][1][gc           ] GC(18) Concurrent Preclean
[2022-06-13T02:13:26.824+0000][1][gc           ] GC(18) Concurrent Preclean 1.880ms
[2022-06-13T02:13:26.824+0000][1][gc,cpu       ] GC(18) User=0.00s Sys=0.00s Real=0.00s
[2022-06-13T02:13:26.825+0000][1][gc           ] GC(18) Concurrent Abortable Preclean
[2022-06-13T02:13:26.827+0000][1][safepoint    ] Application time: 0.0241051 seconds
[2022-06-13T02:13:26.827+0000][1][safepoint    ] Entering safepoint region: CollectForMetadataAllocation
[2022-06-13T02:13:26.827+0000][1][safepoint    ] Leaving safepoint region
[2022-06-13T02:13:26.828+0000][1][safepoint    ] Total time for which application threads were stopped: 0.0009294 seconds, Stopping threads took: 0.0003841 seconds
[2022-06-13T02:13:26.900+0000][1][safepoint    ] Application time: 0.0718626 seconds
[2022-06-13T02:13:26.900+0000][1][safepoint    ] Entering safepoint region: CollectForMetadataAllocation
[2022-06-13T02:13:26.901+0000][1][safepoint    ] Leaving safepoint region
[2022-06-13T02:13:26.901+0000][1][safepoint    ] Total time for which application threads were stopped: 0.0007320 seconds, Stopping threads took: 0.0002118 seconds
[2022-06-13T02:13:26.959+0000][1][safepoint    ] Application time: 0.0579683 seconds
[2022-06-13T02:13:26.960+0000][1][safepoint    ] Entering safepoint region: CollectForMetadataAllocation
[2022-06-13T02:13:26.960+0000][1][safepoint    ] Leaving safepoint region
[2022-06-13T02:13:26.960+0000][1][safepoint    ] Total time for which application threads were stopped: 0.0007164 seconds, Stopping threads took: 0.0003730 seconds
[2022-06-13T02:13:26.969+0000][1][safepoint    ] Application time: 0.0084645 seconds
[2022-06-13T02:13:26.969+0000][1][safepoint    ] Entering safepoint region: CollectForMetadataAllocation
[2022-06-13T02:13:26.970+0000][1][safepoint    ] Leaving safepoint region
[2022-06-13T02:13:26.970+0000][1][safepoint    ] Total time for which application threads were stopped: 0.0008069 seconds, Stopping threads took: 0.0001822 seconds
[2022-06-13T02:13:26.994+0000][1][safepoint    ] Application time: 0.0238306 seconds
[2022-06-13T02:13:26.994+0000][1][safepoint    ] Entering safepoint region: CollectForMetadataAllocation
[2022-06-13T02:13:26.995+0000][1][safepoint    ] Leaving safepoint region
[2022-06-13T02:13:26.995+0000][1][safepoint    ] Total time for which application threads were stopped: 0.0008087 seconds, Stopping threads took: 0.0002493 seconds
[2022-06-13T02:13:27.005+0000][1][safepoint    ] Application time: 0.0094410 seconds
[2022-06-13T02:13:27.005+0000][1][safepoint    ] Entering safepoint region: CollectForMetadataAllocation
[2022-06-13T02:13:27.006+0000][1][safepoint    ] Leaving safepoint region
[2022-06-13T02:13:27.006+0000][1][safepoint    ] Total time for which application threads were stopped: 0.0008615 seconds, Stopping threads took: 0.0003685 seconds
[2022-06-13T02:13:27.007+0000][1][gc           ] GC(18) Concurrent Abortable Preclean 182.433ms
[2022-06-13T02:13:27.007+0000][1][gc,cpu       ] GC(18) User=1.02s Sys=0.05s Real=0.18s
[2022-06-13T02:13:27.008+0000][1][safepoint    ] Application time: 0.0014100 seconds
[2022-06-13T02:13:27.008+0000][1][safepoint    ] Entering safepoint region: CMS_Final_Remark
[2022-06-13T02:13:27.008+0000][1][gc,start     ] GC(18) Pause Remark
[2022-06-13T02:13:27.019+0000][1][gc           ] GC(18) Pause Remark 95M->95M(247M) 10.764ms
[2022-06-13T02:13:27.019+0000][1][gc,cpu       ] GC(18) User=0.06s Sys=0.00s Real=0.02s
[2022-06-13T02:13:27.020+0000][1][safepoint    ] Leaving safepoint region
[2022-06-13T02:13:27.020+0000][1][safepoint    ] Total time for which application threads were stopped: 0.0120429 seconds, Stopping threads took: 0.0004586 seconds
[2022-06-13T02:13:27.020+0000][1][gc           ] GC(18) Concurrent Sweep
[2022-06-13T02:13:27.029+0000][1][safepoint    ] Application time: 0.0093428 seconds
[2022-06-13T02:13:27.030+0000][1][safepoint    ] Entering safepoint region: Deoptimize
[2022-06-13T02:13:27.031+0000][1][safepoint    ] Leaving safepoint region
[2022-06-13T02:13:27.031+0000][1][safepoint    ] Total time for which application threads were stopped: 0.0014509 seconds, Stopping threads took: 0.0002192 seconds
[2022-06-13T02:13:27.037+0000][1][gc           ] GC(18) Concurrent Sweep 16.788ms
[2022-06-13T02:13:27.037+0000][1][gc,cpu       ] GC(18) User=0.07s Sys=0.00s Real=0.01s
[2022-06-13T02:13:27.038+0000][1][gc           ] GC(18) Concurrent Reset
[2022-06-13T02:13:27.038+0000][1][gc           ] GC(18) Concurrent Reset 0.377ms
[2022-06-13T02:13:27.038+0000][1][gc,cpu       ] GC(18) User=0.00s Sys=0.00s Real=0.00s
[2022-06-13T02:13:27.039+0000][1][gc,heap      ] GC(18) Old: 55382K->55167K(174784K)
[2022-06-13T02:13:27.068+0000][1][safepoint    ] Application time: 0.0362345 seconds
[2022-06-13T02:13:27.068+0000][1][safepoint    ] Entering safepoint region: RevokeBias
[2022-06-13T02:13:27.068+0000][1][safepoint    ] Leaving safepoint region
[2022-06-13T02:13:27.068+0000][1][safepoint    ] Total time for which application threads were stopped: 0.0002355 seconds, Stopping threads took: 0.0001002 seconds
[2022-06-13T02:13:27.071+0000][1][safepoint    ] Application time: 0.0020838 seconds
[2022-06-13T02:13:27.071+0000][1][safepoint    ] Entering safepoint region: RevokeBias
[2022-06-13T02:13:27.071+0000][1][safepoint    ] Leaving safepoint region
[2022-06-13T02:13:27.071+0000][1][safepoint    ] Total time for which application threads were stopped: 0.0003901 seconds, Stopping threads took: 0.0001805 seconds
[2022-06-13T02:13:27.233+0000][1][safepoint    ] Application time: 0.1613517 seconds
[2022-06-13T02:13:27.233+0000][1][safepoint    ] Entering safepoint region: RevokeBias
[2022-06-13T02:13:27.234+0000][1][safepoint    ] Leaving safepoint region
[2022-06-13T02:13:27.234+0000][1][safepoint    ] Total time for which application threads were stopped: 0.0007864 seconds, Stopping threads took: 0.0002015 seconds
[2022-06-13T02:13:27.234+0000][1][safepoint    ] Application time: 0.0002963 seconds
[2022-06-13T02:13:27.234+0000][1][safepoint    ] Entering safepoint region: RevokeBias
[2022-06-13T02:13:27.235+0000][1][safepoint    ] Leaving safepoint region
[2022-06-13T02:13:27.235+0000][1][safepoint    ] Total time for which application threads were stopped: 0.0003503 seconds, Stopping threads took: 0.0001514 seconds
[2022-06-13T02:13:27.235+0000][1][safepoint    ] Application time: 0.0001118 seconds
[2022-06-13T02:13:27.235+0000][1][safepoint    ] Entering safepoint region: RevokeBias
[2022-06-13T02:13:27.235+0000][1][safepoint    ] Leaving safepoint region
[2022-06-13T02:13:27.236+0000][1][safepoint    ] Total time for which application threads were stopped: 0.0003395 seconds, Stopping threads took: 0.0002090 seconds
[2022-06-13T02:13:27.236+0000][1][safepoint    ] Application time: 0.0000765 seconds
[2022-06-13T02:13:27.236+0000][1][safepoint    ] Entering safepoint region: RevokeBias
[2022-06-13T02:13:27.236+0000][1][safepoint    ] Leaving safepoint region
[2022-06-13T02:13:27.236+0000][1][safepoint    ] Total time for which application threads were stopped: 0.0002679 seconds, Stopping threads took: 0.0001231 seconds
[2022-06-13T02:13:27.236+0000][1][safepoint    ] Application time: 0.0002056 seconds
[2022-06-13T02:13:27.237+0000][1][safepoint    ] Entering safepoint region: RevokeBias
[2022-06-13T02:13:27.237+0000][1][safepoint    ] Leaving safepoint region
[2022-06-13T02:13:27.237+0000][1][safepoint    ] Total time for which application threads were stopped: 0.0002587 seconds, Stopping threads took: 0.0001062 seconds
[2022-06-13T02:13:27.237+0000][1][safepoint    ] Application time: 0.0003149 seconds
[2022-06-13T02:13:27.237+0000][1][safepoint    ] Entering safepoint region: RevokeBias
[2022-06-13T02:13:27.238+0000][1][safepoint    ] Leaving safepoint region
[2022-06-13T02:13:27.238+0000][1][safepoint    ] Total time for which application threads were stopped: 0.0003212 seconds, Stopping threads took: 0.0001718 seconds
[2022-06-13T02:13:27.238+0000][1][safepoint    ] Application time: 0.0001079 seconds
[2022-06-13T02:13:27.238+0000][1][safepoint    ] Entering safepoint region: RevokeBias
[2022-06-13T02:13:27.238+0000][1][safepoint    ] Leaving safepoint region
[2022-06-13T02:13:27.238+0000][1][safepoint    ] Total time for which application threads were stopped: 0.0002606 seconds, Stopping threads took: 0.0001296 seconds
[2022-06-13T02:13:27.239+0000][1][safepoint    ] Application time: 0.0001894 seconds
[2022-06-13T02:13:27.239+0000][1][safepoint    ] Entering safepoint region: RevokeBias
[2022-06-13T02:13:27.239+0000][1][safepoint    ] Leaving safepoint region
[2022-06-13T02:13:27.239+0000][1][safepoint    ] Total time for which application threads were stopped: 0.0007290 seconds, Stopping threads took: 0.0005945 seconds
[2022-06-13T02:13:27.240+0000][1][safepoint    ] Application time: 0.0000915 seconds
[2022-06-13T02:13:27.240+0000][1][safepoint    ] Entering safepoint region: RevokeBias
[2022-06-13T02:13:27.240+0000][1][safepoint    ] Leaving safepoint region
[2022-06-13T02:13:27.240+0000][1][safepoint    ] Total time for which application threads were stopped: 0.0004217 seconds, Stopping threads took: 0.0002172 seconds
[2022-06-13T02:13:27.240+0000][1][safepoint    ] Application time: 0.0000999 seconds
[2022-06-13T02:13:27.241+0000][1][safepoint    ] Entering safepoint region: RevokeBias
[2022-06-13T02:13:27.241+0000][1][safepoint    ] Leaving safepoint region
[2022-06-13T02:13:27.241+0000][1][safepoint    ] Total time for which application threads were stopped: 0.0002125 seconds, Stopping threads took: 0.0001008 seconds
[2022-06-13T02:13:27.241+0000][1][safepoint    ] Application time: 0.0000745 seconds
[2022-06-13T02:13:27.241+0000][1][safepoint    ] Entering safepoint region: RevokeBias
[2022-06-13T02:13:27.241+0000][1][safepoint    ] Leaving safepoint region
[2022-06-13T02:13:27.241+0000][1][safepoint    ] Total time for which application threads were stopped: 0.0002152 seconds, Stopping threads took: 0.0000856 seconds
[2022-06-13T02:13:27.241+0000][1][safepoint    ] Application time: 0.0000744 seconds
[2022-06-13T02:13:27.241+0000][1][safepoint    ] Entering safepoint region: RevokeBias
[2022-06-13T02:13:27.242+0000][1][safepoint    ] Leaving safepoint region
[2022-06-13T02:13:27.242+0000][1][safepoint    ] Total time for which application threads were stopped: 0.0002065 seconds, Stopping threads took: 0.0001030 seconds
[2022-06-13T02:13:27.242+0000][1][safepoint    ] Application time: 0.0000664 seconds
[2022-06-13T02:13:27.242+0000][1][safepoint    ] Entering safepoint region: RevokeBias
[2022-06-13T02:13:27.242+0000][1][safepoint    ] Leaving safepoint region
[2022-06-13T02:13:27.242+0000][1][safepoint    ] Total time for which application threads were stopped: 0.0001721 seconds, Stopping threads took: 0.0000729 seconds
[2022-06-13T02:13:27.242+0000][1][safepoint    ] Application time: 0.0000517 seconds
[2022-06-13T02:13:27.242+0000][1][safepoint    ] Entering safepoint region: RevokeBias
[2022-06-13T02:13:27.242+0000][1][safepoint    ] Leaving safepoint region
[2022-06-13T02:13:27.242+0000][1][safepoint    ] Total time for which application threads were stopped: 0.0001539 seconds, Stopping threads took: 0.0000690 seconds
[2022-06-13T02:13:27.243+0000][1][safepoint    ] Application time: 0.0000535 seconds
[2022-06-13T02:13:27.243+0000][1][safepoint    ] Entering safepoint region: RevokeBias
[2022-06-13T02:13:27.243+0000][1][safepoint    ] Leaving safepoint region
[2022-06-13T02:13:27.243+0000][1][safepoint    ] Total time for which application threads were stopped: 0.0001613 seconds, Stopping threads took: 0.0000760 seconds
[2022-06-13T02:13:27.243+0000][1][safepoint    ] Application time: 0.0000680 seconds
[2022-06-13T02:13:27.243+0000][1][safepoint    ] Entering safepoint region: RevokeBias
[2022-06-13T02:13:27.243+0000][1][safepoint    ] Leaving safepoint region
[2022-06-13T02:13:27.243+0000][1][safepoint    ] Total time for which application threads were stopped: 0.0003917 seconds, Stopping threads took: 0.0001740 seconds
[2022-06-13T02:13:27.244+0000][1][safepoint    ] Application time: 0.0000538 seconds
[2022-06-13T02:13:27.244+0000][1][safepoint    ] Entering safepoint region: RevokeBias
[2022-06-13T02:13:27.244+0000][1][safepoint    ] Leaving safepoint region
[2022-06-13T02:13:27.244+0000][1][safepoint    ] Total time for which application threads were stopped: 0.0002158 seconds, Stopping threads took: 0.0000892 seconds
[2022-06-13T02:13:27.244+0000][1][safepoint    ] Application time: 0.0000567 seconds
[2022-06-13T02:13:27.244+0000][1][safepoint    ] Entering safepoint region: RevokeBias
[2022-06-13T02:13:27.244+0000][1][safepoint    ] Leaving safepoint region
[2022-06-13T02:13:27.244+0000][1][safepoint    ] Total time for which application threads were stopped: 0.0001741 seconds, Stopping threads took: 0.0000733 seconds
[2022-06-13T02:13:27.244+0000][1][safepoint    ] Application time: 0.0000565 seconds
[2022-06-13T02:13:27.245+0000][1][safepoint    ] Entering safepoint region: RevokeBias
[2022-06-13T02:13:27.245+0000][1][safepoint    ] Leaving safepoint region
[2022-06-13T02:13:27.245+0000][1][safepoint    ] Total time for which application threads were stopped: 0.0003579 seconds, Stopping threads took: 0.0002418 seconds
[2022-06-13T02:13:27.245+0000][1][safepoint    ] Application time: 0.0000674 seconds
[2022-06-13T02:13:27.245+0000][1][safepoint    ] Entering safepoint region: RevokeBias
[2022-06-13T02:13:27.245+0000][1][safepoint    ] Leaving safepoint region
[2022-06-13T02:13:27.245+0000][1][safepoint    ] Total time for which application threads were stopped: 0.0001874 seconds, Stopping threads took: 0.0000904 seconds
[2022-06-13T02:13:27.245+0000][1][safepoint    ] Application time: 0.0000693 seconds
[2022-06-13T02:13:27.245+0000][1][safepoint    ] Entering safepoint region: RevokeBias
[2022-06-13T02:13:27.245+0000][1][safepoint    ] Leaving safepoint region
[2022-06-13T02:13:27.246+0000][1][safepoint    ] Total time for which application threads were stopped: 0.0001496 seconds, Stopping threads took: 0.0000673 seconds
[2022-06-13T02:13:27.246+0000][1][safepoint    ] Application time: 0.0000475 seconds
[2022-06-13T02:13:27.246+0000][1][safepoint    ] Entering safepoint region: RevokeBias
[2022-06-13T02:13:27.246+0000][1][safepoint    ] Leaving safepoint region
[2022-06-13T02:13:27.246+0000][1][safepoint    ] Total time for which application threads were stopped: 0.0001584 seconds, Stopping threads took: 0.0000677 seconds
[2022-06-13T02:13:27.246+0000][1][safepoint    ] Application time: 0.0000506 seconds
[2022-06-13T02:13:27.246+0000][1][safepoint    ] Entering safepoint region: RevokeBias
[2022-06-13T02:13:27.246+0000][1][safepoint    ] Leaving safepoint region
[2022-06-13T02:13:27.246+0000][1][safepoint    ] Total time for which application threads were stopped: 0.0001632 seconds, Stopping threads took: 0.0000686 seconds
[2022-06-13T02:13:27.246+0000][1][safepoint    ] Application time: 0.0000564 seconds
[2022-06-13T02:13:27.246+0000][1][safepoint    ] Entering safepoint region: RevokeBias
[2022-06-13T02:13:27.247+0000][1][safepoint    ] Leaving safepoint region
[2022-06-13T02:13:27.247+0000][1][safepoint    ] Total time for which application threads were stopped: 0.0001495 seconds, Stopping threads took: 0.0000671 seconds
[2022-06-13T02:13:27.247+0000][1][safepoint    ] Application time: 0.0000473 seconds
[2022-06-13T02:13:27.247+0000][1][safepoint    ] Entering safepoint region: RevokeBias
[2022-06-13T02:13:27.247+0000][1][safepoint    ] Leaving safepoint region
[2022-06-13T02:13:27.247+0000][1][safepoint    ] Total time for which application threads were stopped: 0.0002259 seconds, Stopping threads took: 0.0001089 seconds
[2022-06-13T02:13:27.247+0000][1][safepoint    ] Application time: 0.0000471 seconds
[2022-06-13T02:13:27.247+0000][1][safepoint    ] Entering safepoint region: RevokeBias
[2022-06-13T02:13:27.247+0000][1][safepoint    ] Leaving safepoint region
[2022-06-13T02:13:27.247+0000][1][safepoint    ] Total time for which application threads were stopped: 0.0001792 seconds, Stopping threads took: 0.0000893 seconds
[2022-06-13T02:13:27.248+0000][1][safepoint    ] Application time: 0.0000488 seconds
[2022-06-13T02:13:27.248+0000][1][safepoint    ] Entering safepoint region: RevokeBias
[2022-06-13T02:13:27.248+0000][1][safepoint    ] Leaving safepoint region
[2022-06-13T02:13:27.248+0000][1][safepoint    ] Total time for which application threads were stopped: 0.0001484 seconds, Stopping threads took: 0.0000667 seconds
[2022-06-13T02:13:27.248+0000][1][safepoint    ] Application time: 0.0000556 seconds
[2022-06-13T02:13:27.248+0000][1][safepoint    ] Entering safepoint region: BulkRevokeBias
[2022-06-13T02:13:27.248+0000][1][safepoint    ] Leaving safepoint region
[2022-06-13T02:13:27.248+0000][1][safepoint    ] Total time for which application threads were stopped: 0.0001850 seconds, Stopping threads took: 0.0000669 seconds
[2022-06-13T02:13:27.248+0000][1][safepoint    ] Application time: 0.0001182 seconds
[2022-06-13T02:13:27.248+0000][1][safepoint    ] Entering safepoint region: RevokeBias
[2022-06-13T02:13:27.248+0000][1][safepoint    ] Leaving safepoint region
[2022-06-13T02:13:27.249+0000][1][safepoint    ] Total time for which application threads were stopped: 0.0001509 seconds, Stopping threads took: 0.0000668 seconds
[2022-06-13T02:13:27.249+0000][1][safepoint    ] Application time: 0.0000626 seconds
[2022-06-13T02:13:27.249+0000][1][safepoint    ] Entering safepoint region: RevokeBias
[2022-06-13T02:13:27.249+0000][1][safepoint    ] Leaving safepoint region
[2022-06-13T02:13:27.249+0000][1][safepoint    ] Total time for which application threads were stopped: 0.0001741 seconds, Stopping threads took: 0.0000664 seconds
[2022-06-13T02:13:27.249+0000][1][safepoint    ] Application time: 0.0001021 seconds
[2022-06-13T02:13:27.249+0000][1][safepoint    ] Entering safepoint region: RevokeBias
[2022-06-13T02:13:27.249+0000][1][safepoint    ] Leaving safepoint region
[2022-06-13T02:13:27.249+0000][1][safepoint    ] Total time for which application threads were stopped: 0.0001779 seconds, Stopping threads took: 0.0000940 seconds
[2022-06-13T02:13:27.250+0000][1][safepoint    ] Application time: 0.0000751 seconds
[2022-06-13T02:13:27.250+0000][1][safepoint    ] Entering safepoint region: RevokeBias
[2022-06-13T02:13:27.250+0000][1][safepoint    ] Leaving safepoint region
[2022-06-13T02:13:27.250+0000][1][safepoint    ] Total time for which application threads were stopped: 0.0002563 seconds, Stopping threads took: 0.0001552 seconds
[2022-06-13T02:13:27.250+0000][1][safepoint    ] Application time: 0.0000811 seconds
[2022-06-13T02:13:27.250+0000][1][safepoint    ] Entering safepoint region: RevokeBias
[2022-06-13T02:13:27.250+0000][1][safepoint    ] Leaving safepoint region
[2022-06-13T02:13:27.250+0000][1][safepoint    ] Total time for which application threads were stopped: 0.0001685 seconds, Stopping threads took: 0.0000671 seconds
[2022-06-13T02:13:27.250+0000][1][safepoint    ] Application time: 0.0000690 seconds
[2022-06-13T02:13:27.250+0000][1][safepoint    ] Entering safepoint region: RevokeBias
[2022-06-13T02:13:27.251+0000][1][safepoint    ] Leaving safepoint region
[2022-06-13T02:13:27.251+0000][1][safepoint    ] Total time for which application threads were stopped: 0.0001766 seconds, Stopping threads took: 0.0000767 seconds
[2022-06-13T02:13:27.251+0000][1][safepoint    ] Application time: 0.0000672 seconds
[2022-06-13T02:13:27.251+0000][1][safepoint    ] Entering safepoint region: RevokeBias
[2022-06-13T02:13:27.251+0000][1][safepoint    ] Leaving safepoint region
[2022-06-13T02:13:27.251+0000][1][safepoint    ] Total time for which application threads were stopped: 0.0001841 seconds, Stopping threads took: 0.0000799 seconds
[2022-06-13T02:13:27.251+0000][1][safepoint    ] Application time: 0.0000658 seconds
[2022-06-13T02:13:27.251+0000][1][safepoint    ] Entering safepoint region: RevokeBias
[2022-06-13T02:13:27.252+0000][1][safepoint    ] Leaving safepoint region
[2022-06-13T02:13:27.252+0000][1][safepoint    ] Total time for which application threads were stopped: 0.0004101 seconds, Stopping threads took: 0.0002950 seconds
[2022-06-13T02:13:27.252+0000][1][safepoint    ] Application time: 0.0000710 seconds
[2022-06-13T02:13:27.252+0000][1][safepoint    ] Entering safepoint region: RevokeBias
[2022-06-13T02:13:27.252+0000][1][safepoint    ] Leaving safepoint region
[2022-06-13T02:13:27.252+0000][1][safepoint    ] Total time for which application threads were stopped: 0.0001808 seconds, Stopping threads took: 0.0000790 seconds
[2022-06-13T02:13:27.252+0000][1][safepoint    ] Application time: 0.0000555 seconds
[2022-06-13T02:13:27.252+0000][1][safepoint    ] Entering safepoint region: RevokeBias
[2022-06-13T02:13:27.252+0000][1][safepoint    ] Leaving safepoint region
[2022-06-13T02:13:27.253+0000][1][safepoint    ] Total time for which application threads were stopped: 0.0002263 seconds, Stopping threads took: 0.0001039 seconds
[2022-06-13T02:13:27.253+0000][1][safepoint    ] Application time: 0.0000523 seconds
[2022-06-13T02:13:27.253+0000][1][safepoint    ] Entering safepoint region: RevokeBias
[2022-06-13T02:13:27.253+0000][1][safepoint    ] Leaving safepoint region
[2022-06-13T02:13:27.253+0000][1][safepoint    ] Total time for which application threads were stopped: 0.0002053 seconds, Stopping threads took: 0.0001086 seconds
[2022-06-13T02:13:27.253+0000][1][safepoint    ] Application time: 0.0000618 seconds
[2022-06-13T02:13:27.253+0000][1][safepoint    ] Entering safepoint region: RevokeBias
[2022-06-13T02:13:27.253+0000][1][safepoint    ] Leaving safepoint region
[2022-06-13T02:13:27.253+0000][1][safepoint    ] Total time for which application threads were stopped: 0.0001633 seconds, Stopping threads took: 0.0000766 seconds
[2022-06-13T02:13:27.253+0000][1][safepoint    ] Application time: 0.0000507 seconds
[2022-06-13T02:13:27.254+0000][1][safepoint    ] Entering safepoint region: RevokeBias
[2022-06-13T02:13:27.254+0000][1][safepoint    ] Leaving safepoint region
[2022-06-13T02:13:27.254+0000][1][safepoint    ] Total time for which application threads were stopped: 0.0001643 seconds, Stopping threads took: 0.0000690 seconds
[2022-06-13T02:13:27.254+0000][1][safepoint    ] Application time: 0.0000492 seconds
[2022-06-13T02:13:27.254+0000][1][safepoint    ] Entering safepoint region: RevokeBias
[2022-06-13T02:13:27.254+0000][1][safepoint    ] Leaving safepoint region
[2022-06-13T02:13:27.254+0000][1][safepoint    ] Total time for which application threads were stopped: 0.0001596 seconds, Stopping threads took: 0.0000756 seconds
[2022-06-13T02:13:27.254+0000][1][safepoint    ] Application time: 0.0000504 seconds
[2022-06-13T02:13:27.254+0000][1][safepoint    ] Entering safepoint region: RevokeBias
[2022-06-13T02:13:27.254+0000][1][safepoint    ] Leaving safepoint region
[2022-06-13T02:13:27.254+0000][1][safepoint    ] Total time for which application threads were stopped: 0.0001579 seconds, Stopping threads took: 0.0000678 seconds
[2022-06-13T02:13:27.255+0000][1][safepoint    ] Application time: 0.0000557 seconds
[2022-06-13T02:13:27.255+0000][1][safepoint    ] Entering safepoint region: RevokeBias
[2022-06-13T02:13:27.255+0000][1][safepoint    ] Leaving safepoint region
[2022-06-13T02:13:27.255+0000][1][safepoint    ] Total time for which application threads were stopped: 0.0001748 seconds, Stopping threads took: 0.0000802 seconds
[2022-06-13T02:13:27.255+0000][1][safepoint    ] Application time: 0.0000471 seconds
[2022-06-13T02:13:27.255+0000][1][safepoint    ] Entering safepoint region: RevokeBias
[2022-06-13T02:13:27.255+0000][1][safepoint    ] Leaving safepoint region
[2022-06-13T02:13:27.255+0000][1][safepoint    ] Total time for which application threads were stopped: 0.0001613 seconds, Stopping threads took: 0.0000728 seconds
[2022-06-13T02:13:27.255+0000][1][safepoint    ] Application time: 0.0000476 seconds
[2022-06-13T02:13:27.255+0000][1][safepoint    ] Entering safepoint region: RevokeBias
[2022-06-13T02:13:27.255+0000][1][safepoint    ] Leaving safepoint region
[2022-06-13T02:13:27.256+0000][1][safepoint    ] Total time for which application threads were stopped: 0.0001515 seconds, Stopping threads took: 0.0000673 seconds
[2022-06-13T02:13:27.256+0000][1][safepoint    ] Application time: 0.0000479 seconds
[2022-06-13T02:13:27.256+0000][1][safepoint    ] Entering safepoint region: RevokeBias
[2022-06-13T02:13:27.256+0000][1][safepoint    ] Leaving safepoint region
[2022-06-13T02:13:27.256+0000][1][safepoint    ] Total time for which application threads were stopped: 0.0001989 seconds, Stopping threads took: 0.0000772 seconds
[2022-06-13T02:13:27.256+0000][1][safepoint    ] Application time: 0.0000668 seconds
[2022-06-13T02:13:27.256+0000][1][safepoint    ] Entering safepoint region: RevokeBias
[2022-06-13T02:13:27.256+0000][1][safepoint    ] Leaving safepoint region
[2022-06-13T02:13:27.256+0000][1][safepoint    ] Total time for which application threads were stopped: 0.0001724 seconds, Stopping threads took: 0.0000638 seconds
[2022-06-13T02:13:27.256+0000][1][safepoint    ] Application time: 0.0000673 seconds
[2022-06-13T02:13:27.257+0000][1][safepoint    ] Entering safepoint region: RevokeBias
[2022-06-13T02:13:27.257+0000][1][safepoint    ] Leaving safepoint region
[2022-06-13T02:13:27.257+0000][1][safepoint    ] Total time for which application threads were stopped: 0.0001930 seconds, Stopping threads took: 0.0000914 seconds
[2022-06-13T02:13:27.257+0000][1][safepoint    ] Application time: 0.0000490 seconds
[2022-06-13T02:13:27.257+0000][1][safepoint    ] Entering safepoint region: RevokeBias
[2022-06-13T02:13:27.257+0000][1][safepoint    ] Leaving safepoint region
[2022-06-13T02:13:27.257+0000][1][safepoint    ] Total time for which application threads were stopped: 0.0001658 seconds, Stopping threads took: 0.0000676 seconds
[2022-06-13T02:13:27.257+0000][1][safepoint    ] Application time: 0.0000482 seconds
[2022-06-13T02:13:27.257+0000][1][safepoint    ] Entering safepoint region: RevokeBias
[2022-06-13T02:13:27.257+0000][1][safepoint    ] Leaving safepoint region
[2022-06-13T02:13:27.257+0000][1][safepoint    ] Total time for which application threads were stopped: 0.0001540 seconds, Stopping threads took: 0.0000673 seconds
[2022-06-13T02:13:27.258+0000][1][safepoint    ] Application time: 0.0000485 seconds
[2022-06-13T02:13:27.258+0000][1][safepoint    ] Entering safepoint region: BulkRevokeBias
[2022-06-13T02:13:27.258+0000][1][safepoint    ] Leaving safepoint region
[2022-06-13T02:13:27.258+0000][1][safepoint    ] Total time for which application threads were stopped: 0.0001873 seconds, Stopping threads took: 0.0000684 seconds
[2022-06-13T02:13:27.258+0000][1][safepoint    ] Application time: 0.0002419 seconds
[2022-06-13T02:13:27.259+0000][1][safepoint    ] Entering safepoint region: RevokeBias
[2022-06-13T02:13:27.259+0000][1][safepoint    ] Leaving safepoint region
[2022-06-13T02:13:27.259+0000][1][safepoint    ] Total time for which application threads were stopped: 0.0005680 seconds, Stopping threads took: 0.0004607 seconds
[2022-06-13T02:13:27.259+0000][1][safepoint    ] Application time: 0.0001285 seconds
[2022-06-13T02:13:27.259+0000][1][safepoint    ] Entering safepoint region: RevokeBias
[2022-06-13T02:13:27.259+0000][1][safepoint    ] Leaving safepoint region
[2022-06-13T02:13:27.260+0000][1][safepoint    ] Total time for which application threads were stopped: 0.0002318 seconds, Stopping threads took: 0.0001224 seconds
[2022-06-13T02:13:27.260+0000][1][safepoint    ] Application time: 0.0001755 seconds
[2022-06-13T02:13:27.260+0000][1][safepoint    ] Entering safepoint region: RevokeBias
[2022-06-13T02:13:27.260+0000][1][safepoint    ] Leaving safepoint region
[2022-06-13T02:13:27.260+0000][1][safepoint    ] Total time for which application threads were stopped: 0.0002327 seconds, Stopping threads took: 0.0000941 seconds
[2022-06-13T02:13:27.260+0000][1][safepoint    ] Application time: 0.0000857 seconds
[2022-06-13T02:13:27.260+0000][1][safepoint    ] Entering safepoint region: RevokeBias
[2022-06-13T02:13:27.260+0000][1][safepoint    ] Leaving safepoint region
[2022-06-13T02:13:27.261+0000][1][safepoint    ] Total time for which application threads were stopped: 0.0001938 seconds, Stopping threads took: 0.0000785 seconds
[2022-06-13T02:13:27.261+0000][1][safepoint    ] Application time: 0.0000684 seconds
[2022-06-13T02:13:27.261+0000][1][safepoint    ] Entering safepoint region: RevokeBias
[2022-06-13T02:13:27.261+0000][1][safepoint    ] Leaving safepoint region
[2022-06-13T02:13:27.261+0000][1][safepoint    ] Total time for which application threads were stopped: 0.0001826 seconds, Stopping threads took: 0.0000798 seconds
[2022-06-13T02:13:27.261+0000][1][safepoint    ] Application time: 0.0000753 seconds
[2022-06-13T02:13:27.261+0000][1][safepoint    ] Entering safepoint region: RevokeBias
[2022-06-13T02:13:27.261+0000][1][safepoint    ] Leaving safepoint region
[2022-06-13T02:13:27.262+0000][1][safepoint    ] Total time for which application threads were stopped: 0.0004205 seconds, Stopping threads took: 0.0002771 seconds
[2022-06-13T02:13:27.262+0000][1][safepoint    ] Application time: 0.0003699 seconds
[2022-06-13T02:13:27.262+0000][1][safepoint    ] Entering safepoint region: RevokeBias
[2022-06-13T02:13:27.263+0000][1][safepoint    ] Leaving safepoint region
[2022-06-13T02:13:27.263+0000][1][safepoint    ] Total time for which application threads were stopped: 0.0004520 seconds, Stopping threads took: 0.0003342 seconds
[2022-06-13T02:13:27.263+0000][1][safepoint    ] Application time: 0.0001337 seconds
[2022-06-13T02:13:27.263+0000][1][safepoint    ] Entering safepoint region: RevokeBias
[2022-06-13T02:13:27.263+0000][1][safepoint    ] Leaving safepoint region
[2022-06-13T02:13:27.263+0000][1][safepoint    ] Total time for which application threads were stopped: 0.0002214 seconds, Stopping threads took: 0.0000941 seconds
[2022-06-13T02:13:27.263+0000][1][safepoint    ] Application time: 0.0001273 seconds
[2022-06-13T02:13:27.263+0000][1][safepoint    ] Entering safepoint region: RevokeBias
[2022-06-13T02:13:27.264+0000][1][safepoint    ] Leaving safepoint region
[2022-06-13T02:13:27.264+0000][1][safepoint    ] Total time for which application threads were stopped: 0.0002177 seconds, Stopping threads took: 0.0001240 seconds
[2022-06-13T02:13:27.264+0000][1][safepoint    ] Application time: 0.0003275 seconds
[2022-06-13T02:13:27.264+0000][1][safepoint    ] Entering safepoint region: RevokeBias
[2022-06-13T02:13:27.264+0000][1][safepoint    ] Leaving safepoint region
[2022-06-13T02:13:27.264+0000][1][safepoint    ] Total time for which application threads were stopped: 0.0002751 seconds, Stopping threads took: 0.0001712 seconds
[2022-06-13T02:13:27.265+0000][1][safepoint    ] Application time: 0.0000986 seconds
[2022-06-13T02:13:27.265+0000][1][safepoint    ] Entering safepoint region: RevokeBias
[2022-06-13T02:13:27.265+0000][1][safepoint    ] Leaving safepoint region
[2022-06-13T02:13:27.265+0000][1][safepoint    ] Total time for which application threads were stopped: 0.0001686 seconds, Stopping threads took: 0.0000699 seconds
[2022-06-13T02:13:27.265+0000][1][safepoint    ] Application time: 0.0002198 seconds
[2022-06-13T02:13:27.265+0000][1][safepoint    ] Entering safepoint region: RevokeBias
[2022-06-13T02:13:27.265+0000][1][safepoint    ] Leaving safepoint region
[2022-06-13T02:13:27.265+0000][1][safepoint    ] Total time for which application threads were stopped: 0.0002213 seconds, Stopping threads took: 0.0001216 seconds
[2022-06-13T02:13:27.266+0000][1][safepoint    ] Application time: 0.0002181 seconds
[2022-06-13T02:13:27.266+0000][1][safepoint    ] Entering safepoint region: RevokeBias
[2022-06-13T02:13:27.266+0000][1][safepoint    ] Leaving safepoint region
[2022-06-13T02:13:27.266+0000][1][safepoint    ] Total time for which application threads were stopped: 0.0001892 seconds, Stopping threads took: 0.0000929 seconds
[2022-06-13T02:13:27.266+0000][1][safepoint    ] Application time: 0.0000901 seconds
[2022-06-13T02:13:27.266+0000][1][safepoint    ] Entering safepoint region: RevokeBias
[2022-06-13T02:13:27.266+0000][1][safepoint    ] Leaving safepoint region
[2022-06-13T02:13:27.267+0000][1][safepoint    ] Total time for which application threads were stopped: 0.0002158 seconds, Stopping threads took: 0.0000975 seconds
[2022-06-13T02:13:27.267+0000][1][safepoint    ] Application time: 0.0001145 seconds
[2022-06-13T02:13:27.267+0000][1][safepoint    ] Entering safepoint region: RevokeBias
[2022-06-13T02:13:27.267+0000][1][safepoint    ] Leaving safepoint region
[2022-06-13T02:13:27.267+0000][1][safepoint    ] Total time for which application threads were stopped: 0.0002163 seconds, Stopping threads took: 0.0001049 seconds
[2022-06-13T02:13:27.267+0000][1][safepoint    ] Application time: 0.0001227 seconds
[2022-06-13T02:13:27.267+0000][1][safepoint    ] Entering safepoint region: RevokeBias
[2022-06-13T02:13:27.267+0000][1][safepoint    ] Leaving safepoint region
[2022-06-13T02:13:27.268+0000][1][safepoint    ] Total time for which application threads were stopped: 0.0002208 seconds, Stopping threads took: 0.0000992 seconds
[2022-06-13T02:13:27.268+0000][1][safepoint    ] Application time: 0.0001951 seconds
[2022-06-13T02:13:27.268+0000][1][safepoint    ] Entering safepoint region: RevokeBias
[2022-06-13T02:13:27.268+0000][1][safepoint    ] Leaving safepoint region
[2022-06-13T02:13:27.268+0000][1][safepoint    ] Total time for which application threads were stopped: 0.0002196 seconds, Stopping threads took: 0.0001078 seconds
[2022-06-13T02:13:27.269+0000][1][safepoint    ] Application time: 0.0007438 seconds
[2022-06-13T02:13:27.269+0000][1][safepoint    ] Entering safepoint region: RevokeBias
[2022-06-13T02:13:27.269+0000][1][safepoint    ] Leaving safepoint region
[2022-06-13T02:13:27.269+0000][1][safepoint    ] Total time for which application threads were stopped: 0.0002454 seconds, Stopping threads took: 0.0001340 seconds
[2022-06-13T02:13:27.270+0000][1][safepoint    ] Application time: 0.0000874 seconds
[2022-06-13T02:13:27.270+0000][1][safepoint    ] Entering safepoint region: RevokeBias
[2022-06-13T02:13:27.270+0000][1][safepoint    ] Leaving safepoint region
[2022-06-13T02:13:27.270+0000][1][safepoint    ] Total time for which application threads were stopped: 0.0001796 seconds, Stopping threads took: 0.0000981 seconds
[2022-06-13T02:13:27.270+0000][1][safepoint    ] Application time: 0.0000715 seconds
[2022-06-13T02:13:27.270+0000][1][safepoint    ] Entering safepoint region: RevokeBias
[2022-06-13T02:13:27.270+0000][1][safepoint    ] Leaving safepoint region
[2022-06-13T02:13:27.270+0000][1][safepoint    ] Total time for which application threads were stopped: 0.0001510 seconds, Stopping threads took: 0.0000653 seconds
[2022-06-13T02:13:27.271+0000][1][safepoint    ] Application time: 0.0005470 seconds
[2022-06-13T02:13:27.271+0000][1][safepoint    ] Entering safepoint region: RevokeBias
[2022-06-13T02:13:27.271+0000][1][safepoint    ] Leaving safepoint region
[2022-06-13T02:13:27.271+0000][1][safepoint    ] Total time for which application threads were stopped: 0.0001501 seconds, Stopping threads took: 0.0000666 seconds
[2022-06-13T02:13:27.272+0000][1][safepoint    ] Application time: 0.0005873 seconds
[2022-06-13T02:13:27.272+0000][1][safepoint    ] Entering safepoint region: RevokeBias
[2022-06-13T02:13:27.273+0000][1][safepoint    ] Leaving safepoint region
[2022-06-13T02:13:27.273+0000][1][safepoint    ] Total time for which application threads were stopped: 0.0009790 seconds, Stopping threads took: 0.0008404 seconds
[2022-06-13T02:13:27.273+0000][1][safepoint    ] Application time: 0.0000950 seconds
[2022-06-13T02:13:27.273+0000][1][safepoint    ] Entering safepoint region: RevokeBias
[2022-06-13T02:13:27.273+0000][1][safepoint    ] Leaving safepoint region
[2022-06-13T02:13:27.273+0000][1][safepoint    ] Total time for which application threads were stopped: 0.0003134 seconds, Stopping threads took: 0.0001667 seconds
[2022-06-13T02:13:27.274+0000][1][safepoint    ] Application time: 0.0001971 seconds
[2022-06-13T02:13:27.274+0000][1][safepoint    ] Entering safepoint region: RevokeBias
[2022-06-13T02:13:27.274+0000][1][safepoint    ] Leaving safepoint region
[2022-06-13T02:13:27.274+0000][1][safepoint    ] Total time for which application threads were stopped: 0.0002028 seconds, Stopping threads took: 0.0001206 seconds
[2022-06-13T02:13:27.288+0000][1][safepoint    ] Application time: 0.0139863 seconds
[2022-06-13T02:13:27.288+0000][1][safepoint    ] Entering safepoint region: GenCollectForAllocation
[2022-06-13T02:13:27.288+0000][1][gc,start     ] GC(19) Pause Young (Allocation Failure)
[2022-06-13T02:13:27.289+0000][1][gc,task      ] GC(19) Using 5 workers of 13 for evacuation
[2022-06-13T02:13:27.293+0000][1][gc,age       ] GC(19) Desired survivor size 4456448 bytes, new threshold 2 (max threshold 6)
[2022-06-13T02:13:27.293+0000][1][gc,age       ] GC(19) Age table with threshold 2 (max threshold 6)
[2022-06-13T02:13:27.294+0000][1][gc,age       ] GC(19) - age   1:    3144808 bytes,    3144808 total
[2022-06-13T02:13:27.294+0000][1][gc,age       ] GC(19) - age   2:    3669208 bytes,    6814016 total
[2022-06-13T02:13:27.294+0000][1][gc,age       ] GC(19) - age   3:     385832 bytes,    7199848 total
[2022-06-13T02:13:27.294+0000][1][gc,heap      ] GC(19) ParNew: 75219K->8437K(78656K)
[2022-06-13T02:13:27.294+0000][1][gc,heap      ] GC(19) CMS: 55167K->55167K(174784K)
[2022-06-13T02:13:27.294+0000][1][gc,metaspace ] GC(19) Metaspace: 47310K->47310K(1093632K)
[2022-06-13T02:13:27.294+0000][1][gc           ] GC(19) Pause Young (Allocation Failure) 127M->62M(247M) 5.987ms
[2022-06-13T02:13:27.295+0000][1][gc,cpu       ] GC(19) User=0.03s Sys=0.00s Real=0.01s
[2022-06-13T02:13:27.295+0000][1][safepoint    ] Leaving safepoint region
[2022-06-13T02:13:27.295+0000][1][safepoint    ] Total time for which application threads were stopped: 0.0065869 seconds, Stopping threads took: 0.0001582 seconds
[2022-06-13T02:13:27.722+0000][1][safepoint    ] Application time: 0.4269905 seconds
[2022-06-13T02:13:27.722+0000][1][safepoint    ] Entering safepoint region: GenCollectForAllocation
[2022-06-13T02:13:27.723+0000][1][gc,start     ] GC(20) Pause Young (Allocation Failure)
[2022-06-13T02:13:27.723+0000][1][gc,task      ] GC(20) Using 5 workers of 13 for evacuation
[2022-06-13T02:13:27.729+0000][1][gc,age       ] GC(20) Desired survivor size 4456448 bytes, new threshold 2 (max threshold 6)
[2022-06-13T02:13:27.730+0000][1][gc,age       ] GC(20) Age table with threshold 2 (max threshold 6)
[2022-06-13T02:13:27.730+0000][1][gc,age       ] GC(20) - age   1:    1524040 bytes,    1524040 total
[2022-06-13T02:13:27.731+0000][1][gc,age       ] GC(20) - age   2:    3103696 bytes,    4627736 total
[2022-06-13T02:13:27.731+0000][1][gc,heap      ] GC(20) ParNew: 78389K->7382K(78656K)
[2022-06-13T02:13:27.731+0000][1][gc,heap      ] GC(20) CMS: 55167K->59259K(174784K)
[2022-06-13T02:13:27.731+0000][1][gc,metaspace ] GC(20) Metaspace: 53999K->53999K(1099776K)
[2022-06-13T02:13:27.732+0000][1][gc           ] GC(20) Pause Young (Allocation Failure) 130M->65M(247M) 9.058ms
[2022-06-13T02:13:27.732+0000][1][gc,cpu       ] GC(20) User=0.03s Sys=0.00s Real=0.01s
[2022-06-13T02:13:27.732+0000][1][safepoint    ] Leaving safepoint region
[2022-06-13T02:13:27.733+0000][1][safepoint    ] Total time for which application threads were stopped: 0.0103481 seconds, Stopping threads took: 0.0003070 seconds
[2022-06-13T02:13:27.843+0000][1][safepoint    ] Application time: 0.1102272 seconds
[2022-06-13T02:13:27.844+0000][1][safepoint    ] Entering safepoint region: Deoptimize
[2022-06-13T02:13:27.845+0000][1][safepoint    ] Leaving safepoint region
[2022-06-13T02:13:27.845+0000][1][safepoint    ] Total time for which application threads were stopped: 0.0014997 seconds, Stopping threads took: 0.0003089 seconds
[2022-06-13T02:13:27.865+0000][1][safepoint    ] Application time: 0.0200487 seconds
[2022-06-13T02:13:27.866+0000][1][safepoint    ] Entering safepoint region: RevokeBias
[2022-06-13T02:13:27.866+0000][1][safepoint    ] Leaving safepoint region
[2022-06-13T02:13:27.867+0000][1][safepoint    ] Total time for which application threads were stopped: 0.0008341 seconds, Stopping threads took: 0.0004079 seconds
[2022-06-13T02:13:27.867+0000][1][safepoint    ] Application time: 0.0001899 seconds
[2022-06-13T02:13:27.868+0000][1][safepoint    ] Entering safepoint region: RevokeBias
[2022-06-13T02:13:27.868+0000][1][safepoint    ] Leaving safepoint region
[2022-06-13T02:13:27.869+0000][1][safepoint    ] Total time for which application threads were stopped: 0.0008062 seconds, Stopping threads took: 0.0004016 seconds
[2022-06-13T02:13:27.869+0000][1][safepoint    ] Application time: 0.0003149 seconds
[2022-06-13T02:13:27.870+0000][1][safepoint    ] Entering safepoint region: RevokeBias
[2022-06-13T02:13:27.870+0000][1][safepoint    ] Leaving safepoint region
[2022-06-13T02:13:27.870+0000][1][safepoint    ] Total time for which application threads were stopped: 0.0005348 seconds, Stopping threads took: 0.0001988 seconds
[2022-06-13T02:13:27.872+0000][1][safepoint    ] Application time: 0.0016564 seconds
[2022-06-13T02:13:27.873+0000][1][safepoint    ] Entering safepoint region: RevokeBias
[2022-06-13T02:13:27.873+0000][1][safepoint    ] Leaving safepoint region
[2022-06-13T02:13:27.873+0000][1][safepoint    ] Total time for which application threads were stopped: 0.0005907 seconds, Stopping threads took: 0.0003401 seconds
[2022-06-13T02:13:27.980+0000][1][safepoint    ] Application time: 0.1066170 seconds
[2022-06-13T02:13:27.980+0000][1][safepoint    ] Entering safepoint region: Deoptimize
[2022-06-13T02:13:27.982+0000][1][safepoint    ] Leaving safepoint region
[2022-06-13T02:13:27.982+0000][1][safepoint    ] Total time for which application threads were stopped: 0.0019527 seconds, Stopping threads took: 0.0002395 seconds
[2022-06-13T02:13:28.159+0000][1][safepoint    ] Application time: 0.1761548 seconds
[2022-06-13T02:13:28.159+0000][1][safepoint    ] Entering safepoint region: RevokeBias
[2022-06-13T02:13:28.159+0000][1][safepoint    ] Leaving safepoint region
[2022-06-13T02:13:28.159+0000][1][safepoint    ] Total time for which application threads were stopped: 0.0004584 seconds, Stopping threads took: 0.0001910 seconds
[2022-06-13T02:13:28.160+0000][1][safepoint    ] Application time: 0.0001494 seconds
[2022-06-13T02:13:28.160+0000][1][safepoint    ] Entering safepoint region: BulkRevokeBias
[2022-06-13T02:13:28.160+0000][1][safepoint    ] Leaving safepoint region
[2022-06-13T02:13:28.160+0000][1][safepoint    ] Total time for which application threads were stopped: 0.0003842 seconds, Stopping threads took: 0.0001752 seconds
[2022-06-13T02:13:28.161+0000][1][safepoint    ] Application time: 0.0008049 seconds
[2022-06-13T02:13:28.161+0000][1][safepoint    ] Entering safepoint region: RevokeBias
[2022-06-13T02:13:28.162+0000][1][safepoint    ] Leaving safepoint region
[2022-06-13T02:13:28.162+0000][1][safepoint    ] Total time for which application threads were stopped: 0.0003210 seconds, Stopping threads took: 0.0001661 seconds
[2022-06-13T02:13:28.163+0000][1][safepoint    ] Application time: 0.0010016 seconds
[2022-06-13T02:13:28.163+0000][1][safepoint    ] Entering safepoint region: RevokeBias
[2022-06-13T02:13:28.163+0000][1][safepoint    ] Leaving safepoint region
[2022-06-13T02:13:28.163+0000][1][safepoint    ] Total time for which application threads were stopped: 0.0003188 seconds, Stopping threads took: 0.0001814 seconds
[2022-06-13T02:13:28.167+0000][1][safepoint    ] Application time: 0.0040684 seconds
[2022-06-13T02:13:28.168+0000][1][safepoint    ] Entering safepoint region: RevokeBias
[2022-06-13T02:13:28.168+0000][1][safepoint    ] Leaving safepoint region
[2022-06-13T02:13:28.168+0000][1][safepoint    ] Total time for which application threads were stopped: 0.0006205 seconds, Stopping threads took: 0.0003714 seconds
[2022-06-13T02:13:28.182+0000][1][safepoint    ] Application time: 0.0129203 seconds
[2022-06-13T02:13:28.182+0000][1][safepoint    ] Entering safepoint region: RevokeBias
[2022-06-13T02:13:28.182+0000][1][safepoint    ] Leaving safepoint region
[2022-06-13T02:13:28.182+0000][1][safepoint    ] Total time for which application threads were stopped: 0.0003285 seconds, Stopping threads took: 0.0001584 seconds
[2022-06-13T02:13:28.210+0000][1][safepoint    ] Application time: 0.0278074 seconds
[2022-06-13T02:13:28.211+0000][1][safepoint    ] Entering safepoint region: RevokeBias
[2022-06-13T02:13:28.211+0000][1][safepoint    ] Leaving safepoint region
[2022-06-13T02:13:28.211+0000][1][safepoint    ] Total time for which application threads were stopped: 0.0006148 seconds, Stopping threads took: 0.0002510 seconds
[2022-06-13T02:13:28.216+0000][1][safepoint    ] Application time: 0.0047922 seconds
[2022-06-13T02:13:28.217+0000][1][safepoint    ] Entering safepoint region: RevokeBias
[2022-06-13T02:13:28.217+0000][1][safepoint    ] Leaving safepoint region
[2022-06-13T02:13:28.217+0000][1][safepoint    ] Total time for which application threads were stopped: 0.0005692 seconds, Stopping threads took: 0.0003291 seconds
[2022-06-13T02:13:28.217+0000][1][safepoint    ] Application time: 0.0001266 seconds
[2022-06-13T02:13:28.218+0000][1][safepoint    ] Entering safepoint region: RevokeBias
[2022-06-13T02:13:28.218+0000][1][safepoint    ] Leaving safepoint region
[2022-06-13T02:13:28.218+0000][1][safepoint    ] Total time for which application threads were stopped: 0.0002077 seconds, Stopping threads took: 0.0001063 seconds
[2022-06-13T02:13:28.229+0000][1][safepoint    ] Application time: 0.0115316 seconds
[2022-06-13T02:13:28.230+0000][1][safepoint    ] Entering safepoint region: RevokeBias
[2022-06-13T02:13:28.230+0000][1][safepoint    ] Leaving safepoint region
[2022-06-13T02:13:28.230+0000][1][safepoint    ] Total time for which application threads were stopped: 0.0002871 seconds, Stopping threads took: 0.0001325 seconds
[2022-06-13T02:13:28.230+0000][1][safepoint    ] Application time: 0.0000856 seconds
[2022-06-13T02:13:28.230+0000][1][safepoint    ] Entering safepoint region: RevokeBias
[2022-06-13T02:13:28.230+0000][1][safepoint    ] Leaving safepoint region
[2022-06-13T02:13:28.230+0000][1][safepoint    ] Total time for which application threads were stopped: 0.0001913 seconds, Stopping threads took: 0.0000847 seconds
[2022-06-13T02:13:28.299+0000][1][safepoint    ] Application time: 0.0685751 seconds
[2022-06-13T02:13:28.300+0000][1][safepoint    ] Entering safepoint region: RevokeBias
[2022-06-13T02:13:28.300+0000][1][safepoint    ] Leaving safepoint region
[2022-06-13T02:13:28.300+0000][1][safepoint    ] Total time for which application threads were stopped: 0.0007555 seconds, Stopping threads took: 0.0003658 seconds
[2022-06-13T02:13:28.312+0000][1][safepoint    ] Application time: 0.0109627 seconds
[2022-06-13T02:13:28.312+0000][1][safepoint    ] Entering safepoint region: RevokeBias
[2022-06-13T02:13:28.313+0000][1][safepoint    ] Leaving safepoint region
[2022-06-13T02:13:28.313+0000][1][safepoint    ] Total time for which application threads were stopped: 0.0008608 seconds, Stopping threads took: 0.0004559 seconds
[2022-06-13T02:13:28.314+0000][1][safepoint    ] Application time: 0.0003190 seconds
[2022-06-13T02:13:28.314+0000][1][safepoint    ] Entering safepoint region: RevokeBias
[2022-06-13T02:13:28.314+0000][1][safepoint    ] Leaving safepoint region
[2022-06-13T02:13:28.315+0000][1][safepoint    ] Total time for which application threads were stopped: 0.0007920 seconds, Stopping threads took: 0.0003380 seconds
[2022-06-13T02:13:28.315+0000][1][safepoint    ] Application time: 0.0003179 seconds
[2022-06-13T02:13:28.316+0000][1][safepoint    ] Entering safepoint region: RevokeBias
[2022-06-13T02:13:28.316+0000][1][safepoint    ] Leaving safepoint region
[2022-06-13T02:13:28.316+0000][1][safepoint    ] Total time for which application threads were stopped: 0.0005178 seconds, Stopping threads took: 0.0003117 seconds
[2022-06-13T02:13:28.317+0000][1][safepoint    ] Application time: 0.0001840 seconds
[2022-06-13T02:13:28.317+0000][1][safepoint    ] Entering safepoint region: RevokeBias
[2022-06-13T02:13:28.317+0000][1][safepoint    ] Leaving safepoint region
[2022-06-13T02:13:28.317+0000][1][safepoint    ] Total time for which application threads were stopped: 0.0002883 seconds, Stopping threads took: 0.0001228 seconds
[2022-06-13T02:13:28.318+0000][1][safepoint    ] Application time: 0.0005977 seconds
[2022-06-13T02:13:28.318+0000][1][safepoint    ] Entering safepoint region: RevokeBias
[2022-06-13T02:13:28.318+0000][1][safepoint    ] Leaving safepoint region
[2022-06-13T02:13:28.318+0000][1][safepoint    ] Total time for which application threads were stopped: 0.0002299 seconds, Stopping threads took: 0.0001140 seconds
[2022-06-13T02:13:28.321+0000][1][safepoint    ] Application time: 0.0023319 seconds
[2022-06-13T02:13:28.321+0000][1][safepoint    ] Entering safepoint region: GenCollectForAllocation
[2022-06-13T02:13:28.321+0000][1][gc,start     ] GC(21) Pause Young (Allocation Failure)
[2022-06-13T02:13:28.321+0000][1][gc,task      ] GC(21) Using 5 workers of 13 for evacuation
[2022-06-13T02:13:28.327+0000][1][gc,age       ] GC(21) Desired survivor size 4456448 bytes, new threshold 2 (max threshold 6)
[2022-06-13T02:13:28.327+0000][1][gc,age       ] GC(21) Age table with threshold 2 (max threshold 6)
[2022-06-13T02:13:28.327+0000][1][gc,age       ] GC(21) - age   1:    4066680 bytes,    4066680 total
[2022-06-13T02:13:28.327+0000][1][gc,age       ] GC(21) - age   2:    1446760 bytes,    5513440 total
[2022-06-13T02:13:28.328+0000][1][gc,heap      ] GC(21) ParNew: 77334K->7884K(78656K)
[2022-06-13T02:13:28.328+0000][1][gc,heap      ] GC(21) CMS: 59259K->62364K(174784K)
[2022-06-13T02:13:28.328+0000][1][gc,metaspace ] GC(21) Metaspace: 62251K->62251K(1105920K)
[2022-06-13T02:13:28.328+0000][1][gc           ] GC(21) Pause Young (Allocation Failure) 133M->68M(247M) 7.323ms
[2022-06-13T02:13:28.328+0000][1][gc,cpu       ] GC(21) User=0.02s Sys=0.00s Real=0.00s
[2022-06-13T02:13:28.329+0000][1][safepoint    ] Leaving safepoint region
[2022-06-13T02:13:28.329+0000][1][safepoint    ] Total time for which application threads were stopped: 0.0079123 seconds, Stopping threads took: 0.0001300 seconds
[2022-06-13T02:13:28.352+0000][1][safepoint    ] Application time: 0.0235446 seconds
[2022-06-13T02:13:28.353+0000][1][safepoint    ] Entering safepoint region: Deoptimize
[2022-06-13T02:13:28.354+0000][1][safepoint    ] Leaving safepoint region
[2022-06-13T02:13:28.354+0000][1][safepoint    ] Total time for which application threads were stopped: 0.0011479 seconds, Stopping threads took: 0.0003487 seconds
[2022-06-13T02:13:28.355+0000][1][safepoint    ] Application time: 0.0009895 seconds
[2022-06-13T02:13:28.356+0000][1][safepoint    ] Entering safepoint region: RevokeBias
[2022-06-13T02:13:28.356+0000][1][safepoint    ] Leaving safepoint region
[2022-06-13T02:13:28.357+0000][1][safepoint    ] Total time for which application threads were stopped: 0.0011028 seconds, Stopping threads took: 0.0005965 seconds
[2022-06-13T02:13:28.358+0000][1][safepoint    ] Application time: 0.0001618 seconds
[2022-06-13T02:13:28.358+0000][1][safepoint    ] Entering safepoint region: RevokeBias
[2022-06-13T02:13:28.358+0000][1][safepoint    ] Leaving safepoint region
[2022-06-13T02:13:28.358+0000][1][safepoint    ] Total time for which application threads were stopped: 0.0004303 seconds, Stopping threads took: 0.0001222 seconds
[2022-06-13T02:13:28.359+0000][1][safepoint    ] Application time: 0.0001072 seconds
[2022-06-13T02:13:28.359+0000][1][safepoint    ] Entering safepoint region: RevokeBias
[2022-06-13T02:13:28.359+0000][1][safepoint    ] Leaving safepoint region
[2022-06-13T02:13:28.360+0000][1][safepoint    ] Total time for which application threads were stopped: 0.0005990 seconds, Stopping threads took: 0.0003098 seconds
[2022-06-13T02:13:28.360+0000][1][safepoint    ] Application time: 0.0000736 seconds
[2022-06-13T02:13:28.360+0000][1][safepoint    ] Entering safepoint region: RevokeBias
[2022-06-13T02:13:28.360+0000][1][safepoint    ] Leaving safepoint region
[2022-06-13T02:13:28.361+0000][1][safepoint    ] Total time for which application threads were stopped: 0.0005611 seconds, Stopping threads took: 0.0003147 seconds
[2022-06-13T02:13:28.361+0000][1][safepoint    ] Application time: 0.0000745 seconds
[2022-06-13T02:13:28.361+0000][1][safepoint    ] Entering safepoint region: RevokeBias
[2022-06-13T02:13:28.362+0000][1][safepoint    ] Leaving safepoint region
[2022-06-13T02:13:28.362+0000][1][safepoint    ] Total time for which application threads were stopped: 0.0006542 seconds, Stopping threads took: 0.0004155 seconds
[2022-06-13T02:13:28.362+0000][1][safepoint    ] Application time: 0.0000926 seconds
[2022-06-13T02:13:28.362+0000][1][safepoint    ] Entering safepoint region: RevokeBias
[2022-06-13T02:13:28.363+0000][1][safepoint    ] Leaving safepoint region
[2022-06-13T02:13:28.363+0000][1][safepoint    ] Total time for which application threads were stopped: 0.0005427 seconds, Stopping threads took: 0.0002278 seconds
[2022-06-13T02:13:28.363+0000][1][safepoint    ] Application time: 0.0001374 seconds
[2022-06-13T02:13:28.363+0000][1][safepoint    ] Entering safepoint region: BulkRevokeBias
[2022-06-13T02:13:28.364+0000][1][safepoint    ] Leaving safepoint region
[2022-06-13T02:13:28.364+0000][1][safepoint    ] Total time for which application threads were stopped: 0.0007738 seconds, Stopping threads took: 0.0002173 seconds
[2022-06-13T02:13:28.371+0000][1][safepoint    ] Application time: 0.0060484 seconds
[2022-06-13T02:13:28.371+0000][1][safepoint    ] Entering safepoint region: RevokeBias
[2022-06-13T02:13:28.371+0000][1][safepoint    ] Leaving safepoint region
[2022-06-13T02:13:28.372+0000][1][safepoint    ] Total time for which application threads were stopped: 0.0006021 seconds, Stopping threads took: 0.0002327 seconds
[2022-06-13T02:13:28.372+0000][1][safepoint    ] Application time: 0.0003623 seconds
[2022-06-13T02:13:28.372+0000][1][safepoint    ] Entering safepoint region: BulkRevokeBias
[2022-06-13T02:13:28.373+0000][1][safepoint    ] Leaving safepoint region
[2022-06-13T02:13:28.373+0000][1][safepoint    ] Total time for which application threads were stopped: 0.0005632 seconds, Stopping threads took: 0.0002538 seconds
[2022-06-13T02:13:28.374+0000][1][safepoint    ] Application time: 0.0006699 seconds
[2022-06-13T02:13:28.374+0000][1][safepoint    ] Entering safepoint region: RevokeBias
[2022-06-13T02:13:28.374+0000][1][safepoint    ] Leaving safepoint region
[2022-06-13T02:13:28.374+0000][1][safepoint    ] Total time for which application threads were stopped: 0.0004487 seconds, Stopping threads took: 0.0001879 seconds
[2022-06-13T02:13:28.375+0000][1][safepoint    ] Application time: 0.0002843 seconds
[2022-06-13T02:13:28.375+0000][1][safepoint    ] Entering safepoint region: RevokeBias
[2022-06-13T02:13:28.375+0000][1][safepoint    ] Leaving safepoint region
[2022-06-13T02:13:28.376+0000][1][safepoint    ] Total time for which application threads were stopped: 0.0004290 seconds, Stopping threads took: 0.0001935 seconds
[2022-06-13T02:13:28.376+0000][1][safepoint    ] Application time: 0.0000974 seconds
[2022-06-13T02:13:28.376+0000][1][safepoint    ] Entering safepoint region: RevokeBias
[2022-06-13T02:13:28.376+0000][1][safepoint    ] Leaving safepoint region
[2022-06-13T02:13:28.377+0000][1][safepoint    ] Total time for which application threads were stopped: 0.0004999 seconds, Stopping threads took: 0.0001671 seconds
[2022-06-13T02:13:28.377+0000][1][safepoint    ] Application time: 0.0002583 seconds
[2022-06-13T02:13:28.377+0000][1][safepoint    ] Entering safepoint region: RevokeBias
[2022-06-13T02:13:28.377+0000][1][safepoint    ] Leaving safepoint region
[2022-06-13T02:13:28.377+0000][1][safepoint    ] Total time for which application threads were stopped: 0.0003513 seconds, Stopping threads took: 0.0001732 seconds
[2022-06-13T02:13:28.378+0000][1][safepoint    ] Application time: 0.0002930 seconds
[2022-06-13T02:13:28.378+0000][1][safepoint    ] Entering safepoint region: RevokeBias
[2022-06-13T02:13:28.378+0000][1][safepoint    ] Leaving safepoint region
[2022-06-13T02:13:28.379+0000][1][safepoint    ] Total time for which application threads were stopped: 0.0003379 seconds, Stopping threads took: 0.0001677 seconds
[2022-06-13T02:13:28.379+0000][1][safepoint    ] Application time: 0.0002194 seconds
[2022-06-13T02:13:28.379+0000][1][safepoint    ] Entering safepoint region: RevokeBias
[2022-06-13T02:13:28.379+0000][1][safepoint    ] Leaving safepoint region
[2022-06-13T02:13:28.380+0000][1][safepoint    ] Total time for which application threads were stopped: 0.0004541 seconds, Stopping threads took: 0.0002769 seconds
[2022-06-13T02:13:28.380+0000][1][safepoint    ] Application time: 0.0001566 seconds
[2022-06-13T02:13:28.380+0000][1][safepoint    ] Entering safepoint region: RevokeBias
[2022-06-13T02:13:28.380+0000][1][safepoint    ] Leaving safepoint region
[2022-06-13T02:13:28.380+0000][1][safepoint    ] Total time for which application threads were stopped: 0.0003242 seconds, Stopping threads took: 0.0001558 seconds
[2022-06-13T02:13:28.381+0000][1][safepoint    ] Application time: 0.0009559 seconds
[2022-06-13T02:13:28.382+0000][1][safepoint    ] Entering safepoint region: RevokeBias
[2022-06-13T02:13:28.382+0000][1][safepoint    ] Leaving safepoint region
[2022-06-13T02:13:28.382+0000][1][safepoint    ] Total time for which application threads were stopped: 0.0003875 seconds, Stopping threads took: 0.0002328 seconds
[2022-06-13T02:13:28.382+0000][1][safepoint    ] Application time: 0.0001212 seconds
[2022-06-13T02:13:28.382+0000][1][safepoint    ] Entering safepoint region: RevokeBias
[2022-06-13T02:13:28.383+0000][1][safepoint    ] Leaving safepoint region
[2022-06-13T02:13:28.383+0000][1][safepoint    ] Total time for which application threads were stopped: 0.0002374 seconds, Stopping threads took: 0.0001187 seconds
[2022-06-13T02:13:28.384+0000][1][safepoint    ] Application time: 0.0016410 seconds
[2022-06-13T02:13:28.385+0000][1][safepoint    ] Entering safepoint region: Deoptimize
[2022-06-13T02:13:28.385+0000][1][safepoint    ] Leaving safepoint region
[2022-06-13T02:13:28.385+0000][1][safepoint    ] Total time for which application threads were stopped: 0.0006500 seconds, Stopping threads took: 0.0001624 seconds
[2022-06-13T02:13:28.386+0000][1][safepoint    ] Application time: 0.0004500 seconds
[2022-06-13T02:13:28.386+0000][1][safepoint    ] Entering safepoint region: RevokeBias
[2022-06-13T02:13:28.386+0000][1][safepoint    ] Leaving safepoint region
[2022-06-13T02:13:28.386+0000][1][safepoint    ] Total time for which application threads were stopped: 0.0003188 seconds, Stopping threads took: 0.0001552 seconds
[2022-06-13T02:13:28.410+0000][1][safepoint    ] Application time: 0.0238235 seconds
[2022-06-13T02:13:28.411+0000][1][safepoint    ] Entering safepoint region: RevokeBias
[2022-06-13T02:13:28.411+0000][1][safepoint    ] Leaving safepoint region
[2022-06-13T02:13:28.411+0000][1][safepoint    ] Total time for which application threads were stopped: 0.0003087 seconds, Stopping threads took: 0.0001549 seconds
[2022-06-13T02:13:28.411+0000][1][safepoint    ] Application time: 0.0001460 seconds
[2022-06-13T02:13:28.411+0000][1][safepoint    ] Entering safepoint region: RevokeBias
[2022-06-13T02:13:28.411+0000][1][safepoint    ] Leaving safepoint region
[2022-06-13T02:13:28.412+0000][1][safepoint    ] Total time for which application threads were stopped: 0.0003044 seconds, Stopping threads took: 0.0001258 seconds
[2022-06-13T02:13:28.412+0000][1][safepoint    ] Application time: 0.0001245 seconds
[2022-06-13T02:13:28.412+0000][1][safepoint    ] Entering safepoint region: RevokeBias
[2022-06-13T02:13:28.412+0000][1][safepoint    ] Leaving safepoint region
[2022-06-13T02:13:28.412+0000][1][safepoint    ] Total time for which application threads were stopped: 0.0002531 seconds, Stopping threads took: 0.0001049 seconds
[2022-06-13T02:13:28.414+0000][1][safepoint    ] Application time: 0.0013590 seconds
[2022-06-13T02:13:28.414+0000][1][safepoint    ] Entering safepoint region: RevokeBias
[2022-06-13T02:13:28.414+0000][1][safepoint    ] Leaving safepoint region
[2022-06-13T02:13:28.414+0000][1][safepoint    ] Total time for which application threads were stopped: 0.0004175 seconds, Stopping threads took: 0.0001381 seconds
[2022-06-13T02:13:28.415+0000][1][safepoint    ] Application time: 0.0000581 seconds
[2022-06-13T02:13:28.415+0000][1][safepoint    ] Entering safepoint region: RevokeBias
[2022-06-13T02:13:28.415+0000][1][safepoint    ] Leaving safepoint region
[2022-06-13T02:13:28.415+0000][1][safepoint    ] Total time for which application threads were stopped: 0.0005175 seconds, Stopping threads took: 0.0002308 seconds
[2022-06-13T02:13:28.417+0000][1][safepoint    ] Application time: 0.0011058 seconds
[2022-06-13T02:13:28.417+0000][1][safepoint    ] Entering safepoint region: RevokeBias
[2022-06-13T02:13:28.417+0000][1][safepoint    ] Leaving safepoint region
[2022-06-13T02:13:28.417+0000][1][safepoint    ] Total time for which application threads were stopped: 0.0005042 seconds, Stopping threads took: 0.0001479 seconds
[2022-06-13T02:13:28.418+0000][1][safepoint    ] Application time: 0.0007817 seconds
[2022-06-13T02:13:28.419+0000][1][safepoint    ] Entering safepoint region: RevokeBias
[2022-06-13T02:13:28.419+0000][1][safepoint    ] Leaving safepoint region
[2022-06-13T02:13:28.419+0000][1][safepoint    ] Total time for which application threads were stopped: 0.0004084 seconds, Stopping threads took: 0.0001545 seconds
[2022-06-13T02:13:28.420+0000][1][safepoint    ] Application time: 0.0003272 seconds
[2022-06-13T02:13:28.420+0000][1][safepoint    ] Entering safepoint region: RevokeBias
[2022-06-13T02:13:28.420+0000][1][safepoint    ] Leaving safepoint region
[2022-06-13T02:13:28.420+0000][1][safepoint    ] Total time for which application threads were stopped: 0.0004710 seconds, Stopping threads took: 0.0002125 seconds
[2022-06-13T02:13:28.421+0000][1][safepoint    ] Application time: 0.0003059 seconds
[2022-06-13T02:13:28.421+0000][1][safepoint    ] Entering safepoint region: RevokeBias
[2022-06-13T02:13:28.421+0000][1][safepoint    ] Leaving safepoint region
[2022-06-13T02:13:28.421+0000][1][safepoint    ] Total time for which application threads were stopped: 0.0003686 seconds, Stopping threads took: 0.0001444 seconds
[2022-06-13T02:13:28.422+0000][1][safepoint    ] Application time: 0.0002486 seconds
[2022-06-13T02:13:28.422+0000][1][safepoint    ] Entering safepoint region: RevokeBias
[2022-06-13T02:13:28.422+0000][1][safepoint    ] Leaving safepoint region
[2022-06-13T02:13:28.422+0000][1][safepoint    ] Total time for which application threads were stopped: 0.0002609 seconds, Stopping threads took: 0.0001274 seconds
[2022-06-13T02:13:28.422+0000][1][safepoint    ] Application time: 0.0002323 seconds
[2022-06-13T02:13:28.422+0000][1][safepoint    ] Entering safepoint region: RevokeBias
[2022-06-13T02:13:28.423+0000][1][safepoint    ] Leaving safepoint region
[2022-06-13T02:13:28.423+0000][1][safepoint    ] Total time for which application threads were stopped: 0.0002143 seconds, Stopping threads took: 0.0000976 seconds
[2022-06-13T02:13:28.423+0000][1][safepoint    ] Application time: 0.0001463 seconds
[2022-06-13T02:13:28.423+0000][1][safepoint    ] Entering safepoint region: RevokeBias
[2022-06-13T02:13:28.423+0000][1][safepoint    ] Leaving safepoint region
[2022-06-13T02:13:28.423+0000][1][safepoint    ] Total time for which application threads were stopped: 0.0002523 seconds, Stopping threads took: 0.0001260 seconds
[2022-06-13T02:13:28.424+0000][1][safepoint    ] Application time: 0.0001542 seconds
[2022-06-13T02:13:28.424+0000][1][safepoint    ] Entering safepoint region: RevokeBias
[2022-06-13T02:13:28.424+0000][1][safepoint    ] Leaving safepoint region
[2022-06-13T02:13:28.424+0000][1][safepoint    ] Total time for which application threads were stopped: 0.0002129 seconds, Stopping threads took: 0.0000980 seconds
[2022-06-13T02:13:28.424+0000][1][safepoint    ] Application time: 0.0001721 seconds
[2022-06-13T02:13:28.424+0000][1][safepoint    ] Entering safepoint region: RevokeBias
[2022-06-13T02:13:28.424+0000][1][safepoint    ] Leaving safepoint region
[2022-06-13T02:13:28.425+0000][1][safepoint    ] Total time for which application threads were stopped: 0.0002511 seconds, Stopping threads took: 0.0001378 seconds
[2022-06-13T02:13:28.425+0000][1][safepoint    ] Application time: 0.0001974 seconds
[2022-06-13T02:13:28.425+0000][1][safepoint    ] Entering safepoint region: RevokeBias
[2022-06-13T02:13:28.425+0000][1][safepoint    ] Leaving safepoint region
[2022-06-13T02:13:28.425+0000][1][safepoint    ] Total time for which application threads were stopped: 0.0002685 seconds, Stopping threads took: 0.0001216 seconds
[2022-06-13T02:13:28.425+0000][1][safepoint    ] Application time: 0.0001397 seconds
[2022-06-13T02:13:28.426+0000][1][safepoint    ] Entering safepoint region: RevokeBias
[2022-06-13T02:13:28.426+0000][1][safepoint    ] Leaving safepoint region
[2022-06-13T02:13:28.426+0000][1][safepoint    ] Total time for which application threads were stopped: 0.0002713 seconds, Stopping threads took: 0.0001195 seconds
[2022-06-13T02:13:28.426+0000][1][safepoint    ] Application time: 0.0001455 seconds
[2022-06-13T02:13:28.426+0000][1][safepoint    ] Entering safepoint region: RevokeBias
[2022-06-13T02:13:28.426+0000][1][safepoint    ] Leaving safepoint region
[2022-06-13T02:13:28.427+0000][1][safepoint    ] Total time for which application threads were stopped: 0.0003821 seconds, Stopping threads took: 0.0001072 seconds
[2022-06-13T02:13:28.427+0000][1][safepoint    ] Application time: 0.0002358 seconds
[2022-06-13T02:13:28.427+0000][1][safepoint    ] Entering safepoint region: RevokeBias
[2022-06-13T02:13:28.427+0000][1][safepoint    ] Leaving safepoint region
[2022-06-13T02:13:28.427+0000][1][safepoint    ] Total time for which application threads were stopped: 0.0002451 seconds, Stopping threads took: 0.0001247 seconds
[2022-06-13T02:13:28.428+0000][1][safepoint    ] Application time: 0.0001396 seconds
[2022-06-13T02:13:28.428+0000][1][safepoint    ] Entering safepoint region: RevokeBias
[2022-06-13T02:13:28.428+0000][1][safepoint    ] Leaving safepoint region
[2022-06-13T02:13:28.428+0000][1][safepoint    ] Total time for which application threads were stopped: 0.0002250 seconds, Stopping threads took: 0.0001095 seconds
[2022-06-13T02:13:28.428+0000][1][safepoint    ] Application time: 0.0001761 seconds
[2022-06-13T02:13:28.428+0000][1][safepoint    ] Entering safepoint region: RevokeBias
[2022-06-13T02:13:28.428+0000][1][safepoint    ] Leaving safepoint region
[2022-06-13T02:13:28.429+0000][1][safepoint    ] Total time for which application threads were stopped: 0.0002566 seconds, Stopping threads took: 0.0001005 seconds
[2022-06-13T02:13:28.429+0000][1][safepoint    ] Application time: 0.0001613 seconds
[2022-06-13T02:13:28.429+0000][1][safepoint    ] Entering safepoint region: RevokeBias
[2022-06-13T02:13:28.430+0000][1][safepoint    ] Leaving safepoint region
[2022-06-13T02:13:28.430+0000][1][safepoint    ] Total time for which application threads were stopped: 0.0005251 seconds, Stopping threads took: 0.0002835 seconds
[2022-06-13T02:13:28.430+0000][1][safepoint    ] Application time: 0.0002343 seconds
[2022-06-13T02:13:28.431+0000][1][safepoint    ] Entering safepoint region: RevokeBias
[2022-06-13T02:13:28.431+0000][1][safepoint    ] Leaving safepoint region
[2022-06-13T02:13:28.431+0000][1][safepoint    ] Total time for which application threads were stopped: 0.0005020 seconds, Stopping threads took: 0.0002771 seconds
[2022-06-13T02:13:28.431+0000][1][safepoint    ] Application time: 0.0001656 seconds
[2022-06-13T02:13:28.432+0000][1][safepoint    ] Entering safepoint region: BulkRevokeBias
[2022-06-13T02:13:28.432+0000][1][safepoint    ] Leaving safepoint region
[2022-06-13T02:13:28.432+0000][1][safepoint    ] Total time for which application threads were stopped: 0.0004530 seconds, Stopping threads took: 0.0001649 seconds
[2022-06-13T02:13:28.433+0000][1][safepoint    ] Application time: 0.0002899 seconds
[2022-06-13T02:13:28.433+0000][1][safepoint    ] Entering safepoint region: BulkRevokeBias
[2022-06-13T02:13:28.433+0000][1][safepoint    ] Leaving safepoint region
[2022-06-13T02:13:28.433+0000][1][safepoint    ] Total time for which application threads were stopped: 0.0003581 seconds, Stopping threads took: 0.0001655 seconds
[2022-06-13T02:13:28.433+0000][1][safepoint    ] Application time: 0.0001226 seconds
[2022-06-13T02:13:28.433+0000][1][safepoint    ] Entering safepoint region: RevokeBias
[2022-06-13T02:13:28.433+0000][1][safepoint    ] Leaving safepoint region
[2022-06-13T02:13:28.434+0000][1][safepoint    ] Total time for which application threads were stopped: 0.0002815 seconds, Stopping threads took: 0.0001287 seconds
[2022-06-13T02:13:28.434+0000][1][safepoint    ] Application time: 0.0001676 seconds
[2022-06-13T02:13:28.434+0000][1][safepoint    ] Entering safepoint region: RevokeBias
[2022-06-13T02:13:28.434+0000][1][safepoint    ] Leaving safepoint region
[2022-06-13T02:13:28.434+0000][1][safepoint    ] Total time for which application threads were stopped: 0.0002327 seconds, Stopping threads took: 0.0001139 seconds
[2022-06-13T02:13:28.435+0000][1][safepoint    ] Application time: 0.0001897 seconds
[2022-06-13T02:13:28.435+0000][1][safepoint    ] Entering safepoint region: RevokeBias
[2022-06-13T02:13:28.435+0000][1][safepoint    ] Leaving safepoint region
[2022-06-13T02:13:28.435+0000][1][safepoint    ] Total time for which application threads were stopped: 0.0002578 seconds, Stopping threads took: 0.0001067 seconds
[2022-06-13T02:13:28.435+0000][1][safepoint    ] Application time: 0.0001715 seconds
[2022-06-13T02:13:28.435+0000][1][safepoint    ] Entering safepoint region: RevokeBias
[2022-06-13T02:13:28.436+0000][1][safepoint    ] Leaving safepoint region
[2022-06-13T02:13:28.436+0000][1][safepoint    ] Total time for which application threads were stopped: 0.0002283 seconds, Stopping threads took: 0.0001177 seconds
[2022-06-13T02:13:28.436+0000][1][safepoint    ] Application time: 0.0000867 seconds
[2022-06-13T02:13:28.436+0000][1][safepoint    ] Entering safepoint region: RevokeBias
[2022-06-13T02:13:28.436+0000][1][safepoint    ] Leaving safepoint region
[2022-06-13T02:13:28.436+0000][1][safepoint    ] Total time for which application threads were stopped: 0.0002149 seconds, Stopping threads took: 0.0001053 seconds
[2022-06-13T02:13:28.436+0000][1][safepoint    ] Application time: 0.0001573 seconds
[2022-06-13T02:13:28.437+0000][1][safepoint    ] Entering safepoint region: RevokeBias
[2022-06-13T02:13:28.437+0000][1][safepoint    ] Leaving safepoint region
[2022-06-13T02:13:28.437+0000][1][safepoint    ] Total time for which application threads were stopped: 0.0002167 seconds, Stopping threads took: 0.0001142 seconds
[2022-06-13T02:13:28.437+0000][1][safepoint    ] Application time: 0.0001353 seconds
[2022-06-13T02:13:28.437+0000][1][safepoint    ] Entering safepoint region: RevokeBias
[2022-06-13T02:13:28.437+0000][1][safepoint    ] Leaving safepoint region
[2022-06-13T02:13:28.437+0000][1][safepoint    ] Total time for which application threads were stopped: 0.0002303 seconds, Stopping threads took: 0.0001136 seconds
[2022-06-13T02:13:28.438+0000][1][safepoint    ] Application time: 0.0002192 seconds
[2022-06-13T02:13:28.438+0000][1][safepoint    ] Entering safepoint region: RevokeBias
[2022-06-13T02:13:28.438+0000][1][safepoint    ] Leaving safepoint region
[2022-06-13T02:13:28.438+0000][1][safepoint    ] Total time for which application threads were stopped: 0.0002284 seconds, Stopping threads took: 0.0001145 seconds
[2022-06-13T02:13:28.438+0000][1][safepoint    ] Application time: 0.0000875 seconds
[2022-06-13T02:13:28.438+0000][1][safepoint    ] Entering safepoint region: RevokeBias
[2022-06-13T02:13:28.439+0000][1][safepoint    ] Leaving safepoint region
[2022-06-13T02:13:28.439+0000][1][safepoint    ] Total time for which application threads were stopped: 0.0002453 seconds, Stopping threads took: 0.0001333 seconds
[2022-06-13T02:13:28.439+0000][1][safepoint    ] Application time: 0.0002017 seconds
[2022-06-13T02:13:28.439+0000][1][safepoint    ] Entering safepoint region: RevokeBias
[2022-06-13T02:13:28.439+0000][1][safepoint    ] Leaving safepoint region
[2022-06-13T02:13:28.439+0000][1][safepoint    ] Total time for which application threads were stopped: 0.0002584 seconds, Stopping threads took: 0.0001367 seconds
[2022-06-13T02:13:28.440+0000][1][safepoint    ] Application time: 0.0000930 seconds
[2022-06-13T02:13:28.440+0000][1][safepoint    ] Entering safepoint region: RevokeBias
[2022-06-13T02:13:28.440+0000][1][safepoint    ] Leaving safepoint region
[2022-06-13T02:13:28.440+0000][1][safepoint    ] Total time for which application threads were stopped: 0.0002313 seconds, Stopping threads took: 0.0001045 seconds
[2022-06-13T02:13:28.441+0000][1][safepoint    ] Application time: 0.0012863 seconds
[2022-06-13T02:13:28.442+0000][1][safepoint    ] Entering safepoint region: RevokeBias
[2022-06-13T02:13:28.442+0000][1][safepoint    ] Leaving safepoint region
[2022-06-13T02:13:28.442+0000][1][safepoint    ] Total time for which application threads were stopped: 0.0002447 seconds, Stopping threads took: 0.0001232 seconds
[2022-06-13T02:13:28.447+0000][1][safepoint    ] Application time: 0.0046991 seconds
[2022-06-13T02:13:28.447+0000][1][safepoint    ] Entering safepoint region: RevokeBias
[2022-06-13T02:13:28.447+0000][1][safepoint    ] Leaving safepoint region
[2022-06-13T02:13:28.447+0000][1][safepoint    ] Total time for which application threads were stopped: 0.0003327 seconds, Stopping threads took: 0.0001810 seconds
[2022-06-13T02:13:28.447+0000][1][safepoint    ] Application time: 0.0000812 seconds
[2022-06-13T02:13:28.447+0000][1][safepoint    ] Entering safepoint region: RevokeBias
[2022-06-13T02:13:28.448+0000][1][safepoint    ] Leaving safepoint region
[2022-06-13T02:13:28.448+0000][1][safepoint    ] Total time for which application threads were stopped: 0.0002874 seconds, Stopping threads took: 0.0001394 seconds
[2022-06-13T02:13:28.448+0000][1][safepoint    ] Application time: 0.0000766 seconds
[2022-06-13T02:13:28.448+0000][1][safepoint    ] Entering safepoint region: RevokeBias
[2022-06-13T02:13:28.448+0000][1][safepoint    ] Leaving safepoint region
[2022-06-13T02:13:28.448+0000][1][safepoint    ] Total time for which application threads were stopped: 0.0003909 seconds, Stopping threads took: 0.0001527 seconds
[2022-06-13T02:13:28.449+0000][1][safepoint    ] Application time: 0.0006130 seconds
[2022-06-13T02:13:28.449+0000][1][safepoint    ] Entering safepoint region: RevokeBias
[2022-06-13T02:13:28.450+0000][1][safepoint    ] Leaving safepoint region
[2022-06-13T02:13:28.450+0000][1][safepoint    ] Total time for which application threads were stopped: 0.0004151 seconds, Stopping threads took: 0.0002099 seconds
[2022-06-13T02:13:28.450+0000][1][safepoint    ] Application time: 0.0001826 seconds
[2022-06-13T02:13:28.451+0000][1][safepoint    ] Entering safepoint region: RevokeBias
[2022-06-13T02:13:28.451+0000][1][safepoint    ] Leaving safepoint region
[2022-06-13T02:13:28.451+0000][1][safepoint    ] Total time for which application threads were stopped: 0.0004368 seconds, Stopping threads took: 0.0002480 seconds
[2022-06-13T02:13:28.451+0000][1][safepoint    ] Application time: 0.0001640 seconds
[2022-06-13T02:13:28.452+0000][1][safepoint    ] Entering safepoint region: RevokeBias
[2022-06-13T02:13:28.452+0000][1][safepoint    ] Leaving safepoint region
[2022-06-13T02:13:28.452+0000][1][safepoint    ] Total time for which application threads were stopped: 0.0004108 seconds, Stopping threads took: 0.0002247 seconds
[2022-06-13T02:13:28.453+0000][1][safepoint    ] Application time: 0.0004428 seconds
[2022-06-13T02:13:28.453+0000][1][safepoint    ] Entering safepoint region: RevokeBias
[2022-06-13T02:13:28.453+0000][1][safepoint    ] Leaving safepoint region
[2022-06-13T02:13:28.453+0000][1][safepoint    ] Total time for which application threads were stopped: 0.0002174 seconds, Stopping threads took: 0.0001158 seconds
[2022-06-13T02:13:28.453+0000][1][safepoint    ] Application time: 0.0002452 seconds
[2022-06-13T02:13:28.453+0000][1][safepoint    ] Entering safepoint region: RevokeBias
[2022-06-13T02:13:28.454+0000][1][safepoint    ] Leaving safepoint region
[2022-06-13T02:13:28.454+0000][1][safepoint    ] Total time for which application threads were stopped: 0.0002639 seconds, Stopping threads took: 0.0001138 seconds
[2022-06-13T02:13:28.454+0000][1][safepoint    ] Application time: 0.0002263 seconds
[2022-06-13T02:13:28.454+0000][1][safepoint    ] Entering safepoint region: RevokeBias
[2022-06-13T02:13:28.454+0000][1][safepoint    ] Leaving safepoint region
[2022-06-13T02:13:28.454+0000][1][safepoint    ] Total time for which application threads were stopped: 0.0002494 seconds, Stopping threads took: 0.0001251 seconds
[2022-06-13T02:13:28.455+0000][1][safepoint    ] Application time: 0.0004422 seconds
[2022-06-13T02:13:28.455+0000][1][safepoint    ] Entering safepoint region: RevokeBias
[2022-06-13T02:13:28.455+0000][1][safepoint    ] Leaving safepoint region
[2022-06-13T02:13:28.456+0000][1][safepoint    ] Total time for which application threads were stopped: 0.0003304 seconds, Stopping threads took: 0.0001290 seconds
[2022-06-13T02:13:28.456+0000][1][safepoint    ] Application time: 0.0002281 seconds
[2022-06-13T02:13:28.456+0000][1][safepoint    ] Entering safepoint region: RevokeBias
[2022-06-13T02:13:28.456+0000][1][safepoint    ] Leaving safepoint region
[2022-06-13T02:13:28.456+0000][1][safepoint    ] Total time for which application threads were stopped: 0.0002747 seconds, Stopping threads took: 0.0001644 seconds
[2022-06-13T02:13:28.457+0000][1][safepoint    ] Application time: 0.0005518 seconds
[2022-06-13T02:13:28.457+0000][1][safepoint    ] Entering safepoint region: RevokeBias
[2022-06-13T02:13:28.457+0000][1][safepoint    ] Leaving safepoint region
[2022-06-13T02:13:28.457+0000][1][safepoint    ] Total time for which application threads were stopped: 0.0002552 seconds, Stopping threads took: 0.0001156 seconds
[2022-06-13T02:13:28.458+0000][1][safepoint    ] Application time: 0.0002653 seconds
[2022-06-13T02:13:28.458+0000][1][safepoint    ] Entering safepoint region: RevokeBias
[2022-06-13T02:13:28.458+0000][1][safepoint    ] Leaving safepoint region
[2022-06-13T02:13:28.458+0000][1][safepoint    ] Total time for which application threads were stopped: 0.0002261 seconds, Stopping threads took: 0.0001249 seconds
[2022-06-13T02:13:28.458+0000][1][safepoint    ] Application time: 0.0001185 seconds
[2022-06-13T02:13:28.458+0000][1][safepoint    ] Entering safepoint region: RevokeBias
[2022-06-13T02:13:28.458+0000][1][safepoint    ] Leaving safepoint region
[2022-06-13T02:13:28.459+0000][1][safepoint    ] Total time for which application threads were stopped: 0.0002014 seconds, Stopping threads took: 0.0000906 seconds
[2022-06-13T02:13:28.459+0000][1][safepoint    ] Application time: 0.0004488 seconds
[2022-06-13T02:13:28.459+0000][1][safepoint    ] Entering safepoint region: RevokeBias
[2022-06-13T02:13:28.459+0000][1][safepoint    ] Leaving safepoint region
[2022-06-13T02:13:28.459+0000][1][safepoint    ] Total time for which application threads were stopped: 0.0001798 seconds, Stopping threads took: 0.0000886 seconds
[2022-06-13T02:13:28.461+0000][1][safepoint    ] Application time: 0.0015017 seconds
[2022-06-13T02:13:28.461+0000][1][safepoint    ] Entering safepoint region: RevokeBias
[2022-06-13T02:13:28.461+0000][1][safepoint    ] Leaving safepoint region
[2022-06-13T02:13:28.461+0000][1][safepoint    ] Total time for which application threads were stopped: 0.0002229 seconds, Stopping threads took: 0.0000952 seconds
[2022-06-13T02:13:28.461+0000][1][safepoint    ] Application time: 0.0000377 seconds
[2022-06-13T02:13:28.462+0000][1][safepoint    ] Entering safepoint region: RevokeBias
[2022-06-13T02:13:28.462+0000][1][safepoint    ] Leaving safepoint region
[2022-06-13T02:13:28.462+0000][1][safepoint    ] Total time for which application threads were stopped: 0.0002303 seconds, Stopping threads took: 0.0001041 seconds
[2022-06-13T02:13:28.462+0000][1][safepoint    ] Application time: 0.0001224 seconds
[2022-06-13T02:13:28.462+0000][1][safepoint    ] Entering safepoint region: RevokeBias
[2022-06-13T02:13:28.462+0000][1][safepoint    ] Leaving safepoint region
[2022-06-13T02:13:28.462+0000][1][safepoint    ] Total time for which application threads were stopped: 0.0002424 seconds, Stopping threads took: 0.0001223 seconds
[2022-06-13T02:13:28.463+0000][1][safepoint    ] Application time: 0.0001148 seconds
[2022-06-13T02:13:28.463+0000][1][safepoint    ] Entering safepoint region: RevokeBias
[2022-06-13T02:13:28.463+0000][1][safepoint    ] Leaving safepoint region
[2022-06-13T02:13:28.463+0000][1][safepoint    ] Total time for which application threads were stopped: 0.0003165 seconds, Stopping threads took: 0.0001440 seconds
[2022-06-13T02:13:28.463+0000][1][safepoint    ] Application time: 0.0001224 seconds
[2022-06-13T02:13:28.464+0000][1][safepoint    ] Entering safepoint region: RevokeBias
[2022-06-13T02:13:28.464+0000][1][safepoint    ] Leaving safepoint region
[2022-06-13T02:13:28.464+0000][1][safepoint    ] Total time for which application threads were stopped: 0.0002901 seconds, Stopping threads took: 0.0001267 seconds
[2022-06-13T02:13:28.466+0000][1][gc,heap,exit ] Heap
[2022-06-13T02:13:28.466+0000][1][gc,heap,exit ]  par new generation   total 78656K, used 27065K [0x00000000f0000000, 0x00000000f5550000, 0x00000000f5550000)
[2022-06-13T02:13:28.466+0000][1][gc,heap,exit ]   eden space 69952K,  27% used [0x00000000f0000000, 0x00000000f12bb538, 0x00000000f4450000)
[2022-06-13T02:13:28.467+0000][1][gc,heap,exit ]   from space 8704K,  90% used [0x00000000f4450000, 0x00000000f4c03000, 0x00000000f4cd0000)
[2022-06-13T02:13:28.467+0000][1][gc,heap,exit ]   to   space 8704K,   0% used [0x00000000f4cd0000, 0x00000000f4cd0000, 0x00000000f5550000)
[2022-06-13T02:13:28.467+0000][1][gc,heap,exit ]  concurrent mark-sweep generation total 174784K, used 62364K [0x00000000f5550000, 0x0000000100000000, 0x0000000100000000)
[2022-06-13T02:13:28.467+0000][1][gc,heap,exit ]  Metaspace       used 63544K, capacity 68379K, committed 68468K, reserved 1107968K
[2022-06-13T02:13:28.468+0000][1][gc,heap,exit ]   class space    used 8636K, capacity 10670K, committed 10756K, reserved 1048576K
[2022-06-13T02:13:28.468+0000][1][safepoint    ] Application time: 0.0038182 seconds
[2022-06-13T02:13:28.468+0000][1][safepoint    ] Entering safepoint region: Exit
