[2022-06-13T03:00:30.508+0000][1][gc] Using Concurrent Mark Sweep
[2022-06-13T03:00:30.509+0000][1][gc,heap,coops] Heap address: 0x00000000f0000000, size: 256 MB, Compressed Oops mode: 32-bit
[2022-06-13T03:00:30.543+0000][1][safepoint    ] Entering safepoint region: EnableBiasedLocking
[2022-06-13T03:00:30.544+0000][1][safepoint    ] Leaving safepoint region
[2022-06-13T03:00:30.544+0000][1][safepoint    ] Total time for which application threads were stopped: 0.0007732 seconds, Stopping threads took: 0.0004285 seconds
[2022-06-13T03:00:30.547+0000][1][safepoint    ] Application time: 0.0022706 seconds
[2022-06-13T03:00:30.547+0000][1][safepoint    ] Entering safepoint region: RevokeBias
[2022-06-13T03:00:30.583+0000][1][safepoint    ] Leaving safepoint region
[2022-06-13T03:00:30.583+0000][1][safepoint    ] Total time for which application threads were stopped: 0.0359479 seconds, Stopping threads took: 0.0355266 seconds
[2022-06-13T03:00:30.592+0000][1][safepoint    ] Application time: 0.0088572 seconds
[2022-06-13T03:00:30.593+0000][1][safepoint    ] Entering safepoint region: Deoptimize
[2022-06-13T03:00:30.593+0000][1][safepoint    ] Leaving safepoint region
[2022-06-13T03:00:30.593+0000][1][safepoint    ] Total time for which application threads were stopped: 0.0005881 seconds, Stopping threads took: 0.0001469 seconds
[2022-06-13T03:00:30.638+0000][1][safepoint    ] Application time: 0.0448728 seconds
[2022-06-13T03:00:30.639+0000][1][safepoint    ] Entering safepoint region: RevokeBias
[2022-06-13T03:00:30.639+0000][1][safepoint    ] Leaving safepoint region
[2022-06-13T03:00:30.639+0000][1][safepoint    ] Total time for which application threads were stopped: 0.0002783 seconds, Stopping threads took: 0.0001319 seconds
[2022-06-13T03:00:30.654+0000][1][safepoint    ] Application time: 0.0146262 seconds
[2022-06-13T03:00:30.654+0000][1][safepoint    ] Entering safepoint region: Deoptimize
[2022-06-13T03:00:30.654+0000][1][safepoint    ] Leaving safepoint region
[2022-06-13T03:00:30.654+0000][1][safepoint    ] Total time for which application threads were stopped: 0.0004284 seconds, Stopping threads took: 0.0002428 seconds
[2022-06-13T03:00:30.813+0000][1][safepoint    ] Application time: 0.1582365 seconds
[2022-06-13T03:00:30.813+0000][1][safepoint    ] Entering safepoint region: Deoptimize
[2022-06-13T03:00:30.814+0000][1][safepoint    ] Leaving safepoint region
[2022-06-13T03:00:30.814+0000][1][safepoint    ] Total time for which application threads were stopped: 0.0007846 seconds, Stopping threads took: 0.0002721 seconds
[2022-06-13T03:00:30.836+0000][1][safepoint    ] Application time: 0.0220275 seconds
[2022-06-13T03:00:30.837+0000][1][safepoint    ] Entering safepoint region: Deoptimize
[2022-06-13T03:00:30.837+0000][1][safepoint    ] Leaving safepoint region
[2022-06-13T03:00:30.838+0000][1][safepoint    ] Total time for which application threads were stopped: 0.0007018 seconds, Stopping threads took: 0.0002589 seconds
[2022-06-13T03:00:30.846+0000][1][safepoint    ] Application time: 0.0079765 seconds
[2022-06-13T03:00:30.846+0000][1][safepoint    ] Entering safepoint region: Deoptimize
[2022-06-13T03:00:30.847+0000][1][safepoint    ] Leaving safepoint region
[2022-06-13T03:00:30.847+0000][1][safepoint    ] Total time for which application threads were stopped: 0.0009900 seconds, Stopping threads took: 0.0004121 seconds
[2022-06-13T03:00:31.044+0000][1][safepoint    ] Application time: 0.1964411 seconds
[2022-06-13T03:00:31.045+0000][1][safepoint    ] Entering safepoint region: Deoptimize
[2022-06-13T03:00:31.045+0000][1][safepoint    ] Leaving safepoint region
[2022-06-13T03:00:31.046+0000][1][safepoint    ] Total time for which application threads were stopped: 0.0009025 seconds, Stopping threads took: 0.0003234 seconds
[2022-06-13T03:00:31.184+0000][1][safepoint    ] Application time: 0.1381376 seconds
[2022-06-13T03:00:31.184+0000][1][safepoint    ] Entering safepoint region: RevokeBias
[2022-06-13T03:00:31.185+0000][1][safepoint    ] Leaving safepoint region
[2022-06-13T03:00:31.185+0000][1][safepoint    ] Total time for which application threads were stopped: 0.0006940 seconds, Stopping threads took: 0.0004000 seconds
[2022-06-13T03:00:31.243+0000][1][safepoint    ] Application time: 0.0578483 seconds
[2022-06-13T03:00:31.244+0000][1][safepoint    ] Entering safepoint region: Deoptimize
[2022-06-13T03:00:31.245+0000][1][safepoint    ] Leaving safepoint region
[2022-06-13T03:00:31.245+0000][1][safepoint    ] Total time for which application threads were stopped: 0.0007648 seconds, Stopping threads took: 0.0003129 seconds
[2022-06-13T03:00:31.303+0000][1][safepoint    ] Application time: 0.0576291 seconds
[2022-06-13T03:00:31.303+0000][1][safepoint    ] Entering safepoint region: Deoptimize
[2022-06-13T03:00:31.304+0000][1][safepoint    ] Leaving safepoint region
[2022-06-13T03:00:31.304+0000][1][safepoint    ] Total time for which application threads were stopped: 0.0005866 seconds, Stopping threads took: 0.0002009 seconds
[2022-06-13T03:00:31.304+0000][1][safepoint    ] Application time: 0.0001627 seconds
[2022-06-13T03:00:31.304+0000][1][safepoint    ] Entering safepoint region: Deoptimize
[2022-06-13T03:00:31.305+0000][1][safepoint    ] Leaving safepoint region
[2022-06-13T03:00:31.305+0000][1][safepoint    ] Total time for which application threads were stopped: 0.0005856 seconds, Stopping threads took: 0.0002856 seconds
[2022-06-13T03:00:31.323+0000][1][safepoint    ] Application time: 0.0184620 seconds
[2022-06-13T03:00:31.324+0000][1][safepoint    ] Entering safepoint region: Deoptimize
[2022-06-13T03:00:31.324+0000][1][safepoint    ] Leaving safepoint region
[2022-06-13T03:00:31.324+0000][1][safepoint    ] Total time for which application threads were stopped: 0.0006282 seconds, Stopping threads took: 0.0001695 seconds
[2022-06-13T03:00:31.329+0000][1][safepoint    ] Application time: 0.0040773 seconds
[2022-06-13T03:00:31.329+0000][1][safepoint    ] Entering safepoint region: RevokeBias
[2022-06-13T03:00:31.329+0000][1][safepoint    ] Leaving safepoint region
[2022-06-13T03:00:31.330+0000][1][safepoint    ] Total time for which application threads were stopped: 0.0004955 seconds, Stopping threads took: 0.0002559 seconds
[2022-06-13T03:00:31.330+0000][1][safepoint    ] Application time: 0.0002548 seconds
[2022-06-13T03:00:31.331+0000][1][safepoint    ] Entering safepoint region: RevokeBias
[2022-06-13T03:00:31.331+0000][1][safepoint    ] Leaving safepoint region
[2022-06-13T03:00:31.331+0000][1][safepoint    ] Total time for which application threads were stopped: 0.0006434 seconds, Stopping threads took: 0.0003867 seconds
[2022-06-13T03:00:31.332+0000][1][safepoint    ] Application time: 0.0002036 seconds
[2022-06-13T03:00:31.332+0000][1][safepoint    ] Entering safepoint region: RevokeBias
[2022-06-13T03:00:31.332+0000][1][safepoint    ] Leaving safepoint region
[2022-06-13T03:00:31.332+0000][1][safepoint    ] Total time for which application threads were stopped: 0.0005819 seconds, Stopping threads took: 0.0002651 seconds
[2022-06-13T03:00:31.333+0000][1][safepoint    ] Application time: 0.0002604 seconds
[2022-06-13T03:00:31.333+0000][1][safepoint    ] Entering safepoint region: RevokeBias
[2022-06-13T03:00:31.334+0000][1][safepoint    ] Leaving safepoint region
[2022-06-13T03:00:31.334+0000][1][safepoint    ] Total time for which application threads were stopped: 0.0006274 seconds, Stopping threads took: 0.0003833 seconds
[2022-06-13T03:00:31.338+0000][1][safepoint    ] Application time: 0.0034428 seconds
[2022-06-13T03:00:31.338+0000][1][safepoint    ] Entering safepoint region: Deoptimize
[2022-06-13T03:00:31.339+0000][1][safepoint    ] Leaving safepoint region
[2022-06-13T03:00:31.339+0000][1][safepoint    ] Total time for which application threads were stopped: 0.0010893 seconds, Stopping threads took: 0.0004917 seconds
[2022-06-13T03:00:31.383+0000][1][safepoint    ] Application time: 0.0435881 seconds
[2022-06-13T03:00:31.383+0000][1][safepoint    ] Entering safepoint region: GenCollectForAllocation
[2022-06-13T03:00:31.384+0000][1][gc,start     ] GC(0) Pause Young (Allocation Failure)
[2022-06-13T03:00:31.385+0000][1][gc,task      ] GC(0) Using 5 workers of 13 for evacuation
[2022-06-13T03:00:31.390+0000][1][gc,age       ] GC(0) Desired survivor size 4456448 bytes, new threshold 1 (max threshold 6)
[2022-06-13T03:00:31.390+0000][1][gc,age       ] GC(0) Age table with threshold 1 (max threshold 6)
[2022-06-13T03:00:31.391+0000][1][gc,age       ] GC(0) - age   1:    8199112 bytes,    8199112 total
[2022-06-13T03:00:31.391+0000][1][gc,heap      ] GC(0) ParNew: 69952K->8122K(78656K)
[2022-06-13T03:00:31.392+0000][1][gc,heap      ] GC(0) CMS: 0K->0K(174784K)
[2022-06-13T03:00:31.392+0000][1][gc,metaspace ] GC(0) Metaspace: 12246K->12246K(1060864K)
[2022-06-13T03:00:31.393+0000][1][gc           ] GC(0) Pause Young (Allocation Failure) 68M->7M(247M) 8.975ms
[2022-06-13T03:00:31.393+0000][1][gc,cpu       ] GC(0) User=0.04s Sys=0.00s Real=0.01s
[2022-06-13T03:00:31.394+0000][1][safepoint    ] Leaving safepoint region
[2022-06-13T03:00:31.394+0000][1][safepoint    ] Total time for which application threads were stopped: 0.0108034 seconds, Stopping threads took: 0.0002788 seconds
[2022-06-13T03:00:31.395+0000][1][safepoint    ] Application time: 0.0006733 seconds
[2022-06-13T03:00:31.396+0000][1][safepoint    ] Entering safepoint region: RevokeBias
[2022-06-13T03:00:31.396+0000][1][safepoint    ] Leaving safepoint region
[2022-06-13T03:00:31.397+0000][1][safepoint    ] Total time for which application threads were stopped: 0.0009564 seconds, Stopping threads took: 0.0004855 seconds
[2022-06-13T03:00:31.397+0000][1][safepoint    ] Application time: 0.0001113 seconds
[2022-06-13T03:00:31.398+0000][1][safepoint    ] Entering safepoint region: RevokeBias
[2022-06-13T03:00:31.398+0000][1][safepoint    ] Leaving safepoint region
[2022-06-13T03:00:31.398+0000][1][safepoint    ] Total time for which application threads were stopped: 0.0008215 seconds, Stopping threads took: 0.0004592 seconds
[2022-06-13T03:00:31.399+0000][1][safepoint    ] Application time: 0.0005316 seconds
[2022-06-13T03:00:31.400+0000][1][safepoint    ] Entering safepoint region: RevokeBias
[2022-06-13T03:00:31.400+0000][1][safepoint    ] Leaving safepoint region
[2022-06-13T03:00:31.400+0000][1][safepoint    ] Total time for which application threads were stopped: 0.0004869 seconds, Stopping threads took: 0.0002441 seconds
[2022-06-13T03:00:31.401+0000][1][safepoint    ] Application time: 0.0001928 seconds
[2022-06-13T03:00:31.401+0000][1][safepoint    ] Entering safepoint region: RevokeBias
[2022-06-13T03:00:31.401+0000][1][safepoint    ] Leaving safepoint region
[2022-06-13T03:00:31.402+0000][1][safepoint    ] Total time for which application threads were stopped: 0.0006483 seconds, Stopping threads took: 0.0003003 seconds
[2022-06-13T03:00:31.402+0000][1][safepoint    ] Application time: 0.0004443 seconds
[2022-06-13T03:00:31.403+0000][1][safepoint    ] Entering safepoint region: RevokeBias
[2022-06-13T03:00:31.403+0000][1][safepoint    ] Leaving safepoint region
[2022-06-13T03:00:31.404+0000][1][safepoint    ] Total time for which application threads were stopped: 0.0009374 seconds, Stopping threads took: 0.0005046 seconds
[2022-06-13T03:00:31.404+0000][1][safepoint    ] Application time: 0.0001324 seconds
[2022-06-13T03:00:31.405+0000][1][safepoint    ] Entering safepoint region: RevokeBias
[2022-06-13T03:00:31.405+0000][1][safepoint    ] Leaving safepoint region
[2022-06-13T03:00:31.405+0000][1][safepoint    ] Total time for which application threads were stopped: 0.0007282 seconds, Stopping threads took: 0.0003757 seconds
[2022-06-13T03:00:31.406+0000][1][safepoint    ] Application time: 0.0001917 seconds
[2022-06-13T03:00:31.406+0000][1][safepoint    ] Entering safepoint region: RevokeBias
[2022-06-13T03:00:31.406+0000][1][safepoint    ] Leaving safepoint region
[2022-06-13T03:00:31.406+0000][1][safepoint    ] Total time for which application threads were stopped: 0.0003318 seconds, Stopping threads took: 0.0001001 seconds
[2022-06-13T03:00:31.407+0000][1][safepoint    ] Application time: 0.0001360 seconds
[2022-06-13T03:00:31.407+0000][1][safepoint    ] Entering safepoint region: RevokeBias
[2022-06-13T03:00:31.407+0000][1][safepoint    ] Leaving safepoint region
[2022-06-13T03:00:31.407+0000][1][safepoint    ] Total time for which application threads were stopped: 0.0004380 seconds, Stopping threads took: 0.0002246 seconds
[2022-06-13T03:00:31.408+0000][1][safepoint    ] Application time: 0.0001684 seconds
[2022-06-13T03:00:31.408+0000][1][safepoint    ] Entering safepoint region: RevokeBias
[2022-06-13T03:00:31.409+0000][1][safepoint    ] Leaving safepoint region
[2022-06-13T03:00:31.409+0000][1][safepoint    ] Total time for which application threads were stopped: 0.0007218 seconds, Stopping threads took: 0.0004988 seconds
[2022-06-13T03:00:31.409+0000][1][safepoint    ] Application time: 0.0001863 seconds
[2022-06-13T03:00:31.409+0000][1][safepoint    ] Entering safepoint region: RevokeBias
[2022-06-13T03:00:31.410+0000][1][safepoint    ] Leaving safepoint region
[2022-06-13T03:00:31.410+0000][1][safepoint    ] Total time for which application threads were stopped: 0.0004614 seconds, Stopping threads took: 0.0002104 seconds
[2022-06-13T03:00:31.411+0000][1][safepoint    ] Application time: 0.0007189 seconds
[2022-06-13T03:00:31.411+0000][1][safepoint    ] Entering safepoint region: RevokeBias
[2022-06-13T03:00:31.411+0000][1][safepoint    ] Leaving safepoint region
[2022-06-13T03:00:31.412+0000][1][safepoint    ] Total time for which application threads were stopped: 0.0006396 seconds, Stopping threads took: 0.0004343 seconds
[2022-06-13T03:00:31.412+0000][1][safepoint    ] Application time: 0.0002813 seconds
[2022-06-13T03:00:31.413+0000][1][safepoint    ] Entering safepoint region: RevokeBias
[2022-06-13T03:00:31.413+0000][1][safepoint    ] Leaving safepoint region
[2022-06-13T03:00:31.413+0000][1][safepoint    ] Total time for which application threads were stopped: 0.0007102 seconds, Stopping threads took: 0.0004555 seconds
[2022-06-13T03:00:31.414+0000][1][safepoint    ] Application time: 0.0001971 seconds
[2022-06-13T03:00:31.414+0000][1][safepoint    ] Entering safepoint region: RevokeBias
[2022-06-13T03:00:31.415+0000][1][safepoint    ] Leaving safepoint region
[2022-06-13T03:00:31.415+0000][1][safepoint    ] Total time for which application threads were stopped: 0.0006796 seconds, Stopping threads took: 0.0004792 seconds
[2022-06-13T03:00:31.415+0000][1][safepoint    ] Application time: 0.0002420 seconds
[2022-06-13T03:00:31.416+0000][1][safepoint    ] Entering safepoint region: RevokeBias
[2022-06-13T03:00:31.416+0000][1][safepoint    ] Leaving safepoint region
[2022-06-13T03:00:31.416+0000][1][safepoint    ] Total time for which application threads were stopped: 0.0004979 seconds, Stopping threads took: 0.0002979 seconds
[2022-06-13T03:00:31.417+0000][1][safepoint    ] Application time: 0.0002662 seconds
[2022-06-13T03:00:31.417+0000][1][safepoint    ] Entering safepoint region: RevokeBias
[2022-06-13T03:00:31.418+0000][1][safepoint    ] Leaving safepoint region
[2022-06-13T03:00:31.418+0000][1][safepoint    ] Total time for which application threads were stopped: 0.0005199 seconds, Stopping threads took: 0.0003026 seconds
[2022-06-13T03:00:31.418+0000][1][safepoint    ] Application time: 0.0001761 seconds
[2022-06-13T03:00:31.418+0000][1][safepoint    ] Entering safepoint region: RevokeBias
[2022-06-13T03:00:31.419+0000][1][safepoint    ] Leaving safepoint region
[2022-06-13T03:00:31.419+0000][1][safepoint    ] Total time for which application threads were stopped: 0.0005698 seconds, Stopping threads took: 0.0003525 seconds
[2022-06-13T03:00:31.419+0000][1][safepoint    ] Application time: 0.0002106 seconds
[2022-06-13T03:00:31.419+0000][1][safepoint    ] Entering safepoint region: RevokeBias
[2022-06-13T03:00:31.420+0000][1][safepoint    ] Leaving safepoint region
[2022-06-13T03:00:31.420+0000][1][safepoint    ] Total time for which application threads were stopped: 0.0008192 seconds, Stopping threads took: 0.0003828 seconds
[2022-06-13T03:00:31.421+0000][1][safepoint    ] Application time: 0.0001365 seconds
[2022-06-13T03:00:31.421+0000][1][safepoint    ] Entering safepoint region: RevokeBias
[2022-06-13T03:00:31.421+0000][1][safepoint    ] Leaving safepoint region
[2022-06-13T03:00:31.422+0000][1][safepoint    ] Total time for which application threads were stopped: 0.0007734 seconds, Stopping threads took: 0.0003176 seconds
[2022-06-13T03:00:31.422+0000][1][safepoint    ] Application time: 0.0002458 seconds
[2022-06-13T03:00:31.423+0000][1][safepoint    ] Entering safepoint region: RevokeBias
[2022-06-13T03:00:31.423+0000][1][safepoint    ] Leaving safepoint region
[2022-06-13T03:00:31.423+0000][1][safepoint    ] Total time for which application threads were stopped: 0.0005036 seconds, Stopping threads took: 0.0002851 seconds
[2022-06-13T03:00:31.424+0000][1][safepoint    ] Application time: 0.0001380 seconds
[2022-06-13T03:00:31.424+0000][1][safepoint    ] Entering safepoint region: RevokeBias
[2022-06-13T03:00:31.424+0000][1][safepoint    ] Leaving safepoint region
[2022-06-13T03:00:31.424+0000][1][safepoint    ] Total time for which application threads were stopped: 0.0004169 seconds, Stopping threads took: 0.0001642 seconds
[2022-06-13T03:00:31.424+0000][1][safepoint    ] Application time: 0.0001794 seconds
[2022-06-13T03:00:31.425+0000][1][safepoint    ] Entering safepoint region: RevokeBias
[2022-06-13T03:00:31.425+0000][1][safepoint    ] Leaving safepoint region
[2022-06-13T03:00:31.425+0000][1][safepoint    ] Total time for which application threads were stopped: 0.0004598 seconds, Stopping threads took: 0.0002913 seconds
[2022-06-13T03:00:31.426+0000][1][safepoint    ] Application time: 0.0002409 seconds
[2022-06-13T03:00:31.426+0000][1][safepoint    ] Entering safepoint region: RevokeBias
[2022-06-13T03:00:31.426+0000][1][safepoint    ] Leaving safepoint region
[2022-06-13T03:00:31.427+0000][1][safepoint    ] Total time for which application threads were stopped: 0.0004733 seconds, Stopping threads took: 0.0002353 seconds
[2022-06-13T03:00:31.427+0000][1][safepoint    ] Application time: 0.0001494 seconds
[2022-06-13T03:00:31.427+0000][1][safepoint    ] Entering safepoint region: RevokeBias
[2022-06-13T03:00:31.428+0000][1][safepoint    ] Leaving safepoint region
[2022-06-13T03:00:31.428+0000][1][safepoint    ] Total time for which application threads were stopped: 0.0004699 seconds, Stopping threads took: 0.0002710 seconds
[2022-06-13T03:00:31.428+0000][1][safepoint    ] Application time: 0.0000863 seconds
[2022-06-13T03:00:31.428+0000][1][safepoint    ] Entering safepoint region: RevokeBias
[2022-06-13T03:00:31.428+0000][1][safepoint    ] Leaving safepoint region
[2022-06-13T03:00:31.428+0000][1][safepoint    ] Total time for which application threads were stopped: 0.0002440 seconds, Stopping threads took: 0.0001377 seconds
[2022-06-13T03:00:31.429+0000][1][safepoint    ] Application time: 0.0001690 seconds
[2022-06-13T03:00:31.429+0000][1][safepoint    ] Entering safepoint region: RevokeBias
[2022-06-13T03:00:31.429+0000][1][safepoint    ] Leaving safepoint region
[2022-06-13T03:00:31.429+0000][1][safepoint    ] Total time for which application threads were stopped: 0.0003910 seconds, Stopping threads took: 0.0002481 seconds
[2022-06-13T03:00:31.429+0000][1][safepoint    ] Application time: 0.0000769 seconds
[2022-06-13T03:00:31.430+0000][1][safepoint    ] Entering safepoint region: RevokeBias
[2022-06-13T03:00:31.430+0000][1][safepoint    ] Leaving safepoint region
[2022-06-13T03:00:31.430+0000][1][safepoint    ] Total time for which application threads were stopped: 0.0001945 seconds, Stopping threads took: 0.0000964 seconds
[2022-06-13T03:00:31.556+0000][1][safepoint    ] Application time: 0.1263904 seconds
[2022-06-13T03:00:31.556+0000][1][safepoint    ] Entering safepoint region: Deoptimize
[2022-06-13T03:00:31.557+0000][1][safepoint    ] Leaving safepoint region
[2022-06-13T03:00:31.557+0000][1][safepoint    ] Total time for which application threads were stopped: 0.0005270 seconds, Stopping threads took: 0.0000980 seconds
[2022-06-13T03:00:31.695+0000][1][safepoint    ] Application time: 0.1384881 seconds
[2022-06-13T03:00:31.696+0000][1][safepoint    ] Entering safepoint region: RevokeBias
[2022-06-13T03:00:31.696+0000][1][safepoint    ] Leaving safepoint region
[2022-06-13T03:00:31.697+0000][1][safepoint    ] Total time for which application threads were stopped: 0.0006705 seconds, Stopping threads took: 0.0003364 seconds
[2022-06-13T03:00:31.751+0000][1][safepoint    ] Application time: 0.0536846 seconds
[2022-06-13T03:00:31.751+0000][1][safepoint    ] Entering safepoint region: RevokeBias
[2022-06-13T03:00:31.752+0000][1][safepoint    ] Leaving safepoint region
[2022-06-13T03:00:31.752+0000][1][safepoint    ] Total time for which application threads were stopped: 0.0009303 seconds, Stopping threads took: 0.0005169 seconds
[2022-06-13T03:00:31.755+0000][1][safepoint    ] Application time: 0.0025061 seconds
[2022-06-13T03:00:31.755+0000][1][safepoint    ] Entering safepoint region: RevokeBias
[2022-06-13T03:00:31.756+0000][1][safepoint    ] Leaving safepoint region
[2022-06-13T03:00:31.756+0000][1][safepoint    ] Total time for which application threads were stopped: 0.0007835 seconds, Stopping threads took: 0.0004032 seconds
[2022-06-13T03:00:31.770+0000][1][safepoint    ] Application time: 0.0134614 seconds
[2022-06-13T03:00:31.770+0000][1][safepoint    ] Entering safepoint region: GenCollectForAllocation
[2022-06-13T03:00:31.770+0000][1][gc,start     ] GC(1) Pause Young (Allocation Failure)
[2022-06-13T03:00:31.770+0000][1][gc,task      ] GC(1) Using 5 workers of 13 for evacuation
[2022-06-13T03:00:31.781+0000][1][gc,age       ] GC(1) Desired survivor size 4456448 bytes, new threshold 6 (max threshold 6)
[2022-06-13T03:00:31.781+0000][1][gc,age       ] GC(1) Age table with threshold 6 (max threshold 6)
[2022-06-13T03:00:31.782+0000][1][gc,age       ] GC(1) - age   1:    2027560 bytes,    2027560 total
[2022-06-13T03:00:31.782+0000][1][gc,heap      ] GC(1) ParNew: 78074K->5460K(78656K)
[2022-06-13T03:00:31.782+0000][1][gc,heap      ] GC(1) CMS: 0K->6653K(174784K)
[2022-06-13T03:00:31.783+0000][1][gc,metaspace ] GC(1) Metaspace: 14942K->14942K(1062912K)
[2022-06-13T03:00:31.783+0000][1][gc           ] GC(1) Pause Young (Allocation Failure) 76M->11M(247M) 12.952ms
[2022-06-13T03:00:31.784+0000][1][gc,cpu       ] GC(1) User=0.05s Sys=0.00s Real=0.01s
[2022-06-13T03:00:31.784+0000][1][safepoint    ] Leaving safepoint region
[2022-06-13T03:00:31.785+0000][1][safepoint    ] Total time for which application threads were stopped: 0.0145100 seconds, Stopping threads took: 0.0002213 seconds
[2022-06-13T03:00:31.785+0000][1][safepoint    ] Application time: 0.0002540 seconds
[2022-06-13T03:00:31.786+0000][1][safepoint    ] Entering safepoint region: BulkRevokeBias
[2022-06-13T03:00:31.786+0000][1][safepoint    ] Leaving safepoint region
[2022-06-13T03:00:31.786+0000][1][safepoint    ] Total time for which application threads were stopped: 0.0006263 seconds, Stopping threads took: 0.0002397 seconds
[2022-06-13T03:00:31.786+0000][1][safepoint    ] Application time: 0.0001316 seconds
[2022-06-13T03:00:31.787+0000][1][safepoint    ] Entering safepoint region: RevokeBias
[2022-06-13T03:00:31.787+0000][1][safepoint    ] Leaving safepoint region
[2022-06-13T03:00:31.787+0000][1][safepoint    ] Total time for which application threads were stopped: 0.0007953 seconds, Stopping threads took: 0.0003654 seconds
[2022-06-13T03:00:31.788+0000][1][safepoint    ] Application time: 0.0002847 seconds
[2022-06-13T03:00:31.788+0000][1][safepoint    ] Entering safepoint region: RevokeBias
[2022-06-13T03:00:31.789+0000][1][safepoint    ] Leaving safepoint region
[2022-06-13T03:00:31.789+0000][1][safepoint    ] Total time for which application threads were stopped: 0.0007941 seconds, Stopping threads took: 0.0003229 seconds
[2022-06-13T03:00:31.790+0000][1][safepoint    ] Application time: 0.0001068 seconds
[2022-06-13T03:00:31.790+0000][1][safepoint    ] Entering safepoint region: RevokeBias
[2022-06-13T03:00:31.790+0000][1][safepoint    ] Leaving safepoint region
[2022-06-13T03:00:31.790+0000][1][safepoint    ] Total time for which application threads were stopped: 0.0005504 seconds, Stopping threads took: 0.0002750 seconds
[2022-06-13T03:00:31.791+0000][1][safepoint    ] Application time: 0.0001199 seconds
[2022-06-13T03:00:31.791+0000][1][safepoint    ] Entering safepoint region: RevokeBias
[2022-06-13T03:00:31.791+0000][1][safepoint    ] Leaving safepoint region
[2022-06-13T03:00:31.792+0000][1][safepoint    ] Total time for which application threads were stopped: 0.0005269 seconds, Stopping threads took: 0.0002522 seconds
[2022-06-13T03:00:31.792+0000][1][safepoint    ] Application time: 0.0000881 seconds
[2022-06-13T03:00:31.792+0000][1][safepoint    ] Entering safepoint region: RevokeBias
[2022-06-13T03:00:31.792+0000][1][safepoint    ] Leaving safepoint region
[2022-06-13T03:00:31.793+0000][1][safepoint    ] Total time for which application threads were stopped: 0.0005604 seconds, Stopping threads took: 0.0002974 seconds
[2022-06-13T03:00:31.793+0000][1][safepoint    ] Application time: 0.0000713 seconds
[2022-06-13T03:00:31.793+0000][1][safepoint    ] Entering safepoint region: RevokeBias
[2022-06-13T03:00:31.793+0000][1][safepoint    ] Leaving safepoint region
[2022-06-13T03:00:31.793+0000][1][safepoint    ] Total time for which application threads were stopped: 0.0002073 seconds, Stopping threads took: 0.0001085 seconds
[2022-06-13T03:00:31.793+0000][1][safepoint    ] Application time: 0.0000653 seconds
[2022-06-13T03:00:31.793+0000][1][safepoint    ] Entering safepoint region: RevokeBias
[2022-06-13T03:00:31.794+0000][1][safepoint    ] Leaving safepoint region
[2022-06-13T03:00:31.794+0000][1][safepoint    ] Total time for which application threads were stopped: 0.0004745 seconds, Stopping threads took: 0.0002294 seconds
[2022-06-13T03:00:31.794+0000][1][safepoint    ] Application time: 0.0001234 seconds
[2022-06-13T03:00:31.794+0000][1][safepoint    ] Entering safepoint region: RevokeBias
[2022-06-13T03:00:31.794+0000][1][safepoint    ] Leaving safepoint region
[2022-06-13T03:00:31.795+0000][1][safepoint    ] Total time for which application threads were stopped: 0.0004300 seconds, Stopping threads took: 0.0001692 seconds
[2022-06-13T03:00:31.795+0000][1][safepoint    ] Application time: 0.0001015 seconds
[2022-06-13T03:00:31.795+0000][1][safepoint    ] Entering safepoint region: RevokeBias
[2022-06-13T03:00:31.795+0000][1][safepoint    ] Leaving safepoint region
[2022-06-13T03:00:31.795+0000][1][safepoint    ] Total time for which application threads were stopped: 0.0002374 seconds, Stopping threads took: 0.0001236 seconds
[2022-06-13T03:00:31.796+0000][1][safepoint    ] Application time: 0.0000728 seconds
[2022-06-13T03:00:31.796+0000][1][safepoint    ] Entering safepoint region: BulkRevokeBias
[2022-06-13T03:00:31.796+0000][1][safepoint    ] Leaving safepoint region
[2022-06-13T03:00:31.796+0000][1][safepoint    ] Total time for which application threads were stopped: 0.0002443 seconds, Stopping threads took: 0.0000979 seconds
[2022-06-13T03:00:31.796+0000][1][safepoint    ] Application time: 0.0000824 seconds
[2022-06-13T03:00:31.796+0000][1][safepoint    ] Entering safepoint region: RevokeBias
[2022-06-13T03:00:31.796+0000][1][safepoint    ] Leaving safepoint region
[2022-06-13T03:00:31.797+0000][1][safepoint    ] Total time for which application threads were stopped: 0.0005095 seconds, Stopping threads took: 0.0001245 seconds
[2022-06-13T03:00:31.797+0000][1][safepoint    ] Application time: 0.0000816 seconds
[2022-06-13T03:00:31.797+0000][1][safepoint    ] Entering safepoint region: BulkRevokeBias
[2022-06-13T03:00:31.797+0000][1][safepoint    ] Leaving safepoint region
[2022-06-13T03:00:31.797+0000][1][safepoint    ] Total time for which application threads were stopped: 0.0003545 seconds, Stopping threads took: 0.0001608 seconds
[2022-06-13T03:00:31.869+0000][1][safepoint    ] Application time: 0.0717892 seconds
[2022-06-13T03:00:31.870+0000][1][safepoint    ] Entering safepoint region: GenCollectForAllocation
[2022-06-13T03:00:31.870+0000][1][gc,start     ] GC(2) Pause Young (Allocation Failure)
[2022-06-13T03:00:31.870+0000][1][gc,task      ] GC(2) Using 5 workers of 13 for evacuation
[2022-06-13T03:00:31.873+0000][1][gc,age       ] GC(2) Desired survivor size 4456448 bytes, new threshold 6 (max threshold 6)
[2022-06-13T03:00:31.873+0000][1][gc,age       ] GC(2) Age table with threshold 6 (max threshold 6)
[2022-06-13T03:00:31.874+0000][1][gc,age       ] GC(2) - age   1:    2579848 bytes,    2579848 total
[2022-06-13T03:00:31.874+0000][1][gc,age       ] GC(2) - age   2:    1205224 bytes,    3785072 total
[2022-06-13T03:00:31.874+0000][1][gc,heap      ] GC(2) ParNew: 75412K->4836K(78656K)
[2022-06-13T03:00:31.874+0000][1][gc,heap      ] GC(2) CMS: 6653K->6653K(174784K)
[2022-06-13T03:00:31.874+0000][1][gc,metaspace ] GC(2) Metaspace: 15079K->15079K(1062912K)
[2022-06-13T03:00:31.874+0000][1][gc           ] GC(2) Pause Young (Allocation Failure) 80M->11M(247M) 4.356ms
[2022-06-13T03:00:31.874+0000][1][gc,cpu       ] GC(2) User=0.02s Sys=0.00s Real=0.00s
[2022-06-13T03:00:31.875+0000][1][safepoint    ] Leaving safepoint region
[2022-06-13T03:00:31.875+0000][1][safepoint    ] Total time for which application threads were stopped: 0.0050536 seconds, Stopping threads took: 0.0001584 seconds
[2022-06-13T03:00:31.875+0000][1][safepoint    ] Application time: 0.0002015 seconds
[2022-06-13T03:00:31.875+0000][1][safepoint    ] Entering safepoint region: RevokeBias
[2022-06-13T03:00:31.875+0000][1][safepoint    ] Leaving safepoint region
[2022-06-13T03:00:31.876+0000][1][safepoint    ] Total time for which application threads were stopped: 0.0005014 seconds, Stopping threads took: 0.0001889 seconds
[2022-06-13T03:00:31.876+0000][1][safepoint    ] Application time: 0.0001175 seconds
[2022-06-13T03:00:31.876+0000][1][safepoint    ] Entering safepoint region: RevokeBias
[2022-06-13T03:00:31.877+0000][1][safepoint    ] Leaving safepoint region
[2022-06-13T03:00:31.877+0000][1][safepoint    ] Total time for which application threads were stopped: 0.0006071 seconds, Stopping threads took: 0.0001831 seconds
[2022-06-13T03:00:31.877+0000][1][safepoint    ] Application time: 0.0001444 seconds
[2022-06-13T03:00:31.878+0000][1][safepoint    ] Entering safepoint region: RevokeBias
[2022-06-13T03:00:31.878+0000][1][safepoint    ] Leaving safepoint region
[2022-06-13T03:00:31.878+0000][1][safepoint    ] Total time for which application threads were stopped: 0.0006530 seconds, Stopping threads took: 0.0002227 seconds
[2022-06-13T03:00:31.879+0000][1][safepoint    ] Application time: 0.0001056 seconds
[2022-06-13T03:00:31.879+0000][1][safepoint    ] Entering safepoint region: RevokeBias
[2022-06-13T03:00:31.879+0000][1][safepoint    ] Leaving safepoint region
[2022-06-13T03:00:31.880+0000][1][safepoint    ] Total time for which application threads were stopped: 0.0006558 seconds, Stopping threads took: 0.0003984 seconds
[2022-06-13T03:00:31.880+0000][1][safepoint    ] Application time: 0.0001088 seconds
[2022-06-13T03:00:31.880+0000][1][safepoint    ] Entering safepoint region: RevokeBias
[2022-06-13T03:00:31.880+0000][1][safepoint    ] Leaving safepoint region
[2022-06-13T03:00:31.881+0000][1][safepoint    ] Total time for which application threads were stopped: 0.0004261 seconds, Stopping threads took: 0.0001340 seconds
[2022-06-13T03:00:31.881+0000][1][safepoint    ] Application time: 0.0001114 seconds
[2022-06-13T03:00:31.881+0000][1][safepoint    ] Entering safepoint region: RevokeBias
[2022-06-13T03:00:31.882+0000][1][safepoint    ] Leaving safepoint region
[2022-06-13T03:00:31.882+0000][1][safepoint    ] Total time for which application threads were stopped: 0.0005607 seconds, Stopping threads took: 0.0003753 seconds
[2022-06-13T03:00:31.953+0000][1][safepoint    ] Application time: 0.0705001 seconds
[2022-06-13T03:00:31.953+0000][1][safepoint    ] Entering safepoint region: Deoptimize
[2022-06-13T03:00:31.954+0000][1][safepoint    ] Leaving safepoint region
[2022-06-13T03:00:31.954+0000][1][safepoint    ] Total time for which application threads were stopped: 0.0011691 seconds, Stopping threads took: 0.0005143 seconds
[2022-06-13T03:00:31.955+0000][1][safepoint    ] Application time: 0.0005007 seconds
[2022-06-13T03:00:31.956+0000][1][safepoint    ] Entering safepoint region: Deoptimize
[2022-06-13T03:00:31.956+0000][1][safepoint    ] Leaving safepoint region
[2022-06-13T03:00:31.957+0000][1][safepoint    ] Total time for which application threads were stopped: 0.0009812 seconds, Stopping threads took: 0.0004190 seconds
[2022-06-13T03:00:32.067+0000][1][safepoint    ] Application time: 0.1095432 seconds
[2022-06-13T03:00:32.067+0000][1][safepoint    ] Entering safepoint region: GenCollectForAllocation
[2022-06-13T03:00:32.068+0000][1][gc,start     ] GC(3) Pause Young (Allocation Failure)
[2022-06-13T03:00:32.068+0000][1][gc,task      ] GC(3) Using 5 workers of 13 for evacuation
[2022-06-13T03:00:32.071+0000][1][gc,age       ] GC(3) Desired survivor size 4456448 bytes, new threshold 3 (max threshold 6)
[2022-06-13T03:00:32.071+0000][1][gc,age       ] GC(3) Age table with threshold 3 (max threshold 6)
[2022-06-13T03:00:32.071+0000][1][gc,age       ] GC(3) - age   1:    3265720 bytes,    3265720 total
[2022-06-13T03:00:32.072+0000][1][gc,age       ] GC(3) - age   2:     294768 bytes,    3560488 total
[2022-06-13T03:00:32.072+0000][1][gc,age       ] GC(3) - age   3:    1202048 bytes,    4762536 total
[2022-06-13T03:00:32.072+0000][1][gc,heap      ] GC(3) ParNew: 74788K->6563K(78656K)
[2022-06-13T03:00:32.072+0000][1][gc,heap      ] GC(3) CMS: 6653K->6653K(174784K)
[2022-06-13T03:00:32.073+0000][1][gc,metaspace ] GC(3) Metaspace: 18484K->18484K(1067008K)
[2022-06-13T03:00:32.074+0000][1][gc           ] GC(3) Pause Young (Allocation Failure) 79M->12M(247M) 6.291ms
[2022-06-13T03:00:32.074+0000][1][gc,cpu       ] GC(3) User=0.04s Sys=0.00s Real=0.01s
[2022-06-13T03:00:32.074+0000][1][safepoint    ] Leaving safepoint region
[2022-06-13T03:00:32.074+0000][1][safepoint    ] Total time for which application threads were stopped: 0.0072602 seconds, Stopping threads took: 0.0003633 seconds
[2022-06-13T03:00:32.075+0000][1][safepoint    ] Application time: 0.0002608 seconds
[2022-06-13T03:00:32.075+0000][1][safepoint    ] Entering safepoint region: RevokeBias
[2022-06-13T03:00:32.076+0000][1][safepoint    ] Leaving safepoint region
[2022-06-13T03:00:32.076+0000][1][safepoint    ] Total time for which application threads were stopped: 0.0006469 seconds, Stopping threads took: 0.0002321 seconds
[2022-06-13T03:00:32.076+0000][1][safepoint    ] Application time: 0.0001644 seconds
[2022-06-13T03:00:32.076+0000][1][safepoint    ] Entering safepoint region: RevokeBias
[2022-06-13T03:00:32.076+0000][1][safepoint    ] Leaving safepoint region
[2022-06-13T03:00:32.077+0000][1][safepoint    ] Total time for which application threads were stopped: 0.0004758 seconds, Stopping threads took: 0.0002722 seconds
[2022-06-13T03:00:32.077+0000][1][safepoint    ] Application time: 0.0001078 seconds
[2022-06-13T03:00:32.077+0000][1][safepoint    ] Entering safepoint region: RevokeBias
[2022-06-13T03:00:32.077+0000][1][safepoint    ] Leaving safepoint region
[2022-06-13T03:00:32.077+0000][1][safepoint    ] Total time for which application threads were stopped: 0.0004305 seconds, Stopping threads took: 0.0002133 seconds
[2022-06-13T03:00:32.078+0000][1][safepoint    ] Application time: 0.0000765 seconds
[2022-06-13T03:00:32.078+0000][1][safepoint    ] Entering safepoint region: RevokeBias
[2022-06-13T03:00:32.078+0000][1][safepoint    ] Leaving safepoint region
[2022-06-13T03:00:32.078+0000][1][safepoint    ] Total time for which application threads were stopped: 0.0003238 seconds, Stopping threads took: 0.0001454 seconds
[2022-06-13T03:00:32.078+0000][1][safepoint    ] Application time: 0.0000981 seconds
[2022-06-13T03:00:32.078+0000][1][safepoint    ] Entering safepoint region: RevokeBias
[2022-06-13T03:00:32.079+0000][1][safepoint    ] Leaving safepoint region
[2022-06-13T03:00:32.079+0000][1][safepoint    ] Total time for which application threads were stopped: 0.0003010 seconds, Stopping threads took: 0.0001351 seconds
[2022-06-13T03:00:32.079+0000][1][safepoint    ] Application time: 0.0000698 seconds
[2022-06-13T03:00:32.079+0000][1][safepoint    ] Entering safepoint region: RevokeBias
[2022-06-13T03:00:32.079+0000][1][safepoint    ] Leaving safepoint region
[2022-06-13T03:00:32.080+0000][1][safepoint    ] Total time for which application threads were stopped: 0.0004744 seconds, Stopping threads took: 0.0003265 seconds
[2022-06-13T03:00:32.080+0000][1][safepoint    ] Application time: 0.0000768 seconds
[2022-06-13T03:00:32.080+0000][1][safepoint    ] Entering safepoint region: RevokeBias
[2022-06-13T03:00:32.080+0000][1][safepoint    ] Leaving safepoint region
[2022-06-13T03:00:32.080+0000][1][safepoint    ] Total time for which application threads were stopped: 0.0002655 seconds, Stopping threads took: 0.0001458 seconds
[2022-06-13T03:00:32.080+0000][1][safepoint    ] Application time: 0.0000854 seconds
[2022-06-13T03:00:32.080+0000][1][safepoint    ] Entering safepoint region: RevokeBias
[2022-06-13T03:00:32.081+0000][1][safepoint    ] Leaving safepoint region
[2022-06-13T03:00:32.081+0000][1][safepoint    ] Total time for which application threads were stopped: 0.0002775 seconds, Stopping threads took: 0.0001358 seconds
[2022-06-13T03:00:32.081+0000][1][safepoint    ] Application time: 0.0000718 seconds
[2022-06-13T03:00:32.081+0000][1][safepoint    ] Entering safepoint region: RevokeBias
[2022-06-13T03:00:32.081+0000][1][safepoint    ] Leaving safepoint region
[2022-06-13T03:00:32.081+0000][1][safepoint    ] Total time for which application threads were stopped: 0.0003069 seconds, Stopping threads took: 0.0001237 seconds
[2022-06-13T03:00:32.082+0000][1][safepoint    ] Application time: 0.0000772 seconds
[2022-06-13T03:00:32.082+0000][1][safepoint    ] Entering safepoint region: RevokeBias
[2022-06-13T03:00:32.082+0000][1][safepoint    ] Leaving safepoint region
[2022-06-13T03:00:32.082+0000][1][safepoint    ] Total time for which application threads were stopped: 0.0003017 seconds, Stopping threads took: 0.0001582 seconds
[2022-06-13T03:00:32.082+0000][1][safepoint    ] Application time: 0.0000757 seconds
[2022-06-13T03:00:32.082+0000][1][safepoint    ] Entering safepoint region: RevokeBias
[2022-06-13T03:00:32.082+0000][1][safepoint    ] Leaving safepoint region
[2022-06-13T03:00:32.083+0000][1][safepoint    ] Total time for which application threads were stopped: 0.0003038 seconds, Stopping threads took: 0.0001437 seconds
[2022-06-13T03:00:32.083+0000][1][safepoint    ] Application time: 0.0001246 seconds
[2022-06-13T03:00:32.083+0000][1][safepoint    ] Entering safepoint region: RevokeBias
[2022-06-13T03:00:32.083+0000][1][safepoint    ] Leaving safepoint region
[2022-06-13T03:00:32.083+0000][1][safepoint    ] Total time for which application threads were stopped: 0.0002495 seconds, Stopping threads took: 0.0001148 seconds
[2022-06-13T03:00:32.083+0000][1][safepoint    ] Application time: 0.0000771 seconds
[2022-06-13T03:00:32.083+0000][1][safepoint    ] Entering safepoint region: RevokeBias
[2022-06-13T03:00:32.084+0000][1][safepoint    ] Leaving safepoint region
[2022-06-13T03:00:32.084+0000][1][safepoint    ] Total time for which application threads were stopped: 0.0002460 seconds, Stopping threads took: 0.0001113 seconds
[2022-06-13T03:00:32.084+0000][1][safepoint    ] Application time: 0.0000786 seconds
[2022-06-13T03:00:32.084+0000][1][safepoint    ] Entering safepoint region: RevokeBias
[2022-06-13T03:00:32.084+0000][1][safepoint    ] Leaving safepoint region
[2022-06-13T03:00:32.084+0000][1][safepoint    ] Total time for which application threads were stopped: 0.0002068 seconds, Stopping threads took: 0.0000914 seconds
[2022-06-13T03:00:32.084+0000][1][safepoint    ] Application time: 0.0000726 seconds
[2022-06-13T03:00:32.085+0000][1][safepoint    ] Entering safepoint region: RevokeBias
[2022-06-13T03:00:32.085+0000][1][safepoint    ] Leaving safepoint region
[2022-06-13T03:00:32.085+0000][1][safepoint    ] Total time for which application threads were stopped: 0.0005785 seconds, Stopping threads took: 0.0004590 seconds
[2022-06-13T03:00:32.085+0000][1][safepoint    ] Application time: 0.0000734 seconds
[2022-06-13T03:00:32.085+0000][1][safepoint    ] Entering safepoint region: RevokeBias
[2022-06-13T03:00:32.086+0000][1][safepoint    ] Leaving safepoint region
[2022-06-13T03:00:32.086+0000][1][safepoint    ] Total time for which application threads were stopped: 0.0004485 seconds, Stopping threads took: 0.0003304 seconds
[2022-06-13T03:00:32.086+0000][1][safepoint    ] Application time: 0.0000778 seconds
[2022-06-13T03:00:32.086+0000][1][safepoint    ] Entering safepoint region: RevokeBias
[2022-06-13T03:00:32.086+0000][1][safepoint    ] Leaving safepoint region
[2022-06-13T03:00:32.086+0000][1][safepoint    ] Total time for which application threads were stopped: 0.0002452 seconds, Stopping threads took: 0.0001190 seconds
[2022-06-13T03:00:32.086+0000][1][safepoint    ] Application time: 0.0001123 seconds
[2022-06-13T03:00:32.087+0000][1][safepoint    ] Entering safepoint region: RevokeBias
[2022-06-13T03:00:32.087+0000][1][safepoint    ] Leaving safepoint region
[2022-06-13T03:00:32.087+0000][1][safepoint    ] Total time for which application threads were stopped: 0.0002989 seconds, Stopping threads took: 0.0001481 seconds
[2022-06-13T03:00:32.087+0000][1][safepoint    ] Application time: 0.0000799 seconds
[2022-06-13T03:00:32.087+0000][1][safepoint    ] Entering safepoint region: RevokeBias
[2022-06-13T03:00:32.087+0000][1][safepoint    ] Leaving safepoint region
[2022-06-13T03:00:32.087+0000][1][safepoint    ] Total time for which application threads were stopped: 0.0002568 seconds, Stopping threads took: 0.0001142 seconds
[2022-06-13T03:00:32.088+0000][1][safepoint    ] Application time: 0.0000745 seconds
[2022-06-13T03:00:32.088+0000][1][safepoint    ] Entering safepoint region: RevokeBias
[2022-06-13T03:00:32.088+0000][1][safepoint    ] Leaving safepoint region
[2022-06-13T03:00:32.088+0000][1][safepoint    ] Total time for which application threads were stopped: 0.0002892 seconds, Stopping threads took: 0.0001069 seconds
[2022-06-13T03:00:32.088+0000][1][safepoint    ] Application time: 0.0000812 seconds
[2022-06-13T03:00:32.088+0000][1][safepoint    ] Entering safepoint region: RevokeBias
[2022-06-13T03:00:32.088+0000][1][safepoint    ] Leaving safepoint region
[2022-06-13T03:00:32.089+0000][1][safepoint    ] Total time for which application threads were stopped: 0.0002979 seconds, Stopping threads took: 0.0001232 seconds
[2022-06-13T03:00:32.160+0000][1][safepoint    ] Application time: 0.0714233 seconds
[2022-06-13T03:00:32.160+0000][1][safepoint    ] Entering safepoint region: GenCollectForAllocation
[2022-06-13T03:00:32.161+0000][1][gc,start     ] GC(4) Pause Young (Allocation Failure)
[2022-06-13T03:00:32.161+0000][1][gc,task      ] GC(4) Using 5 workers of 13 for evacuation
[2022-06-13T03:00:32.164+0000][1][gc,age       ] GC(4) Desired survivor size 4456448 bytes, new threshold 2 (max threshold 6)
[2022-06-13T03:00:32.164+0000][1][gc,age       ] GC(4) Age table with threshold 2 (max threshold 6)
[2022-06-13T03:00:32.164+0000][1][gc,age       ] GC(4) - age   1:    1480024 bytes,    1480024 total
[2022-06-13T03:00:32.165+0000][1][gc,age       ] GC(4) - age   2:    3221176 bytes,    4701200 total
[2022-06-13T03:00:32.165+0000][1][gc,age       ] GC(4) - age   3:     294192 bytes,    4995392 total
[2022-06-13T03:00:32.165+0000][1][gc,heap      ] GC(4) ParNew: 76515K->6768K(78656K)
[2022-06-13T03:00:32.165+0000][1][gc,heap      ] GC(4) CMS: 6653K->7845K(174784K)
[2022-06-13T03:00:32.165+0000][1][gc,metaspace ] GC(4) Metaspace: 18765K->18765K(1067008K)
[2022-06-13T03:00:32.165+0000][1][gc           ] GC(4) Pause Young (Allocation Failure) 81M->14M(247M) 4.750ms
[2022-06-13T03:00:32.166+0000][1][gc,cpu       ] GC(4) User=0.02s Sys=0.00s Real=0.00s
[2022-06-13T03:00:32.166+0000][1][safepoint    ] Leaving safepoint region
[2022-06-13T03:00:32.166+0000][1][safepoint    ] Total time for which application threads were stopped: 0.0055308 seconds, Stopping threads took: 0.0001734 seconds
[2022-06-13T03:00:32.166+0000][1][safepoint    ] Application time: 0.0002352 seconds
[2022-06-13T03:00:32.167+0000][1][safepoint    ] Entering safepoint region: RevokeBias
[2022-06-13T03:00:32.167+0000][1][safepoint    ] Leaving safepoint region
[2022-06-13T03:00:32.167+0000][1][safepoint    ] Total time for which application threads were stopped: 0.0003875 seconds, Stopping threads took: 0.0001816 seconds
[2022-06-13T03:00:32.167+0000][1][safepoint    ] Application time: 0.0000937 seconds
[2022-06-13T03:00:32.167+0000][1][safepoint    ] Entering safepoint region: RevokeBias
[2022-06-13T03:00:32.168+0000][1][safepoint    ] Leaving safepoint region
[2022-06-13T03:00:32.168+0000][1][safepoint    ] Total time for which application threads were stopped: 0.0003437 seconds, Stopping threads took: 0.0001627 seconds
[2022-06-13T03:00:32.168+0000][1][safepoint    ] Application time: 0.0001128 seconds
[2022-06-13T03:00:32.168+0000][1][safepoint    ] Entering safepoint region: RevokeBias
[2022-06-13T03:00:32.168+0000][1][safepoint    ] Leaving safepoint region
[2022-06-13T03:00:32.169+0000][1][safepoint    ] Total time for which application threads were stopped: 0.0005939 seconds, Stopping threads took: 0.0001903 seconds
[2022-06-13T03:00:32.169+0000][1][safepoint    ] Application time: 0.0001141 seconds
[2022-06-13T03:00:32.169+0000][1][safepoint    ] Entering safepoint region: RevokeBias
[2022-06-13T03:00:32.169+0000][1][safepoint    ] Leaving safepoint region
[2022-06-13T03:00:32.169+0000][1][safepoint    ] Total time for which application threads were stopped: 0.0003376 seconds, Stopping threads took: 0.0001573 seconds
[2022-06-13T03:00:32.194+0000][1][safepoint    ] Application time: 0.0241211 seconds
[2022-06-13T03:00:32.194+0000][1][safepoint    ] Entering safepoint region: Deoptimize
[2022-06-13T03:00:32.195+0000][1][safepoint    ] Leaving safepoint region
[2022-06-13T03:00:32.195+0000][1][safepoint    ] Total time for which application threads were stopped: 0.0006443 seconds, Stopping threads took: 0.0001281 seconds
[2022-06-13T03:00:32.224+0000][1][safepoint    ] Application time: 0.0296565 seconds
[2022-06-13T03:00:32.225+0000][1][safepoint    ] Entering safepoint region: Deoptimize
[2022-06-13T03:00:32.225+0000][1][safepoint    ] Leaving safepoint region
[2022-06-13T03:00:32.225+0000][1][safepoint    ] Total time for which application threads were stopped: 0.0006608 seconds, Stopping threads took: 0.0001494 seconds
[2022-06-13T03:00:32.279+0000][1][safepoint    ] Application time: 0.0534701 seconds
[2022-06-13T03:00:32.279+0000][1][safepoint    ] Entering safepoint region: GenCollectForAllocation
[2022-06-13T03:00:32.280+0000][1][gc,start     ] GC(5) Pause Young (Allocation Failure)
[2022-06-13T03:00:32.280+0000][1][gc,task      ] GC(5) Using 5 workers of 13 for evacuation
[2022-06-13T03:00:32.283+0000][1][gc,age       ] GC(5) Desired survivor size 4456448 bytes, new threshold 6 (max threshold 6)
[2022-06-13T03:00:32.283+0000][1][gc,age       ] GC(5) Age table with threshold 6 (max threshold 6)
[2022-06-13T03:00:32.283+0000][1][gc,age       ] GC(5) - age   1:    2190824 bytes,    2190824 total
[2022-06-13T03:00:32.283+0000][1][gc,age       ] GC(5) - age   2:     554736 bytes,    2745560 total
[2022-06-13T03:00:32.284+0000][1][gc,heap      ] GC(5) ParNew: 76720K->5827K(78656K)
[2022-06-13T03:00:32.284+0000][1][gc,heap      ] GC(5) CMS: 7845K->11303K(174784K)
[2022-06-13T03:00:32.284+0000][1][gc,metaspace ] GC(5) Metaspace: 19091K->19091K(1067008K)
[2022-06-13T03:00:32.284+0000][1][gc           ] GC(5) Pause Young (Allocation Failure) 82M->16M(247M) 4.295ms
[2022-06-13T03:00:32.284+0000][1][gc,cpu       ] GC(5) User=0.02s Sys=0.00s Real=0.00s
[2022-06-13T03:00:32.284+0000][1][safepoint    ] Leaving safepoint region
[2022-06-13T03:00:32.284+0000][1][safepoint    ] Total time for which application threads were stopped: 0.0047700 seconds, Stopping threads took: 0.0001128 seconds
[2022-06-13T03:00:32.284+0000][1][safepoint    ] Application time: 0.0002093 seconds
[2022-06-13T03:00:32.285+0000][1][safepoint    ] Entering safepoint region: RevokeBias
[2022-06-13T03:00:32.285+0000][1][safepoint    ] Leaving safepoint region
[2022-06-13T03:00:32.285+0000][1][safepoint    ] Total time for which application threads were stopped: 0.0002811 seconds, Stopping threads took: 0.0001318 seconds
[2022-06-13T03:00:32.285+0000][1][safepoint    ] Application time: 0.0000890 seconds
[2022-06-13T03:00:32.285+0000][1][safepoint    ] Entering safepoint region: RevokeBias
[2022-06-13T03:00:32.285+0000][1][safepoint    ] Leaving safepoint region
[2022-06-13T03:00:32.285+0000][1][safepoint    ] Total time for which application threads were stopped: 0.0002208 seconds, Stopping threads took: 0.0000932 seconds
[2022-06-13T03:00:32.286+0000][1][safepoint    ] Application time: 0.0001567 seconds
[2022-06-13T03:00:32.286+0000][1][safepoint    ] Entering safepoint region: RevokeBias
[2022-06-13T03:00:32.286+0000][1][safepoint    ] Leaving safepoint region
[2022-06-13T03:00:32.286+0000][1][safepoint    ] Total time for which application threads were stopped: 0.0003466 seconds, Stopping threads took: 0.0001427 seconds
[2022-06-13T03:00:32.286+0000][1][safepoint    ] Application time: 0.0000691 seconds
[2022-06-13T03:00:32.286+0000][1][safepoint    ] Entering safepoint region: RevokeBias
[2022-06-13T03:00:32.287+0000][1][safepoint    ] Leaving safepoint region
[2022-06-13T03:00:32.287+0000][1][safepoint    ] Total time for which application threads were stopped: 0.0003351 seconds, Stopping threads took: 0.0001227 seconds
[2022-06-13T03:00:32.287+0000][1][safepoint    ] Application time: 0.0001015 seconds
[2022-06-13T03:00:32.287+0000][1][safepoint    ] Entering safepoint region: RevokeBias
[2022-06-13T03:00:32.287+0000][1][safepoint    ] Leaving safepoint region
[2022-06-13T03:00:32.287+0000][1][safepoint    ] Total time for which application threads were stopped: 0.0002967 seconds, Stopping threads took: 0.0001498 seconds
[2022-06-13T03:00:32.288+0000][1][safepoint    ] Application time: 0.0000861 seconds
[2022-06-13T03:00:32.288+0000][1][safepoint    ] Entering safepoint region: RevokeBias
[2022-06-13T03:00:32.288+0000][1][safepoint    ] Leaving safepoint region
[2022-06-13T03:00:32.288+0000][1][safepoint    ] Total time for which application threads were stopped: 0.0003901 seconds, Stopping threads took: 0.0002585 seconds
[2022-06-13T03:00:32.346+0000][1][safepoint    ] Application time: 0.0577440 seconds
[2022-06-13T03:00:32.346+0000][1][safepoint    ] Entering safepoint region: RevokeBias
[2022-06-13T03:00:32.347+0000][1][safepoint    ] Leaving safepoint region
[2022-06-13T03:00:32.347+0000][1][safepoint    ] Total time for which application threads were stopped: 0.0003638 seconds, Stopping threads took: 0.0001514 seconds
[2022-06-13T03:00:32.347+0000][1][safepoint    ] Application time: 0.0002568 seconds
[2022-06-13T03:00:32.347+0000][1][safepoint    ] Entering safepoint region: BulkRevokeBias
[2022-06-13T03:00:32.348+0000][1][safepoint    ] Leaving safepoint region
[2022-06-13T03:00:32.348+0000][1][safepoint    ] Total time for which application threads were stopped: 0.0003959 seconds, Stopping threads took: 0.0001336 seconds
[2022-06-13T03:00:32.366+0000][1][safepoint    ] Application time: 0.0179670 seconds
[2022-06-13T03:00:32.366+0000][1][safepoint    ] Entering safepoint region: GenCollectForAllocation
[2022-06-13T03:00:32.366+0000][1][gc,start     ] GC(6) Pause Young (Allocation Failure)
[2022-06-13T03:00:32.366+0000][1][gc,task      ] GC(6) Using 5 workers of 13 for evacuation
[2022-06-13T03:00:32.368+0000][1][gc,age       ] GC(6) Desired survivor size 4456448 bytes, new threshold 6 (max threshold 6)
[2022-06-13T03:00:32.369+0000][1][gc,age       ] GC(6) Age table with threshold 6 (max threshold 6)
[2022-06-13T03:00:32.369+0000][1][gc,age       ] GC(6) - age   1:    1429984 bytes,    1429984 total
[2022-06-13T03:00:32.369+0000][1][gc,age       ] GC(6) - age   2:    2179344 bytes,    3609328 total
[2022-06-13T03:00:32.369+0000][1][gc,age       ] GC(6) - age   3:     554736 bytes,    4164064 total
[2022-06-13T03:00:32.369+0000][1][gc,heap      ] GC(6) ParNew: 75779K->5073K(78656K)
[2022-06-13T03:00:32.369+0000][1][gc,heap      ] GC(6) CMS: 11303K->11303K(174784K)
[2022-06-13T03:00:32.369+0000][1][gc,metaspace ] GC(6) Metaspace: 19409K->19409K(1067008K)
[2022-06-13T03:00:32.369+0000][1][gc           ] GC(6) Pause Young (Allocation Failure) 85M->15M(247M) 3.172ms
[2022-06-13T03:00:32.370+0000][1][gc,cpu       ] GC(6) User=0.03s Sys=0.00s Real=0.01s
[2022-06-13T03:00:32.370+0000][1][safepoint    ] Leaving safepoint region
[2022-06-13T03:00:32.370+0000][1][safepoint    ] Total time for which application threads were stopped: 0.0036588 seconds, Stopping threads took: 0.0001163 seconds
[2022-06-13T03:00:32.370+0000][1][safepoint    ] Application time: 0.0003104 seconds
[2022-06-13T03:00:32.370+0000][1][safepoint    ] Entering safepoint region: BulkRevokeBias
[2022-06-13T03:00:32.371+0000][1][safepoint    ] Leaving safepoint region
[2022-06-13T03:00:32.371+0000][1][safepoint    ] Total time for which application threads were stopped: 0.0003821 seconds, Stopping threads took: 0.0001350 seconds
[2022-06-13T03:00:32.450+0000][1][safepoint    ] Application time: 0.0791582 seconds
[2022-06-13T03:00:32.450+0000][1][safepoint    ] Entering safepoint region: GenCollectForAllocation
[2022-06-13T03:00:32.451+0000][1][gc,start     ] GC(7) Pause Young (Allocation Failure)
[2022-06-13T03:00:32.451+0000][1][gc,task      ] GC(7) Using 5 workers of 13 for evacuation
[2022-06-13T03:00:32.453+0000][1][gc,age       ] GC(7) Desired survivor size 4456448 bytes, new threshold 6 (max threshold 6)
[2022-06-13T03:00:32.453+0000][1][gc,age       ] GC(7) Age table with threshold 6 (max threshold 6)
[2022-06-13T03:00:32.453+0000][1][gc,age       ] GC(7) - age   1:     495536 bytes,     495536 total
[2022-06-13T03:00:32.453+0000][1][gc,age       ] GC(7) - age   2:    1144240 bytes,    1639776 total
[2022-06-13T03:00:32.453+0000][1][gc,age       ] GC(7) - age   3:    2177416 bytes,    3817192 total
[2022-06-13T03:00:32.454+0000][1][gc,age       ] GC(7) - age   4:     554736 bytes,    4371928 total
[2022-06-13T03:00:32.454+0000][1][gc,heap      ] GC(7) ParNew: 75025K->5768K(78656K)
[2022-06-13T03:00:32.454+0000][1][gc,heap      ] GC(7) CMS: 11303K->11303K(174784K)
[2022-06-13T03:00:32.454+0000][1][gc,metaspace ] GC(7) Metaspace: 19680K->19680K(1067008K)
[2022-06-13T03:00:32.454+0000][1][gc           ] GC(7) Pause Young (Allocation Failure) 84M->16M(247M) 3.423ms
[2022-06-13T03:00:32.454+0000][1][gc,cpu       ] GC(7) User=0.02s Sys=0.01s Real=0.00s
[2022-06-13T03:00:32.454+0000][1][safepoint    ] Leaving safepoint region
[2022-06-13T03:00:32.454+0000][1][safepoint    ] Total time for which application threads were stopped: 0.0039826 seconds, Stopping threads took: 0.0001501 seconds
[2022-06-13T03:00:32.479+0000][1][safepoint    ] Application time: 0.0249225 seconds
[2022-06-13T03:00:32.480+0000][1][safepoint    ] Entering safepoint region: CollectForMetadataAllocation
[2022-06-13T03:00:32.480+0000][1][safepoint    ] Leaving safepoint region
[2022-06-13T03:00:32.480+0000][1][safepoint    ] Total time for which application threads were stopped: 0.0004175 seconds, Stopping threads took: 0.0001496 seconds
[2022-06-13T03:00:32.500+0000][1][safepoint    ] Application time: 0.0196778 seconds
[2022-06-13T03:00:32.500+0000][1][safepoint    ] Entering safepoint region: CollectForMetadataAllocation
[2022-06-13T03:00:32.500+0000][1][safepoint    ] Leaving safepoint region
[2022-06-13T03:00:32.501+0000][1][safepoint    ] Total time for which application threads were stopped: 0.0003646 seconds, Stopping threads took: 0.0001257 seconds
[2022-06-13T03:00:32.555+0000][1][safepoint    ] Application time: 0.0542215 seconds
[2022-06-13T03:00:32.555+0000][1][safepoint    ] Entering safepoint region: GenCollectForAllocation
[2022-06-13T03:00:32.555+0000][1][gc,start     ] GC(8) Pause Young (Allocation Failure)
[2022-06-13T03:00:32.555+0000][1][gc,task      ] GC(8) Using 5 workers of 13 for evacuation
[2022-06-13T03:00:32.557+0000][1][gc,age       ] GC(8) Desired survivor size 4456448 bytes, new threshold 5 (max threshold 6)
[2022-06-13T03:00:32.557+0000][1][gc,age       ] GC(8) Age table with threshold 5 (max threshold 6)
[2022-06-13T03:00:32.557+0000][1][gc,age       ] GC(8) - age   1:     502688 bytes,     502688 total
[2022-06-13T03:00:32.557+0000][1][gc,age       ] GC(8) - age   2:     476096 bytes,     978784 total
[2022-06-13T03:00:32.557+0000][1][gc,age       ] GC(8) - age   3:    1144144 bytes,    2122928 total
[2022-06-13T03:00:32.557+0000][1][gc,age       ] GC(8) - age   4:    2177128 bytes,    4300056 total
[2022-06-13T03:00:32.558+0000][1][gc,age       ] GC(8) - age   5:     554736 bytes,    4854792 total
[2022-06-13T03:00:32.558+0000][1][gc,heap      ] GC(8) ParNew: 75720K->6198K(78656K)
[2022-06-13T03:00:32.558+0000][1][gc,heap      ] GC(8) CMS: 11303K->11303K(174784K)
[2022-06-13T03:00:32.558+0000][1][gc,metaspace ] GC(8) Metaspace: 20457K->20457K(1069056K)
[2022-06-13T03:00:32.558+0000][1][gc           ] GC(8) Pause Young (Allocation Failure) 84M->17M(247M) 2.572ms
[2022-06-13T03:00:32.558+0000][1][gc,cpu       ] GC(8) User=0.02s Sys=0.00s Real=0.00s
[2022-06-13T03:00:32.558+0000][1][safepoint    ] Leaving safepoint region
[2022-06-13T03:00:32.558+0000][1][safepoint    ] Total time for which application threads were stopped: 0.0029899 seconds, Stopping threads took: 0.0001122 seconds
[2022-06-13T03:00:32.558+0000][1][safepoint    ] Application time: 0.0001464 seconds
[2022-06-13T03:00:32.558+0000][1][safepoint    ] Entering safepoint region: CMS_Initial_Mark
[2022-06-13T03:00:32.559+0000][1][gc,start     ] GC(9) Pause Initial Mark
[2022-06-13T03:00:32.559+0000][1][gc           ] GC(9) Pause Initial Mark 18M->18M(247M) 0.583ms
[2022-06-13T03:00:32.559+0000][1][gc,cpu       ] GC(9) User=0.00s Sys=0.01s Real=0.01s
[2022-06-13T03:00:32.559+0000][1][safepoint    ] Leaving safepoint region
[2022-06-13T03:00:32.559+0000][1][safepoint    ] Total time for which application threads were stopped: 0.0010576 seconds, Stopping threads took: 0.0001139 seconds
[2022-06-13T03:00:32.560+0000][1][gc           ] GC(9) Concurrent Mark
[2022-06-13T03:00:32.560+0000][1][gc,task      ] GC(9) Using 4 workers of 4 for marking
[2022-06-13T03:00:32.564+0000][1][gc           ] GC(9) Concurrent Mark 4.227ms
[2022-06-13T03:00:32.564+0000][1][gc,cpu       ] GC(9) User=0.02s Sys=0.00s Real=0.00s
[2022-06-13T03:00:32.564+0000][1][gc           ] GC(9) Concurrent Preclean
[2022-06-13T03:00:32.565+0000][1][gc           ] GC(9) Concurrent Preclean 0.563ms
[2022-06-13T03:00:32.565+0000][1][gc,cpu       ] GC(9) User=0.00s Sys=0.00s Real=0.00s
[2022-06-13T03:00:32.565+0000][1][gc           ] GC(9) Concurrent Abortable Preclean
[2022-06-13T03:00:32.608+0000][1][safepoint    ] Application time: 0.0480760 seconds
[2022-06-13T03:00:32.608+0000][1][safepoint    ] Entering safepoint region: GenCollectForAllocation
[2022-06-13T03:00:32.608+0000][1][gc,start     ] GC(10) Pause Young (Allocation Failure)
[2022-06-13T03:00:32.608+0000][1][gc,task      ] GC(10) Using 5 workers of 13 for evacuation
[2022-06-13T03:00:32.611+0000][1][gc,age       ] GC(10) Desired survivor size 4456448 bytes, new threshold 5 (max threshold 6)
[2022-06-13T03:00:32.611+0000][1][gc,age       ] GC(10) Age table with threshold 5 (max threshold 6)
[2022-06-13T03:00:32.611+0000][1][gc,age       ] GC(10) - age   1:     918336 bytes,     918336 total
[2022-06-13T03:00:32.611+0000][1][gc,age       ] GC(10) - age   2:     488912 bytes,    1407248 total
[2022-06-13T03:00:32.611+0000][1][gc,age       ] GC(10) - age   3:     475976 bytes,    1883224 total
[2022-06-13T03:00:32.611+0000][1][gc,age       ] GC(10) - age   4:    1144144 bytes,    3027368 total
[2022-06-13T03:00:32.611+0000][1][gc,age       ] GC(10) - age   5:    2176936 bytes,    5204304 total
[2022-06-13T03:00:32.611+0000][1][gc,heap      ] GC(10) ParNew: 76150K->7046K(78656K)
[2022-06-13T03:00:32.611+0000][1][gc,heap      ] GC(10) CMS: 11303K->11855K(174784K)
[2022-06-13T03:00:32.612+0000][1][gc,metaspace ] GC(10) Metaspace: 20573K->20573K(1069056K)
[2022-06-13T03:00:32.612+0000][1][gc           ] GC(10) Pause Young (Allocation Failure) 85M->18M(247M) 3.503ms
[2022-06-13T03:00:32.612+0000][1][gc,cpu       ] GC(10) User=0.02s Sys=0.00s Real=0.01s
[2022-06-13T03:00:32.612+0000][1][safepoint    ] Leaving safepoint region
[2022-06-13T03:00:32.612+0000][1][safepoint    ] Total time for which application threads were stopped: 0.0040388 seconds, Stopping threads took: 0.0001632 seconds
[2022-06-13T03:00:32.684+0000][1][safepoint    ] Application time: 0.0717695 seconds
[2022-06-13T03:00:32.684+0000][1][safepoint    ] Entering safepoint region: GenCollectForAllocation
[2022-06-13T03:00:32.684+0000][1][gc,start     ] GC(11) Pause Young (Allocation Failure)
[2022-06-13T03:00:32.685+0000][1][gc,task      ] GC(11) Using 5 workers of 13 for evacuation
[2022-06-13T03:00:32.688+0000][1][gc,age       ] GC(11) Desired survivor size 4456448 bytes, new threshold 6 (max threshold 6)
[2022-06-13T03:00:32.688+0000][1][gc,age       ] GC(11) Age table with threshold 6 (max threshold 6)
[2022-06-13T03:00:32.689+0000][1][gc,age       ] GC(11) - age   1:    1568200 bytes,    1568200 total
[2022-06-13T03:00:32.689+0000][1][gc,age       ] GC(11) - age   2:     129840 bytes,    1698040 total
[2022-06-13T03:00:32.689+0000][1][gc,age       ] GC(11) - age   3:     488912 bytes,    2186952 total
[2022-06-13T03:00:32.689+0000][1][gc,age       ] GC(11) - age   4:     475824 bytes,    2662776 total
[2022-06-13T03:00:32.689+0000][1][gc,age       ] GC(11) - age   5:    1143856 bytes,    3806632 total
[2022-06-13T03:00:32.689+0000][1][gc,heap      ] GC(11) ParNew: 76998K->6336K(78656K)
[2022-06-13T03:00:32.689+0000][1][gc,heap      ] GC(11) CMS: 11855K->13995K(174784K)
[2022-06-13T03:00:32.690+0000][1][gc,metaspace ] GC(11) Metaspace: 20653K->20653K(1069056K)
[2022-06-13T03:00:32.690+0000][1][gc           ] GC(11) Pause Young (Allocation Failure) 86M->19M(247M) 5.251ms
[2022-06-13T03:00:32.690+0000][1][gc,cpu       ] GC(11) User=0.02s Sys=0.02s Real=0.01s
[2022-06-13T03:00:32.690+0000][1][safepoint    ] Leaving safepoint region
[2022-06-13T03:00:32.690+0000][1][safepoint    ] Total time for which application threads were stopped: 0.0061268 seconds, Stopping threads took: 0.0002159 seconds
[2022-06-13T03:00:32.691+0000][1][gc           ] GC(9) Concurrent Abortable Preclean 125.304ms
[2022-06-13T03:00:32.691+0000][1][gc,cpu       ] GC(9) User=0.39s Sys=0.06s Real=0.13s
[2022-06-13T03:00:32.691+0000][1][safepoint    ] Application time: 0.0004570 seconds
[2022-06-13T03:00:32.691+0000][1][safepoint    ] Entering safepoint region: CMS_Final_Remark
[2022-06-13T03:00:32.691+0000][1][gc,start     ] GC(9) Pause Remark
[2022-06-13T03:00:32.700+0000][1][gc           ] GC(9) Pause Remark 21M->21M(247M) 8.403ms
[2022-06-13T03:00:32.700+0000][1][gc,cpu       ] GC(9) User=0.02s Sys=0.00s Real=0.01s
[2022-06-13T03:00:32.700+0000][1][safepoint    ] Leaving safepoint region
[2022-06-13T03:00:32.700+0000][1][safepoint    ] Total time for which application threads were stopped: 0.0093318 seconds, Stopping threads took: 0.0002511 seconds
[2022-06-13T03:00:32.701+0000][1][gc           ] GC(9) Concurrent Sweep
[2022-06-13T03:00:32.705+0000][1][gc           ] GC(9) Concurrent Sweep 4.125ms
[2022-06-13T03:00:32.705+0000][1][gc,cpu       ] GC(9) User=0.01s Sys=0.00s Real=0.00s
[2022-06-13T03:00:32.705+0000][1][gc           ] GC(9) Concurrent Reset
[2022-06-13T03:00:32.706+0000][1][gc           ] GC(9) Concurrent Reset 0.432ms
[2022-06-13T03:00:32.706+0000][1][gc,cpu       ] GC(9) User=0.00s Sys=0.00s Real=0.00s
[2022-06-13T03:00:32.706+0000][1][gc,heap      ] GC(9) Old: 11303K->13969K(174784K)
[2022-06-13T03:00:32.738+0000][1][safepoint    ] Application time: 0.0376443 seconds
[2022-06-13T03:00:32.738+0000][1][safepoint    ] Entering safepoint region: Deoptimize
[2022-06-13T03:00:32.740+0000][1][safepoint    ] Leaving safepoint region
[2022-06-13T03:00:32.740+0000][1][safepoint    ] Total time for which application threads were stopped: 0.0014685 seconds, Stopping threads took: 0.0001797 seconds
[2022-06-13T03:00:32.922+0000][1][safepoint    ] Application time: 0.1823125 seconds
[2022-06-13T03:00:32.923+0000][1][safepoint    ] Entering safepoint region: RevokeBias
[2022-06-13T03:00:32.924+0000][1][safepoint    ] Leaving safepoint region
[2022-06-13T03:00:32.924+0000][1][safepoint    ] Total time for which application threads were stopped: 0.0011393 seconds, Stopping threads took: 0.0004673 seconds
[2022-06-13T03:00:32.944+0000][1][safepoint    ] Application time: 0.0190247 seconds
[2022-06-13T03:00:32.944+0000][1][safepoint    ] Entering safepoint region: Deoptimize
[2022-06-13T03:00:32.945+0000][1][safepoint    ] Leaving safepoint region
[2022-06-13T03:00:32.945+0000][1][safepoint    ] Total time for which application threads were stopped: 0.0010569 seconds, Stopping threads took: 0.0003692 seconds
[2022-06-13T03:00:32.946+0000][1][safepoint    ] Application time: 0.0004457 seconds
[2022-06-13T03:00:32.946+0000][1][safepoint    ] Entering safepoint region: Deoptimize
[2022-06-13T03:00:32.947+0000][1][safepoint    ] Leaving safepoint region
[2022-06-13T03:00:32.947+0000][1][safepoint    ] Total time for which application threads were stopped: 0.0010189 seconds, Stopping threads took: 0.0004134 seconds
[2022-06-13T03:00:32.953+0000][1][safepoint    ] Application time: 0.0050620 seconds
[2022-06-13T03:00:32.953+0000][1][safepoint    ] Entering safepoint region: Deoptimize
[2022-06-13T03:00:32.954+0000][1][safepoint    ] Leaving safepoint region
[2022-06-13T03:00:32.955+0000][1][safepoint    ] Total time for which application threads were stopped: 0.0012757 seconds, Stopping threads took: 0.0005193 seconds
[2022-06-13T03:00:32.958+0000][1][safepoint    ] Application time: 0.0028647 seconds
[2022-06-13T03:00:32.959+0000][1][safepoint    ] Entering safepoint region: Deoptimize
[2022-06-13T03:00:32.959+0000][1][safepoint    ] Leaving safepoint region
[2022-06-13T03:00:32.960+0000][1][safepoint    ] Total time for which application threads were stopped: 0.0011391 seconds, Stopping threads took: 0.0003931 seconds
[2022-06-13T03:00:32.985+0000][1][safepoint    ] Application time: 0.0253075 seconds
[2022-06-13T03:00:32.986+0000][1][safepoint    ] Entering safepoint region: GenCollectForAllocation
[2022-06-13T03:00:32.986+0000][1][gc,start     ] GC(12) Pause Young (Allocation Failure)
[2022-06-13T03:00:32.987+0000][1][gc,task      ] GC(12) Using 5 workers of 13 for evacuation
[2022-06-13T03:00:32.991+0000][1][gc,age       ] GC(12) Desired survivor size 4456448 bytes, new threshold 6 (max threshold 6)
[2022-06-13T03:00:32.991+0000][1][gc,age       ] GC(12) Age table with threshold 6 (max threshold 6)
[2022-06-13T03:00:32.992+0000][1][gc,age       ] GC(12) - age   1:    2588248 bytes,    2588248 total
[2022-06-13T03:00:32.992+0000][1][gc,age       ] GC(12) - age   2:     344944 bytes,    2933192 total
[2022-06-13T03:00:32.993+0000][1][gc,age       ] GC(12) - age   3:     129576 bytes,    3062768 total
[2022-06-13T03:00:32.993+0000][1][gc,age       ] GC(12) - age   4:     488256 bytes,    3551024 total
[2022-06-13T03:00:32.994+0000][1][gc,age       ] GC(12) - age   5:     471120 bytes,    4022144 total
[2022-06-13T03:00:32.994+0000][1][gc,age       ] GC(12) - age   6:    1143544 bytes,    5165688 total
[2022-06-13T03:00:32.995+0000][1][gc,heap      ] GC(12) ParNew: 76288K->5845K(78656K)
[2022-06-13T03:00:32.995+0000][1][gc,heap      ] GC(12) CMS: 13969K->13969K(174784K)
[2022-06-13T03:00:32.995+0000][1][gc,metaspace ] GC(12) Metaspace: 26333K->26333K(1073152K)
[2022-06-13T03:00:32.996+0000][1][gc           ] GC(12) Pause Young (Allocation Failure) 88M->19M(247M) 9.367ms
[2022-06-13T03:00:32.996+0000][1][gc,cpu       ] GC(12) User=0.03s Sys=0.00s Real=0.01s
[2022-06-13T03:00:32.997+0000][1][safepoint    ] Leaving safepoint region
[2022-06-13T03:00:32.997+0000][1][safepoint    ] Total time for which application threads were stopped: 0.0111365 seconds, Stopping threads took: 0.0004387 seconds
[2022-06-13T03:00:33.366+0000][1][safepoint    ] Application time: 0.3681628 seconds
[2022-06-13T03:00:33.366+0000][1][safepoint    ] Entering safepoint region: RevokeBias
[2022-06-13T03:00:33.367+0000][1][safepoint    ] Leaving safepoint region
[2022-06-13T03:00:33.367+0000][1][safepoint    ] Total time for which application threads were stopped: 0.0007763 seconds, Stopping threads took: 0.0001408 seconds
[2022-06-13T03:00:33.456+0000][1][safepoint    ] Application time: 0.0889323 seconds
[2022-06-13T03:00:33.456+0000][1][safepoint    ] Entering safepoint region: GenCollectForAllocation
[2022-06-13T03:00:33.456+0000][1][gc,start     ] GC(13) Pause Young (Allocation Failure)
[2022-06-13T03:00:33.457+0000][1][gc,task      ] GC(13) Using 5 workers of 13 for evacuation
[2022-06-13T03:00:33.477+0000][1][gc,age       ] GC(13) Desired survivor size 4456448 bytes, new threshold 1 (max threshold 6)
[2022-06-13T03:00:33.478+0000][1][gc,age       ] GC(13) Age table with threshold 1 (max threshold 6)
[2022-06-13T03:00:33.478+0000][1][gc,age       ] GC(13) - age   1:    5149520 bytes,    5149520 total
[2022-06-13T03:00:33.478+0000][1][gc,age       ] GC(13) - age   2:    2331752 bytes,    7481272 total
[2022-06-13T03:00:33.478+0000][1][gc,age       ] GC(13) - age   3:     344712 bytes,    7825984 total
[2022-06-13T03:00:33.478+0000][1][gc,age       ] GC(13) - age   4:     129576 bytes,    7955560 total
[2022-06-13T03:00:33.478+0000][1][gc,age       ] GC(13) - age   5:     488152 bytes,    8443712 total
[2022-06-13T03:00:33.478+0000][1][gc,age       ] GC(13) - age   6:     471120 bytes,    8914832 total
[2022-06-13T03:00:33.479+0000][1][gc,heap      ] GC(13) ParNew: 75797K->8704K(78656K)
[2022-06-13T03:00:33.479+0000][1][gc,heap      ] GC(13) CMS: 13969K->25562K(174784K)
[2022-06-13T03:00:33.479+0000][1][gc,metaspace ] GC(13) Metaspace: 27091K->27091K(1075200K)
[2022-06-13T03:00:33.479+0000][1][gc           ] GC(13) Pause Young (Allocation Failure) 87M->33M(247M) 22.690ms
[2022-06-13T03:00:33.479+0000][1][gc,cpu       ] GC(13) User=0.28s Sys=0.00s Real=0.03s
[2022-06-13T03:00:33.480+0000][1][safepoint    ] Leaving safepoint region
[2022-06-13T03:00:33.480+0000][1][safepoint    ] Total time for which application threads were stopped: 0.0234686 seconds, Stopping threads took: 0.0001749 seconds
[2022-06-13T03:00:33.663+0000][1][safepoint    ] Application time: 0.1827335 seconds
[2022-06-13T03:00:33.663+0000][1][safepoint    ] Entering safepoint region: Deoptimize
[2022-06-13T03:00:33.664+0000][1][safepoint    ] Leaving safepoint region
[2022-06-13T03:00:33.664+0000][1][safepoint    ] Total time for which application threads were stopped: 0.0009468 seconds, Stopping threads took: 0.0001941 seconds
[2022-06-13T03:00:33.869+0000][1][safepoint    ] Application time: 0.2049590 seconds
[2022-06-13T03:00:33.869+0000][1][safepoint    ] Entering safepoint region: GenCollectForAllocation
[2022-06-13T03:00:33.870+0000][1][gc,start     ] GC(14) Pause Young (Allocation Failure)
[2022-06-13T03:00:33.870+0000][1][gc,task      ] GC(14) Using 5 workers of 13 for evacuation
[2022-06-13T03:00:33.889+0000][1][gc,age       ] GC(14) Desired survivor size 4456448 bytes, new threshold 1 (max threshold 6)
[2022-06-13T03:00:33.889+0000][1][gc,age       ] GC(14) Age table with threshold 1 (max threshold 6)
[2022-06-13T03:00:33.890+0000][1][gc,age       ] GC(14) - age   1:    8912808 bytes,    8912808 total
[2022-06-13T03:00:33.890+0000][1][gc,heap      ] GC(14) ParNew: 78656K->8704K(78656K)
[2022-06-13T03:00:33.890+0000][1][gc,heap      ] GC(14) CMS: 25562K->38954K(174784K)
[2022-06-13T03:00:33.890+0000][1][gc,metaspace ] GC(14) Metaspace: 27211K->27211K(1075200K)
[2022-06-13T03:00:33.890+0000][1][gc           ] GC(14) Pause Young (Allocation Failure) 101M->46M(247M) 20.631ms
[2022-06-13T03:00:33.890+0000][1][gc,cpu       ] GC(14) User=0.13s Sys=0.00s Real=0.02s
[2022-06-13T03:00:33.890+0000][1][safepoint    ] Leaving safepoint region
[2022-06-13T03:00:33.891+0000][1][safepoint    ] Total time for which application threads were stopped: 0.0213454 seconds, Stopping threads took: 0.0001810 seconds
[2022-06-13T03:00:34.136+0000][1][safepoint    ] Application time: 0.2450876 seconds
[2022-06-13T03:00:34.136+0000][1][safepoint    ] Entering safepoint region: RevokeBias
[2022-06-13T03:00:34.137+0000][1][safepoint    ] Leaving safepoint region
[2022-06-13T03:00:34.137+0000][1][safepoint    ] Total time for which application threads were stopped: 0.0006798 seconds, Stopping threads took: 0.0002915 seconds
[2022-06-13T03:00:34.141+0000][1][safepoint    ] Application time: 0.0036190 seconds
[2022-06-13T03:00:34.141+0000][1][safepoint    ] Entering safepoint region: RevokeBias
[2022-06-13T03:00:34.141+0000][1][safepoint    ] Leaving safepoint region
[2022-06-13T03:00:34.141+0000][1][safepoint    ] Total time for which application threads were stopped: 0.0004787 seconds, Stopping threads took: 0.0002304 seconds
[2022-06-13T03:00:34.236+0000][1][safepoint    ] Application time: 0.0947552 seconds
[2022-06-13T03:00:34.237+0000][1][safepoint    ] Entering safepoint region: GenCollectForAllocation
[2022-06-13T03:00:34.237+0000][1][gc,start     ] GC(15) Pause Young (Allocation Failure)
[2022-06-13T03:00:34.237+0000][1][gc,task      ] GC(15) Using 5 workers of 13 for evacuation
[2022-06-13T03:00:34.256+0000][1][gc,age       ] GC(15) Desired survivor size 4456448 bytes, new threshold 1 (max threshold 6)
[2022-06-13T03:00:34.256+0000][1][gc,age       ] GC(15) Age table with threshold 1 (max threshold 6)
[2022-06-13T03:00:34.256+0000][1][gc,age       ] GC(15) - age   1:    7457784 bytes,    7457784 total
[2022-06-13T03:00:34.256+0000][1][gc,heap      ] GC(15) ParNew: 78656K->8704K(78656K)
[2022-06-13T03:00:34.256+0000][1][gc,heap      ] GC(15) CMS: 38954K->48238K(174784K)
[2022-06-13T03:00:34.257+0000][1][gc,metaspace ] GC(15) Metaspace: 31679K->31679K(1079296K)
[2022-06-13T03:00:34.258+0000][1][gc           ] GC(15) Pause Young (Allocation Failure) 114M->55M(247M) 20.686ms
[2022-06-13T03:00:34.258+0000][1][gc,cpu       ] GC(15) User=0.18s Sys=0.00s Real=0.02s
[2022-06-13T03:00:34.259+0000][1][safepoint    ] Leaving safepoint region
[2022-06-13T03:00:34.259+0000][1][safepoint    ] Total time for which application threads were stopped: 0.0219776 seconds, Stopping threads took: 0.0002575 seconds
[2022-06-13T03:00:34.303+0000][1][safepoint    ] Application time: 0.0439001 seconds
[2022-06-13T03:00:34.303+0000][1][safepoint    ] Entering safepoint region: RevokeBias
[2022-06-13T03:00:34.303+0000][1][safepoint    ] Leaving safepoint region
[2022-06-13T03:00:34.303+0000][1][safepoint    ] Total time for which application threads were stopped: 0.0002702 seconds, Stopping threads took: 0.0001166 seconds
[2022-06-13T03:00:34.353+0000][1][safepoint    ] Application time: 0.0498641 seconds
[2022-06-13T03:00:34.354+0000][1][safepoint    ] Entering safepoint region: GenCollectForAllocation
[2022-06-13T03:00:34.354+0000][1][gc,start     ] GC(16) Pause Young (Allocation Failure)
[2022-06-13T03:00:34.354+0000][1][gc,task      ] GC(16) Using 5 workers of 13 for evacuation
[2022-06-13T03:00:34.359+0000][1][gc,age       ] GC(16) Desired survivor size 4456448 bytes, new threshold 6 (max threshold 6)
[2022-06-13T03:00:34.359+0000][1][gc,age       ] GC(16) Age table with threshold 6 (max threshold 6)
[2022-06-13T03:00:34.359+0000][1][gc,age       ] GC(16) - age   1:     428992 bytes,     428992 total
[2022-06-13T03:00:34.359+0000][1][gc,heap      ] GC(16) ParNew: 78656K->7561K(78656K)
[2022-06-13T03:00:34.359+0000][1][gc,heap      ] GC(16) CMS: 48238K->55547K(174784K)
[2022-06-13T03:00:34.359+0000][1][gc,metaspace ] GC(16) Metaspace: 32967K->32967K(1079296K)
[2022-06-13T03:00:34.359+0000][1][gc           ] GC(16) Pause Young (Allocation Failure) 123M->61M(247M) 5.689ms
[2022-06-13T03:00:34.360+0000][1][gc,cpu       ] GC(16) User=0.03s Sys=0.00s Real=0.01s
[2022-06-13T03:00:34.360+0000][1][safepoint    ] Leaving safepoint region
[2022-06-13T03:00:34.360+0000][1][safepoint    ] Total time for which application threads were stopped: 0.0061751 seconds, Stopping threads took: 0.0001119 seconds
[2022-06-13T03:00:34.473+0000][1][safepoint    ] Application time: 0.1131431 seconds
[2022-06-13T03:00:34.473+0000][1][safepoint    ] Entering safepoint region: CollectForMetadataAllocation
[2022-06-13T03:00:34.474+0000][1][safepoint    ] Leaving safepoint region
[2022-06-13T03:00:34.474+0000][1][safepoint    ] Total time for which application threads were stopped: 0.0008053 seconds, Stopping threads took: 0.0004102 seconds
[2022-06-13T03:00:34.494+0000][1][safepoint    ] Application time: 0.0196717 seconds
[2022-06-13T03:00:34.494+0000][1][safepoint    ] Entering safepoint region: CollectForMetadataAllocation
[2022-06-13T03:00:34.495+0000][1][safepoint    ] Leaving safepoint region
[2022-06-13T03:00:34.495+0000][1][safepoint    ] Total time for which application threads were stopped: 0.0003706 seconds, Stopping threads took: 0.0001429 seconds
[2022-06-13T03:00:34.505+0000][1][safepoint    ] Application time: 0.0101345 seconds
[2022-06-13T03:00:34.505+0000][1][safepoint    ] Entering safepoint region: CollectForMetadataAllocation
[2022-06-13T03:00:34.506+0000][1][safepoint    ] Leaving safepoint region
[2022-06-13T03:00:34.506+0000][1][safepoint    ] Total time for which application threads were stopped: 0.0003862 seconds, Stopping threads took: 0.0001285 seconds
[2022-06-13T03:00:34.517+0000][1][safepoint    ] Application time: 0.0114767 seconds
[2022-06-13T03:00:34.518+0000][1][safepoint    ] Entering safepoint region: CollectForMetadataAllocation
[2022-06-13T03:00:34.518+0000][1][safepoint    ] Leaving safepoint region
[2022-06-13T03:00:34.518+0000][1][safepoint    ] Total time for which application threads were stopped: 0.0003491 seconds, Stopping threads took: 0.0001497 seconds
[2022-06-13T03:00:34.532+0000][1][safepoint    ] Application time: 0.0135998 seconds
[2022-06-13T03:00:34.532+0000][1][safepoint    ] Entering safepoint region: CollectForMetadataAllocation
[2022-06-13T03:00:34.532+0000][1][safepoint    ] Leaving safepoint region
[2022-06-13T03:00:34.532+0000][1][safepoint    ] Total time for which application threads were stopped: 0.0002765 seconds, Stopping threads took: 0.0000847 seconds
[2022-06-13T03:00:34.549+0000][1][safepoint    ] Application time: 0.0163801 seconds
[2022-06-13T03:00:34.549+0000][1][safepoint    ] Entering safepoint region: CollectForMetadataAllocation
[2022-06-13T03:00:34.549+0000][1][safepoint    ] Leaving safepoint region
[2022-06-13T03:00:34.549+0000][1][safepoint    ] Total time for which application threads were stopped: 0.0004771 seconds, Stopping threads took: 0.0002152 seconds
[2022-06-13T03:00:34.560+0000][1][safepoint    ] Application time: 0.0099447 seconds
[2022-06-13T03:00:34.560+0000][1][safepoint    ] Entering safepoint region: CollectForMetadataAllocation
[2022-06-13T03:00:34.560+0000][1][safepoint    ] Leaving safepoint region
[2022-06-13T03:00:34.560+0000][1][safepoint    ] Total time for which application threads were stopped: 0.0004434 seconds, Stopping threads took: 0.0001905 seconds
[2022-06-13T03:00:34.574+0000][1][safepoint    ] Application time: 0.0134525 seconds
[2022-06-13T03:00:34.574+0000][1][safepoint    ] Entering safepoint region: CollectForMetadataAllocation
[2022-06-13T03:00:34.574+0000][1][safepoint    ] Leaving safepoint region
[2022-06-13T03:00:34.575+0000][1][safepoint    ] Total time for which application threads were stopped: 0.0004443 seconds, Stopping threads took: 0.0001679 seconds
[2022-06-13T03:00:34.589+0000][1][safepoint    ] Application time: 0.0137593 seconds
[2022-06-13T03:00:34.589+0000][1][safepoint    ] Entering safepoint region: CollectForMetadataAllocation
[2022-06-13T03:00:34.589+0000][1][safepoint    ] Leaving safepoint region
[2022-06-13T03:00:34.589+0000][1][safepoint    ] Total time for which application threads were stopped: 0.0005876 seconds, Stopping threads took: 0.0002023 seconds
[2022-06-13T03:00:34.590+0000][1][safepoint    ] Application time: 0.0002431 seconds
[2022-06-13T03:00:34.590+0000][1][safepoint    ] Entering safepoint region: CollectForMetadataAllocation
[2022-06-13T03:00:34.590+0000][1][safepoint    ] Leaving safepoint region
[2022-06-13T03:00:34.591+0000][1][safepoint    ] Total time for which application threads were stopped: 0.0004688 seconds, Stopping threads took: 0.0002690 seconds
[2022-06-13T03:00:34.597+0000][1][safepoint    ] Application time: 0.0064491 seconds
[2022-06-13T03:00:34.598+0000][1][safepoint    ] Entering safepoint region: RevokeBias
[2022-06-13T03:00:34.598+0000][1][safepoint    ] Leaving safepoint region
[2022-06-13T03:00:34.598+0000][1][safepoint    ] Total time for which application threads were stopped: 0.0004918 seconds, Stopping threads took: 0.0002734 seconds
[2022-06-13T03:00:34.602+0000][1][safepoint    ] Application time: 0.0033822 seconds
[2022-06-13T03:00:34.602+0000][1][safepoint    ] Entering safepoint region: RevokeBias
[2022-06-13T03:00:34.602+0000][1][safepoint    ] Leaving safepoint region
[2022-06-13T03:00:34.602+0000][1][safepoint    ] Total time for which application threads were stopped: 0.0004224 seconds, Stopping threads took: 0.0002034 seconds
[2022-06-13T03:00:34.604+0000][1][safepoint    ] Application time: 0.0009752 seconds
[2022-06-13T03:00:34.604+0000][1][safepoint    ] Entering safepoint region: CollectForMetadataAllocation
[2022-06-13T03:00:34.604+0000][1][safepoint    ] Leaving safepoint region
[2022-06-13T03:00:34.604+0000][1][safepoint    ] Total time for which application threads were stopped: 0.0003719 seconds, Stopping threads took: 0.0000969 seconds
[2022-06-13T03:00:34.609+0000][1][safepoint    ] Application time: 0.0043981 seconds
[2022-06-13T03:00:34.609+0000][1][safepoint    ] Entering safepoint region: RevokeBias
[2022-06-13T03:00:34.609+0000][1][safepoint    ] Leaving safepoint region
[2022-06-13T03:00:34.609+0000][1][safepoint    ] Total time for which application threads were stopped: 0.0005397 seconds, Stopping threads took: 0.0003021 seconds
[2022-06-13T03:00:34.615+0000][1][safepoint    ] Application time: 0.0055181 seconds
[2022-06-13T03:00:34.615+0000][1][safepoint    ] Entering safepoint region: RevokeBias
[2022-06-13T03:00:34.616+0000][1][safepoint    ] Leaving safepoint region
[2022-06-13T03:00:34.616+0000][1][safepoint    ] Total time for which application threads were stopped: 0.0003646 seconds, Stopping threads took: 0.0002312 seconds
[2022-06-13T03:00:34.622+0000][1][safepoint    ] Application time: 0.0058569 seconds
[2022-06-13T03:00:34.622+0000][1][safepoint    ] Entering safepoint region: CollectForMetadataAllocation
[2022-06-13T03:00:34.622+0000][1][safepoint    ] Leaving safepoint region
[2022-06-13T03:00:34.623+0000][1][safepoint    ] Total time for which application threads were stopped: 0.0004056 seconds, Stopping threads took: 0.0001629 seconds
[2022-06-13T03:00:34.634+0000][1][safepoint    ] Application time: 0.0108876 seconds
[2022-06-13T03:00:34.634+0000][1][safepoint    ] Entering safepoint region: CollectForMetadataAllocation
[2022-06-13T03:00:34.634+0000][1][safepoint    ] Leaving safepoint region
[2022-06-13T03:00:34.635+0000][1][safepoint    ] Total time for which application threads were stopped: 0.0006293 seconds, Stopping threads took: 0.0001922 seconds
[2022-06-13T03:00:34.648+0000][1][safepoint    ] Application time: 0.0134126 seconds
[2022-06-13T03:00:34.649+0000][1][safepoint    ] Entering safepoint region: CollectForMetadataAllocation
[2022-06-13T03:00:34.649+0000][1][safepoint    ] Leaving safepoint region
[2022-06-13T03:00:34.650+0000][1][safepoint    ] Total time for which application threads were stopped: 0.0009367 seconds, Stopping threads took: 0.0004347 seconds
[2022-06-13T03:00:34.658+0000][1][safepoint    ] Application time: 0.0081957 seconds
[2022-06-13T03:00:34.659+0000][1][safepoint    ] Entering safepoint region: CollectForMetadataAllocation
[2022-06-13T03:00:34.659+0000][1][safepoint    ] Leaving safepoint region
[2022-06-13T03:00:34.660+0000][1][safepoint    ] Total time for which application threads were stopped: 0.0011740 seconds, Stopping threads took: 0.0004028 seconds
[2022-06-13T03:00:34.670+0000][1][safepoint    ] Application time: 0.0097931 seconds
[2022-06-13T03:00:34.671+0000][1][safepoint    ] Entering safepoint region: CollectForMetadataAllocation
[2022-06-13T03:00:34.671+0000][1][safepoint    ] Leaving safepoint region
[2022-06-13T03:00:34.672+0000][1][safepoint    ] Total time for which application threads were stopped: 0.0009815 seconds, Stopping threads took: 0.0004396 seconds
[2022-06-13T03:00:34.685+0000][1][safepoint    ] Application time: 0.0128871 seconds
[2022-06-13T03:00:34.685+0000][1][safepoint    ] Entering safepoint region: CollectForMetadataAllocation
[2022-06-13T03:00:34.686+0000][1][safepoint    ] Leaving safepoint region
[2022-06-13T03:00:34.686+0000][1][safepoint    ] Total time for which application threads were stopped: 0.0011085 seconds, Stopping threads took: 0.0005156 seconds
[2022-06-13T03:00:34.698+0000][1][safepoint    ] Application time: 0.0110114 seconds
[2022-06-13T03:00:34.699+0000][1][safepoint    ] Entering safepoint region: CollectForMetadataAllocation
[2022-06-13T03:00:34.699+0000][1][safepoint    ] Leaving safepoint region
[2022-06-13T03:00:34.700+0000][1][safepoint    ] Total time for which application threads were stopped: 0.0010431 seconds, Stopping threads took: 0.0004014 seconds
[2022-06-13T03:00:34.712+0000][1][safepoint    ] Application time: 0.0123588 seconds
[2022-06-13T03:00:34.713+0000][1][safepoint    ] Entering safepoint region: CollectForMetadataAllocation
[2022-06-13T03:00:34.713+0000][1][safepoint    ] Leaving safepoint region
[2022-06-13T03:00:34.714+0000][1][safepoint    ] Total time for which application threads were stopped: 0.0010339 seconds, Stopping threads took: 0.0004425 seconds
[2022-06-13T03:00:34.728+0000][1][safepoint    ] Application time: 0.0134972 seconds
[2022-06-13T03:00:34.728+0000][1][safepoint    ] Entering safepoint region: CollectForMetadataAllocation
[2022-06-13T03:00:34.729+0000][1][safepoint    ] Leaving safepoint region
[2022-06-13T03:00:34.730+0000][1][safepoint    ] Total time for which application threads were stopped: 0.0012953 seconds, Stopping threads took: 0.0006133 seconds
[2022-06-13T03:00:34.742+0000][1][safepoint    ] Application time: 0.0120622 seconds
[2022-06-13T03:00:34.743+0000][1][safepoint    ] Entering safepoint region: CollectForMetadataAllocation
[2022-06-13T03:00:34.744+0000][1][safepoint    ] Leaving safepoint region
[2022-06-13T03:00:34.744+0000][1][safepoint    ] Total time for which application threads were stopped: 0.0012516 seconds, Stopping threads took: 0.0004932 seconds
[2022-06-13T03:00:34.756+0000][1][safepoint    ] Application time: 0.0109805 seconds
[2022-06-13T03:00:34.756+0000][1][safepoint    ] Entering safepoint region: CollectForMetadataAllocation
[2022-06-13T03:00:34.757+0000][1][safepoint    ] Leaving safepoint region
[2022-06-13T03:00:34.757+0000][1][safepoint    ] Total time for which application threads were stopped: 0.0013559 seconds, Stopping threads took: 0.0004374 seconds
[2022-06-13T03:00:34.772+0000][1][safepoint    ] Application time: 0.0144664 seconds
[2022-06-13T03:00:34.773+0000][1][safepoint    ] Entering safepoint region: CollectForMetadataAllocation
[2022-06-13T03:00:34.773+0000][1][safepoint    ] Leaving safepoint region
[2022-06-13T03:00:34.773+0000][1][safepoint    ] Total time for which application threads were stopped: 0.0007717 seconds, Stopping threads took: 0.0003619 seconds
[2022-06-13T03:00:34.787+0000][1][safepoint    ] Application time: 0.0135950 seconds
[2022-06-13T03:00:34.788+0000][1][safepoint    ] Entering safepoint region: CollectForMetadataAllocation
[2022-06-13T03:00:34.788+0000][1][safepoint    ] Leaving safepoint region
[2022-06-13T03:00:34.788+0000][1][safepoint    ] Total time for which application threads were stopped: 0.0007122 seconds, Stopping threads took: 0.0002636 seconds
[2022-06-13T03:00:34.801+0000][1][safepoint    ] Application time: 0.0122992 seconds
[2022-06-13T03:00:34.801+0000][1][safepoint    ] Entering safepoint region: CollectForMetadataAllocation
[2022-06-13T03:00:34.802+0000][1][safepoint    ] Leaving safepoint region
[2022-06-13T03:00:34.802+0000][1][safepoint    ] Total time for which application threads were stopped: 0.0006024 seconds, Stopping threads took: 0.0003145 seconds
[2022-06-13T03:00:34.811+0000][1][safepoint    ] Application time: 0.0089999 seconds
[2022-06-13T03:00:34.811+0000][1][safepoint    ] Entering safepoint region: CollectForMetadataAllocation
[2022-06-13T03:00:34.812+0000][1][safepoint    ] Leaving safepoint region
[2022-06-13T03:00:34.812+0000][1][safepoint    ] Total time for which application threads were stopped: 0.0010255 seconds, Stopping threads took: 0.0002828 seconds
[2022-06-13T03:00:34.826+0000][1][safepoint    ] Application time: 0.0135345 seconds
[2022-06-13T03:00:34.827+0000][1][safepoint    ] Entering safepoint region: CollectForMetadataAllocation
[2022-06-13T03:00:34.827+0000][1][safepoint    ] Leaving safepoint region
[2022-06-13T03:00:34.827+0000][1][safepoint    ] Total time for which application threads were stopped: 0.0007279 seconds, Stopping threads took: 0.0003566 seconds
[2022-06-13T03:00:34.836+0000][1][safepoint    ] Application time: 0.0084530 seconds
[2022-06-13T03:00:34.837+0000][1][safepoint    ] Entering safepoint region: RevokeBias
[2022-06-13T03:00:34.837+0000][1][safepoint    ] Leaving safepoint region
[2022-06-13T03:00:34.837+0000][1][safepoint    ] Total time for which application threads were stopped: 0.0007444 seconds, Stopping threads took: 0.0004362 seconds
[2022-06-13T03:00:34.842+0000][1][safepoint    ] Application time: 0.0040722 seconds
[2022-06-13T03:00:34.842+0000][1][safepoint    ] Entering safepoint region: CollectForMetadataAllocation
[2022-06-13T03:00:34.843+0000][1][safepoint    ] Leaving safepoint region
[2022-06-13T03:00:34.843+0000][1][safepoint    ] Total time for which application threads were stopped: 0.0010950 seconds, Stopping threads took: 0.0003215 seconds
[2022-06-13T03:00:35.010+0000][1][safepoint    ] Application time: 0.1666909 seconds
[2022-06-13T03:00:35.011+0000][1][safepoint    ] Entering safepoint region: CollectForMetadataAllocation
[2022-06-13T03:00:35.011+0000][1][safepoint    ] Leaving safepoint region
[2022-06-13T03:00:35.012+0000][1][safepoint    ] Total time for which application threads were stopped: 0.0008820 seconds, Stopping threads took: 0.0004128 seconds
[2022-06-13T03:00:35.201+0000][1][safepoint    ] Application time: 0.1887541 seconds
[2022-06-13T03:00:35.201+0000][1][safepoint    ] Entering safepoint region: GenCollectForAllocation
[2022-06-13T03:00:35.201+0000][1][gc,start     ] GC(17) Pause Young (Allocation Failure)
[2022-06-13T03:00:35.202+0000][1][gc,task      ] GC(17) Using 5 workers of 13 for evacuation
[2022-06-13T03:00:35.205+0000][1][gc,age       ] GC(17) Desired survivor size 4456448 bytes, new threshold 6 (max threshold 6)
[2022-06-13T03:00:35.205+0000][1][gc,age       ] GC(17) Age table with threshold 6 (max threshold 6)
[2022-06-13T03:00:35.206+0000][1][gc,age       ] GC(17) - age   1:    3765320 bytes,    3765320 total
[2022-06-13T03:00:35.206+0000][1][gc,age       ] GC(17) - age   2:     387704 bytes,    4153024 total
[2022-06-13T03:00:35.206+0000][1][gc,heap      ] GC(17) ParNew: 77513K->5119K(78656K)
[2022-06-13T03:00:35.206+0000][1][gc,heap      ] GC(17) CMS: 55547K->55547K(174784K)
[2022-06-13T03:00:35.206+0000][1][gc,metaspace ] GC(17) Metaspace: 42296K->42296K(1087488K)
[2022-06-13T03:00:35.206+0000][1][gc           ] GC(17) Pause Young (Allocation Failure) 129M->59M(247M) 5.113ms
[2022-06-13T03:00:35.207+0000][1][gc,cpu       ] GC(17) User=0.01s Sys=0.00s Real=0.00s
[2022-06-13T03:00:35.207+0000][1][safepoint    ] Leaving safepoint region
[2022-06-13T03:00:35.207+0000][1][safepoint    ] Total time for which application threads were stopped: 0.0060249 seconds, Stopping threads took: 0.0002811 seconds
[2022-06-13T03:00:35.207+0000][1][safepoint    ] Application time: 0.0002804 seconds
[2022-06-13T03:00:35.208+0000][1][safepoint    ] Entering safepoint region: CMS_Initial_Mark
[2022-06-13T03:00:35.208+0000][1][gc,start     ] GC(18) Pause Initial Mark
[2022-06-13T03:00:35.210+0000][1][gc           ] GC(18) Pause Initial Mark 60M->60M(247M) 1.458ms
[2022-06-13T03:00:35.210+0000][1][gc,cpu       ] GC(18) User=0.01s Sys=0.00s Real=0.01s
[2022-06-13T03:00:35.210+0000][1][safepoint    ] Leaving safepoint region
[2022-06-13T03:00:35.210+0000][1][safepoint    ] Total time for which application threads were stopped: 0.0025429 seconds, Stopping threads took: 0.0003741 seconds
[2022-06-13T03:00:35.210+0000][1][gc           ] GC(18) Concurrent Mark
[2022-06-13T03:00:35.211+0000][1][gc,task      ] GC(18) Using 4 workers of 4 for marking
[2022-06-13T03:00:35.211+0000][1][safepoint    ] Application time: 0.0007867 seconds
[2022-06-13T03:00:35.212+0000][1][safepoint    ] Entering safepoint region: CollectForMetadataAllocation
[2022-06-13T03:00:35.212+0000][1][safepoint    ] Leaving safepoint region
[2022-06-13T03:00:35.212+0000][1][safepoint    ] Total time for which application threads were stopped: 0.0007737 seconds, Stopping threads took: 0.0003047 seconds
[2022-06-13T03:00:35.213+0000][1][safepoint    ] Application time: 0.0007716 seconds
[2022-06-13T03:00:35.214+0000][1][safepoint    ] Entering safepoint region: RevokeBias
[2022-06-13T03:00:35.214+0000][1][safepoint    ] Leaving safepoint region
[2022-06-13T03:00:35.214+0000][1][safepoint    ] Total time for which application threads were stopped: 0.0002932 seconds, Stopping threads took: 0.0001122 seconds
[2022-06-13T03:00:35.228+0000][1][gc           ] GC(18) Concurrent Mark 17.329ms
[2022-06-13T03:00:35.228+0000][1][gc,cpu       ] GC(18) User=0.06s Sys=0.00s Real=0.01s
[2022-06-13T03:00:35.229+0000][1][gc           ] GC(18) Concurrent Preclean
[2022-06-13T03:00:35.231+0000][1][gc           ] GC(18) Concurrent Preclean 1.897ms
[2022-06-13T03:00:35.231+0000][1][gc,cpu       ] GC(18) User=0.02s Sys=0.00s Real=0.01s
[2022-06-13T03:00:35.232+0000][1][gc           ] GC(18) Concurrent Abortable Preclean
[2022-06-13T03:00:35.240+0000][1][safepoint    ] Application time: 0.0263227 seconds
[2022-06-13T03:00:35.241+0000][1][safepoint    ] Entering safepoint region: CollectForMetadataAllocation
[2022-06-13T03:00:35.241+0000][1][safepoint    ] Leaving safepoint region
[2022-06-13T03:00:35.241+0000][1][safepoint    ] Total time for which application threads were stopped: 0.0007120 seconds, Stopping threads took: 0.0003206 seconds
[2022-06-13T03:00:35.338+0000][1][safepoint    ] Application time: 0.0960316 seconds
[2022-06-13T03:00:35.338+0000][1][safepoint    ] Entering safepoint region: CollectForMetadataAllocation
[2022-06-13T03:00:35.339+0000][1][safepoint    ] Leaving safepoint region
[2022-06-13T03:00:35.339+0000][1][safepoint    ] Total time for which application threads were stopped: 0.0009631 seconds, Stopping threads took: 0.0004395 seconds
[2022-06-13T03:00:35.359+0000][1][safepoint    ] Application time: 0.0200164 seconds
[2022-06-13T03:00:35.360+0000][1][safepoint    ] Entering safepoint region: CollectForMetadataAllocation
[2022-06-13T03:00:35.360+0000][1][safepoint    ] Leaving safepoint region
[2022-06-13T03:00:35.361+0000][1][safepoint    ] Total time for which application threads were stopped: 0.0008731 seconds, Stopping threads took: 0.0003559 seconds
[2022-06-13T03:00:35.370+0000][1][safepoint    ] Application time: 0.0087314 seconds
[2022-06-13T03:00:35.371+0000][1][safepoint    ] Entering safepoint region: CollectForMetadataAllocation
[2022-06-13T03:00:35.371+0000][1][safepoint    ] Leaving safepoint region
[2022-06-13T03:00:35.371+0000][1][safepoint    ] Total time for which application threads were stopped: 0.0009179 seconds, Stopping threads took: 0.0004894 seconds
[2022-06-13T03:00:35.394+0000][1][safepoint    ] Application time: 0.0220403 seconds
[2022-06-13T03:00:35.394+0000][1][safepoint    ] Entering safepoint region: CollectForMetadataAllocation
[2022-06-13T03:00:35.395+0000][1][safepoint    ] Leaving safepoint region
[2022-06-13T03:00:35.395+0000][1][safepoint    ] Total time for which application threads were stopped: 0.0010789 seconds, Stopping threads took: 0.0004952 seconds
[2022-06-13T03:00:35.412+0000][1][safepoint    ] Application time: 0.0165284 seconds
[2022-06-13T03:00:35.413+0000][1][safepoint    ] Entering safepoint region: CollectForMetadataAllocation
[2022-06-13T03:00:35.413+0000][1][safepoint    ] Leaving safepoint region
[2022-06-13T03:00:35.414+0000][1][safepoint    ] Total time for which application threads were stopped: 0.0007981 seconds, Stopping threads took: 0.0003638 seconds
[2022-06-13T03:00:35.415+0000][1][gc           ] GC(18) Concurrent Abortable Preclean 183.140ms
[2022-06-13T03:00:35.415+0000][1][gc,cpu       ] GC(18) User=1.00s Sys=0.01s Real=0.18s
[2022-06-13T03:00:35.415+0000][1][safepoint    ] Application time: 0.0013864 seconds
[2022-06-13T03:00:35.416+0000][1][safepoint    ] Entering safepoint region: CMS_Final_Remark
[2022-06-13T03:00:35.416+0000][1][gc,start     ] GC(18) Pause Remark
[2022-06-13T03:00:35.427+0000][1][gc           ] GC(18) Pause Remark 98M->98M(247M) 11.124ms
[2022-06-13T03:00:35.427+0000][1][gc,cpu       ] GC(18) User=0.03s Sys=0.00s Real=0.01s
[2022-06-13T03:00:35.428+0000][1][safepoint    ] Leaving safepoint region
[2022-06-13T03:00:35.428+0000][1][safepoint    ] Total time for which application threads were stopped: 0.0122460 seconds, Stopping threads took: 0.0002237 seconds
[2022-06-13T03:00:35.428+0000][1][gc           ] GC(18) Concurrent Sweep
[2022-06-13T03:00:35.430+0000][1][safepoint    ] Application time: 0.0015753 seconds
[2022-06-13T03:00:35.430+0000][1][safepoint    ] Entering safepoint region: RevokeBias
[2022-06-13T03:00:35.431+0000][1][safepoint    ] Leaving safepoint region
[2022-06-13T03:00:35.431+0000][1][safepoint    ] Total time for which application threads were stopped: 0.0014909 seconds, Stopping threads took: 0.0007464 seconds
[2022-06-13T03:00:35.433+0000][1][safepoint    ] Application time: 0.0011077 seconds
[2022-06-13T03:00:35.433+0000][1][safepoint    ] Entering safepoint region: RevokeBias
[2022-06-13T03:00:35.433+0000][1][safepoint    ] Leaving safepoint region
[2022-06-13T03:00:35.433+0000][1][safepoint    ] Total time for which application threads were stopped: 0.0003892 seconds, Stopping threads took: 0.0001651 seconds
[2022-06-13T03:00:35.434+0000][1][safepoint    ] Application time: 0.0003587 seconds
[2022-06-13T03:00:35.434+0000][1][safepoint    ] Entering safepoint region: RevokeBias
[2022-06-13T03:00:35.434+0000][1][safepoint    ] Leaving safepoint region
[2022-06-13T03:00:35.435+0000][1][safepoint    ] Total time for which application threads were stopped: 0.0005180 seconds, Stopping threads took: 0.0002387 seconds
[2022-06-13T03:00:35.445+0000][1][gc           ] GC(18) Concurrent Sweep 17.198ms
[2022-06-13T03:00:35.446+0000][1][gc,cpu       ] GC(18) User=0.07s Sys=0.00s Real=0.02s
[2022-06-13T03:00:35.446+0000][1][gc           ] GC(18) Concurrent Reset
[2022-06-13T03:00:35.447+0000][1][gc           ] GC(18) Concurrent Reset 0.567ms
[2022-06-13T03:00:35.447+0000][1][gc,cpu       ] GC(18) User=0.00s Sys=0.00s Real=0.00s
[2022-06-13T03:00:35.448+0000][1][gc,heap      ] GC(18) Old: 55547K->55319K(174784K)
[2022-06-13T03:00:35.466+0000][1][safepoint    ] Application time: 0.0315141 seconds
[2022-06-13T03:00:35.467+0000][1][safepoint    ] Entering safepoint region: RevokeBias
[2022-06-13T03:00:35.467+0000][1][safepoint    ] Leaving safepoint region
[2022-06-13T03:00:35.467+0000][1][safepoint    ] Total time for which application threads were stopped: 0.0006608 seconds, Stopping threads took: 0.0003539 seconds
[2022-06-13T03:00:35.471+0000][1][safepoint    ] Application time: 0.0031557 seconds
[2022-06-13T03:00:35.471+0000][1][safepoint    ] Entering safepoint region: RevokeBias
[2022-06-13T03:00:35.471+0000][1][safepoint    ] Leaving safepoint region
[2022-06-13T03:00:35.472+0000][1][safepoint    ] Total time for which application threads were stopped: 0.0004837 seconds, Stopping threads took: 0.0002309 seconds
[2022-06-13T03:00:35.554+0000][1][safepoint    ] Application time: 0.0823645 seconds
[2022-06-13T03:00:35.555+0000][1][safepoint    ] Entering safepoint region: RevokeBias
[2022-06-13T03:00:35.556+0000][1][safepoint    ] Leaving safepoint region
[2022-06-13T03:00:35.556+0000][1][safepoint    ] Total time for which application threads were stopped: 0.0013891 seconds, Stopping threads took: 0.0006478 seconds
[2022-06-13T03:00:35.557+0000][1][safepoint    ] Application time: 0.0003662 seconds
[2022-06-13T03:00:35.557+0000][1][safepoint    ] Entering safepoint region: RevokeBias
[2022-06-13T03:00:35.557+0000][1][safepoint    ] Leaving safepoint region
[2022-06-13T03:00:35.557+0000][1][safepoint    ] Total time for which application threads were stopped: 0.0006190 seconds, Stopping threads took: 0.0002724 seconds
[2022-06-13T03:00:35.558+0000][1][safepoint    ] Application time: 0.0003699 seconds
[2022-06-13T03:00:35.558+0000][1][safepoint    ] Entering safepoint region: RevokeBias
[2022-06-13T03:00:35.559+0000][1][safepoint    ] Leaving safepoint region
[2022-06-13T03:00:35.559+0000][1][safepoint    ] Total time for which application threads were stopped: 0.0007844 seconds, Stopping threads took: 0.0003921 seconds
[2022-06-13T03:00:35.560+0000][1][safepoint    ] Application time: 0.0004766 seconds
[2022-06-13T03:00:35.560+0000][1][safepoint    ] Entering safepoint region: RevokeBias
[2022-06-13T03:00:35.561+0000][1][safepoint    ] Leaving safepoint region
[2022-06-13T03:00:35.561+0000][1][safepoint    ] Total time for which application threads were stopped: 0.0006904 seconds, Stopping threads took: 0.0003320 seconds
[2022-06-13T03:00:35.605+0000][1][safepoint    ] Application time: 0.0439678 seconds
[2022-06-13T03:00:35.606+0000][1][safepoint    ] Entering safepoint region: RevokeBias
[2022-06-13T03:00:35.606+0000][1][safepoint    ] Leaving safepoint region
[2022-06-13T03:00:35.606+0000][1][safepoint    ] Total time for which application threads were stopped: 0.0006538 seconds, Stopping threads took: 0.0002484 seconds
[2022-06-13T03:00:35.607+0000][1][safepoint    ] Application time: 0.0002197 seconds
[2022-06-13T03:00:35.607+0000][1][safepoint    ] Entering safepoint region: RevokeBias
[2022-06-13T03:00:35.607+0000][1][safepoint    ] Leaving safepoint region
[2022-06-13T03:00:35.608+0000][1][safepoint    ] Total time for which application threads were stopped: 0.0006408 seconds, Stopping threads took: 0.0002238 seconds
[2022-06-13T03:00:35.609+0000][1][safepoint    ] Application time: 0.0003754 seconds
[2022-06-13T03:00:35.609+0000][1][safepoint    ] Entering safepoint region: RevokeBias
[2022-06-13T03:00:35.609+0000][1][safepoint    ] Leaving safepoint region
[2022-06-13T03:00:35.610+0000][1][safepoint    ] Total time for which application threads were stopped: 0.0007860 seconds, Stopping threads took: 0.0005066 seconds
[2022-06-13T03:00:35.610+0000][1][safepoint    ] Application time: 0.0002031 seconds
[2022-06-13T03:00:35.611+0000][1][safepoint    ] Entering safepoint region: RevokeBias
[2022-06-13T03:00:35.611+0000][1][safepoint    ] Leaving safepoint region
[2022-06-13T03:00:35.611+0000][1][safepoint    ] Total time for which application threads were stopped: 0.0008539 seconds, Stopping threads took: 0.0004884 seconds
[2022-06-13T03:00:35.612+0000][1][safepoint    ] Application time: 0.0004600 seconds
[2022-06-13T03:00:35.612+0000][1][safepoint    ] Entering safepoint region: RevokeBias
[2022-06-13T03:00:35.613+0000][1][safepoint    ] Leaving safepoint region
[2022-06-13T03:00:35.613+0000][1][safepoint    ] Total time for which application threads were stopped: 0.0007902 seconds, Stopping threads took: 0.0004071 seconds
[2022-06-13T03:00:35.614+0000][1][safepoint    ] Application time: 0.0002555 seconds
[2022-06-13T03:00:35.614+0000][1][safepoint    ] Entering safepoint region: RevokeBias
[2022-06-13T03:00:35.615+0000][1][safepoint    ] Leaving safepoint region
[2022-06-13T03:00:35.615+0000][1][safepoint    ] Total time for which application threads were stopped: 0.0008886 seconds, Stopping threads took: 0.0005162 seconds
[2022-06-13T03:00:35.616+0000][1][safepoint    ] Application time: 0.0002535 seconds
[2022-06-13T03:00:35.616+0000][1][safepoint    ] Entering safepoint region: RevokeBias
[2022-06-13T03:00:35.617+0000][1][safepoint    ] Leaving safepoint region
[2022-06-13T03:00:35.617+0000][1][safepoint    ] Total time for which application threads were stopped: 0.0008324 seconds, Stopping threads took: 0.0004681 seconds
[2022-06-13T03:00:35.618+0000][1][safepoint    ] Application time: 0.0002162 seconds
[2022-06-13T03:00:35.618+0000][1][safepoint    ] Entering safepoint region: RevokeBias
[2022-06-13T03:00:35.618+0000][1][safepoint    ] Leaving safepoint region
[2022-06-13T03:00:35.619+0000][1][safepoint    ] Total time for which application threads were stopped: 0.0006902 seconds, Stopping threads took: 0.0003505 seconds
[2022-06-13T03:00:35.619+0000][1][safepoint    ] Application time: 0.0001688 seconds
[2022-06-13T03:00:35.620+0000][1][safepoint    ] Entering safepoint region: RevokeBias
[2022-06-13T03:00:35.620+0000][1][safepoint    ] Leaving safepoint region
[2022-06-13T03:00:35.620+0000][1][safepoint    ] Total time for which application threads were stopped: 0.0010888 seconds, Stopping threads took: 0.0007156 seconds
[2022-06-13T03:00:35.621+0000][1][safepoint    ] Application time: 0.0001521 seconds
[2022-06-13T03:00:35.621+0000][1][safepoint    ] Entering safepoint region: RevokeBias
[2022-06-13T03:00:35.622+0000][1][safepoint    ] Leaving safepoint region
[2022-06-13T03:00:35.622+0000][1][safepoint    ] Total time for which application threads were stopped: 0.0007696 seconds, Stopping threads took: 0.0004273 seconds
[2022-06-13T03:00:35.623+0000][1][safepoint    ] Application time: 0.0000857 seconds
[2022-06-13T03:00:35.623+0000][1][safepoint    ] Entering safepoint region: RevokeBias
[2022-06-13T03:00:35.623+0000][1][safepoint    ] Leaving safepoint region
[2022-06-13T03:00:35.624+0000][1][safepoint    ] Total time for which application threads were stopped: 0.0007312 seconds, Stopping threads took: 0.0003943 seconds
[2022-06-13T03:00:35.624+0000][1][safepoint    ] Application time: 0.0003155 seconds
[2022-06-13T03:00:35.624+0000][1][safepoint    ] Entering safepoint region: RevokeBias
[2022-06-13T03:00:35.625+0000][1][safepoint    ] Leaving safepoint region
[2022-06-13T03:00:35.625+0000][1][safepoint    ] Total time for which application threads were stopped: 0.0004598 seconds, Stopping threads took: 0.0003342 seconds
[2022-06-13T03:00:35.625+0000][1][safepoint    ] Application time: 0.0000661 seconds
[2022-06-13T03:00:35.625+0000][1][safepoint    ] Entering safepoint region: RevokeBias
[2022-06-13T03:00:35.625+0000][1][safepoint    ] Leaving safepoint region
[2022-06-13T03:00:35.625+0000][1][safepoint    ] Total time for which application threads were stopped: 0.0002123 seconds, Stopping threads took: 0.0000988 seconds
[2022-06-13T03:00:35.625+0000][1][safepoint    ] Application time: 0.0000651 seconds
[2022-06-13T03:00:35.625+0000][1][safepoint    ] Entering safepoint region: RevokeBias
[2022-06-13T03:00:35.626+0000][1][safepoint    ] Leaving safepoint region
[2022-06-13T03:00:35.626+0000][1][safepoint    ] Total time for which application threads were stopped: 0.0002260 seconds, Stopping threads took: 0.0001125 seconds
[2022-06-13T03:00:35.626+0000][1][safepoint    ] Application time: 0.0000521 seconds
[2022-06-13T03:00:35.626+0000][1][safepoint    ] Entering safepoint region: RevokeBias
[2022-06-13T03:00:35.626+0000][1][safepoint    ] Leaving safepoint region
[2022-06-13T03:00:35.626+0000][1][safepoint    ] Total time for which application threads were stopped: 0.0001918 seconds, Stopping threads took: 0.0000850 seconds
[2022-06-13T03:00:35.626+0000][1][safepoint    ] Application time: 0.0000472 seconds
[2022-06-13T03:00:35.626+0000][1][safepoint    ] Entering safepoint region: RevokeBias
[2022-06-13T03:00:35.626+0000][1][safepoint    ] Leaving safepoint region
[2022-06-13T03:00:35.626+0000][1][safepoint    ] Total time for which application threads were stopped: 0.0002055 seconds, Stopping threads took: 0.0000865 seconds
[2022-06-13T03:00:35.627+0000][1][safepoint    ] Application time: 0.0000467 seconds
[2022-06-13T03:00:35.627+0000][1][safepoint    ] Entering safepoint region: RevokeBias
[2022-06-13T03:00:35.627+0000][1][safepoint    ] Leaving safepoint region
[2022-06-13T03:00:35.627+0000][1][safepoint    ] Total time for which application threads were stopped: 0.0001833 seconds, Stopping threads took: 0.0000840 seconds
[2022-06-13T03:00:35.627+0000][1][safepoint    ] Application time: 0.0000541 seconds
[2022-06-13T03:00:35.627+0000][1][safepoint    ] Entering safepoint region: RevokeBias
[2022-06-13T03:00:35.627+0000][1][safepoint    ] Leaving safepoint region
[2022-06-13T03:00:35.627+0000][1][safepoint    ] Total time for which application threads were stopped: 0.0001902 seconds, Stopping threads took: 0.0000852 seconds
[2022-06-13T03:00:35.627+0000][1][safepoint    ] Application time: 0.0000741 seconds
[2022-06-13T03:00:35.628+0000][1][safepoint    ] Entering safepoint region: RevokeBias
[2022-06-13T03:00:35.628+0000][1][safepoint    ] Leaving safepoint region
[2022-06-13T03:00:35.628+0000][1][safepoint    ] Total time for which application threads were stopped: 0.0001880 seconds, Stopping threads took: 0.0000864 seconds
[2022-06-13T03:00:35.628+0000][1][safepoint    ] Application time: 0.0000491 seconds
[2022-06-13T03:00:35.628+0000][1][safepoint    ] Entering safepoint region: RevokeBias
[2022-06-13T03:00:35.628+0000][1][safepoint    ] Leaving safepoint region
[2022-06-13T03:00:35.628+0000][1][safepoint    ] Total time for which application threads were stopped: 0.0001895 seconds, Stopping threads took: 0.0000876 seconds
[2022-06-13T03:00:35.628+0000][1][safepoint    ] Application time: 0.0000582 seconds
[2022-06-13T03:00:35.628+0000][1][safepoint    ] Entering safepoint region: RevokeBias
[2022-06-13T03:00:35.628+0000][1][safepoint    ] Leaving safepoint region
[2022-06-13T03:00:35.629+0000][1][safepoint    ] Total time for which application threads were stopped: 0.0002112 seconds, Stopping threads took: 0.0001034 seconds
[2022-06-13T03:00:35.629+0000][1][safepoint    ] Application time: 0.0000467 seconds
[2022-06-13T03:00:35.629+0000][1][safepoint    ] Entering safepoint region: RevokeBias
[2022-06-13T03:00:35.629+0000][1][safepoint    ] Leaving safepoint region
[2022-06-13T03:00:35.629+0000][1][safepoint    ] Total time for which application threads were stopped: 0.0001883 seconds, Stopping threads took: 0.0000845 seconds
[2022-06-13T03:00:35.629+0000][1][safepoint    ] Application time: 0.0000704 seconds
[2022-06-13T03:00:35.629+0000][1][safepoint    ] Entering safepoint region: RevokeBias
[2022-06-13T03:00:35.629+0000][1][safepoint    ] Leaving safepoint region
[2022-06-13T03:00:35.629+0000][1][safepoint    ] Total time for which application threads were stopped: 0.0002431 seconds, Stopping threads took: 0.0001195 seconds
[2022-06-13T03:00:35.630+0000][1][safepoint    ] Application time: 0.0000515 seconds
[2022-06-13T03:00:35.630+0000][1][safepoint    ] Entering safepoint region: RevokeBias
[2022-06-13T03:00:35.630+0000][1][safepoint    ] Leaving safepoint region
[2022-06-13T03:00:35.630+0000][1][safepoint    ] Total time for which application threads were stopped: 0.0001947 seconds, Stopping threads took: 0.0000877 seconds
[2022-06-13T03:00:35.630+0000][1][safepoint    ] Application time: 0.0000472 seconds
[2022-06-13T03:00:35.630+0000][1][safepoint    ] Entering safepoint region: RevokeBias
[2022-06-13T03:00:35.630+0000][1][safepoint    ] Leaving safepoint region
[2022-06-13T03:00:35.630+0000][1][safepoint    ] Total time for which application threads were stopped: 0.0001941 seconds, Stopping threads took: 0.0000911 seconds
[2022-06-13T03:00:35.630+0000][1][safepoint    ] Application time: 0.0000498 seconds
[2022-06-13T03:00:35.631+0000][1][safepoint    ] Entering safepoint region: RevokeBias
[2022-06-13T03:00:35.631+0000][1][safepoint    ] Leaving safepoint region
[2022-06-13T03:00:35.631+0000][1][safepoint    ] Total time for which application threads were stopped: 0.0001897 seconds, Stopping threads took: 0.0000846 seconds
[2022-06-13T03:00:35.631+0000][1][safepoint    ] Application time: 0.0000466 seconds
[2022-06-13T03:00:35.631+0000][1][safepoint    ] Entering safepoint region: RevokeBias
[2022-06-13T03:00:35.631+0000][1][safepoint    ] Leaving safepoint region
[2022-06-13T03:00:35.631+0000][1][safepoint    ] Total time for which application threads were stopped: 0.0001950 seconds, Stopping threads took: 0.0000893 seconds
[2022-06-13T03:00:35.631+0000][1][safepoint    ] Application time: 0.0000472 seconds
[2022-06-13T03:00:35.631+0000][1][safepoint    ] Entering safepoint region: RevokeBias
[2022-06-13T03:00:35.632+0000][1][safepoint    ] Leaving safepoint region
[2022-06-13T03:00:35.632+0000][1][safepoint    ] Total time for which application threads were stopped: 0.0002171 seconds, Stopping threads took: 0.0001153 seconds
[2022-06-13T03:00:35.632+0000][1][safepoint    ] Application time: 0.0000468 seconds
[2022-06-13T03:00:35.632+0000][1][safepoint    ] Entering safepoint region: RevokeBias
[2022-06-13T03:00:35.632+0000][1][safepoint    ] Leaving safepoint region
[2022-06-13T03:00:35.632+0000][1][safepoint    ] Total time for which application threads were stopped: 0.0001914 seconds, Stopping threads took: 0.0000877 seconds
[2022-06-13T03:00:35.632+0000][1][safepoint    ] Application time: 0.0000478 seconds
[2022-06-13T03:00:35.632+0000][1][safepoint    ] Entering safepoint region: RevokeBias
[2022-06-13T03:00:35.632+0000][1][safepoint    ] Leaving safepoint region
[2022-06-13T03:00:35.632+0000][1][safepoint    ] Total time for which application threads were stopped: 0.0001949 seconds, Stopping threads took: 0.0000905 seconds
[2022-06-13T03:00:35.633+0000][1][safepoint    ] Application time: 0.0000539 seconds
[2022-06-13T03:00:35.633+0000][1][safepoint    ] Entering safepoint region: BulkRevokeBias
[2022-06-13T03:00:35.633+0000][1][safepoint    ] Leaving safepoint region
[2022-06-13T03:00:35.633+0000][1][safepoint    ] Total time for which application threads were stopped: 0.0002240 seconds, Stopping threads took: 0.0000851 seconds
[2022-06-13T03:00:35.633+0000][1][safepoint    ] Application time: 0.0001230 seconds
[2022-06-13T03:00:35.633+0000][1][safepoint    ] Entering safepoint region: RevokeBias
[2022-06-13T03:00:35.633+0000][1][safepoint    ] Leaving safepoint region
[2022-06-13T03:00:35.633+0000][1][safepoint    ] Total time for which application threads were stopped: 0.0002023 seconds, Stopping threads took: 0.0000903 seconds
[2022-06-13T03:00:35.634+0000][1][safepoint    ] Application time: 0.0000691 seconds
[2022-06-13T03:00:35.634+0000][1][safepoint    ] Entering safepoint region: RevokeBias
[2022-06-13T03:00:35.634+0000][1][safepoint    ] Leaving safepoint region
[2022-06-13T03:00:35.634+0000][1][safepoint    ] Total time for which application threads were stopped: 0.0001852 seconds, Stopping threads took: 0.0000858 seconds
[2022-06-13T03:00:35.634+0000][1][safepoint    ] Application time: 0.0000736 seconds
[2022-06-13T03:00:35.634+0000][1][safepoint    ] Entering safepoint region: RevokeBias
[2022-06-13T03:00:35.634+0000][1][safepoint    ] Leaving safepoint region
[2022-06-13T03:00:35.634+0000][1][safepoint    ] Total time for which application threads were stopped: 0.0002090 seconds, Stopping threads took: 0.0000999 seconds
[2022-06-13T03:00:35.634+0000][1][safepoint    ] Application time: 0.0000855 seconds
[2022-06-13T03:00:35.635+0000][1][safepoint    ] Entering safepoint region: RevokeBias
[2022-06-13T03:00:35.635+0000][1][safepoint    ] Leaving safepoint region
[2022-06-13T03:00:35.635+0000][1][safepoint    ] Total time for which application threads were stopped: 0.0002236 seconds, Stopping threads took: 0.0001072 seconds
[2022-06-13T03:00:35.635+0000][1][safepoint    ] Application time: 0.0000732 seconds
[2022-06-13T03:00:35.635+0000][1][safepoint    ] Entering safepoint region: RevokeBias
[2022-06-13T03:00:35.635+0000][1][safepoint    ] Leaving safepoint region
[2022-06-13T03:00:35.635+0000][1][safepoint    ] Total time for which application threads were stopped: 0.0002114 seconds, Stopping threads took: 0.0000870 seconds
[2022-06-13T03:00:35.635+0000][1][safepoint    ] Application time: 0.0000626 seconds
[2022-06-13T03:00:35.635+0000][1][safepoint    ] Entering safepoint region: RevokeBias
[2022-06-13T03:00:35.636+0000][1][safepoint    ] Leaving safepoint region
[2022-06-13T03:00:35.636+0000][1][safepoint    ] Total time for which application threads were stopped: 0.0002142 seconds, Stopping threads took: 0.0000894 seconds
[2022-06-13T03:00:35.636+0000][1][safepoint    ] Application time: 0.0000641 seconds
[2022-06-13T03:00:35.636+0000][1][safepoint    ] Entering safepoint region: RevokeBias
[2022-06-13T03:00:35.636+0000][1][safepoint    ] Leaving safepoint region
[2022-06-13T03:00:35.636+0000][1][safepoint    ] Total time for which application threads were stopped: 0.0002057 seconds, Stopping threads took: 0.0000879 seconds
[2022-06-13T03:00:35.636+0000][1][safepoint    ] Application time: 0.0000682 seconds
[2022-06-13T03:00:35.636+0000][1][safepoint    ] Entering safepoint region: RevokeBias
[2022-06-13T03:00:35.637+0000][1][safepoint    ] Leaving safepoint region
[2022-06-13T03:00:35.637+0000][1][safepoint    ] Total time for which application threads were stopped: 0.0003065 seconds, Stopping threads took: 0.0001766 seconds
[2022-06-13T03:00:35.637+0000][1][safepoint    ] Application time: 0.0000571 seconds
[2022-06-13T03:00:35.637+0000][1][safepoint    ] Entering safepoint region: RevokeBias
[2022-06-13T03:00:35.637+0000][1][safepoint    ] Leaving safepoint region
[2022-06-13T03:00:35.637+0000][1][safepoint    ] Total time for which application threads were stopped: 0.0001862 seconds, Stopping threads took: 0.0000820 seconds
[2022-06-13T03:00:35.637+0000][1][safepoint    ] Application time: 0.0000460 seconds
[2022-06-13T03:00:35.637+0000][1][safepoint    ] Entering safepoint region: RevokeBias
[2022-06-13T03:00:35.637+0000][1][safepoint    ] Leaving safepoint region
[2022-06-13T03:00:35.637+0000][1][safepoint    ] Total time for which application threads were stopped: 0.0002118 seconds, Stopping threads took: 0.0000843 seconds
[2022-06-13T03:00:35.638+0000][1][safepoint    ] Application time: 0.0000458 seconds
[2022-06-13T03:00:35.638+0000][1][safepoint    ] Entering safepoint region: RevokeBias
[2022-06-13T03:00:35.638+0000][1][safepoint    ] Leaving safepoint region
[2022-06-13T03:00:35.638+0000][1][safepoint    ] Total time for which application threads were stopped: 0.0001830 seconds, Stopping threads took: 0.0000807 seconds
[2022-06-13T03:00:35.638+0000][1][safepoint    ] Application time: 0.0000504 seconds
[2022-06-13T03:00:35.638+0000][1][safepoint    ] Entering safepoint region: RevokeBias
[2022-06-13T03:00:35.638+0000][1][safepoint    ] Leaving safepoint region
[2022-06-13T03:00:35.638+0000][1][safepoint    ] Total time for which application threads were stopped: 0.0001877 seconds, Stopping threads took: 0.0000832 seconds
[2022-06-13T03:00:35.638+0000][1][safepoint    ] Application time: 0.0000588 seconds
[2022-06-13T03:00:35.639+0000][1][safepoint    ] Entering safepoint region: RevokeBias
[2022-06-13T03:00:35.639+0000][1][safepoint    ] Leaving safepoint region
[2022-06-13T03:00:35.639+0000][1][safepoint    ] Total time for which application threads were stopped: 0.0001784 seconds, Stopping threads took: 0.0000823 seconds
[2022-06-13T03:00:35.639+0000][1][safepoint    ] Application time: 0.0000447 seconds
[2022-06-13T03:00:35.639+0000][1][safepoint    ] Entering safepoint region: RevokeBias
[2022-06-13T03:00:35.639+0000][1][safepoint    ] Leaving safepoint region
[2022-06-13T03:00:35.639+0000][1][safepoint    ] Total time for which application threads were stopped: 0.0003323 seconds, Stopping threads took: 0.0000836 seconds
[2022-06-13T03:00:35.639+0000][1][safepoint    ] Application time: 0.0000947 seconds
[2022-06-13T03:00:35.640+0000][1][safepoint    ] Entering safepoint region: RevokeBias
[2022-06-13T03:00:35.640+0000][1][safepoint    ] Leaving safepoint region
[2022-06-13T03:00:35.640+0000][1][safepoint    ] Total time for which application threads were stopped: 0.0002480 seconds, Stopping threads took: 0.0001214 seconds
[2022-06-13T03:00:35.640+0000][1][safepoint    ] Application time: 0.0000516 seconds
[2022-06-13T03:00:35.640+0000][1][safepoint    ] Entering safepoint region: RevokeBias
[2022-06-13T03:00:35.640+0000][1][safepoint    ] Leaving safepoint region
[2022-06-13T03:00:35.640+0000][1][safepoint    ] Total time for which application threads were stopped: 0.0001898 seconds, Stopping threads took: 0.0000826 seconds
[2022-06-13T03:00:35.640+0000][1][safepoint    ] Application time: 0.0000447 seconds
[2022-06-13T03:00:35.640+0000][1][safepoint    ] Entering safepoint region: RevokeBias
[2022-06-13T03:00:35.641+0000][1][safepoint    ] Leaving safepoint region
[2022-06-13T03:00:35.641+0000][1][safepoint    ] Total time for which application threads were stopped: 0.0002040 seconds, Stopping threads took: 0.0000810 seconds
[2022-06-13T03:00:35.641+0000][1][safepoint    ] Application time: 0.0000428 seconds
[2022-06-13T03:00:35.641+0000][1][safepoint    ] Entering safepoint region: RevokeBias
[2022-06-13T03:00:35.641+0000][1][safepoint    ] Leaving safepoint region
[2022-06-13T03:00:35.641+0000][1][safepoint    ] Total time for which application threads were stopped: 0.0001741 seconds, Stopping threads took: 0.0000810 seconds
[2022-06-13T03:00:35.641+0000][1][safepoint    ] Application time: 0.0000434 seconds
[2022-06-13T03:00:35.641+0000][1][safepoint    ] Entering safepoint region: RevokeBias
[2022-06-13T03:00:35.641+0000][1][safepoint    ] Leaving safepoint region
[2022-06-13T03:00:35.641+0000][1][safepoint    ] Total time for which application threads were stopped: 0.0001819 seconds, Stopping threads took: 0.0000862 seconds
[2022-06-13T03:00:35.642+0000][1][safepoint    ] Application time: 0.0000461 seconds
[2022-06-13T03:00:35.642+0000][1][safepoint    ] Entering safepoint region: RevokeBias
[2022-06-13T03:00:35.642+0000][1][safepoint    ] Leaving safepoint region
[2022-06-13T03:00:35.642+0000][1][safepoint    ] Total time for which application threads were stopped: 0.0001875 seconds, Stopping threads took: 0.0000845 seconds
[2022-06-13T03:00:35.642+0000][1][safepoint    ] Application time: 0.0000452 seconds
[2022-06-13T03:00:35.642+0000][1][safepoint    ] Entering safepoint region: RevokeBias
[2022-06-13T03:00:35.642+0000][1][safepoint    ] Leaving safepoint region
[2022-06-13T03:00:35.642+0000][1][safepoint    ] Total time for which application threads were stopped: 0.0002090 seconds, Stopping threads took: 0.0000896 seconds
[2022-06-13T03:00:35.642+0000][1][safepoint    ] Application time: 0.0000459 seconds
[2022-06-13T03:00:35.643+0000][1][safepoint    ] Entering safepoint region: RevokeBias
[2022-06-13T03:00:35.643+0000][1][safepoint    ] Leaving safepoint region
[2022-06-13T03:00:35.643+0000][1][safepoint    ] Total time for which application threads were stopped: 0.0002309 seconds, Stopping threads took: 0.0001022 seconds
[2022-06-13T03:00:35.643+0000][1][safepoint    ] Application time: 0.0000455 seconds
[2022-06-13T03:00:35.643+0000][1][safepoint    ] Entering safepoint region: RevokeBias
[2022-06-13T03:00:35.643+0000][1][safepoint    ] Leaving safepoint region
[2022-06-13T03:00:35.643+0000][1][safepoint    ] Total time for which application threads were stopped: 0.0001928 seconds, Stopping threads took: 0.0000874 seconds
[2022-06-13T03:00:35.643+0000][1][safepoint    ] Application time: 0.0000453 seconds
[2022-06-13T03:00:35.643+0000][1][safepoint    ] Entering safepoint region: RevokeBias
[2022-06-13T03:00:35.643+0000][1][safepoint    ] Leaving safepoint region
[2022-06-13T03:00:35.644+0000][1][safepoint    ] Total time for which application threads were stopped: 0.0002221 seconds, Stopping threads took: 0.0000908 seconds
[2022-06-13T03:00:35.644+0000][1][safepoint    ] Application time: 0.0000565 seconds
[2022-06-13T03:00:35.644+0000][1][safepoint    ] Entering safepoint region: BulkRevokeBias
[2022-06-13T03:00:35.644+0000][1][safepoint    ] Leaving safepoint region
[2022-06-13T03:00:35.644+0000][1][safepoint    ] Total time for which application threads were stopped: 0.0002583 seconds, Stopping threads took: 0.0000864 seconds
[2022-06-13T03:00:35.644+0000][1][safepoint    ] Application time: 0.0002195 seconds
[2022-06-13T03:00:35.645+0000][1][safepoint    ] Entering safepoint region: RevokeBias
[2022-06-13T03:00:35.645+0000][1][safepoint    ] Leaving safepoint region
[2022-06-13T03:00:35.645+0000][1][safepoint    ] Total time for which application threads were stopped: 0.0003134 seconds, Stopping threads took: 0.0001894 seconds
[2022-06-13T03:00:35.645+0000][1][safepoint    ] Application time: 0.0000924 seconds
[2022-06-13T03:00:35.645+0000][1][safepoint    ] Entering safepoint region: RevokeBias
[2022-06-13T03:00:35.645+0000][1][safepoint    ] Leaving safepoint region
[2022-06-13T03:00:35.645+0000][1][safepoint    ] Total time for which application threads were stopped: 0.0002205 seconds, Stopping threads took: 0.0001024 seconds
[2022-06-13T03:00:35.646+0000][1][safepoint    ] Application time: 0.0001602 seconds
[2022-06-13T03:00:35.646+0000][1][safepoint    ] Entering safepoint region: RevokeBias
[2022-06-13T03:00:35.646+0000][1][safepoint    ] Leaving safepoint region
[2022-06-13T03:00:35.646+0000][1][safepoint    ] Total time for which application threads were stopped: 0.0002371 seconds, Stopping threads took: 0.0001119 seconds
[2022-06-13T03:00:35.646+0000][1][safepoint    ] Application time: 0.0000849 seconds
[2022-06-13T03:00:35.646+0000][1][safepoint    ] Entering safepoint region: RevokeBias
[2022-06-13T03:00:35.647+0000][1][safepoint    ] Leaving safepoint region
[2022-06-13T03:00:35.647+0000][1][safepoint    ] Total time for which application threads were stopped: 0.0004169 seconds, Stopping threads took: 0.0002923 seconds
[2022-06-13T03:00:35.647+0000][1][safepoint    ] Application time: 0.0000634 seconds
[2022-06-13T03:00:35.647+0000][1][safepoint    ] Entering safepoint region: RevokeBias
[2022-06-13T03:00:35.647+0000][1][safepoint    ] Leaving safepoint region
[2022-06-13T03:00:35.647+0000][1][safepoint    ] Total time for which application threads were stopped: 0.0002636 seconds, Stopping threads took: 0.0001533 seconds
[2022-06-13T03:00:35.647+0000][1][safepoint    ] Application time: 0.0000579 seconds
[2022-06-13T03:00:35.647+0000][1][safepoint    ] Entering safepoint region: RevokeBias
[2022-06-13T03:00:35.648+0000][1][safepoint    ] Leaving safepoint region
[2022-06-13T03:00:35.648+0000][1][safepoint    ] Total time for which application threads were stopped: 0.0002830 seconds, Stopping threads took: 0.0001602 seconds
[2022-06-13T03:00:35.648+0000][1][safepoint    ] Application time: 0.0003435 seconds
[2022-06-13T03:00:35.648+0000][1][safepoint    ] Entering safepoint region: RevokeBias
[2022-06-13T03:00:35.648+0000][1][safepoint    ] Leaving safepoint region
[2022-06-13T03:00:35.649+0000][1][safepoint    ] Total time for which application threads were stopped: 0.0002187 seconds, Stopping threads took: 0.0001049 seconds
[2022-06-13T03:00:35.649+0000][1][safepoint    ] Application time: 0.0001481 seconds
[2022-06-13T03:00:35.649+0000][1][safepoint    ] Entering safepoint region: RevokeBias
[2022-06-13T03:00:35.649+0000][1][safepoint    ] Leaving safepoint region
[2022-06-13T03:00:35.649+0000][1][safepoint    ] Total time for which application threads were stopped: 0.0003126 seconds, Stopping threads took: 0.0000913 seconds
[2022-06-13T03:00:35.650+0000][1][safepoint    ] Application time: 0.0002716 seconds
[2022-06-13T03:00:35.650+0000][1][safepoint    ] Entering safepoint region: RevokeBias
[2022-06-13T03:00:35.650+0000][1][safepoint    ] Leaving safepoint region
[2022-06-13T03:00:35.650+0000][1][safepoint    ] Total time for which application threads were stopped: 0.0002618 seconds, Stopping threads took: 0.0001400 seconds
[2022-06-13T03:00:35.650+0000][1][safepoint    ] Application time: 0.0001866 seconds
[2022-06-13T03:00:35.650+0000][1][safepoint    ] Entering safepoint region: RevokeBias
[2022-06-13T03:00:35.650+0000][1][safepoint    ] Leaving safepoint region
[2022-06-13T03:00:35.651+0000][1][safepoint    ] Total time for which application threads were stopped: 0.0001983 seconds, Stopping threads took: 0.0000871 seconds
[2022-06-13T03:00:35.651+0000][1][safepoint    ] Application time: 0.0001861 seconds
[2022-06-13T03:00:35.651+0000][1][safepoint    ] Entering safepoint region: RevokeBias
[2022-06-13T03:00:35.651+0000][1][safepoint    ] Leaving safepoint region
[2022-06-13T03:00:35.651+0000][1][safepoint    ] Total time for which application threads were stopped: 0.0002349 seconds, Stopping threads took: 0.0001268 seconds
[2022-06-13T03:00:35.651+0000][1][safepoint    ] Application time: 0.0000963 seconds
[2022-06-13T03:00:35.651+0000][1][safepoint    ] Entering safepoint region: RevokeBias
[2022-06-13T03:00:35.652+0000][1][safepoint    ] Leaving safepoint region
[2022-06-13T03:00:35.652+0000][1][safepoint    ] Total time for which application threads were stopped: 0.0002271 seconds, Stopping threads took: 0.0001047 seconds
[2022-06-13T03:00:35.652+0000][1][safepoint    ] Application time: 0.0001891 seconds
[2022-06-13T03:00:35.652+0000][1][safepoint    ] Entering safepoint region: RevokeBias
[2022-06-13T03:00:35.652+0000][1][safepoint    ] Leaving safepoint region
[2022-06-13T03:00:35.652+0000][1][safepoint    ] Total time for which application threads were stopped: 0.0002141 seconds, Stopping threads took: 0.0001008 seconds
[2022-06-13T03:00:35.652+0000][1][safepoint    ] Application time: 0.0000821 seconds
[2022-06-13T03:00:35.653+0000][1][safepoint    ] Entering safepoint region: RevokeBias
[2022-06-13T03:00:35.653+0000][1][safepoint    ] Leaving safepoint region
[2022-06-13T03:00:35.653+0000][1][safepoint    ] Total time for which application threads were stopped: 0.0002645 seconds, Stopping threads took: 0.0001406 seconds
[2022-06-13T03:00:35.653+0000][1][safepoint    ] Application time: 0.0000978 seconds
[2022-06-13T03:00:35.653+0000][1][safepoint    ] Entering safepoint region: BulkRevokeBias
[2022-06-13T03:00:35.653+0000][1][safepoint    ] Leaving safepoint region
[2022-06-13T03:00:35.653+0000][1][safepoint    ] Total time for which application threads were stopped: 0.0003067 seconds, Stopping threads took: 0.0001601 seconds
[2022-06-13T03:00:35.654+0000][1][safepoint    ] Application time: 0.0000969 seconds
[2022-06-13T03:00:35.654+0000][1][safepoint    ] Entering safepoint region: RevokeBias
[2022-06-13T03:00:35.654+0000][1][safepoint    ] Leaving safepoint region
[2022-06-13T03:00:35.654+0000][1][safepoint    ] Total time for which application threads were stopped: 0.0002383 seconds, Stopping threads took: 0.0001036 seconds
[2022-06-13T03:00:35.654+0000][1][safepoint    ] Application time: 0.0002104 seconds
[2022-06-13T03:00:35.654+0000][1][safepoint    ] Entering safepoint region: RevokeBias
[2022-06-13T03:00:35.655+0000][1][safepoint    ] Leaving safepoint region
[2022-06-13T03:00:35.655+0000][1][safepoint    ] Total time for which application threads were stopped: 0.0005365 seconds, Stopping threads took: 0.0003277 seconds
[2022-06-13T03:00:35.656+0000][1][safepoint    ] Application time: 0.0009229 seconds
[2022-06-13T03:00:35.656+0000][1][safepoint    ] Entering safepoint region: RevokeBias
[2022-06-13T03:00:35.657+0000][1][safepoint    ] Leaving safepoint region
[2022-06-13T03:00:35.657+0000][1][safepoint    ] Total time for which application threads were stopped: 0.0006079 seconds, Stopping threads took: 0.0004642 seconds
[2022-06-13T03:00:35.657+0000][1][safepoint    ] Application time: 0.0000739 seconds
[2022-06-13T03:00:35.657+0000][1][safepoint    ] Entering safepoint region: RevokeBias
[2022-06-13T03:00:35.657+0000][1][safepoint    ] Leaving safepoint region
[2022-06-13T03:00:35.657+0000][1][safepoint    ] Total time for which application threads were stopped: 0.0002224 seconds, Stopping threads took: 0.0001073 seconds
[2022-06-13T03:00:35.658+0000][1][safepoint    ] Application time: 0.0011252 seconds
[2022-06-13T03:00:35.659+0000][1][safepoint    ] Entering safepoint region: GenCollectForAllocation
[2022-06-13T03:00:35.659+0000][1][gc,start     ] GC(19) Pause Young (Allocation Failure)
[2022-06-13T03:00:35.659+0000][1][gc,task      ] GC(19) Using 5 workers of 13 for evacuation
[2022-06-13T03:00:35.662+0000][1][gc,age       ] GC(19) Desired survivor size 4456448 bytes, new threshold 2 (max threshold 6)
[2022-06-13T03:00:35.663+0000][1][gc,age       ] GC(19) Age table with threshold 2 (max threshold 6)
[2022-06-13T03:00:35.663+0000][1][gc,age       ] GC(19) - age   1:    3078984 bytes,    3078984 total
[2022-06-13T03:00:35.663+0000][1][gc,age       ] GC(19) - age   2:    3664264 bytes,    6743248 total
[2022-06-13T03:00:35.663+0000][1][gc,age       ] GC(19) - age   3:     385800 bytes,    7129048 total
[2022-06-13T03:00:35.663+0000][1][gc,heap      ] GC(19) ParNew: 75071K->8481K(78656K)
[2022-06-13T03:00:35.663+0000][1][gc,heap      ] GC(19) CMS: 55319K->55319K(174784K)
[2022-06-13T03:00:35.663+0000][1][gc,metaspace ] GC(19) Metaspace: 47127K->47127K(1093632K)
[2022-06-13T03:00:35.663+0000][1][gc           ] GC(19) Pause Young (Allocation Failure) 127M->62M(247M) 4.455ms
[2022-06-13T03:00:35.663+0000][1][gc,cpu       ] GC(19) User=0.01s Sys=0.00s Real=0.01s
[2022-06-13T03:00:35.663+0000][1][safepoint    ] Leaving safepoint region
[2022-06-13T03:00:35.664+0000][1][safepoint    ] Total time for which application threads were stopped: 0.0049913 seconds, Stopping threads took: 0.0001611 seconds
[2022-06-13T03:00:35.664+0000][1][safepoint    ] Application time: 0.0001420 seconds
[2022-06-13T03:00:35.664+0000][1][safepoint    ] Entering safepoint region: RevokeBias
[2022-06-13T03:00:35.664+0000][1][safepoint    ] Leaving safepoint region
[2022-06-13T03:00:35.664+0000][1][safepoint    ] Total time for which application threads were stopped: 0.0003098 seconds, Stopping threads took: 0.0001971 seconds
[2022-06-13T03:00:35.664+0000][1][safepoint    ] Application time: 0.0002133 seconds
[2022-06-13T03:00:35.665+0000][1][safepoint    ] Entering safepoint region: RevokeBias
[2022-06-13T03:00:35.665+0000][1][safepoint    ] Leaving safepoint region
[2022-06-13T03:00:35.665+0000][1][safepoint    ] Total time for which application threads were stopped: 0.0002776 seconds, Stopping threads took: 0.0001459 seconds
[2022-06-13T03:00:35.784+0000][1][safepoint    ] Application time: 0.1192762 seconds
[2022-06-13T03:00:35.785+0000][1][safepoint    ] Entering safepoint region: RevokeBias
[2022-06-13T03:00:35.785+0000][1][safepoint    ] Leaving safepoint region
[2022-06-13T03:00:35.785+0000][1][safepoint    ] Total time for which application threads were stopped: 0.0006447 seconds, Stopping threads took: 0.0002831 seconds
[2022-06-13T03:00:35.967+0000][1][safepoint    ] Application time: 0.1815972 seconds
[2022-06-13T03:00:35.968+0000][1][safepoint    ] Entering safepoint region: GenCollectForAllocation
[2022-06-13T03:00:35.968+0000][1][gc,start     ] GC(20) Pause Young (Allocation Failure)
[2022-06-13T03:00:35.968+0000][1][gc,task      ] GC(20) Using 5 workers of 13 for evacuation
[2022-06-13T03:00:35.974+0000][1][gc,age       ] GC(20) Desired survivor size 4456448 bytes, new threshold 2 (max threshold 6)
[2022-06-13T03:00:35.975+0000][1][gc,age       ] GC(20) Age table with threshold 2 (max threshold 6)
[2022-06-13T03:00:35.975+0000][1][gc,age       ] GC(20) - age   1:    1533904 bytes,    1533904 total
[2022-06-13T03:00:35.976+0000][1][gc,age       ] GC(20) - age   2:    3018712 bytes,    4552616 total
[2022-06-13T03:00:35.976+0000][1][gc,heap      ] GC(20) ParNew: 78433K->7325K(78656K)
[2022-06-13T03:00:35.976+0000][1][gc,heap      ] GC(20) CMS: 55319K->59380K(174784K)
[2022-06-13T03:00:35.977+0000][1][gc,metaspace ] GC(20) Metaspace: 53551K->53551K(1097728K)
[2022-06-13T03:00:35.977+0000][1][gc           ] GC(20) Pause Young (Allocation Failure) 130M->65M(247M) 9.136ms
[2022-06-13T03:00:35.978+0000][1][gc,cpu       ] GC(20) User=0.03s Sys=0.00s Real=0.01s
[2022-06-13T03:00:35.978+0000][1][safepoint    ] Leaving safepoint region
[2022-06-13T03:00:35.978+0000][1][safepoint    ] Total time for which application threads were stopped: 0.0106384 seconds, Stopping threads took: 0.0003914 seconds
[2022-06-13T03:00:35.987+0000][1][safepoint    ] Application time: 0.0089103 seconds
[2022-06-13T03:00:35.988+0000][1][safepoint    ] Entering safepoint region: Deoptimize
[2022-06-13T03:00:35.988+0000][1][safepoint    ] Leaving safepoint region
[2022-06-13T03:00:35.989+0000][1][safepoint    ] Total time for which application threads were stopped: 0.0008649 seconds, Stopping threads took: 0.0002038 seconds
[2022-06-13T03:00:36.192+0000][1][safepoint    ] Application time: 0.2036204 seconds
[2022-06-13T03:00:36.193+0000][1][safepoint    ] Entering safepoint region: Deoptimize
[2022-06-13T03:00:36.194+0000][1][safepoint    ] Leaving safepoint region
[2022-06-13T03:00:36.194+0000][1][safepoint    ] Total time for which application threads were stopped: 0.0015676 seconds, Stopping threads took: 0.0003028 seconds
[2022-06-13T03:00:36.215+0000][1][safepoint    ] Application time: 0.0205984 seconds
[2022-06-13T03:00:36.216+0000][1][safepoint    ] Entering safepoint region: RevokeBias
[2022-06-13T03:00:36.216+0000][1][safepoint    ] Leaving safepoint region
[2022-06-13T03:00:36.216+0000][1][safepoint    ] Total time for which application threads were stopped: 0.0008841 seconds, Stopping threads took: 0.0004316 seconds
[2022-06-13T03:00:36.217+0000][1][safepoint    ] Application time: 0.0001696 seconds
[2022-06-13T03:00:36.217+0000][1][safepoint    ] Entering safepoint region: RevokeBias
[2022-06-13T03:00:36.217+0000][1][safepoint    ] Leaving safepoint region
[2022-06-13T03:00:36.218+0000][1][safepoint    ] Total time for which application threads were stopped: 0.0004792 seconds, Stopping threads took: 0.0002168 seconds
[2022-06-13T03:00:36.218+0000][1][safepoint    ] Application time: 0.0001425 seconds
[2022-06-13T03:00:36.218+0000][1][safepoint    ] Entering safepoint region: RevokeBias
[2022-06-13T03:00:36.219+0000][1][safepoint    ] Leaving safepoint region
[2022-06-13T03:00:36.219+0000][1][safepoint    ] Total time for which application threads were stopped: 0.0005646 seconds, Stopping threads took: 0.0002909 seconds
[2022-06-13T03:00:36.221+0000][1][safepoint    ] Application time: 0.0014606 seconds
[2022-06-13T03:00:36.221+0000][1][safepoint    ] Entering safepoint region: RevokeBias
[2022-06-13T03:00:36.221+0000][1][safepoint    ] Leaving safepoint region
[2022-06-13T03:00:36.222+0000][1][safepoint    ] Total time for which application threads were stopped: 0.0007304 seconds, Stopping threads took: 0.0003235 seconds
[2022-06-13T03:00:36.295+0000][1][safepoint    ] Application time: 0.0729157 seconds
[2022-06-13T03:00:36.295+0000][1][safepoint    ] Entering safepoint region: RevokeBias
[2022-06-13T03:00:36.296+0000][1][safepoint    ] Leaving safepoint region
[2022-06-13T03:00:36.297+0000][1][safepoint    ] Total time for which application threads were stopped: 0.0014312 seconds, Stopping threads took: 0.0003147 seconds
[2022-06-13T03:00:36.327+0000][1][safepoint    ] Application time: 0.0301645 seconds
[2022-06-13T03:00:36.327+0000][1][safepoint    ] Entering safepoint region: Deoptimize
[2022-06-13T03:00:36.328+0000][1][safepoint    ] Leaving safepoint region
[2022-06-13T03:00:36.328+0000][1][safepoint    ] Total time for which application threads were stopped: 0.0010062 seconds, Stopping threads took: 0.0002697 seconds
[2022-06-13T03:00:36.486+0000][1][safepoint    ] Application time: 0.1576976 seconds
[2022-06-13T03:00:36.487+0000][1][safepoint    ] Entering safepoint region: RevokeBias
[2022-06-13T03:00:36.487+0000][1][safepoint    ] Leaving safepoint region
[2022-06-13T03:00:36.487+0000][1][safepoint    ] Total time for which application threads were stopped: 0.0007410 seconds, Stopping threads took: 0.0003464 seconds
[2022-06-13T03:00:36.488+0000][1][safepoint    ] Application time: 0.0001209 seconds
[2022-06-13T03:00:36.488+0000][1][safepoint    ] Entering safepoint region: RevokeBias
[2022-06-13T03:00:36.489+0000][1][safepoint    ] Leaving safepoint region
[2022-06-13T03:00:36.489+0000][1][safepoint    ] Total time for which application threads were stopped: 0.0005725 seconds, Stopping threads took: 0.0002749 seconds
[2022-06-13T03:00:36.529+0000][1][safepoint    ] Application time: 0.0396637 seconds
[2022-06-13T03:00:36.529+0000][1][safepoint    ] Entering safepoint region: GenCollectForAllocation
[2022-06-13T03:00:36.529+0000][1][gc,start     ] GC(21) Pause Young (Allocation Failure)
[2022-06-13T03:00:36.530+0000][1][gc,task      ] GC(21) Using 5 workers of 13 for evacuation
[2022-06-13T03:00:36.536+0000][1][gc,age       ] GC(21) Desired survivor size 4456448 bytes, new threshold 2 (max threshold 6)
[2022-06-13T03:00:36.536+0000][1][gc,age       ] GC(21) Age table with threshold 2 (max threshold 6)
[2022-06-13T03:00:36.537+0000][1][gc,age       ] GC(21) - age   1:    3711808 bytes,    3711808 total
[2022-06-13T03:00:36.537+0000][1][gc,age       ] GC(21) - age   2:    1439944 bytes,    5151752 total
[2022-06-13T03:00:36.538+0000][1][gc,heap      ] GC(21) ParNew: 77277K->6804K(78656K)
[2022-06-13T03:00:36.538+0000][1][gc,heap      ] GC(21) CMS: 59380K->62392K(174784K)
[2022-06-13T03:00:36.538+0000][1][gc,metaspace ] GC(21) Metaspace: 61257K->61257K(1105920K)
[2022-06-13T03:00:36.539+0000][1][gc           ] GC(21) Pause Young (Allocation Failure) 133M->67M(247M) 9.206ms
[2022-06-13T03:00:36.539+0000][1][gc,cpu       ] GC(21) User=0.03s Sys=0.00s Real=0.00s
[2022-06-13T03:00:36.539+0000][1][safepoint    ] Leaving safepoint region
[2022-06-13T03:00:36.540+0000][1][safepoint    ] Total time for which application threads were stopped: 0.0107179 seconds, Stopping threads took: 0.0003508 seconds
[2022-06-13T03:00:36.550+0000][1][safepoint    ] Application time: 0.0103637 seconds
[2022-06-13T03:00:36.551+0000][1][safepoint    ] Entering safepoint region: RevokeBias
[2022-06-13T03:00:36.552+0000][1][safepoint    ] Leaving safepoint region
[2022-06-13T03:00:36.552+0000][1][safepoint    ] Total time for which application threads were stopped: 0.0011080 seconds, Stopping threads took: 0.0006194 seconds
[2022-06-13T03:00:36.553+0000][1][safepoint    ] Application time: 0.0001770 seconds
[2022-06-13T03:00:36.553+0000][1][safepoint    ] Entering safepoint region: RevokeBias
[2022-06-13T03:00:36.554+0000][1][safepoint    ] Leaving safepoint region
[2022-06-13T03:00:36.554+0000][1][safepoint    ] Total time for which application threads were stopped: 0.0008239 seconds, Stopping threads took: 0.0004447 seconds
[2022-06-13T03:00:36.555+0000][1][safepoint    ] Application time: 0.0001980 seconds
[2022-06-13T03:00:36.555+0000][1][safepoint    ] Entering safepoint region: RevokeBias
[2022-06-13T03:00:36.556+0000][1][safepoint    ] Leaving safepoint region
[2022-06-13T03:00:36.556+0000][1][safepoint    ] Total time for which application threads were stopped: 0.0009400 seconds, Stopping threads took: 0.0005368 seconds
[2022-06-13T03:00:36.557+0000][1][safepoint    ] Application time: 0.0002388 seconds
[2022-06-13T03:00:36.557+0000][1][safepoint    ] Entering safepoint region: RevokeBias
[2022-06-13T03:00:36.557+0000][1][safepoint    ] Leaving safepoint region
[2022-06-13T03:00:36.558+0000][1][safepoint    ] Total time for which application threads were stopped: 0.0005696 seconds, Stopping threads took: 0.0002864 seconds
[2022-06-13T03:00:36.558+0000][1][safepoint    ] Application time: 0.0001594 seconds
[2022-06-13T03:00:36.558+0000][1][safepoint    ] Entering safepoint region: RevokeBias
[2022-06-13T03:00:36.559+0000][1][safepoint    ] Leaving safepoint region
[2022-06-13T03:00:36.559+0000][1][safepoint    ] Total time for which application threads were stopped: 0.0005562 seconds, Stopping threads took: 0.0002761 seconds
[2022-06-13T03:00:36.559+0000][1][safepoint    ] Application time: 0.0001008 seconds
[2022-06-13T03:00:36.560+0000][1][safepoint    ] Entering safepoint region: RevokeBias
[2022-06-13T03:00:36.560+0000][1][safepoint    ] Leaving safepoint region
[2022-06-13T03:00:36.560+0000][1][safepoint    ] Total time for which application threads were stopped: 0.0004989 seconds, Stopping threads took: 0.0002610 seconds
[2022-06-13T03:00:36.561+0000][1][safepoint    ] Application time: 0.0001725 seconds
[2022-06-13T03:00:36.561+0000][1][safepoint    ] Entering safepoint region: RevokeBias
[2022-06-13T03:00:36.561+0000][1][safepoint    ] Leaving safepoint region
[2022-06-13T03:00:36.561+0000][1][safepoint    ] Total time for which application threads were stopped: 0.0002599 seconds, Stopping threads took: 0.0001714 seconds
[2022-06-13T03:00:36.561+0000][1][safepoint    ] Application time: 0.0000830 seconds
[2022-06-13T03:00:36.562+0000][1][safepoint    ] Entering safepoint region: RevokeBias
[2022-06-13T03:00:36.562+0000][1][safepoint    ] Leaving safepoint region
[2022-06-13T03:00:36.562+0000][1][safepoint    ] Total time for which application threads were stopped: 0.0002728 seconds, Stopping threads took: 0.0000959 seconds
[2022-06-13T03:00:36.562+0000][1][safepoint    ] Application time: 0.0000748 seconds
[2022-06-13T03:00:36.562+0000][1][safepoint    ] Entering safepoint region: RevokeBias
[2022-06-13T03:00:36.562+0000][1][safepoint    ] Leaving safepoint region
[2022-06-13T03:00:36.562+0000][1][safepoint    ] Total time for which application threads were stopped: 0.0002304 seconds, Stopping threads took: 0.0001336 seconds
[2022-06-13T03:00:36.563+0000][1][safepoint    ] Application time: 0.0000667 seconds
[2022-06-13T03:00:36.563+0000][1][safepoint    ] Entering safepoint region: RevokeBias
[2022-06-13T03:00:36.563+0000][1][safepoint    ] Leaving safepoint region
[2022-06-13T03:00:36.563+0000][1][safepoint    ] Total time for which application threads were stopped: 0.0002283 seconds, Stopping threads took: 0.0001300 seconds
[2022-06-13T03:00:36.563+0000][1][safepoint    ] Application time: 0.0000675 seconds
[2022-06-13T03:00:36.563+0000][1][safepoint    ] Entering safepoint region: RevokeBias
[2022-06-13T03:00:36.563+0000][1][safepoint    ] Leaving safepoint region
[2022-06-13T03:00:36.564+0000][1][safepoint    ] Total time for which application threads were stopped: 0.0002490 seconds, Stopping threads took: 0.0001263 seconds
[2022-06-13T03:00:36.564+0000][1][safepoint    ] Application time: 0.0000546 seconds
[2022-06-13T03:00:36.564+0000][1][safepoint    ] Entering safepoint region: RevokeBias
[2022-06-13T03:00:36.564+0000][1][safepoint    ] Leaving safepoint region
[2022-06-13T03:00:36.564+0000][1][safepoint    ] Total time for which application threads were stopped: 0.0002418 seconds, Stopping threads took: 0.0001176 seconds
[2022-06-13T03:00:36.564+0000][1][safepoint    ] Application time: 0.0000664 seconds
[2022-06-13T03:00:36.564+0000][1][safepoint    ] Entering safepoint region: RevokeBias
[2022-06-13T03:00:36.564+0000][1][safepoint    ] Leaving safepoint region
[2022-06-13T03:00:36.564+0000][1][safepoint    ] Total time for which application threads were stopped: 0.0002242 seconds, Stopping threads took: 0.0001172 seconds
[2022-06-13T03:00:36.565+0000][1][safepoint    ] Application time: 0.0000665 seconds
[2022-06-13T03:00:36.565+0000][1][safepoint    ] Entering safepoint region: RevokeBias
[2022-06-13T03:00:36.565+0000][1][safepoint    ] Leaving safepoint region
[2022-06-13T03:00:36.565+0000][1][safepoint    ] Total time for which application threads were stopped: 0.0002394 seconds, Stopping threads took: 0.0001306 seconds
[2022-06-13T03:00:36.565+0000][1][safepoint    ] Application time: 0.0000540 seconds
[2022-06-13T03:00:36.565+0000][1][safepoint    ] Entering safepoint region: RevokeBias
[2022-06-13T03:00:36.565+0000][1][safepoint    ] Leaving safepoint region
[2022-06-13T03:00:36.565+0000][1][safepoint    ] Total time for which application threads were stopped: 0.0002487 seconds, Stopping threads took: 0.0001307 seconds
[2022-06-13T03:00:36.566+0000][1][safepoint    ] Application time: 0.0000709 seconds
[2022-06-13T03:00:36.566+0000][1][safepoint    ] Entering safepoint region: BulkRevokeBias
[2022-06-13T03:00:36.566+0000][1][safepoint    ] Leaving safepoint region
[2022-06-13T03:00:36.566+0000][1][safepoint    ] Total time for which application threads were stopped: 0.0002898 seconds, Stopping threads took: 0.0001511 seconds
[2022-06-13T03:00:36.567+0000][1][safepoint    ] Application time: 0.0006419 seconds
[2022-06-13T03:00:36.567+0000][1][safepoint    ] Entering safepoint region: RevokeBias
[2022-06-13T03:00:36.567+0000][1][safepoint    ] Leaving safepoint region
[2022-06-13T03:00:36.567+0000][1][safepoint    ] Total time for which application threads were stopped: 0.0003001 seconds, Stopping threads took: 0.0001447 seconds
[2022-06-13T03:00:36.695+0000][1][safepoint    ] Application time: 0.1272156 seconds
[2022-06-13T03:00:36.695+0000][1][safepoint    ] Entering safepoint region: Deoptimize
[2022-06-13T03:00:36.696+0000][1][safepoint    ] Leaving safepoint region
[2022-06-13T03:00:36.696+0000][1][safepoint    ] Total time for which application threads were stopped: 0.0011990 seconds, Stopping threads took: 0.0004063 seconds
[2022-06-13T03:00:36.700+0000][1][safepoint    ] Application time: 0.0037125 seconds
[2022-06-13T03:00:36.701+0000][1][safepoint    ] Entering safepoint region: BulkRevokeBias
[2022-06-13T03:00:36.702+0000][1][safepoint    ] Leaving safepoint region
[2022-06-13T03:00:36.702+0000][1][safepoint    ] Total time for which application threads were stopped: 0.0012920 seconds, Stopping threads took: 0.0006758 seconds
[2022-06-13T03:00:36.703+0000][1][safepoint    ] Application time: 0.0007669 seconds
[2022-06-13T03:00:36.704+0000][1][safepoint    ] Entering safepoint region: RevokeBias
[2022-06-13T03:00:36.704+0000][1][safepoint    ] Leaving safepoint region
[2022-06-13T03:00:36.705+0000][1][safepoint    ] Total time for which application threads were stopped: 0.0009008 seconds, Stopping threads took: 0.0004351 seconds
[2022-06-13T03:00:36.705+0000][1][safepoint    ] Application time: 0.0004111 seconds
[2022-06-13T03:00:36.706+0000][1][safepoint    ] Entering safepoint region: RevokeBias
[2022-06-13T03:00:36.706+0000][1][safepoint    ] Leaving safepoint region
[2022-06-13T03:00:36.707+0000][1][safepoint    ] Total time for which application threads were stopped: 0.0009182 seconds, Stopping threads took: 0.0003962 seconds
[2022-06-13T03:00:36.707+0000][1][safepoint    ] Application time: 0.0002131 seconds
[2022-06-13T03:00:36.708+0000][1][safepoint    ] Entering safepoint region: RevokeBias
[2022-06-13T03:00:36.708+0000][1][safepoint    ] Leaving safepoint region
[2022-06-13T03:00:36.709+0000][1][safepoint    ] Total time for which application threads were stopped: 0.0008537 seconds, Stopping threads took: 0.0004118 seconds
[2022-06-13T03:00:36.709+0000][1][safepoint    ] Application time: 0.0002304 seconds
[2022-06-13T03:00:36.710+0000][1][safepoint    ] Entering safepoint region: RevokeBias
[2022-06-13T03:00:36.710+0000][1][safepoint    ] Leaving safepoint region
[2022-06-13T03:00:36.710+0000][1][safepoint    ] Total time for which application threads were stopped: 0.0006959 seconds, Stopping threads took: 0.0004001 seconds
[2022-06-13T03:00:36.711+0000][1][safepoint    ] Application time: 0.0002164 seconds
[2022-06-13T03:00:36.711+0000][1][safepoint    ] Entering safepoint region: RevokeBias
[2022-06-13T03:00:36.711+0000][1][safepoint    ] Leaving safepoint region
[2022-06-13T03:00:36.712+0000][1][safepoint    ] Total time for which application threads were stopped: 0.0005402 seconds, Stopping threads took: 0.0002793 seconds
[2022-06-13T03:00:36.712+0000][1][safepoint    ] Application time: 0.0001573 seconds
[2022-06-13T03:00:36.712+0000][1][safepoint    ] Entering safepoint region: RevokeBias
[2022-06-13T03:00:36.713+0000][1][safepoint    ] Leaving safepoint region
[2022-06-13T03:00:36.713+0000][1][safepoint    ] Total time for which application threads were stopped: 0.0006320 seconds, Stopping threads took: 0.0003000 seconds
[2022-06-13T03:00:36.713+0000][1][safepoint    ] Application time: 0.0001213 seconds
[2022-06-13T03:00:36.713+0000][1][safepoint    ] Entering safepoint region: RevokeBias
[2022-06-13T03:00:36.714+0000][1][safepoint    ] Leaving safepoint region
[2022-06-13T03:00:36.714+0000][1][safepoint    ] Total time for which application threads were stopped: 0.0002668 seconds, Stopping threads took: 0.0001261 seconds
[2022-06-13T03:00:36.715+0000][1][safepoint    ] Application time: 0.0008426 seconds
[2022-06-13T03:00:36.715+0000][1][safepoint    ] Entering safepoint region: RevokeBias
[2022-06-13T03:00:36.715+0000][1][safepoint    ] Leaving safepoint region
[2022-06-13T03:00:36.715+0000][1][safepoint    ] Total time for which application threads were stopped: 0.0003341 seconds, Stopping threads took: 0.0001617 seconds
[2022-06-13T03:00:36.716+0000][1][safepoint    ] Application time: 0.0001593 seconds
[2022-06-13T03:00:36.716+0000][1][safepoint    ] Entering safepoint region: RevokeBias
[2022-06-13T03:00:36.716+0000][1][safepoint    ] Leaving safepoint region
[2022-06-13T03:00:36.716+0000][1][safepoint    ] Total time for which application threads were stopped: 0.0004706 seconds, Stopping threads took: 0.0002261 seconds
[2022-06-13T03:00:36.718+0000][1][safepoint    ] Application time: 0.0013169 seconds
[2022-06-13T03:00:36.718+0000][1][safepoint    ] Entering safepoint region: Deoptimize
[2022-06-13T03:00:36.718+0000][1][safepoint    ] Leaving safepoint region
[2022-06-13T03:00:36.718+0000][1][safepoint    ] Total time for which application threads were stopped: 0.0005240 seconds, Stopping threads took: 0.0000955 seconds
[2022-06-13T03:00:36.719+0000][1][safepoint    ] Application time: 0.0003546 seconds
[2022-06-13T03:00:36.719+0000][1][safepoint    ] Entering safepoint region: RevokeBias
[2022-06-13T03:00:36.719+0000][1][safepoint    ] Leaving safepoint region
[2022-06-13T03:00:36.719+0000][1][safepoint    ] Total time for which application threads were stopped: 0.0002200 seconds, Stopping threads took: 0.0001050 seconds
[2022-06-13T03:00:36.748+0000][1][safepoint    ] Application time: 0.0291539 seconds
[2022-06-13T03:00:36.749+0000][1][safepoint    ] Entering safepoint region: RevokeBias
[2022-06-13T03:00:36.749+0000][1][safepoint    ] Leaving safepoint region
[2022-06-13T03:00:36.750+0000][1][safepoint    ] Total time for which application threads were stopped: 0.0006502 seconds, Stopping threads took: 0.0002943 seconds
[2022-06-13T03:00:36.750+0000][1][safepoint    ] Application time: 0.0001403 seconds
[2022-06-13T03:00:36.750+0000][1][safepoint    ] Entering safepoint region: RevokeBias
[2022-06-13T03:00:36.751+0000][1][safepoint    ] Leaving safepoint region
[2022-06-13T03:00:36.751+0000][1][safepoint    ] Total time for which application threads were stopped: 0.0007311 seconds, Stopping threads took: 0.0004003 seconds
[2022-06-13T03:00:36.752+0000][1][safepoint    ] Application time: 0.0004453 seconds
[2022-06-13T03:00:36.752+0000][1][safepoint    ] Entering safepoint region: RevokeBias
[2022-06-13T03:00:36.753+0000][1][safepoint    ] Leaving safepoint region
[2022-06-13T03:00:36.753+0000][1][safepoint    ] Total time for which application threads were stopped: 0.0006958 seconds, Stopping threads took: 0.0003719 seconds
[2022-06-13T03:00:36.754+0000][1][safepoint    ] Application time: 0.0001630 seconds
[2022-06-13T03:00:36.754+0000][1][safepoint    ] Entering safepoint region: RevokeBias
[2022-06-13T03:00:36.754+0000][1][safepoint    ] Leaving safepoint region
[2022-06-13T03:00:36.755+0000][1][safepoint    ] Total time for which application threads were stopped: 0.0005740 seconds, Stopping threads took: 0.0003194 seconds
[2022-06-13T03:00:36.809+0000][1][safepoint    ] Application time: 0.0537434 seconds
[2022-06-13T03:00:36.809+0000][1][safepoint    ] Entering safepoint region: RevokeBias
[2022-06-13T03:00:36.810+0000][1][safepoint    ] Leaving safepoint region
[2022-06-13T03:00:36.810+0000][1][safepoint    ] Total time for which application threads were stopped: 0.0010427 seconds, Stopping threads took: 0.0005688 seconds
[2022-06-13T03:00:36.811+0000][1][safepoint    ] Application time: 0.0003671 seconds
[2022-06-13T03:00:36.811+0000][1][safepoint    ] Entering safepoint region: RevokeBias
[2022-06-13T03:00:36.812+0000][1][safepoint    ] Leaving safepoint region
[2022-06-13T03:00:36.813+0000][1][safepoint    ] Total time for which application threads were stopped: 0.0011488 seconds, Stopping threads took: 0.0005357 seconds
[2022-06-13T03:00:36.814+0000][1][safepoint    ] Application time: 0.0005176 seconds
[2022-06-13T03:00:36.814+0000][1][safepoint    ] Entering safepoint region: RevokeBias
[2022-06-13T03:00:36.814+0000][1][safepoint    ] Leaving safepoint region
[2022-06-13T03:00:36.815+0000][1][safepoint    ] Total time for which application threads were stopped: 0.0007365 seconds, Stopping threads took: 0.0003137 seconds
[2022-06-13T03:00:36.816+0000][1][safepoint    ] Application time: 0.0012977 seconds
[2022-06-13T03:00:36.817+0000][1][safepoint    ] Entering safepoint region: RevokeBias
[2022-06-13T03:00:36.817+0000][1][safepoint    ] Leaving safepoint region
[2022-06-13T03:00:36.817+0000][1][safepoint    ] Total time for which application threads were stopped: 0.0005440 seconds, Stopping threads took: 0.0002634 seconds
[2022-06-13T03:00:36.818+0000][1][safepoint    ] Application time: 0.0003116 seconds
[2022-06-13T03:00:36.818+0000][1][safepoint    ] Entering safepoint region: RevokeBias
[2022-06-13T03:00:36.818+0000][1][safepoint    ] Leaving safepoint region
[2022-06-13T03:00:36.819+0000][1][safepoint    ] Total time for which application threads were stopped: 0.0005292 seconds, Stopping threads took: 0.0002644 seconds
[2022-06-13T03:00:36.819+0000][1][safepoint    ] Application time: 0.0001523 seconds
[2022-06-13T03:00:36.819+0000][1][safepoint    ] Entering safepoint region: RevokeBias
[2022-06-13T03:00:36.820+0000][1][safepoint    ] Leaving safepoint region
[2022-06-13T03:00:36.820+0000][1][safepoint    ] Total time for which application threads were stopped: 0.0005378 seconds, Stopping threads took: 0.0002127 seconds
[2022-06-13T03:00:36.820+0000][1][safepoint    ] Application time: 0.0001892 seconds
[2022-06-13T03:00:36.821+0000][1][safepoint    ] Entering safepoint region: RevokeBias
[2022-06-13T03:00:36.821+0000][1][safepoint    ] Leaving safepoint region
[2022-06-13T03:00:36.821+0000][1][safepoint    ] Total time for which application threads were stopped: 0.0004859 seconds, Stopping threads took: 0.0002522 seconds
[2022-06-13T03:00:36.821+0000][1][safepoint    ] Application time: 0.0002136 seconds
[2022-06-13T03:00:36.822+0000][1][safepoint    ] Entering safepoint region: RevokeBias
[2022-06-13T03:00:36.822+0000][1][safepoint    ] Leaving safepoint region
[2022-06-13T03:00:36.822+0000][1][safepoint    ] Total time for which application threads were stopped: 0.0002330 seconds, Stopping threads took: 0.0001121 seconds
[2022-06-13T03:00:36.822+0000][1][safepoint    ] Application time: 0.0001974 seconds
[2022-06-13T03:00:36.822+0000][1][safepoint    ] Entering safepoint region: RevokeBias
[2022-06-13T03:00:36.822+0000][1][safepoint    ] Leaving safepoint region
[2022-06-13T03:00:36.822+0000][1][safepoint    ] Total time for which application threads were stopped: 0.0002227 seconds, Stopping threads took: 0.0001058 seconds
[2022-06-13T03:00:36.823+0000][1][safepoint    ] Application time: 0.0000626 seconds
[2022-06-13T03:00:36.823+0000][1][safepoint    ] Entering safepoint region: RevokeBias
[2022-06-13T03:00:36.823+0000][1][safepoint    ] Leaving safepoint region
[2022-06-13T03:00:36.823+0000][1][safepoint    ] Total time for which application threads were stopped: 0.0002544 seconds, Stopping threads took: 0.0001286 seconds
[2022-06-13T03:00:36.835+0000][1][safepoint    ] Application time: 0.0121181 seconds
[2022-06-13T03:00:36.836+0000][1][safepoint    ] Entering safepoint region: RevokeBias
[2022-06-13T03:00:36.836+0000][1][safepoint    ] Leaving safepoint region
[2022-06-13T03:00:36.836+0000][1][safepoint    ] Total time for which application threads were stopped: 0.0009289 seconds, Stopping threads took: 0.0005420 seconds
[2022-06-13T03:00:36.838+0000][1][safepoint    ] Application time: 0.0010509 seconds
[2022-06-13T03:00:36.838+0000][1][safepoint    ] Entering safepoint region: RevokeBias
[2022-06-13T03:00:36.838+0000][1][safepoint    ] Leaving safepoint region
[2022-06-13T03:00:36.839+0000][1][safepoint    ] Total time for which application threads were stopped: 0.0008018 seconds, Stopping threads took: 0.0003812 seconds
[2022-06-13T03:00:36.840+0000][1][safepoint    ] Application time: 0.0009837 seconds
[2022-06-13T03:00:36.841+0000][1][safepoint    ] Entering safepoint region: RevokeBias
[2022-06-13T03:00:36.841+0000][1][safepoint    ] Leaving safepoint region
[2022-06-13T03:00:36.841+0000][1][safepoint    ] Total time for which application threads were stopped: 0.0006913 seconds, Stopping threads took: 0.0003389 seconds
[2022-06-13T03:00:36.842+0000][1][safepoint    ] Application time: 0.0003001 seconds
[2022-06-13T03:00:36.842+0000][1][safepoint    ] Entering safepoint region: RevokeBias
[2022-06-13T03:00:36.843+0000][1][safepoint    ] Leaving safepoint region
[2022-06-13T03:00:36.843+0000][1][safepoint    ] Total time for which application threads were stopped: 0.0012750 seconds, Stopping threads took: 0.0006289 seconds
[2022-06-13T03:00:36.917+0000][1][safepoint    ] Application time: 0.0733928 seconds
[2022-06-13T03:00:36.917+0000][1][safepoint    ] Entering safepoint region: RevokeBias
[2022-06-13T03:00:36.918+0000][1][safepoint    ] Leaving safepoint region
[2022-06-13T03:00:36.918+0000][1][safepoint    ] Total time for which application threads were stopped: 0.0005777 seconds, Stopping threads took: 0.0002734 seconds
[2022-06-13T03:00:36.918+0000][1][safepoint    ] Application time: 0.0000987 seconds
[2022-06-13T03:00:36.918+0000][1][safepoint    ] Entering safepoint region: RevokeBias
[2022-06-13T03:00:36.919+0000][1][safepoint    ] Leaving safepoint region
[2022-06-13T03:00:36.919+0000][1][safepoint    ] Total time for which application threads were stopped: 0.0005798 seconds, Stopping threads took: 0.0002899 seconds
[2022-06-13T03:00:36.922+0000][1][safepoint    ] Application time: 0.0028848 seconds
[2022-06-13T03:00:36.923+0000][1][safepoint    ] Entering safepoint region: RevokeBias
[2022-06-13T03:00:36.923+0000][1][safepoint    ] Leaving safepoint region
[2022-06-13T03:00:36.923+0000][1][safepoint    ] Total time for which application threads were stopped: 0.0005951 seconds, Stopping threads took: 0.0002915 seconds
[2022-06-13T03:00:36.924+0000][1][safepoint    ] Application time: 0.0008649 seconds
[2022-06-13T03:00:36.925+0000][1][safepoint    ] Entering safepoint region: RevokeBias
[2022-06-13T03:00:36.925+0000][1][safepoint    ] Leaving safepoint region
[2022-06-13T03:00:36.925+0000][1][safepoint    ] Total time for which application threads were stopped: 0.0006192 seconds, Stopping threads took: 0.0002768 seconds
[2022-06-13T03:00:36.932+0000][1][safepoint    ] Application time: 0.0062652 seconds
[2022-06-13T03:00:36.932+0000][1][safepoint    ] Entering safepoint region: RevokeBias
[2022-06-13T03:00:36.932+0000][1][safepoint    ] Leaving safepoint region
[2022-06-13T03:00:36.933+0000][1][safepoint    ] Total time for which application threads were stopped: 0.0005455 seconds, Stopping threads took: 0.0002649 seconds
[2022-06-13T03:00:36.933+0000][1][safepoint    ] Application time: 0.0001577 seconds
[2022-06-13T03:00:36.933+0000][1][safepoint    ] Entering safepoint region: RevokeBias
[2022-06-13T03:00:36.934+0000][1][safepoint    ] Leaving safepoint region
[2022-06-13T03:00:36.934+0000][1][safepoint    ] Total time for which application threads were stopped: 0.0007301 seconds, Stopping threads took: 0.0003410 seconds
[2022-06-13T03:00:36.940+0000][1][safepoint    ] Application time: 0.0055067 seconds
[2022-06-13T03:00:36.940+0000][1][safepoint    ] Entering safepoint region: RevokeBias
[2022-06-13T03:00:36.940+0000][1][safepoint    ] Leaving safepoint region
[2022-06-13T03:00:36.941+0000][1][safepoint    ] Total time for which application threads were stopped: 0.0004583 seconds, Stopping threads took: 0.0001927 seconds
[2022-06-13T03:00:36.942+0000][1][safepoint    ] Application time: 0.0016117 seconds
[2022-06-13T03:00:36.943+0000][1][safepoint    ] Entering safepoint region: RevokeBias
[2022-06-13T03:00:36.943+0000][1][safepoint    ] Leaving safepoint region
[2022-06-13T03:00:36.943+0000][1][safepoint    ] Total time for which application threads were stopped: 0.0004407 seconds, Stopping threads took: 0.0002441 seconds
[2022-06-13T03:00:36.944+0000][1][safepoint    ] Application time: 0.0001464 seconds
[2022-06-13T03:00:36.944+0000][1][safepoint    ] Entering safepoint region: RevokeBias
[2022-06-13T03:00:36.944+0000][1][safepoint    ] Leaving safepoint region
[2022-06-13T03:00:36.944+0000][1][safepoint    ] Total time for which application threads were stopped: 0.0004447 seconds, Stopping threads took: 0.0001670 seconds
[2022-06-13T03:00:36.945+0000][1][safepoint    ] Application time: 0.0000640 seconds
[2022-06-13T03:00:36.945+0000][1][safepoint    ] Entering safepoint region: RevokeBias
[2022-06-13T03:00:36.945+0000][1][safepoint    ] Leaving safepoint region
[2022-06-13T03:00:36.945+0000][1][safepoint    ] Total time for which application threads were stopped: 0.0004609 seconds, Stopping threads took: 0.0001625 seconds
[2022-06-13T03:00:36.946+0000][1][safepoint    ] Application time: 0.0001540 seconds
[2022-06-13T03:00:36.946+0000][1][safepoint    ] Entering safepoint region: RevokeBias
[2022-06-13T03:00:36.946+0000][1][safepoint    ] Leaving safepoint region
[2022-06-13T03:00:36.946+0000][1][safepoint    ] Total time for which application threads were stopped: 0.0005245 seconds, Stopping threads took: 0.0002472 seconds
[2022-06-13T03:00:36.947+0000][1][safepoint    ] Application time: 0.0000578 seconds
[2022-06-13T03:00:36.947+0000][1][safepoint    ] Entering safepoint region: RevokeBias
[2022-06-13T03:00:36.947+0000][1][safepoint    ] Leaving safepoint region
[2022-06-13T03:00:36.947+0000][1][safepoint    ] Total time for which application threads were stopped: 0.0002196 seconds, Stopping threads took: 0.0001016 seconds
[2022-06-13T03:00:36.947+0000][1][safepoint    ] Application time: 0.0000903 seconds
[2022-06-13T03:00:36.947+0000][1][safepoint    ] Entering safepoint region: RevokeBias
[2022-06-13T03:00:36.948+0000][1][safepoint    ] Leaving safepoint region
[2022-06-13T03:00:36.948+0000][1][safepoint    ] Total time for which application threads were stopped: 0.0005391 seconds, Stopping threads took: 0.0003495 seconds
[2022-06-13T03:00:36.948+0000][1][safepoint    ] Application time: 0.0000660 seconds
[2022-06-13T03:00:36.949+0000][1][safepoint    ] Entering safepoint region: RevokeBias
[2022-06-13T03:00:36.949+0000][1][safepoint    ] Leaving safepoint region
[2022-06-13T03:00:36.949+0000][1][safepoint    ] Total time for which application threads were stopped: 0.0004221 seconds, Stopping threads took: 0.0002140 seconds
[2022-06-13T03:00:36.949+0000][1][safepoint    ] Application time: 0.0001618 seconds
[2022-06-13T03:00:36.950+0000][1][safepoint    ] Entering safepoint region: RevokeBias
[2022-06-13T03:00:36.950+0000][1][safepoint    ] Leaving safepoint region
[2022-06-13T03:00:36.950+0000][1][safepoint    ] Total time for which application threads were stopped: 0.0001789 seconds, Stopping threads took: 0.0000849 seconds
[2022-06-13T03:00:36.970+0000][1][safepoint    ] Application time: 0.0196776 seconds
[2022-06-13T03:00:36.970+0000][1][safepoint    ] Entering safepoint region: RevokeBias
[2022-06-13T03:00:36.970+0000][1][safepoint    ] Leaving safepoint region
[2022-06-13T03:00:36.971+0000][1][safepoint    ] Total time for which application threads were stopped: 0.0006302 seconds, Stopping threads took: 0.0003055 seconds
[2022-06-13T03:00:37.029+0000][1][safepoint    ] Application time: 0.0577752 seconds
[2022-06-13T03:00:37.029+0000][1][safepoint    ] Entering safepoint region: RevokeBias
[2022-06-13T03:00:37.029+0000][1][safepoint    ] Leaving safepoint region
[2022-06-13T03:00:37.030+0000][1][safepoint    ] Total time for which application threads were stopped: 0.0006466 seconds, Stopping threads took: 0.0001342 seconds
[2022-06-13T03:00:37.032+0000][1][safepoint    ] Application time: 0.0022382 seconds
[2022-06-13T03:00:37.032+0000][1][safepoint    ] Entering safepoint region: RevokeBias
[2022-06-13T03:00:37.032+0000][1][safepoint    ] Leaving safepoint region
[2022-06-13T03:00:37.033+0000][1][safepoint    ] Total time for which application threads were stopped: 0.0003157 seconds, Stopping threads took: 0.0001578 seconds
[2022-06-13T03:00:37.036+0000][1][safepoint    ] Application time: 0.0028956 seconds
[2022-06-13T03:00:37.036+0000][1][safepoint    ] Entering safepoint region: RevokeBias
[2022-06-13T03:00:37.036+0000][1][safepoint    ] Leaving safepoint region
[2022-06-13T03:00:37.036+0000][1][safepoint    ] Total time for which application threads were stopped: 0.0002938 seconds, Stopping threads took: 0.0001268 seconds
[2022-06-13T03:00:37.038+0000][1][safepoint    ] Application time: 0.0017505 seconds
[2022-06-13T03:00:37.038+0000][1][safepoint    ] Entering safepoint region: RevokeBias
[2022-06-13T03:00:37.038+0000][1][safepoint    ] Leaving safepoint region
[2022-06-13T03:00:37.038+0000][1][safepoint    ] Total time for which application threads were stopped: 0.0002310 seconds, Stopping threads took: 0.0001063 seconds
[2022-06-13T03:00:37.038+0000][1][safepoint    ] Application time: 0.0000625 seconds
[2022-06-13T03:00:37.039+0000][1][safepoint    ] Entering safepoint region: RevokeBias
[2022-06-13T03:00:37.039+0000][1][safepoint    ] Leaving safepoint region
[2022-06-13T03:00:37.039+0000][1][safepoint    ] Total time for which application threads were stopped: 0.0004708 seconds, Stopping threads took: 0.0001949 seconds
[2022-06-13T03:00:37.040+0000][1][safepoint    ] Application time: 0.0007686 seconds
[2022-06-13T03:00:37.040+0000][1][safepoint    ] Entering safepoint region: RevokeBias
[2022-06-13T03:00:37.041+0000][1][safepoint    ] Leaving safepoint region
[2022-06-13T03:00:37.041+0000][1][safepoint    ] Total time for which application threads were stopped: 0.0003848 seconds, Stopping threads took: 0.0002423 seconds
[2022-06-13T03:00:37.041+0000][1][safepoint    ] Application time: 0.0001365 seconds
[2022-06-13T03:00:37.041+0000][1][safepoint    ] Entering safepoint region: RevokeBias
[2022-06-13T03:00:37.042+0000][1][safepoint    ] Leaving safepoint region
[2022-06-13T03:00:37.042+0000][1][safepoint    ] Total time for which application threads were stopped: 0.0004781 seconds, Stopping threads took: 0.0002656 seconds
[2022-06-13T03:00:37.042+0000][1][safepoint    ] Application time: 0.0000893 seconds
[2022-06-13T03:00:37.042+0000][1][safepoint    ] Entering safepoint region: RevokeBias
[2022-06-13T03:00:37.043+0000][1][safepoint    ] Leaving safepoint region
[2022-06-13T03:00:37.043+0000][1][safepoint    ] Total time for which application threads were stopped: 0.0004718 seconds, Stopping threads took: 0.0002579 seconds
[2022-06-13T03:00:37.047+0000][1][safepoint    ] Application time: 0.0043395 seconds
[2022-06-13T03:00:37.047+0000][1][safepoint    ] Entering safepoint region: RevokeBias
[2022-06-13T03:00:37.048+0000][1][safepoint    ] Leaving safepoint region
[2022-06-13T03:00:37.048+0000][1][safepoint    ] Total time for which application threads were stopped: 0.0003750 seconds, Stopping threads took: 0.0002185 seconds
[2022-06-13T03:00:37.048+0000][1][safepoint    ] Application time: 0.0002369 seconds
[2022-06-13T03:00:37.048+0000][1][safepoint    ] Entering safepoint region: RevokeBias
[2022-06-13T03:00:37.049+0000][1][safepoint    ] Leaving safepoint region
[2022-06-13T03:00:37.049+0000][1][safepoint    ] Total time for which application threads were stopped: 0.0006235 seconds, Stopping threads took: 0.0002829 seconds
[2022-06-13T03:00:37.050+0000][1][safepoint    ] Application time: 0.0002727 seconds
[2022-06-13T03:00:37.050+0000][1][safepoint    ] Entering safepoint region: RevokeBias
[2022-06-13T03:00:37.050+0000][1][safepoint    ] Leaving safepoint region
[2022-06-13T03:00:37.050+0000][1][safepoint    ] Total time for which application threads were stopped: 0.0004675 seconds, Stopping threads took: 0.0002455 seconds
[2022-06-13T03:00:37.051+0000][1][safepoint    ] Application time: 0.0002952 seconds
[2022-06-13T03:00:37.051+0000][1][safepoint    ] Entering safepoint region: RevokeBias
[2022-06-13T03:00:37.051+0000][1][safepoint    ] Leaving safepoint region
[2022-06-13T03:00:37.051+0000][1][safepoint    ] Total time for which application threads were stopped: 0.0004262 seconds, Stopping threads took: 0.0002464 seconds
[2022-06-13T03:00:37.052+0000][1][safepoint    ] Application time: 0.0003111 seconds
[2022-06-13T03:00:37.052+0000][1][safepoint    ] Entering safepoint region: RevokeBias
[2022-06-13T03:00:37.052+0000][1][safepoint    ] Leaving safepoint region
[2022-06-13T03:00:37.052+0000][1][safepoint    ] Total time for which application threads were stopped: 0.0002520 seconds, Stopping threads took: 0.0001326 seconds
[2022-06-13T03:00:37.052+0000][1][safepoint    ] Application time: 0.0000794 seconds
[2022-06-13T03:00:37.052+0000][1][safepoint    ] Entering safepoint region: RevokeBias
[2022-06-13T03:00:37.053+0000][1][safepoint    ] Leaving safepoint region
[2022-06-13T03:00:37.053+0000][1][safepoint    ] Total time for which application threads were stopped: 0.0003138 seconds, Stopping threads took: 0.0001769 seconds
[2022-06-13T03:00:37.053+0000][1][safepoint    ] Application time: 0.0000690 seconds
[2022-06-13T03:00:37.053+0000][1][safepoint    ] Entering safepoint region: RevokeBias
[2022-06-13T03:00:37.053+0000][1][safepoint    ] Leaving safepoint region
[2022-06-13T03:00:37.053+0000][1][safepoint    ] Total time for which application threads were stopped: 0.0002593 seconds, Stopping threads took: 0.0001219 seconds
[2022-06-13T03:00:37.053+0000][1][safepoint    ] Application time: 0.0001910 seconds
[2022-06-13T03:00:37.054+0000][1][safepoint    ] Entering safepoint region: RevokeBias
[2022-06-13T03:00:37.054+0000][1][safepoint    ] Leaving safepoint region
[2022-06-13T03:00:37.054+0000][1][safepoint    ] Total time for which application threads were stopped: 0.0003590 seconds, Stopping threads took: 0.0002117 seconds
[2022-06-13T03:00:37.056+0000][1][safepoint    ] Application time: 0.0016854 seconds
[2022-06-13T03:00:37.056+0000][1][safepoint    ] Entering safepoint region: RevokeBias
[2022-06-13T03:00:37.056+0000][1][safepoint    ] Leaving safepoint region
[2022-06-13T03:00:37.056+0000][1][safepoint    ] Total time for which application threads were stopped: 0.0003341 seconds, Stopping threads took: 0.0002052 seconds
[2022-06-13T03:00:37.058+0000][1][safepoint    ] Application time: 0.0013339 seconds
[2022-06-13T03:00:37.058+0000][1][safepoint    ] Entering safepoint region: RevokeBias
[2022-06-13T03:00:37.058+0000][1][safepoint    ] Leaving safepoint region
[2022-06-13T03:00:37.058+0000][1][safepoint    ] Total time for which application threads were stopped: 0.0002969 seconds, Stopping threads took: 0.0001268 seconds
[2022-06-13T03:00:37.058+0000][1][safepoint    ] Application time: 0.0001053 seconds
[2022-06-13T03:00:37.058+0000][1][safepoint    ] Entering safepoint region: RevokeBias
[2022-06-13T03:00:37.059+0000][1][safepoint    ] Leaving safepoint region
[2022-06-13T03:00:37.059+0000][1][safepoint    ] Total time for which application threads were stopped: 0.0002402 seconds, Stopping threads took: 0.0001123 seconds
[2022-06-13T03:00:37.059+0000][1][safepoint    ] Application time: 0.0000919 seconds
[2022-06-13T03:00:37.059+0000][1][safepoint    ] Entering safepoint region: RevokeBias
[2022-06-13T03:00:37.059+0000][1][safepoint    ] Leaving safepoint region
[2022-06-13T03:00:37.059+0000][1][safepoint    ] Total time for which application threads were stopped: 0.0003729 seconds, Stopping threads took: 0.0002166 seconds
[2022-06-13T03:00:37.060+0000][1][safepoint    ] Application time: 0.0001728 seconds
[2022-06-13T03:00:37.060+0000][1][safepoint    ] Entering safepoint region: RevokeBias
[2022-06-13T03:00:37.060+0000][1][safepoint    ] Leaving safepoint region
[2022-06-13T03:00:37.060+0000][1][safepoint    ] Total time for which application threads were stopped: 0.0002878 seconds, Stopping threads took: 0.0001185 seconds
[2022-06-13T03:00:37.060+0000][1][safepoint    ] Application time: 0.0001494 seconds
[2022-06-13T03:00:37.061+0000][1][safepoint    ] Entering safepoint region: RevokeBias
[2022-06-13T03:00:37.061+0000][1][safepoint    ] Leaving safepoint region
[2022-06-13T03:00:37.061+0000][1][safepoint    ] Total time for which application threads were stopped: 0.0003505 seconds, Stopping threads took: 0.0001180 seconds
[2022-06-13T03:00:37.074+0000][1][safepoint    ] Application time: 0.0127263 seconds
[2022-06-13T03:00:37.074+0000][1][safepoint    ] Entering safepoint region: RevokeBias
[2022-06-13T03:00:37.074+0000][1][safepoint    ] Leaving safepoint region
[2022-06-13T03:00:37.074+0000][1][safepoint    ] Total time for which application threads were stopped: 0.0003254 seconds, Stopping threads took: 0.0001273 seconds
[2022-06-13T03:00:37.081+0000][1][safepoint    ] Application time: 0.0064539 seconds
[2022-06-13T03:00:37.081+0000][1][safepoint    ] Entering safepoint region: RevokeBias
[2022-06-13T03:00:37.081+0000][1][safepoint    ] Leaving safepoint region
[2022-06-13T03:00:37.082+0000][1][safepoint    ] Total time for which application threads were stopped: 0.0005606 seconds, Stopping threads took: 0.0003169 seconds
[2022-06-13T03:00:37.082+0000][1][safepoint    ] Application time: 0.0002727 seconds
[2022-06-13T03:00:37.083+0000][1][safepoint    ] Entering safepoint region: RevokeBias
[2022-06-13T03:00:37.083+0000][1][safepoint    ] Leaving safepoint region
[2022-06-13T03:00:37.083+0000][1][safepoint    ] Total time for which application threads were stopped: 0.0005728 seconds, Stopping threads took: 0.0003184 seconds
[2022-06-13T03:00:37.083+0000][1][safepoint    ] Application time: 0.0000718 seconds
[2022-06-13T03:00:37.084+0000][1][safepoint    ] Entering safepoint region: RevokeBias
[2022-06-13T03:00:37.084+0000][1][safepoint    ] Leaving safepoint region
[2022-06-13T03:00:37.084+0000][1][safepoint    ] Total time for which application threads were stopped: 0.0005930 seconds, Stopping threads took: 0.0003614 seconds
[2022-06-13T03:00:37.084+0000][1][safepoint    ] Application time: 0.0001469 seconds
[2022-06-13T03:00:37.085+0000][1][safepoint    ] Entering safepoint region: RevokeBias
[2022-06-13T03:00:37.085+0000][1][safepoint    ] Leaving safepoint region
[2022-06-13T03:00:37.085+0000][1][safepoint    ] Total time for which application threads were stopped: 0.0002437 seconds, Stopping threads took: 0.0001145 seconds
[2022-06-13T03:00:37.086+0000][1][safepoint    ] Application time: 0.0010672 seconds
[2022-06-13T03:00:37.086+0000][1][safepoint    ] Entering safepoint region: RevokeBias
[2022-06-13T03:00:37.086+0000][1][safepoint    ] Leaving safepoint region
[2022-06-13T03:00:37.086+0000][1][safepoint    ] Total time for which application threads were stopped: 0.0002396 seconds, Stopping threads took: 0.0001235 seconds
[2022-06-13T03:00:37.087+0000][1][safepoint    ] Application time: 0.0002440 seconds
[2022-06-13T03:00:37.087+0000][1][safepoint    ] Entering safepoint region: RevokeBias
[2022-06-13T03:00:37.087+0000][1][safepoint    ] Leaving safepoint region
[2022-06-13T03:00:37.087+0000][1][safepoint    ] Total time for which application threads were stopped: 0.0002368 seconds, Stopping threads took: 0.0001169 seconds
[2022-06-13T03:00:37.091+0000][1][safepoint    ] Application time: 0.0038906 seconds
[2022-06-13T03:00:37.091+0000][1][safepoint    ] Entering safepoint region: RevokeBias
[2022-06-13T03:00:37.092+0000][1][safepoint    ] Leaving safepoint region
[2022-06-13T03:00:37.092+0000][1][safepoint    ] Total time for which application threads were stopped: 0.0004359 seconds, Stopping threads took: 0.0002701 seconds
[2022-06-13T03:00:37.092+0000][1][safepoint    ] Application time: 0.0001144 seconds
[2022-06-13T03:00:37.092+0000][1][safepoint    ] Entering safepoint region: RevokeBias
[2022-06-13T03:00:37.092+0000][1][safepoint    ] Leaving safepoint region
[2022-06-13T03:00:37.093+0000][1][safepoint    ] Total time for which application threads were stopped: 0.0004902 seconds, Stopping threads took: 0.0002319 seconds
[2022-06-13T03:00:37.125+0000][1][safepoint    ] Application time: 0.0321436 seconds
[2022-06-13T03:00:37.125+0000][1][safepoint    ] Entering safepoint region: Deoptimize
[2022-06-13T03:00:37.126+0000][1][safepoint    ] Leaving safepoint region
[2022-06-13T03:00:37.126+0000][1][safepoint    ] Total time for which application threads were stopped: 0.0010051 seconds, Stopping threads took: 0.0003121 seconds
[2022-06-13T03:00:37.164+0000][1][safepoint    ] Application time: 0.0371259 seconds
[2022-06-13T03:00:37.164+0000][1][safepoint    ] Entering safepoint region: RevokeBias
[2022-06-13T03:00:37.164+0000][1][safepoint    ] Leaving safepoint region
[2022-06-13T03:00:37.164+0000][1][safepoint    ] Total time for which application threads were stopped: 0.0004553 seconds, Stopping threads took: 0.0001931 seconds
[2022-06-13T03:00:37.165+0000][1][safepoint    ] Application time: 0.0000817 seconds
[2022-06-13T03:00:37.165+0000][1][safepoint    ] Entering safepoint region: RevokeBias
[2022-06-13T03:00:37.165+0000][1][safepoint    ] Leaving safepoint region
[2022-06-13T03:00:37.165+0000][1][safepoint    ] Total time for which application threads were stopped: 0.0004545 seconds, Stopping threads took: 0.0002461 seconds
[2022-06-13T03:00:37.172+0000][1][safepoint    ] Application time: 0.0064611 seconds
[2022-06-13T03:00:37.172+0000][1][safepoint    ] Entering safepoint region: RevokeBias
[2022-06-13T03:00:37.172+0000][1][safepoint    ] Leaving safepoint region
[2022-06-13T03:00:37.172+0000][1][safepoint    ] Total time for which application threads were stopped: 0.0004721 seconds, Stopping threads took: 0.0002514 seconds
[2022-06-13T03:00:37.173+0000][1][safepoint    ] Application time: 0.0000628 seconds
[2022-06-13T03:00:37.173+0000][1][safepoint    ] Entering safepoint region: RevokeBias
[2022-06-13T03:00:37.173+0000][1][safepoint    ] Leaving safepoint region
[2022-06-13T03:00:37.174+0000][1][safepoint    ] Total time for which application threads were stopped: 0.0006335 seconds, Stopping threads took: 0.0002830 seconds
[2022-06-13T03:00:37.174+0000][1][safepoint    ] Application time: 0.0002054 seconds
[2022-06-13T03:00:37.174+0000][1][safepoint    ] Entering safepoint region: RevokeBias
[2022-06-13T03:00:37.175+0000][1][safepoint    ] Leaving safepoint region
[2022-06-13T03:00:37.175+0000][1][safepoint    ] Total time for which application threads were stopped: 0.0005103 seconds, Stopping threads took: 0.0002908 seconds
[2022-06-13T03:00:37.175+0000][1][safepoint    ] Application time: 0.0002331 seconds
[2022-06-13T03:00:37.175+0000][1][safepoint    ] Entering safepoint region: RevokeBias
[2022-06-13T03:00:37.176+0000][1][safepoint    ] Leaving safepoint region
[2022-06-13T03:00:37.176+0000][1][safepoint    ] Total time for which application threads were stopped: 0.0006541 seconds, Stopping threads took: 0.0003716 seconds
[2022-06-13T03:00:37.181+0000][1][safepoint    ] Application time: 0.0046973 seconds
[2022-06-13T03:00:37.181+0000][1][safepoint    ] Entering safepoint region: RevokeBias
[2022-06-13T03:00:37.182+0000][1][safepoint    ] Leaving safepoint region
[2022-06-13T03:00:37.182+0000][1][safepoint    ] Total time for which application threads were stopped: 0.0003524 seconds, Stopping threads took: 0.0001391 seconds
[2022-06-13T03:00:37.182+0000][1][safepoint    ] Application time: 0.0002566 seconds
[2022-06-13T03:00:37.182+0000][1][safepoint    ] Entering safepoint region: RevokeBias
[2022-06-13T03:00:37.183+0000][1][safepoint    ] Leaving safepoint region
[2022-06-13T03:00:37.183+0000][1][safepoint    ] Total time for which application threads were stopped: 0.0003582 seconds, Stopping threads took: 0.0002115 seconds
[2022-06-13T03:00:37.183+0000][1][safepoint    ] Application time: 0.0002754 seconds
[2022-06-13T03:00:37.184+0000][1][safepoint    ] Entering safepoint region: RevokeBias
[2022-06-13T03:00:37.184+0000][1][safepoint    ] Leaving safepoint region
[2022-06-13T03:00:37.184+0000][1][safepoint    ] Total time for which application threads were stopped: 0.0003832 seconds, Stopping threads took: 0.0002086 seconds
[2022-06-13T03:00:37.185+0000][1][safepoint    ] Application time: 0.0008975 seconds
[2022-06-13T03:00:37.185+0000][1][safepoint    ] Entering safepoint region: RevokeBias
[2022-06-13T03:00:37.185+0000][1][safepoint    ] Leaving safepoint region
[2022-06-13T03:00:37.185+0000][1][safepoint    ] Total time for which application threads were stopped: 0.0002765 seconds, Stopping threads took: 0.0001265 seconds
[2022-06-13T03:00:37.187+0000][1][safepoint    ] Application time: 0.0016639 seconds
[2022-06-13T03:00:37.187+0000][1][safepoint    ] Entering safepoint region: RevokeBias
[2022-06-13T03:00:37.188+0000][1][safepoint    ] Leaving safepoint region
[2022-06-13T03:00:37.188+0000][1][safepoint    ] Total time for which application threads were stopped: 0.0004152 seconds, Stopping threads took: 0.0002615 seconds
[2022-06-13T03:00:37.188+0000][1][safepoint    ] Application time: 0.0002247 seconds
[2022-06-13T03:00:37.188+0000][1][safepoint    ] Entering safepoint region: RevokeBias
[2022-06-13T03:00:37.188+0000][1][safepoint    ] Leaving safepoint region
[2022-06-13T03:00:37.188+0000][1][safepoint    ] Total time for which application threads were stopped: 0.0002257 seconds, Stopping threads took: 0.0001149 seconds
[2022-06-13T03:00:37.189+0000][1][safepoint    ] Application time: 0.0000752 seconds
[2022-06-13T03:00:37.189+0000][1][safepoint    ] Entering safepoint region: RevokeBias
[2022-06-13T03:00:37.189+0000][1][safepoint    ] Leaving safepoint region
[2022-06-13T03:00:37.189+0000][1][safepoint    ] Total time for which application threads were stopped: 0.0002144 seconds, Stopping threads took: 0.0001054 seconds
[2022-06-13T03:00:37.189+0000][1][safepoint    ] Application time: 0.0001448 seconds
[2022-06-13T03:00:37.189+0000][1][safepoint    ] Entering safepoint region: RevokeBias
[2022-06-13T03:00:37.189+0000][1][safepoint    ] Leaving safepoint region
[2022-06-13T03:00:37.190+0000][1][safepoint    ] Total time for which application threads were stopped: 0.0002374 seconds, Stopping threads took: 0.0001170 seconds
[2022-06-13T03:00:37.190+0000][1][safepoint    ] Application time: 0.0001936 seconds
[2022-06-13T03:00:37.190+0000][1][safepoint    ] Entering safepoint region: RevokeBias
[2022-06-13T03:00:37.190+0000][1][safepoint    ] Leaving safepoint region
[2022-06-13T03:00:37.190+0000][1][safepoint    ] Total time for which application threads were stopped: 0.0002274 seconds, Stopping threads took: 0.0001126 seconds
[2022-06-13T03:00:37.194+0000][1][safepoint    ] Application time: 0.0034962 seconds
[2022-06-13T03:00:37.194+0000][1][safepoint    ] Entering safepoint region: RevokeBias
[2022-06-13T03:00:37.194+0000][1][safepoint    ] Leaving safepoint region
[2022-06-13T03:00:37.194+0000][1][safepoint    ] Total time for which application threads were stopped: 0.0002435 seconds, Stopping threads took: 0.0001178 seconds
[2022-06-13T03:00:37.211+0000][1][safepoint    ] Application time: 0.0168224 seconds
[2022-06-13T03:00:37.211+0000][1][safepoint    ] Entering safepoint region: RevokeBias
[2022-06-13T03:00:37.212+0000][1][safepoint    ] Leaving safepoint region
[2022-06-13T03:00:37.212+0000][1][safepoint    ] Total time for which application threads were stopped: 0.0006916 seconds, Stopping threads took: 0.0003281 seconds
[2022-06-13T03:00:37.213+0000][1][safepoint    ] Application time: 0.0004736 seconds
[2022-06-13T03:00:37.213+0000][1][safepoint    ] Entering safepoint region: RevokeBias
[2022-06-13T03:00:37.214+0000][1][safepoint    ] Leaving safepoint region
[2022-06-13T03:00:37.214+0000][1][safepoint    ] Total time for which application threads were stopped: 0.0008468 seconds, Stopping threads took: 0.0003984 seconds
[2022-06-13T03:00:37.221+0000][1][safepoint    ] Application time: 0.0063588 seconds
[2022-06-13T03:00:37.221+0000][1][safepoint    ] Entering safepoint region: RevokeBias
[2022-06-13T03:00:37.222+0000][1][safepoint    ] Leaving safepoint region
[2022-06-13T03:00:37.222+0000][1][safepoint    ] Total time for which application threads were stopped: 0.0006276 seconds, Stopping threads took: 0.0002978 seconds
[2022-06-13T03:00:37.222+0000][1][safepoint    ] Application time: 0.0002165 seconds
[2022-06-13T03:00:37.223+0000][1][safepoint    ] Entering safepoint region: RevokeBias
[2022-06-13T03:00:37.223+0000][1][safepoint    ] Leaving safepoint region
[2022-06-13T03:00:37.223+0000][1][safepoint    ] Total time for which application threads were stopped: 0.0004460 seconds, Stopping threads took: 0.0001734 seconds
[2022-06-13T03:00:37.224+0000][1][safepoint    ] Application time: 0.0000809 seconds
[2022-06-13T03:00:37.224+0000][1][safepoint    ] Entering safepoint region: RevokeBias
[2022-06-13T03:00:37.224+0000][1][safepoint    ] Leaving safepoint region
[2022-06-13T03:00:37.224+0000][1][safepoint    ] Total time for which application threads were stopped: 0.0002454 seconds, Stopping threads took: 0.0001169 seconds
[2022-06-13T03:00:37.224+0000][1][safepoint    ] Application time: 0.0000673 seconds
[2022-06-13T03:00:37.224+0000][1][safepoint    ] Entering safepoint region: RevokeBias
[2022-06-13T03:00:37.224+0000][1][safepoint    ] Leaving safepoint region
[2022-06-13T03:00:37.225+0000][1][safepoint    ] Total time for which application threads were stopped: 0.0003008 seconds, Stopping threads took: 0.0001655 seconds
[2022-06-13T03:00:37.225+0000][1][safepoint    ] Application time: 0.0008190 seconds
[2022-06-13T03:00:37.226+0000][1][safepoint    ] Entering safepoint region: RevokeBias
[2022-06-13T03:00:37.226+0000][1][safepoint    ] Leaving safepoint region
[2022-06-13T03:00:37.226+0000][1][safepoint    ] Total time for which application threads were stopped: 0.0002383 seconds, Stopping threads took: 0.0001127 seconds
[2022-06-13T03:00:37.227+0000][1][safepoint    ] Application time: 0.0012875 seconds
[2022-06-13T03:00:37.227+0000][1][safepoint    ] Entering safepoint region: RevokeBias
[2022-06-13T03:00:37.228+0000][1][safepoint    ] Leaving safepoint region
[2022-06-13T03:00:37.228+0000][1][safepoint    ] Total time for which application threads were stopped: 0.0003159 seconds, Stopping threads took: 0.0001687 seconds
[2022-06-13T03:00:37.528+0000][1][safepoint    ] Application time: 0.3005473 seconds
[2022-06-13T03:00:37.529+0000][1][safepoint    ] Entering safepoint region: RevokeBias
[2022-06-13T03:00:37.529+0000][1][safepoint    ] Leaving safepoint region
[2022-06-13T03:00:37.530+0000][1][safepoint    ] Total time for which application threads were stopped: 0.0005608 seconds, Stopping threads took: 0.0003960 seconds
[2022-06-13T03:00:37.530+0000][1][safepoint    ] Application time: 0.0000912 seconds
[2022-06-13T03:00:37.530+0000][1][safepoint    ] Entering safepoint region: RevokeBias
[2022-06-13T03:00:37.530+0000][1][safepoint    ] Leaving safepoint region
[2022-06-13T03:00:37.530+0000][1][safepoint    ] Total time for which application threads were stopped: 0.0002709 seconds, Stopping threads took: 0.0001116 seconds
[2022-06-13T03:00:37.530+0000][1][safepoint    ] Application time: 0.0000662 seconds
[2022-06-13T03:00:37.530+0000][1][safepoint    ] Entering safepoint region: RevokeBias
[2022-06-13T03:00:37.531+0000][1][safepoint    ] Leaving safepoint region
[2022-06-13T03:00:37.531+0000][1][safepoint    ] Total time for which application threads were stopped: 0.0002260 seconds, Stopping threads took: 0.0001060 seconds
[2022-06-13T03:00:37.531+0000][1][safepoint    ] Application time: 0.0000644 seconds
[2022-06-13T03:00:37.531+0000][1][safepoint    ] Entering safepoint region: RevokeBias
[2022-06-13T03:00:37.531+0000][1][safepoint    ] Leaving safepoint region
[2022-06-13T03:00:37.531+0000][1][safepoint    ] Total time for which application threads were stopped: 0.0002269 seconds, Stopping threads took: 0.0001105 seconds
[2022-06-13T03:00:37.531+0000][1][safepoint    ] Application time: 0.0000662 seconds
[2022-06-13T03:00:37.531+0000][1][safepoint    ] Entering safepoint region: RevokeBias
[2022-06-13T03:00:37.532+0000][1][safepoint    ] Leaving safepoint region
[2022-06-13T03:00:37.532+0000][1][safepoint    ] Total time for which application threads were stopped: 0.0002579 seconds, Stopping threads took: 0.0001269 seconds
[2022-06-13T03:00:37.532+0000][1][safepoint    ] Application time: 0.0000809 seconds
[2022-06-13T03:00:37.532+0000][1][safepoint    ] Entering safepoint region: RevokeBias
[2022-06-13T03:00:37.532+0000][1][safepoint    ] Leaving safepoint region
[2022-06-13T03:00:37.532+0000][1][safepoint    ] Total time for which application threads were stopped: 0.0002318 seconds, Stopping threads took: 0.0001144 seconds
[2022-06-13T03:00:37.532+0000][1][safepoint    ] Application time: 0.0000693 seconds
[2022-06-13T03:00:37.532+0000][1][safepoint    ] Entering safepoint region: RevokeBias
[2022-06-13T03:00:37.533+0000][1][safepoint    ] Leaving safepoint region
[2022-06-13T03:00:37.533+0000][1][safepoint    ] Total time for which application threads were stopped: 0.0002428 seconds, Stopping threads took: 0.0001204 seconds
[2022-06-13T03:00:37.533+0000][1][safepoint    ] Application time: 0.0000777 seconds
[2022-06-13T03:00:37.533+0000][1][safepoint    ] Entering safepoint region: RevokeBias
[2022-06-13T03:00:37.533+0000][1][safepoint    ] Leaving safepoint region
[2022-06-13T03:00:37.533+0000][1][safepoint    ] Total time for which application threads were stopped: 0.0002319 seconds, Stopping threads took: 0.0001154 seconds
[2022-06-13T03:00:37.568+0000][1][safepoint    ] Application time: 0.0349572 seconds
[2022-06-13T03:00:37.569+0000][1][safepoint    ] Entering safepoint region: RevokeBias
[2022-06-13T03:00:37.569+0000][1][safepoint    ] Leaving safepoint region
[2022-06-13T03:00:37.569+0000][1][safepoint    ] Total time for which application threads were stopped: 0.0006649 seconds, Stopping threads took: 0.0003129 seconds
[2022-06-13T03:00:37.742+0000][1][safepoint    ] Application time: 0.1719115 seconds
[2022-06-13T03:00:37.742+0000][1][safepoint    ] Entering safepoint region: RevokeBias
[2022-06-13T03:00:37.743+0000][1][safepoint    ] Leaving safepoint region
[2022-06-13T03:00:37.743+0000][1][safepoint    ] Total time for which application threads were stopped: 0.0009229 seconds, Stopping threads took: 0.0004683 seconds
[2022-06-13T03:00:38.744+0000][1][safepoint    ] Application time: 1.0001373 seconds
[2022-06-13T03:00:38.744+0000][1][safepoint    ] Entering safepoint region: Cleanup
[2022-06-13T03:00:38.744+0000][1][safepoint    ] Leaving safepoint region
[2022-06-13T03:00:38.745+0000][1][safepoint    ] Total time for which application threads were stopped: 0.0007013 seconds, Stopping threads took: 0.0003434 seconds
[2022-06-13T03:00:39.745+0000][1][safepoint    ] Application time: 1.0003534 seconds
[2022-06-13T03:00:39.746+0000][1][safepoint    ] Entering safepoint region: Cleanup
[2022-06-13T03:00:39.746+0000][1][safepoint    ] Leaving safepoint region
[2022-06-13T03:00:39.747+0000][1][safepoint    ] Total time for which application threads were stopped: 0.0006356 seconds, Stopping threads took: 0.0003534 seconds
[2022-06-13T03:00:41.747+0000][1][safepoint    ] Application time: 2.0003125 seconds
[2022-06-13T03:00:41.748+0000][1][safepoint    ] Entering safepoint region: Cleanup
[2022-06-13T03:00:41.748+0000][1][safepoint    ] Leaving safepoint region
[2022-06-13T03:00:41.748+0000][1][safepoint    ] Total time for which application threads were stopped: 0.0006242 seconds, Stopping threads took: 0.0002451 seconds
[2022-06-13T03:00:44.749+0000][1][safepoint    ] Application time: 3.0006969 seconds
[2022-06-13T03:00:44.750+0000][1][safepoint    ] Entering safepoint region: Cleanup
[2022-06-13T03:00:44.750+0000][1][safepoint    ] Leaving safepoint region
[2022-06-13T03:00:44.751+0000][1][safepoint    ] Total time for which application threads were stopped: 0.0008680 seconds, Stopping threads took: 0.0004353 seconds
[2022-06-13T03:00:45.499+0000][1][safepoint    ] Application time: 0.7477204 seconds
[2022-06-13T03:00:45.499+0000][1][safepoint    ] Entering safepoint region: RevokeBias
[2022-06-13T03:00:45.500+0000][1][safepoint    ] Leaving safepoint region
[2022-06-13T03:00:45.500+0000][1][safepoint    ] Total time for which application threads were stopped: 0.0006608 seconds, Stopping threads took: 0.0002688 seconds
[2022-06-13T03:00:45.500+0000][1][safepoint    ] Application time: 0.0002579 seconds
[2022-06-13T03:00:45.501+0000][1][safepoint    ] Entering safepoint region: RevokeBias
[2022-06-13T03:00:45.501+0000][1][safepoint    ] Leaving safepoint region
[2022-06-13T03:00:45.502+0000][1][safepoint    ] Total time for which application threads were stopped: 0.0008686 seconds, Stopping threads took: 0.0004110 seconds
[2022-06-13T03:00:47.503+0000][1][safepoint    ] Application time: 2.0005013 seconds
[2022-06-13T03:00:47.503+0000][1][safepoint    ] Entering safepoint region: Cleanup
[2022-06-13T03:00:47.503+0000][1][safepoint    ] Leaving safepoint region
[2022-06-13T03:00:47.504+0000][1][safepoint    ] Total time for which application threads were stopped: 0.0006760 seconds, Stopping threads took: 0.0003424 seconds
[2022-06-13T03:00:48.504+0000][1][safepoint    ] Application time: 1.0002429 seconds
[2022-06-13T03:00:48.505+0000][1][safepoint    ] Entering safepoint region: Cleanup
[2022-06-13T03:00:48.505+0000][1][safepoint    ] Leaving safepoint region
[2022-06-13T03:00:48.506+0000][1][safepoint    ] Total time for which application threads were stopped: 0.0007855 seconds, Stopping threads took: 0.0003912 seconds
[2022-06-13T03:00:50.506+0000][1][safepoint    ] Application time: 2.0004286 seconds
[2022-06-13T03:00:50.507+0000][1][safepoint    ] Entering safepoint region: Cleanup
[2022-06-13T03:00:50.507+0000][1][safepoint    ] Leaving safepoint region
[2022-06-13T03:00:50.507+0000][1][safepoint    ] Total time for which application threads were stopped: 0.0005052 seconds, Stopping threads took: 0.0002098 seconds
[2022-06-13T03:00:52.508+0000][1][safepoint    ] Application time: 2.0004459 seconds
[2022-06-13T03:00:52.509+0000][1][safepoint    ] Entering safepoint region: Cleanup
[2022-06-13T03:00:52.509+0000][1][safepoint    ] Leaving safepoint region
[2022-06-13T03:00:52.509+0000][1][safepoint    ] Total time for which application threads were stopped: 0.0007470 seconds, Stopping threads took: 0.0003627 seconds
[2022-06-13T03:00:58.511+0000][1][safepoint    ] Application time: 6.0011679 seconds
[2022-06-13T03:00:58.511+0000][1][safepoint    ] Entering safepoint region: Cleanup
[2022-06-13T03:00:58.512+0000][1][safepoint    ] Leaving safepoint region
[2022-06-13T03:00:58.512+0000][1][safepoint    ] Total time for which application threads were stopped: 0.0006263 seconds, Stopping threads took: 0.0003090 seconds
[2022-06-13T03:01:02.513+0000][1][safepoint    ] Application time: 4.0004984 seconds
[2022-06-13T03:01:02.513+0000][1][safepoint    ] Entering safepoint region: Cleanup
[2022-06-13T03:01:02.514+0000][1][safepoint    ] Leaving safepoint region
[2022-06-13T03:01:02.514+0000][1][safepoint    ] Total time for which application threads were stopped: 0.0009485 seconds, Stopping threads took: 0.0004164 seconds
[2022-06-13T03:01:03.671+0000][1][safepoint    ] Application time: 1.1561811 seconds
[2022-06-13T03:01:03.671+0000][1][safepoint    ] Entering safepoint region: RevokeBias
[2022-06-13T03:01:03.671+0000][1][safepoint    ] Leaving safepoint region
[2022-06-13T03:01:03.671+0000][1][safepoint    ] Total time for which application threads were stopped: 0.0003036 seconds, Stopping threads took: 0.0001324 seconds
[2022-06-13T03:01:03.672+0000][1][safepoint    ] Application time: 0.0001835 seconds
[2022-06-13T03:01:03.672+0000][1][safepoint    ] Entering safepoint region: RevokeBias
[2022-06-13T03:01:03.672+0000][1][safepoint    ] Leaving safepoint region
[2022-06-13T03:01:03.672+0000][1][safepoint    ] Total time for which application threads were stopped: 0.0004125 seconds, Stopping threads took: 0.0002602 seconds
[2022-06-13T03:01:03.673+0000][1][safepoint    ] Application time: 0.0007418 seconds
[2022-06-13T03:01:03.673+0000][1][safepoint    ] Entering safepoint region: RevokeBias
[2022-06-13T03:01:03.674+0000][1][safepoint    ] Leaving safepoint region
[2022-06-13T03:01:03.674+0000][1][safepoint    ] Total time for which application threads were stopped: 0.0001920 seconds, Stopping threads took: 0.0000950 seconds
[2022-06-13T03:01:03.674+0000][1][safepoint    ] Application time: 0.0001257 seconds
[2022-06-13T03:01:03.674+0000][1][safepoint    ] Entering safepoint region: RevokeBias
[2022-06-13T03:01:03.674+0000][1][safepoint    ] Leaving safepoint region
[2022-06-13T03:01:03.674+0000][1][safepoint    ] Total time for which application threads were stopped: 0.0002144 seconds, Stopping threads took: 0.0000990 seconds
[2022-06-13T03:01:03.675+0000][1][safepoint    ] Application time: 0.0006250 seconds
[2022-06-13T03:01:03.675+0000][1][safepoint    ] Entering safepoint region: RevokeBias
[2022-06-13T03:01:03.675+0000][1][safepoint    ] Leaving safepoint region
[2022-06-13T03:01:03.675+0000][1][safepoint    ] Total time for which application threads were stopped: 0.0002351 seconds, Stopping threads took: 0.0001191 seconds
[2022-06-13T03:01:03.676+0000][1][safepoint    ] Application time: 0.0006207 seconds
[2022-06-13T03:01:03.676+0000][1][safepoint    ] Entering safepoint region: RevokeBias
[2022-06-13T03:01:03.676+0000][1][safepoint    ] Leaving safepoint region
[2022-06-13T03:01:03.676+0000][1][safepoint    ] Total time for which application threads were stopped: 0.0002602 seconds, Stopping threads took: 0.0001104 seconds
[2022-06-13T03:01:03.677+0000][1][safepoint    ] Application time: 0.0001151 seconds
[2022-06-13T03:01:03.677+0000][1][safepoint    ] Entering safepoint region: RevokeBias
[2022-06-13T03:01:03.677+0000][1][safepoint    ] Leaving safepoint region
[2022-06-13T03:01:03.677+0000][1][safepoint    ] Total time for which application threads were stopped: 0.0002102 seconds, Stopping threads took: 0.0000918 seconds
[2022-06-13T03:01:03.677+0000][1][safepoint    ] Application time: 0.0004289 seconds
[2022-06-13T03:01:03.678+0000][1][safepoint    ] Entering safepoint region: RevokeBias
[2022-06-13T03:01:03.678+0000][1][safepoint    ] Leaving safepoint region
[2022-06-13T03:01:03.678+0000][1][safepoint    ] Total time for which application threads were stopped: 0.0002143 seconds, Stopping threads took: 0.0000984 seconds
[2022-06-13T03:01:03.678+0000][1][safepoint    ] Application time: 0.0002959 seconds
[2022-06-13T03:01:03.678+0000][1][safepoint    ] Entering safepoint region: RevokeBias
[2022-06-13T03:01:03.678+0000][1][safepoint    ] Leaving safepoint region
[2022-06-13T03:01:03.678+0000][1][safepoint    ] Total time for which application threads were stopped: 0.0002356 seconds, Stopping threads took: 0.0001131 seconds
[2022-06-13T03:01:03.679+0000][1][safepoint    ] Application time: 0.0002804 seconds
[2022-06-13T03:01:03.679+0000][1][safepoint    ] Entering safepoint region: RevokeBias
[2022-06-13T03:01:03.679+0000][1][safepoint    ] Leaving safepoint region
[2022-06-13T03:01:03.679+0000][1][safepoint    ] Total time for which application threads were stopped: 0.0003613 seconds, Stopping threads took: 0.0002481 seconds
[2022-06-13T03:01:03.680+0000][1][safepoint    ] Application time: 0.0001576 seconds
[2022-06-13T03:01:03.680+0000][1][safepoint    ] Entering safepoint region: RevokeBias
[2022-06-13T03:01:03.680+0000][1][safepoint    ] Leaving safepoint region
[2022-06-13T03:01:03.680+0000][1][safepoint    ] Total time for which application threads were stopped: 0.0002096 seconds, Stopping threads took: 0.0001040 seconds
[2022-06-13T03:01:03.680+0000][1][safepoint    ] Application time: 0.0003217 seconds
[2022-06-13T03:01:03.680+0000][1][safepoint    ] Entering safepoint region: RevokeBias
[2022-06-13T03:01:03.681+0000][1][safepoint    ] Leaving safepoint region
[2022-06-13T03:01:03.681+0000][1][safepoint    ] Total time for which application threads were stopped: 0.0002237 seconds, Stopping threads took: 0.0001057 seconds
[2022-06-13T03:01:03.681+0000][1][safepoint    ] Application time: 0.0002977 seconds
[2022-06-13T03:01:03.681+0000][1][safepoint    ] Entering safepoint region: RevokeBias
[2022-06-13T03:01:03.681+0000][1][safepoint    ] Leaving safepoint region
[2022-06-13T03:01:03.681+0000][1][safepoint    ] Total time for which application threads were stopped: 0.0002244 seconds, Stopping threads took: 0.0001088 seconds
[2022-06-13T03:01:03.682+0000][1][safepoint    ] Application time: 0.0002668 seconds
[2022-06-13T03:01:03.682+0000][1][safepoint    ] Entering safepoint region: BulkRevokeBias
[2022-06-13T03:01:03.682+0000][1][safepoint    ] Leaving safepoint region
[2022-06-13T03:01:03.682+0000][1][safepoint    ] Total time for which application threads were stopped: 0.0004616 seconds, Stopping threads took: 0.0000943 seconds
[2022-06-13T03:01:03.683+0000][1][safepoint    ] Application time: 0.0003068 seconds
[2022-06-13T03:01:03.683+0000][1][safepoint    ] Entering safepoint region: RevokeBias
[2022-06-13T03:01:03.683+0000][1][safepoint    ] Leaving safepoint region
[2022-06-13T03:01:03.683+0000][1][safepoint    ] Total time for which application threads were stopped: 0.0002262 seconds, Stopping threads took: 0.0001040 seconds
[2022-06-13T03:01:03.684+0000][1][safepoint    ] Application time: 0.0003283 seconds
[2022-06-13T03:01:03.684+0000][1][safepoint    ] Entering safepoint region: RevokeBias
[2022-06-13T03:01:03.684+0000][1][safepoint    ] Leaving safepoint region
[2022-06-13T03:01:03.684+0000][1][safepoint    ] Total time for which application threads were stopped: 0.0003177 seconds, Stopping threads took: 0.0001446 seconds
[2022-06-13T03:01:03.684+0000][1][safepoint    ] Application time: 0.0002063 seconds
[2022-06-13T03:01:03.685+0000][1][safepoint    ] Entering safepoint region: RevokeBias
[2022-06-13T03:01:03.685+0000][1][safepoint    ] Leaving safepoint region
[2022-06-13T03:01:03.685+0000][1][safepoint    ] Total time for which application threads were stopped: 0.0002837 seconds, Stopping threads took: 0.0001155 seconds
[2022-06-13T03:01:03.685+0000][1][safepoint    ] Application time: 0.0004463 seconds
[2022-06-13T03:01:03.686+0000][1][safepoint    ] Entering safepoint region: RevokeBias
[2022-06-13T03:01:03.686+0000][1][safepoint    ] Leaving safepoint region
[2022-06-13T03:01:03.686+0000][1][safepoint    ] Total time for which application threads were stopped: 0.0002263 seconds, Stopping threads took: 0.0001194 seconds
[2022-06-13T03:01:03.686+0000][1][safepoint    ] Application time: 0.0002368 seconds
[2022-06-13T03:01:03.686+0000][1][safepoint    ] Entering safepoint region: RevokeBias
[2022-06-13T03:01:03.687+0000][1][safepoint    ] Leaving safepoint region
[2022-06-13T03:01:03.687+0000][1][safepoint    ] Total time for which application threads were stopped: 0.0004225 seconds, Stopping threads took: 0.0002055 seconds
[2022-06-13T03:01:03.687+0000][1][safepoint    ] Application time: 0.0001435 seconds
[2022-06-13T03:01:03.687+0000][1][safepoint    ] Entering safepoint region: RevokeBias
[2022-06-13T03:01:03.687+0000][1][safepoint    ] Leaving safepoint region
[2022-06-13T03:01:03.687+0000][1][safepoint    ] Total time for which application threads were stopped: 0.0002564 seconds, Stopping threads took: 0.0001364 seconds
[2022-06-13T03:01:03.687+0000][1][safepoint    ] Application time: 0.0000560 seconds
[2022-06-13T03:01:03.688+0000][1][safepoint    ] Entering safepoint region: RevokeBias
[2022-06-13T03:01:03.688+0000][1][safepoint    ] Leaving safepoint region
[2022-06-13T03:01:03.688+0000][1][safepoint    ] Total time for which application threads were stopped: 0.0002453 seconds, Stopping threads took: 0.0001356 seconds
[2022-06-13T03:01:03.689+0000][1][safepoint    ] Application time: 0.0007192 seconds
[2022-06-13T03:01:03.689+0000][1][safepoint    ] Entering safepoint region: RevokeBias
[2022-06-13T03:01:03.689+0000][1][safepoint    ] Leaving safepoint region
[2022-06-13T03:01:03.689+0000][1][safepoint    ] Total time for which application threads were stopped: 0.0004480 seconds, Stopping threads took: 0.0002247 seconds
[2022-06-13T03:01:03.690+0000][1][safepoint    ] Application time: 0.0002108 seconds
[2022-06-13T03:01:03.690+0000][1][safepoint    ] Entering safepoint region: RevokeBias
[2022-06-13T03:01:03.690+0000][1][safepoint    ] Leaving safepoint region
[2022-06-13T03:01:03.690+0000][1][safepoint    ] Total time for which application threads were stopped: 0.0002869 seconds, Stopping threads took: 0.0001696 seconds
[2022-06-13T03:01:03.690+0000][1][safepoint    ] Application time: 0.0001868 seconds
[2022-06-13T03:01:03.691+0000][1][safepoint    ] Entering safepoint region: RevokeBias
[2022-06-13T03:01:03.691+0000][1][safepoint    ] Leaving safepoint region
[2022-06-13T03:01:03.691+0000][1][safepoint    ] Total time for which application threads were stopped: 0.0002439 seconds, Stopping threads took: 0.0001390 seconds
[2022-06-13T03:01:03.691+0000][1][safepoint    ] Application time: 0.0001788 seconds
[2022-06-13T03:01:03.691+0000][1][safepoint    ] Entering safepoint region: RevokeBias
[2022-06-13T03:01:03.691+0000][1][safepoint    ] Leaving safepoint region
[2022-06-13T03:01:03.691+0000][1][safepoint    ] Total time for which application threads were stopped: 0.0002271 seconds, Stopping threads took: 0.0001235 seconds
[2022-06-13T03:01:03.692+0000][1][safepoint    ] Application time: 0.0001754 seconds
[2022-06-13T03:01:03.692+0000][1][safepoint    ] Entering safepoint region: RevokeBias
[2022-06-13T03:01:03.692+0000][1][safepoint    ] Leaving safepoint region
[2022-06-13T03:01:03.692+0000][1][safepoint    ] Total time for which application threads were stopped: 0.0002663 seconds, Stopping threads took: 0.0001448 seconds
[2022-06-13T03:01:03.692+0000][1][safepoint    ] Application time: 0.0002889 seconds
[2022-06-13T03:01:03.693+0000][1][safepoint    ] Entering safepoint region: RevokeBias
[2022-06-13T03:01:03.693+0000][1][safepoint    ] Leaving safepoint region
[2022-06-13T03:01:03.693+0000][1][safepoint    ] Total time for which application threads were stopped: 0.0002213 seconds, Stopping threads took: 0.0001149 seconds
[2022-06-13T03:01:03.693+0000][1][safepoint    ] Application time: 0.0002086 seconds
[2022-06-13T03:01:03.693+0000][1][safepoint    ] Entering safepoint region: RevokeBias
[2022-06-13T03:01:03.693+0000][1][safepoint    ] Leaving safepoint region
[2022-06-13T03:01:03.693+0000][1][safepoint    ] Total time for which application threads were stopped: 0.0002441 seconds, Stopping threads took: 0.0001361 seconds
[2022-06-13T03:01:03.694+0000][1][safepoint    ] Application time: 0.0000905 seconds
[2022-06-13T03:01:03.694+0000][1][safepoint    ] Entering safepoint region: RevokeBias
[2022-06-13T03:01:03.694+0000][1][safepoint    ] Leaving safepoint region
[2022-06-13T03:01:03.694+0000][1][safepoint    ] Total time for which application threads were stopped: 0.0002301 seconds, Stopping threads took: 0.0001207 seconds
[2022-06-13T03:01:03.694+0000][1][safepoint    ] Application time: 0.0000961 seconds
[2022-06-13T03:01:03.694+0000][1][safepoint    ] Entering safepoint region: RevokeBias
[2022-06-13T03:01:03.694+0000][1][safepoint    ] Leaving safepoint region
[2022-06-13T03:01:03.694+0000][1][safepoint    ] Total time for which application threads were stopped: 0.0002244 seconds, Stopping threads took: 0.0000988 seconds
[2022-06-13T03:01:03.695+0000][1][safepoint    ] Application time: 0.0000800 seconds
[2022-06-13T03:01:03.695+0000][1][safepoint    ] Entering safepoint region: RevokeBias
[2022-06-13T03:01:03.695+0000][1][safepoint    ] Leaving safepoint region
[2022-06-13T03:01:03.695+0000][1][safepoint    ] Total time for which application threads were stopped: 0.0002098 seconds, Stopping threads took: 0.0001115 seconds
[2022-06-13T03:01:04.078+0000][1][safepoint    ] Application time: 0.3824701 seconds
[2022-06-13T03:01:04.078+0000][1][safepoint    ] Entering safepoint region: RevokeBias
[2022-06-13T03:01:04.079+0000][1][safepoint    ] Leaving safepoint region
[2022-06-13T03:01:04.079+0000][1][safepoint    ] Total time for which application threads were stopped: 0.0009726 seconds, Stopping threads took: 0.0005557 seconds
[2022-06-13T03:01:04.080+0000][1][safepoint    ] Application time: 0.0006180 seconds
[2022-06-13T03:01:04.081+0000][1][safepoint    ] Entering safepoint region: RevokeBias
[2022-06-13T03:01:04.081+0000][1][safepoint    ] Leaving safepoint region
[2022-06-13T03:01:04.081+0000][1][safepoint    ] Total time for which application threads were stopped: 0.0007897 seconds, Stopping threads took: 0.0004040 seconds
[2022-06-13T03:01:04.082+0000][1][safepoint    ] Application time: 0.0001453 seconds
[2022-06-13T03:01:04.082+0000][1][safepoint    ] Entering safepoint region: RevokeBias
[2022-06-13T03:01:04.083+0000][1][safepoint    ] Leaving safepoint region
[2022-06-13T03:01:04.083+0000][1][safepoint    ] Total time for which application threads were stopped: 0.0010342 seconds, Stopping threads took: 0.0004291 seconds
[2022-06-13T03:01:04.084+0000][1][safepoint    ] Application time: 0.0002550 seconds
[2022-06-13T03:01:04.085+0000][1][safepoint    ] Entering safepoint region: RevokeBias
[2022-06-13T03:01:04.085+0000][1][safepoint    ] Leaving safepoint region
[2022-06-13T03:01:04.086+0000][1][safepoint    ] Total time for which application threads were stopped: 0.0010436 seconds, Stopping threads took: 0.0004912 seconds
[2022-06-13T03:01:04.086+0000][1][safepoint    ] Application time: 0.0002995 seconds
[2022-06-13T03:01:04.087+0000][1][safepoint    ] Entering safepoint region: RevokeBias
[2022-06-13T03:01:04.087+0000][1][safepoint    ] Leaving safepoint region
[2022-06-13T03:01:04.088+0000][1][safepoint    ] Total time for which application threads were stopped: 0.0008937 seconds, Stopping threads took: 0.0005601 seconds
[2022-06-13T03:01:04.091+0000][1][safepoint    ] Application time: 0.0026511 seconds
[2022-06-13T03:01:04.091+0000][1][safepoint    ] Entering safepoint region: RevokeBias
[2022-06-13T03:01:04.091+0000][1][safepoint    ] Leaving safepoint region
[2022-06-13T03:01:04.091+0000][1][safepoint    ] Total time for which application threads were stopped: 0.0006717 seconds, Stopping threads took: 0.0003578 seconds
[2022-06-13T03:01:04.092+0000][1][safepoint    ] Application time: 0.0001258 seconds
[2022-06-13T03:01:04.092+0000][1][safepoint    ] Entering safepoint region: RevokeBias
[2022-06-13T03:01:04.092+0000][1][safepoint    ] Leaving safepoint region
[2022-06-13T03:01:04.093+0000][1][safepoint    ] Total time for which application threads were stopped: 0.0005252 seconds, Stopping threads took: 0.0002480 seconds
[2022-06-13T03:01:04.094+0000][1][safepoint    ] Application time: 0.0007380 seconds
[2022-06-13T03:01:04.094+0000][1][safepoint    ] Entering safepoint region: RevokeBias
[2022-06-13T03:01:04.094+0000][1][gc,start     ] GC(22) Pause Young (Allocation Failure)
[2022-06-13T03:01:04.094+0000][1][gc,task      ] GC(22) Using 6 workers of 13 for evacuation
[2022-06-13T03:01:04.099+0000][1][gc,age       ] GC(22) Desired survivor size 4456448 bytes, new threshold 2 (max threshold 6)
[2022-06-13T03:01:04.099+0000][1][gc,age       ] GC(22) Age table with threshold 2 (max threshold 6)
[2022-06-13T03:01:04.099+0000][1][gc,age       ] GC(22) - age   1:    1747120 bytes,    1747120 total
[2022-06-13T03:01:04.099+0000][1][gc,age       ] GC(22) - age   2:    3629808 bytes,    5376928 total
[2022-06-13T03:01:04.100+0000][1][gc,heap      ] GC(22) ParNew: 76756K->6649K(78656K)
[2022-06-13T03:01:04.100+0000][1][gc,heap      ] GC(22) CMS: 62392K->63843K(174784K)
[2022-06-13T03:01:04.100+0000][1][gc,metaspace ] GC(22) Metaspace: 66649K->66649K(1110016K)
[2022-06-13T03:01:04.100+0000][1][gc           ] GC(22) Pause Young (Allocation Failure) 135M->68M(247M) 6.169ms
[2022-06-13T03:01:04.100+0000][1][gc,cpu       ] GC(22) User=0.03s Sys=0.00s Real=0.01s
[2022-06-13T03:01:04.100+0000][1][safepoint    ] Leaving safepoint region
[2022-06-13T03:01:04.101+0000][1][safepoint    ] Total time for which application threads were stopped: 0.0068653 seconds, Stopping threads took: 0.0001456 seconds
[2022-06-13T03:01:04.101+0000][1][safepoint    ] Application time: 0.0001552 seconds
[2022-06-13T03:01:04.101+0000][1][safepoint    ] Entering safepoint region: RevokeBias
[2022-06-13T03:01:04.101+0000][1][safepoint    ] Leaving safepoint region
[2022-06-13T03:01:04.102+0000][1][safepoint    ] Total time for which application threads were stopped: 0.0004015 seconds, Stopping threads took: 0.0002339 seconds
[2022-06-13T03:01:04.102+0000][1][safepoint    ] Application time: 0.0002905 seconds
[2022-06-13T03:01:04.102+0000][1][safepoint    ] Entering safepoint region: RevokeBias
[2022-06-13T03:01:04.102+0000][1][safepoint    ] Leaving safepoint region
[2022-06-13T03:01:04.103+0000][1][safepoint    ] Total time for which application threads were stopped: 0.0003059 seconds, Stopping threads took: 0.0001068 seconds
[2022-06-13T03:01:04.103+0000][1][safepoint    ] Application time: 0.0003028 seconds
[2022-06-13T03:01:04.103+0000][1][safepoint    ] Entering safepoint region: RevokeBias
[2022-06-13T03:01:04.103+0000][1][safepoint    ] Leaving safepoint region
[2022-06-13T03:01:04.103+0000][1][safepoint    ] Total time for which application threads were stopped: 0.0003448 seconds, Stopping threads took: 0.0001564 seconds
[2022-06-13T03:01:04.104+0000][1][safepoint    ] Application time: 0.0002579 seconds
[2022-06-13T03:01:04.104+0000][1][safepoint    ] Entering safepoint region: RevokeBias
[2022-06-13T03:01:04.104+0000][1][safepoint    ] Leaving safepoint region
[2022-06-13T03:01:04.104+0000][1][safepoint    ] Total time for which application threads were stopped: 0.0002461 seconds, Stopping threads took: 0.0001308 seconds
[2022-06-13T03:01:04.104+0000][1][safepoint    ] Application time: 0.0001792 seconds
[2022-06-13T03:01:04.105+0000][1][safepoint    ] Entering safepoint region: RevokeBias
[2022-06-13T03:01:04.105+0000][1][safepoint    ] Leaving safepoint region
[2022-06-13T03:01:04.105+0000][1][safepoint    ] Total time for which application threads were stopped: 0.0002707 seconds, Stopping threads took: 0.0001543 seconds
[2022-06-13T03:01:04.105+0000][1][safepoint    ] Application time: 0.0001620 seconds
[2022-06-13T03:01:04.105+0000][1][safepoint    ] Entering safepoint region: BulkRevokeBias
[2022-06-13T03:01:04.105+0000][1][safepoint    ] Leaving safepoint region
[2022-06-13T03:01:04.106+0000][1][safepoint    ] Total time for which application threads were stopped: 0.0002836 seconds, Stopping threads took: 0.0001245 seconds
[2022-06-13T03:01:04.110+0000][1][safepoint    ] Application time: 0.0044874 seconds
[2022-06-13T03:01:04.110+0000][1][safepoint    ] Entering safepoint region: RevokeBias
[2022-06-13T03:01:04.110+0000][1][safepoint    ] Leaving safepoint region
[2022-06-13T03:01:04.110+0000][1][safepoint    ] Total time for which application threads were stopped: 0.0002091 seconds, Stopping threads took: 0.0001077 seconds
[2022-06-13T03:01:04.114+0000][1][safepoint    ] Application time: 0.0035669 seconds
[2022-06-13T03:01:04.114+0000][1][safepoint    ] Entering safepoint region: RevokeBias
[2022-06-13T03:01:04.114+0000][1][safepoint    ] Leaving safepoint region
[2022-06-13T03:01:04.115+0000][1][safepoint    ] Total time for which application threads were stopped: 0.0002178 seconds, Stopping threads took: 0.0001055 seconds
[2022-06-13T03:01:04.115+0000][1][safepoint    ] Application time: 0.0000803 seconds
[2022-06-13T03:01:04.115+0000][1][safepoint    ] Entering safepoint region: RevokeBias
[2022-06-13T03:01:04.115+0000][1][safepoint    ] Leaving safepoint region
[2022-06-13T03:01:04.115+0000][1][safepoint    ] Total time for which application threads were stopped: 0.0001616 seconds, Stopping threads took: 0.0000681 seconds
[2022-06-13T03:01:04.115+0000][1][safepoint    ] Application time: 0.0000623 seconds
[2022-06-13T03:01:04.115+0000][1][safepoint    ] Entering safepoint region: RevokeBias
[2022-06-13T03:01:04.115+0000][1][safepoint    ] Leaving safepoint region
[2022-06-13T03:01:04.115+0000][1][safepoint    ] Total time for which application threads were stopped: 0.0001950 seconds, Stopping threads took: 0.0000910 seconds
[2022-06-13T03:01:04.116+0000][1][safepoint    ] Application time: 0.0003632 seconds
[2022-06-13T03:01:04.116+0000][1][safepoint    ] Entering safepoint region: RevokeBias
[2022-06-13T03:01:04.116+0000][1][safepoint    ] Leaving safepoint region
[2022-06-13T03:01:04.116+0000][1][safepoint    ] Total time for which application threads were stopped: 0.0002500 seconds, Stopping threads took: 0.0000707 seconds
[2022-06-13T03:01:04.117+0000][1][safepoint    ] Application time: 0.0005711 seconds
[2022-06-13T03:01:04.117+0000][1][safepoint    ] Entering safepoint region: RevokeBias
[2022-06-13T03:01:04.117+0000][1][safepoint    ] Leaving safepoint region
[2022-06-13T03:01:04.117+0000][1][safepoint    ] Total time for which application threads were stopped: 0.0001601 seconds, Stopping threads took: 0.0000742 seconds
[2022-06-13T03:01:04.117+0000][1][safepoint    ] Application time: 0.0002517 seconds
[2022-06-13T03:01:04.118+0000][1][safepoint    ] Entering safepoint region: RevokeBias
[2022-06-13T03:01:04.118+0000][1][safepoint    ] Leaving safepoint region
[2022-06-13T03:01:04.118+0000][1][safepoint    ] Total time for which application threads were stopped: 0.0001967 seconds, Stopping threads took: 0.0000838 seconds
[2022-06-13T03:01:04.118+0000][1][safepoint    ] Application time: 0.0002033 seconds
[2022-06-13T03:01:04.118+0000][1][safepoint    ] Entering safepoint region: RevokeBias
[2022-06-13T03:01:04.118+0000][1][safepoint    ] Leaving safepoint region
[2022-06-13T03:01:04.118+0000][1][safepoint    ] Total time for which application threads were stopped: 0.0002066 seconds, Stopping threads took: 0.0001248 seconds
[2022-06-13T03:01:04.119+0000][1][safepoint    ] Application time: 0.0009480 seconds
[2022-06-13T03:01:04.120+0000][1][safepoint    ] Entering safepoint region: RevokeBias
[2022-06-13T03:01:04.120+0000][1][safepoint    ] Leaving safepoint region
[2022-06-13T03:01:04.120+0000][1][safepoint    ] Total time for which application threads were stopped: 0.0001637 seconds, Stopping threads took: 0.0001002 seconds
[2022-06-13T03:01:04.120+0000][1][safepoint    ] Application time: 0.0001064 seconds
[2022-06-13T03:01:04.120+0000][1][safepoint    ] Entering safepoint region: RevokeBias
[2022-06-13T03:01:04.120+0000][1][safepoint    ] Leaving safepoint region
[2022-06-13T03:01:04.120+0000][1][safepoint    ] Total time for which application threads were stopped: 0.0001471 seconds, Stopping threads took: 0.0000784 seconds
[2022-06-13T03:01:04.121+0000][1][safepoint    ] Application time: 0.0010083 seconds
[2022-06-13T03:01:04.121+0000][1][safepoint    ] Entering safepoint region: RevokeBias
[2022-06-13T03:01:04.121+0000][1][safepoint    ] Leaving safepoint region
[2022-06-13T03:01:04.121+0000][1][safepoint    ] Total time for which application threads were stopped: 0.0002295 seconds, Stopping threads took: 0.0001145 seconds
[2022-06-13T03:01:04.123+0000][1][gc,heap,exit ] Heap
[2022-06-13T03:01:04.123+0000][1][gc,heap,exit ]  par new generation   total 78656K, used 14574K [0x00000000f0000000, 0x00000000f5550000, 0x00000000f5550000)
[2022-06-13T03:01:04.123+0000][1][gc,heap,exit ]   eden space 69952K,  11% used [0x00000000f0000000, 0x00000000f07bd5a0, 0x00000000f4450000)
[2022-06-13T03:01:04.124+0000][1][gc,heap,exit ]   from space 8704K,  76% used [0x00000000f4cd0000, 0x00000000f534e4c0, 0x00000000f5550000)
[2022-06-13T03:01:04.124+0000][1][gc,heap,exit ]   to   space 8704K,   0% used [0x00000000f4450000, 0x00000000f4450000, 0x00000000f4cd0000)
[2022-06-13T03:01:04.124+0000][1][gc,heap,exit ]  concurrent mark-sweep generation total 174784K, used 63843K [0x00000000f5550000, 0x0000000100000000, 0x0000000100000000)
[2022-06-13T03:01:04.124+0000][1][gc,heap,exit ]  Metaspace       used 66767K, capacity 71721K, committed 72028K, reserved 1110016K
[2022-06-13T03:01:04.124+0000][1][gc,heap,exit ]   class space    used 9106K, capacity 11168K, committed 11252K, reserved 1048576K
[2022-06-13T03:01:04.124+0000][1][safepoint    ] Application time: 0.0025986 seconds
[2022-06-13T03:01:04.124+0000][1][safepoint    ] Entering safepoint region: Exit
