[2022-06-13T02:56:44.307+0000][1][gc] Using Concurrent Mark Sweep
[2022-06-13T02:56:44.308+0000][1][gc,heap,coops] Heap address: 0x00000000f0000000, size: 256 MB, Compressed Oops mode: 32-bit
[2022-06-13T02:56:44.343+0000][1][safepoint    ] Entering safepoint region: EnableBiasedLocking
[2022-06-13T02:56:44.344+0000][1][safepoint    ] Leaving safepoint region
[2022-06-13T02:56:44.344+0000][1][safepoint    ] Total time for which application threads were stopped: 0.0013572 seconds, Stopping threads took: 0.0008825 seconds
[2022-06-13T02:56:44.347+0000][1][safepoint    ] Application time: 0.0020080 seconds
[2022-06-13T02:56:44.348+0000][1][safepoint    ] Entering safepoint region: RevokeBias
[2022-06-13T02:56:44.383+0000][1][safepoint    ] Leaving safepoint region
[2022-06-13T02:56:44.384+0000][1][safepoint    ] Total time for which application threads were stopped: 0.0359026 seconds, Stopping threads took: 0.0353488 seconds
[2022-06-13T02:56:44.391+0000][1][safepoint    ] Application time: 0.0066123 seconds
[2022-06-13T02:56:44.391+0000][1][safepoint    ] Entering safepoint region: Deoptimize
[2022-06-13T02:56:44.391+0000][1][safepoint    ] Leaving safepoint region
[2022-06-13T02:56:44.392+0000][1][safepoint    ] Total time for which application threads were stopped: 0.0009262 seconds, Stopping threads took: 0.0003491 seconds
[2022-06-13T02:56:44.457+0000][1][safepoint    ] Application time: 0.0642862 seconds
[2022-06-13T02:56:44.458+0000][1][safepoint    ] Entering safepoint region: RevokeBias
[2022-06-13T02:56:44.458+0000][1][safepoint    ] Leaving safepoint region
[2022-06-13T02:56:44.459+0000][1][safepoint    ] Total time for which application threads were stopped: 0.0010857 seconds, Stopping threads took: 0.0005668 seconds
[2022-06-13T02:56:44.478+0000][1][safepoint    ] Application time: 0.0188257 seconds
[2022-06-13T02:56:44.479+0000][1][safepoint    ] Entering safepoint region: Deoptimize
[2022-06-13T02:56:44.479+0000][1][safepoint    ] Leaving safepoint region
[2022-06-13T02:56:44.479+0000][1][safepoint    ] Total time for which application threads were stopped: 0.0005689 seconds, Stopping threads took: 0.0003012 seconds
[2022-06-13T02:56:44.642+0000][1][safepoint    ] Application time: 0.1625150 seconds
[2022-06-13T02:56:44.642+0000][1][safepoint    ] Entering safepoint region: Deoptimize
[2022-06-13T02:56:44.643+0000][1][safepoint    ] Leaving safepoint region
[2022-06-13T02:56:44.643+0000][1][safepoint    ] Total time for which application threads were stopped: 0.0007349 seconds, Stopping threads took: 0.0003576 seconds
[2022-06-13T02:56:44.653+0000][1][safepoint    ] Application time: 0.0098575 seconds
[2022-06-13T02:56:44.654+0000][1][safepoint    ] Entering safepoint region: Deoptimize
[2022-06-13T02:56:44.654+0000][1][safepoint    ] Leaving safepoint region
[2022-06-13T02:56:44.655+0000][1][safepoint    ] Total time for which application threads were stopped: 0.0008855 seconds, Stopping threads took: 0.0004594 seconds
[2022-06-13T02:56:44.680+0000][1][safepoint    ] Application time: 0.0249599 seconds
[2022-06-13T02:56:44.681+0000][1][safepoint    ] Entering safepoint region: Deoptimize
[2022-06-13T02:56:44.681+0000][1][safepoint    ] Leaving safepoint region
[2022-06-13T02:56:44.681+0000][1][safepoint    ] Total time for which application threads were stopped: 0.0009780 seconds, Stopping threads took: 0.0004795 seconds
[2022-06-13T02:56:44.688+0000][1][safepoint    ] Application time: 0.0063070 seconds
[2022-06-13T02:56:44.689+0000][1][safepoint    ] Entering safepoint region: Deoptimize
[2022-06-13T02:56:44.689+0000][1][safepoint    ] Leaving safepoint region
[2022-06-13T02:56:44.689+0000][1][safepoint    ] Total time for which application threads were stopped: 0.0007326 seconds, Stopping threads took: 0.0003518 seconds
[2022-06-13T02:56:44.898+0000][1][safepoint    ] Application time: 0.2087434 seconds
[2022-06-13T02:56:44.899+0000][1][safepoint    ] Entering safepoint region: Deoptimize
[2022-06-13T02:56:44.899+0000][1][safepoint    ] Leaving safepoint region
[2022-06-13T02:56:44.899+0000][1][safepoint    ] Total time for which application threads were stopped: 0.0005839 seconds, Stopping threads took: 0.0001579 seconds
[2022-06-13T02:56:45.034+0000][1][safepoint    ] Application time: 0.1346316 seconds
[2022-06-13T02:56:45.034+0000][1][safepoint    ] Entering safepoint region: RevokeBias
[2022-06-13T02:56:45.035+0000][1][safepoint    ] Leaving safepoint region
[2022-06-13T02:56:45.035+0000][1][safepoint    ] Total time for which application threads were stopped: 0.0005649 seconds, Stopping threads took: 0.0002160 seconds
[2022-06-13T02:56:45.087+0000][1][safepoint    ] Application time: 0.0519671 seconds
[2022-06-13T02:56:45.087+0000][1][safepoint    ] Entering safepoint region: Deoptimize
[2022-06-13T02:56:45.088+0000][1][safepoint    ] Leaving safepoint region
[2022-06-13T02:56:45.088+0000][1][safepoint    ] Total time for which application threads were stopped: 0.0005582 seconds, Stopping threads took: 0.0002286 seconds
[2022-06-13T02:56:45.156+0000][1][safepoint    ] Application time: 0.0675961 seconds
[2022-06-13T02:56:45.156+0000][1][safepoint    ] Entering safepoint region: Deoptimize
[2022-06-13T02:56:45.157+0000][1][safepoint    ] Leaving safepoint region
[2022-06-13T02:56:45.157+0000][1][safepoint    ] Total time for which application threads were stopped: 0.0008600 seconds, Stopping threads took: 0.0003152 seconds
[2022-06-13T02:56:45.158+0000][1][safepoint    ] Application time: 0.0002892 seconds
[2022-06-13T02:56:45.158+0000][1][safepoint    ] Entering safepoint region: Deoptimize
[2022-06-13T02:56:45.159+0000][1][safepoint    ] Leaving safepoint region
[2022-06-13T02:56:45.159+0000][1][safepoint    ] Total time for which application threads were stopped: 0.0007841 seconds, Stopping threads took: 0.0002835 seconds
[2022-06-13T02:56:45.181+0000][1][safepoint    ] Application time: 0.0216186 seconds
[2022-06-13T02:56:45.181+0000][1][safepoint    ] Entering safepoint region: Deoptimize
[2022-06-13T02:56:45.182+0000][1][safepoint    ] Leaving safepoint region
[2022-06-13T02:56:45.182+0000][1][safepoint    ] Total time for which application threads were stopped: 0.0006652 seconds, Stopping threads took: 0.0001990 seconds
[2022-06-13T02:56:45.186+0000][1][safepoint    ] Application time: 0.0041689 seconds
[2022-06-13T02:56:45.187+0000][1][safepoint    ] Entering safepoint region: RevokeBias
[2022-06-13T02:56:45.187+0000][1][safepoint    ] Leaving safepoint region
[2022-06-13T02:56:45.187+0000][1][safepoint    ] Total time for which application threads were stopped: 0.0004329 seconds, Stopping threads took: 0.0002437 seconds
[2022-06-13T02:56:45.187+0000][1][safepoint    ] Application time: 0.0002538 seconds
[2022-06-13T02:56:45.188+0000][1][safepoint    ] Entering safepoint region: RevokeBias
[2022-06-13T02:56:45.188+0000][1][safepoint    ] Leaving safepoint region
[2022-06-13T02:56:45.188+0000][1][safepoint    ] Total time for which application threads were stopped: 0.0003938 seconds, Stopping threads took: 0.0001807 seconds
[2022-06-13T02:56:45.188+0000][1][safepoint    ] Application time: 0.0001014 seconds
[2022-06-13T02:56:45.188+0000][1][safepoint    ] Entering safepoint region: RevokeBias
[2022-06-13T02:56:45.189+0000][1][safepoint    ] Leaving safepoint region
[2022-06-13T02:56:45.189+0000][1][safepoint    ] Total time for which application threads were stopped: 0.0003469 seconds, Stopping threads took: 0.0001931 seconds
[2022-06-13T02:56:45.189+0000][1][safepoint    ] Application time: 0.0002349 seconds
[2022-06-13T02:56:45.189+0000][1][safepoint    ] Entering safepoint region: RevokeBias
[2022-06-13T02:56:45.190+0000][1][safepoint    ] Leaving safepoint region
[2022-06-13T02:56:45.190+0000][1][safepoint    ] Total time for which application threads were stopped: 0.0004310 seconds, Stopping threads took: 0.0002471 seconds
[2022-06-13T02:56:45.208+0000][1][safepoint    ] Application time: 0.0179884 seconds
[2022-06-13T02:56:45.208+0000][1][safepoint    ] Entering safepoint region: RevokeBias
[2022-06-13T02:56:45.209+0000][1][safepoint    ] Leaving safepoint region
[2022-06-13T02:56:45.209+0000][1][safepoint    ] Total time for which application threads were stopped: 0.0006261 seconds, Stopping threads took: 0.0003210 seconds
[2022-06-13T02:56:45.215+0000][1][safepoint    ] Application time: 0.0052744 seconds
[2022-06-13T02:56:45.215+0000][1][safepoint    ] Entering safepoint region: RevokeBias
[2022-06-13T02:56:45.215+0000][1][safepoint    ] Leaving safepoint region
[2022-06-13T02:56:45.215+0000][1][safepoint    ] Total time for which application threads were stopped: 0.0002929 seconds, Stopping threads took: 0.0001342 seconds
[2022-06-13T02:56:45.233+0000][1][safepoint    ] Application time: 0.0181201 seconds
[2022-06-13T02:56:45.234+0000][1][safepoint    ] Entering safepoint region: GenCollectForAllocation
[2022-06-13T02:56:45.234+0000][1][gc,start     ] GC(0) Pause Young (Allocation Failure)
[2022-06-13T02:56:45.236+0000][1][gc,task      ] GC(0) Using 5 workers of 13 for evacuation
[2022-06-13T02:56:45.240+0000][1][gc,age       ] GC(0) Desired survivor size 4456448 bytes, new threshold 1 (max threshold 6)
[2022-06-13T02:56:45.240+0000][1][gc,age       ] GC(0) Age table with threshold 1 (max threshold 6)
[2022-06-13T02:56:45.241+0000][1][gc,age       ] GC(0) - age   1:    8198248 bytes,    8198248 total
[2022-06-13T02:56:45.241+0000][1][gc,heap      ] GC(0) ParNew: 69952K->8118K(78656K)
[2022-06-13T02:56:45.242+0000][1][gc,heap      ] GC(0) CMS: 0K->0K(174784K)
[2022-06-13T02:56:45.242+0000][1][gc,metaspace ] GC(0) Metaspace: 12317K->12317K(1060864K)
[2022-06-13T02:56:45.242+0000][1][gc           ] GC(0) Pause Young (Allocation Failure) 68M->7M(247M) 8.121ms
[2022-06-13T02:56:45.242+0000][1][gc,cpu       ] GC(0) User=0.04s Sys=0.00s Real=0.01s
[2022-06-13T02:56:45.243+0000][1][safepoint    ] Leaving safepoint region
[2022-06-13T02:56:45.243+0000][1][safepoint    ] Total time for which application threads were stopped: 0.0088637 seconds, Stopping threads took: 0.0002372 seconds
[2022-06-13T02:56:45.243+0000][1][safepoint    ] Application time: 0.0003880 seconds
[2022-06-13T02:56:45.244+0000][1][safepoint    ] Entering safepoint region: RevokeBias
[2022-06-13T02:56:45.244+0000][1][safepoint    ] Leaving safepoint region
[2022-06-13T02:56:45.244+0000][1][safepoint    ] Total time for which application threads were stopped: 0.0004420 seconds, Stopping threads took: 0.0002055 seconds
[2022-06-13T02:56:45.244+0000][1][safepoint    ] Application time: 0.0001204 seconds
[2022-06-13T02:56:45.245+0000][1][safepoint    ] Entering safepoint region: RevokeBias
[2022-06-13T02:56:45.245+0000][1][safepoint    ] Leaving safepoint region
[2022-06-13T02:56:45.245+0000][1][safepoint    ] Total time for which application threads were stopped: 0.0005987 seconds, Stopping threads took: 0.0004177 seconds
[2022-06-13T02:56:45.246+0000][1][safepoint    ] Application time: 0.0005038 seconds
[2022-06-13T02:56:45.246+0000][1][safepoint    ] Entering safepoint region: RevokeBias
[2022-06-13T02:56:45.246+0000][1][safepoint    ] Leaving safepoint region
[2022-06-13T02:56:45.246+0000][1][safepoint    ] Total time for which application threads were stopped: 0.0003239 seconds, Stopping threads took: 0.0001987 seconds
[2022-06-13T02:56:45.247+0000][1][safepoint    ] Application time: 0.0000766 seconds
[2022-06-13T02:56:45.247+0000][1][safepoint    ] Entering safepoint region: RevokeBias
[2022-06-13T02:56:45.247+0000][1][safepoint    ] Leaving safepoint region
[2022-06-13T02:56:45.247+0000][1][safepoint    ] Total time for which application threads were stopped: 0.0004328 seconds, Stopping threads took: 0.0001811 seconds
[2022-06-13T02:56:45.247+0000][1][safepoint    ] Application time: 0.0001215 seconds
[2022-06-13T02:56:45.248+0000][1][safepoint    ] Entering safepoint region: RevokeBias
[2022-06-13T02:56:45.248+0000][1][safepoint    ] Leaving safepoint region
[2022-06-13T02:56:45.248+0000][1][safepoint    ] Total time for which application threads were stopped: 0.0003404 seconds, Stopping threads took: 0.0001733 seconds
[2022-06-13T02:56:45.248+0000][1][safepoint    ] Application time: 0.0001014 seconds
[2022-06-13T02:56:45.248+0000][1][safepoint    ] Entering safepoint region: RevokeBias
[2022-06-13T02:56:45.249+0000][1][safepoint    ] Leaving safepoint region
[2022-06-13T02:56:45.249+0000][1][safepoint    ] Total time for which application threads were stopped: 0.0004019 seconds, Stopping threads took: 0.0002157 seconds
[2022-06-13T02:56:45.249+0000][1][safepoint    ] Application time: 0.0000863 seconds
[2022-06-13T02:56:45.250+0000][1][safepoint    ] Entering safepoint region: RevokeBias
[2022-06-13T02:56:45.250+0000][1][safepoint    ] Leaving safepoint region
[2022-06-13T02:56:45.250+0000][1][safepoint    ] Total time for which application threads were stopped: 0.0005302 seconds, Stopping threads took: 0.0004035 seconds
[2022-06-13T02:56:45.250+0000][1][safepoint    ] Application time: 0.0000747 seconds
[2022-06-13T02:56:45.250+0000][1][safepoint    ] Entering safepoint region: RevokeBias
[2022-06-13T02:56:45.250+0000][1][safepoint    ] Leaving safepoint region
[2022-06-13T02:56:45.251+0000][1][safepoint    ] Total time for which application threads were stopped: 0.0003515 seconds, Stopping threads took: 0.0001759 seconds
[2022-06-13T02:56:45.251+0000][1][safepoint    ] Application time: 0.0000898 seconds
[2022-06-13T02:56:45.251+0000][1][safepoint    ] Entering safepoint region: RevokeBias
[2022-06-13T02:56:45.251+0000][1][safepoint    ] Leaving safepoint region
[2022-06-13T02:56:45.251+0000][1][safepoint    ] Total time for which application threads were stopped: 0.0003303 seconds, Stopping threads took: 0.0001695 seconds
[2022-06-13T02:56:45.252+0000][1][safepoint    ] Application time: 0.0000806 seconds
[2022-06-13T02:56:45.252+0000][1][safepoint    ] Entering safepoint region: RevokeBias
[2022-06-13T02:56:45.252+0000][1][safepoint    ] Leaving safepoint region
[2022-06-13T02:56:45.252+0000][1][safepoint    ] Total time for which application threads were stopped: 0.0003710 seconds, Stopping threads took: 0.0002085 seconds
[2022-06-13T02:56:45.252+0000][1][safepoint    ] Application time: 0.0001679 seconds
[2022-06-13T02:56:45.253+0000][1][safepoint    ] Entering safepoint region: RevokeBias
[2022-06-13T02:56:45.253+0000][1][safepoint    ] Leaving safepoint region
[2022-06-13T02:56:45.253+0000][1][safepoint    ] Total time for which application threads were stopped: 0.0002879 seconds, Stopping threads took: 0.0001669 seconds
[2022-06-13T02:56:45.253+0000][1][safepoint    ] Application time: 0.0000732 seconds
[2022-06-13T02:56:45.253+0000][1][safepoint    ] Entering safepoint region: RevokeBias
[2022-06-13T02:56:45.253+0000][1][safepoint    ] Leaving safepoint region
[2022-06-13T02:56:45.253+0000][1][safepoint    ] Total time for which application threads were stopped: 0.0002186 seconds, Stopping threads took: 0.0001035 seconds
[2022-06-13T02:56:45.254+0000][1][safepoint    ] Application time: 0.0002946 seconds
[2022-06-13T02:56:45.254+0000][1][safepoint    ] Entering safepoint region: RevokeBias
[2022-06-13T02:56:45.254+0000][1][safepoint    ] Leaving safepoint region
[2022-06-13T02:56:45.255+0000][1][safepoint    ] Total time for which application threads were stopped: 0.0006459 seconds, Stopping threads took: 0.0003274 seconds
[2022-06-13T02:56:45.255+0000][1][safepoint    ] Application time: 0.0001314 seconds
[2022-06-13T02:56:45.255+0000][1][safepoint    ] Entering safepoint region: RevokeBias
[2022-06-13T02:56:45.256+0000][1][safepoint    ] Leaving safepoint region
[2022-06-13T02:56:45.256+0000][1][safepoint    ] Total time for which application threads were stopped: 0.0005637 seconds, Stopping threads took: 0.0003693 seconds
[2022-06-13T02:56:45.256+0000][1][safepoint    ] Application time: 0.0001053 seconds
[2022-06-13T02:56:45.256+0000][1][safepoint    ] Entering safepoint region: RevokeBias
[2022-06-13T02:56:45.256+0000][1][safepoint    ] Leaving safepoint region
[2022-06-13T02:56:45.256+0000][1][safepoint    ] Total time for which application threads were stopped: 0.0003508 seconds, Stopping threads took: 0.0001746 seconds
[2022-06-13T02:56:45.257+0000][1][safepoint    ] Application time: 0.0000676 seconds
[2022-06-13T02:56:45.257+0000][1][safepoint    ] Entering safepoint region: RevokeBias
[2022-06-13T02:56:45.257+0000][1][safepoint    ] Leaving safepoint region
[2022-06-13T02:56:45.257+0000][1][safepoint    ] Total time for which application threads were stopped: 0.0004189 seconds, Stopping threads took: 0.0001606 seconds
[2022-06-13T02:56:45.257+0000][1][safepoint    ] Application time: 0.0000774 seconds
[2022-06-13T02:56:45.258+0000][1][safepoint    ] Entering safepoint region: RevokeBias
[2022-06-13T02:56:45.258+0000][1][safepoint    ] Leaving safepoint region
[2022-06-13T02:56:45.258+0000][1][safepoint    ] Total time for which application threads were stopped: 0.0004863 seconds, Stopping threads took: 0.0002272 seconds
[2022-06-13T02:56:45.258+0000][1][safepoint    ] Application time: 0.0000852 seconds
[2022-06-13T02:56:45.259+0000][1][safepoint    ] Entering safepoint region: RevokeBias
[2022-06-13T02:56:45.259+0000][1][safepoint    ] Leaving safepoint region
[2022-06-13T02:56:45.259+0000][1][safepoint    ] Total time for which application threads were stopped: 0.0003260 seconds, Stopping threads took: 0.0001544 seconds
[2022-06-13T02:56:45.259+0000][1][safepoint    ] Application time: 0.0001023 seconds
[2022-06-13T02:56:45.259+0000][1][safepoint    ] Entering safepoint region: RevokeBias
[2022-06-13T02:56:45.259+0000][1][safepoint    ] Leaving safepoint region
[2022-06-13T02:56:45.260+0000][1][safepoint    ] Total time for which application threads were stopped: 0.0003284 seconds, Stopping threads took: 0.0001545 seconds
[2022-06-13T02:56:45.260+0000][1][safepoint    ] Application time: 0.0000892 seconds
[2022-06-13T02:56:45.260+0000][1][safepoint    ] Entering safepoint region: RevokeBias
[2022-06-13T02:56:45.260+0000][1][safepoint    ] Leaving safepoint region
[2022-06-13T02:56:45.260+0000][1][safepoint    ] Total time for which application threads were stopped: 0.0004609 seconds, Stopping threads took: 0.0002287 seconds
[2022-06-13T02:56:45.261+0000][1][safepoint    ] Application time: 0.0000813 seconds
[2022-06-13T02:56:45.261+0000][1][safepoint    ] Entering safepoint region: RevokeBias
[2022-06-13T02:56:45.261+0000][1][safepoint    ] Leaving safepoint region
[2022-06-13T02:56:45.261+0000][1][safepoint    ] Total time for which application threads were stopped: 0.0003067 seconds, Stopping threads took: 0.0001597 seconds
[2022-06-13T02:56:45.261+0000][1][safepoint    ] Application time: 0.0000967 seconds
[2022-06-13T02:56:45.261+0000][1][safepoint    ] Entering safepoint region: RevokeBias
[2022-06-13T02:56:45.262+0000][1][safepoint    ] Leaving safepoint region
[2022-06-13T02:56:45.262+0000][1][safepoint    ] Total time for which application threads were stopped: 0.0003852 seconds, Stopping threads took: 0.0002321 seconds
[2022-06-13T02:56:45.262+0000][1][safepoint    ] Application time: 0.0002210 seconds
[2022-06-13T02:56:45.262+0000][1][safepoint    ] Entering safepoint region: RevokeBias
[2022-06-13T02:56:45.262+0000][1][safepoint    ] Leaving safepoint region
[2022-06-13T02:56:45.263+0000][1][safepoint    ] Total time for which application threads were stopped: 0.0002794 seconds, Stopping threads took: 0.0001442 seconds
[2022-06-13T02:56:45.263+0000][1][safepoint    ] Application time: 0.0000693 seconds
[2022-06-13T02:56:45.263+0000][1][safepoint    ] Entering safepoint region: RevokeBias
[2022-06-13T02:56:45.263+0000][1][safepoint    ] Leaving safepoint region
[2022-06-13T02:56:45.263+0000][1][safepoint    ] Total time for which application threads were stopped: 0.0002864 seconds, Stopping threads took: 0.0001747 seconds
[2022-06-13T02:56:45.264+0000][1][safepoint    ] Application time: 0.0002901 seconds
[2022-06-13T02:56:45.264+0000][1][safepoint    ] Entering safepoint region: RevokeBias
[2022-06-13T02:56:45.264+0000][1][safepoint    ] Leaving safepoint region
[2022-06-13T02:56:45.264+0000][1][safepoint    ] Total time for which application threads were stopped: 0.0004688 seconds, Stopping threads took: 0.0002500 seconds
[2022-06-13T02:56:45.265+0000][1][safepoint    ] Application time: 0.0001407 seconds
[2022-06-13T02:56:45.265+0000][1][safepoint    ] Entering safepoint region: RevokeBias
[2022-06-13T02:56:45.265+0000][1][safepoint    ] Leaving safepoint region
[2022-06-13T02:56:45.265+0000][1][safepoint    ] Total time for which application threads were stopped: 0.0002810 seconds, Stopping threads took: 0.0001305 seconds
[2022-06-13T02:56:45.410+0000][1][safepoint    ] Application time: 0.1446011 seconds
[2022-06-13T02:56:45.410+0000][1][safepoint    ] Entering safepoint region: Deoptimize
[2022-06-13T02:56:45.410+0000][1][safepoint    ] Leaving safepoint region
[2022-06-13T02:56:45.411+0000][1][safepoint    ] Total time for which application threads were stopped: 0.0008025 seconds, Stopping threads took: 0.0001685 seconds
[2022-06-13T02:56:45.547+0000][1][safepoint    ] Application time: 0.1357752 seconds
[2022-06-13T02:56:45.547+0000][1][safepoint    ] Entering safepoint region: RevokeBias
[2022-06-13T02:56:45.547+0000][1][safepoint    ] Leaving safepoint region
[2022-06-13T02:56:45.548+0000][1][safepoint    ] Total time for which application threads were stopped: 0.0007558 seconds, Stopping threads took: 0.0003484 seconds
[2022-06-13T02:56:45.603+0000][1][safepoint    ] Application time: 0.0554800 seconds
[2022-06-13T02:56:45.604+0000][1][safepoint    ] Entering safepoint region: RevokeBias
[2022-06-13T02:56:45.604+0000][1][safepoint    ] Leaving safepoint region
[2022-06-13T02:56:45.605+0000][1][safepoint    ] Total time for which application threads were stopped: 0.0007823 seconds, Stopping threads took: 0.0002967 seconds
[2022-06-13T02:56:45.608+0000][1][safepoint    ] Application time: 0.0032741 seconds
[2022-06-13T02:56:45.609+0000][1][safepoint    ] Entering safepoint region: RevokeBias
[2022-06-13T02:56:45.609+0000][1][safepoint    ] Leaving safepoint region
[2022-06-13T02:56:45.609+0000][1][safepoint    ] Total time for which application threads were stopped: 0.0006756 seconds, Stopping threads took: 0.0003418 seconds
[2022-06-13T02:56:45.628+0000][1][safepoint    ] Application time: 0.0181489 seconds
[2022-06-13T02:56:45.628+0000][1][safepoint    ] Entering safepoint region: GenCollectForAllocation
[2022-06-13T02:56:45.629+0000][1][gc,start     ] GC(1) Pause Young (Allocation Failure)
[2022-06-13T02:56:45.629+0000][1][gc,task      ] GC(1) Using 5 workers of 13 for evacuation
[2022-06-13T02:56:45.641+0000][1][gc,age       ] GC(1) Desired survivor size 4456448 bytes, new threshold 6 (max threshold 6)
[2022-06-13T02:56:45.642+0000][1][gc,age       ] GC(1) Age table with threshold 6 (max threshold 6)
[2022-06-13T02:56:45.642+0000][1][gc,age       ] GC(1) - age   1:    2013624 bytes,    2013624 total
[2022-06-13T02:56:45.642+0000][1][gc,heap      ] GC(1) ParNew: 78070K->5415K(78656K)
[2022-06-13T02:56:45.642+0000][1][gc,heap      ] GC(1) CMS: 0K->6676K(174784K)
[2022-06-13T02:56:45.642+0000][1][gc,metaspace ] GC(1) Metaspace: 14916K->14916K(1062912K)
[2022-06-13T02:56:45.642+0000][1][gc           ] GC(1) Pause Young (Allocation Failure) 76M->11M(247M) 13.729ms
[2022-06-13T02:56:45.643+0000][1][gc,cpu       ] GC(1) User=0.05s Sys=0.00s Real=0.02s
[2022-06-13T02:56:45.643+0000][1][safepoint    ] Leaving safepoint region
[2022-06-13T02:56:45.643+0000][1][safepoint    ] Total time for which application threads were stopped: 0.0147979 seconds, Stopping threads took: 0.0004746 seconds
[2022-06-13T02:56:45.643+0000][1][safepoint    ] Application time: 0.0002405 seconds
[2022-06-13T02:56:45.644+0000][1][safepoint    ] Entering safepoint region: RevokeBias
[2022-06-13T02:56:45.644+0000][1][safepoint    ] Leaving safepoint region
[2022-06-13T02:56:45.644+0000][1][safepoint    ] Total time for which application threads were stopped: 0.0004596 seconds, Stopping threads took: 0.0002109 seconds
[2022-06-13T02:56:45.644+0000][1][safepoint    ] Application time: 0.0002148 seconds
[2022-06-13T02:56:45.645+0000][1][safepoint    ] Entering safepoint region: RevokeBias
[2022-06-13T02:56:45.645+0000][1][safepoint    ] Leaving safepoint region
[2022-06-13T02:56:45.645+0000][1][safepoint    ] Total time for which application threads were stopped: 0.0006778 seconds, Stopping threads took: 0.0003458 seconds
[2022-06-13T02:56:45.646+0000][1][safepoint    ] Application time: 0.0001912 seconds
[2022-06-13T02:56:45.646+0000][1][safepoint    ] Entering safepoint region: RevokeBias
[2022-06-13T02:56:45.646+0000][1][safepoint    ] Leaving safepoint region
[2022-06-13T02:56:45.647+0000][1][safepoint    ] Total time for which application threads were stopped: 0.0005402 seconds, Stopping threads took: 0.0002456 seconds
[2022-06-13T02:56:45.647+0000][1][safepoint    ] Application time: 0.0000988 seconds
[2022-06-13T02:56:45.647+0000][1][safepoint    ] Entering safepoint region: RevokeBias
[2022-06-13T02:56:45.647+0000][1][safepoint    ] Leaving safepoint region
[2022-06-13T02:56:45.648+0000][1][safepoint    ] Total time for which application threads were stopped: 0.0006236 seconds, Stopping threads took: 0.0001711 seconds
[2022-06-13T02:56:45.648+0000][1][safepoint    ] Application time: 0.0002462 seconds
[2022-06-13T02:56:45.649+0000][1][safepoint    ] Entering safepoint region: RevokeBias
[2022-06-13T02:56:45.649+0000][1][safepoint    ] Leaving safepoint region
[2022-06-13T02:56:45.649+0000][1][safepoint    ] Total time for which application threads were stopped: 0.0005153 seconds, Stopping threads took: 0.0002548 seconds
[2022-06-13T02:56:45.650+0000][1][safepoint    ] Application time: 0.0001900 seconds
[2022-06-13T02:56:45.650+0000][1][safepoint    ] Entering safepoint region: RevokeBias
[2022-06-13T02:56:45.650+0000][1][safepoint    ] Leaving safepoint region
[2022-06-13T02:56:45.650+0000][1][safepoint    ] Total time for which application threads were stopped: 0.0004889 seconds, Stopping threads took: 0.0002031 seconds
[2022-06-13T02:56:45.651+0000][1][safepoint    ] Application time: 0.0000873 seconds
[2022-06-13T02:56:45.651+0000][1][safepoint    ] Entering safepoint region: RevokeBias
[2022-06-13T02:56:45.651+0000][1][safepoint    ] Leaving safepoint region
[2022-06-13T02:56:45.651+0000][1][safepoint    ] Total time for which application threads were stopped: 0.0003741 seconds, Stopping threads took: 0.0001922 seconds
[2022-06-13T02:56:45.651+0000][1][safepoint    ] Application time: 0.0000968 seconds
[2022-06-13T02:56:45.652+0000][1][safepoint    ] Entering safepoint region: RevokeBias
[2022-06-13T02:56:45.652+0000][1][safepoint    ] Leaving safepoint region
[2022-06-13T02:56:45.652+0000][1][safepoint    ] Total time for which application threads were stopped: 0.0003746 seconds, Stopping threads took: 0.0001952 seconds
[2022-06-13T02:56:45.652+0000][1][safepoint    ] Application time: 0.0001120 seconds
[2022-06-13T02:56:45.652+0000][1][safepoint    ] Entering safepoint region: RevokeBias
[2022-06-13T02:56:45.652+0000][1][safepoint    ] Leaving safepoint region
[2022-06-13T02:56:45.653+0000][1][safepoint    ] Total time for which application threads were stopped: 0.0002984 seconds, Stopping threads took: 0.0001408 seconds
[2022-06-13T02:56:45.653+0000][1][safepoint    ] Application time: 0.0001586 seconds
[2022-06-13T02:56:45.653+0000][1][safepoint    ] Entering safepoint region: RevokeBias
[2022-06-13T02:56:45.653+0000][1][safepoint    ] Leaving safepoint region
[2022-06-13T02:56:45.654+0000][1][safepoint    ] Total time for which application threads were stopped: 0.0003024 seconds, Stopping threads took: 0.0001248 seconds
[2022-06-13T02:56:45.654+0000][1][safepoint    ] Application time: 0.0000920 seconds
[2022-06-13T02:56:45.654+0000][1][safepoint    ] Entering safepoint region: BulkRevokeBias
[2022-06-13T02:56:45.654+0000][1][safepoint    ] Leaving safepoint region
[2022-06-13T02:56:45.654+0000][1][safepoint    ] Total time for which application threads were stopped: 0.0003149 seconds, Stopping threads took: 0.0001254 seconds
[2022-06-13T02:56:45.654+0000][1][safepoint    ] Application time: 0.0000796 seconds
[2022-06-13T02:56:45.655+0000][1][safepoint    ] Entering safepoint region: RevokeBias
[2022-06-13T02:56:45.655+0000][1][safepoint    ] Leaving safepoint region
[2022-06-13T02:56:45.655+0000][1][safepoint    ] Total time for which application threads were stopped: 0.0006401 seconds, Stopping threads took: 0.0003773 seconds
[2022-06-13T02:56:45.655+0000][1][safepoint    ] Application time: 0.0001055 seconds
[2022-06-13T02:56:45.656+0000][1][safepoint    ] Entering safepoint region: BulkRevokeBias
[2022-06-13T02:56:45.656+0000][1][safepoint    ] Leaving safepoint region
[2022-06-13T02:56:45.656+0000][1][safepoint    ] Total time for which application threads were stopped: 0.0003059 seconds, Stopping threads took: 0.0001113 seconds
[2022-06-13T02:56:45.725+0000][1][safepoint    ] Application time: 0.0694693 seconds
[2022-06-13T02:56:45.726+0000][1][safepoint    ] Entering safepoint region: GenCollectForAllocation
[2022-06-13T02:56:45.726+0000][1][gc,start     ] GC(2) Pause Young (Allocation Failure)
[2022-06-13T02:56:45.726+0000][1][gc,task      ] GC(2) Using 5 workers of 13 for evacuation
[2022-06-13T02:56:45.729+0000][1][gc,age       ] GC(2) Desired survivor size 4456448 bytes, new threshold 6 (max threshold 6)
[2022-06-13T02:56:45.730+0000][1][gc,age       ] GC(2) Age table with threshold 6 (max threshold 6)
[2022-06-13T02:56:45.730+0000][1][gc,age       ] GC(2) - age   1:    2593608 bytes,    2593608 total
[2022-06-13T02:56:45.730+0000][1][gc,age       ] GC(2) - age   2:    1181712 bytes,    3775320 total
[2022-06-13T02:56:45.730+0000][1][gc,heap      ] GC(2) ParNew: 75367K->4557K(78656K)
[2022-06-13T02:56:45.730+0000][1][gc,heap      ] GC(2) CMS: 6676K->6676K(174784K)
[2022-06-13T02:56:45.731+0000][1][gc,metaspace ] GC(2) Metaspace: 15049K->15049K(1062912K)
[2022-06-13T02:56:45.731+0000][1][gc           ] GC(2) Pause Young (Allocation Failure) 80M->10M(247M) 4.635ms
[2022-06-13T02:56:45.731+0000][1][gc,cpu       ] GC(2) User=0.04s Sys=0.00s Real=0.01s
[2022-06-13T02:56:45.731+0000][1][safepoint    ] Leaving safepoint region
[2022-06-13T02:56:45.731+0000][1][safepoint    ] Total time for which application threads were stopped: 0.0055724 seconds, Stopping threads took: 0.0002284 seconds
[2022-06-13T02:56:45.732+0000][1][safepoint    ] Application time: 0.0002002 seconds
[2022-06-13T02:56:45.732+0000][1][safepoint    ] Entering safepoint region: RevokeBias
[2022-06-13T02:56:45.732+0000][1][safepoint    ] Leaving safepoint region
[2022-06-13T02:56:45.732+0000][1][safepoint    ] Total time for which application threads were stopped: 0.0003744 seconds, Stopping threads took: 0.0001522 seconds
[2022-06-13T02:56:45.732+0000][1][safepoint    ] Application time: 0.0000933 seconds
[2022-06-13T02:56:45.733+0000][1][safepoint    ] Entering safepoint region: RevokeBias
[2022-06-13T02:56:45.733+0000][1][safepoint    ] Leaving safepoint region
[2022-06-13T02:56:45.733+0000][1][safepoint    ] Total time for which application threads were stopped: 0.0004194 seconds, Stopping threads took: 0.0001581 seconds
[2022-06-13T02:56:45.733+0000][1][safepoint    ] Application time: 0.0001096 seconds
[2022-06-13T02:56:45.733+0000][1][safepoint    ] Entering safepoint region: RevokeBias
[2022-06-13T02:56:45.734+0000][1][safepoint    ] Leaving safepoint region
[2022-06-13T02:56:45.734+0000][1][safepoint    ] Total time for which application threads were stopped: 0.0003822 seconds, Stopping threads took: 0.0001520 seconds
[2022-06-13T02:56:45.734+0000][1][safepoint    ] Application time: 0.0000661 seconds
[2022-06-13T02:56:45.734+0000][1][safepoint    ] Entering safepoint region: RevokeBias
[2022-06-13T02:56:45.735+0000][1][safepoint    ] Leaving safepoint region
[2022-06-13T02:56:45.735+0000][1][safepoint    ] Total time for which application threads were stopped: 0.0003821 seconds, Stopping threads took: 0.0001602 seconds
[2022-06-13T02:56:45.735+0000][1][safepoint    ] Application time: 0.0000872 seconds
[2022-06-13T02:56:45.735+0000][1][safepoint    ] Entering safepoint region: RevokeBias
[2022-06-13T02:56:45.735+0000][1][safepoint    ] Leaving safepoint region
[2022-06-13T02:56:45.735+0000][1][safepoint    ] Total time for which application threads were stopped: 0.0002072 seconds, Stopping threads took: 0.0000855 seconds
[2022-06-13T02:56:45.735+0000][1][safepoint    ] Application time: 0.0000736 seconds
[2022-06-13T02:56:45.735+0000][1][safepoint    ] Entering safepoint region: RevokeBias
[2022-06-13T02:56:45.736+0000][1][safepoint    ] Leaving safepoint region
[2022-06-13T02:56:45.736+0000][1][safepoint    ] Total time for which application threads were stopped: 0.0002868 seconds, Stopping threads took: 0.0001346 seconds
[2022-06-13T02:56:45.812+0000][1][safepoint    ] Application time: 0.0758545 seconds
[2022-06-13T02:56:45.812+0000][1][safepoint    ] Entering safepoint region: Deoptimize
[2022-06-13T02:56:45.812+0000][1][safepoint    ] Leaving safepoint region
[2022-06-13T02:56:45.813+0000][1][safepoint    ] Total time for which application threads were stopped: 0.0006143 seconds, Stopping threads took: 0.0001131 seconds
[2022-06-13T02:56:45.813+0000][1][safepoint    ] Application time: 0.0003943 seconds
[2022-06-13T02:56:45.813+0000][1][safepoint    ] Entering safepoint region: Deoptimize
[2022-06-13T02:56:45.814+0000][1][safepoint    ] Leaving safepoint region
[2022-06-13T02:56:45.814+0000][1][safepoint    ] Total time for which application threads were stopped: 0.0004548 seconds, Stopping threads took: 0.0001175 seconds
[2022-06-13T02:56:45.919+0000][1][safepoint    ] Application time: 0.1055715 seconds
[2022-06-13T02:56:45.920+0000][1][safepoint    ] Entering safepoint region: GenCollectForAllocation
[2022-06-13T02:56:45.920+0000][1][gc,start     ] GC(3) Pause Young (Allocation Failure)
[2022-06-13T02:56:45.920+0000][1][gc,task      ] GC(3) Using 5 workers of 13 for evacuation
[2022-06-13T02:56:45.922+0000][1][gc,age       ] GC(3) Desired survivor size 4456448 bytes, new threshold 3 (max threshold 6)
[2022-06-13T02:56:45.923+0000][1][gc,age       ] GC(3) Age table with threshold 3 (max threshold 6)
[2022-06-13T02:56:45.923+0000][1][gc,age       ] GC(3) - age   1:    3272200 bytes,    3272200 total
[2022-06-13T02:56:45.923+0000][1][gc,age       ] GC(3) - age   2:     294704 bytes,    3566904 total
[2022-06-13T02:56:45.923+0000][1][gc,age       ] GC(3) - age   3:    1178304 bytes,    4745208 total
[2022-06-13T02:56:45.923+0000][1][gc,heap      ] GC(3) ParNew: 74509K->6267K(78656K)
[2022-06-13T02:56:45.923+0000][1][gc,heap      ] GC(3) CMS: 6676K->6676K(174784K)
[2022-06-13T02:56:45.923+0000][1][gc,metaspace ] GC(3) Metaspace: 18538K->18538K(1067008K)
[2022-06-13T02:56:45.924+0000][1][gc           ] GC(3) Pause Young (Allocation Failure) 79M->12M(247M) 3.469ms
[2022-06-13T02:56:45.924+0000][1][gc,cpu       ] GC(3) User=0.01s Sys=0.00s Real=0.00s
[2022-06-13T02:56:45.924+0000][1][safepoint    ] Leaving safepoint region
[2022-06-13T02:56:45.924+0000][1][safepoint    ] Total time for which application threads were stopped: 0.0041270 seconds, Stopping threads took: 0.0001874 seconds
[2022-06-13T02:56:45.924+0000][1][safepoint    ] Application time: 0.0002018 seconds
[2022-06-13T02:56:45.924+0000][1][safepoint    ] Entering safepoint region: RevokeBias
[2022-06-13T02:56:45.925+0000][1][safepoint    ] Leaving safepoint region
[2022-06-13T02:56:45.925+0000][1][safepoint    ] Total time for which application threads were stopped: 0.0003281 seconds, Stopping threads took: 0.0001522 seconds
[2022-06-13T02:56:45.925+0000][1][safepoint    ] Application time: 0.0001015 seconds
[2022-06-13T02:56:45.925+0000][1][safepoint    ] Entering safepoint region: RevokeBias
[2022-06-13T02:56:45.925+0000][1][safepoint    ] Leaving safepoint region
[2022-06-13T02:56:45.925+0000][1][safepoint    ] Total time for which application threads were stopped: 0.0003541 seconds, Stopping threads took: 0.0001997 seconds
[2022-06-13T02:56:45.926+0000][1][safepoint    ] Application time: 0.0000873 seconds
[2022-06-13T02:56:45.926+0000][1][safepoint    ] Entering safepoint region: RevokeBias
[2022-06-13T02:56:45.926+0000][1][safepoint    ] Leaving safepoint region
[2022-06-13T02:56:45.926+0000][1][safepoint    ] Total time for which application threads were stopped: 0.0003403 seconds, Stopping threads took: 0.0001663 seconds
[2022-06-13T02:56:45.926+0000][1][safepoint    ] Application time: 0.0000799 seconds
[2022-06-13T02:56:45.926+0000][1][safepoint    ] Entering safepoint region: RevokeBias
[2022-06-13T02:56:45.927+0000][1][safepoint    ] Leaving safepoint region
[2022-06-13T02:56:45.927+0000][1][safepoint    ] Total time for which application threads were stopped: 0.0003475 seconds, Stopping threads took: 0.0002048 seconds
[2022-06-13T02:56:45.927+0000][1][safepoint    ] Application time: 0.0001013 seconds
[2022-06-13T02:56:45.927+0000][1][safepoint    ] Entering safepoint region: RevokeBias
[2022-06-13T02:56:45.927+0000][1][safepoint    ] Leaving safepoint region
[2022-06-13T02:56:45.927+0000][1][safepoint    ] Total time for which application threads were stopped: 0.0002911 seconds, Stopping threads took: 0.0001377 seconds
[2022-06-13T02:56:45.928+0000][1][safepoint    ] Application time: 0.0000894 seconds
[2022-06-13T02:56:45.928+0000][1][safepoint    ] Entering safepoint region: RevokeBias
[2022-06-13T02:56:45.928+0000][1][safepoint    ] Leaving safepoint region
[2022-06-13T02:56:45.928+0000][1][safepoint    ] Total time for which application threads were stopped: 0.0003844 seconds, Stopping threads took: 0.0002422 seconds
[2022-06-13T02:56:45.928+0000][1][safepoint    ] Application time: 0.0000842 seconds
[2022-06-13T02:56:45.928+0000][1][safepoint    ] Entering safepoint region: RevokeBias
[2022-06-13T02:56:45.928+0000][1][safepoint    ] Leaving safepoint region
[2022-06-13T02:56:45.929+0000][1][safepoint    ] Total time for which application threads were stopped: 0.0002315 seconds, Stopping threads took: 0.0001086 seconds
[2022-06-13T02:56:45.929+0000][1][safepoint    ] Application time: 0.0000642 seconds
[2022-06-13T02:56:45.929+0000][1][safepoint    ] Entering safepoint region: RevokeBias
[2022-06-13T02:56:45.929+0000][1][safepoint    ] Leaving safepoint region
[2022-06-13T02:56:45.929+0000][1][safepoint    ] Total time for which application threads were stopped: 0.0002111 seconds, Stopping threads took: 0.0000979 seconds
[2022-06-13T02:56:45.929+0000][1][safepoint    ] Application time: 0.0000736 seconds
[2022-06-13T02:56:45.929+0000][1][safepoint    ] Entering safepoint region: RevokeBias
[2022-06-13T02:56:45.930+0000][1][safepoint    ] Leaving safepoint region
[2022-06-13T02:56:45.930+0000][1][safepoint    ] Total time for which application threads were stopped: 0.0003275 seconds, Stopping threads took: 0.0001800 seconds
[2022-06-13T02:56:45.930+0000][1][safepoint    ] Application time: 0.0000708 seconds
[2022-06-13T02:56:45.930+0000][1][safepoint    ] Entering safepoint region: RevokeBias
[2022-06-13T02:56:45.930+0000][1][safepoint    ] Leaving safepoint region
[2022-06-13T02:56:45.930+0000][1][safepoint    ] Total time for which application threads were stopped: 0.0002618 seconds, Stopping threads took: 0.0001224 seconds
[2022-06-13T02:56:45.931+0000][1][safepoint    ] Application time: 0.0000897 seconds
[2022-06-13T02:56:45.931+0000][1][safepoint    ] Entering safepoint region: RevokeBias
[2022-06-13T02:56:45.931+0000][1][safepoint    ] Leaving safepoint region
[2022-06-13T02:56:45.931+0000][1][safepoint    ] Total time for which application threads were stopped: 0.0002784 seconds, Stopping threads took: 0.0001465 seconds
[2022-06-13T02:56:45.931+0000][1][safepoint    ] Application time: 0.0000911 seconds
[2022-06-13T02:56:45.931+0000][1][safepoint    ] Entering safepoint region: RevokeBias
[2022-06-13T02:56:45.931+0000][1][safepoint    ] Leaving safepoint region
[2022-06-13T02:56:45.932+0000][1][safepoint    ] Total time for which application threads were stopped: 0.0003022 seconds, Stopping threads took: 0.0001613 seconds
[2022-06-13T02:56:45.932+0000][1][safepoint    ] Application time: 0.0001076 seconds
[2022-06-13T02:56:45.932+0000][1][safepoint    ] Entering safepoint region: RevokeBias
[2022-06-13T02:56:45.932+0000][1][safepoint    ] Leaving safepoint region
[2022-06-13T02:56:45.932+0000][1][safepoint    ] Total time for which application threads were stopped: 0.0002726 seconds, Stopping threads took: 0.0001309 seconds
[2022-06-13T02:56:45.932+0000][1][safepoint    ] Application time: 0.0000763 seconds
[2022-06-13T02:56:45.933+0000][1][safepoint    ] Entering safepoint region: RevokeBias
[2022-06-13T02:56:45.933+0000][1][safepoint    ] Leaving safepoint region
[2022-06-13T02:56:45.933+0000][1][safepoint    ] Total time for which application threads were stopped: 0.0002872 seconds, Stopping threads took: 0.0001624 seconds
[2022-06-13T02:56:45.933+0000][1][safepoint    ] Application time: 0.0000818 seconds
[2022-06-13T02:56:45.933+0000][1][safepoint    ] Entering safepoint region: RevokeBias
[2022-06-13T02:56:45.933+0000][1][safepoint    ] Leaving safepoint region
[2022-06-13T02:56:45.933+0000][1][safepoint    ] Total time for which application threads were stopped: 0.0002830 seconds, Stopping threads took: 0.0001582 seconds
[2022-06-13T02:56:45.934+0000][1][safepoint    ] Application time: 0.0001098 seconds
[2022-06-13T02:56:45.934+0000][1][safepoint    ] Entering safepoint region: RevokeBias
[2022-06-13T02:56:45.934+0000][1][safepoint    ] Leaving safepoint region
[2022-06-13T02:56:45.934+0000][1][safepoint    ] Total time for which application threads were stopped: 0.0003262 seconds, Stopping threads took: 0.0001985 seconds
[2022-06-13T02:56:45.934+0000][1][safepoint    ] Application time: 0.0000728 seconds
[2022-06-13T02:56:45.934+0000][1][safepoint    ] Entering safepoint region: RevokeBias
[2022-06-13T02:56:45.934+0000][1][safepoint    ] Leaving safepoint region
[2022-06-13T02:56:45.934+0000][1][safepoint    ] Total time for which application threads were stopped: 0.0002248 seconds, Stopping threads took: 0.0001031 seconds
[2022-06-13T02:56:45.935+0000][1][safepoint    ] Application time: 0.0001426 seconds
[2022-06-13T02:56:45.935+0000][1][safepoint    ] Entering safepoint region: RevokeBias
[2022-06-13T02:56:45.935+0000][1][safepoint    ] Leaving safepoint region
[2022-06-13T02:56:45.935+0000][1][safepoint    ] Total time for which application threads were stopped: 0.0002628 seconds, Stopping threads took: 0.0001367 seconds
[2022-06-13T02:56:45.935+0000][1][safepoint    ] Application time: 0.0000706 seconds
[2022-06-13T02:56:45.935+0000][1][safepoint    ] Entering safepoint region: RevokeBias
[2022-06-13T02:56:45.936+0000][1][safepoint    ] Leaving safepoint region
[2022-06-13T02:56:45.936+0000][1][safepoint    ] Total time for which application threads were stopped: 0.0002739 seconds, Stopping threads took: 0.0001469 seconds
[2022-06-13T02:56:45.936+0000][1][safepoint    ] Application time: 0.0000831 seconds
[2022-06-13T02:56:45.936+0000][1][safepoint    ] Entering safepoint region: RevokeBias
[2022-06-13T02:56:45.936+0000][1][safepoint    ] Leaving safepoint region
[2022-06-13T02:56:45.936+0000][1][safepoint    ] Total time for which application threads were stopped: 0.0003165 seconds, Stopping threads took: 0.0001831 seconds
[2022-06-13T02:56:45.936+0000][1][safepoint    ] Application time: 0.0000727 seconds
[2022-06-13T02:56:45.937+0000][1][safepoint    ] Entering safepoint region: RevokeBias
[2022-06-13T02:56:45.937+0000][1][safepoint    ] Leaving safepoint region
[2022-06-13T02:56:45.937+0000][1][safepoint    ] Total time for which application threads were stopped: 0.0002608 seconds, Stopping threads took: 0.0001309 seconds
[2022-06-13T02:56:45.992+0000][1][safepoint    ] Application time: 0.0550949 seconds
[2022-06-13T02:56:45.992+0000][1][safepoint    ] Entering safepoint region: GenCollectForAllocation
[2022-06-13T02:56:45.993+0000][1][gc,start     ] GC(4) Pause Young (Allocation Failure)
[2022-06-13T02:56:45.993+0000][1][gc,task      ] GC(4) Using 5 workers of 13 for evacuation
[2022-06-13T02:56:45.996+0000][1][gc,age       ] GC(4) Desired survivor size 4456448 bytes, new threshold 2 (max threshold 6)
[2022-06-13T02:56:45.997+0000][1][gc,age       ] GC(4) Age table with threshold 2 (max threshold 6)
[2022-06-13T02:56:45.997+0000][1][gc,age       ] GC(4) - age   1:    1669728 bytes,    1669728 total
[2022-06-13T02:56:45.997+0000][1][gc,age       ] GC(4) - age   2:    3232256 bytes,    4901984 total
[2022-06-13T02:56:45.998+0000][1][gc,age       ] GC(4) - age   3:     294176 bytes,    5196160 total
[2022-06-13T02:56:45.998+0000][1][gc,heap      ] GC(4) ParNew: 76219K->6805K(78656K)
[2022-06-13T02:56:45.998+0000][1][gc,heap      ] GC(4) CMS: 6676K->7844K(174784K)
[2022-06-13T02:56:45.999+0000][1][gc,metaspace ] GC(4) Metaspace: 18745K->18745K(1067008K)
[2022-06-13T02:56:45.999+0000][1][gc           ] GC(4) Pause Young (Allocation Failure) 80M->14M(247M) 6.033ms
[2022-06-13T02:56:45.999+0000][1][gc,cpu       ] GC(4) User=0.01s Sys=0.00s Real=0.00s
[2022-06-13T02:56:45.999+0000][1][safepoint    ] Leaving safepoint region
[2022-06-13T02:56:46.000+0000][1][safepoint    ] Total time for which application threads were stopped: 0.0072837 seconds, Stopping threads took: 0.0003320 seconds
[2022-06-13T02:56:46.000+0000][1][safepoint    ] Application time: 0.0001775 seconds
[2022-06-13T02:56:46.000+0000][1][safepoint    ] Entering safepoint region: BulkRevokeBias
[2022-06-13T02:56:46.001+0000][1][safepoint    ] Leaving safepoint region
[2022-06-13T02:56:46.001+0000][1][safepoint    ] Total time for which application threads were stopped: 0.0007461 seconds, Stopping threads took: 0.0004823 seconds
[2022-06-13T02:56:46.001+0000][1][safepoint    ] Application time: 0.0001506 seconds
[2022-06-13T02:56:46.002+0000][1][safepoint    ] Entering safepoint region: RevokeBias
[2022-06-13T02:56:46.002+0000][1][safepoint    ] Leaving safepoint region
[2022-06-13T02:56:46.002+0000][1][safepoint    ] Total time for which application threads were stopped: 0.0004219 seconds, Stopping threads took: 0.0002205 seconds
[2022-06-13T02:56:46.002+0000][1][safepoint    ] Application time: 0.0001292 seconds
[2022-06-13T02:56:46.002+0000][1][safepoint    ] Entering safepoint region: RevokeBias
[2022-06-13T02:56:46.003+0000][1][safepoint    ] Leaving safepoint region
[2022-06-13T02:56:46.003+0000][1][safepoint    ] Total time for which application threads were stopped: 0.0003388 seconds, Stopping threads took: 0.0001720 seconds
[2022-06-13T02:56:46.003+0000][1][safepoint    ] Application time: 0.0002248 seconds
[2022-06-13T02:56:46.003+0000][1][safepoint    ] Entering safepoint region: RevokeBias
[2022-06-13T02:56:46.003+0000][1][safepoint    ] Leaving safepoint region
[2022-06-13T02:56:46.004+0000][1][safepoint    ] Total time for which application threads were stopped: 0.0003172 seconds, Stopping threads took: 0.0001884 seconds
[2022-06-13T02:56:46.014+0000][1][safepoint    ] Application time: 0.0104450 seconds
[2022-06-13T02:56:46.014+0000][1][safepoint    ] Entering safepoint region: Deoptimize
[2022-06-13T02:56:46.015+0000][1][safepoint    ] Leaving safepoint region
[2022-06-13T02:56:46.015+0000][1][safepoint    ] Total time for which application threads were stopped: 0.0007681 seconds, Stopping threads took: 0.0001978 seconds
[2022-06-13T02:56:46.038+0000][1][safepoint    ] Application time: 0.0221727 seconds
[2022-06-13T02:56:46.038+0000][1][safepoint    ] Entering safepoint region: Deoptimize
[2022-06-13T02:56:46.038+0000][1][safepoint    ] Leaving safepoint region
[2022-06-13T02:56:46.039+0000][1][safepoint    ] Total time for which application threads were stopped: 0.0008128 seconds, Stopping threads took: 0.0001666 seconds
[2022-06-13T02:56:46.103+0000][1][safepoint    ] Application time: 0.0640322 seconds
[2022-06-13T02:56:46.104+0000][1][safepoint    ] Entering safepoint region: GenCollectForAllocation
[2022-06-13T02:56:46.104+0000][1][gc,start     ] GC(5) Pause Young (Allocation Failure)
[2022-06-13T02:56:46.105+0000][1][gc,task      ] GC(5) Using 5 workers of 13 for evacuation
[2022-06-13T02:56:46.108+0000][1][gc,age       ] GC(5) Desired survivor size 4456448 bytes, new threshold 6 (max threshold 6)
[2022-06-13T02:56:46.109+0000][1][gc,age       ] GC(5) Age table with threshold 6 (max threshold 6)
[2022-06-13T02:56:46.109+0000][1][gc,age       ] GC(5) - age   1:    2424808 bytes,    2424808 total
[2022-06-13T02:56:46.109+0000][1][gc,age       ] GC(5) - age   2:     541760 bytes,    2966568 total
[2022-06-13T02:56:46.110+0000][1][gc,heap      ] GC(5) ParNew: 76757K->5842K(78656K)
[2022-06-13T02:56:46.110+0000][1][gc,heap      ] GC(5) CMS: 7844K->11314K(174784K)
[2022-06-13T02:56:46.110+0000][1][gc,metaspace ] GC(5) Metaspace: 19095K->19095K(1067008K)
[2022-06-13T02:56:46.110+0000][1][gc           ] GC(5) Pause Young (Allocation Failure) 82M->16M(247M) 6.014ms
[2022-06-13T02:56:46.111+0000][1][gc,cpu       ] GC(5) User=0.06s Sys=0.00s Real=0.01s
[2022-06-13T02:56:46.111+0000][1][safepoint    ] Leaving safepoint region
[2022-06-13T02:56:46.111+0000][1][safepoint    ] Total time for which application threads were stopped: 0.0074346 seconds, Stopping threads took: 0.0003848 seconds
[2022-06-13T02:56:46.112+0000][1][safepoint    ] Application time: 0.0002843 seconds
[2022-06-13T02:56:46.112+0000][1][safepoint    ] Entering safepoint region: RevokeBias
[2022-06-13T02:56:46.112+0000][1][safepoint    ] Leaving safepoint region
[2022-06-13T02:56:46.112+0000][1][safepoint    ] Total time for which application threads were stopped: 0.0003488 seconds, Stopping threads took: 0.0001664 seconds
[2022-06-13T02:56:46.112+0000][1][safepoint    ] Application time: 0.0000800 seconds
[2022-06-13T02:56:46.113+0000][1][safepoint    ] Entering safepoint region: RevokeBias
[2022-06-13T02:56:46.113+0000][1][safepoint    ] Leaving safepoint region
[2022-06-13T02:56:46.113+0000][1][safepoint    ] Total time for which application threads were stopped: 0.0005089 seconds, Stopping threads took: 0.0002354 seconds
[2022-06-13T02:56:46.113+0000][1][safepoint    ] Application time: 0.0001117 seconds
[2022-06-13T02:56:46.114+0000][1][safepoint    ] Entering safepoint region: RevokeBias
[2022-06-13T02:56:46.114+0000][1][safepoint    ] Leaving safepoint region
[2022-06-13T02:56:46.114+0000][1][safepoint    ] Total time for which application threads were stopped: 0.0002962 seconds, Stopping threads took: 0.0001353 seconds
[2022-06-13T02:56:46.114+0000][1][safepoint    ] Application time: 0.0000829 seconds
[2022-06-13T02:56:46.114+0000][1][safepoint    ] Entering safepoint region: RevokeBias
[2022-06-13T02:56:46.114+0000][1][safepoint    ] Leaving safepoint region
[2022-06-13T02:56:46.114+0000][1][safepoint    ] Total time for which application threads were stopped: 0.0002749 seconds, Stopping threads took: 0.0001221 seconds
[2022-06-13T02:56:46.115+0000][1][safepoint    ] Application time: 0.0000954 seconds
[2022-06-13T02:56:46.115+0000][1][safepoint    ] Entering safepoint region: RevokeBias
[2022-06-13T02:56:46.115+0000][1][safepoint    ] Leaving safepoint region
[2022-06-13T02:56:46.115+0000][1][safepoint    ] Total time for which application threads were stopped: 0.0002999 seconds, Stopping threads took: 0.0001315 seconds
[2022-06-13T02:56:46.115+0000][1][safepoint    ] Application time: 0.0000879 seconds
[2022-06-13T02:56:46.115+0000][1][safepoint    ] Entering safepoint region: RevokeBias
[2022-06-13T02:56:46.116+0000][1][safepoint    ] Leaving safepoint region
[2022-06-13T02:56:46.116+0000][1][safepoint    ] Total time for which application threads were stopped: 0.0002586 seconds, Stopping threads took: 0.0001119 seconds
[2022-06-13T02:56:46.175+0000][1][safepoint    ] Application time: 0.0589653 seconds
[2022-06-13T02:56:46.175+0000][1][safepoint    ] Entering safepoint region: RevokeBias
[2022-06-13T02:56:46.175+0000][1][safepoint    ] Leaving safepoint region
[2022-06-13T02:56:46.175+0000][1][safepoint    ] Total time for which application threads were stopped: 0.0004586 seconds, Stopping threads took: 0.0002364 seconds
[2022-06-13T02:56:46.193+0000][1][safepoint    ] Application time: 0.0172657 seconds
[2022-06-13T02:56:46.193+0000][1][safepoint    ] Entering safepoint region: GenCollectForAllocation
[2022-06-13T02:56:46.193+0000][1][gc,start     ] GC(6) Pause Young (Allocation Failure)
[2022-06-13T02:56:46.193+0000][1][gc,task      ] GC(6) Using 5 workers of 13 for evacuation
[2022-06-13T02:56:46.195+0000][1][gc,age       ] GC(6) Desired survivor size 4456448 bytes, new threshold 6 (max threshold 6)
[2022-06-13T02:56:46.195+0000][1][gc,age       ] GC(6) Age table with threshold 6 (max threshold 6)
[2022-06-13T02:56:46.195+0000][1][gc,age       ] GC(6) - age   1:    1401736 bytes,    1401736 total
[2022-06-13T02:56:46.195+0000][1][gc,age       ] GC(6) - age   2:    2195280 bytes,    3597016 total
[2022-06-13T02:56:46.195+0000][1][gc,age       ] GC(6) - age   3:     541760 bytes,    4138776 total
[2022-06-13T02:56:46.195+0000][1][gc,heap      ] GC(6) ParNew: 75794K->4934K(78656K)
[2022-06-13T02:56:46.195+0000][1][gc,heap      ] GC(6) CMS: 11314K->11314K(174784K)
[2022-06-13T02:56:46.195+0000][1][gc,metaspace ] GC(6) Metaspace: 19401K->19401K(1067008K)
[2022-06-13T02:56:46.196+0000][1][gc           ] GC(6) Pause Young (Allocation Failure) 85M->15M(247M) 2.158ms
[2022-06-13T02:56:46.196+0000][1][gc,cpu       ] GC(6) User=0.01s Sys=0.00s Real=0.00s
[2022-06-13T02:56:46.196+0000][1][safepoint    ] Leaving safepoint region
[2022-06-13T02:56:46.196+0000][1][safepoint    ] Total time for which application threads were stopped: 0.0026552 seconds, Stopping threads took: 0.0001602 seconds
[2022-06-13T02:56:46.196+0000][1][safepoint    ] Application time: 0.0001894 seconds
[2022-06-13T02:56:46.196+0000][1][safepoint    ] Entering safepoint region: BulkRevokeBias
[2022-06-13T02:56:46.196+0000][1][safepoint    ] Leaving safepoint region
[2022-06-13T02:56:46.197+0000][1][safepoint    ] Total time for which application threads were stopped: 0.0003329 seconds, Stopping threads took: 0.0001773 seconds
[2022-06-13T02:56:46.197+0000][1][safepoint    ] Application time: 0.0000849 seconds
[2022-06-13T02:56:46.197+0000][1][safepoint    ] Entering safepoint region: BulkRevokeBias
[2022-06-13T02:56:46.197+0000][1][safepoint    ] Leaving safepoint region
[2022-06-13T02:56:46.197+0000][1][safepoint    ] Total time for which application threads were stopped: 0.0003068 seconds, Stopping threads took: 0.0001429 seconds
[2022-06-13T02:56:46.278+0000][1][safepoint    ] Application time: 0.0802534 seconds
[2022-06-13T02:56:46.278+0000][1][safepoint    ] Entering safepoint region: GenCollectForAllocation
[2022-06-13T02:56:46.278+0000][1][gc,start     ] GC(7) Pause Young (Allocation Failure)
[2022-06-13T02:56:46.278+0000][1][gc,task      ] GC(7) Using 5 workers of 13 for evacuation
[2022-06-13T02:56:46.280+0000][1][gc,age       ] GC(7) Desired survivor size 4456448 bytes, new threshold 4 (max threshold 6)
[2022-06-13T02:56:46.280+0000][1][gc,age       ] GC(7) Age table with threshold 4 (max threshold 6)
[2022-06-13T02:56:46.280+0000][1][gc,age       ] GC(7) - age   1:     691872 bytes,     691872 total
[2022-06-13T02:56:46.280+0000][1][gc,age       ] GC(7) - age   2:    1129496 bytes,    1821368 total
[2022-06-13T02:56:46.280+0000][1][gc,age       ] GC(7) - age   3:    2193272 bytes,    4014640 total
[2022-06-13T02:56:46.280+0000][1][gc,age       ] GC(7) - age   4:     541760 bytes,    4556400 total
[2022-06-13T02:56:46.280+0000][1][gc,heap      ] GC(7) ParNew: 74886K->6032K(78656K)
[2022-06-13T02:56:46.281+0000][1][gc,heap      ] GC(7) CMS: 11314K->11314K(174784K)
[2022-06-13T02:56:46.281+0000][1][gc,metaspace ] GC(7) Metaspace: 19937K->19937K(1067008K)
[2022-06-13T02:56:46.281+0000][1][gc           ] GC(7) Pause Young (Allocation Failure) 84M->16M(247M) 2.761ms
[2022-06-13T02:56:46.281+0000][1][gc,cpu       ] GC(7) User=0.04s Sys=0.00s Real=0.01s
[2022-06-13T02:56:46.281+0000][1][safepoint    ] Leaving safepoint region
[2022-06-13T02:56:46.281+0000][1][safepoint    ] Total time for which application threads were stopped: 0.0034200 seconds, Stopping threads took: 0.0001202 seconds
[2022-06-13T02:56:46.284+0000][1][safepoint    ] Application time: 0.0029951 seconds
[2022-06-13T02:56:46.285+0000][1][safepoint    ] Entering safepoint region: CollectForMetadataAllocation
[2022-06-13T02:56:46.285+0000][1][safepoint    ] Leaving safepoint region
[2022-06-13T02:56:46.285+0000][1][safepoint    ] Total time for which application threads were stopped: 0.0003257 seconds, Stopping threads took: 0.0001111 seconds
[2022-06-13T02:56:46.299+0000][1][safepoint    ] Application time: 0.0137168 seconds
[2022-06-13T02:56:46.299+0000][1][safepoint    ] Entering safepoint region: CollectForMetadataAllocation
[2022-06-13T02:56:46.299+0000][1][safepoint    ] Leaving safepoint region
[2022-06-13T02:56:46.299+0000][1][safepoint    ] Total time for which application threads were stopped: 0.0003984 seconds, Stopping threads took: 0.0001553 seconds
[2022-06-13T02:56:46.367+0000][1][safepoint    ] Application time: 0.0676582 seconds
[2022-06-13T02:56:46.367+0000][1][safepoint    ] Entering safepoint region: GenCollectForAllocation
[2022-06-13T02:56:46.367+0000][1][gc,start     ] GC(8) Pause Young (Allocation Failure)
[2022-06-13T02:56:46.368+0000][1][gc,task      ] GC(8) Using 5 workers of 13 for evacuation
[2022-06-13T02:56:46.369+0000][1][gc,age       ] GC(8) Desired survivor size 4456448 bytes, new threshold 4 (max threshold 6)
[2022-06-13T02:56:46.369+0000][1][gc,age       ] GC(8) Age table with threshold 4 (max threshold 6)
[2022-06-13T02:56:46.370+0000][1][gc,age       ] GC(8) - age   1:     670400 bytes,     670400 total
[2022-06-13T02:56:46.370+0000][1][gc,age       ] GC(8) - age   2:     519312 bytes,    1189712 total
[2022-06-13T02:56:46.370+0000][1][gc,age       ] GC(8) - age   3:    1129400 bytes,    2319112 total
[2022-06-13T02:56:46.370+0000][1][gc,age       ] GC(8) - age   4:    2192984 bytes,    4512096 total
[2022-06-13T02:56:46.370+0000][1][gc,heap      ] GC(8) ParNew: 75984K->6154K(78656K)
[2022-06-13T02:56:46.370+0000][1][gc,heap      ] GC(8) CMS: 11314K->11853K(174784K)
[2022-06-13T02:56:46.370+0000][1][gc,metaspace ] GC(8) Metaspace: 20455K->20455K(1069056K)
[2022-06-13T02:56:46.370+0000][1][gc           ] GC(8) Pause Young (Allocation Failure) 85M->17M(247M) 2.691ms
[2022-06-13T02:56:46.370+0000][1][gc,cpu       ] GC(8) User=0.03s Sys=0.00s Real=0.01s
[2022-06-13T02:56:46.370+0000][1][safepoint    ] Leaving safepoint region
[2022-06-13T02:56:46.371+0000][1][safepoint    ] Total time for which application threads were stopped: 0.0031583 seconds, Stopping threads took: 0.0000841 seconds
[2022-06-13T02:56:46.371+0000][1][safepoint    ] Application time: 0.0001414 seconds
[2022-06-13T02:56:46.371+0000][1][safepoint    ] Entering safepoint region: CMS_Initial_Mark
[2022-06-13T02:56:46.371+0000][1][gc,start     ] GC(9) Pause Initial Mark
[2022-06-13T02:56:46.372+0000][1][gc           ] GC(9) Pause Initial Mark 18M->18M(247M) 0.536ms
[2022-06-13T02:56:46.372+0000][1][gc,cpu       ] GC(9) User=0.00s Sys=0.00s Real=0.00s
[2022-06-13T02:56:46.372+0000][1][safepoint    ] Leaving safepoint region
[2022-06-13T02:56:46.372+0000][1][safepoint    ] Total time for which application threads were stopped: 0.0011422 seconds, Stopping threads took: 0.0001688 seconds
[2022-06-13T02:56:46.372+0000][1][gc           ] GC(9) Concurrent Mark
[2022-06-13T02:56:46.373+0000][1][gc,task      ] GC(9) Using 4 workers of 4 for marking
[2022-06-13T02:56:46.376+0000][1][gc           ] GC(9) Concurrent Mark 3.876ms
[2022-06-13T02:56:46.376+0000][1][gc,cpu       ] GC(9) User=0.02s Sys=0.00s Real=0.00s
[2022-06-13T02:56:46.376+0000][1][gc           ] GC(9) Concurrent Preclean
[2022-06-13T02:56:46.377+0000][1][gc           ] GC(9) Concurrent Preclean 0.529ms
[2022-06-13T02:56:46.377+0000][1][gc,cpu       ] GC(9) User=0.00s Sys=0.00s Real=0.00s
[2022-06-13T02:56:46.377+0000][1][gc           ] GC(9) Concurrent Abortable Preclean
[2022-06-13T02:56:46.414+0000][1][safepoint    ] Application time: 0.0422659 seconds
[2022-06-13T02:56:46.415+0000][1][safepoint    ] Entering safepoint region: GenCollectForAllocation
[2022-06-13T02:56:46.415+0000][1][gc,start     ] GC(10) Pause Young (Allocation Failure)
[2022-06-13T02:56:46.415+0000][1][gc,task      ] GC(10) Using 5 workers of 13 for evacuation
[2022-06-13T02:56:46.418+0000][1][gc,age       ] GC(10) Desired survivor size 4456448 bytes, new threshold 6 (max threshold 6)
[2022-06-13T02:56:46.418+0000][1][gc,age       ] GC(10) Age table with threshold 6 (max threshold 6)
[2022-06-13T02:56:46.418+0000][1][gc,age       ] GC(10) - age   1:     914968 bytes,     914968 total
[2022-06-13T02:56:46.418+0000][1][gc,age       ] GC(10) - age   2:     475992 bytes,    1390960 total
[2022-06-13T02:56:46.418+0000][1][gc,age       ] GC(10) - age   3:     519192 bytes,    1910152 total
[2022-06-13T02:56:46.418+0000][1][gc,age       ] GC(10) - age   4:    1129400 bytes,    3039552 total
[2022-06-13T02:56:46.418+0000][1][gc,heap      ] GC(10) ParNew: 76106K->5610K(78656K)
[2022-06-13T02:56:46.419+0000][1][gc,heap      ] GC(10) CMS: 11853K->14008K(174784K)
[2022-06-13T02:56:46.419+0000][1][gc,metaspace ] GC(10) Metaspace: 20560K->20560K(1069056K)
[2022-06-13T02:56:46.419+0000][1][gc           ] GC(10) Pause Young (Allocation Failure) 85M->19M(247M) 3.804ms
[2022-06-13T02:56:46.419+0000][1][gc,cpu       ] GC(10) User=0.01s Sys=0.00s Real=0.00s
[2022-06-13T02:56:46.419+0000][1][safepoint    ] Leaving safepoint region
[2022-06-13T02:56:46.419+0000][1][safepoint    ] Total time for which application threads were stopped: 0.0043382 seconds, Stopping threads took: 0.0001793 seconds
[2022-06-13T02:56:46.469+0000][1][safepoint    ] Application time: 0.0501645 seconds
[2022-06-13T02:56:46.470+0000][1][safepoint    ] Entering safepoint region: GenCollectForAllocation
[2022-06-13T02:56:46.470+0000][1][gc,start     ] GC(11) Pause Young (Allocation Failure)
[2022-06-13T02:56:46.470+0000][1][gc,task      ] GC(11) Using 5 workers of 13 for evacuation
[2022-06-13T02:56:46.472+0000][1][gc,age       ] GC(11) Desired survivor size 4456448 bytes, new threshold 6 (max threshold 6)
[2022-06-13T02:56:46.472+0000][1][gc,age       ] GC(11) Age table with threshold 6 (max threshold 6)
[2022-06-13T02:56:46.472+0000][1][gc,age       ] GC(11) - age   1:    1877784 bytes,    1877784 total
[2022-06-13T02:56:46.473+0000][1][gc,age       ] GC(11) - age   2:      98864 bytes,    1976648 total
[2022-06-13T02:56:46.473+0000][1][gc,age       ] GC(11) - age   3:     475992 bytes,    2452640 total
[2022-06-13T02:56:46.473+0000][1][gc,age       ] GC(11) - age   4:     519040 bytes,    2971680 total
[2022-06-13T02:56:46.473+0000][1][gc,age       ] GC(11) - age   5:    1129112 bytes,    4100792 total
[2022-06-13T02:56:46.473+0000][1][gc,heap      ] GC(11) ParNew: 75562K->4953K(78656K)
[2022-06-13T02:56:46.474+0000][1][gc,heap      ] GC(11) CMS: 14008K->14008K(174784K)
[2022-06-13T02:56:46.474+0000][1][gc,metaspace ] GC(11) Metaspace: 20637K->20637K(1069056K)
[2022-06-13T02:56:46.474+0000][1][gc           ] GC(11) Pause Young (Allocation Failure) 87M->18M(247M) 4.186ms
[2022-06-13T02:56:46.474+0000][1][gc,cpu       ] GC(11) User=0.02s Sys=0.00s Real=0.00s
[2022-06-13T02:56:46.474+0000][1][safepoint    ] Leaving safepoint region
[2022-06-13T02:56:46.474+0000][1][safepoint    ] Total time for which application threads were stopped: 0.0047990 seconds, Stopping threads took: 0.0001170 seconds
[2022-06-13T02:56:46.503+0000][1][safepoint    ] Application time: 0.0284878 seconds
[2022-06-13T02:56:46.503+0000][1][safepoint    ] Entering safepoint region: CollectForMetadataAllocation
[2022-06-13T02:56:46.503+0000][1][safepoint    ] Leaving safepoint region
[2022-06-13T02:56:46.504+0000][1][safepoint    ] Total time for which application threads were stopped: 0.0003163 seconds, Stopping threads took: 0.0001290 seconds
[2022-06-13T02:56:46.504+0000][1][gc           ] GC(9) Concurrent Abortable Preclean 126.415ms
[2022-06-13T02:56:46.504+0000][1][gc,cpu       ] GC(9) User=0.38s Sys=0.02s Real=0.13s
[2022-06-13T02:56:46.504+0000][1][safepoint    ] Application time: 0.0002650 seconds
[2022-06-13T02:56:46.504+0000][1][safepoint    ] Entering safepoint region: CMS_Final_Remark
[2022-06-13T02:56:46.504+0000][1][gc,start     ] GC(9) Pause Remark
[2022-06-13T02:56:46.511+0000][1][gc           ] GC(9) Pause Remark 55M->55M(247M) 6.673ms
[2022-06-13T02:56:46.511+0000][1][gc,cpu       ] GC(9) User=0.03s Sys=0.00s Real=0.01s
[2022-06-13T02:56:46.511+0000][1][safepoint    ] Leaving safepoint region
[2022-06-13T02:56:46.511+0000][1][safepoint    ] Total time for which application threads were stopped: 0.0072129 seconds, Stopping threads took: 0.0001130 seconds
[2022-06-13T02:56:46.511+0000][1][gc           ] GC(9) Concurrent Sweep
[2022-06-13T02:56:46.516+0000][1][gc           ] GC(9) Concurrent Sweep 4.566ms
[2022-06-13T02:56:46.516+0000][1][gc,cpu       ] GC(9) User=0.01s Sys=0.00s Real=0.00s
[2022-06-13T02:56:46.516+0000][1][gc           ] GC(9) Concurrent Reset
[2022-06-13T02:56:46.517+0000][1][gc           ] GC(9) Concurrent Reset 0.538ms
[2022-06-13T02:56:46.517+0000][1][gc,cpu       ] GC(9) User=0.00s Sys=0.00s Real=0.00s
[2022-06-13T02:56:46.517+0000][1][gc,heap      ] GC(9) Old: 11853K->13982K(174784K)
[2022-06-13T02:56:46.685+0000][1][safepoint    ] Application time: 0.1732174 seconds
[2022-06-13T02:56:46.685+0000][1][safepoint    ] Entering safepoint region: Deoptimize
[2022-06-13T02:56:46.686+0000][1][safepoint    ] Leaving safepoint region
[2022-06-13T02:56:46.686+0000][1][safepoint    ] Total time for which application threads were stopped: 0.0009537 seconds, Stopping threads took: 0.0001348 seconds
[2022-06-13T02:56:46.732+0000][1][safepoint    ] Application time: 0.0458325 seconds
[2022-06-13T02:56:46.732+0000][1][safepoint    ] Entering safepoint region: Deoptimize
[2022-06-13T02:56:46.733+0000][1][safepoint    ] Leaving safepoint region
[2022-06-13T02:56:46.733+0000][1][safepoint    ] Total time for which application threads were stopped: 0.0011317 seconds, Stopping threads took: 0.0002673 seconds
[2022-06-13T02:56:46.734+0000][1][safepoint    ] Application time: 0.0005774 seconds
[2022-06-13T02:56:46.734+0000][1][safepoint    ] Entering safepoint region: Deoptimize
[2022-06-13T02:56:46.735+0000][1][safepoint    ] Leaving safepoint region
[2022-06-13T02:56:46.735+0000][1][safepoint    ] Total time for which application threads were stopped: 0.0008550 seconds, Stopping threads took: 0.0003363 seconds
[2022-06-13T02:56:46.742+0000][1][safepoint    ] Application time: 0.0059014 seconds
[2022-06-13T02:56:46.742+0000][1][safepoint    ] Entering safepoint region: RevokeBias
[2022-06-13T02:56:46.743+0000][1][safepoint    ] Leaving safepoint region
[2022-06-13T02:56:46.743+0000][1][safepoint    ] Total time for which application threads were stopped: 0.0007326 seconds, Stopping threads took: 0.0004146 seconds
[2022-06-13T02:56:46.743+0000][1][safepoint    ] Application time: 0.0002589 seconds
[2022-06-13T02:56:46.744+0000][1][safepoint    ] Entering safepoint region: RevokeBias
[2022-06-13T02:56:46.744+0000][1][safepoint    ] Leaving safepoint region
[2022-06-13T02:56:46.744+0000][1][safepoint    ] Total time for which application threads were stopped: 0.0008518 seconds, Stopping threads took: 0.0003856 seconds
[2022-06-13T02:56:46.746+0000][1][safepoint    ] Application time: 0.0009102 seconds
[2022-06-13T02:56:46.746+0000][1][safepoint    ] Entering safepoint region: Deoptimize
[2022-06-13T02:56:46.746+0000][1][safepoint    ] Leaving safepoint region
[2022-06-13T02:56:46.747+0000][1][safepoint    ] Total time for which application threads were stopped: 0.0008167 seconds, Stopping threads took: 0.0001746 seconds
[2022-06-13T02:56:46.750+0000][1][safepoint    ] Application time: 0.0029837 seconds
[2022-06-13T02:56:46.750+0000][1][safepoint    ] Entering safepoint region: Deoptimize
[2022-06-13T02:56:46.751+0000][1][safepoint    ] Leaving safepoint region
[2022-06-13T02:56:46.752+0000][1][safepoint    ] Total time for which application threads were stopped: 0.0015059 seconds, Stopping threads took: 0.0005545 seconds
[2022-06-13T02:56:46.809+0000][1][safepoint    ] Application time: 0.0566727 seconds
[2022-06-13T02:56:46.809+0000][1][safepoint    ] Entering safepoint region: GenCollectForAllocation
[2022-06-13T02:56:46.809+0000][1][gc,start     ] GC(12) Pause Young (Allocation Failure)
[2022-06-13T02:56:46.810+0000][1][gc,task      ] GC(12) Using 5 workers of 13 for evacuation
[2022-06-13T02:56:46.813+0000][1][gc,age       ] GC(12) Desired survivor size 4456448 bytes, new threshold 5 (max threshold 6)
[2022-06-13T02:56:46.813+0000][1][gc,age       ] GC(12) Age table with threshold 5 (max threshold 6)
[2022-06-13T02:56:46.814+0000][1][gc,age       ] GC(12) - age   1:    3445960 bytes,    3445960 total
[2022-06-13T02:56:46.814+0000][1][gc,age       ] GC(12) - age   2:     345200 bytes,    3791160 total
[2022-06-13T02:56:46.815+0000][1][gc,age       ] GC(12) - age   3:      98568 bytes,    3889728 total
[2022-06-13T02:56:46.815+0000][1][gc,age       ] GC(12) - age   4:     475576 bytes,    4365304 total
[2022-06-13T02:56:46.815+0000][1][gc,age       ] GC(12) - age   5:     514096 bytes,    4879400 total
[2022-06-13T02:56:46.816+0000][1][gc,age       ] GC(12) - age   6:    1128952 bytes,    6008352 total
[2022-06-13T02:56:46.816+0000][1][gc,heap      ] GC(12) ParNew: 74905K->7242K(78656K)
[2022-06-13T02:56:46.816+0000][1][gc,heap      ] GC(12) CMS: 13982K->13982K(174784K)
[2022-06-13T02:56:46.817+0000][1][gc,metaspace ] GC(12) Metaspace: 26392K->26392K(1073152K)
[2022-06-13T02:56:46.817+0000][1][gc           ] GC(12) Pause Young (Allocation Failure) 86M->20M(247M) 7.638ms
[2022-06-13T02:56:46.817+0000][1][gc,cpu       ] GC(12) User=0.02s Sys=0.00s Real=0.00s
[2022-06-13T02:56:46.818+0000][1][safepoint    ] Leaving safepoint region
[2022-06-13T02:56:46.818+0000][1][safepoint    ] Total time for which application threads were stopped: 0.0091540 seconds, Stopping threads took: 0.0002284 seconds
[2022-06-13T02:56:46.963+0000][1][safepoint    ] Application time: 0.1443501 seconds
[2022-06-13T02:56:46.964+0000][1][safepoint    ] Entering safepoint region: Deoptimize
[2022-06-13T02:56:46.965+0000][1][safepoint    ] Leaving safepoint region
[2022-06-13T02:56:46.965+0000][1][safepoint    ] Total time for which application threads were stopped: 0.0016037 seconds, Stopping threads took: 0.0005623 seconds
[2022-06-13T02:56:47.395+0000][1][safepoint    ] Application time: 0.4298744 seconds
[2022-06-13T02:56:47.395+0000][1][safepoint    ] Entering safepoint region: GenCollectForAllocation
[2022-06-13T02:56:47.396+0000][1][gc,start     ] GC(13) Pause Young (Allocation Failure)
[2022-06-13T02:56:47.396+0000][1][gc,task      ] GC(13) Using 5 workers of 13 for evacuation
[2022-06-13T02:56:47.414+0000][1][gc,age       ] GC(13) Desired survivor size 4456448 bytes, new threshold 1 (max threshold 6)
[2022-06-13T02:56:47.415+0000][1][gc,age       ] GC(13) Age table with threshold 1 (max threshold 6)
[2022-06-13T02:56:47.415+0000][1][gc,age       ] GC(13) - age   1:    4736096 bytes,    4736096 total
[2022-06-13T02:56:47.415+0000][1][gc,age       ] GC(13) - age   2:    3259072 bytes,    7995168 total
[2022-06-13T02:56:47.415+0000][1][gc,age       ] GC(13) - age   3:     345000 bytes,    8340168 total
[2022-06-13T02:56:47.415+0000][1][gc,age       ] GC(13) - age   4:      98568 bytes,    8438736 total
[2022-06-13T02:56:47.415+0000][1][gc,age       ] GC(13) - age   5:     475576 bytes,    8914312 total
[2022-06-13T02:56:47.415+0000][1][gc,heap      ] GC(13) ParNew: 77194K->8704K(78656K)
[2022-06-13T02:56:47.416+0000][1][gc,heap      ] GC(13) CMS: 13982K->25288K(174784K)
[2022-06-13T02:56:47.416+0000][1][gc,metaspace ] GC(13) Metaspace: 27119K->27119K(1075200K)
[2022-06-13T02:56:47.416+0000][1][gc           ] GC(13) Pause Young (Allocation Failure) 89M->33M(247M) 20.155ms
[2022-06-13T02:56:47.416+0000][1][gc,cpu       ] GC(13) User=0.22s Sys=0.00s Real=0.02s
[2022-06-13T02:56:47.416+0000][1][safepoint    ] Leaving safepoint region
[2022-06-13T02:56:47.416+0000][1][safepoint    ] Total time for which application threads were stopped: 0.0208276 seconds, Stopping threads took: 0.0001787 seconds
[2022-06-13T02:56:47.592+0000][1][safepoint    ] Application time: 0.1761644 seconds
[2022-06-13T02:56:47.593+0000][1][safepoint    ] Entering safepoint region: RevokeBias
[2022-06-13T02:56:47.593+0000][1][safepoint    ] Leaving safepoint region
[2022-06-13T02:56:47.593+0000][1][safepoint    ] Total time for which application threads were stopped: 0.0003370 seconds, Stopping threads took: 0.0001421 seconds
[2022-06-13T02:56:47.677+0000][1][safepoint    ] Application time: 0.0835956 seconds
[2022-06-13T02:56:47.677+0000][1][safepoint    ] Entering safepoint region: GenCollectForAllocation
[2022-06-13T02:56:47.677+0000][1][gc,start     ] GC(14) Pause Young (Allocation Failure)
[2022-06-13T02:56:47.677+0000][1][gc,task      ] GC(14) Using 5 workers of 13 for evacuation
[2022-06-13T02:56:47.693+0000][1][gc,age       ] GC(14) Desired survivor size 4456448 bytes, new threshold 1 (max threshold 6)
[2022-06-13T02:56:47.694+0000][1][gc,age       ] GC(14) Age table with threshold 1 (max threshold 6)
[2022-06-13T02:56:47.694+0000][1][gc,age       ] GC(14) - age   1:    8912304 bytes,    8912304 total
[2022-06-13T02:56:47.694+0000][1][gc,heap      ] GC(14) ParNew: 78656K->8704K(78656K)
[2022-06-13T02:56:47.694+0000][1][gc,heap      ] GC(14) CMS: 25288K->39231K(174784K)
[2022-06-13T02:56:47.694+0000][1][gc,metaspace ] GC(14) Metaspace: 27181K->27181K(1075200K)
[2022-06-13T02:56:47.694+0000][1][gc           ] GC(14) Pause Young (Allocation Failure) 101M->46M(247M) 17.067ms
[2022-06-13T02:56:47.694+0000][1][gc,cpu       ] GC(14) User=0.15s Sys=0.00s Real=0.02s
[2022-06-13T02:56:47.694+0000][1][safepoint    ] Leaving safepoint region
[2022-06-13T02:56:47.695+0000][1][safepoint    ] Total time for which application threads were stopped: 0.0175837 seconds, Stopping threads took: 0.0001223 seconds
[2022-06-13T02:56:47.805+0000][1][safepoint    ] Application time: 0.1105640 seconds
[2022-06-13T02:56:47.806+0000][1][safepoint    ] Entering safepoint region: RevokeBias
[2022-06-13T02:56:47.806+0000][1][safepoint    ] Leaving safepoint region
[2022-06-13T02:56:47.807+0000][1][safepoint    ] Total time for which application threads were stopped: 0.0009743 seconds, Stopping threads took: 0.0004188 seconds
[2022-06-13T02:56:47.933+0000][1][safepoint    ] Application time: 0.1263052 seconds
[2022-06-13T02:56:47.934+0000][1][safepoint    ] Entering safepoint region: RevokeBias
[2022-06-13T02:56:47.934+0000][1][safepoint    ] Leaving safepoint region
[2022-06-13T02:56:47.935+0000][1][safepoint    ] Total time for which application threads were stopped: 0.0008107 seconds, Stopping threads took: 0.0004438 seconds
[2022-06-13T02:56:47.936+0000][1][safepoint    ] Application time: 0.0014485 seconds
[2022-06-13T02:56:47.937+0000][1][safepoint    ] Entering safepoint region: RevokeBias
[2022-06-13T02:56:47.937+0000][1][safepoint    ] Leaving safepoint region
[2022-06-13T02:56:47.937+0000][1][safepoint    ] Total time for which application threads were stopped: 0.0007600 seconds, Stopping threads took: 0.0004035 seconds
[2022-06-13T02:56:48.032+0000][1][safepoint    ] Application time: 0.0940006 seconds
[2022-06-13T02:56:48.032+0000][1][safepoint    ] Entering safepoint region: GenCollectForAllocation
[2022-06-13T02:56:48.032+0000][1][gc,start     ] GC(15) Pause Young (Allocation Failure)
[2022-06-13T02:56:48.033+0000][1][gc,task      ] GC(15) Using 5 workers of 13 for evacuation
[2022-06-13T02:56:48.046+0000][1][gc,age       ] GC(15) Desired survivor size 4456448 bytes, new threshold 1 (max threshold 6)
[2022-06-13T02:56:48.046+0000][1][gc,age       ] GC(15) Age table with threshold 1 (max threshold 6)
[2022-06-13T02:56:48.047+0000][1][gc,age       ] GC(15) - age   1:    6790480 bytes,    6790480 total
[2022-06-13T02:56:48.047+0000][1][gc,heap      ] GC(15) ParNew: 78656K->8704K(78656K)
[2022-06-13T02:56:48.047+0000][1][gc,heap      ] GC(15) CMS: 39231K->48893K(174784K)
[2022-06-13T02:56:48.048+0000][1][gc,metaspace ] GC(15) Metaspace: 32285K->32285K(1079296K)
[2022-06-13T02:56:48.048+0000][1][gc           ] GC(15) Pause Young (Allocation Failure) 115M->56M(247M) 15.425ms
[2022-06-13T02:56:48.048+0000][1][gc,cpu       ] GC(15) User=0.09s Sys=0.00s Real=0.01s
[2022-06-13T02:56:48.048+0000][1][safepoint    ] Leaving safepoint region
[2022-06-13T02:56:48.048+0000][1][safepoint    ] Total time for which application threads were stopped: 0.0163151 seconds, Stopping threads took: 0.0003043 seconds
[2022-06-13T02:56:48.064+0000][1][safepoint    ] Application time: 0.0161036 seconds
[2022-06-13T02:56:48.065+0000][1][safepoint    ] Entering safepoint region: RevokeBias
[2022-06-13T02:56:48.065+0000][1][safepoint    ] Leaving safepoint region
[2022-06-13T02:56:48.065+0000][1][safepoint    ] Total time for which application threads were stopped: 0.0006408 seconds, Stopping threads took: 0.0003726 seconds
[2022-06-13T02:56:48.124+0000][1][safepoint    ] Application time: 0.0585488 seconds
[2022-06-13T02:56:48.125+0000][1][safepoint    ] Entering safepoint region: GenCollectForAllocation
[2022-06-13T02:56:48.125+0000][1][gc,start     ] GC(16) Pause Young (Allocation Failure)
[2022-06-13T02:56:48.125+0000][1][gc,task      ] GC(16) Using 5 workers of 13 for evacuation
[2022-06-13T02:56:48.130+0000][1][gc,age       ] GC(16) Desired survivor size 4456448 bytes, new threshold 6 (max threshold 6)
[2022-06-13T02:56:48.130+0000][1][gc,age       ] GC(16) Age table with threshold 6 (max threshold 6)
[2022-06-13T02:56:48.131+0000][1][gc,age       ] GC(16) - age   1:     341072 bytes,     341072 total
[2022-06-13T02:56:48.131+0000][1][gc,heap      ] GC(16) ParNew: 78656K->7074K(78656K)
[2022-06-13T02:56:48.131+0000][1][gc,heap      ] GC(16) CMS: 48893K->55555K(174784K)
[2022-06-13T02:56:48.131+0000][1][gc,metaspace ] GC(16) Metaspace: 32981K->32981K(1079296K)
[2022-06-13T02:56:48.132+0000][1][gc           ] GC(16) Pause Young (Allocation Failure) 124M->61M(247M) 6.361ms
[2022-06-13T02:56:48.132+0000][1][gc,cpu       ] GC(16) User=0.02s Sys=0.00s Real=0.01s
[2022-06-13T02:56:48.132+0000][1][safepoint    ] Leaving safepoint region
[2022-06-13T02:56:48.132+0000][1][safepoint    ] Total time for which application threads were stopped: 0.0073988 seconds, Stopping threads took: 0.0002756 seconds
[2022-06-13T02:56:48.267+0000][1][safepoint    ] Application time: 0.1342238 seconds
[2022-06-13T02:56:48.267+0000][1][safepoint    ] Entering safepoint region: CollectForMetadataAllocation
[2022-06-13T02:56:48.268+0000][1][safepoint    ] Leaving safepoint region
[2022-06-13T02:56:48.268+0000][1][safepoint    ] Total time for which application threads were stopped: 0.0006650 seconds, Stopping threads took: 0.0002926 seconds
[2022-06-13T02:56:48.277+0000][1][safepoint    ] Application time: 0.0088934 seconds
[2022-06-13T02:56:48.277+0000][1][safepoint    ] Entering safepoint region: CollectForMetadataAllocation
[2022-06-13T02:56:48.278+0000][1][safepoint    ] Leaving safepoint region
[2022-06-13T02:56:48.278+0000][1][safepoint    ] Total time for which application threads were stopped: 0.0006020 seconds, Stopping threads took: 0.0002595 seconds
[2022-06-13T02:56:48.285+0000][1][safepoint    ] Application time: 0.0071174 seconds
[2022-06-13T02:56:48.286+0000][1][safepoint    ] Entering safepoint region: CollectForMetadataAllocation
[2022-06-13T02:56:48.286+0000][1][safepoint    ] Leaving safepoint region
[2022-06-13T02:56:48.286+0000][1][safepoint    ] Total time for which application threads were stopped: 0.0005900 seconds, Stopping threads took: 0.0002079 seconds
[2022-06-13T02:56:48.297+0000][1][safepoint    ] Application time: 0.0109104 seconds
[2022-06-13T02:56:48.298+0000][1][safepoint    ] Entering safepoint region: CollectForMetadataAllocation
[2022-06-13T02:56:48.298+0000][1][safepoint    ] Leaving safepoint region
[2022-06-13T02:56:48.298+0000][1][safepoint    ] Total time for which application threads were stopped: 0.0003941 seconds, Stopping threads took: 0.0001598 seconds
[2022-06-13T02:56:48.308+0000][1][safepoint    ] Application time: 0.0104280 seconds
[2022-06-13T02:56:48.309+0000][1][safepoint    ] Entering safepoint region: CollectForMetadataAllocation
[2022-06-13T02:56:48.309+0000][1][safepoint    ] Leaving safepoint region
[2022-06-13T02:56:48.310+0000][1][safepoint    ] Total time for which application threads were stopped: 0.0008943 seconds, Stopping threads took: 0.0002276 seconds
[2022-06-13T02:56:48.319+0000][1][safepoint    ] Application time: 0.0093782 seconds
[2022-06-13T02:56:48.320+0000][1][safepoint    ] Entering safepoint region: CollectForMetadataAllocation
[2022-06-13T02:56:48.320+0000][1][safepoint    ] Leaving safepoint region
[2022-06-13T02:56:48.321+0000][1][safepoint    ] Total time for which application threads were stopped: 0.0008835 seconds, Stopping threads took: 0.0003678 seconds
[2022-06-13T02:56:48.332+0000][1][safepoint    ] Application time: 0.0110655 seconds
[2022-06-13T02:56:48.333+0000][1][safepoint    ] Entering safepoint region: CollectForMetadataAllocation
[2022-06-13T02:56:48.333+0000][1][safepoint    ] Leaving safepoint region
[2022-06-13T02:56:48.334+0000][1][safepoint    ] Total time for which application threads were stopped: 0.0009463 seconds, Stopping threads took: 0.0004065 seconds
[2022-06-13T02:56:48.346+0000][1][safepoint    ] Application time: 0.0120031 seconds
[2022-06-13T02:56:48.346+0000][1][safepoint    ] Entering safepoint region: CollectForMetadataAllocation
[2022-06-13T02:56:48.347+0000][1][safepoint    ] Leaving safepoint region
[2022-06-13T02:56:48.347+0000][1][safepoint    ] Total time for which application threads were stopped: 0.0009356 seconds, Stopping threads took: 0.0004441 seconds
[2022-06-13T02:56:48.351+0000][1][safepoint    ] Application time: 0.0039618 seconds
[2022-06-13T02:56:48.352+0000][1][safepoint    ] Entering safepoint region: RevokeBias
[2022-06-13T02:56:48.352+0000][1][safepoint    ] Leaving safepoint region
[2022-06-13T02:56:48.353+0000][1][safepoint    ] Total time for which application threads were stopped: 0.0007750 seconds, Stopping threads took: 0.0003587 seconds
[2022-06-13T02:56:48.356+0000][1][safepoint    ] Application time: 0.0026016 seconds
[2022-06-13T02:56:48.356+0000][1][safepoint    ] Entering safepoint region: RevokeBias
[2022-06-13T02:56:48.356+0000][1][safepoint    ] Leaving safepoint region
[2022-06-13T02:56:48.356+0000][1][safepoint    ] Total time for which application threads were stopped: 0.0005992 seconds, Stopping threads took: 0.0003101 seconds
[2022-06-13T02:56:48.362+0000][1][safepoint    ] Application time: 0.0052150 seconds
[2022-06-13T02:56:48.362+0000][1][safepoint    ] Entering safepoint region: RevokeBias
[2022-06-13T02:56:48.363+0000][1][safepoint    ] Leaving safepoint region
[2022-06-13T02:56:48.363+0000][1][safepoint    ] Total time for which application threads were stopped: 0.0004100 seconds, Stopping threads took: 0.0001912 seconds
[2022-06-13T02:56:48.373+0000][1][safepoint    ] Application time: 0.0097535 seconds
[2022-06-13T02:56:48.373+0000][1][safepoint    ] Entering safepoint region: CollectForMetadataAllocation
[2022-06-13T02:56:48.374+0000][1][safepoint    ] Leaving safepoint region
[2022-06-13T02:56:48.374+0000][1][safepoint    ] Total time for which application threads were stopped: 0.0007904 seconds, Stopping threads took: 0.0003750 seconds
[2022-06-13T02:56:48.384+0000][1][safepoint    ] Application time: 0.0098322 seconds
[2022-06-13T02:56:48.384+0000][1][safepoint    ] Entering safepoint region: CollectForMetadataAllocation
[2022-06-13T02:56:48.385+0000][1][safepoint    ] Leaving safepoint region
[2022-06-13T02:56:48.385+0000][1][safepoint    ] Total time for which application threads were stopped: 0.0006112 seconds, Stopping threads took: 0.0002761 seconds
[2022-06-13T02:56:48.395+0000][1][safepoint    ] Application time: 0.0098263 seconds
[2022-06-13T02:56:48.395+0000][1][safepoint    ] Entering safepoint region: CollectForMetadataAllocation
[2022-06-13T02:56:48.396+0000][1][safepoint    ] Leaving safepoint region
[2022-06-13T02:56:48.396+0000][1][safepoint    ] Total time for which application threads were stopped: 0.0007509 seconds, Stopping threads took: 0.0002744 seconds
[2022-06-13T02:56:48.409+0000][1][safepoint    ] Application time: 0.0125800 seconds
[2022-06-13T02:56:48.410+0000][1][safepoint    ] Entering safepoint region: CollectForMetadataAllocation
[2022-06-13T02:56:48.410+0000][1][safepoint    ] Leaving safepoint region
[2022-06-13T02:56:48.411+0000][1][safepoint    ] Total time for which application threads were stopped: 0.0010640 seconds, Stopping threads took: 0.0004463 seconds
[2022-06-13T02:56:48.421+0000][1][safepoint    ] Application time: 0.0096868 seconds
[2022-06-13T02:56:48.421+0000][1][safepoint    ] Entering safepoint region: CollectForMetadataAllocation
[2022-06-13T02:56:48.422+0000][1][safepoint    ] Leaving safepoint region
[2022-06-13T02:56:48.422+0000][1][safepoint    ] Total time for which application threads were stopped: 0.0010580 seconds, Stopping threads took: 0.0005459 seconds
[2022-06-13T02:56:48.435+0000][1][safepoint    ] Application time: 0.0129305 seconds
[2022-06-13T02:56:48.436+0000][1][safepoint    ] Entering safepoint region: CollectForMetadataAllocation
[2022-06-13T02:56:48.437+0000][1][safepoint    ] Leaving safepoint region
[2022-06-13T02:56:48.437+0000][1][safepoint    ] Total time for which application threads were stopped: 0.0009159 seconds, Stopping threads took: 0.0004667 seconds
[2022-06-13T02:56:48.447+0000][1][safepoint    ] Application time: 0.0102202 seconds
[2022-06-13T02:56:48.448+0000][1][safepoint    ] Entering safepoint region: CollectForMetadataAllocation
[2022-06-13T02:56:48.448+0000][1][safepoint    ] Leaving safepoint region
[2022-06-13T02:56:48.449+0000][1][safepoint    ] Total time for which application threads were stopped: 0.0007410 seconds, Stopping threads took: 0.0003407 seconds
[2022-06-13T02:56:48.458+0000][1][safepoint    ] Application time: 0.0090357 seconds
[2022-06-13T02:56:48.458+0000][1][safepoint    ] Entering safepoint region: CollectForMetadataAllocation
[2022-06-13T02:56:48.459+0000][1][safepoint    ] Leaving safepoint region
[2022-06-13T02:56:48.459+0000][1][safepoint    ] Total time for which application threads were stopped: 0.0006404 seconds, Stopping threads took: 0.0001227 seconds
[2022-06-13T02:56:48.474+0000][1][safepoint    ] Application time: 0.0146511 seconds
[2022-06-13T02:56:48.474+0000][1][safepoint    ] Entering safepoint region: CollectForMetadataAllocation
[2022-06-13T02:56:48.475+0000][1][safepoint    ] Leaving safepoint region
[2022-06-13T02:56:48.475+0000][1][safepoint    ] Total time for which application threads were stopped: 0.0011722 seconds, Stopping threads took: 0.0005933 seconds
[2022-06-13T02:56:48.488+0000][1][safepoint    ] Application time: 0.0116370 seconds
[2022-06-13T02:56:48.488+0000][1][safepoint    ] Entering safepoint region: CollectForMetadataAllocation
[2022-06-13T02:56:48.489+0000][1][safepoint    ] Leaving safepoint region
[2022-06-13T02:56:48.489+0000][1][safepoint    ] Total time for which application threads were stopped: 0.0008058 seconds, Stopping threads took: 0.0004255 seconds
[2022-06-13T02:56:48.501+0000][1][safepoint    ] Application time: 0.0120468 seconds
[2022-06-13T02:56:48.502+0000][1][safepoint    ] Entering safepoint region: CollectForMetadataAllocation
[2022-06-13T02:56:48.502+0000][1][safepoint    ] Leaving safepoint region
[2022-06-13T02:56:48.502+0000][1][safepoint    ] Total time for which application threads were stopped: 0.0008537 seconds, Stopping threads took: 0.0003309 seconds
[2022-06-13T02:56:48.518+0000][1][safepoint    ] Application time: 0.0153682 seconds
[2022-06-13T02:56:48.518+0000][1][safepoint    ] Entering safepoint region: CollectForMetadataAllocation
[2022-06-13T02:56:48.519+0000][1][safepoint    ] Leaving safepoint region
[2022-06-13T02:56:48.519+0000][1][safepoint    ] Total time for which application threads were stopped: 0.0006332 seconds, Stopping threads took: 0.0003186 seconds
[2022-06-13T02:56:48.537+0000][1][safepoint    ] Application time: 0.0175875 seconds
[2022-06-13T02:56:48.538+0000][1][safepoint    ] Entering safepoint region: CollectForMetadataAllocation
[2022-06-13T02:56:48.538+0000][1][safepoint    ] Leaving safepoint region
[2022-06-13T02:56:48.538+0000][1][safepoint    ] Total time for which application threads were stopped: 0.0008007 seconds, Stopping threads took: 0.0003041 seconds
[2022-06-13T02:56:48.552+0000][1][safepoint    ] Application time: 0.0134900 seconds
[2022-06-13T02:56:48.553+0000][1][safepoint    ] Entering safepoint region: CollectForMetadataAllocation
[2022-06-13T02:56:48.553+0000][1][safepoint    ] Leaving safepoint region
[2022-06-13T02:56:48.553+0000][1][safepoint    ] Total time for which application threads were stopped: 0.0006509 seconds, Stopping threads took: 0.0002917 seconds
[2022-06-13T02:56:48.567+0000][1][safepoint    ] Application time: 0.0133641 seconds
[2022-06-13T02:56:48.567+0000][1][safepoint    ] Entering safepoint region: CollectForMetadataAllocation
[2022-06-13T02:56:48.568+0000][1][safepoint    ] Leaving safepoint region
[2022-06-13T02:56:48.568+0000][1][safepoint    ] Total time for which application threads were stopped: 0.0007955 seconds, Stopping threads took: 0.0003408 seconds
[2022-06-13T02:56:48.580+0000][1][safepoint    ] Application time: 0.0115596 seconds
[2022-06-13T02:56:48.581+0000][1][safepoint    ] Entering safepoint region: CollectForMetadataAllocation
[2022-06-13T02:56:48.581+0000][1][safepoint    ] Leaving safepoint region
[2022-06-13T02:56:48.581+0000][1][safepoint    ] Total time for which application threads were stopped: 0.0006720 seconds, Stopping threads took: 0.0002443 seconds
[2022-06-13T02:56:48.589+0000][1][safepoint    ] Application time: 0.0073673 seconds
[2022-06-13T02:56:48.589+0000][1][safepoint    ] Entering safepoint region: RevokeBias
[2022-06-13T02:56:48.590+0000][1][safepoint    ] Leaving safepoint region
[2022-06-13T02:56:48.590+0000][1][safepoint    ] Total time for which application threads were stopped: 0.0008257 seconds, Stopping threads took: 0.0004910 seconds
[2022-06-13T02:56:48.591+0000][1][safepoint    ] Application time: 0.0001563 seconds
[2022-06-13T02:56:48.591+0000][1][safepoint    ] Entering safepoint region: RevokeBias
[2022-06-13T02:56:48.592+0000][1][safepoint    ] Leaving safepoint region
[2022-06-13T02:56:48.592+0000][1][safepoint    ] Total time for which application threads were stopped: 0.0007591 seconds, Stopping threads took: 0.0005809 seconds
[2022-06-13T02:56:48.597+0000][1][safepoint    ] Application time: 0.0050832 seconds
[2022-06-13T02:56:48.597+0000][1][safepoint    ] Entering safepoint region: CollectForMetadataAllocation
[2022-06-13T02:56:48.598+0000][1][safepoint    ] Leaving safepoint region
[2022-06-13T02:56:48.598+0000][1][safepoint    ] Total time for which application threads were stopped: 0.0004882 seconds, Stopping threads took: 0.0001686 seconds
[2022-06-13T02:56:48.748+0000][1][safepoint    ] Application time: 0.1505260 seconds
[2022-06-13T02:56:48.749+0000][1][safepoint    ] Entering safepoint region: CollectForMetadataAllocation
[2022-06-13T02:56:48.749+0000][1][safepoint    ] Leaving safepoint region
[2022-06-13T02:56:48.750+0000][1][safepoint    ] Total time for which application threads were stopped: 0.0008845 seconds, Stopping threads took: 0.0003527 seconds
[2022-06-13T02:56:48.941+0000][1][safepoint    ] Application time: 0.1910838 seconds
[2022-06-13T02:56:48.942+0000][1][safepoint    ] Entering safepoint region: CollectForMetadataAllocation
[2022-06-13T02:56:48.942+0000][1][safepoint    ] Leaving safepoint region
[2022-06-13T02:56:48.943+0000][1][safepoint    ] Total time for which application threads were stopped: 0.0008410 seconds, Stopping threads took: 0.0003377 seconds
[2022-06-13T02:56:48.953+0000][1][safepoint    ] Application time: 0.0104865 seconds
[2022-06-13T02:56:48.954+0000][1][safepoint    ] Entering safepoint region: GenCollectForAllocation
[2022-06-13T02:56:48.954+0000][1][gc,start     ] GC(17) Pause Young (Allocation Failure)
[2022-06-13T02:56:48.955+0000][1][gc,task      ] GC(17) Using 5 workers of 13 for evacuation
[2022-06-13T02:56:48.959+0000][1][gc,age       ] GC(17) Desired survivor size 4456448 bytes, new threshold 6 (max threshold 6)
[2022-06-13T02:56:48.959+0000][1][gc,age       ] GC(17) Age table with threshold 6 (max threshold 6)
[2022-06-13T02:56:48.960+0000][1][gc,age       ] GC(17) - age   1:    4079840 bytes,    4079840 total
[2022-06-13T02:56:48.960+0000][1][gc,age       ] GC(17) - age   2:     301472 bytes,    4381312 total
[2022-06-13T02:56:48.961+0000][1][gc,heap      ] GC(17) ParNew: 77026K->5127K(78656K)
[2022-06-13T02:56:48.961+0000][1][gc,heap      ] GC(17) CMS: 55555K->55555K(174784K)
[2022-06-13T02:56:48.961+0000][1][gc,metaspace ] GC(17) Metaspace: 42505K->42505K(1089536K)
[2022-06-13T02:56:48.962+0000][1][gc           ] GC(17) Pause Young (Allocation Failure) 129M->59M(247M) 7.397ms
[2022-06-13T02:56:48.962+0000][1][gc,cpu       ] GC(17) User=0.02s Sys=0.00s Real=0.01s
[2022-06-13T02:56:48.963+0000][1][safepoint    ] Leaving safepoint region
[2022-06-13T02:56:48.963+0000][1][safepoint    ] Total time for which application threads were stopped: 0.0091961 seconds, Stopping threads took: 0.0004081 seconds
[2022-06-13T02:56:48.964+0000][1][safepoint    ] Application time: 0.0003503 seconds
[2022-06-13T02:56:48.964+0000][1][safepoint    ] Entering safepoint region: CMS_Initial_Mark
[2022-06-13T02:56:48.965+0000][1][gc,start     ] GC(18) Pause Initial Mark
[2022-06-13T02:56:48.966+0000][1][gc           ] GC(18) Pause Initial Mark 60M->60M(247M) 1.548ms
[2022-06-13T02:56:48.967+0000][1][gc,cpu       ] GC(18) User=0.00s Sys=0.00s Real=0.00s
[2022-06-13T02:56:48.967+0000][1][safepoint    ] Leaving safepoint region
[2022-06-13T02:56:48.967+0000][1][safepoint    ] Total time for which application threads were stopped: 0.0031136 seconds, Stopping threads took: 0.0004209 seconds
[2022-06-13T02:56:48.968+0000][1][gc           ] GC(18) Concurrent Mark
[2022-06-13T02:56:48.968+0000][1][gc,task      ] GC(18) Using 4 workers of 4 for marking
[2022-06-13T02:56:48.975+0000][1][safepoint    ] Application time: 0.0074827 seconds
[2022-06-13T02:56:48.976+0000][1][safepoint    ] Entering safepoint region: CollectForMetadataAllocation
[2022-06-13T02:56:48.976+0000][1][safepoint    ] Leaving safepoint region
[2022-06-13T02:56:48.977+0000][1][safepoint    ] Total time for which application threads were stopped: 0.0008894 seconds, Stopping threads took: 0.0004276 seconds
[2022-06-13T02:56:48.989+0000][1][gc           ] GC(18) Concurrent Mark 20.991ms
[2022-06-13T02:56:48.989+0000][1][gc,cpu       ] GC(18) User=0.14s Sys=0.00s Real=0.03s
[2022-06-13T02:56:48.990+0000][1][gc           ] GC(18) Concurrent Preclean
[2022-06-13T02:56:48.991+0000][1][gc           ] GC(18) Concurrent Preclean 1.645ms
[2022-06-13T02:56:48.992+0000][1][gc,cpu       ] GC(18) User=0.01s Sys=0.00s Real=0.00s
[2022-06-13T02:56:48.992+0000][1][gc           ] GC(18) Concurrent Abortable Preclean
[2022-06-13T02:56:49.024+0000][1][safepoint    ] Application time: 0.0473044 seconds
[2022-06-13T02:56:49.025+0000][1][safepoint    ] Entering safepoint region: CollectForMetadataAllocation
[2022-06-13T02:56:49.025+0000][1][safepoint    ] Leaving safepoint region
[2022-06-13T02:56:49.026+0000][1][safepoint    ] Total time for which application threads were stopped: 0.0011522 seconds, Stopping threads took: 0.0006863 seconds
[2022-06-13T02:56:49.127+0000][1][safepoint    ] Application time: 0.1005713 seconds
[2022-06-13T02:56:49.127+0000][1][safepoint    ] Entering safepoint region: CollectForMetadataAllocation
[2022-06-13T02:56:49.128+0000][1][safepoint    ] Leaving safepoint region
[2022-06-13T02:56:49.128+0000][1][safepoint    ] Total time for which application threads were stopped: 0.0008542 seconds, Stopping threads took: 0.0003648 seconds
[2022-06-13T02:56:49.138+0000][1][safepoint    ] Application time: 0.0096236 seconds
[2022-06-13T02:56:49.138+0000][1][safepoint    ] Entering safepoint region: CollectForMetadataAllocation
[2022-06-13T02:56:49.139+0000][1][safepoint    ] Leaving safepoint region
[2022-06-13T02:56:49.139+0000][1][safepoint    ] Total time for which application threads were stopped: 0.0008169 seconds, Stopping threads took: 0.0003789 seconds
[2022-06-13T02:56:49.149+0000][1][safepoint    ] Application time: 0.0100744 seconds
[2022-06-13T02:56:49.150+0000][1][safepoint    ] Entering safepoint region: CollectForMetadataAllocation
[2022-06-13T02:56:49.150+0000][1][safepoint    ] Leaving safepoint region
[2022-06-13T02:56:49.150+0000][1][safepoint    ] Total time for which application threads were stopped: 0.0006592 seconds, Stopping threads took: 0.0002600 seconds
[2022-06-13T02:56:49.175+0000][1][safepoint    ] Application time: 0.0239259 seconds
[2022-06-13T02:56:49.175+0000][1][safepoint    ] Entering safepoint region: CollectForMetadataAllocation
[2022-06-13T02:56:49.175+0000][1][safepoint    ] Leaving safepoint region
[2022-06-13T02:56:49.176+0000][1][safepoint    ] Total time for which application threads were stopped: 0.0007712 seconds, Stopping threads took: 0.0003996 seconds
[2022-06-13T02:56:49.190+0000][1][safepoint    ] Application time: 0.0144151 seconds
[2022-06-13T02:56:49.191+0000][1][safepoint    ] Entering safepoint region: CollectForMetadataAllocation
[2022-06-13T02:56:49.191+0000][1][safepoint    ] Leaving safepoint region
[2022-06-13T02:56:49.192+0000][1][safepoint    ] Total time for which application threads were stopped: 0.0009532 seconds, Stopping threads took: 0.0003569 seconds
[2022-06-13T02:56:49.193+0000][1][gc           ] GC(18) Concurrent Abortable Preclean 201.009ms
[2022-06-13T02:56:49.194+0000][1][gc,cpu       ] GC(18) User=1.02s Sys=0.03s Real=0.20s
[2022-06-13T02:56:49.194+0000][1][safepoint    ] Application time: 0.0018034 seconds
[2022-06-13T02:56:49.194+0000][1][safepoint    ] Entering safepoint region: CMS_Final_Remark
[2022-06-13T02:56:49.195+0000][1][gc,start     ] GC(18) Pause Remark
[2022-06-13T02:56:49.205+0000][1][gc           ] GC(18) Pause Remark 94M->94M(247M) 10.604ms
[2022-06-13T02:56:49.206+0000][1][gc,cpu       ] GC(18) User=0.04s Sys=0.00s Real=0.01s
[2022-06-13T02:56:49.206+0000][1][safepoint    ] Leaving safepoint region
[2022-06-13T02:56:49.207+0000][1][safepoint    ] Total time for which application threads were stopped: 0.0123963 seconds, Stopping threads took: 0.0003765 seconds
[2022-06-13T02:56:49.207+0000][1][gc           ] GC(18) Concurrent Sweep
[2022-06-13T02:56:49.209+0000][1][safepoint    ] Application time: 0.0019353 seconds
[2022-06-13T02:56:49.210+0000][1][safepoint    ] Entering safepoint region: RevokeBias
[2022-06-13T02:56:49.211+0000][1][safepoint    ] Leaving safepoint region
[2022-06-13T02:56:49.211+0000][1][safepoint    ] Total time for which application threads were stopped: 0.0017745 seconds, Stopping threads took: 0.0008790 seconds
[2022-06-13T02:56:49.213+0000][1][safepoint    ] Application time: 0.0012557 seconds
[2022-06-13T02:56:49.214+0000][1][safepoint    ] Entering safepoint region: RevokeBias
[2022-06-13T02:56:49.214+0000][1][safepoint    ] Leaving safepoint region
[2022-06-13T02:56:49.214+0000][1][safepoint    ] Total time for which application threads were stopped: 0.0008894 seconds, Stopping threads took: 0.0004090 seconds
[2022-06-13T02:56:49.225+0000][1][gc           ] GC(18) Concurrent Sweep 17.438ms
[2022-06-13T02:56:49.225+0000][1][gc,cpu       ] GC(18) User=0.07s Sys=0.01s Real=0.02s
[2022-06-13T02:56:49.226+0000][1][gc           ] GC(18) Concurrent Reset
[2022-06-13T02:56:49.226+0000][1][gc           ] GC(18) Concurrent Reset 0.352ms
[2022-06-13T02:56:49.226+0000][1][gc,cpu       ] GC(18) User=0.00s Sys=0.00s Real=0.00s
[2022-06-13T02:56:49.226+0000][1][gc,heap      ] GC(18) Old: 55555K->55324K(174784K)
[2022-06-13T02:56:49.240+0000][1][safepoint    ] Application time: 0.0250423 seconds
[2022-06-13T02:56:49.241+0000][1][safepoint    ] Entering safepoint region: RevokeBias
[2022-06-13T02:56:49.241+0000][1][safepoint    ] Leaving safepoint region
[2022-06-13T02:56:49.241+0000][1][safepoint    ] Total time for which application threads were stopped: 0.0005645 seconds, Stopping threads took: 0.0002813 seconds
[2022-06-13T02:56:49.257+0000][1][safepoint    ] Application time: 0.0154146 seconds
[2022-06-13T02:56:49.257+0000][1][safepoint    ] Entering safepoint region: RevokeBias
[2022-06-13T02:56:49.258+0000][1][safepoint    ] Leaving safepoint region
[2022-06-13T02:56:49.258+0000][1][safepoint    ] Total time for which application threads were stopped: 0.0009312 seconds, Stopping threads took: 0.0004688 seconds
[2022-06-13T02:56:49.261+0000][1][safepoint    ] Application time: 0.0024994 seconds
[2022-06-13T02:56:49.262+0000][1][safepoint    ] Entering safepoint region: RevokeBias
[2022-06-13T02:56:49.262+0000][1][safepoint    ] Leaving safepoint region
[2022-06-13T02:56:49.263+0000][1][safepoint    ] Total time for which application threads were stopped: 0.0010480 seconds, Stopping threads took: 0.0003630 seconds
[2022-06-13T02:56:49.399+0000][1][safepoint    ] Application time: 0.1362349 seconds
[2022-06-13T02:56:49.400+0000][1][safepoint    ] Entering safepoint region: RevokeBias
[2022-06-13T02:56:49.401+0000][1][safepoint    ] Leaving safepoint region
[2022-06-13T02:56:49.401+0000][1][safepoint    ] Total time for which application threads were stopped: 0.0012650 seconds, Stopping threads took: 0.0003747 seconds
[2022-06-13T02:56:49.402+0000][1][safepoint    ] Application time: 0.0003718 seconds
[2022-06-13T02:56:49.402+0000][1][safepoint    ] Entering safepoint region: RevokeBias
[2022-06-13T02:56:49.402+0000][1][safepoint    ] Leaving safepoint region
[2022-06-13T02:56:49.403+0000][1][safepoint    ] Total time for which application threads were stopped: 0.0007138 seconds, Stopping threads took: 0.0003393 seconds
[2022-06-13T02:56:49.403+0000][1][safepoint    ] Application time: 0.0003486 seconds
[2022-06-13T02:56:49.404+0000][1][safepoint    ] Entering safepoint region: RevokeBias
[2022-06-13T02:56:49.404+0000][1][safepoint    ] Leaving safepoint region
[2022-06-13T02:56:49.404+0000][1][safepoint    ] Total time for which application threads were stopped: 0.0006879 seconds, Stopping threads took: 0.0004223 seconds
[2022-06-13T02:56:49.405+0000][1][safepoint    ] Application time: 0.0002102 seconds
[2022-06-13T02:56:49.405+0000][1][safepoint    ] Entering safepoint region: RevokeBias
[2022-06-13T02:56:49.405+0000][1][safepoint    ] Leaving safepoint region
[2022-06-13T02:56:49.406+0000][1][safepoint    ] Total time for which application threads were stopped: 0.0004556 seconds, Stopping threads took: 0.0002084 seconds
[2022-06-13T02:56:49.406+0000][1][safepoint    ] Application time: 0.0006296 seconds
[2022-06-13T02:56:49.407+0000][1][safepoint    ] Entering safepoint region: RevokeBias
[2022-06-13T02:56:49.407+0000][1][safepoint    ] Leaving safepoint region
[2022-06-13T02:56:49.407+0000][1][safepoint    ] Total time for which application threads were stopped: 0.0004860 seconds, Stopping threads took: 0.0002514 seconds
[2022-06-13T02:56:49.408+0000][1][safepoint    ] Application time: 0.0004288 seconds
[2022-06-13T02:56:49.408+0000][1][safepoint    ] Entering safepoint region: RevokeBias
[2022-06-13T02:56:49.408+0000][1][safepoint    ] Leaving safepoint region
[2022-06-13T02:56:49.409+0000][1][safepoint    ] Total time for which application threads were stopped: 0.0007750 seconds, Stopping threads took: 0.0004235 seconds
[2022-06-13T02:56:49.409+0000][1][safepoint    ] Application time: 0.0002045 seconds
[2022-06-13T02:56:49.410+0000][1][safepoint    ] Entering safepoint region: RevokeBias
[2022-06-13T02:56:49.410+0000][1][safepoint    ] Leaving safepoint region
[2022-06-13T02:56:49.410+0000][1][safepoint    ] Total time for which application threads were stopped: 0.0006238 seconds, Stopping threads took: 0.0003056 seconds
[2022-06-13T02:56:49.411+0000][1][safepoint    ] Application time: 0.0003748 seconds
[2022-06-13T02:56:49.411+0000][1][safepoint    ] Entering safepoint region: RevokeBias
[2022-06-13T02:56:49.411+0000][1][safepoint    ] Leaving safepoint region
[2022-06-13T02:56:49.412+0000][1][safepoint    ] Total time for which application threads were stopped: 0.0004531 seconds, Stopping threads took: 0.0002524 seconds
[2022-06-13T02:56:49.412+0000][1][safepoint    ] Application time: 0.0002594 seconds
[2022-06-13T02:56:49.413+0000][1][safepoint    ] Entering safepoint region: RevokeBias
[2022-06-13T02:56:49.413+0000][1][safepoint    ] Leaving safepoint region
[2022-06-13T02:56:49.413+0000][1][safepoint    ] Total time for which application threads were stopped: 0.0009193 seconds, Stopping threads took: 0.0006311 seconds
[2022-06-13T02:56:49.414+0000][1][safepoint    ] Application time: 0.0002232 seconds
[2022-06-13T02:56:49.414+0000][1][safepoint    ] Entering safepoint region: RevokeBias
[2022-06-13T02:56:49.414+0000][1][safepoint    ] Leaving safepoint region
[2022-06-13T02:56:49.415+0000][1][safepoint    ] Total time for which application threads were stopped: 0.0005900 seconds, Stopping threads took: 0.0002927 seconds
[2022-06-13T02:56:49.415+0000][1][safepoint    ] Application time: 0.0001012 seconds
[2022-06-13T02:56:49.415+0000][1][safepoint    ] Entering safepoint region: RevokeBias
[2022-06-13T02:56:49.416+0000][1][safepoint    ] Leaving safepoint region
[2022-06-13T02:56:49.416+0000][1][safepoint    ] Total time for which application threads were stopped: 0.0006913 seconds, Stopping threads took: 0.0004215 seconds
[2022-06-13T02:56:49.416+0000][1][safepoint    ] Application time: 0.0001224 seconds
[2022-06-13T02:56:49.416+0000][1][safepoint    ] Entering safepoint region: RevokeBias
[2022-06-13T02:56:49.417+0000][1][safepoint    ] Leaving safepoint region
[2022-06-13T02:56:49.417+0000][1][safepoint    ] Total time for which application threads were stopped: 0.0004819 seconds, Stopping threads took: 0.0002414 seconds
[2022-06-13T02:56:49.417+0000][1][safepoint    ] Application time: 0.0001364 seconds
[2022-06-13T02:56:49.417+0000][1][safepoint    ] Entering safepoint region: RevokeBias
[2022-06-13T02:56:49.418+0000][1][safepoint    ] Leaving safepoint region
[2022-06-13T02:56:49.418+0000][1][safepoint    ] Total time for which application threads were stopped: 0.0006363 seconds, Stopping threads took: 0.0003147 seconds
[2022-06-13T02:56:49.418+0000][1][safepoint    ] Application time: 0.0001041 seconds
[2022-06-13T02:56:49.419+0000][1][safepoint    ] Entering safepoint region: RevokeBias
[2022-06-13T02:56:49.419+0000][1][safepoint    ] Leaving safepoint region
[2022-06-13T02:56:49.420+0000][1][safepoint    ] Total time for which application threads were stopped: 0.0008293 seconds, Stopping threads took: 0.0004617 seconds
[2022-06-13T02:56:49.420+0000][1][safepoint    ] Application time: 0.0001022 seconds
[2022-06-13T02:56:49.420+0000][1][safepoint    ] Entering safepoint region: RevokeBias
[2022-06-13T02:56:49.420+0000][1][safepoint    ] Leaving safepoint region
[2022-06-13T02:56:49.421+0000][1][safepoint    ] Total time for which application threads were stopped: 0.0002964 seconds, Stopping threads took: 0.0001153 seconds
[2022-06-13T02:56:49.421+0000][1][safepoint    ] Application time: 0.0000712 seconds
[2022-06-13T02:56:49.421+0000][1][safepoint    ] Entering safepoint region: RevokeBias
[2022-06-13T02:56:49.421+0000][1][safepoint    ] Leaving safepoint region
[2022-06-13T02:56:49.421+0000][1][safepoint    ] Total time for which application threads were stopped: 0.0003129 seconds, Stopping threads took: 0.0001480 seconds
[2022-06-13T02:56:49.421+0000][1][safepoint    ] Application time: 0.0000645 seconds
[2022-06-13T02:56:49.422+0000][1][safepoint    ] Entering safepoint region: RevokeBias
[2022-06-13T02:56:49.422+0000][1][safepoint    ] Leaving safepoint region
[2022-06-13T02:56:49.422+0000][1][safepoint    ] Total time for which application threads were stopped: 0.0002508 seconds, Stopping threads took: 0.0001152 seconds
[2022-06-13T02:56:49.422+0000][1][safepoint    ] Application time: 0.0000581 seconds
[2022-06-13T02:56:49.422+0000][1][safepoint    ] Entering safepoint region: RevokeBias
[2022-06-13T02:56:49.422+0000][1][safepoint    ] Leaving safepoint region
[2022-06-13T02:56:49.423+0000][1][safepoint    ] Total time for which application threads were stopped: 0.0005129 seconds, Stopping threads took: 0.0003078 seconds
[2022-06-13T02:56:49.423+0000][1][safepoint    ] Application time: 0.0001117 seconds
[2022-06-13T02:56:49.423+0000][1][safepoint    ] Entering safepoint region: RevokeBias
[2022-06-13T02:56:49.423+0000][1][safepoint    ] Leaving safepoint region
[2022-06-13T02:56:49.423+0000][1][safepoint    ] Total time for which application threads were stopped: 0.0004337 seconds, Stopping threads took: 0.0001085 seconds
[2022-06-13T02:56:49.424+0000][1][safepoint    ] Application time: 0.0000734 seconds
[2022-06-13T02:56:49.424+0000][1][safepoint    ] Entering safepoint region: RevokeBias
[2022-06-13T02:56:49.424+0000][1][safepoint    ] Leaving safepoint region
[2022-06-13T02:56:49.424+0000][1][safepoint    ] Total time for which application threads were stopped: 0.0004919 seconds, Stopping threads took: 0.0002107 seconds
[2022-06-13T02:56:49.425+0000][1][safepoint    ] Application time: 0.0000817 seconds
[2022-06-13T02:56:49.425+0000][1][safepoint    ] Entering safepoint region: RevokeBias
[2022-06-13T02:56:49.425+0000][1][safepoint    ] Leaving safepoint region
[2022-06-13T02:56:49.425+0000][1][safepoint    ] Total time for which application threads were stopped: 0.0001864 seconds, Stopping threads took: 0.0000897 seconds
[2022-06-13T02:56:49.425+0000][1][safepoint    ] Application time: 0.0000716 seconds
[2022-06-13T02:56:49.425+0000][1][safepoint    ] Entering safepoint region: RevokeBias
[2022-06-13T02:56:49.425+0000][1][safepoint    ] Leaving safepoint region
[2022-06-13T02:56:49.425+0000][1][safepoint    ] Total time for which application threads were stopped: 0.0002347 seconds, Stopping threads took: 0.0001208 seconds
[2022-06-13T02:56:49.426+0000][1][safepoint    ] Application time: 0.0000510 seconds
[2022-06-13T02:56:49.426+0000][1][safepoint    ] Entering safepoint region: RevokeBias
[2022-06-13T02:56:49.426+0000][1][safepoint    ] Leaving safepoint region
[2022-06-13T02:56:49.426+0000][1][safepoint    ] Total time for which application threads were stopped: 0.0001893 seconds, Stopping threads took: 0.0000865 seconds
[2022-06-13T02:56:49.426+0000][1][safepoint    ] Application time: 0.0000528 seconds
[2022-06-13T02:56:49.426+0000][1][safepoint    ] Entering safepoint region: RevokeBias
[2022-06-13T02:56:49.426+0000][1][safepoint    ] Leaving safepoint region
[2022-06-13T02:56:49.426+0000][1][safepoint    ] Total time for which application threads were stopped: 0.0002065 seconds, Stopping threads took: 0.0000853 seconds
[2022-06-13T02:56:49.426+0000][1][safepoint    ] Application time: 0.0000449 seconds
[2022-06-13T02:56:49.426+0000][1][safepoint    ] Entering safepoint region: RevokeBias
[2022-06-13T02:56:49.427+0000][1][safepoint    ] Leaving safepoint region
[2022-06-13T02:56:49.427+0000][1][safepoint    ] Total time for which application threads were stopped: 0.0001725 seconds, Stopping threads took: 0.0000787 seconds
[2022-06-13T02:56:49.427+0000][1][safepoint    ] Application time: 0.0000440 seconds
[2022-06-13T02:56:49.427+0000][1][safepoint    ] Entering safepoint region: RevokeBias
[2022-06-13T02:56:49.427+0000][1][safepoint    ] Leaving safepoint region
[2022-06-13T02:56:49.427+0000][1][safepoint    ] Total time for which application threads were stopped: 0.0001792 seconds, Stopping threads took: 0.0000800 seconds
[2022-06-13T02:56:49.427+0000][1][safepoint    ] Application time: 0.0000468 seconds
[2022-06-13T02:56:49.427+0000][1][safepoint    ] Entering safepoint region: RevokeBias
[2022-06-13T02:56:49.427+0000][1][safepoint    ] Leaving safepoint region
[2022-06-13T02:56:49.427+0000][1][safepoint    ] Total time for which application threads were stopped: 0.0001731 seconds, Stopping threads took: 0.0000796 seconds
[2022-06-13T02:56:49.427+0000][1][safepoint    ] Application time: 0.0000437 seconds
[2022-06-13T02:56:49.428+0000][1][safepoint    ] Entering safepoint region: RevokeBias
[2022-06-13T02:56:49.428+0000][1][safepoint    ] Leaving safepoint region
[2022-06-13T02:56:49.428+0000][1][safepoint    ] Total time for which application threads were stopped: 0.0001765 seconds, Stopping threads took: 0.0000833 seconds
[2022-06-13T02:56:49.428+0000][1][safepoint    ] Application time: 0.0000461 seconds
[2022-06-13T02:56:49.428+0000][1][safepoint    ] Entering safepoint region: RevokeBias
[2022-06-13T02:56:49.428+0000][1][safepoint    ] Leaving safepoint region
[2022-06-13T02:56:49.428+0000][1][safepoint    ] Total time for which application threads were stopped: 0.0002047 seconds, Stopping threads took: 0.0000819 seconds
[2022-06-13T02:56:49.428+0000][1][safepoint    ] Application time: 0.0000477 seconds
[2022-06-13T02:56:49.428+0000][1][safepoint    ] Entering safepoint region: RevokeBias
[2022-06-13T02:56:49.428+0000][1][safepoint    ] Leaving safepoint region
[2022-06-13T02:56:49.429+0000][1][safepoint    ] Total time for which application threads were stopped: 0.0001645 seconds, Stopping threads took: 0.0000775 seconds
[2022-06-13T02:56:49.429+0000][1][safepoint    ] Application time: 0.0000478 seconds
[2022-06-13T02:56:49.429+0000][1][safepoint    ] Entering safepoint region: RevokeBias
[2022-06-13T02:56:49.429+0000][1][safepoint    ] Leaving safepoint region
[2022-06-13T02:56:49.429+0000][1][safepoint    ] Total time for which application threads were stopped: 0.0001633 seconds, Stopping threads took: 0.0000731 seconds
[2022-06-13T02:56:49.429+0000][1][safepoint    ] Application time: 0.0000430 seconds
[2022-06-13T02:56:49.429+0000][1][safepoint    ] Entering safepoint region: BulkRevokeBias
[2022-06-13T02:56:49.429+0000][1][safepoint    ] Leaving safepoint region
[2022-06-13T02:56:49.429+0000][1][safepoint    ] Total time for which application threads were stopped: 0.0002179 seconds, Stopping threads took: 0.0000976 seconds
[2022-06-13T02:56:49.430+0000][1][safepoint    ] Application time: 0.0001303 seconds
[2022-06-13T02:56:49.430+0000][1][safepoint    ] Entering safepoint region: RevokeBias
[2022-06-13T02:56:49.430+0000][1][safepoint    ] Leaving safepoint region
[2022-06-13T02:56:49.430+0000][1][safepoint    ] Total time for which application threads were stopped: 0.0001655 seconds, Stopping threads took: 0.0000739 seconds
[2022-06-13T02:56:49.430+0000][1][safepoint    ] Application time: 0.0000811 seconds
[2022-06-13T02:56:49.430+0000][1][safepoint    ] Entering safepoint region: RevokeBias
[2022-06-13T02:56:49.430+0000][1][safepoint    ] Leaving safepoint region
[2022-06-13T02:56:49.431+0000][1][safepoint    ] Total time for which application threads were stopped: 0.0003796 seconds, Stopping threads took: 0.0001820 seconds
[2022-06-13T02:56:49.431+0000][1][safepoint    ] Application time: 0.0001323 seconds
[2022-06-13T02:56:49.431+0000][1][safepoint    ] Entering safepoint region: RevokeBias
[2022-06-13T02:56:49.431+0000][1][safepoint    ] Leaving safepoint region
[2022-06-13T02:56:49.432+0000][1][safepoint    ] Total time for which application threads were stopped: 0.0003618 seconds, Stopping threads took: 0.0001974 seconds
[2022-06-13T02:56:49.432+0000][1][safepoint    ] Application time: 0.0001306 seconds
[2022-06-13T02:56:49.432+0000][1][safepoint    ] Entering safepoint region: RevokeBias
[2022-06-13T02:56:49.432+0000][1][safepoint    ] Leaving safepoint region
[2022-06-13T02:56:49.432+0000][1][safepoint    ] Total time for which application threads were stopped: 0.0003957 seconds, Stopping threads took: 0.0002329 seconds
[2022-06-13T02:56:49.433+0000][1][safepoint    ] Application time: 0.0000669 seconds
[2022-06-13T02:56:49.433+0000][1][safepoint    ] Entering safepoint region: RevokeBias
[2022-06-13T02:56:49.433+0000][1][safepoint    ] Leaving safepoint region
[2022-06-13T02:56:49.433+0000][1][safepoint    ] Total time for which application threads were stopped: 0.0001864 seconds, Stopping threads took: 0.0000877 seconds
[2022-06-13T02:56:49.433+0000][1][safepoint    ] Application time: 0.0000601 seconds
[2022-06-13T02:56:49.433+0000][1][safepoint    ] Entering safepoint region: RevokeBias
[2022-06-13T02:56:49.433+0000][1][safepoint    ] Leaving safepoint region
[2022-06-13T02:56:49.433+0000][1][safepoint    ] Total time for which application threads were stopped: 0.0001821 seconds, Stopping threads took: 0.0000778 seconds
[2022-06-13T02:56:49.433+0000][1][safepoint    ] Application time: 0.0000610 seconds
[2022-06-13T02:56:49.434+0000][1][safepoint    ] Entering safepoint region: RevokeBias
[2022-06-13T02:56:49.434+0000][1][safepoint    ] Leaving safepoint region
[2022-06-13T02:56:49.434+0000][1][safepoint    ] Total time for which application threads were stopped: 0.0001857 seconds, Stopping threads took: 0.0000754 seconds
[2022-06-13T02:56:49.434+0000][1][safepoint    ] Application time: 0.0000574 seconds
[2022-06-13T02:56:49.434+0000][1][safepoint    ] Entering safepoint region: RevokeBias
[2022-06-13T02:56:49.434+0000][1][safepoint    ] Leaving safepoint region
[2022-06-13T02:56:49.434+0000][1][safepoint    ] Total time for which application threads were stopped: 0.0003202 seconds, Stopping threads took: 0.0002165 seconds
[2022-06-13T02:56:49.434+0000][1][safepoint    ] Application time: 0.0000630 seconds
[2022-06-13T02:56:49.434+0000][1][safepoint    ] Entering safepoint region: RevokeBias
[2022-06-13T02:56:49.435+0000][1][safepoint    ] Leaving safepoint region
[2022-06-13T02:56:49.435+0000][1][safepoint    ] Total time for which application threads were stopped: 0.0001772 seconds, Stopping threads took: 0.0000837 seconds
[2022-06-13T02:56:49.435+0000][1][safepoint    ] Application time: 0.0000481 seconds
[2022-06-13T02:56:49.435+0000][1][safepoint    ] Entering safepoint region: RevokeBias
[2022-06-13T02:56:49.435+0000][1][safepoint    ] Leaving safepoint region
[2022-06-13T02:56:49.435+0000][1][safepoint    ] Total time for which application threads were stopped: 0.0001788 seconds, Stopping threads took: 0.0000839 seconds
[2022-06-13T02:56:49.435+0000][1][safepoint    ] Application time: 0.0000475 seconds
[2022-06-13T02:56:49.435+0000][1][safepoint    ] Entering safepoint region: RevokeBias
[2022-06-13T02:56:49.435+0000][1][safepoint    ] Leaving safepoint region
[2022-06-13T02:56:49.435+0000][1][safepoint    ] Total time for which application threads were stopped: 0.0001891 seconds, Stopping threads took: 0.0000924 seconds
[2022-06-13T02:56:49.436+0000][1][safepoint    ] Application time: 0.0000500 seconds
[2022-06-13T02:56:49.436+0000][1][safepoint    ] Entering safepoint region: RevokeBias
[2022-06-13T02:56:49.436+0000][1][safepoint    ] Leaving safepoint region
[2022-06-13T02:56:49.436+0000][1][safepoint    ] Total time for which application threads were stopped: 0.0002048 seconds, Stopping threads took: 0.0001154 seconds
[2022-06-13T02:56:49.436+0000][1][safepoint    ] Application time: 0.0000471 seconds
[2022-06-13T02:56:49.436+0000][1][safepoint    ] Entering safepoint region: RevokeBias
[2022-06-13T02:56:49.436+0000][1][safepoint    ] Leaving safepoint region
[2022-06-13T02:56:49.436+0000][1][safepoint    ] Total time for which application threads were stopped: 0.0001705 seconds, Stopping threads took: 0.0000763 seconds
[2022-06-13T02:56:49.436+0000][1][safepoint    ] Application time: 0.0000461 seconds
[2022-06-13T02:56:49.436+0000][1][safepoint    ] Entering safepoint region: RevokeBias
[2022-06-13T02:56:49.437+0000][1][safepoint    ] Leaving safepoint region
[2022-06-13T02:56:49.437+0000][1][safepoint    ] Total time for which application threads were stopped: 0.0001843 seconds, Stopping threads took: 0.0000862 seconds
[2022-06-13T02:56:49.437+0000][1][safepoint    ] Application time: 0.0000471 seconds
[2022-06-13T02:56:49.437+0000][1][safepoint    ] Entering safepoint region: RevokeBias
[2022-06-13T02:56:49.437+0000][1][safepoint    ] Leaving safepoint region
[2022-06-13T02:56:49.437+0000][1][safepoint    ] Total time for which application threads were stopped: 0.0001732 seconds, Stopping threads took: 0.0000800 seconds
[2022-06-13T02:56:49.437+0000][1][safepoint    ] Application time: 0.0000434 seconds
[2022-06-13T02:56:49.437+0000][1][safepoint    ] Entering safepoint region: RevokeBias
[2022-06-13T02:56:49.437+0000][1][safepoint    ] Leaving safepoint region
[2022-06-13T02:56:49.437+0000][1][safepoint    ] Total time for which application threads were stopped: 0.0001763 seconds, Stopping threads took: 0.0000820 seconds
[2022-06-13T02:56:49.438+0000][1][safepoint    ] Application time: 0.0000476 seconds
[2022-06-13T02:56:49.438+0000][1][safepoint    ] Entering safepoint region: RevokeBias
[2022-06-13T02:56:49.438+0000][1][safepoint    ] Leaving safepoint region
[2022-06-13T02:56:49.438+0000][1][safepoint    ] Total time for which application threads were stopped: 0.0002146 seconds, Stopping threads took: 0.0001229 seconds
[2022-06-13T02:56:49.438+0000][1][safepoint    ] Application time: 0.0000472 seconds
[2022-06-13T02:56:49.438+0000][1][safepoint    ] Entering safepoint region: RevokeBias
[2022-06-13T02:56:49.438+0000][1][safepoint    ] Leaving safepoint region
[2022-06-13T02:56:49.438+0000][1][safepoint    ] Total time for which application threads were stopped: 0.0001765 seconds, Stopping threads took: 0.0000788 seconds
[2022-06-13T02:56:49.438+0000][1][safepoint    ] Application time: 0.0000466 seconds
[2022-06-13T02:56:49.438+0000][1][safepoint    ] Entering safepoint region: RevokeBias
[2022-06-13T02:56:49.439+0000][1][safepoint    ] Leaving safepoint region
[2022-06-13T02:56:49.439+0000][1][safepoint    ] Total time for which application threads were stopped: 0.0001825 seconds, Stopping threads took: 0.0000865 seconds
[2022-06-13T02:56:49.439+0000][1][safepoint    ] Application time: 0.0000480 seconds
[2022-06-13T02:56:49.439+0000][1][safepoint    ] Entering safepoint region: RevokeBias
[2022-06-13T02:56:49.439+0000][1][safepoint    ] Leaving safepoint region
[2022-06-13T02:56:49.439+0000][1][safepoint    ] Total time for which application threads were stopped: 0.0001956 seconds, Stopping threads took: 0.0000795 seconds
[2022-06-13T02:56:49.439+0000][1][safepoint    ] Application time: 0.0000480 seconds
[2022-06-13T02:56:49.439+0000][1][safepoint    ] Entering safepoint region: RevokeBias
[2022-06-13T02:56:49.440+0000][1][safepoint    ] Leaving safepoint region
[2022-06-13T02:56:49.440+0000][1][safepoint    ] Total time for which application threads were stopped: 0.0001992 seconds, Stopping threads took: 0.0000826 seconds
[2022-06-13T02:56:49.440+0000][1][safepoint    ] Application time: 0.0000484 seconds
[2022-06-13T02:56:49.440+0000][1][safepoint    ] Entering safepoint region: RevokeBias
[2022-06-13T02:56:49.440+0000][1][safepoint    ] Leaving safepoint region
[2022-06-13T02:56:49.440+0000][1][safepoint    ] Total time for which application threads were stopped: 0.0001917 seconds, Stopping threads took: 0.0000797 seconds
[2022-06-13T02:56:49.440+0000][1][safepoint    ] Application time: 0.0000536 seconds
[2022-06-13T02:56:49.440+0000][1][safepoint    ] Entering safepoint region: BulkRevokeBias
[2022-06-13T02:56:49.441+0000][1][safepoint    ] Leaving safepoint region
[2022-06-13T02:56:49.441+0000][1][safepoint    ] Total time for which application threads were stopped: 0.0002247 seconds, Stopping threads took: 0.0000850 seconds
[2022-06-13T02:56:49.441+0000][1][safepoint    ] Application time: 0.0002481 seconds
[2022-06-13T02:56:49.441+0000][1][safepoint    ] Entering safepoint region: RevokeBias
[2022-06-13T02:56:49.441+0000][1][safepoint    ] Leaving safepoint region
[2022-06-13T02:56:49.442+0000][1][safepoint    ] Total time for which application threads were stopped: 0.0004700 seconds, Stopping threads took: 0.0003574 seconds
[2022-06-13T02:56:49.442+0000][1][safepoint    ] Application time: 0.0000948 seconds
[2022-06-13T02:56:49.442+0000][1][safepoint    ] Entering safepoint region: RevokeBias
[2022-06-13T02:56:49.442+0000][1][safepoint    ] Leaving safepoint region
[2022-06-13T02:56:49.442+0000][1][safepoint    ] Total time for which application threads were stopped: 0.0002122 seconds, Stopping threads took: 0.0000966 seconds
[2022-06-13T02:56:49.442+0000][1][safepoint    ] Application time: 0.0001259 seconds
[2022-06-13T02:56:49.442+0000][1][safepoint    ] Entering safepoint region: RevokeBias
[2022-06-13T02:56:49.443+0000][1][safepoint    ] Leaving safepoint region
[2022-06-13T02:56:49.443+0000][1][safepoint    ] Total time for which application threads were stopped: 0.0002677 seconds, Stopping threads took: 0.0001410 seconds
[2022-06-13T02:56:49.443+0000][1][safepoint    ] Application time: 0.0000814 seconds
[2022-06-13T02:56:49.443+0000][1][safepoint    ] Entering safepoint region: RevokeBias
[2022-06-13T02:56:49.443+0000][1][safepoint    ] Leaving safepoint region
[2022-06-13T02:56:49.443+0000][1][safepoint    ] Total time for which application threads were stopped: 0.0002305 seconds, Stopping threads took: 0.0001171 seconds
[2022-06-13T02:56:49.443+0000][1][safepoint    ] Application time: 0.0000562 seconds
[2022-06-13T02:56:49.443+0000][1][safepoint    ] Entering safepoint region: RevokeBias
[2022-06-13T02:56:49.444+0000][1][safepoint    ] Leaving safepoint region
[2022-06-13T02:56:49.444+0000][1][safepoint    ] Total time for which application threads were stopped: 0.0003750 seconds, Stopping threads took: 0.0002196 seconds
[2022-06-13T02:56:49.444+0000][1][safepoint    ] Application time: 0.0000556 seconds
[2022-06-13T02:56:49.444+0000][1][safepoint    ] Entering safepoint region: RevokeBias
[2022-06-13T02:56:49.444+0000][1][safepoint    ] Leaving safepoint region
[2022-06-13T02:56:49.444+0000][1][safepoint    ] Total time for which application threads were stopped: 0.0002204 seconds, Stopping threads took: 0.0001047 seconds
[2022-06-13T02:56:49.444+0000][1][safepoint    ] Application time: 0.0002277 seconds
[2022-06-13T02:56:49.445+0000][1][safepoint    ] Entering safepoint region: RevokeBias
[2022-06-13T02:56:49.445+0000][1][safepoint    ] Leaving safepoint region
[2022-06-13T02:56:49.445+0000][1][safepoint    ] Total time for which application threads were stopped: 0.0004006 seconds, Stopping threads took: 0.0002858 seconds
[2022-06-13T02:56:49.445+0000][1][safepoint    ] Application time: 0.0001225 seconds
[2022-06-13T02:56:49.445+0000][1][safepoint    ] Entering safepoint region: RevokeBias
[2022-06-13T02:56:49.445+0000][1][safepoint    ] Leaving safepoint region
[2022-06-13T02:56:49.445+0000][1][safepoint    ] Total time for which application threads were stopped: 0.0002179 seconds, Stopping threads took: 0.0001010 seconds
[2022-06-13T02:56:49.446+0000][1][safepoint    ] Application time: 0.0003042 seconds
[2022-06-13T02:56:49.446+0000][1][safepoint    ] Entering safepoint region: RevokeBias
[2022-06-13T02:56:49.446+0000][1][safepoint    ] Leaving safepoint region
[2022-06-13T02:56:49.446+0000][1][safepoint    ] Total time for which application threads were stopped: 0.0002084 seconds, Stopping threads took: 0.0000949 seconds
[2022-06-13T02:56:49.446+0000][1][safepoint    ] Application time: 0.0001664 seconds
[2022-06-13T02:56:49.447+0000][1][safepoint    ] Entering safepoint region: RevokeBias
[2022-06-13T02:56:49.447+0000][1][safepoint    ] Leaving safepoint region
[2022-06-13T02:56:49.447+0000][1][safepoint    ] Total time for which application threads were stopped: 0.0004616 seconds, Stopping threads took: 0.0003268 seconds
[2022-06-13T02:56:49.447+0000][1][safepoint    ] Application time: 0.0001812 seconds
[2022-06-13T02:56:49.447+0000][1][safepoint    ] Entering safepoint region: RevokeBias
[2022-06-13T02:56:49.447+0000][1][safepoint    ] Leaving safepoint region
[2022-06-13T02:56:49.448+0000][1][safepoint    ] Total time for which application threads were stopped: 0.0001999 seconds, Stopping threads took: 0.0000920 seconds
[2022-06-13T02:56:49.448+0000][1][safepoint    ] Application time: 0.0000932 seconds
[2022-06-13T02:56:49.448+0000][1][safepoint    ] Entering safepoint region: RevokeBias
[2022-06-13T02:56:49.448+0000][1][safepoint    ] Leaving safepoint region
[2022-06-13T02:56:49.448+0000][1][safepoint    ] Total time for which application threads were stopped: 0.0002238 seconds, Stopping threads took: 0.0001067 seconds
[2022-06-13T02:56:49.448+0000][1][safepoint    ] Application time: 0.0000945 seconds
[2022-06-13T02:56:49.448+0000][1][safepoint    ] Entering safepoint region: RevokeBias
[2022-06-13T02:56:49.448+0000][1][safepoint    ] Leaving safepoint region
[2022-06-13T02:56:49.449+0000][1][safepoint    ] Total time for which application threads were stopped: 0.0002303 seconds, Stopping threads took: 0.0001230 seconds
[2022-06-13T02:56:49.449+0000][1][safepoint    ] Application time: 0.0001613 seconds
[2022-06-13T02:56:49.449+0000][1][safepoint    ] Entering safepoint region: RevokeBias
[2022-06-13T02:56:49.449+0000][1][safepoint    ] Leaving safepoint region
[2022-06-13T02:56:49.449+0000][1][safepoint    ] Total time for which application threads were stopped: 0.0002198 seconds, Stopping threads took: 0.0000899 seconds
[2022-06-13T02:56:49.450+0000][1][safepoint    ] Application time: 0.0002436 seconds
[2022-06-13T02:56:49.450+0000][1][safepoint    ] Entering safepoint region: RevokeBias
[2022-06-13T02:56:49.450+0000][1][safepoint    ] Leaving safepoint region
[2022-06-13T02:56:49.450+0000][1][safepoint    ] Total time for which application threads were stopped: 0.0002735 seconds, Stopping threads took: 0.0001705 seconds
[2022-06-13T02:56:49.450+0000][1][safepoint    ] Application time: 0.0002058 seconds
[2022-06-13T02:56:49.450+0000][1][safepoint    ] Entering safepoint region: BulkRevokeBias
[2022-06-13T02:56:49.451+0000][1][safepoint    ] Leaving safepoint region
[2022-06-13T02:56:49.451+0000][1][safepoint    ] Total time for which application threads were stopped: 0.0002675 seconds, Stopping threads took: 0.0001357 seconds
[2022-06-13T02:56:49.451+0000][1][safepoint    ] Application time: 0.0007446 seconds
[2022-06-13T02:56:49.452+0000][1][safepoint    ] Entering safepoint region: RevokeBias
[2022-06-13T02:56:49.452+0000][1][safepoint    ] Leaving safepoint region
[2022-06-13T02:56:49.452+0000][1][safepoint    ] Total time for which application threads were stopped: 0.0002639 seconds, Stopping threads took: 0.0001456 seconds
[2022-06-13T02:56:49.452+0000][1][safepoint    ] Application time: 0.0000804 seconds
[2022-06-13T02:56:49.452+0000][1][safepoint    ] Entering safepoint region: RevokeBias
[2022-06-13T02:56:49.452+0000][1][safepoint    ] Leaving safepoint region
[2022-06-13T02:56:49.452+0000][1][safepoint    ] Total time for which application threads were stopped: 0.0002031 seconds, Stopping threads took: 0.0000867 seconds
[2022-06-13T02:56:49.453+0000][1][safepoint    ] Application time: 0.0006204 seconds
[2022-06-13T02:56:49.453+0000][1][safepoint    ] Entering safepoint region: RevokeBias
[2022-06-13T02:56:49.453+0000][1][safepoint    ] Leaving safepoint region
[2022-06-13T02:56:49.453+0000][1][safepoint    ] Total time for which application threads were stopped: 0.0002736 seconds, Stopping threads took: 0.0001581 seconds
[2022-06-13T02:56:49.454+0000][1][safepoint    ] Application time: 0.0006903 seconds
[2022-06-13T02:56:49.454+0000][1][safepoint    ] Entering safepoint region: RevokeBias
[2022-06-13T02:56:49.455+0000][1][safepoint    ] Leaving safepoint region
[2022-06-13T02:56:49.455+0000][1][safepoint    ] Total time for which application threads were stopped: 0.0003899 seconds, Stopping threads took: 0.0002673 seconds
[2022-06-13T02:56:49.455+0000][1][safepoint    ] Application time: 0.0000723 seconds
[2022-06-13T02:56:49.455+0000][1][safepoint    ] Entering safepoint region: RevokeBias
[2022-06-13T02:56:49.455+0000][1][safepoint    ] Leaving safepoint region
[2022-06-13T02:56:49.455+0000][1][safepoint    ] Total time for which application threads were stopped: 0.0002430 seconds, Stopping threads took: 0.0001274 seconds
[2022-06-13T02:56:49.455+0000][1][safepoint    ] Application time: 0.0001741 seconds
[2022-06-13T02:56:49.456+0000][1][safepoint    ] Entering safepoint region: RevokeBias
[2022-06-13T02:56:49.456+0000][1][safepoint    ] Leaving safepoint region
[2022-06-13T02:56:49.456+0000][1][safepoint    ] Total time for which application threads were stopped: 0.0002282 seconds, Stopping threads took: 0.0001237 seconds
[2022-06-13T02:56:49.474+0000][1][safepoint    ] Application time: 0.0181019 seconds
[2022-06-13T02:56:49.474+0000][1][safepoint    ] Entering safepoint region: GenCollectForAllocation
[2022-06-13T02:56:49.475+0000][1][gc,start     ] GC(19) Pause Young (Allocation Failure)
[2022-06-13T02:56:49.475+0000][1][gc,task      ] GC(19) Using 5 workers of 13 for evacuation
[2022-06-13T02:56:49.479+0000][1][gc,age       ] GC(19) Desired survivor size 4456448 bytes, new threshold 2 (max threshold 6)
[2022-06-13T02:56:49.480+0000][1][gc,age       ] GC(19) Age table with threshold 2 (max threshold 6)
[2022-06-13T02:56:49.480+0000][1][gc,age       ] GC(19) - age   1:    2868728 bytes,    2868728 total
[2022-06-13T02:56:49.480+0000][1][gc,age       ] GC(19) - age   2:    3977496 bytes,    6846224 total
[2022-06-13T02:56:49.481+0000][1][gc,age       ] GC(19) - age   3:     300832 bytes,    7147056 total
[2022-06-13T02:56:49.481+0000][1][gc,heap      ] GC(19) ParNew: 75079K->8704K(78656K)
[2022-06-13T02:56:49.481+0000][1][gc,heap      ] GC(19) CMS: 55324K->55324K(174784K)
[2022-06-13T02:56:49.481+0000][1][gc,metaspace ] GC(19) Metaspace: 47522K->47522K(1093632K)
[2022-06-13T02:56:49.482+0000][1][gc           ] GC(19) Pause Young (Allocation Failure) 127M->62M(247M) 7.199ms
[2022-06-13T02:56:49.482+0000][1][gc,cpu       ] GC(19) User=0.01s Sys=0.00s Real=0.01s
[2022-06-13T02:56:49.482+0000][1][safepoint    ] Leaving safepoint region
[2022-06-13T02:56:49.483+0000][1][safepoint    ] Total time for which application threads were stopped: 0.0082522 seconds, Stopping threads took: 0.0001976 seconds
[2022-06-13T02:56:49.589+0000][1][safepoint    ] Application time: 0.1062924 seconds
[2022-06-13T02:56:49.590+0000][1][safepoint    ] Entering safepoint region: RevokeBias
[2022-06-13T02:56:49.590+0000][1][safepoint    ] Leaving safepoint region
[2022-06-13T02:56:49.590+0000][1][safepoint    ] Total time for which application threads were stopped: 0.0006578 seconds, Stopping threads took: 0.0003030 seconds
[2022-06-13T02:56:49.900+0000][1][safepoint    ] Application time: 0.3091053 seconds
[2022-06-13T02:56:49.900+0000][1][safepoint    ] Entering safepoint region: GenCollectForAllocation
[2022-06-13T02:56:49.901+0000][1][gc,start     ] GC(20) Pause Young (Allocation Failure)
[2022-06-13T02:56:49.901+0000][1][gc,task      ] GC(20) Using 5 workers of 13 for evacuation
[2022-06-13T02:56:49.906+0000][1][gc,age       ] GC(20) Desired survivor size 4456448 bytes, new threshold 6 (max threshold 6)
[2022-06-13T02:56:49.907+0000][1][gc,age       ] GC(20) Age table with threshold 6 (max threshold 6)
[2022-06-13T02:56:49.907+0000][1][gc,age       ] GC(20) - age   1:    1652488 bytes,    1652488 total
[2022-06-13T02:56:49.908+0000][1][gc,age       ] GC(20) - age   2:    2796688 bytes,    4449176 total
[2022-06-13T02:56:49.908+0000][1][gc,heap      ] GC(20) ParNew: 78656K->6151K(78656K)
[2022-06-13T02:56:49.908+0000][1][gc,heap      ] GC(20) CMS: 55324K->59624K(174784K)
[2022-06-13T02:56:49.909+0000][1][gc,metaspace ] GC(20) Metaspace: 54520K->54520K(1099776K)
[2022-06-13T02:56:49.909+0000][1][gc           ] GC(20) Pause Young (Allocation Failure) 130M->64M(247M) 8.334ms
[2022-06-13T02:56:49.910+0000][1][gc,cpu       ] GC(20) User=0.03s Sys=0.01s Real=0.01s
[2022-06-13T02:56:49.910+0000][1][safepoint    ] Leaving safepoint region
[2022-06-13T02:56:49.910+0000][1][safepoint    ] Total time for which application threads were stopped: 0.0102652 seconds, Stopping threads took: 0.0002173 seconds
[2022-06-13T02:56:49.998+0000][1][safepoint    ] Application time: 0.0870230 seconds
[2022-06-13T02:56:49.998+0000][1][safepoint    ] Entering safepoint region: Deoptimize
[2022-06-13T02:56:49.999+0000][1][safepoint    ] Leaving safepoint region
[2022-06-13T02:56:50.000+0000][1][safepoint    ] Total time for which application threads were stopped: 0.0015251 seconds, Stopping threads took: 0.0003061 seconds
[2022-06-13T02:56:50.021+0000][1][safepoint    ] Application time: 0.0209723 seconds
[2022-06-13T02:56:50.021+0000][1][safepoint    ] Entering safepoint region: RevokeBias
[2022-06-13T02:56:50.022+0000][1][safepoint    ] Leaving safepoint region
[2022-06-13T02:56:50.022+0000][1][safepoint    ] Total time for which application threads were stopped: 0.0010923 seconds, Stopping threads took: 0.0006786 seconds
[2022-06-13T02:56:50.023+0000][1][safepoint    ] Application time: 0.0002258 seconds
[2022-06-13T02:56:50.023+0000][1][safepoint    ] Entering safepoint region: RevokeBias
[2022-06-13T02:56:50.024+0000][1][safepoint    ] Leaving safepoint region
[2022-06-13T02:56:50.024+0000][1][safepoint    ] Total time for which application threads were stopped: 0.0006579 seconds, Stopping threads took: 0.0002933 seconds
[2022-06-13T02:56:50.025+0000][1][safepoint    ] Application time: 0.0001849 seconds
[2022-06-13T02:56:50.025+0000][1][safepoint    ] Entering safepoint region: RevokeBias
[2022-06-13T02:56:50.025+0000][1][safepoint    ] Leaving safepoint region
[2022-06-13T02:56:50.026+0000][1][safepoint    ] Total time for which application threads were stopped: 0.0007847 seconds, Stopping threads took: 0.0003682 seconds
[2022-06-13T02:56:50.027+0000][1][safepoint    ] Application time: 0.0015201 seconds
[2022-06-13T02:56:50.028+0000][1][safepoint    ] Entering safepoint region: RevokeBias
[2022-06-13T02:56:50.028+0000][1][safepoint    ] Leaving safepoint region
[2022-06-13T02:56:50.028+0000][1][safepoint    ] Total time for which application threads were stopped: 0.0005024 seconds, Stopping threads took: 0.0001971 seconds
[2022-06-13T02:56:50.134+0000][1][safepoint    ] Application time: 0.1054622 seconds
[2022-06-13T02:56:50.134+0000][1][safepoint    ] Entering safepoint region: Deoptimize
[2022-06-13T02:56:50.136+0000][1][safepoint    ] Leaving safepoint region
[2022-06-13T02:56:50.136+0000][1][safepoint    ] Total time for which application threads were stopped: 0.0017955 seconds, Stopping threads took: 0.0003084 seconds
[2022-06-13T02:56:50.227+0000][1][safepoint    ] Application time: 0.0900380 seconds
[2022-06-13T02:56:50.227+0000][1][safepoint    ] Entering safepoint region: RevokeBias
[2022-06-13T02:56:50.228+0000][1][safepoint    ] Leaving safepoint region
[2022-06-13T02:56:50.228+0000][1][safepoint    ] Total time for which application threads were stopped: 0.0006504 seconds, Stopping threads took: 0.0003213 seconds
[2022-06-13T02:56:50.334+0000][1][safepoint    ] Application time: 0.1063084 seconds
[2022-06-13T02:56:50.335+0000][1][safepoint    ] Entering safepoint region: RevokeBias
[2022-06-13T02:56:50.335+0000][1][safepoint    ] Leaving safepoint region
[2022-06-13T02:56:50.335+0000][1][safepoint    ] Total time for which application threads were stopped: 0.0004552 seconds, Stopping threads took: 0.0001257 seconds
[2022-06-13T02:56:50.336+0000][1][safepoint    ] Application time: 0.0002717 seconds
[2022-06-13T02:56:50.336+0000][1][safepoint    ] Entering safepoint region: RevokeBias
[2022-06-13T02:56:50.336+0000][1][safepoint    ] Leaving safepoint region
[2022-06-13T02:56:50.337+0000][1][safepoint    ] Total time for which application threads were stopped: 0.0004694 seconds, Stopping threads took: 0.0002315 seconds
[2022-06-13T02:56:50.349+0000][1][safepoint    ] Application time: 0.0121065 seconds
[2022-06-13T02:56:50.349+0000][1][safepoint    ] Entering safepoint region: RevokeBias
[2022-06-13T02:56:50.350+0000][1][safepoint    ] Leaving safepoint region
[2022-06-13T02:56:50.350+0000][1][safepoint    ] Total time for which application threads were stopped: 0.0007646 seconds, Stopping threads took: 0.0002813 seconds
[2022-06-13T02:56:50.351+0000][1][safepoint    ] Application time: 0.0001384 seconds
[2022-06-13T02:56:50.351+0000][1][safepoint    ] Entering safepoint region: RevokeBias
[2022-06-13T02:56:50.351+0000][1][safepoint    ] Leaving safepoint region
[2022-06-13T02:56:50.352+0000][1][safepoint    ] Total time for which application threads were stopped: 0.0007218 seconds, Stopping threads took: 0.0004663 seconds
[2022-06-13T02:56:50.352+0000][1][safepoint    ] Application time: 0.0001346 seconds
[2022-06-13T02:56:50.352+0000][1][safepoint    ] Entering safepoint region: RevokeBias
[2022-06-13T02:56:50.353+0000][1][safepoint    ] Leaving safepoint region
[2022-06-13T02:56:50.353+0000][1][safepoint    ] Total time for which application threads were stopped: 0.0006282 seconds, Stopping threads took: 0.0003426 seconds
[2022-06-13T02:56:50.452+0000][1][safepoint    ] Application time: 0.0987735 seconds
[2022-06-13T02:56:50.453+0000][1][safepoint    ] Entering safepoint region: GenCollectForAllocation
[2022-06-13T02:56:50.453+0000][1][gc,start     ] GC(21) Pause Young (Allocation Failure)
[2022-06-13T02:56:50.453+0000][1][gc,task      ] GC(21) Using 5 workers of 13 for evacuation
[2022-06-13T02:56:50.459+0000][1][gc,age       ] GC(21) Desired survivor size 4456448 bytes, new threshold 2 (max threshold 6)
[2022-06-13T02:56:50.459+0000][1][gc,age       ] GC(21) Age table with threshold 2 (max threshold 6)
[2022-06-13T02:56:50.460+0000][1][gc,age       ] GC(21) - age   1:    3666360 bytes,    3666360 total
[2022-06-13T02:56:50.460+0000][1][gc,age       ] GC(21) - age   2:    1559608 bytes,    5225968 total
[2022-06-13T02:56:50.460+0000][1][gc,age       ] GC(21) - age   3:    2713160 bytes,    7939128 total
[2022-06-13T02:56:50.461+0000][1][gc,heap      ] GC(21) ParNew: 76103K->8704K(78656K)
[2022-06-13T02:56:50.461+0000][1][gc,heap      ] GC(21) CMS: 59624K->60065K(174784K)
[2022-06-13T02:56:50.461+0000][1][gc,metaspace ] GC(21) Metaspace: 62770K->62770K(1105920K)
[2022-06-13T02:56:50.462+0000][1][gc           ] GC(21) Pause Young (Allocation Failure) 132M->67M(247M) 8.694ms
[2022-06-13T02:56:50.462+0000][1][gc,cpu       ] GC(21) User=0.02s Sys=0.00s Real=0.01s
[2022-06-13T02:56:50.462+0000][1][safepoint    ] Leaving safepoint region
[2022-06-13T02:56:50.463+0000][1][safepoint    ] Total time for which application threads were stopped: 0.0101714 seconds, Stopping threads took: 0.0003956 seconds
[2022-06-13T02:56:50.470+0000][1][safepoint    ] Application time: 0.0071440 seconds
[2022-06-13T02:56:50.470+0000][1][safepoint    ] Entering safepoint region: Deoptimize
[2022-06-13T02:56:50.471+0000][1][safepoint    ] Leaving safepoint region
[2022-06-13T02:56:50.472+0000][1][safepoint    ] Total time for which application threads were stopped: 0.0010895 seconds, Stopping threads took: 0.0003220 seconds
[2022-06-13T02:56:50.473+0000][1][safepoint    ] Application time: 0.0008185 seconds
[2022-06-13T02:56:50.473+0000][1][safepoint    ] Entering safepoint region: RevokeBias
[2022-06-13T02:56:50.473+0000][1][safepoint    ] Leaving safepoint region
[2022-06-13T02:56:50.474+0000][1][safepoint    ] Total time for which application threads were stopped: 0.0007471 seconds, Stopping threads took: 0.0003306 seconds
[2022-06-13T02:56:50.479+0000][1][safepoint    ] Application time: 0.0042623 seconds
[2022-06-13T02:56:50.479+0000][1][safepoint    ] Entering safepoint region: BulkRevokeBias
[2022-06-13T02:56:50.479+0000][1][safepoint    ] Leaving safepoint region
[2022-06-13T02:56:50.479+0000][1][safepoint    ] Total time for which application threads were stopped: 0.0005973 seconds, Stopping threads took: 0.0002476 seconds
[2022-06-13T02:56:50.480+0000][1][safepoint    ] Application time: 0.0008385 seconds
[2022-06-13T02:56:50.481+0000][1][safepoint    ] Entering safepoint region: RevokeBias
[2022-06-13T02:56:50.481+0000][1][safepoint    ] Leaving safepoint region
[2022-06-13T02:56:50.481+0000][1][safepoint    ] Total time for which application threads were stopped: 0.0005604 seconds, Stopping threads took: 0.0002759 seconds
[2022-06-13T02:56:50.482+0000][1][safepoint    ] Application time: 0.0002928 seconds
[2022-06-13T02:56:50.482+0000][1][safepoint    ] Entering safepoint region: RevokeBias
[2022-06-13T02:56:50.482+0000][1][safepoint    ] Leaving safepoint region
[2022-06-13T02:56:50.483+0000][1][safepoint    ] Total time for which application threads were stopped: 0.0005897 seconds, Stopping threads took: 0.0002893 seconds
[2022-06-13T02:56:50.483+0000][1][safepoint    ] Application time: 0.0000794 seconds
[2022-06-13T02:56:50.483+0000][1][safepoint    ] Entering safepoint region: RevokeBias
[2022-06-13T02:56:50.484+0000][1][safepoint    ] Leaving safepoint region
[2022-06-13T02:56:50.484+0000][1][safepoint    ] Total time for which application threads were stopped: 0.0005865 seconds, Stopping threads took: 0.0002745 seconds
[2022-06-13T02:56:50.484+0000][1][safepoint    ] Application time: 0.0001027 seconds
[2022-06-13T02:56:50.485+0000][1][safepoint    ] Entering safepoint region: RevokeBias
[2022-06-13T02:56:50.485+0000][1][safepoint    ] Leaving safepoint region
[2022-06-13T02:56:50.485+0000][1][safepoint    ] Total time for which application threads were stopped: 0.0005895 seconds, Stopping threads took: 0.0002794 seconds
[2022-06-13T02:56:50.486+0000][1][safepoint    ] Application time: 0.0001251 seconds
[2022-06-13T02:56:50.486+0000][1][safepoint    ] Entering safepoint region: RevokeBias
[2022-06-13T02:56:50.486+0000][1][safepoint    ] Leaving safepoint region
[2022-06-13T02:56:50.487+0000][1][safepoint    ] Total time for which application threads were stopped: 0.0007226 seconds, Stopping threads took: 0.0004155 seconds
[2022-06-13T02:56:50.487+0000][1][safepoint    ] Application time: 0.0002094 seconds
[2022-06-13T02:56:50.487+0000][1][safepoint    ] Entering safepoint region: RevokeBias
[2022-06-13T02:56:50.488+0000][1][safepoint    ] Leaving safepoint region
[2022-06-13T02:56:50.488+0000][1][safepoint    ] Total time for which application threads were stopped: 0.0006833 seconds, Stopping threads took: 0.0003541 seconds
[2022-06-13T02:56:50.489+0000][1][safepoint    ] Application time: 0.0002025 seconds
[2022-06-13T02:56:50.489+0000][1][safepoint    ] Entering safepoint region: RevokeBias
[2022-06-13T02:56:50.489+0000][1][safepoint    ] Leaving safepoint region
[2022-06-13T02:56:50.490+0000][1][safepoint    ] Total time for which application threads were stopped: 0.0008082 seconds, Stopping threads took: 0.0003075 seconds
[2022-06-13T02:56:50.490+0000][1][safepoint    ] Application time: 0.0000922 seconds
[2022-06-13T02:56:50.490+0000][1][safepoint    ] Entering safepoint region: RevokeBias
[2022-06-13T02:56:50.491+0000][1][safepoint    ] Leaving safepoint region
[2022-06-13T02:56:50.491+0000][1][safepoint    ] Total time for which application threads were stopped: 0.0007023 seconds, Stopping threads took: 0.0003021 seconds
[2022-06-13T02:56:50.492+0000][1][safepoint    ] Application time: 0.0003575 seconds
[2022-06-13T02:56:50.492+0000][1][safepoint    ] Entering safepoint region: RevokeBias
[2022-06-13T02:56:50.492+0000][1][safepoint    ] Leaving safepoint region
[2022-06-13T02:56:50.492+0000][1][safepoint    ] Total time for which application threads were stopped: 0.0004703 seconds, Stopping threads took: 0.0001775 seconds
[2022-06-13T02:56:50.493+0000][1][safepoint    ] Application time: 0.0005789 seconds
[2022-06-13T02:56:50.493+0000][1][safepoint    ] Entering safepoint region: RevokeBias
[2022-06-13T02:56:50.493+0000][1][safepoint    ] Leaving safepoint region
[2022-06-13T02:56:50.493+0000][1][safepoint    ] Total time for which application threads were stopped: 0.0002242 seconds, Stopping threads took: 0.0001084 seconds
[2022-06-13T02:56:50.493+0000][1][safepoint    ] Application time: 0.0000703 seconds
[2022-06-13T02:56:50.493+0000][1][safepoint    ] Entering safepoint region: RevokeBias
[2022-06-13T02:56:50.494+0000][1][safepoint    ] Leaving safepoint region
[2022-06-13T02:56:50.494+0000][1][safepoint    ] Total time for which application threads were stopped: 0.0002170 seconds, Stopping threads took: 0.0001006 seconds
[2022-06-13T02:56:50.494+0000][1][safepoint    ] Application time: 0.0000824 seconds
[2022-06-13T02:56:50.494+0000][1][safepoint    ] Entering safepoint region: RevokeBias
[2022-06-13T02:56:50.494+0000][1][safepoint    ] Leaving safepoint region
[2022-06-13T02:56:50.494+0000][1][safepoint    ] Total time for which application threads were stopped: 0.0002215 seconds, Stopping threads took: 0.0001061 seconds
[2022-06-13T02:56:50.494+0000][1][safepoint    ] Application time: 0.0000829 seconds
[2022-06-13T02:56:50.494+0000][1][safepoint    ] Entering safepoint region: RevokeBias
[2022-06-13T02:56:50.495+0000][1][safepoint    ] Leaving safepoint region
[2022-06-13T02:56:50.495+0000][1][safepoint    ] Total time for which application threads were stopped: 0.0002104 seconds, Stopping threads took: 0.0000968 seconds
[2022-06-13T02:56:50.495+0000][1][safepoint    ] Application time: 0.0000700 seconds
[2022-06-13T02:56:50.495+0000][1][safepoint    ] Entering safepoint region: RevokeBias
[2022-06-13T02:56:50.495+0000][1][safepoint    ] Leaving safepoint region
[2022-06-13T02:56:50.495+0000][1][safepoint    ] Total time for which application threads were stopped: 0.0002135 seconds, Stopping threads took: 0.0000982 seconds
[2022-06-13T02:56:50.496+0000][1][safepoint    ] Application time: 0.0008516 seconds
[2022-06-13T02:56:50.496+0000][1][safepoint    ] Entering safepoint region: RevokeBias
[2022-06-13T02:56:50.496+0000][1][safepoint    ] Leaving safepoint region
[2022-06-13T02:56:50.496+0000][1][safepoint    ] Total time for which application threads were stopped: 0.0002619 seconds, Stopping threads took: 0.0001168 seconds
[2022-06-13T02:56:50.497+0000][1][safepoint    ] Application time: 0.0005030 seconds
[2022-06-13T02:56:50.497+0000][1][safepoint    ] Entering safepoint region: RevokeBias
[2022-06-13T02:56:50.498+0000][1][safepoint    ] Leaving safepoint region
[2022-06-13T02:56:50.498+0000][1][safepoint    ] Total time for which application threads were stopped: 0.0005954 seconds, Stopping threads took: 0.0001060 seconds
[2022-06-13T02:56:50.498+0000][1][safepoint    ] Application time: 0.0003885 seconds
[2022-06-13T02:56:50.498+0000][1][safepoint    ] Entering safepoint region: RevokeBias
[2022-06-13T02:56:50.499+0000][1][safepoint    ] Leaving safepoint region
[2022-06-13T02:56:50.499+0000][1][safepoint    ] Total time for which application threads were stopped: 0.0002287 seconds, Stopping threads took: 0.0001127 seconds
[2022-06-13T02:56:50.519+0000][1][safepoint    ] Application time: 0.0207465 seconds
[2022-06-13T02:56:50.520+0000][1][safepoint    ] Entering safepoint region: RevokeBias
[2022-06-13T02:56:50.520+0000][1][safepoint    ] Leaving safepoint region
[2022-06-13T02:56:50.520+0000][1][safepoint    ] Total time for which application threads were stopped: 0.0004426 seconds, Stopping threads took: 0.0002250 seconds
[2022-06-13T02:56:50.521+0000][1][safepoint    ] Application time: 0.0003027 seconds
[2022-06-13T02:56:50.521+0000][1][safepoint    ] Entering safepoint region: RevokeBias
[2022-06-13T02:56:50.521+0000][1][safepoint    ] Leaving safepoint region
[2022-06-13T02:56:50.522+0000][1][safepoint    ] Total time for which application threads were stopped: 0.0006073 seconds, Stopping threads took: 0.0003235 seconds
[2022-06-13T02:56:50.523+0000][1][safepoint    ] Application time: 0.0008367 seconds
[2022-06-13T02:56:50.523+0000][1][safepoint    ] Entering safepoint region: RevokeBias
[2022-06-13T02:56:50.524+0000][1][safepoint    ] Leaving safepoint region
[2022-06-13T02:56:50.524+0000][1][safepoint    ] Total time for which application threads were stopped: 0.0006976 seconds, Stopping threads took: 0.0004636 seconds
[2022-06-13T02:56:50.524+0000][1][safepoint    ] Application time: 0.0001114 seconds
[2022-06-13T02:56:50.524+0000][1][safepoint    ] Entering safepoint region: RevokeBias
[2022-06-13T02:56:50.525+0000][1][safepoint    ] Leaving safepoint region
[2022-06-13T02:56:50.525+0000][1][safepoint    ] Total time for which application threads were stopped: 0.0005225 seconds, Stopping threads took: 0.0002002 seconds
[2022-06-13T02:56:50.525+0000][1][safepoint    ] Application time: 0.0000558 seconds
[2022-06-13T02:56:50.525+0000][1][safepoint    ] Entering safepoint region: RevokeBias
[2022-06-13T02:56:50.525+0000][1][safepoint    ] Leaving safepoint region
[2022-06-13T02:56:50.525+0000][1][safepoint    ] Total time for which application threads were stopped: 0.0002220 seconds, Stopping threads took: 0.0001069 seconds
[2022-06-13T02:56:50.526+0000][1][safepoint    ] Application time: 0.0000879 seconds
[2022-06-13T02:56:50.526+0000][1][safepoint    ] Entering safepoint region: RevokeBias
[2022-06-13T02:56:50.526+0000][1][safepoint    ] Leaving safepoint region
[2022-06-13T02:56:50.526+0000][1][safepoint    ] Total time for which application threads were stopped: 0.0002032 seconds, Stopping threads took: 0.0000914 seconds
[2022-06-13T02:56:50.526+0000][1][safepoint    ] Application time: 0.0004027 seconds
[2022-06-13T02:56:50.527+0000][1][safepoint    ] Entering safepoint region: RevokeBias
[2022-06-13T02:56:50.527+0000][1][safepoint    ] Leaving safepoint region
[2022-06-13T02:56:50.527+0000][1][safepoint    ] Total time for which application threads were stopped: 0.0002048 seconds, Stopping threads took: 0.0000933 seconds
[2022-06-13T02:56:50.527+0000][1][safepoint    ] Application time: 0.0000748 seconds
[2022-06-13T02:56:50.527+0000][1][safepoint    ] Entering safepoint region: RevokeBias
[2022-06-13T02:56:50.527+0000][1][safepoint    ] Leaving safepoint region
[2022-06-13T02:56:50.527+0000][1][safepoint    ] Total time for which application threads were stopped: 0.0002182 seconds, Stopping threads took: 0.0001154 seconds
[2022-06-13T02:56:50.527+0000][1][safepoint    ] Application time: 0.0000649 seconds
[2022-06-13T02:56:50.527+0000][1][safepoint    ] Entering safepoint region: BulkRevokeBias
[2022-06-13T02:56:50.528+0000][1][safepoint    ] Leaving safepoint region
[2022-06-13T02:56:50.528+0000][1][safepoint    ] Total time for which application threads were stopped: 0.0002659 seconds, Stopping threads took: 0.0001107 seconds
[2022-06-13T02:56:50.529+0000][1][safepoint    ] Application time: 0.0008754 seconds
[2022-06-13T02:56:50.529+0000][1][safepoint    ] Entering safepoint region: RevokeBias
[2022-06-13T02:56:50.529+0000][1][safepoint    ] Leaving safepoint region
[2022-06-13T02:56:50.529+0000][1][safepoint    ] Total time for which application threads were stopped: 0.0002219 seconds, Stopping threads took: 0.0001022 seconds
[2022-06-13T02:56:50.529+0000][1][safepoint    ] Application time: 0.0000994 seconds
[2022-06-13T02:56:50.529+0000][1][safepoint    ] Entering safepoint region: RevokeBias
[2022-06-13T02:56:50.530+0000][1][safepoint    ] Leaving safepoint region
[2022-06-13T02:56:50.530+0000][1][safepoint    ] Total time for which application threads were stopped: 0.0002220 seconds, Stopping threads took: 0.0001016 seconds
[2022-06-13T02:56:50.531+0000][1][safepoint    ] Application time: 0.0009107 seconds
[2022-06-13T02:56:50.531+0000][1][safepoint    ] Entering safepoint region: RevokeBias
[2022-06-13T02:56:50.531+0000][1][safepoint    ] Leaving safepoint region
[2022-06-13T02:56:50.531+0000][1][safepoint    ] Total time for which application threads were stopped: 0.0002229 seconds, Stopping threads took: 0.0001124 seconds
[2022-06-13T02:56:50.531+0000][1][safepoint    ] Application time: 0.0001667 seconds
[2022-06-13T02:56:50.531+0000][1][safepoint    ] Entering safepoint region: RevokeBias
[2022-06-13T02:56:50.532+0000][1][safepoint    ] Leaving safepoint region
[2022-06-13T02:56:50.532+0000][1][safepoint    ] Total time for which application threads were stopped: 0.0002375 seconds, Stopping threads took: 0.0001023 seconds
[2022-06-13T02:56:50.532+0000][1][safepoint    ] Application time: 0.0007763 seconds
[2022-06-13T02:56:50.533+0000][1][safepoint    ] Entering safepoint region: RevokeBias
[2022-06-13T02:56:50.533+0000][1][safepoint    ] Leaving safepoint region
[2022-06-13T02:56:50.533+0000][1][safepoint    ] Total time for which application threads were stopped: 0.0002546 seconds, Stopping threads took: 0.0001243 seconds
[2022-06-13T02:56:50.533+0000][1][safepoint    ] Application time: 0.0003441 seconds
[2022-06-13T02:56:50.534+0000][1][safepoint    ] Entering safepoint region: RevokeBias
[2022-06-13T02:56:50.534+0000][1][safepoint    ] Leaving safepoint region
[2022-06-13T02:56:50.534+0000][1][safepoint    ] Total time for which application threads were stopped: 0.0002792 seconds, Stopping threads took: 0.0001578 seconds
[2022-06-13T02:56:50.534+0000][1][safepoint    ] Application time: 0.0003949 seconds
[2022-06-13T02:56:50.534+0000][1][safepoint    ] Entering safepoint region: RevokeBias
[2022-06-13T02:56:50.535+0000][1][safepoint    ] Leaving safepoint region
[2022-06-13T02:56:50.535+0000][1][safepoint    ] Total time for which application threads were stopped: 0.0002464 seconds, Stopping threads took: 0.0001108 seconds
[2022-06-13T02:56:50.535+0000][1][safepoint    ] Application time: 0.0004437 seconds
[2022-06-13T02:56:50.535+0000][1][safepoint    ] Entering safepoint region: RevokeBias
[2022-06-13T02:56:50.535+0000][1][safepoint    ] Leaving safepoint region
[2022-06-13T02:56:50.536+0000][1][safepoint    ] Total time for which application threads were stopped: 0.0002354 seconds, Stopping threads took: 0.0001155 seconds
[2022-06-13T02:56:50.536+0000][1][safepoint    ] Application time: 0.0004115 seconds
[2022-06-13T02:56:50.536+0000][1][safepoint    ] Entering safepoint region: RevokeBias
[2022-06-13T02:56:50.536+0000][1][safepoint    ] Leaving safepoint region
[2022-06-13T02:56:50.536+0000][1][safepoint    ] Total time for which application threads were stopped: 0.0002377 seconds, Stopping threads took: 0.0001117 seconds
[2022-06-13T02:56:50.537+0000][1][safepoint    ] Application time: 0.0003165 seconds
[2022-06-13T02:56:50.537+0000][1][safepoint    ] Entering safepoint region: RevokeBias
[2022-06-13T02:56:50.538+0000][1][safepoint    ] Leaving safepoint region
[2022-06-13T02:56:50.538+0000][1][safepoint    ] Total time for which application threads were stopped: 0.0003636 seconds, Stopping threads took: 0.0001934 seconds
[2022-06-13T02:56:50.538+0000][1][safepoint    ] Application time: 0.0004787 seconds
[2022-06-13T02:56:50.538+0000][1][safepoint    ] Entering safepoint region: RevokeBias
[2022-06-13T02:56:50.539+0000][1][safepoint    ] Leaving safepoint region
[2022-06-13T02:56:50.539+0000][1][safepoint    ] Total time for which application threads were stopped: 0.0002218 seconds, Stopping threads took: 0.0001002 seconds
[2022-06-13T02:56:50.539+0000][1][safepoint    ] Application time: 0.0002204 seconds
[2022-06-13T02:56:50.539+0000][1][safepoint    ] Entering safepoint region: RevokeBias
[2022-06-13T02:56:50.540+0000][1][safepoint    ] Leaving safepoint region
[2022-06-13T02:56:50.540+0000][1][safepoint    ] Total time for which application threads were stopped: 0.0005419 seconds, Stopping threads took: 0.0003175 seconds
[2022-06-13T02:56:50.541+0000][1][safepoint    ] Application time: 0.0006486 seconds
[2022-06-13T02:56:50.541+0000][1][safepoint    ] Entering safepoint region: RevokeBias
[2022-06-13T02:56:50.541+0000][1][safepoint    ] Leaving safepoint region
[2022-06-13T02:56:50.542+0000][1][safepoint    ] Total time for which application threads were stopped: 0.0007361 seconds, Stopping threads took: 0.0002954 seconds
[2022-06-13T02:56:50.542+0000][1][safepoint    ] Application time: 0.0001855 seconds
[2022-06-13T02:56:50.542+0000][1][safepoint    ] Entering safepoint region: RevokeBias
[2022-06-13T02:56:50.543+0000][1][safepoint    ] Leaving safepoint region
[2022-06-13T02:56:50.543+0000][1][safepoint    ] Total time for which application threads were stopped: 0.0005216 seconds, Stopping threads took: 0.0002422 seconds
[2022-06-13T02:56:50.544+0000][1][safepoint    ] Application time: 0.0007108 seconds
[2022-06-13T02:56:50.544+0000][1][safepoint    ] Entering safepoint region: RevokeBias
[2022-06-13T02:56:50.544+0000][1][safepoint    ] Leaving safepoint region
[2022-06-13T02:56:50.545+0000][1][safepoint    ] Total time for which application threads were stopped: 0.0005488 seconds, Stopping threads took: 0.0002618 seconds
[2022-06-13T02:56:50.545+0000][1][safepoint    ] Application time: 0.0000971 seconds
[2022-06-13T02:56:50.545+0000][1][safepoint    ] Entering safepoint region: RevokeBias
[2022-06-13T02:56:50.545+0000][1][safepoint    ] Leaving safepoint region
[2022-06-13T02:56:50.546+0000][1][safepoint    ] Total time for which application threads were stopped: 0.0003503 seconds, Stopping threads took: 0.0001759 seconds
[2022-06-13T02:56:50.546+0000][1][safepoint    ] Application time: 0.0001142 seconds
[2022-06-13T02:56:50.546+0000][1][safepoint    ] Entering safepoint region: RevokeBias
[2022-06-13T02:56:50.546+0000][1][safepoint    ] Leaving safepoint region
[2022-06-13T02:56:50.546+0000][1][safepoint    ] Total time for which application threads were stopped: 0.0002421 seconds, Stopping threads took: 0.0001123 seconds
[2022-06-13T02:56:50.546+0000][1][safepoint    ] Application time: 0.0002398 seconds
[2022-06-13T02:56:50.547+0000][1][safepoint    ] Entering safepoint region: RevokeBias
[2022-06-13T02:56:50.547+0000][1][safepoint    ] Leaving safepoint region
[2022-06-13T02:56:50.547+0000][1][safepoint    ] Total time for which application threads were stopped: 0.0002151 seconds, Stopping threads took: 0.0001071 seconds
[2022-06-13T02:56:50.547+0000][1][safepoint    ] Application time: 0.0001574 seconds
[2022-06-13T02:56:50.547+0000][1][safepoint    ] Entering safepoint region: RevokeBias
[2022-06-13T02:56:50.547+0000][1][safepoint    ] Leaving safepoint region
[2022-06-13T02:56:50.547+0000][1][safepoint    ] Total time for which application threads were stopped: 0.0002193 seconds, Stopping threads took: 0.0000980 seconds
[2022-06-13T02:56:50.548+0000][1][safepoint    ] Application time: 0.0001524 seconds
[2022-06-13T02:56:50.548+0000][1][safepoint    ] Entering safepoint region: RevokeBias
[2022-06-13T02:56:50.548+0000][1][safepoint    ] Leaving safepoint region
[2022-06-13T02:56:50.548+0000][1][safepoint    ] Total time for which application threads were stopped: 0.0002555 seconds, Stopping threads took: 0.0001567 seconds
[2022-06-13T02:56:50.548+0000][1][safepoint    ] Application time: 0.0001353 seconds
[2022-06-13T02:56:50.548+0000][1][safepoint    ] Entering safepoint region: RevokeBias
[2022-06-13T02:56:50.549+0000][1][safepoint    ] Leaving safepoint region
[2022-06-13T02:56:50.549+0000][1][safepoint    ] Total time for which application threads were stopped: 0.0002219 seconds, Stopping threads took: 0.0001061 seconds
[2022-06-13T02:56:50.549+0000][1][safepoint    ] Application time: 0.0002580 seconds
[2022-06-13T02:56:50.549+0000][1][safepoint    ] Entering safepoint region: RevokeBias
[2022-06-13T02:56:50.549+0000][1][safepoint    ] Leaving safepoint region
[2022-06-13T02:56:50.550+0000][1][safepoint    ] Total time for which application threads were stopped: 0.0004756 seconds, Stopping threads took: 0.0003707 seconds
[2022-06-13T02:56:50.550+0000][1][safepoint    ] Application time: 0.0001178 seconds
[2022-06-13T02:56:50.550+0000][1][safepoint    ] Entering safepoint region: RevokeBias
[2022-06-13T02:56:50.550+0000][1][safepoint    ] Leaving safepoint region
[2022-06-13T02:56:50.550+0000][1][safepoint    ] Total time for which application threads were stopped: 0.0002219 seconds, Stopping threads took: 0.0001171 seconds
[2022-06-13T02:56:50.550+0000][1][safepoint    ] Application time: 0.0001476 seconds
[2022-06-13T02:56:50.551+0000][1][safepoint    ] Entering safepoint region: RevokeBias
[2022-06-13T02:56:50.551+0000][1][safepoint    ] Leaving safepoint region
[2022-06-13T02:56:50.551+0000][1][safepoint    ] Total time for which application threads were stopped: 0.0002035 seconds, Stopping threads took: 0.0001045 seconds
[2022-06-13T02:56:50.551+0000][1][safepoint    ] Application time: 0.0002538 seconds
[2022-06-13T02:56:50.551+0000][1][safepoint    ] Entering safepoint region: RevokeBias
[2022-06-13T02:56:50.551+0000][1][safepoint    ] Leaving safepoint region
[2022-06-13T02:56:50.552+0000][1][safepoint    ] Total time for which application threads were stopped: 0.0002207 seconds, Stopping threads took: 0.0001101 seconds
[2022-06-13T02:56:50.552+0000][1][safepoint    ] Application time: 0.0001843 seconds
[2022-06-13T02:56:50.552+0000][1][safepoint    ] Entering safepoint region: RevokeBias
[2022-06-13T02:56:50.552+0000][1][safepoint    ] Leaving safepoint region
[2022-06-13T02:56:50.553+0000][1][safepoint    ] Total time for which application threads were stopped: 0.0005491 seconds, Stopping threads took: 0.0001001 seconds
[2022-06-13T02:56:50.553+0000][1][safepoint    ] Application time: 0.0000703 seconds
[2022-06-13T02:56:50.553+0000][1][safepoint    ] Entering safepoint region: RevokeBias
[2022-06-13T02:56:50.553+0000][1][safepoint    ] Leaving safepoint region
[2022-06-13T02:56:50.553+0000][1][safepoint    ] Total time for which application threads were stopped: 0.0004088 seconds, Stopping threads took: 0.0001840 seconds
[2022-06-13T02:56:50.554+0000][1][safepoint    ] Application time: 0.0009504 seconds
[2022-06-13T02:56:50.555+0000][1][safepoint    ] Entering safepoint region: RevokeBias
[2022-06-13T02:56:50.555+0000][1][safepoint    ] Leaving safepoint region
[2022-06-13T02:56:50.555+0000][1][safepoint    ] Total time for which application threads were stopped: 0.0003627 seconds, Stopping threads took: 0.0001713 seconds
[2022-06-13T02:56:50.560+0000][1][safepoint    ] Application time: 0.0044642 seconds
[2022-06-13T02:56:50.560+0000][1][safepoint    ] Entering safepoint region: RevokeBias
[2022-06-13T02:56:50.560+0000][1][safepoint    ] Leaving safepoint region
[2022-06-13T02:56:50.560+0000][1][safepoint    ] Total time for which application threads were stopped: 0.0002523 seconds, Stopping threads took: 0.0001376 seconds
[2022-06-13T02:56:50.560+0000][1][safepoint    ] Application time: 0.0000786 seconds
[2022-06-13T02:56:50.560+0000][1][safepoint    ] Entering safepoint region: RevokeBias
[2022-06-13T02:56:50.561+0000][1][safepoint    ] Leaving safepoint region
[2022-06-13T02:56:50.561+0000][1][safepoint    ] Total time for which application threads were stopped: 0.0002689 seconds, Stopping threads took: 0.0001386 seconds
[2022-06-13T02:56:50.561+0000][1][safepoint    ] Application time: 0.0000860 seconds
[2022-06-13T02:56:50.561+0000][1][safepoint    ] Entering safepoint region: RevokeBias
[2022-06-13T02:56:50.561+0000][1][safepoint    ] Leaving safepoint region
[2022-06-13T02:56:50.561+0000][1][safepoint    ] Total time for which application threads were stopped: 0.0002834 seconds, Stopping threads took: 0.0001341 seconds
[2022-06-13T02:56:50.562+0000][1][safepoint    ] Application time: 0.0004140 seconds
[2022-06-13T02:56:50.562+0000][1][safepoint    ] Entering safepoint region: RevokeBias
[2022-06-13T02:56:50.562+0000][1][safepoint    ] Leaving safepoint region
[2022-06-13T02:56:50.562+0000][1][safepoint    ] Total time for which application threads were stopped: 0.0002192 seconds, Stopping threads took: 0.0001189 seconds
[2022-06-13T02:56:50.562+0000][1][safepoint    ] Application time: 0.0000713 seconds
[2022-06-13T02:56:50.563+0000][1][safepoint    ] Entering safepoint region: RevokeBias
[2022-06-13T02:56:50.563+0000][1][safepoint    ] Leaving safepoint region
[2022-06-13T02:56:50.563+0000][1][safepoint    ] Total time for which application threads were stopped: 0.0002765 seconds, Stopping threads took: 0.0001648 seconds
[2022-06-13T02:56:50.563+0000][1][safepoint    ] Application time: 0.0000722 seconds
[2022-06-13T02:56:50.563+0000][1][safepoint    ] Entering safepoint region: RevokeBias
[2022-06-13T02:56:50.563+0000][1][safepoint    ] Leaving safepoint region
[2022-06-13T02:56:50.563+0000][1][safepoint    ] Total time for which application threads were stopped: 0.0002302 seconds, Stopping threads took: 0.0001309 seconds
[2022-06-13T02:56:50.564+0000][1][safepoint    ] Application time: 0.0004313 seconds
[2022-06-13T02:56:50.564+0000][1][safepoint    ] Entering safepoint region: RevokeBias
[2022-06-13T02:56:50.564+0000][1][safepoint    ] Leaving safepoint region
[2022-06-13T02:56:50.564+0000][1][safepoint    ] Total time for which application threads were stopped: 0.0002265 seconds, Stopping threads took: 0.0001237 seconds
[2022-06-13T02:56:50.564+0000][1][safepoint    ] Application time: 0.0002395 seconds
[2022-06-13T02:56:50.564+0000][1][safepoint    ] Entering safepoint region: RevokeBias
[2022-06-13T02:56:50.565+0000][1][safepoint    ] Leaving safepoint region
[2022-06-13T02:56:50.565+0000][1][safepoint    ] Total time for which application threads were stopped: 0.0001848 seconds, Stopping threads took: 0.0000881 seconds
[2022-06-13T02:56:50.565+0000][1][safepoint    ] Application time: 0.0001982 seconds
[2022-06-13T02:56:50.565+0000][1][safepoint    ] Entering safepoint region: RevokeBias
[2022-06-13T02:56:50.565+0000][1][safepoint    ] Leaving safepoint region
[2022-06-13T02:56:50.565+0000][1][safepoint    ] Total time for which application threads were stopped: 0.0002225 seconds, Stopping threads took: 0.0001112 seconds
[2022-06-13T02:56:50.566+0000][1][safepoint    ] Application time: 0.0003614 seconds
[2022-06-13T02:56:50.566+0000][1][safepoint    ] Entering safepoint region: RevokeBias
[2022-06-13T02:56:50.566+0000][1][safepoint    ] Leaving safepoint region
[2022-06-13T02:56:50.566+0000][1][safepoint    ] Total time for which application threads were stopped: 0.0001954 seconds, Stopping threads took: 0.0000993 seconds
[2022-06-13T02:56:50.566+0000][1][safepoint    ] Application time: 0.0001974 seconds
[2022-06-13T02:56:50.566+0000][1][safepoint    ] Entering safepoint region: RevokeBias
[2022-06-13T02:56:50.566+0000][1][safepoint    ] Leaving safepoint region
[2022-06-13T02:56:50.567+0000][1][safepoint    ] Total time for which application threads were stopped: 0.0002089 seconds, Stopping threads took: 0.0001072 seconds
[2022-06-13T02:56:50.567+0000][1][safepoint    ] Application time: 0.0004945 seconds
[2022-06-13T02:56:50.567+0000][1][safepoint    ] Entering safepoint region: RevokeBias
[2022-06-13T02:56:50.567+0000][1][safepoint    ] Leaving safepoint region
[2022-06-13T02:56:50.567+0000][1][safepoint    ] Total time for which application threads were stopped: 0.0002111 seconds, Stopping threads took: 0.0000958 seconds
[2022-06-13T02:56:50.568+0000][1][safepoint    ] Application time: 0.0001898 seconds
[2022-06-13T02:56:50.568+0000][1][safepoint    ] Entering safepoint region: RevokeBias
[2022-06-13T02:56:50.568+0000][1][safepoint    ] Leaving safepoint region
[2022-06-13T02:56:50.568+0000][1][safepoint    ] Total time for which application threads were stopped: 0.0001923 seconds, Stopping threads took: 0.0001019 seconds
[2022-06-13T02:56:50.568+0000][1][safepoint    ] Application time: 0.0001484 seconds
[2022-06-13T02:56:50.569+0000][1][safepoint    ] Entering safepoint region: RevokeBias
[2022-06-13T02:56:50.569+0000][1][safepoint    ] Leaving safepoint region
[2022-06-13T02:56:50.569+0000][1][safepoint    ] Total time for which application threads were stopped: 0.0002297 seconds, Stopping threads took: 0.0001215 seconds
[2022-06-13T02:56:50.569+0000][1][safepoint    ] Application time: 0.0006056 seconds
[2022-06-13T02:56:50.570+0000][1][safepoint    ] Entering safepoint region: RevokeBias
[2022-06-13T02:56:50.570+0000][1][safepoint    ] Leaving safepoint region
[2022-06-13T02:56:50.570+0000][1][safepoint    ] Total time for which application threads were stopped: 0.0002061 seconds, Stopping threads took: 0.0001043 seconds
[2022-06-13T02:56:50.571+0000][1][safepoint    ] Application time: 0.0009592 seconds
[2022-06-13T02:56:50.571+0000][1][safepoint    ] Entering safepoint region: RevokeBias
[2022-06-13T02:56:50.571+0000][1][safepoint    ] Leaving safepoint region
[2022-06-13T02:56:50.571+0000][1][safepoint    ] Total time for which application threads were stopped: 0.0002585 seconds, Stopping threads took: 0.0001338 seconds
[2022-06-13T02:56:50.571+0000][1][safepoint    ] Application time: 0.0000734 seconds
[2022-06-13T02:56:50.572+0000][1][safepoint    ] Entering safepoint region: RevokeBias
[2022-06-13T02:56:50.572+0000][1][safepoint    ] Leaving safepoint region
[2022-06-13T02:56:50.572+0000][1][safepoint    ] Total time for which application threads were stopped: 0.0002209 seconds, Stopping threads took: 0.0001018 seconds
[2022-06-13T02:56:50.572+0000][1][safepoint    ] Application time: 0.0001091 seconds
[2022-06-13T02:56:50.572+0000][1][safepoint    ] Entering safepoint region: RevokeBias
[2022-06-13T02:56:50.572+0000][1][safepoint    ] Leaving safepoint region
[2022-06-13T02:56:50.572+0000][1][safepoint    ] Total time for which application threads were stopped: 0.0002416 seconds, Stopping threads took: 0.0001237 seconds
[2022-06-13T02:56:50.572+0000][1][safepoint    ] Application time: 0.0001057 seconds
[2022-06-13T02:56:50.573+0000][1][safepoint    ] Entering safepoint region: RevokeBias
[2022-06-13T02:56:50.573+0000][1][safepoint    ] Leaving safepoint region
[2022-06-13T02:56:50.573+0000][1][safepoint    ] Total time for which application threads were stopped: 0.0002506 seconds, Stopping threads took: 0.0001109 seconds
[2022-06-13T02:56:50.575+0000][1][gc,heap,exit ] Heap
[2022-06-13T02:56:50.575+0000][1][gc,heap,exit ]  par new generation   total 78656K, used 25302K [0x00000000f0000000, 0x00000000f5550000, 0x00000000f5550000)
[2022-06-13T02:56:50.575+0000][1][gc,heap,exit ]   eden space 69952K,  23% used [0x00000000f0000000, 0x00000000f10358a8, 0x00000000f4450000)
[2022-06-13T02:56:50.575+0000][1][gc,heap,exit ]   from space 8704K, 100% used [0x00000000f4450000, 0x00000000f4cd0000, 0x00000000f4cd0000)
[2022-06-13T02:56:50.575+0000][1][gc,heap,exit ]   to   space 8704K,   0% used [0x00000000f4cd0000, 0x00000000f4cd0000, 0x00000000f5550000)
[2022-06-13T02:56:50.576+0000][1][gc,heap,exit ]  concurrent mark-sweep generation total 174784K, used 60065K [0x00000000f5550000, 0x0000000100000000, 0x0000000100000000)
[2022-06-13T02:56:50.576+0000][1][gc,heap,exit ]  Metaspace       used 63628K, capacity 68489K, committed 68724K, reserved 1107968K
[2022-06-13T02:56:50.576+0000][1][gc,heap,exit ]   class space    used 8651K, capacity 10699K, committed 10760K, reserved 1048576K
[2022-06-13T02:56:50.576+0000][1][safepoint    ] Application time: 0.0027907 seconds
[2022-06-13T02:56:50.576+0000][1][safepoint    ] Entering safepoint region: Exit
