[2022-06-13T03:21:44.899+0000][1][gc] Using Concurrent Mark Sweep
[2022-06-13T03:21:44.900+0000][1][gc,heap,coops] Heap address: 0x00000000f0000000, size: 256 MB, Compressed Oops mode: 32-bit
[2022-06-13T03:21:44.947+0000][1][safepoint    ] Entering safepoint region: EnableBiasedLocking
[2022-06-13T03:21:44.949+0000][1][safepoint    ] Leaving safepoint region
[2022-06-13T03:21:44.950+0000][1][safepoint    ] Total time for which application threads were stopped: 0.0062114 seconds, Stopping threads took: 0.0049173 seconds
[2022-06-13T03:21:44.953+0000][1][safepoint    ] Application time: 0.0026690 seconds
[2022-06-13T03:21:44.954+0000][1][safepoint    ] Entering safepoint region: RevokeBias
[2022-06-13T03:21:44.989+0000][1][safepoint    ] Leaving safepoint region
[2022-06-13T03:21:44.989+0000][1][safepoint    ] Total time for which application threads were stopped: 0.0355745 seconds, Stopping threads took: 0.0350825 seconds
[2022-06-13T03:21:45.004+0000][1][safepoint    ] Application time: 0.0151227 seconds
[2022-06-13T03:21:45.007+0000][1][safepoint    ] Entering safepoint region: Deoptimize
[2022-06-13T03:21:45.007+0000][1][safepoint    ] Leaving safepoint region
[2022-06-13T03:21:45.008+0000][1][safepoint    ] Total time for which application threads were stopped: 0.0005562 seconds, Stopping threads took: 0.0003058 seconds
[2022-06-13T03:21:45.115+0000][1][safepoint    ] Application time: 0.1034281 seconds
[2022-06-13T03:21:45.115+0000][1][safepoint    ] Entering safepoint region: Deoptimize
[2022-06-13T03:21:45.115+0000][1][safepoint    ] Leaving safepoint region
[2022-06-13T03:21:45.115+0000][1][safepoint    ] Total time for which application threads were stopped: 0.0004332 seconds, Stopping threads took: 0.0001809 seconds
[2022-06-13T03:21:45.369+0000][1][safepoint    ] Application time: 0.2531692 seconds
[2022-06-13T03:21:45.369+0000][1][safepoint    ] Entering safepoint region: Deoptimize
[2022-06-13T03:21:45.369+0000][1][safepoint    ] Leaving safepoint region
[2022-06-13T03:21:45.370+0000][1][safepoint    ] Total time for which application threads were stopped: 0.0005643 seconds, Stopping threads took: 0.0002185 seconds
[2022-06-13T03:21:45.382+0000][1][safepoint    ] Application time: 0.0124894 seconds
[2022-06-13T03:21:45.382+0000][1][safepoint    ] Entering safepoint region: Deoptimize
[2022-06-13T03:21:45.383+0000][1][safepoint    ] Leaving safepoint region
[2022-06-13T03:21:45.383+0000][1][safepoint    ] Total time for which application threads were stopped: 0.0003565 seconds, Stopping threads took: 0.0001251 seconds
[2022-06-13T03:21:45.414+0000][1][safepoint    ] Application time: 0.0311605 seconds
[2022-06-13T03:21:45.414+0000][1][safepoint    ] Entering safepoint region: Deoptimize
[2022-06-13T03:21:45.415+0000][1][safepoint    ] Leaving safepoint region
[2022-06-13T03:21:45.415+0000][1][safepoint    ] Total time for which application threads were stopped: 0.0004368 seconds, Stopping threads took: 0.0001670 seconds
[2022-06-13T03:21:45.422+0000][1][safepoint    ] Application time: 0.0074316 seconds
[2022-06-13T03:21:45.423+0000][1][safepoint    ] Entering safepoint region: Deoptimize
[2022-06-13T03:21:45.423+0000][1][safepoint    ] Leaving safepoint region
[2022-06-13T03:21:45.423+0000][1][safepoint    ] Total time for which application threads were stopped: 0.0005324 seconds, Stopping threads took: 0.0002331 seconds
[2022-06-13T03:21:45.700+0000][1][safepoint    ] Application time: 0.2762714 seconds
[2022-06-13T03:21:45.700+0000][1][safepoint    ] Entering safepoint region: Deoptimize
[2022-06-13T03:21:45.700+0000][1][safepoint    ] Leaving safepoint region
[2022-06-13T03:21:45.700+0000][1][safepoint    ] Total time for which application threads were stopped: 0.0004215 seconds, Stopping threads took: 0.0001162 seconds
[2022-06-13T03:21:45.871+0000][1][safepoint    ] Application time: 0.1706123 seconds
[2022-06-13T03:21:45.871+0000][1][safepoint    ] Entering safepoint region: RevokeBias
[2022-06-13T03:21:45.872+0000][1][safepoint    ] Leaving safepoint region
[2022-06-13T03:21:45.872+0000][1][safepoint    ] Total time for which application threads were stopped: 0.0004496 seconds, Stopping threads took: 0.0001708 seconds
[2022-06-13T03:21:45.956+0000][1][safepoint    ] Application time: 0.0836532 seconds
[2022-06-13T03:21:45.956+0000][1][safepoint    ] Entering safepoint region: Deoptimize
[2022-06-13T03:21:45.956+0000][1][safepoint    ] Leaving safepoint region
[2022-06-13T03:21:45.956+0000][1][safepoint    ] Total time for which application threads were stopped: 0.0004268 seconds, Stopping threads took: 0.0001128 seconds
[2022-06-13T03:21:46.041+0000][1][safepoint    ] Application time: 0.0845176 seconds
[2022-06-13T03:21:46.042+0000][1][safepoint    ] Entering safepoint region: Deoptimize
[2022-06-13T03:21:46.043+0000][1][safepoint    ] Leaving safepoint region
[2022-06-13T03:21:46.043+0000][1][safepoint    ] Total time for which application threads were stopped: 0.0011796 seconds, Stopping threads took: 0.0007137 seconds
[2022-06-13T03:21:46.044+0000][1][safepoint    ] Application time: 0.0006435 seconds
[2022-06-13T03:21:46.044+0000][1][safepoint    ] Entering safepoint region: Deoptimize
[2022-06-13T03:21:46.045+0000][1][safepoint    ] Leaving safepoint region
[2022-06-13T03:21:46.045+0000][1][safepoint    ] Total time for which application threads were stopped: 0.0010595 seconds, Stopping threads took: 0.0002542 seconds
[2022-06-13T03:21:46.084+0000][1][safepoint    ] Application time: 0.0381960 seconds
[2022-06-13T03:21:46.084+0000][1][safepoint    ] Entering safepoint region: Deoptimize
[2022-06-13T03:21:46.084+0000][1][safepoint    ] Leaving safepoint region
[2022-06-13T03:21:46.084+0000][1][safepoint    ] Total time for which application threads were stopped: 0.0004379 seconds, Stopping threads took: 0.0001286 seconds
[2022-06-13T03:21:46.088+0000][1][safepoint    ] Application time: 0.0042112 seconds
[2022-06-13T03:21:46.089+0000][1][safepoint    ] Entering safepoint region: RevokeBias
[2022-06-13T03:21:46.089+0000][1][safepoint    ] Leaving safepoint region
[2022-06-13T03:21:46.089+0000][1][safepoint    ] Total time for which application threads were stopped: 0.0004403 seconds, Stopping threads took: 0.0002151 seconds
[2022-06-13T03:21:46.095+0000][1][safepoint    ] Application time: 0.0054359 seconds
[2022-06-13T03:21:46.095+0000][1][safepoint    ] Entering safepoint region: RevokeBias
[2022-06-13T03:21:46.096+0000][1][safepoint    ] Leaving safepoint region
[2022-06-13T03:21:46.096+0000][1][safepoint    ] Total time for which application threads were stopped: 0.0006496 seconds, Stopping threads took: 0.0002108 seconds
[2022-06-13T03:21:46.096+0000][1][safepoint    ] Application time: 0.0000754 seconds
[2022-06-13T03:21:46.103+0000][1][safepoint    ] Entering safepoint region: RevokeBias
[2022-06-13T03:21:46.103+0000][1][safepoint    ] Leaving safepoint region
[2022-06-13T03:21:46.104+0000][1][safepoint    ] Total time for which application threads were stopped: 0.0076041 seconds, Stopping threads took: 0.0070268 seconds
[2022-06-13T03:21:46.104+0000][1][safepoint    ] Application time: 0.0002242 seconds
[2022-06-13T03:21:46.105+0000][1][safepoint    ] Entering safepoint region: RevokeBias
[2022-06-13T03:21:46.105+0000][1][safepoint    ] Leaving safepoint region
[2022-06-13T03:21:46.105+0000][1][safepoint    ] Total time for which application threads were stopped: 0.0004686 seconds, Stopping threads took: 0.0002685 seconds
[2022-06-13T03:21:46.107+0000][1][safepoint    ] Application time: 0.0021156 seconds
[2022-06-13T03:21:46.108+0000][1][safepoint    ] Entering safepoint region: RevokeBias
[2022-06-13T03:21:46.108+0000][1][safepoint    ] Leaving safepoint region
[2022-06-13T03:21:46.108+0000][1][safepoint    ] Total time for which application threads were stopped: 0.0004731 seconds, Stopping threads took: 0.0002430 seconds
[2022-06-13T03:21:46.165+0000][1][safepoint    ] Application time: 0.0568677 seconds
[2022-06-13T03:21:46.166+0000][1][safepoint    ] Entering safepoint region: GenCollectForAllocation
[2022-06-13T03:21:46.167+0000][1][gc,start     ] GC(0) Pause Young (Allocation Failure)
[2022-06-13T03:21:46.170+0000][1][gc,task      ] GC(0) Using 5 workers of 13 for evacuation
[2022-06-13T03:21:46.177+0000][1][gc,age       ] GC(0) Desired survivor size 4456448 bytes, new threshold 1 (max threshold 6)
[2022-06-13T03:21:46.177+0000][1][gc,age       ] GC(0) Age table with threshold 1 (max threshold 6)
[2022-06-13T03:21:46.177+0000][1][gc,age       ] GC(0) - age   1:    8198744 bytes,    8198744 total
[2022-06-13T03:21:46.177+0000][1][gc,heap      ] GC(0) ParNew: 69952K->8117K(78656K)
[2022-06-13T03:21:46.177+0000][1][gc,heap      ] GC(0) CMS: 0K->0K(174784K)
[2022-06-13T03:21:46.178+0000][1][gc,metaspace ] GC(0) Metaspace: 12111K->12111K(1060864K)
[2022-06-13T03:21:46.178+0000][1][gc           ] GC(0) Pause Young (Allocation Failure) 68M->7M(247M) 11.127ms
[2022-06-13T03:21:46.178+0000][1][gc,cpu       ] GC(0) User=0.02s Sys=0.00s Real=0.01s
[2022-06-13T03:21:46.178+0000][1][safepoint    ] Leaving safepoint region
[2022-06-13T03:21:46.178+0000][1][safepoint    ] Total time for which application threads were stopped: 0.0127685 seconds, Stopping threads took: 0.0010326 seconds
[2022-06-13T03:21:46.182+0000][1][safepoint    ] Application time: 0.0033300 seconds
[2022-06-13T03:21:46.182+0000][1][safepoint    ] Entering safepoint region: RevokeBias
[2022-06-13T03:21:46.183+0000][1][safepoint    ] Leaving safepoint region
[2022-06-13T03:21:46.183+0000][1][safepoint    ] Total time for which application threads were stopped: 0.0010222 seconds, Stopping threads took: 0.0005249 seconds
[2022-06-13T03:21:46.184+0000][1][safepoint    ] Application time: 0.0001311 seconds
[2022-06-13T03:21:46.184+0000][1][safepoint    ] Entering safepoint region: RevokeBias
[2022-06-13T03:21:46.184+0000][1][safepoint    ] Leaving safepoint region
[2022-06-13T03:21:46.184+0000][1][safepoint    ] Total time for which application threads were stopped: 0.0003606 seconds, Stopping threads took: 0.0001703 seconds
[2022-06-13T03:21:46.189+0000][1][safepoint    ] Application time: 0.0050020 seconds
[2022-06-13T03:21:46.196+0000][1][safepoint    ] Entering safepoint region: RevokeBias
[2022-06-13T03:21:46.196+0000][1][safepoint    ] Leaving safepoint region
[2022-06-13T03:21:46.197+0000][1][safepoint    ] Total time for which application threads were stopped: 0.0069792 seconds, Stopping threads took: 0.0067635 seconds
[2022-06-13T03:21:46.197+0000][1][safepoint    ] Application time: 0.0006004 seconds
[2022-06-13T03:21:46.198+0000][1][safepoint    ] Entering safepoint region: RevokeBias
[2022-06-13T03:21:46.198+0000][1][safepoint    ] Leaving safepoint region
[2022-06-13T03:21:46.198+0000][1][safepoint    ] Total time for which application threads were stopped: 0.0004612 seconds, Stopping threads took: 0.0002502 seconds
[2022-06-13T03:21:46.199+0000][1][safepoint    ] Application time: 0.0001364 seconds
[2022-06-13T03:21:46.199+0000][1][safepoint    ] Entering safepoint region: RevokeBias
[2022-06-13T03:21:46.199+0000][1][safepoint    ] Leaving safepoint region
[2022-06-13T03:21:46.199+0000][1][safepoint    ] Total time for which application threads were stopped: 0.0005294 seconds, Stopping threads took: 0.0002969 seconds
[2022-06-13T03:21:46.199+0000][1][safepoint    ] Application time: 0.0000447 seconds
[2022-06-13T03:21:46.200+0000][1][safepoint    ] Entering safepoint region: RevokeBias
[2022-06-13T03:21:46.200+0000][1][safepoint    ] Leaving safepoint region
[2022-06-13T03:21:46.200+0000][1][safepoint    ] Total time for which application threads were stopped: 0.0003241 seconds, Stopping threads took: 0.0001295 seconds
[2022-06-13T03:21:46.204+0000][1][safepoint    ] Application time: 0.0043036 seconds
[2022-06-13T03:21:46.205+0000][1][safepoint    ] Entering safepoint region: RevokeBias
[2022-06-13T03:21:46.205+0000][1][safepoint    ] Leaving safepoint region
[2022-06-13T03:21:46.205+0000][1][safepoint    ] Total time for which application threads were stopped: 0.0003995 seconds, Stopping threads took: 0.0002195 seconds
[2022-06-13T03:21:46.205+0000][1][safepoint    ] Application time: 0.0001043 seconds
[2022-06-13T03:21:46.205+0000][1][safepoint    ] Entering safepoint region: RevokeBias
[2022-06-13T03:21:46.206+0000][1][safepoint    ] Leaving safepoint region
[2022-06-13T03:21:46.206+0000][1][safepoint    ] Total time for which application threads were stopped: 0.0005432 seconds, Stopping threads took: 0.0003321 seconds
[2022-06-13T03:21:46.206+0000][1][safepoint    ] Application time: 0.0001903 seconds
[2022-06-13T03:21:46.207+0000][1][safepoint    ] Entering safepoint region: RevokeBias
[2022-06-13T03:21:46.207+0000][1][safepoint    ] Leaving safepoint region
[2022-06-13T03:21:46.207+0000][1][safepoint    ] Total time for which application threads were stopped: 0.0003566 seconds, Stopping threads took: 0.0001940 seconds
[2022-06-13T03:21:46.207+0000][1][safepoint    ] Application time: 0.0005169 seconds
[2022-06-13T03:21:46.208+0000][1][safepoint    ] Entering safepoint region: RevokeBias
[2022-06-13T03:21:46.208+0000][1][safepoint    ] Leaving safepoint region
[2022-06-13T03:21:46.208+0000][1][safepoint    ] Total time for which application threads were stopped: 0.0003358 seconds, Stopping threads took: 0.0001566 seconds
[2022-06-13T03:21:46.208+0000][1][safepoint    ] Application time: 0.0001045 seconds
[2022-06-13T03:21:46.208+0000][1][safepoint    ] Entering safepoint region: RevokeBias
[2022-06-13T03:21:46.209+0000][1][safepoint    ] Leaving safepoint region
[2022-06-13T03:21:46.209+0000][1][safepoint    ] Total time for which application threads were stopped: 0.0002956 seconds, Stopping threads took: 0.0001478 seconds
[2022-06-13T03:21:46.209+0000][1][safepoint    ] Application time: 0.0000865 seconds
[2022-06-13T03:21:46.209+0000][1][safepoint    ] Entering safepoint region: RevokeBias
[2022-06-13T03:21:46.209+0000][1][safepoint    ] Leaving safepoint region
[2022-06-13T03:21:46.209+0000][1][safepoint    ] Total time for which application threads were stopped: 0.0003658 seconds, Stopping threads took: 0.0001728 seconds
[2022-06-13T03:21:46.210+0000][1][safepoint    ] Application time: 0.0000997 seconds
[2022-06-13T03:21:46.210+0000][1][safepoint    ] Entering safepoint region: RevokeBias
[2022-06-13T03:21:46.210+0000][1][safepoint    ] Leaving safepoint region
[2022-06-13T03:21:46.210+0000][1][safepoint    ] Total time for which application threads were stopped: 0.0003629 seconds, Stopping threads took: 0.0001701 seconds
[2022-06-13T03:21:46.210+0000][1][safepoint    ] Application time: 0.0000890 seconds
[2022-06-13T03:21:46.211+0000][1][safepoint    ] Entering safepoint region: RevokeBias
[2022-06-13T03:21:46.211+0000][1][safepoint    ] Leaving safepoint region
[2022-06-13T03:21:46.211+0000][1][safepoint    ] Total time for which application threads were stopped: 0.0003030 seconds, Stopping threads took: 0.0001495 seconds
[2022-06-13T03:21:46.211+0000][1][safepoint    ] Application time: 0.0001151 seconds
[2022-06-13T03:21:46.211+0000][1][safepoint    ] Entering safepoint region: RevokeBias
[2022-06-13T03:21:46.211+0000][1][safepoint    ] Leaving safepoint region
[2022-06-13T03:21:46.212+0000][1][safepoint    ] Total time for which application threads were stopped: 0.0003139 seconds, Stopping threads took: 0.0001354 seconds
[2022-06-13T03:21:46.212+0000][1][safepoint    ] Application time: 0.0000617 seconds
[2022-06-13T03:21:46.212+0000][1][safepoint    ] Entering safepoint region: RevokeBias
[2022-06-13T03:21:46.212+0000][1][safepoint    ] Leaving safepoint region
[2022-06-13T03:21:46.212+0000][1][safepoint    ] Total time for which application threads were stopped: 0.0003021 seconds, Stopping threads took: 0.0001563 seconds
[2022-06-13T03:21:46.212+0000][1][safepoint    ] Application time: 0.0000579 seconds
[2022-06-13T03:21:46.213+0000][1][safepoint    ] Entering safepoint region: RevokeBias
[2022-06-13T03:21:46.213+0000][1][safepoint    ] Leaving safepoint region
[2022-06-13T03:21:46.213+0000][1][safepoint    ] Total time for which application threads were stopped: 0.0003811 seconds, Stopping threads took: 0.0002165 seconds
[2022-06-13T03:21:46.213+0000][1][safepoint    ] Application time: 0.0000244 seconds
[2022-06-13T03:21:46.213+0000][1][safepoint    ] Entering safepoint region: RevokeBias
[2022-06-13T03:21:46.214+0000][1][safepoint    ] Leaving safepoint region
[2022-06-13T03:21:46.214+0000][1][safepoint    ] Total time for which application threads were stopped: 0.0003657 seconds, Stopping threads took: 0.0002073 seconds
[2022-06-13T03:21:46.214+0000][1][safepoint    ] Application time: 0.0000315 seconds
[2022-06-13T03:21:46.214+0000][1][safepoint    ] Entering safepoint region: RevokeBias
[2022-06-13T03:21:46.214+0000][1][safepoint    ] Leaving safepoint region
[2022-06-13T03:21:46.214+0000][1][safepoint    ] Total time for which application threads were stopped: 0.0002575 seconds, Stopping threads took: 0.0001296 seconds
[2022-06-13T03:21:46.214+0000][1][safepoint    ] Application time: 0.0000198 seconds
[2022-06-13T03:21:46.214+0000][1][safepoint    ] Entering safepoint region: RevokeBias
[2022-06-13T03:21:46.215+0000][1][safepoint    ] Leaving safepoint region
[2022-06-13T03:21:46.215+0000][1][safepoint    ] Total time for which application threads were stopped: 0.0001939 seconds, Stopping threads took: 0.0000871 seconds
[2022-06-13T03:21:46.215+0000][1][safepoint    ] Application time: 0.0000236 seconds
[2022-06-13T03:21:46.215+0000][1][safepoint    ] Entering safepoint region: RevokeBias
[2022-06-13T03:21:46.215+0000][1][safepoint    ] Leaving safepoint region
[2022-06-13T03:21:46.215+0000][1][safepoint    ] Total time for which application threads were stopped: 0.0002155 seconds, Stopping threads took: 0.0000940 seconds
[2022-06-13T03:21:46.215+0000][1][safepoint    ] Application time: 0.0000145 seconds
[2022-06-13T03:21:46.215+0000][1][safepoint    ] Entering safepoint region: RevokeBias
[2022-06-13T03:21:46.216+0000][1][safepoint    ] Leaving safepoint region
[2022-06-13T03:21:46.216+0000][1][safepoint    ] Total time for which application threads were stopped: 0.0003018 seconds, Stopping threads took: 0.0001445 seconds
[2022-06-13T03:21:46.216+0000][1][safepoint    ] Application time: 0.0003453 seconds
[2022-06-13T03:21:46.216+0000][1][safepoint    ] Entering safepoint region: RevokeBias
[2022-06-13T03:21:46.216+0000][1][safepoint    ] Leaving safepoint region
[2022-06-13T03:21:46.216+0000][1][safepoint    ] Total time for which application threads were stopped: 0.0002357 seconds, Stopping threads took: 0.0001307 seconds
[2022-06-13T03:21:46.217+0000][1][safepoint    ] Application time: 0.0000652 seconds
[2022-06-13T03:21:46.217+0000][1][safepoint    ] Entering safepoint region: RevokeBias
[2022-06-13T03:21:46.217+0000][1][safepoint    ] Leaving safepoint region
[2022-06-13T03:21:46.217+0000][1][safepoint    ] Total time for which application threads were stopped: 0.0002188 seconds, Stopping threads took: 0.0000945 seconds
[2022-06-13T03:21:46.217+0000][1][safepoint    ] Application time: 0.0000969 seconds
[2022-06-13T03:21:46.217+0000][1][safepoint    ] Entering safepoint region: RevokeBias
[2022-06-13T03:21:46.218+0000][1][safepoint    ] Leaving safepoint region
[2022-06-13T03:21:46.218+0000][1][safepoint    ] Total time for which application threads were stopped: 0.0004389 seconds, Stopping threads took: 0.0002556 seconds
[2022-06-13T03:21:46.218+0000][1][safepoint    ] Application time: 0.0003218 seconds
[2022-06-13T03:21:46.218+0000][1][safepoint    ] Entering safepoint region: RevokeBias
[2022-06-13T03:21:46.219+0000][1][safepoint    ] Leaving safepoint region
[2022-06-13T03:21:46.219+0000][1][safepoint    ] Total time for which application threads were stopped: 0.0003810 seconds, Stopping threads took: 0.0002169 seconds
[2022-06-13T03:21:46.409+0000][1][safepoint    ] Application time: 0.1901344 seconds
[2022-06-13T03:21:46.414+0000][1][safepoint    ] Entering safepoint region: Deoptimize
[2022-06-13T03:21:46.415+0000][1][safepoint    ] Leaving safepoint region
[2022-06-13T03:21:46.415+0000][1][safepoint    ] Total time for which application threads were stopped: 0.0010804 seconds, Stopping threads took: 0.0003271 seconds
[2022-06-13T03:21:46.602+0000][1][safepoint    ] Application time: 0.1867528 seconds
[2022-06-13T03:21:46.604+0000][1][safepoint    ] Entering safepoint region: RevokeBias
[2022-06-13T03:21:46.605+0000][1][safepoint    ] Leaving safepoint region
[2022-06-13T03:21:46.605+0000][1][safepoint    ] Total time for which application threads were stopped: 0.0006825 seconds, Stopping threads took: 0.0003639 seconds
[2022-06-13T03:21:46.733+0000][1][safepoint    ] Application time: 0.1273563 seconds
[2022-06-13T03:21:46.733+0000][1][safepoint    ] Entering safepoint region: GenCollectForAllocation
[2022-06-13T03:21:46.733+0000][1][gc,start     ] GC(1) Pause Young (Allocation Failure)
[2022-06-13T03:21:46.733+0000][1][gc,task      ] GC(1) Using 5 workers of 13 for evacuation
[2022-06-13T03:21:46.749+0000][1][gc,age       ] GC(1) Desired survivor size 4456448 bytes, new threshold 6 (max threshold 6)
[2022-06-13T03:21:46.749+0000][1][gc,age       ] GC(1) Age table with threshold 6 (max threshold 6)
[2022-06-13T03:21:46.749+0000][1][gc,age       ] GC(1) - age   1:    2014976 bytes,    2014976 total
[2022-06-13T03:21:46.749+0000][1][gc,heap      ] GC(1) ParNew: 78069K->5443K(78656K)
[2022-06-13T03:21:46.750+0000][1][gc,heap      ] GC(1) CMS: 0K->6641K(174784K)
[2022-06-13T03:21:46.750+0000][1][gc,metaspace ] GC(1) Metaspace: 14789K->14789K(1062912K)
[2022-06-13T03:21:46.750+0000][1][gc           ] GC(1) Pause Young (Allocation Failure) 76M->11M(247M) 16.727ms
[2022-06-13T03:21:46.750+0000][1][gc,cpu       ] GC(1) User=0.06s Sys=0.00s Real=0.02s
[2022-06-13T03:21:46.750+0000][1][safepoint    ] Leaving safepoint region
[2022-06-13T03:21:46.750+0000][1][safepoint    ] Total time for which application threads were stopped: 0.0173414 seconds, Stopping threads took: 0.0001896 seconds
[2022-06-13T03:21:46.752+0000][1][safepoint    ] Application time: 0.0014203 seconds
[2022-06-13T03:21:46.752+0000][1][safepoint    ] Entering safepoint region: RevokeBias
[2022-06-13T03:21:46.752+0000][1][safepoint    ] Leaving safepoint region
[2022-06-13T03:21:46.752+0000][1][safepoint    ] Total time for which application threads were stopped: 0.0003724 seconds, Stopping threads took: 0.0001544 seconds
[2022-06-13T03:21:46.753+0000][1][safepoint    ] Application time: 0.0001226 seconds
[2022-06-13T03:21:46.753+0000][1][safepoint    ] Entering safepoint region: RevokeBias
[2022-06-13T03:21:46.753+0000][1][safepoint    ] Leaving safepoint region
[2022-06-13T03:21:46.753+0000][1][safepoint    ] Total time for which application threads were stopped: 0.0003613 seconds, Stopping threads took: 0.0001886 seconds
[2022-06-13T03:21:46.753+0000][1][safepoint    ] Application time: 0.0000489 seconds
[2022-06-13T03:21:46.753+0000][1][safepoint    ] Entering safepoint region: RevokeBias
[2022-06-13T03:21:46.754+0000][1][safepoint    ] Leaving safepoint region
[2022-06-13T03:21:46.754+0000][1][safepoint    ] Total time for which application threads were stopped: 0.0003425 seconds, Stopping threads took: 0.0001320 seconds
[2022-06-13T03:21:46.754+0000][1][safepoint    ] Application time: 0.0000976 seconds
[2022-06-13T03:21:46.754+0000][1][safepoint    ] Entering safepoint region: RevokeBias
[2022-06-13T03:21:46.754+0000][1][safepoint    ] Leaving safepoint region
[2022-06-13T03:21:46.754+0000][1][safepoint    ] Total time for which application threads were stopped: 0.0003437 seconds, Stopping threads took: 0.0001550 seconds
[2022-06-13T03:21:46.755+0000][1][safepoint    ] Application time: 0.0000326 seconds
[2022-06-13T03:21:46.755+0000][1][safepoint    ] Entering safepoint region: RevokeBias
[2022-06-13T03:21:46.755+0000][1][safepoint    ] Leaving safepoint region
[2022-06-13T03:21:46.755+0000][1][safepoint    ] Total time for which application threads were stopped: 0.0002779 seconds, Stopping threads took: 0.0001258 seconds
[2022-06-13T03:21:46.755+0000][1][safepoint    ] Application time: 0.0000428 seconds
[2022-06-13T03:21:46.755+0000][1][safepoint    ] Entering safepoint region: RevokeBias
[2022-06-13T03:21:46.755+0000][1][safepoint    ] Leaving safepoint region
[2022-06-13T03:21:46.756+0000][1][safepoint    ] Total time for which application threads were stopped: 0.0002301 seconds, Stopping threads took: 0.0000892 seconds
[2022-06-13T03:21:46.756+0000][1][safepoint    ] Application time: 0.0000557 seconds
[2022-06-13T03:21:46.756+0000][1][safepoint    ] Entering safepoint region: RevokeBias
[2022-06-13T03:21:46.756+0000][1][safepoint    ] Leaving safepoint region
[2022-06-13T03:21:46.756+0000][1][safepoint    ] Total time for which application threads were stopped: 0.0003914 seconds, Stopping threads took: 0.0002120 seconds
[2022-06-13T03:21:46.756+0000][1][safepoint    ] Application time: 0.0000395 seconds
[2022-06-13T03:21:46.757+0000][1][safepoint    ] Entering safepoint region: RevokeBias
[2022-06-13T03:21:46.757+0000][1][safepoint    ] Leaving safepoint region
[2022-06-13T03:21:46.757+0000][1][safepoint    ] Total time for which application threads were stopped: 0.0003218 seconds, Stopping threads took: 0.0001479 seconds
[2022-06-13T03:21:46.757+0000][1][safepoint    ] Application time: 0.0000569 seconds
[2022-06-13T03:21:46.757+0000][1][safepoint    ] Entering safepoint region: RevokeBias
[2022-06-13T03:21:46.757+0000][1][safepoint    ] Leaving safepoint region
[2022-06-13T03:21:46.757+0000][1][safepoint    ] Total time for which application threads were stopped: 0.0002660 seconds, Stopping threads took: 0.0001218 seconds
[2022-06-13T03:21:46.758+0000][1][safepoint    ] Application time: 0.0000443 seconds
[2022-06-13T03:21:46.758+0000][1][safepoint    ] Entering safepoint region: RevokeBias
[2022-06-13T03:21:46.758+0000][1][safepoint    ] Leaving safepoint region
[2022-06-13T03:21:46.758+0000][1][safepoint    ] Total time for which application threads were stopped: 0.0002799 seconds, Stopping threads took: 0.0001284 seconds
[2022-06-13T03:21:46.758+0000][1][safepoint    ] Application time: 0.0000513 seconds
[2022-06-13T03:21:46.758+0000][1][safepoint    ] Entering safepoint region: BulkRevokeBias
[2022-06-13T03:21:46.759+0000][1][safepoint    ] Leaving safepoint region
[2022-06-13T03:21:46.759+0000][1][safepoint    ] Total time for which application threads were stopped: 0.0003261 seconds, Stopping threads took: 0.0001414 seconds
[2022-06-13T03:21:46.759+0000][1][safepoint    ] Application time: 0.0000477 seconds
[2022-06-13T03:21:46.759+0000][1][safepoint    ] Entering safepoint region: RevokeBias
[2022-06-13T03:21:46.759+0000][1][safepoint    ] Leaving safepoint region
[2022-06-13T03:21:46.759+0000][1][safepoint    ] Total time for which application threads were stopped: 0.0003000 seconds, Stopping threads took: 0.0001414 seconds
[2022-06-13T03:21:46.759+0000][1][safepoint    ] Application time: 0.0000505 seconds
[2022-06-13T03:21:46.760+0000][1][safepoint    ] Entering safepoint region: BulkRevokeBias
[2022-06-13T03:21:46.760+0000][1][safepoint    ] Leaving safepoint region
[2022-06-13T03:21:46.760+0000][1][safepoint    ] Total time for which application threads were stopped: 0.0003696 seconds, Stopping threads took: 0.0001484 seconds
[2022-06-13T03:21:46.889+0000][1][safepoint    ] Application time: 0.1290793 seconds
[2022-06-13T03:21:46.889+0000][1][safepoint    ] Entering safepoint region: GenCollectForAllocation
[2022-06-13T03:21:46.890+0000][1][gc,start     ] GC(2) Pause Young (Allocation Failure)
[2022-06-13T03:21:46.890+0000][1][gc,task      ] GC(2) Using 5 workers of 13 for evacuation
[2022-06-13T03:21:46.899+0000][1][gc,age       ] GC(2) Desired survivor size 4456448 bytes, new threshold 6 (max threshold 6)
[2022-06-13T03:21:46.899+0000][1][gc,age       ] GC(2) Age table with threshold 6 (max threshold 6)
[2022-06-13T03:21:46.900+0000][1][gc,age       ] GC(2) - age   1:    2565888 bytes,    2565888 total
[2022-06-13T03:21:46.900+0000][1][gc,age       ] GC(2) - age   2:    1206736 bytes,    3772624 total
[2022-06-13T03:21:46.900+0000][1][gc,heap      ] GC(2) ParNew: 75395K->4446K(78656K)
[2022-06-13T03:21:46.900+0000][1][gc,heap      ] GC(2) CMS: 6641K->6641K(174784K)
[2022-06-13T03:21:46.900+0000][1][gc,metaspace ] GC(2) Metaspace: 14919K->14919K(1062912K)
[2022-06-13T03:21:46.900+0000][1][gc           ] GC(2) Pause Young (Allocation Failure) 80M->10M(247M) 10.260ms
[2022-06-13T03:21:46.900+0000][1][gc,cpu       ] GC(2) User=0.02s Sys=0.00s Real=0.01s
[2022-06-13T03:21:46.900+0000][1][safepoint    ] Leaving safepoint region
[2022-06-13T03:21:46.901+0000][1][safepoint    ] Total time for which application threads were stopped: 0.0114333 seconds, Stopping threads took: 0.0003215 seconds
[2022-06-13T03:21:46.901+0000][1][safepoint    ] Application time: 0.0003250 seconds
[2022-06-13T03:21:46.902+0000][1][safepoint    ] Entering safepoint region: RevokeBias
[2022-06-13T03:21:46.902+0000][1][safepoint    ] Leaving safepoint region
[2022-06-13T03:21:46.902+0000][1][safepoint    ] Total time for which application threads were stopped: 0.0005205 seconds, Stopping threads took: 0.0001542 seconds
[2022-06-13T03:21:46.904+0000][1][safepoint    ] Application time: 0.0012742 seconds
[2022-06-13T03:21:46.905+0000][1][safepoint    ] Entering safepoint region: RevokeBias
[2022-06-13T03:21:46.905+0000][1][safepoint    ] Leaving safepoint region
[2022-06-13T03:21:46.905+0000][1][safepoint    ] Total time for which application threads were stopped: 0.0005816 seconds, Stopping threads took: 0.0003231 seconds
[2022-06-13T03:21:46.905+0000][1][safepoint    ] Application time: 0.0001180 seconds
[2022-06-13T03:21:46.905+0000][1][safepoint    ] Entering safepoint region: RevokeBias
[2022-06-13T03:21:46.906+0000][1][safepoint    ] Leaving safepoint region
[2022-06-13T03:21:46.906+0000][1][safepoint    ] Total time for which application threads were stopped: 0.0002966 seconds, Stopping threads took: 0.0001217 seconds
[2022-06-13T03:21:46.906+0000][1][safepoint    ] Application time: 0.0000783 seconds
[2022-06-13T03:21:46.906+0000][1][safepoint    ] Entering safepoint region: RevokeBias
[2022-06-13T03:21:46.906+0000][1][safepoint    ] Leaving safepoint region
[2022-06-13T03:21:46.906+0000][1][safepoint    ] Total time for which application threads were stopped: 0.0003094 seconds, Stopping threads took: 0.0001205 seconds
[2022-06-13T03:21:46.907+0000][1][safepoint    ] Application time: 0.0000981 seconds
[2022-06-13T03:21:46.907+0000][1][safepoint    ] Entering safepoint region: RevokeBias
[2022-06-13T03:21:46.907+0000][1][safepoint    ] Leaving safepoint region
[2022-06-13T03:21:46.907+0000][1][safepoint    ] Total time for which application threads were stopped: 0.0003174 seconds, Stopping threads took: 0.0000981 seconds
[2022-06-13T03:21:46.907+0000][1][safepoint    ] Application time: 0.0000757 seconds
[2022-06-13T03:21:46.908+0000][1][safepoint    ] Entering safepoint region: RevokeBias
[2022-06-13T03:21:46.908+0000][1][safepoint    ] Leaving safepoint region
[2022-06-13T03:21:46.908+0000][1][safepoint    ] Total time for which application threads were stopped: 0.0003168 seconds, Stopping threads took: 0.0001225 seconds
[2022-06-13T03:21:47.043+0000][1][safepoint    ] Application time: 0.1352586 seconds
[2022-06-13T03:21:47.044+0000][1][safepoint    ] Entering safepoint region: Deoptimize
[2022-06-13T03:21:47.044+0000][1][safepoint    ] Leaving safepoint region
[2022-06-13T03:21:47.045+0000][1][safepoint    ] Total time for which application threads were stopped: 0.0008702 seconds, Stopping threads took: 0.0001764 seconds
[2022-06-13T03:21:47.046+0000][1][safepoint    ] Application time: 0.0007546 seconds
[2022-06-13T03:21:47.046+0000][1][safepoint    ] Entering safepoint region: Deoptimize
[2022-06-13T03:21:47.046+0000][1][safepoint    ] Leaving safepoint region
[2022-06-13T03:21:47.047+0000][1][safepoint    ] Total time for which application threads were stopped: 0.0007551 seconds, Stopping threads took: 0.0001618 seconds
[2022-06-13T03:21:47.226+0000][1][safepoint    ] Application time: 0.1793851 seconds
[2022-06-13T03:21:47.227+0000][1][safepoint    ] Entering safepoint region: GenCollectForAllocation
[2022-06-13T03:21:47.227+0000][1][gc,start     ] GC(3) Pause Young (Allocation Failure)
[2022-06-13T03:21:47.227+0000][1][gc,task      ] GC(3) Using 5 workers of 13 for evacuation
[2022-06-13T03:21:47.230+0000][1][gc,age       ] GC(3) Desired survivor size 4456448 bytes, new threshold 3 (max threshold 6)
[2022-06-13T03:21:47.231+0000][1][gc,age       ] GC(3) Age table with threshold 3 (max threshold 6)
[2022-06-13T03:21:47.231+0000][1][gc,age       ] GC(3) - age   1:    3251616 bytes,    3251616 total
[2022-06-13T03:21:47.231+0000][1][gc,age       ] GC(3) - age   2:     294248 bytes,    3545864 total
[2022-06-13T03:21:47.231+0000][1][gc,age       ] GC(3) - age   3:    1203448 bytes,    4749312 total
[2022-06-13T03:21:47.231+0000][1][gc,heap      ] GC(3) ParNew: 74398K->5341K(78656K)
[2022-06-13T03:21:47.232+0000][1][gc,heap      ] GC(3) CMS: 6641K->6641K(174784K)
[2022-06-13T03:21:47.232+0000][1][gc,metaspace ] GC(3) Metaspace: 18251K->18251K(1067008K)
[2022-06-13T03:21:47.232+0000][1][gc           ] GC(3) Pause Young (Allocation Failure) 79M->11M(247M) 4.926ms
[2022-06-13T03:21:47.232+0000][1][gc,cpu       ] GC(3) User=0.03s Sys=0.00s Real=0.01s
[2022-06-13T03:21:47.232+0000][1][safepoint    ] Leaving safepoint region
[2022-06-13T03:21:47.232+0000][1][safepoint    ] Total time for which application threads were stopped: 0.0056575 seconds, Stopping threads took: 0.0001913 seconds
[2022-06-13T03:21:47.233+0000][1][safepoint    ] Application time: 0.0002989 seconds
[2022-06-13T03:21:47.233+0000][1][safepoint    ] Entering safepoint region: RevokeBias
[2022-06-13T03:21:47.233+0000][1][safepoint    ] Leaving safepoint region
[2022-06-13T03:21:47.233+0000][1][safepoint    ] Total time for which application threads were stopped: 0.0005947 seconds, Stopping threads took: 0.0003293 seconds
[2022-06-13T03:21:47.234+0000][1][safepoint    ] Application time: 0.0000852 seconds
[2022-06-13T03:21:47.235+0000][1][safepoint    ] Entering safepoint region: RevokeBias
[2022-06-13T03:21:47.236+0000][1][safepoint    ] Leaving safepoint region
[2022-06-13T03:21:47.237+0000][1][safepoint    ] Total time for which application threads were stopped: 0.0022416 seconds, Stopping threads took: 0.0017793 seconds
[2022-06-13T03:21:47.237+0000][1][safepoint    ] Application time: 0.0000984 seconds
[2022-06-13T03:21:47.237+0000][1][safepoint    ] Entering safepoint region: RevokeBias
[2022-06-13T03:21:47.238+0000][1][safepoint    ] Leaving safepoint region
[2022-06-13T03:21:47.238+0000][1][safepoint    ] Total time for which application threads were stopped: 0.0004190 seconds, Stopping threads took: 0.0001786 seconds
[2022-06-13T03:21:47.238+0000][1][safepoint    ] Application time: 0.0000740 seconds
[2022-06-13T03:21:47.238+0000][1][safepoint    ] Entering safepoint region: RevokeBias
[2022-06-13T03:21:47.239+0000][1][safepoint    ] Leaving safepoint region
[2022-06-13T03:21:47.239+0000][1][safepoint    ] Total time for which application threads were stopped: 0.0010542 seconds, Stopping threads took: 0.0007592 seconds
[2022-06-13T03:21:47.239+0000][1][safepoint    ] Application time: 0.0000498 seconds
[2022-06-13T03:21:47.240+0000][1][safepoint    ] Entering safepoint region: RevokeBias
[2022-06-13T03:21:47.240+0000][1][safepoint    ] Leaving safepoint region
[2022-06-13T03:21:47.240+0000][1][safepoint    ] Total time for which application threads were stopped: 0.0004027 seconds, Stopping threads took: 0.0001838 seconds
[2022-06-13T03:21:47.240+0000][1][safepoint    ] Application time: 0.0000915 seconds
[2022-06-13T03:21:47.241+0000][1][safepoint    ] Entering safepoint region: RevokeBias
[2022-06-13T03:21:47.241+0000][1][safepoint    ] Leaving safepoint region
[2022-06-13T03:21:47.241+0000][1][safepoint    ] Total time for which application threads were stopped: 0.0004132 seconds, Stopping threads took: 0.0001757 seconds
[2022-06-13T03:21:47.242+0000][1][safepoint    ] Application time: 0.0000859 seconds
[2022-06-13T03:21:47.242+0000][1][safepoint    ] Entering safepoint region: RevokeBias
[2022-06-13T03:21:47.242+0000][1][safepoint    ] Leaving safepoint region
[2022-06-13T03:21:47.242+0000][1][safepoint    ] Total time for which application threads were stopped: 0.0003622 seconds, Stopping threads took: 0.0001637 seconds
[2022-06-13T03:21:47.242+0000][1][safepoint    ] Application time: 0.0000459 seconds
[2022-06-13T03:21:47.243+0000][1][safepoint    ] Entering safepoint region: RevokeBias
[2022-06-13T03:21:47.243+0000][1][safepoint    ] Leaving safepoint region
[2022-06-13T03:21:47.243+0000][1][safepoint    ] Total time for which application threads were stopped: 0.0006234 seconds, Stopping threads took: 0.0004278 seconds
[2022-06-13T03:21:47.243+0000][1][safepoint    ] Application time: 0.0000510 seconds
[2022-06-13T03:21:47.243+0000][1][safepoint    ] Entering safepoint region: RevokeBias
[2022-06-13T03:21:47.244+0000][1][safepoint    ] Leaving safepoint region
[2022-06-13T03:21:47.244+0000][1][safepoint    ] Total time for which application threads were stopped: 0.0003490 seconds, Stopping threads took: 0.0001681 seconds
[2022-06-13T03:21:47.244+0000][1][safepoint    ] Application time: 0.0000443 seconds
[2022-06-13T03:21:47.244+0000][1][safepoint    ] Entering safepoint region: RevokeBias
[2022-06-13T03:21:47.244+0000][1][safepoint    ] Leaving safepoint region
[2022-06-13T03:21:47.244+0000][1][safepoint    ] Total time for which application threads were stopped: 0.0002990 seconds, Stopping threads took: 0.0001281 seconds
[2022-06-13T03:21:47.245+0000][1][safepoint    ] Application time: 0.0000401 seconds
[2022-06-13T03:21:47.245+0000][1][safepoint    ] Entering safepoint region: RevokeBias
[2022-06-13T03:21:47.245+0000][1][safepoint    ] Leaving safepoint region
[2022-06-13T03:21:47.245+0000][1][safepoint    ] Total time for which application threads were stopped: 0.0005480 seconds, Stopping threads took: 0.0003488 seconds
[2022-06-13T03:21:47.245+0000][1][safepoint    ] Application time: 0.0000289 seconds
[2022-06-13T03:21:47.246+0000][1][safepoint    ] Entering safepoint region: RevokeBias
[2022-06-13T03:21:47.246+0000][1][safepoint    ] Leaving safepoint region
[2022-06-13T03:21:47.246+0000][1][safepoint    ] Total time for which application threads were stopped: 0.0003665 seconds, Stopping threads took: 0.0001505 seconds
[2022-06-13T03:21:47.247+0000][1][safepoint    ] Application time: 0.0000417 seconds
[2022-06-13T03:21:47.247+0000][1][safepoint    ] Entering safepoint region: RevokeBias
[2022-06-13T03:21:47.247+0000][1][safepoint    ] Leaving safepoint region
[2022-06-13T03:21:47.247+0000][1][safepoint    ] Total time for which application threads were stopped: 0.0002907 seconds, Stopping threads took: 0.0001325 seconds
[2022-06-13T03:21:47.247+0000][1][safepoint    ] Application time: 0.0000438 seconds
[2022-06-13T03:21:47.247+0000][1][safepoint    ] Entering safepoint region: RevokeBias
[2022-06-13T03:21:47.248+0000][1][safepoint    ] Leaving safepoint region
[2022-06-13T03:21:47.248+0000][1][safepoint    ] Total time for which application threads were stopped: 0.0002709 seconds, Stopping threads took: 0.0001089 seconds
[2022-06-13T03:21:47.248+0000][1][safepoint    ] Application time: 0.0000265 seconds
[2022-06-13T03:21:47.248+0000][1][safepoint    ] Entering safepoint region: RevokeBias
[2022-06-13T03:21:47.248+0000][1][safepoint    ] Leaving safepoint region
[2022-06-13T03:21:47.248+0000][1][safepoint    ] Total time for which application threads were stopped: 0.0002270 seconds, Stopping threads took: 0.0000988 seconds
[2022-06-13T03:21:47.248+0000][1][safepoint    ] Application time: 0.0000418 seconds
[2022-06-13T03:21:47.248+0000][1][safepoint    ] Entering safepoint region: RevokeBias
[2022-06-13T03:21:47.249+0000][1][safepoint    ] Leaving safepoint region
[2022-06-13T03:21:47.249+0000][1][safepoint    ] Total time for which application threads were stopped: 0.0003231 seconds, Stopping threads took: 0.0001532 seconds
[2022-06-13T03:21:47.249+0000][1][safepoint    ] Application time: 0.0000418 seconds
[2022-06-13T03:21:47.249+0000][1][safepoint    ] Entering safepoint region: RevokeBias
[2022-06-13T03:21:47.249+0000][1][safepoint    ] Leaving safepoint region
[2022-06-13T03:21:47.249+0000][1][safepoint    ] Total time for which application threads were stopped: 0.0004363 seconds, Stopping threads took: 0.0002751 seconds
[2022-06-13T03:21:47.250+0000][1][safepoint    ] Application time: 0.0000491 seconds
[2022-06-13T03:21:47.250+0000][1][safepoint    ] Entering safepoint region: RevokeBias
[2022-06-13T03:21:47.250+0000][1][safepoint    ] Leaving safepoint region
[2022-06-13T03:21:47.250+0000][1][safepoint    ] Total time for which application threads were stopped: 0.0004203 seconds, Stopping threads took: 0.0002392 seconds
[2022-06-13T03:21:47.250+0000][1][safepoint    ] Application time: 0.0000463 seconds
[2022-06-13T03:21:47.250+0000][1][safepoint    ] Entering safepoint region: RevokeBias
[2022-06-13T03:21:47.251+0000][1][safepoint    ] Leaving safepoint region
[2022-06-13T03:21:47.251+0000][1][safepoint    ] Total time for which application threads were stopped: 0.0003768 seconds, Stopping threads took: 0.0001937 seconds
[2022-06-13T03:21:47.251+0000][1][safepoint    ] Application time: 0.0000414 seconds
[2022-06-13T03:21:47.251+0000][1][safepoint    ] Entering safepoint region: RevokeBias
[2022-06-13T03:21:47.252+0000][1][safepoint    ] Leaving safepoint region
[2022-06-13T03:21:47.252+0000][1][safepoint    ] Total time for which application threads were stopped: 0.0004271 seconds, Stopping threads took: 0.0001844 seconds
[2022-06-13T03:21:47.252+0000][1][safepoint    ] Application time: 0.0000479 seconds
[2022-06-13T03:21:47.252+0000][1][safepoint    ] Entering safepoint region: RevokeBias
[2022-06-13T03:21:47.252+0000][1][safepoint    ] Leaving safepoint region
[2022-06-13T03:21:47.252+0000][1][safepoint    ] Total time for which application threads were stopped: 0.0003567 seconds, Stopping threads took: 0.0001416 seconds
[2022-06-13T03:21:47.348+0000][1][safepoint    ] Application time: 0.0958643 seconds
[2022-06-13T03:21:47.349+0000][1][safepoint    ] Entering safepoint region: GenCollectForAllocation
[2022-06-13T03:21:47.349+0000][1][gc,start     ] GC(4) Pause Young (Allocation Failure)
[2022-06-13T03:21:47.350+0000][1][gc,task      ] GC(4) Using 5 workers of 13 for evacuation
[2022-06-13T03:21:47.360+0000][1][gc,age       ] GC(4) Desired survivor size 4456448 bytes, new threshold 2 (max threshold 6)
[2022-06-13T03:21:47.360+0000][1][gc,age       ] GC(4) Age table with threshold 2 (max threshold 6)
[2022-06-13T03:21:47.360+0000][1][gc,age       ] GC(4) - age   1:    1374312 bytes,    1374312 total
[2022-06-13T03:21:47.360+0000][1][gc,age       ] GC(4) - age   2:    3214600 bytes,    4588912 total
[2022-06-13T03:21:47.360+0000][1][gc,age       ] GC(4) - age   3:     293720 bytes,    4882632 total
[2022-06-13T03:21:47.360+0000][1][gc,heap      ] GC(4) ParNew: 75293K->6097K(78656K)
[2022-06-13T03:21:47.361+0000][1][gc,heap      ] GC(4) CMS: 6641K->7834K(174784K)
[2022-06-13T03:21:47.361+0000][1][gc,metaspace ] GC(4) Metaspace: 18607K->18607K(1067008K)
[2022-06-13T03:21:47.361+0000][1][gc           ] GC(4) Pause Young (Allocation Failure) 80M->13M(247M) 11.713ms
[2022-06-13T03:21:47.361+0000][1][gc,cpu       ] GC(4) User=0.03s Sys=0.00s Real=0.01s
[2022-06-13T03:21:47.361+0000][1][safepoint    ] Leaving safepoint region
[2022-06-13T03:21:47.361+0000][1][safepoint    ] Total time for which application threads were stopped: 0.0124309 seconds, Stopping threads took: 0.0001893 seconds
[2022-06-13T03:21:47.362+0000][1][safepoint    ] Application time: 0.0002040 seconds
[2022-06-13T03:21:47.362+0000][1][safepoint    ] Entering safepoint region: RevokeBias
[2022-06-13T03:21:47.362+0000][1][safepoint    ] Leaving safepoint region
[2022-06-13T03:21:47.362+0000][1][safepoint    ] Total time for which application threads were stopped: 0.0003642 seconds, Stopping threads took: 0.0001731 seconds
[2022-06-13T03:21:47.362+0000][1][safepoint    ] Application time: 0.0000872 seconds
[2022-06-13T03:21:47.362+0000][1][safepoint    ] Entering safepoint region: RevokeBias
[2022-06-13T03:21:47.363+0000][1][safepoint    ] Leaving safepoint region
[2022-06-13T03:21:47.363+0000][1][safepoint    ] Total time for which application threads were stopped: 0.0002687 seconds, Stopping threads took: 0.0001426 seconds
[2022-06-13T03:21:47.363+0000][1][safepoint    ] Application time: 0.0000871 seconds
[2022-06-13T03:21:47.363+0000][1][safepoint    ] Entering safepoint region: RevokeBias
[2022-06-13T03:21:47.363+0000][1][safepoint    ] Leaving safepoint region
[2022-06-13T03:21:47.363+0000][1][safepoint    ] Total time for which application threads were stopped: 0.0003163 seconds, Stopping threads took: 0.0001152 seconds
[2022-06-13T03:21:47.363+0000][1][safepoint    ] Application time: 0.0000697 seconds
[2022-06-13T03:21:47.364+0000][1][safepoint    ] Entering safepoint region: RevokeBias
[2022-06-13T03:21:47.364+0000][1][safepoint    ] Leaving safepoint region
[2022-06-13T03:21:47.364+0000][1][safepoint    ] Total time for which application threads were stopped: 0.0002812 seconds, Stopping threads took: 0.0001398 seconds
[2022-06-13T03:21:47.380+0000][1][safepoint    ] Application time: 0.0157926 seconds
[2022-06-13T03:21:47.380+0000][1][safepoint    ] Entering safepoint region: Deoptimize
[2022-06-13T03:21:47.380+0000][1][safepoint    ] Leaving safepoint region
[2022-06-13T03:21:47.380+0000][1][safepoint    ] Total time for which application threads were stopped: 0.0005789 seconds, Stopping threads took: 0.0001475 seconds
[2022-06-13T03:21:47.413+0000][1][safepoint    ] Application time: 0.0324302 seconds
[2022-06-13T03:21:47.413+0000][1][safepoint    ] Entering safepoint region: Deoptimize
[2022-06-13T03:21:47.414+0000][1][safepoint    ] Leaving safepoint region
[2022-06-13T03:21:47.414+0000][1][safepoint    ] Total time for which application threads were stopped: 0.0007925 seconds, Stopping threads took: 0.0002654 seconds
[2022-06-13T03:21:47.483+0000][1][safepoint    ] Application time: 0.0682865 seconds
[2022-06-13T03:21:47.483+0000][1][safepoint    ] Entering safepoint region: GenCollectForAllocation
[2022-06-13T03:21:47.483+0000][1][gc,start     ] GC(5) Pause Young (Allocation Failure)
[2022-06-13T03:21:47.483+0000][1][gc,task      ] GC(5) Using 5 workers of 13 for evacuation
[2022-06-13T03:21:47.487+0000][1][gc,age       ] GC(5) Desired survivor size 4456448 bytes, new threshold 6 (max threshold 6)
[2022-06-13T03:21:47.487+0000][1][gc,age       ] GC(5) Age table with threshold 6 (max threshold 6)
[2022-06-13T03:21:47.487+0000][1][gc,age       ] GC(5) - age   1:    2222576 bytes,    2222576 total
[2022-06-13T03:21:47.488+0000][1][gc,age       ] GC(5) - age   2:     560976 bytes,    2783552 total
[2022-06-13T03:21:47.488+0000][1][gc,heap      ] GC(5) ParNew: 76049K->5277K(78656K)
[2022-06-13T03:21:47.488+0000][1][gc,heap      ] GC(5) CMS: 7834K->11285K(174784K)
[2022-06-13T03:21:47.488+0000][1][gc,metaspace ] GC(5) Metaspace: 18972K->18972K(1067008K)
[2022-06-13T03:21:47.488+0000][1][gc           ] GC(5) Pause Young (Allocation Failure) 81M->16M(247M) 4.927ms
[2022-06-13T03:21:47.488+0000][1][gc,cpu       ] GC(5) User=0.03s Sys=0.00s Real=0.00s
[2022-06-13T03:21:47.488+0000][1][safepoint    ] Leaving safepoint region
[2022-06-13T03:21:47.488+0000][1][safepoint    ] Total time for which application threads were stopped: 0.0055175 seconds, Stopping threads took: 0.0001960 seconds
[2022-06-13T03:21:47.489+0000][1][safepoint    ] Application time: 0.0002105 seconds
[2022-06-13T03:21:47.489+0000][1][safepoint    ] Entering safepoint region: RevokeBias
[2022-06-13T03:21:47.489+0000][1][safepoint    ] Leaving safepoint region
[2022-06-13T03:21:47.489+0000][1][safepoint    ] Total time for which application threads were stopped: 0.0003639 seconds, Stopping threads took: 0.0001718 seconds
[2022-06-13T03:21:47.489+0000][1][safepoint    ] Application time: 0.0000810 seconds
[2022-06-13T03:21:47.490+0000][1][safepoint    ] Entering safepoint region: RevokeBias
[2022-06-13T03:21:47.490+0000][1][safepoint    ] Leaving safepoint region
[2022-06-13T03:21:47.490+0000][1][safepoint    ] Total time for which application threads were stopped: 0.0003285 seconds, Stopping threads took: 0.0001487 seconds
[2022-06-13T03:21:47.490+0000][1][safepoint    ] Application time: 0.0000980 seconds
[2022-06-13T03:21:47.490+0000][1][safepoint    ] Entering safepoint region: RevokeBias
[2022-06-13T03:21:47.490+0000][1][safepoint    ] Leaving safepoint region
[2022-06-13T03:21:47.490+0000][1][safepoint    ] Total time for which application threads were stopped: 0.0002636 seconds, Stopping threads took: 0.0001120 seconds
[2022-06-13T03:21:47.491+0000][1][safepoint    ] Application time: 0.0000804 seconds
[2022-06-13T03:21:47.491+0000][1][safepoint    ] Entering safepoint region: RevokeBias
[2022-06-13T03:21:47.491+0000][1][safepoint    ] Leaving safepoint region
[2022-06-13T03:21:47.491+0000][1][safepoint    ] Total time for which application threads were stopped: 0.0003212 seconds, Stopping threads took: 0.0001562 seconds
[2022-06-13T03:21:47.491+0000][1][safepoint    ] Application time: 0.0000885 seconds
[2022-06-13T03:21:47.491+0000][1][safepoint    ] Entering safepoint region: RevokeBias
[2022-06-13T03:21:47.492+0000][1][safepoint    ] Leaving safepoint region
[2022-06-13T03:21:47.492+0000][1][safepoint    ] Total time for which application threads were stopped: 0.0002747 seconds, Stopping threads took: 0.0001365 seconds
[2022-06-13T03:21:47.492+0000][1][safepoint    ] Application time: 0.0000736 seconds
[2022-06-13T03:21:47.492+0000][1][safepoint    ] Entering safepoint region: RevokeBias
[2022-06-13T03:21:47.492+0000][1][safepoint    ] Leaving safepoint region
[2022-06-13T03:21:47.492+0000][1][safepoint    ] Total time for which application threads were stopped: 0.0002920 seconds, Stopping threads took: 0.0001443 seconds
[2022-06-13T03:21:47.582+0000][1][safepoint    ] Application time: 0.0892520 seconds
[2022-06-13T03:21:47.582+0000][1][safepoint    ] Entering safepoint region: GenCollectForAllocation
[2022-06-13T03:21:47.582+0000][1][gc,start     ] GC(6) Pause Young (Allocation Failure)
[2022-06-13T03:21:47.582+0000][1][gc,task      ] GC(6) Using 5 workers of 13 for evacuation
[2022-06-13T03:21:47.584+0000][1][gc,age       ] GC(6) Desired survivor size 4456448 bytes, new threshold 6 (max threshold 6)
[2022-06-13T03:21:47.584+0000][1][gc,age       ] GC(6) Age table with threshold 6 (max threshold 6)
[2022-06-13T03:21:47.584+0000][1][gc,age       ] GC(6) - age   1:    1524464 bytes,    1524464 total
[2022-06-13T03:21:47.584+0000][1][gc,age       ] GC(6) - age   2:    2197496 bytes,    3721960 total
[2022-06-13T03:21:47.584+0000][1][gc,age       ] GC(6) - age   3:     560976 bytes,    4282936 total
[2022-06-13T03:21:47.584+0000][1][gc,heap      ] GC(6) ParNew: 75229K->5598K(78656K)
[2022-06-13T03:21:47.584+0000][1][gc,heap      ] GC(6) CMS: 11285K->11285K(174784K)
[2022-06-13T03:21:47.584+0000][1][gc,metaspace ] GC(6) Metaspace: 19278K->19278K(1067008K)
[2022-06-13T03:21:47.585+0000][1][gc           ] GC(6) Pause Young (Allocation Failure) 84M->16M(247M) 2.422ms
[2022-06-13T03:21:47.585+0000][1][gc,cpu       ] GC(6) User=0.01s Sys=0.00s Real=0.00s
[2022-06-13T03:21:47.585+0000][1][safepoint    ] Leaving safepoint region
[2022-06-13T03:21:47.585+0000][1][safepoint    ] Total time for which application threads were stopped: 0.0029443 seconds, Stopping threads took: 0.0001529 seconds
[2022-06-13T03:21:47.585+0000][1][safepoint    ] Application time: 0.0002058 seconds
[2022-06-13T03:21:47.585+0000][1][safepoint    ] Entering safepoint region: RevokeBias
[2022-06-13T03:21:47.585+0000][1][safepoint    ] Leaving safepoint region
[2022-06-13T03:21:47.586+0000][1][safepoint    ] Total time for which application threads were stopped: 0.0003048 seconds, Stopping threads took: 0.0001361 seconds
[2022-06-13T03:21:47.586+0000][1][safepoint    ] Application time: 0.0000798 seconds
[2022-06-13T03:21:47.586+0000][1][safepoint    ] Entering safepoint region: BulkRevokeBias
[2022-06-13T03:21:47.586+0000][1][safepoint    ] Leaving safepoint region
[2022-06-13T03:21:47.586+0000][1][safepoint    ] Total time for which application threads were stopped: 0.0003716 seconds, Stopping threads took: 0.0001787 seconds
[2022-06-13T03:21:47.586+0000][1][safepoint    ] Application time: 0.0000939 seconds
[2022-06-13T03:21:47.587+0000][1][safepoint    ] Entering safepoint region: BulkRevokeBias
[2022-06-13T03:21:47.587+0000][1][safepoint    ] Leaving safepoint region
[2022-06-13T03:21:47.587+0000][1][safepoint    ] Total time for which application threads were stopped: 0.0003121 seconds, Stopping threads took: 0.0001541 seconds
[2022-06-13T03:21:47.691+0000][1][safepoint    ] Application time: 0.1039924 seconds
[2022-06-13T03:21:47.691+0000][1][safepoint    ] Entering safepoint region: GenCollectForAllocation
[2022-06-13T03:21:47.692+0000][1][gc,start     ] GC(7) Pause Young (Allocation Failure)
[2022-06-13T03:21:47.692+0000][1][gc,task      ] GC(7) Using 5 workers of 13 for evacuation
[2022-06-13T03:21:47.695+0000][1][gc,age       ] GC(7) Desired survivor size 4456448 bytes, new threshold 6 (max threshold 6)
[2022-06-13T03:21:47.695+0000][1][gc,age       ] GC(7) Age table with threshold 6 (max threshold 6)
[2022-06-13T03:21:47.695+0000][1][gc,age       ] GC(7) - age   1:     514024 bytes,     514024 total
[2022-06-13T03:21:47.695+0000][1][gc,age       ] GC(7) - age   2:    1129760 bytes,    1643784 total
[2022-06-13T03:21:47.695+0000][1][gc,age       ] GC(7) - age   3:    2195488 bytes,    3839272 total
[2022-06-13T03:21:47.695+0000][1][gc,age       ] GC(7) - age   4:     560976 bytes,    4400248 total
[2022-06-13T03:21:47.695+0000][1][gc,heap      ] GC(7) ParNew: 75550K->5550K(78656K)
[2022-06-13T03:21:47.696+0000][1][gc,heap      ] GC(7) CMS: 11285K->11285K(174784K)
[2022-06-13T03:21:47.696+0000][1][gc,metaspace ] GC(7) Metaspace: 19642K->19642K(1067008K)
[2022-06-13T03:21:47.696+0000][1][gc           ] GC(7) Pause Young (Allocation Failure) 84M->16M(247M) 3.644ms
[2022-06-13T03:21:47.696+0000][1][gc,cpu       ] GC(7) User=0.01s Sys=0.00s Real=0.00s
[2022-06-13T03:21:47.696+0000][1][safepoint    ] Leaving safepoint region
[2022-06-13T03:21:47.696+0000][1][safepoint    ] Total time for which application threads were stopped: 0.0046926 seconds, Stopping threads took: 0.0005540 seconds
[2022-06-13T03:21:47.730+0000][1][safepoint    ] Application time: 0.0336973 seconds
[2022-06-13T03:21:47.730+0000][1][safepoint    ] Entering safepoint region: CollectForMetadataAllocation
[2022-06-13T03:21:47.731+0000][1][safepoint    ] Leaving safepoint region
[2022-06-13T03:21:47.731+0000][1][safepoint    ] Total time for which application threads were stopped: 0.0005274 seconds, Stopping threads took: 0.0002026 seconds
[2022-06-13T03:21:47.754+0000][1][safepoint    ] Application time: 0.0227485 seconds
[2022-06-13T03:21:47.754+0000][1][safepoint    ] Entering safepoint region: CollectForMetadataAllocation
[2022-06-13T03:21:47.755+0000][1][safepoint    ] Leaving safepoint region
[2022-06-13T03:21:47.755+0000][1][safepoint    ] Total time for which application threads were stopped: 0.0005198 seconds, Stopping threads took: 0.0001855 seconds
[2022-06-13T03:21:47.827+0000][1][safepoint    ] Application time: 0.0715829 seconds
[2022-06-13T03:21:47.846+0000][1][safepoint    ] Entering safepoint region: GenCollectForAllocation
[2022-06-13T03:21:47.846+0000][1][gc,start     ] GC(8) Pause Young (Allocation Failure)
[2022-06-13T03:21:47.846+0000][1][gc,task      ] GC(8) Using 5 workers of 13 for evacuation
[2022-06-13T03:21:47.851+0000][1][gc,age       ] GC(8) Desired survivor size 4456448 bytes, new threshold 5 (max threshold 6)
[2022-06-13T03:21:47.852+0000][1][gc,age       ] GC(8) Age table with threshold 5 (max threshold 6)
[2022-06-13T03:21:47.854+0000][1][gc,age       ] GC(8) - age   1:     493184 bytes,     493184 total
[2022-06-13T03:21:47.854+0000][1][gc,age       ] GC(8) - age   2:     491664 bytes,     984848 total
[2022-06-13T03:21:47.854+0000][1][gc,age       ] GC(8) - age   3:    1129664 bytes,    2114512 total
[2022-06-13T03:21:47.856+0000][1][gc,age       ] GC(8) - age   4:    2195248 bytes,    4309760 total
[2022-06-13T03:21:47.856+0000][1][gc,age       ] GC(8) - age   5:     560976 bytes,    4870736 total
[2022-06-13T03:21:47.856+0000][1][gc,heap      ] GC(8) ParNew: 75502K->6470K(78656K)
[2022-06-13T03:21:47.856+0000][1][gc,heap      ] GC(8) CMS: 11285K->11285K(174784K)
[2022-06-13T03:21:47.856+0000][1][gc,metaspace ] GC(8) Metaspace: 20327K->20327K(1069056K)
[2022-06-13T03:21:47.856+0000][1][gc           ] GC(8) Pause Young (Allocation Failure) 84M->17M(247M) 10.432ms
[2022-06-13T03:21:47.857+0000][1][gc,cpu       ] GC(8) User=0.01s Sys=0.00s Real=0.01s
[2022-06-13T03:21:47.857+0000][1][safepoint    ] Leaving safepoint region
[2022-06-13T03:21:47.857+0000][1][safepoint    ] Total time for which application threads were stopped: 0.0297226 seconds, Stopping threads took: 0.0187695 seconds
[2022-06-13T03:21:47.866+0000][1][safepoint    ] Application time: 0.0094745 seconds
[2022-06-13T03:21:47.868+0000][1][safepoint    ] Entering safepoint region: CMS_Initial_Mark
[2022-06-13T03:21:47.869+0000][1][gc,start     ] GC(9) Pause Initial Mark
[2022-06-13T03:21:47.872+0000][1][gc           ] GC(9) Pause Initial Mark 18M->18M(247M) 3.524ms
[2022-06-13T03:21:47.873+0000][1][gc,cpu       ] GC(9) User=0.00s Sys=0.00s Real=0.01s
[2022-06-13T03:21:47.875+0000][1][safepoint    ] Leaving safepoint region
[2022-06-13T03:21:47.875+0000][1][safepoint    ] Total time for which application threads were stopped: 0.0077233 seconds, Stopping threads took: 0.0008287 seconds
[2022-06-13T03:21:47.877+0000][1][gc           ] GC(9) Concurrent Mark
[2022-06-13T03:21:47.889+0000][1][gc,task      ] GC(9) Using 4 workers of 4 for marking
[2022-06-13T03:21:47.910+0000][1][gc           ] GC(9) Concurrent Mark 32.440ms
[2022-06-13T03:21:47.910+0000][1][gc,cpu       ] GC(9) User=0.10s Sys=0.00s Real=0.04s
[2022-06-13T03:21:47.910+0000][1][gc           ] GC(9) Concurrent Preclean
[2022-06-13T03:21:47.911+0000][1][gc           ] GC(9) Concurrent Preclean 0.642ms
[2022-06-13T03:21:47.911+0000][1][gc,cpu       ] GC(9) User=0.00s Sys=0.00s Real=0.00s
[2022-06-13T03:21:47.911+0000][1][gc           ] GC(9) Concurrent Abortable Preclean
[2022-06-13T03:21:47.969+0000][1][safepoint    ] Application time: 0.0927805 seconds
[2022-06-13T03:21:47.971+0000][1][safepoint    ] Entering safepoint region: GenCollectForAllocation
[2022-06-13T03:21:47.973+0000][1][gc,start     ] GC(10) Pause Young (Allocation Failure)
[2022-06-13T03:21:47.974+0000][1][gc,task      ] GC(10) Using 5 workers of 13 for evacuation
[2022-06-13T03:21:47.991+0000][1][gc,age       ] GC(10) Desired survivor size 4456448 bytes, new threshold 5 (max threshold 6)
[2022-06-13T03:21:47.992+0000][1][gc,age       ] GC(10) Age table with threshold 5 (max threshold 6)
[2022-06-13T03:21:47.993+0000][1][gc,age       ] GC(10) - age   1:     937544 bytes,     937544 total
[2022-06-13T03:21:47.994+0000][1][gc,age       ] GC(10) - age   2:     481352 bytes,    1418896 total
[2022-06-13T03:21:47.994+0000][1][gc,age       ] GC(10) - age   3:     491544 bytes,    1910440 total
[2022-06-13T03:21:47.995+0000][1][gc,age       ] GC(10) - age   4:    1129664 bytes,    3040104 total
[2022-06-13T03:21:47.995+0000][1][gc,age       ] GC(10) - age   5:    2195008 bytes,    5235112 total
[2022-06-13T03:21:47.995+0000][1][gc,heap      ] GC(10) ParNew: 76422K->6148K(78656K)
[2022-06-13T03:21:47.995+0000][1][gc,heap      ] GC(10) CMS: 11285K->11843K(174784K)
[2022-06-13T03:21:47.996+0000][1][gc,metaspace ] GC(10) Metaspace: 20442K->20442K(1069056K)
[2022-06-13T03:21:47.996+0000][1][gc           ] GC(10) Pause Young (Allocation Failure) 85M->17M(247M) 22.556ms
[2022-06-13T03:21:47.996+0000][1][gc,cpu       ] GC(10) User=0.04s Sys=0.00s Real=0.02s
[2022-06-13T03:21:47.996+0000][1][safepoint    ] Leaving safepoint region
[2022-06-13T03:21:47.996+0000][1][safepoint    ] Total time for which application threads were stopped: 0.0253812 seconds, Stopping threads took: 0.0022945 seconds
[2022-06-13T03:21:48.189+0000][1][safepoint    ] Application time: 0.1928652 seconds
[2022-06-13T03:21:48.199+0000][1][safepoint    ] Entering safepoint region: GenCollectForAllocation
[2022-06-13T03:21:48.213+0000][1][gc,start     ] GC(11) Pause Young (Allocation Failure)
[2022-06-13T03:21:48.215+0000][1][gc,task      ] GC(11) Using 5 workers of 13 for evacuation
[2022-06-13T03:21:48.239+0000][1][gc,age       ] GC(11) Desired survivor size 4456448 bytes, new threshold 6 (max threshold 6)
[2022-06-13T03:21:48.249+0000][1][gc,age       ] GC(11) Age table with threshold 6 (max threshold 6)
[2022-06-13T03:21:48.259+0000][1][gc,age       ] GC(11) - age   1:    1815832 bytes,    1815832 total
[2022-06-13T03:21:48.269+0000][1][gc,age       ] GC(11) - age   2:     126072 bytes,    1941904 total
[2022-06-13T03:21:48.279+0000][1][gc,age       ] GC(11) - age   3:     481352 bytes,    2423256 total
[2022-06-13T03:21:48.289+0000][1][gc,age       ] GC(11) - age   4:     491392 bytes,    2914648 total
[2022-06-13T03:21:48.299+0000][1][gc,age       ] GC(11) - age   5:    1129376 bytes,    4044024 total
[2022-06-13T03:21:48.300+0000][1][gc,heap      ] GC(11) ParNew: 76100K->6349K(78656K)
[2022-06-13T03:21:48.300+0000][1][gc,heap      ] GC(11) CMS: 11843K->14001K(174784K)
[2022-06-13T03:21:48.300+0000][1][gc,metaspace ] GC(11) Metaspace: 20520K->20520K(1069056K)
[2022-06-13T03:21:48.300+0000][1][gc           ] GC(11) Pause Young (Allocation Failure) 85M->19M(247M) 86.807ms
[2022-06-13T03:21:48.300+0000][1][gc,cpu       ] GC(11) User=0.10s Sys=0.01s Real=0.09s
[2022-06-13T03:21:48.300+0000][1][safepoint    ] Leaving safepoint region
[2022-06-13T03:21:48.301+0000][1][safepoint    ] Total time for which application threads were stopped: 0.1014689 seconds, Stopping threads took: 0.0140580 seconds
[2022-06-13T03:21:48.281+0000][1][gc           ] GC(9) Concurrent Abortable Preclean 369.762ms
[2022-06-13T03:21:48.306+0000][1][gc,cpu       ] GC(9) User=1.21s Sys=0.02s Real=0.39s
[2022-06-13T03:21:48.307+0000][1][safepoint    ] Application time: 0.0065163 seconds
[2022-06-13T03:21:48.308+0000][1][safepoint    ] Entering safepoint region: CMS_Final_Remark
[2022-06-13T03:21:48.308+0000][1][gc,start     ] GC(9) Pause Remark
[2022-06-13T03:21:48.341+0000][1][gc           ] GC(9) Pause Remark 26M->26M(247M) 32.980ms
[2022-06-13T03:21:48.342+0000][1][gc,cpu       ] GC(9) User=0.04s Sys=0.00s Real=0.04s
[2022-06-13T03:21:48.342+0000][1][safepoint    ] Leaving safepoint region
[2022-06-13T03:21:48.342+0000][1][safepoint    ] Total time for which application threads were stopped: 0.0344912 seconds, Stopping threads took: 0.0002899 seconds
[2022-06-13T03:21:48.349+0000][1][gc           ] GC(9) Concurrent Sweep
[2022-06-13T03:21:48.354+0000][1][gc           ] GC(9) Concurrent Sweep 4.490ms
[2022-06-13T03:21:48.359+0000][1][gc,cpu       ] GC(9) User=0.02s Sys=0.00s Real=0.01s
[2022-06-13T03:21:48.360+0000][1][gc           ] GC(9) Concurrent Reset
[2022-06-13T03:21:48.360+0000][1][gc           ] GC(9) Concurrent Reset 0.557ms
[2022-06-13T03:21:48.360+0000][1][gc,cpu       ] GC(9) User=0.00s Sys=0.00s Real=0.00s
[2022-06-13T03:21:48.360+0000][1][gc,heap      ] GC(9) Old: 11285K->13975K(174784K)
[2022-06-13T03:21:48.413+0000][1][safepoint    ] Application time: 0.0707096 seconds
[2022-06-13T03:21:48.414+0000][1][safepoint    ] Entering safepoint region: Deoptimize
[2022-06-13T03:21:48.417+0000][1][safepoint    ] Leaving safepoint region
[2022-06-13T03:21:48.417+0000][1][safepoint    ] Total time for which application threads were stopped: 0.0037855 seconds, Stopping threads took: 0.0024670 seconds
[2022-06-13T03:21:48.888+0000][1][safepoint    ] Application time: 0.4707428 seconds
[2022-06-13T03:21:48.889+0000][1][safepoint    ] Entering safepoint region: Deoptimize
[2022-06-13T03:21:48.890+0000][1][safepoint    ] Leaving safepoint region
[2022-06-13T03:21:48.890+0000][1][safepoint    ] Total time for which application threads were stopped: 0.0011063 seconds, Stopping threads took: 0.0002108 seconds
[2022-06-13T03:21:48.904+0000][1][safepoint    ] Application time: 0.0137221 seconds
[2022-06-13T03:21:48.904+0000][1][safepoint    ] Entering safepoint region: RevokeBias
[2022-06-13T03:21:48.904+0000][1][safepoint    ] Leaving safepoint region
[2022-06-13T03:21:48.904+0000][1][safepoint    ] Total time for which application threads were stopped: 0.0003361 seconds, Stopping threads took: 0.0001664 seconds
[2022-06-13T03:21:48.919+0000][1][safepoint    ] Application time: 0.0142462 seconds
[2022-06-13T03:21:48.920+0000][1][safepoint    ] Entering safepoint region: Deoptimize
[2022-06-13T03:21:48.921+0000][1][safepoint    ] Leaving safepoint region
[2022-06-13T03:21:48.926+0000][1][safepoint    ] Total time for which application threads were stopped: 0.0057747 seconds, Stopping threads took: 0.0003367 seconds
[2022-06-13T03:21:48.949+0000][1][safepoint    ] Application time: 0.0179343 seconds
[2022-06-13T03:21:48.949+0000][1][safepoint    ] Entering safepoint region: Deoptimize
[2022-06-13T03:21:48.950+0000][1][safepoint    ] Leaving safepoint region
[2022-06-13T03:21:48.950+0000][1][safepoint    ] Total time for which application threads were stopped: 0.0008441 seconds, Stopping threads took: 0.0001906 seconds
[2022-06-13T03:21:49.029+0000][1][safepoint    ] Application time: 0.0786998 seconds
[2022-06-13T03:21:49.029+0000][1][safepoint    ] Entering safepoint region: GenCollectForAllocation
[2022-06-13T03:21:49.031+0000][1][gc,start     ] GC(12) Pause Young (Allocation Failure)
[2022-06-13T03:21:49.031+0000][1][gc,task      ] GC(12) Using 5 workers of 13 for evacuation
[2022-06-13T03:21:49.052+0000][1][gc,age       ] GC(12) Desired survivor size 4456448 bytes, new threshold 5 (max threshold 6)
[2022-06-13T03:21:49.059+0000][1][gc,age       ] GC(12) Age table with threshold 5 (max threshold 6)
[2022-06-13T03:21:49.064+0000][1][gc,age       ] GC(12) - age   1:    3043216 bytes,    3043216 total
[2022-06-13T03:21:49.064+0000][1][gc,age       ] GC(12) - age   2:     344744 bytes,    3387960 total
[2022-06-13T03:21:49.064+0000][1][gc,age       ] GC(12) - age   3:     125808 bytes,    3513768 total
[2022-06-13T03:21:49.065+0000][1][gc,age       ] GC(12) - age   4:     480792 bytes,    3994560 total
[2022-06-13T03:21:49.065+0000][1][gc,age       ] GC(12) - age   5:     486592 bytes,    4481152 total
[2022-06-13T03:21:49.065+0000][1][gc,age       ] GC(12) - age   6:    1129216 bytes,    5610368 total
[2022-06-13T03:21:49.065+0000][1][gc,heap      ] GC(12) ParNew: 76301K->6553K(78656K)
[2022-06-13T03:21:49.065+0000][1][gc,heap      ] GC(12) CMS: 13975K->13975K(174784K)
[2022-06-13T03:21:49.065+0000][1][gc,metaspace ] GC(12) Metaspace: 26279K->26279K(1073152K)
[2022-06-13T03:21:49.065+0000][1][gc           ] GC(12) Pause Young (Allocation Failure) 88M->20M(247M) 34.659ms
[2022-06-13T03:21:49.066+0000][1][gc,cpu       ] GC(12) User=0.02s Sys=0.00s Real=0.03s
[2022-06-13T03:21:49.066+0000][1][safepoint    ] Leaving safepoint region
[2022-06-13T03:21:49.066+0000][1][safepoint    ] Total time for which application threads were stopped: 0.0363118 seconds, Stopping threads took: 0.0011926 seconds
[2022-06-13T03:21:49.695+0000][1][safepoint    ] Application time: 0.6288180 seconds
[2022-06-13T03:21:49.701+0000][1][safepoint    ] Entering safepoint region: RevokeBias
[2022-06-13T03:21:49.702+0000][1][safepoint    ] Leaving safepoint region
[2022-06-13T03:21:49.702+0000][1][safepoint    ] Total time for which application threads were stopped: 0.0008460 seconds, Stopping threads took: 0.0002495 seconds
[2022-06-13T03:21:49.750+0000][1][safepoint    ] Application time: 0.0444902 seconds
[2022-06-13T03:21:49.750+0000][1][safepoint    ] Entering safepoint region: GenCollectForAllocation
[2022-06-13T03:21:49.750+0000][1][gc,start     ] GC(13) Pause Young (Allocation Failure)
[2022-06-13T03:21:49.750+0000][1][gc,task      ] GC(13) Using 5 workers of 13 for evacuation
[2022-06-13T03:21:49.787+0000][1][gc,age       ] GC(13) Desired survivor size 4456448 bytes, new threshold 1 (max threshold 6)
[2022-06-13T03:21:49.787+0000][1][gc,age       ] GC(13) Age table with threshold 1 (max threshold 6)
[2022-06-13T03:21:49.788+0000][1][gc,age       ] GC(13) - age   1:    5312864 bytes,    5312864 total
[2022-06-13T03:21:49.788+0000][1][gc,age       ] GC(13) - age   2:    2648048 bytes,    7960912 total
[2022-06-13T03:21:49.788+0000][1][gc,age       ] GC(13) - age   3:     344744 bytes,    8305656 total
[2022-06-13T03:21:49.788+0000][1][gc,age       ] GC(13) - age   4:     125808 bytes,    8431464 total
[2022-06-13T03:21:49.788+0000][1][gc,age       ] GC(13) - age   5:     480792 bytes,    8912256 total
[2022-06-13T03:21:49.788+0000][1][gc,heap      ] GC(13) ParNew: 76505K->8704K(78656K)
[2022-06-13T03:21:49.788+0000][1][gc,heap      ] GC(13) CMS: 13975K->26178K(174784K)
[2022-06-13T03:21:49.789+0000][1][gc,metaspace ] GC(13) Metaspace: 26952K->26952K(1075200K)
[2022-06-13T03:21:49.789+0000][1][gc           ] GC(13) Pause Young (Allocation Failure) 88M->34M(247M) 38.386ms
[2022-06-13T03:21:49.789+0000][1][gc,cpu       ] GC(13) User=0.25s Sys=0.00s Real=0.03s
[2022-06-13T03:21:49.789+0000][1][safepoint    ] Leaving safepoint region
[2022-06-13T03:21:49.789+0000][1][safepoint    ] Total time for which application threads were stopped: 0.0389628 seconds, Stopping threads took: 0.0001980 seconds
[2022-06-13T03:21:49.874+0000][1][safepoint    ] Application time: 0.0850001 seconds
[2022-06-13T03:21:49.874+0000][1][safepoint    ] Entering safepoint region: Deoptimize
[2022-06-13T03:21:49.876+0000][1][safepoint    ] Leaving safepoint region
[2022-06-13T03:21:49.876+0000][1][safepoint    ] Total time for which application threads were stopped: 0.0015104 seconds, Stopping threads took: 0.0008123 seconds
[2022-06-13T03:21:50.155+0000][1][safepoint    ] Application time: 0.2794136 seconds
[2022-06-13T03:21:50.156+0000][1][safepoint    ] Entering safepoint region: GenCollectForAllocation
[2022-06-13T03:21:50.157+0000][1][gc,start     ] GC(14) Pause Young (Allocation Failure)
[2022-06-13T03:21:50.158+0000][1][gc,task      ] GC(14) Using 5 workers of 13 for evacuation
[2022-06-13T03:21:50.179+0000][1][gc,age       ] GC(14) Desired survivor size 4456448 bytes, new threshold 1 (max threshold 6)
[2022-06-13T03:21:50.180+0000][1][gc,age       ] GC(14) Age table with threshold 1 (max threshold 6)
[2022-06-13T03:21:50.180+0000][1][gc,age       ] GC(14) - age   1:    8912760 bytes,    8912760 total
[2022-06-13T03:21:50.180+0000][1][gc,heap      ] GC(14) ParNew: 78656K->8704K(78656K)
[2022-06-13T03:21:50.180+0000][1][gc,heap      ] GC(14) CMS: 26178K->39123K(174784K)
[2022-06-13T03:21:50.180+0000][1][gc,metaspace ] GC(14) Metaspace: 27084K->27084K(1075200K)
[2022-06-13T03:21:50.181+0000][1][gc           ] GC(14) Pause Young (Allocation Failure) 102M->46M(247M) 23.848ms
[2022-06-13T03:21:50.181+0000][1][gc,cpu       ] GC(14) User=0.11s Sys=0.00s Real=0.03s
[2022-06-13T03:21:50.181+0000][1][safepoint    ] Leaving safepoint region
[2022-06-13T03:21:50.181+0000][1][safepoint    ] Total time for which application threads were stopped: 0.0248194 seconds, Stopping threads took: 0.0003934 seconds
[2022-06-13T03:21:50.351+0000][1][safepoint    ] Application time: 0.1700320 seconds
[2022-06-13T03:21:50.351+0000][1][safepoint    ] Entering safepoint region: RevokeBias
[2022-06-13T03:21:50.352+0000][1][safepoint    ] Leaving safepoint region
[2022-06-13T03:21:50.352+0000][1][safepoint    ] Total time for which application threads were stopped: 0.0004766 seconds, Stopping threads took: 0.0001808 seconds
[2022-06-13T03:21:50.609+0000][1][safepoint    ] Application time: 0.2574033 seconds
[2022-06-13T03:21:50.610+0000][1][safepoint    ] Entering safepoint region: GenCollectForAllocation
[2022-06-13T03:21:50.610+0000][1][gc,start     ] GC(15) Pause Young (Allocation Failure)
[2022-06-13T03:21:50.610+0000][1][gc,task      ] GC(15) Using 5 workers of 13 for evacuation
[2022-06-13T03:21:50.622+0000][1][gc,age       ] GC(15) Desired survivor size 4456448 bytes, new threshold 1 (max threshold 6)
[2022-06-13T03:21:50.622+0000][1][gc,age       ] GC(15) Age table with threshold 1 (max threshold 6)
[2022-06-13T03:21:50.622+0000][1][gc,age       ] GC(15) - age   1:    6799464 bytes,    6799464 total
[2022-06-13T03:21:50.622+0000][1][gc,heap      ] GC(15) ParNew: 78656K->8704K(78656K)
[2022-06-13T03:21:50.622+0000][1][gc,heap      ] GC(15) CMS: 39123K->48874K(174784K)
[2022-06-13T03:21:50.623+0000][1][gc,metaspace ] GC(15) Metaspace: 32110K->32110K(1079296K)
[2022-06-13T03:21:50.623+0000][1][gc           ] GC(15) Pause Young (Allocation Failure) 115M->56M(247M) 12.679ms
[2022-06-13T03:21:50.623+0000][1][gc,cpu       ] GC(15) User=0.08s Sys=0.00s Real=0.01s
[2022-06-13T03:21:50.623+0000][1][safepoint    ] Leaving safepoint region
[2022-06-13T03:21:50.623+0000][1][safepoint    ] Total time for which application threads were stopped: 0.0133649 seconds, Stopping threads took: 0.0001616 seconds
[2022-06-13T03:21:50.639+0000][1][safepoint    ] Application time: 0.0160427 seconds
[2022-06-13T03:21:50.640+0000][1][safepoint    ] Entering safepoint region: RevokeBias
[2022-06-13T03:21:50.640+0000][1][safepoint    ] Leaving safepoint region
[2022-06-13T03:21:50.640+0000][1][safepoint    ] Total time for which application threads were stopped: 0.0004325 seconds, Stopping threads took: 0.0001861 seconds
[2022-06-13T03:21:50.716+0000][1][safepoint    ] Application time: 0.0756705 seconds
[2022-06-13T03:21:50.716+0000][1][safepoint    ] Entering safepoint region: GenCollectForAllocation
[2022-06-13T03:21:50.716+0000][1][gc,start     ] GC(16) Pause Young (Allocation Failure)
[2022-06-13T03:21:50.717+0000][1][gc,task      ] GC(16) Using 5 workers of 13 for evacuation
[2022-06-13T03:21:50.722+0000][1][gc,age       ] GC(16) Desired survivor size 4456448 bytes, new threshold 6 (max threshold 6)
[2022-06-13T03:21:50.723+0000][1][gc,age       ] GC(16) Age table with threshold 6 (max threshold 6)
[2022-06-13T03:21:50.723+0000][1][gc,age       ] GC(16) - age   1:     349272 bytes,     349272 total
[2022-06-13T03:21:50.723+0000][1][gc,heap      ] GC(16) ParNew: 78656K->7099K(78656K)
[2022-06-13T03:21:50.723+0000][1][gc,heap      ] GC(16) CMS: 48874K->55568K(174784K)
[2022-06-13T03:21:50.723+0000][1][gc,metaspace ] GC(16) Metaspace: 32882K->32882K(1079296K)
[2022-06-13T03:21:50.723+0000][1][gc           ] GC(16) Pause Young (Allocation Failure) 124M->61M(247M) 6.801ms
[2022-06-13T03:21:50.723+0000][1][gc,cpu       ] GC(16) User=0.03s Sys=0.00s Real=0.01s
[2022-06-13T03:21:50.723+0000][1][safepoint    ] Leaving safepoint region
[2022-06-13T03:21:50.724+0000][1][safepoint    ] Total time for which application threads were stopped: 0.0073546 seconds, Stopping threads took: 0.0001537 seconds
[2022-06-13T03:21:50.902+0000][1][safepoint    ] Application time: 0.1783821 seconds
[2022-06-13T03:21:50.902+0000][1][safepoint    ] Entering safepoint region: CollectForMetadataAllocation
[2022-06-13T03:21:50.903+0000][1][safepoint    ] Leaving safepoint region
[2022-06-13T03:21:50.903+0000][1][safepoint    ] Total time for which application threads were stopped: 0.0005778 seconds, Stopping threads took: 0.0001659 seconds
[2022-06-13T03:21:50.927+0000][1][safepoint    ] Application time: 0.0241426 seconds
[2022-06-13T03:21:50.948+0000][1][safepoint    ] Entering safepoint region: CollectForMetadataAllocation
[2022-06-13T03:21:50.948+0000][1][safepoint    ] Leaving safepoint region
[2022-06-13T03:21:50.949+0000][1][safepoint    ] Total time for which application threads were stopped: 0.0005599 seconds, Stopping threads took: 0.0002305 seconds
[2022-06-13T03:21:50.963+0000][1][safepoint    ] Application time: 0.0145443 seconds
[2022-06-13T03:21:50.964+0000][1][safepoint    ] Entering safepoint region: CollectForMetadataAllocation
[2022-06-13T03:21:50.964+0000][1][safepoint    ] Leaving safepoint region
[2022-06-13T03:21:50.964+0000][1][safepoint    ] Total time for which application threads were stopped: 0.0004146 seconds, Stopping threads took: 0.0001430 seconds
[2022-06-13T03:21:50.976+0000][1][safepoint    ] Application time: 0.0122952 seconds
[2022-06-13T03:21:50.977+0000][1][safepoint    ] Entering safepoint region: CollectForMetadataAllocation
[2022-06-13T03:21:50.977+0000][1][safepoint    ] Leaving safepoint region
[2022-06-13T03:21:50.977+0000][1][safepoint    ] Total time for which application threads were stopped: 0.0004714 seconds, Stopping threads took: 0.0002001 seconds
[2022-06-13T03:21:50.999+0000][1][safepoint    ] Application time: 0.0212675 seconds
[2022-06-13T03:21:50.999+0000][1][safepoint    ] Entering safepoint region: CollectForMetadataAllocation
[2022-06-13T03:21:50.999+0000][1][safepoint    ] Leaving safepoint region
[2022-06-13T03:21:51.000+0000][1][safepoint    ] Total time for which application threads were stopped: 0.0008735 seconds, Stopping threads took: 0.0001678 seconds
[2022-06-13T03:21:51.016+0000][1][safepoint    ] Application time: 0.0159720 seconds
[2022-06-13T03:21:51.016+0000][1][safepoint    ] Entering safepoint region: CollectForMetadataAllocation
[2022-06-13T03:21:51.016+0000][1][safepoint    ] Leaving safepoint region
[2022-06-13T03:21:51.016+0000][1][safepoint    ] Total time for which application threads were stopped: 0.0004196 seconds, Stopping threads took: 0.0001619 seconds
[2022-06-13T03:21:51.024+0000][1][safepoint    ] Application time: 0.0078384 seconds
[2022-06-13T03:21:51.025+0000][1][safepoint    ] Entering safepoint region: CollectForMetadataAllocation
[2022-06-13T03:21:51.025+0000][1][safepoint    ] Leaving safepoint region
[2022-06-13T03:21:51.025+0000][1][safepoint    ] Total time for which application threads were stopped: 0.0003990 seconds, Stopping threads took: 0.0001168 seconds
[2022-06-13T03:21:51.034+0000][1][safepoint    ] Application time: 0.0091066 seconds
[2022-06-13T03:21:51.035+0000][1][safepoint    ] Entering safepoint region: CollectForMetadataAllocation
[2022-06-13T03:21:51.035+0000][1][safepoint    ] Leaving safepoint region
[2022-06-13T03:21:51.035+0000][1][safepoint    ] Total time for which application threads were stopped: 0.0004482 seconds, Stopping threads took: 0.0001990 seconds
[2022-06-13T03:21:51.064+0000][1][safepoint    ] Application time: 0.0290970 seconds
[2022-06-13T03:21:51.065+0000][1][safepoint    ] Entering safepoint region: CollectForMetadataAllocation
[2022-06-13T03:21:51.065+0000][1][safepoint    ] Leaving safepoint region
[2022-06-13T03:21:51.065+0000][1][safepoint    ] Total time for which application threads were stopped: 0.0004292 seconds, Stopping threads took: 0.0001756 seconds
[2022-06-13T03:21:51.066+0000][1][safepoint    ] Application time: 0.0010678 seconds
[2022-06-13T03:21:51.067+0000][1][safepoint    ] Entering safepoint region: RevokeBias
[2022-06-13T03:21:51.067+0000][1][safepoint    ] Leaving safepoint region
[2022-06-13T03:21:51.067+0000][1][safepoint    ] Total time for which application threads were stopped: 0.0003846 seconds, Stopping threads took: 0.0001654 seconds
[2022-06-13T03:21:51.074+0000][1][safepoint    ] Application time: 0.0069594 seconds
[2022-06-13T03:21:51.074+0000][1][safepoint    ] Entering safepoint region: CollectForMetadataAllocation
[2022-06-13T03:21:51.075+0000][1][safepoint    ] Leaving safepoint region
[2022-06-13T03:21:51.075+0000][1][safepoint    ] Total time for which application threads were stopped: 0.0003808 seconds, Stopping threads took: 0.0001181 seconds
[2022-06-13T03:21:51.087+0000][1][safepoint    ] Application time: 0.0123923 seconds
[2022-06-13T03:21:51.087+0000][1][safepoint    ] Entering safepoint region: CollectForMetadataAllocation
[2022-06-13T03:21:51.088+0000][1][safepoint    ] Leaving safepoint region
[2022-06-13T03:21:51.088+0000][1][safepoint    ] Total time for which application threads were stopped: 0.0003600 seconds, Stopping threads took: 0.0001219 seconds
[2022-06-13T03:21:51.107+0000][1][safepoint    ] Application time: 0.0187028 seconds
[2022-06-13T03:21:51.107+0000][1][safepoint    ] Entering safepoint region: CollectForMetadataAllocation
[2022-06-13T03:21:51.107+0000][1][safepoint    ] Leaving safepoint region
[2022-06-13T03:21:51.107+0000][1][safepoint    ] Total time for which application threads were stopped: 0.0003758 seconds, Stopping threads took: 0.0001502 seconds
[2022-06-13T03:21:51.120+0000][1][safepoint    ] Application time: 0.0126010 seconds
[2022-06-13T03:21:51.120+0000][1][safepoint    ] Entering safepoint region: CollectForMetadataAllocation
[2022-06-13T03:21:51.120+0000][1][safepoint    ] Leaving safepoint region
[2022-06-13T03:21:51.120+0000][1][safepoint    ] Total time for which application threads were stopped: 0.0003688 seconds, Stopping threads took: 0.0001068 seconds
[2022-06-13T03:21:51.133+0000][1][safepoint    ] Application time: 0.0126061 seconds
[2022-06-13T03:21:51.133+0000][1][safepoint    ] Entering safepoint region: CollectForMetadataAllocation
[2022-06-13T03:21:51.134+0000][1][safepoint    ] Leaving safepoint region
[2022-06-13T03:21:51.134+0000][1][safepoint    ] Total time for which application threads were stopped: 0.0003607 seconds, Stopping threads took: 0.0001485 seconds
[2022-06-13T03:21:51.146+0000][1][safepoint    ] Application time: 0.0121073 seconds
[2022-06-13T03:21:51.146+0000][1][safepoint    ] Entering safepoint region: CollectForMetadataAllocation
[2022-06-13T03:21:51.147+0000][1][safepoint    ] Leaving safepoint region
[2022-06-13T03:21:51.147+0000][1][safepoint    ] Total time for which application threads were stopped: 0.0004913 seconds, Stopping threads took: 0.0001821 seconds
[2022-06-13T03:21:51.165+0000][1][safepoint    ] Application time: 0.0182623 seconds
[2022-06-13T03:21:51.165+0000][1][safepoint    ] Entering safepoint region: CollectForMetadataAllocation
[2022-06-13T03:21:51.166+0000][1][safepoint    ] Leaving safepoint region
[2022-06-13T03:21:51.166+0000][1][safepoint    ] Total time for which application threads were stopped: 0.0003900 seconds, Stopping threads took: 0.0001475 seconds
[2022-06-13T03:21:51.180+0000][1][safepoint    ] Application time: 0.0140499 seconds
[2022-06-13T03:21:51.180+0000][1][safepoint    ] Entering safepoint region: CollectForMetadataAllocation
[2022-06-13T03:21:51.180+0000][1][safepoint    ] Leaving safepoint region
[2022-06-13T03:21:51.180+0000][1][safepoint    ] Total time for which application threads were stopped: 0.0004214 seconds, Stopping threads took: 0.0001472 seconds
[2022-06-13T03:21:51.192+0000][1][safepoint    ] Application time: 0.0115378 seconds
[2022-06-13T03:21:51.193+0000][1][safepoint    ] Entering safepoint region: CollectForMetadataAllocation
[2022-06-13T03:21:51.193+0000][1][safepoint    ] Leaving safepoint region
[2022-06-13T03:21:51.193+0000][1][safepoint    ] Total time for which application threads were stopped: 0.0005672 seconds, Stopping threads took: 0.0001841 seconds
[2022-06-13T03:21:51.214+0000][1][safepoint    ] Application time: 0.0206904 seconds
[2022-06-13T03:21:51.214+0000][1][safepoint    ] Entering safepoint region: CollectForMetadataAllocation
[2022-06-13T03:21:51.215+0000][1][safepoint    ] Leaving safepoint region
[2022-06-13T03:21:51.215+0000][1][safepoint    ] Total time for which application threads were stopped: 0.0004467 seconds, Stopping threads took: 0.0001993 seconds
[2022-06-13T03:21:51.225+0000][1][safepoint    ] Application time: 0.0103237 seconds
[2022-06-13T03:21:51.225+0000][1][safepoint    ] Entering safepoint region: CollectForMetadataAllocation
[2022-06-13T03:21:51.226+0000][1][safepoint    ] Leaving safepoint region
[2022-06-13T03:21:51.226+0000][1][safepoint    ] Total time for which application threads were stopped: 0.0004556 seconds, Stopping threads took: 0.0001696 seconds
[2022-06-13T03:21:51.247+0000][1][safepoint    ] Application time: 0.0209460 seconds
[2022-06-13T03:21:51.248+0000][1][safepoint    ] Entering safepoint region: CollectForMetadataAllocation
[2022-06-13T03:21:51.248+0000][1][safepoint    ] Leaving safepoint region
[2022-06-13T03:21:51.249+0000][1][safepoint    ] Total time for which application threads were stopped: 0.0005814 seconds, Stopping threads took: 0.0002377 seconds
[2022-06-13T03:21:51.285+0000][1][safepoint    ] Application time: 0.0364954 seconds
[2022-06-13T03:21:51.285+0000][1][safepoint    ] Entering safepoint region: CollectForMetadataAllocation
[2022-06-13T03:21:51.286+0000][1][safepoint    ] Leaving safepoint region
[2022-06-13T03:21:51.286+0000][1][safepoint    ] Total time for which application threads were stopped: 0.0004588 seconds, Stopping threads took: 0.0001676 seconds
[2022-06-13T03:21:51.310+0000][1][safepoint    ] Application time: 0.0237952 seconds
[2022-06-13T03:21:51.310+0000][1][safepoint    ] Entering safepoint region: CollectForMetadataAllocation
[2022-06-13T03:21:51.311+0000][1][safepoint    ] Leaving safepoint region
[2022-06-13T03:21:51.311+0000][1][safepoint    ] Total time for which application threads were stopped: 0.0007273 seconds, Stopping threads took: 0.0001323 seconds
[2022-06-13T03:21:51.324+0000][1][safepoint    ] Application time: 0.0131891 seconds
[2022-06-13T03:21:51.327+0000][1][safepoint    ] Entering safepoint region: CollectForMetadataAllocation
[2022-06-13T03:21:51.327+0000][1][safepoint    ] Leaving safepoint region
[2022-06-13T03:21:51.329+0000][1][safepoint    ] Total time for which application threads were stopped: 0.0020119 seconds, Stopping threads took: 0.0002447 seconds
[2022-06-13T03:21:51.355+0000][1][safepoint    ] Application time: 0.0252960 seconds
[2022-06-13T03:21:51.356+0000][1][safepoint    ] Entering safepoint region: CollectForMetadataAllocation
[2022-06-13T03:21:51.356+0000][1][safepoint    ] Leaving safepoint region
[2022-06-13T03:21:51.356+0000][1][safepoint    ] Total time for which application threads were stopped: 0.0004061 seconds, Stopping threads took: 0.0001363 seconds
[2022-06-13T03:21:51.378+0000][1][safepoint    ] Application time: 0.0218651 seconds
[2022-06-13T03:21:51.378+0000][1][safepoint    ] Entering safepoint region: CollectForMetadataAllocation
[2022-06-13T03:21:51.379+0000][1][safepoint    ] Leaving safepoint region
[2022-06-13T03:21:51.379+0000][1][safepoint    ] Total time for which application threads were stopped: 0.0005245 seconds, Stopping threads took: 0.0001773 seconds
[2022-06-13T03:21:51.389+0000][1][safepoint    ] Application time: 0.0100212 seconds
[2022-06-13T03:21:51.389+0000][1][safepoint    ] Entering safepoint region: RevokeBias
[2022-06-13T03:21:51.389+0000][1][safepoint    ] Leaving safepoint region
[2022-06-13T03:21:51.390+0000][1][safepoint    ] Total time for which application threads were stopped: 0.0004263 seconds, Stopping threads took: 0.0002141 seconds
[2022-06-13T03:21:51.395+0000][1][safepoint    ] Application time: 0.0049121 seconds
[2022-06-13T03:21:51.395+0000][1][safepoint    ] Entering safepoint region: CollectForMetadataAllocation
[2022-06-13T03:21:51.395+0000][1][safepoint    ] Leaving safepoint region
[2022-06-13T03:21:51.395+0000][1][safepoint    ] Total time for which application threads were stopped: 0.0004564 seconds, Stopping threads took: 0.0001564 seconds
[2022-06-13T03:21:51.617+0000][1][safepoint    ] Application time: 0.2213472 seconds
[2022-06-13T03:21:51.617+0000][1][safepoint    ] Entering safepoint region: CollectForMetadataAllocation
[2022-06-13T03:21:51.618+0000][1][safepoint    ] Leaving safepoint region
[2022-06-13T03:21:51.618+0000][1][safepoint    ] Total time for which application threads were stopped: 0.0006517 seconds, Stopping threads took: 0.0002374 seconds
[2022-06-13T03:21:51.859+0000][1][safepoint    ] Application time: 0.2411113 seconds
[2022-06-13T03:21:51.859+0000][1][safepoint    ] Entering safepoint region: CollectForMetadataAllocation
[2022-06-13T03:21:51.860+0000][1][safepoint    ] Leaving safepoint region
[2022-06-13T03:21:51.860+0000][1][safepoint    ] Total time for which application threads were stopped: 0.0004872 seconds, Stopping threads took: 0.0001698 seconds
[2022-06-13T03:21:51.864+0000][1][safepoint    ] Application time: 0.0034556 seconds
[2022-06-13T03:21:51.864+0000][1][safepoint    ] Entering safepoint region: GenCollectForAllocation
[2022-06-13T03:21:51.864+0000][1][gc,start     ] GC(17) Pause Young (Allocation Failure)
[2022-06-13T03:21:51.864+0000][1][gc,task      ] GC(17) Using 5 workers of 13 for evacuation
[2022-06-13T03:21:51.868+0000][1][gc,age       ] GC(17) Desired survivor size 4456448 bytes, new threshold 6 (max threshold 6)
[2022-06-13T03:21:51.868+0000][1][gc,age       ] GC(17) Age table with threshold 6 (max threshold 6)
[2022-06-13T03:21:51.868+0000][1][gc,age       ] GC(17) - age   1:    4115720 bytes,    4115720 total
[2022-06-13T03:21:51.868+0000][1][gc,age       ] GC(17) - age   2:     309648 bytes,    4425368 total
[2022-06-13T03:21:51.869+0000][1][gc,heap      ] GC(17) ParNew: 77051K->5148K(78656K)
[2022-06-13T03:21:51.869+0000][1][gc,heap      ] GC(17) CMS: 55568K->55568K(174784K)
[2022-06-13T03:21:51.869+0000][1][gc,metaspace ] GC(17) Metaspace: 42389K->42389K(1087488K)
[2022-06-13T03:21:51.869+0000][1][gc           ] GC(17) Pause Young (Allocation Failure) 129M->59M(247M) 5.088ms
[2022-06-13T03:21:51.869+0000][1][gc,cpu       ] GC(17) User=0.01s Sys=0.00s Real=0.01s
[2022-06-13T03:21:51.869+0000][1][safepoint    ] Leaving safepoint region
[2022-06-13T03:21:51.869+0000][1][safepoint    ] Total time for which application threads were stopped: 0.0056902 seconds, Stopping threads took: 0.0001043 seconds
[2022-06-13T03:21:51.871+0000][1][safepoint    ] Application time: 0.0015078 seconds
[2022-06-13T03:21:51.871+0000][1][safepoint    ] Entering safepoint region: CMS_Initial_Mark
[2022-06-13T03:21:51.871+0000][1][gc,start     ] GC(18) Pause Initial Mark
[2022-06-13T03:21:51.873+0000][1][gc           ] GC(18) Pause Initial Mark 60M->60M(247M) 1.551ms
[2022-06-13T03:21:51.873+0000][1][gc,cpu       ] GC(18) User=0.00s Sys=0.00s Real=0.00s
[2022-06-13T03:21:51.873+0000][1][safepoint    ] Leaving safepoint region
[2022-06-13T03:21:51.874+0000][1][safepoint    ] Total time for which application threads were stopped: 0.0022490 seconds, Stopping threads took: 0.0001623 seconds
[2022-06-13T03:21:51.874+0000][1][gc           ] GC(18) Concurrent Mark
[2022-06-13T03:21:51.874+0000][1][gc,task      ] GC(18) Using 4 workers of 4 for marking
[2022-06-13T03:21:51.892+0000][1][gc           ] GC(18) Concurrent Mark 18.187ms
[2022-06-13T03:21:51.892+0000][1][gc,cpu       ] GC(18) User=0.09s Sys=0.00s Real=0.02s
[2022-06-13T03:21:51.892+0000][1][gc           ] GC(18) Concurrent Preclean
[2022-06-13T03:21:51.894+0000][1][gc           ] GC(18) Concurrent Preclean 1.317ms
[2022-06-13T03:21:51.894+0000][1][gc,cpu       ] GC(18) User=0.00s Sys=0.00s Real=0.00s
[2022-06-13T03:21:51.894+0000][1][gc           ] GC(18) Concurrent Abortable Preclean
[2022-06-13T03:21:51.918+0000][1][safepoint    ] Application time: 0.0443209 seconds
[2022-06-13T03:21:51.918+0000][1][safepoint    ] Entering safepoint region: CollectForMetadataAllocation
[2022-06-13T03:21:51.919+0000][1][safepoint    ] Leaving safepoint region
[2022-06-13T03:21:51.919+0000][1][safepoint    ] Total time for which application threads were stopped: 0.0004222 seconds, Stopping threads took: 0.0001440 seconds
[2022-06-13T03:21:52.070+0000][1][safepoint    ] Application time: 0.1510952 seconds
[2022-06-13T03:21:52.070+0000][1][safepoint    ] Entering safepoint region: CollectForMetadataAllocation
[2022-06-13T03:21:52.070+0000][1][safepoint    ] Leaving safepoint region
[2022-06-13T03:21:52.071+0000][1][safepoint    ] Total time for which application threads were stopped: 0.0005744 seconds, Stopping threads took: 0.0001788 seconds
[2022-06-13T03:21:52.094+0000][1][safepoint    ] Application time: 0.0236847 seconds
[2022-06-13T03:21:52.095+0000][1][safepoint    ] Entering safepoint region: CollectForMetadataAllocation
[2022-06-13T03:21:52.095+0000][1][safepoint    ] Leaving safepoint region
[2022-06-13T03:21:52.095+0000][1][safepoint    ] Total time for which application threads were stopped: 0.0005487 seconds, Stopping threads took: 0.0001839 seconds
[2022-06-13T03:21:52.108+0000][1][safepoint    ] Application time: 0.0123414 seconds
[2022-06-13T03:21:52.109+0000][1][safepoint    ] Entering safepoint region: CollectForMetadataAllocation
[2022-06-13T03:21:52.109+0000][1][safepoint    ] Leaving safepoint region
[2022-06-13T03:21:52.109+0000][1][safepoint    ] Total time for which application threads were stopped: 0.0006238 seconds, Stopping threads took: 0.0002394 seconds
[2022-06-13T03:21:52.140+0000][1][safepoint    ] Application time: 0.0311646 seconds
[2022-06-13T03:21:52.141+0000][1][safepoint    ] Entering safepoint region: CollectForMetadataAllocation
[2022-06-13T03:21:52.141+0000][1][safepoint    ] Leaving safepoint region
[2022-06-13T03:21:52.142+0000][1][safepoint    ] Total time for which application threads were stopped: 0.0005123 seconds, Stopping threads took: 0.0001841 seconds
[2022-06-13T03:21:52.160+0000][1][safepoint    ] Application time: 0.0186929 seconds
[2022-06-13T03:21:52.161+0000][1][safepoint    ] Entering safepoint region: Deoptimize
[2022-06-13T03:21:52.161+0000][1][safepoint    ] Leaving safepoint region
[2022-06-13T03:21:52.161+0000][1][safepoint    ] Total time for which application threads were stopped: 0.0007590 seconds, Stopping threads took: 0.0001678 seconds
[2022-06-13T03:21:52.162+0000][1][gc           ] GC(18) Concurrent Abortable Preclean 268.045ms
[2022-06-13T03:21:52.162+0000][1][gc,cpu       ] GC(18) User=1.33s Sys=0.01s Real=0.27s
[2022-06-13T03:21:52.162+0000][1][safepoint    ] Application time: 0.0008482 seconds
[2022-06-13T03:21:52.163+0000][1][safepoint    ] Entering safepoint region: CMS_Final_Remark
[2022-06-13T03:21:52.163+0000][1][gc,start     ] GC(18) Pause Remark
[2022-06-13T03:21:52.179+0000][1][gc           ] GC(18) Pause Remark 94M->94M(247M) 15.971ms
[2022-06-13T03:21:52.179+0000][1][gc,cpu       ] GC(18) User=0.05s Sys=0.00s Real=0.02s
[2022-06-13T03:21:52.179+0000][1][safepoint    ] Leaving safepoint region
[2022-06-13T03:21:52.179+0000][1][safepoint    ] Total time for which application threads were stopped: 0.0169275 seconds, Stopping threads took: 0.0001860 seconds
[2022-06-13T03:21:52.180+0000][1][gc           ] GC(18) Concurrent Sweep
[2022-06-13T03:21:52.192+0000][1][safepoint    ] Application time: 0.0123193 seconds
[2022-06-13T03:21:52.192+0000][1][safepoint    ] Entering safepoint region: CollectForMetadataAllocation
[2022-06-13T03:21:52.194+0000][1][safepoint    ] Leaving safepoint region
[2022-06-13T03:21:52.194+0000][1][safepoint    ] Total time for which application threads were stopped: 0.0018509 seconds, Stopping threads took: 0.0001799 seconds
[2022-06-13T03:21:52.201+0000][1][gc           ] GC(18) Concurrent Sweep 21.187ms
[2022-06-13T03:21:52.201+0000][1][gc,cpu       ] GC(18) User=0.07s Sys=0.01s Real=0.02s
[2022-06-13T03:21:52.201+0000][1][gc           ] GC(18) Concurrent Reset
[2022-06-13T03:21:52.202+0000][1][gc           ] GC(18) Concurrent Reset 0.346ms
[2022-06-13T03:21:52.202+0000][1][gc,cpu       ] GC(18) User=0.00s Sys=0.00s Real=0.00s
[2022-06-13T03:21:52.202+0000][1][gc,heap      ] GC(18) Old: 55568K->55351K(174784K)
[2022-06-13T03:21:52.233+0000][1][safepoint    ] Application time: 0.0385002 seconds
[2022-06-13T03:21:52.233+0000][1][safepoint    ] Entering safepoint region: RevokeBias
[2022-06-13T03:21:52.233+0000][1][safepoint    ] Leaving safepoint region
[2022-06-13T03:21:52.233+0000][1][safepoint    ] Total time for which application threads were stopped: 0.0004100 seconds, Stopping threads took: 0.0001534 seconds
[2022-06-13T03:21:52.237+0000][1][safepoint    ] Application time: 0.0031777 seconds
[2022-06-13T03:21:52.237+0000][1][safepoint    ] Entering safepoint region: RevokeBias
[2022-06-13T03:21:52.237+0000][1][safepoint    ] Leaving safepoint region
[2022-06-13T03:21:52.237+0000][1][safepoint    ] Total time for which application threads were stopped: 0.0002296 seconds, Stopping threads took: 0.0001048 seconds
[2022-06-13T03:21:52.409+0000][1][safepoint    ] Application time: 0.1718136 seconds
[2022-06-13T03:21:52.410+0000][1][safepoint    ] Entering safepoint region: RevokeBias
[2022-06-13T03:21:52.411+0000][1][safepoint    ] Leaving safepoint region
[2022-06-13T03:21:52.411+0000][1][safepoint    ] Total time for which application threads were stopped: 0.0012376 seconds, Stopping threads took: 0.0005535 seconds
[2022-06-13T03:21:52.412+0000][1][safepoint    ] Application time: 0.0014068 seconds
[2022-06-13T03:21:52.412+0000][1][safepoint    ] Entering safepoint region: RevokeBias
[2022-06-13T03:21:52.413+0000][1][safepoint    ] Leaving safepoint region
[2022-06-13T03:21:52.413+0000][1][safepoint    ] Total time for which application threads were stopped: 0.0003742 seconds, Stopping threads took: 0.0001735 seconds
[2022-06-13T03:21:52.413+0000][1][safepoint    ] Application time: 0.0001209 seconds
[2022-06-13T03:21:52.413+0000][1][safepoint    ] Entering safepoint region: RevokeBias
[2022-06-13T03:21:52.413+0000][1][safepoint    ] Leaving safepoint region
[2022-06-13T03:21:52.414+0000][1][safepoint    ] Total time for which application threads were stopped: 0.0003350 seconds, Stopping threads took: 0.0001587 seconds
[2022-06-13T03:21:52.414+0000][1][safepoint    ] Application time: 0.0000752 seconds
[2022-06-13T03:21:52.414+0000][1][safepoint    ] Entering safepoint region: RevokeBias
[2022-06-13T03:21:52.414+0000][1][safepoint    ] Leaving safepoint region
[2022-06-13T03:21:52.414+0000][1][safepoint    ] Total time for which application threads were stopped: 0.0003471 seconds, Stopping threads took: 0.0001628 seconds
[2022-06-13T03:21:52.414+0000][1][safepoint    ] Application time: 0.0000944 seconds
[2022-06-13T03:21:52.415+0000][1][safepoint    ] Entering safepoint region: RevokeBias
[2022-06-13T03:21:52.415+0000][1][safepoint    ] Leaving safepoint region
[2022-06-13T03:21:52.415+0000][1][safepoint    ] Total time for which application threads were stopped: 0.0003127 seconds, Stopping threads took: 0.0001588 seconds
[2022-06-13T03:21:52.415+0000][1][safepoint    ] Application time: 0.0000829 seconds
[2022-06-13T03:21:52.415+0000][1][safepoint    ] Entering safepoint region: RevokeBias
[2022-06-13T03:21:52.415+0000][1][safepoint    ] Leaving safepoint region
[2022-06-13T03:21:52.416+0000][1][safepoint    ] Total time for which application threads were stopped: 0.0003723 seconds, Stopping threads took: 0.0001669 seconds
[2022-06-13T03:21:52.416+0000][1][safepoint    ] Application time: 0.0000850 seconds
[2022-06-13T03:21:52.416+0000][1][safepoint    ] Entering safepoint region: RevokeBias
[2022-06-13T03:21:52.416+0000][1][safepoint    ] Leaving safepoint region
[2022-06-13T03:21:52.416+0000][1][safepoint    ] Total time for which application threads were stopped: 0.0003525 seconds, Stopping threads took: 0.0001700 seconds
[2022-06-13T03:21:52.417+0000][1][safepoint    ] Application time: 0.0000982 seconds
[2022-06-13T03:21:52.417+0000][1][safepoint    ] Entering safepoint region: RevokeBias
[2022-06-13T03:21:52.417+0000][1][safepoint    ] Leaving safepoint region
[2022-06-13T03:21:52.417+0000][1][safepoint    ] Total time for which application threads were stopped: 0.0003618 seconds, Stopping threads took: 0.0001851 seconds
[2022-06-13T03:21:52.417+0000][1][safepoint    ] Application time: 0.0001189 seconds
[2022-06-13T03:21:52.418+0000][1][safepoint    ] Entering safepoint region: RevokeBias
[2022-06-13T03:21:52.418+0000][1][safepoint    ] Leaving safepoint region
[2022-06-13T03:21:52.418+0000][1][safepoint    ] Total time for which application threads were stopped: 0.0005863 seconds, Stopping threads took: 0.0003928 seconds
[2022-06-13T03:21:52.418+0000][1][safepoint    ] Application time: 0.0001903 seconds
[2022-06-13T03:21:52.418+0000][1][safepoint    ] Entering safepoint region: RevokeBias
[2022-06-13T03:21:52.419+0000][1][safepoint    ] Leaving safepoint region
[2022-06-13T03:21:52.419+0000][1][safepoint    ] Total time for which application threads were stopped: 0.0003494 seconds, Stopping threads took: 0.0001744 seconds
[2022-06-13T03:21:52.419+0000][1][safepoint    ] Application time: 0.0005027 seconds
[2022-06-13T03:21:52.420+0000][1][safepoint    ] Entering safepoint region: RevokeBias
[2022-06-13T03:21:52.420+0000][1][safepoint    ] Leaving safepoint region
[2022-06-13T03:21:52.420+0000][1][safepoint    ] Total time for which application threads were stopped: 0.0003360 seconds, Stopping threads took: 0.0001619 seconds
[2022-06-13T03:21:52.420+0000][1][safepoint    ] Application time: 0.0001957 seconds
[2022-06-13T03:21:52.421+0000][1][safepoint    ] Entering safepoint region: RevokeBias
[2022-06-13T03:21:52.421+0000][1][safepoint    ] Leaving safepoint region
[2022-06-13T03:21:52.421+0000][1][safepoint    ] Total time for which application threads were stopped: 0.0004594 seconds, Stopping threads took: 0.0003148 seconds
[2022-06-13T03:21:52.421+0000][1][safepoint    ] Application time: 0.0001292 seconds
[2022-06-13T03:21:52.421+0000][1][safepoint    ] Entering safepoint region: RevokeBias
[2022-06-13T03:21:52.421+0000][1][safepoint    ] Leaving safepoint region
[2022-06-13T03:21:52.421+0000][1][safepoint    ] Total time for which application threads were stopped: 0.0002844 seconds, Stopping threads took: 0.0001491 seconds
[2022-06-13T03:21:52.422+0000][1][safepoint    ] Application time: 0.0000784 seconds
[2022-06-13T03:21:52.422+0000][1][safepoint    ] Entering safepoint region: RevokeBias
[2022-06-13T03:21:52.422+0000][1][safepoint    ] Leaving safepoint region
[2022-06-13T03:21:52.422+0000][1][safepoint    ] Total time for which application threads were stopped: 0.0002740 seconds, Stopping threads took: 0.0001194 seconds
[2022-06-13T03:21:52.422+0000][1][safepoint    ] Application time: 0.0000653 seconds
[2022-06-13T03:21:52.422+0000][1][safepoint    ] Entering safepoint region: RevokeBias
[2022-06-13T03:21:52.423+0000][1][safepoint    ] Leaving safepoint region
[2022-06-13T03:21:52.423+0000][1][safepoint    ] Total time for which application threads were stopped: 0.0002759 seconds, Stopping threads took: 0.0001150 seconds
[2022-06-13T03:21:52.423+0000][1][safepoint    ] Application time: 0.0000651 seconds
[2022-06-13T03:21:52.423+0000][1][safepoint    ] Entering safepoint region: RevokeBias
[2022-06-13T03:21:52.423+0000][1][safepoint    ] Leaving safepoint region
[2022-06-13T03:21:52.423+0000][1][safepoint    ] Total time for which application threads were stopped: 0.0003318 seconds, Stopping threads took: 0.0001394 seconds
[2022-06-13T03:21:52.423+0000][1][safepoint    ] Application time: 0.0000606 seconds
[2022-06-13T03:21:52.424+0000][1][safepoint    ] Entering safepoint region: RevokeBias
[2022-06-13T03:21:52.424+0000][1][safepoint    ] Leaving safepoint region
[2022-06-13T03:21:52.424+0000][1][safepoint    ] Total time for which application threads were stopped: 0.0002658 seconds, Stopping threads took: 0.0001168 seconds
[2022-06-13T03:21:52.424+0000][1][safepoint    ] Application time: 0.0000923 seconds
[2022-06-13T03:21:52.424+0000][1][safepoint    ] Entering safepoint region: RevokeBias
[2022-06-13T03:21:52.424+0000][1][safepoint    ] Leaving safepoint region
[2022-06-13T03:21:52.425+0000][1][safepoint    ] Total time for which application threads were stopped: 0.0002991 seconds, Stopping threads took: 0.0001370 seconds
[2022-06-13T03:21:52.425+0000][1][safepoint    ] Application time: 0.0000681 seconds
[2022-06-13T03:21:52.425+0000][1][safepoint    ] Entering safepoint region: RevokeBias
[2022-06-13T03:21:52.425+0000][1][safepoint    ] Leaving safepoint region
[2022-06-13T03:21:52.425+0000][1][safepoint    ] Total time for which application threads were stopped: 0.0002487 seconds, Stopping threads took: 0.0001125 seconds
[2022-06-13T03:21:52.425+0000][1][safepoint    ] Application time: 0.0000569 seconds
[2022-06-13T03:21:52.425+0000][1][safepoint    ] Entering safepoint region: RevokeBias
[2022-06-13T03:21:52.426+0000][1][safepoint    ] Leaving safepoint region
[2022-06-13T03:21:52.426+0000][1][safepoint    ] Total time for which application threads were stopped: 0.0002726 seconds, Stopping threads took: 0.0001147 seconds
[2022-06-13T03:21:52.426+0000][1][safepoint    ] Application time: 0.0000564 seconds
[2022-06-13T03:21:52.426+0000][1][safepoint    ] Entering safepoint region: RevokeBias
[2022-06-13T03:21:52.426+0000][1][safepoint    ] Leaving safepoint region
[2022-06-13T03:21:52.426+0000][1][safepoint    ] Total time for which application threads were stopped: 0.0002472 seconds, Stopping threads took: 0.0001087 seconds
[2022-06-13T03:21:52.426+0000][1][safepoint    ] Application time: 0.0000632 seconds
[2022-06-13T03:21:52.426+0000][1][safepoint    ] Entering safepoint region: RevokeBias
[2022-06-13T03:21:52.427+0000][1][safepoint    ] Leaving safepoint region
[2022-06-13T03:21:52.427+0000][1][safepoint    ] Total time for which application threads were stopped: 0.0002742 seconds, Stopping threads took: 0.0001020 seconds
[2022-06-13T03:21:52.427+0000][1][safepoint    ] Application time: 0.0000549 seconds
[2022-06-13T03:21:52.427+0000][1][safepoint    ] Entering safepoint region: RevokeBias
[2022-06-13T03:21:52.427+0000][1][safepoint    ] Leaving safepoint region
[2022-06-13T03:21:52.427+0000][1][safepoint    ] Total time for which application threads were stopped: 0.0002625 seconds, Stopping threads took: 0.0001114 seconds
[2022-06-13T03:21:52.427+0000][1][safepoint    ] Application time: 0.0000647 seconds
[2022-06-13T03:21:52.428+0000][1][safepoint    ] Entering safepoint region: RevokeBias
[2022-06-13T03:21:52.428+0000][1][safepoint    ] Leaving safepoint region
[2022-06-13T03:21:52.428+0000][1][safepoint    ] Total time for which application threads were stopped: 0.0003468 seconds, Stopping threads took: 0.0001422 seconds
[2022-06-13T03:21:52.428+0000][1][safepoint    ] Application time: 0.0000640 seconds
[2022-06-13T03:21:52.428+0000][1][safepoint    ] Entering safepoint region: RevokeBias
[2022-06-13T03:21:52.428+0000][1][safepoint    ] Leaving safepoint region
[2022-06-13T03:21:52.429+0000][1][safepoint    ] Total time for which application threads were stopped: 0.0003271 seconds, Stopping threads took: 0.0001378 seconds
[2022-06-13T03:21:52.429+0000][1][safepoint    ] Application time: 0.0000740 seconds
[2022-06-13T03:21:52.429+0000][1][safepoint    ] Entering safepoint region: RevokeBias
[2022-06-13T03:21:52.429+0000][1][safepoint    ] Leaving safepoint region
[2022-06-13T03:21:52.429+0000][1][safepoint    ] Total time for which application threads were stopped: 0.0003652 seconds, Stopping threads took: 0.0001183 seconds
[2022-06-13T03:21:52.429+0000][1][safepoint    ] Application time: 0.0000614 seconds
[2022-06-13T03:21:52.430+0000][1][safepoint    ] Entering safepoint region: RevokeBias
[2022-06-13T03:21:52.430+0000][1][safepoint    ] Leaving safepoint region
[2022-06-13T03:21:52.430+0000][1][safepoint    ] Total time for which application threads were stopped: 0.0003430 seconds, Stopping threads took: 0.0001535 seconds
[2022-06-13T03:21:52.430+0000][1][safepoint    ] Application time: 0.0000687 seconds
[2022-06-13T03:21:52.430+0000][1][safepoint    ] Entering safepoint region: RevokeBias
[2022-06-13T03:21:52.430+0000][1][safepoint    ] Leaving safepoint region
[2022-06-13T03:21:52.431+0000][1][safepoint    ] Total time for which application threads were stopped: 0.0002891 seconds, Stopping threads took: 0.0001242 seconds
[2022-06-13T03:21:52.431+0000][1][safepoint    ] Application time: 0.0000955 seconds
[2022-06-13T03:21:52.431+0000][1][safepoint    ] Entering safepoint region: RevokeBias
[2022-06-13T03:21:52.431+0000][1][safepoint    ] Leaving safepoint region
[2022-06-13T03:21:52.431+0000][1][safepoint    ] Total time for which application threads were stopped: 0.0002940 seconds, Stopping threads took: 0.0001331 seconds
[2022-06-13T03:21:52.431+0000][1][safepoint    ] Application time: 0.0000724 seconds
[2022-06-13T03:21:52.432+0000][1][safepoint    ] Entering safepoint region: RevokeBias
[2022-06-13T03:21:52.432+0000][1][safepoint    ] Leaving safepoint region
[2022-06-13T03:21:52.432+0000][1][safepoint    ] Total time for which application threads were stopped: 0.0002846 seconds, Stopping threads took: 0.0001229 seconds
[2022-06-13T03:21:52.432+0000][1][safepoint    ] Application time: 0.0000747 seconds
[2022-06-13T03:21:52.432+0000][1][safepoint    ] Entering safepoint region: RevokeBias
[2022-06-13T03:21:52.432+0000][1][safepoint    ] Leaving safepoint region
[2022-06-13T03:21:52.433+0000][1][safepoint    ] Total time for which application threads were stopped: 0.0003455 seconds, Stopping threads took: 0.0001484 seconds
[2022-06-13T03:21:52.433+0000][1][safepoint    ] Application time: 0.0000663 seconds
[2022-06-13T03:21:52.433+0000][1][safepoint    ] Entering safepoint region: BulkRevokeBias
[2022-06-13T03:21:52.433+0000][1][safepoint    ] Leaving safepoint region
[2022-06-13T03:21:52.433+0000][1][safepoint    ] Total time for which application threads were stopped: 0.0003198 seconds, Stopping threads took: 0.0001148 seconds
[2022-06-13T03:21:52.434+0000][1][safepoint    ] Application time: 0.0002993 seconds
[2022-06-13T03:21:52.434+0000][1][safepoint    ] Entering safepoint region: RevokeBias
[2022-06-13T03:21:52.434+0000][1][safepoint    ] Leaving safepoint region
[2022-06-13T03:21:52.434+0000][1][safepoint    ] Total time for which application threads were stopped: 0.0004155 seconds, Stopping threads took: 0.0002307 seconds
[2022-06-13T03:21:52.434+0000][1][safepoint    ] Application time: 0.0001354 seconds
[2022-06-13T03:21:52.435+0000][1][safepoint    ] Entering safepoint region: RevokeBias
[2022-06-13T03:21:52.435+0000][1][safepoint    ] Leaving safepoint region
[2022-06-13T03:21:52.435+0000][1][safepoint    ] Total time for which application threads were stopped: 0.0003528 seconds, Stopping threads took: 0.0001753 seconds
[2022-06-13T03:21:52.435+0000][1][safepoint    ] Application time: 0.0002009 seconds
[2022-06-13T03:21:52.436+0000][1][safepoint    ] Entering safepoint region: RevokeBias
[2022-06-13T03:21:52.436+0000][1][safepoint    ] Leaving safepoint region
[2022-06-13T03:21:52.436+0000][1][safepoint    ] Total time for which application threads were stopped: 0.0005292 seconds, Stopping threads took: 0.0003270 seconds
[2022-06-13T03:21:52.436+0000][1][safepoint    ] Application time: 0.0001533 seconds
[2022-06-13T03:21:52.437+0000][1][safepoint    ] Entering safepoint region: RevokeBias
[2022-06-13T03:21:52.437+0000][1][safepoint    ] Leaving safepoint region
[2022-06-13T03:21:52.437+0000][1][safepoint    ] Total time for which application threads were stopped: 0.0005479 seconds, Stopping threads took: 0.0003744 seconds
[2022-06-13T03:21:52.437+0000][1][safepoint    ] Application time: 0.0001057 seconds
[2022-06-13T03:21:52.437+0000][1][safepoint    ] Entering safepoint region: RevokeBias
[2022-06-13T03:21:52.438+0000][1][safepoint    ] Leaving safepoint region
[2022-06-13T03:21:52.438+0000][1][safepoint    ] Total time for which application threads were stopped: 0.0003799 seconds, Stopping threads took: 0.0001643 seconds
[2022-06-13T03:21:52.438+0000][1][safepoint    ] Application time: 0.0000923 seconds
[2022-06-13T03:21:52.438+0000][1][safepoint    ] Entering safepoint region: RevokeBias
[2022-06-13T03:21:52.438+0000][1][safepoint    ] Leaving safepoint region
[2022-06-13T03:21:52.439+0000][1][safepoint    ] Total time for which application threads were stopped: 0.0004160 seconds, Stopping threads took: 0.0002618 seconds
[2022-06-13T03:21:52.439+0000][1][safepoint    ] Application time: 0.0001598 seconds
[2022-06-13T03:21:52.439+0000][1][safepoint    ] Entering safepoint region: RevokeBias
[2022-06-13T03:21:52.439+0000][1][safepoint    ] Leaving safepoint region
[2022-06-13T03:21:52.439+0000][1][safepoint    ] Total time for which application threads were stopped: 0.0003176 seconds, Stopping threads took: 0.0001596 seconds
[2022-06-13T03:21:52.440+0000][1][safepoint    ] Application time: 0.0004307 seconds
[2022-06-13T03:21:52.440+0000][1][safepoint    ] Entering safepoint region: RevokeBias
[2022-06-13T03:21:52.440+0000][1][safepoint    ] Leaving safepoint region
[2022-06-13T03:21:52.440+0000][1][safepoint    ] Total time for which application threads were stopped: 0.0003980 seconds, Stopping threads took: 0.0002194 seconds
[2022-06-13T03:21:52.441+0000][1][safepoint    ] Application time: 0.0001270 seconds
[2022-06-13T03:21:52.441+0000][1][safepoint    ] Entering safepoint region: RevokeBias
[2022-06-13T03:21:52.441+0000][1][safepoint    ] Leaving safepoint region
[2022-06-13T03:21:52.441+0000][1][safepoint    ] Total time for which application threads were stopped: 0.0003531 seconds, Stopping threads took: 0.0001448 seconds
[2022-06-13T03:21:52.441+0000][1][safepoint    ] Application time: 0.0000831 seconds
[2022-06-13T03:21:52.442+0000][1][safepoint    ] Entering safepoint region: RevokeBias
[2022-06-13T03:21:52.442+0000][1][safepoint    ] Leaving safepoint region
[2022-06-13T03:21:52.442+0000][1][safepoint    ] Total time for which application threads were stopped: 0.0002738 seconds, Stopping threads took: 0.0001144 seconds
[2022-06-13T03:21:52.442+0000][1][safepoint    ] Application time: 0.0000871 seconds
[2022-06-13T03:21:52.442+0000][1][safepoint    ] Entering safepoint region: RevokeBias
[2022-06-13T03:21:52.442+0000][1][safepoint    ] Leaving safepoint region
[2022-06-13T03:21:52.443+0000][1][safepoint    ] Total time for which application threads were stopped: 0.0003507 seconds, Stopping threads took: 0.0001565 seconds
[2022-06-13T03:21:52.443+0000][1][safepoint    ] Application time: 0.0000700 seconds
[2022-06-13T03:21:52.443+0000][1][safepoint    ] Entering safepoint region: RevokeBias
[2022-06-13T03:21:52.443+0000][1][safepoint    ] Leaving safepoint region
[2022-06-13T03:21:52.443+0000][1][safepoint    ] Total time for which application threads were stopped: 0.0002461 seconds, Stopping threads took: 0.0000920 seconds
[2022-06-13T03:21:52.443+0000][1][safepoint    ] Application time: 0.0000863 seconds
[2022-06-13T03:21:52.444+0000][1][safepoint    ] Entering safepoint region: RevokeBias
[2022-06-13T03:21:52.444+0000][1][safepoint    ] Leaving safepoint region
[2022-06-13T03:21:52.444+0000][1][safepoint    ] Total time for which application threads were stopped: 0.0003650 seconds, Stopping threads took: 0.0001541 seconds
[2022-06-13T03:21:52.444+0000][1][safepoint    ] Application time: 0.0000727 seconds
[2022-06-13T03:21:52.444+0000][1][safepoint    ] Entering safepoint region: RevokeBias
[2022-06-13T03:21:52.445+0000][1][safepoint    ] Leaving safepoint region
[2022-06-13T03:21:52.445+0000][1][safepoint    ] Total time for which application threads were stopped: 0.0003699 seconds, Stopping threads took: 0.0001955 seconds
[2022-06-13T03:21:52.445+0000][1][safepoint    ] Application time: 0.0000775 seconds
[2022-06-13T03:21:52.445+0000][1][safepoint    ] Entering safepoint region: RevokeBias
[2022-06-13T03:21:52.445+0000][1][safepoint    ] Leaving safepoint region
[2022-06-13T03:21:52.445+0000][1][safepoint    ] Total time for which application threads were stopped: 0.0002842 seconds, Stopping threads took: 0.0001343 seconds
[2022-06-13T03:21:52.445+0000][1][safepoint    ] Application time: 0.0000908 seconds
[2022-06-13T03:21:52.446+0000][1][safepoint    ] Entering safepoint region: RevokeBias
[2022-06-13T03:21:52.446+0000][1][safepoint    ] Leaving safepoint region
[2022-06-13T03:21:52.446+0000][1][safepoint    ] Total time for which application threads were stopped: 0.0002874 seconds, Stopping threads took: 0.0001156 seconds
[2022-06-13T03:21:52.446+0000][1][safepoint    ] Application time: 0.0000823 seconds
[2022-06-13T03:21:52.446+0000][1][safepoint    ] Entering safepoint region: RevokeBias
[2022-06-13T03:21:52.446+0000][1][safepoint    ] Leaving safepoint region
[2022-06-13T03:21:52.447+0000][1][safepoint    ] Total time for which application threads were stopped: 0.0003407 seconds, Stopping threads took: 0.0001576 seconds
[2022-06-13T03:21:52.447+0000][1][safepoint    ] Application time: 0.0001029 seconds
[2022-06-13T03:21:52.447+0000][1][safepoint    ] Entering safepoint region: RevokeBias
[2022-06-13T03:21:52.447+0000][1][safepoint    ] Leaving safepoint region
[2022-06-13T03:21:52.447+0000][1][safepoint    ] Total time for which application threads were stopped: 0.0003226 seconds, Stopping threads took: 0.0001550 seconds
[2022-06-13T03:21:52.447+0000][1][safepoint    ] Application time: 0.0000929 seconds
[2022-06-13T03:21:52.448+0000][1][safepoint    ] Entering safepoint region: RevokeBias
[2022-06-13T03:21:52.448+0000][1][safepoint    ] Leaving safepoint region
[2022-06-13T03:21:52.448+0000][1][safepoint    ] Total time for which application threads were stopped: 0.0005251 seconds, Stopping threads took: 0.0001837 seconds
[2022-06-13T03:21:52.449+0000][1][safepoint    ] Application time: 0.0000333 seconds
[2022-06-13T03:21:52.449+0000][1][safepoint    ] Entering safepoint region: RevokeBias
[2022-06-13T03:21:52.450+0000][1][safepoint    ] Leaving safepoint region
[2022-06-13T03:21:52.450+0000][1][safepoint    ] Total time for which application threads were stopped: 0.0007593 seconds, Stopping threads took: 0.0003617 seconds
[2022-06-13T03:21:52.450+0000][1][safepoint    ] Application time: 0.0001048 seconds
[2022-06-13T03:21:52.450+0000][1][safepoint    ] Entering safepoint region: RevokeBias
[2022-06-13T03:21:52.451+0000][1][safepoint    ] Leaving safepoint region
[2022-06-13T03:21:52.451+0000][1][safepoint    ] Total time for which application threads were stopped: 0.0003121 seconds, Stopping threads took: 0.0001532 seconds
[2022-06-13T03:21:52.451+0000][1][safepoint    ] Application time: 0.0000928 seconds
[2022-06-13T03:21:52.451+0000][1][safepoint    ] Entering safepoint region: RevokeBias
[2022-06-13T03:21:52.451+0000][1][safepoint    ] Leaving safepoint region
[2022-06-13T03:21:52.451+0000][1][safepoint    ] Total time for which application threads were stopped: 0.0003147 seconds, Stopping threads took: 0.0001450 seconds
[2022-06-13T03:21:52.452+0000][1][safepoint    ] Application time: 0.0000907 seconds
[2022-06-13T03:21:52.452+0000][1][safepoint    ] Entering safepoint region: RevokeBias
[2022-06-13T03:21:52.452+0000][1][safepoint    ] Leaving safepoint region
[2022-06-13T03:21:52.452+0000][1][safepoint    ] Total time for which application threads were stopped: 0.0003392 seconds, Stopping threads took: 0.0001590 seconds
[2022-06-13T03:21:52.452+0000][1][safepoint    ] Application time: 0.0000712 seconds
[2022-06-13T03:21:52.452+0000][1][safepoint    ] Entering safepoint region: RevokeBias
[2022-06-13T03:21:52.452+0000][1][safepoint    ] Leaving safepoint region
[2022-06-13T03:21:52.453+0000][1][safepoint    ] Total time for which application threads were stopped: 0.0002278 seconds, Stopping threads took: 0.0001099 seconds
[2022-06-13T03:21:52.453+0000][1][safepoint    ] Application time: 0.0000756 seconds
[2022-06-13T03:21:52.453+0000][1][safepoint    ] Entering safepoint region: RevokeBias
[2022-06-13T03:21:52.453+0000][1][safepoint    ] Leaving safepoint region
[2022-06-13T03:21:52.453+0000][1][safepoint    ] Total time for which application threads were stopped: 0.0001848 seconds, Stopping threads took: 0.0000793 seconds
[2022-06-13T03:21:52.453+0000][1][safepoint    ] Application time: 0.0000670 seconds
[2022-06-13T03:21:52.453+0000][1][safepoint    ] Entering safepoint region: RevokeBias
[2022-06-13T03:21:52.453+0000][1][safepoint    ] Leaving safepoint region
[2022-06-13T03:21:52.454+0000][1][safepoint    ] Total time for which application threads were stopped: 0.0002549 seconds, Stopping threads took: 0.0001187 seconds
[2022-06-13T03:21:52.454+0000][1][safepoint    ] Application time: 0.0000644 seconds
[2022-06-13T03:21:52.454+0000][1][safepoint    ] Entering safepoint region: RevokeBias
[2022-06-13T03:21:52.454+0000][1][safepoint    ] Leaving safepoint region
[2022-06-13T03:21:52.454+0000][1][safepoint    ] Total time for which application threads were stopped: 0.0002917 seconds, Stopping threads took: 0.0001298 seconds
[2022-06-13T03:21:52.454+0000][1][safepoint    ] Application time: 0.0000724 seconds
[2022-06-13T03:21:52.455+0000][1][safepoint    ] Entering safepoint region: BulkRevokeBias
[2022-06-13T03:21:52.455+0000][1][safepoint    ] Leaving safepoint region
[2022-06-13T03:21:52.455+0000][1][safepoint    ] Total time for which application threads were stopped: 0.0004010 seconds, Stopping threads took: 0.0001605 seconds
[2022-06-13T03:21:52.455+0000][1][safepoint    ] Application time: 0.0004113 seconds
[2022-06-13T03:21:52.456+0000][1][safepoint    ] Entering safepoint region: RevokeBias
[2022-06-13T03:21:52.456+0000][1][safepoint    ] Leaving safepoint region
[2022-06-13T03:21:52.456+0000][1][safepoint    ] Total time for which application threads were stopped: 0.0003923 seconds, Stopping threads took: 0.0002027 seconds
[2022-06-13T03:21:52.456+0000][1][safepoint    ] Application time: 0.0001971 seconds
[2022-06-13T03:21:52.457+0000][1][safepoint    ] Entering safepoint region: RevokeBias
[2022-06-13T03:21:52.457+0000][1][safepoint    ] Leaving safepoint region
[2022-06-13T03:21:52.457+0000][1][safepoint    ] Total time for which application threads were stopped: 0.0004066 seconds, Stopping threads took: 0.0001868 seconds
[2022-06-13T03:21:52.458+0000][1][safepoint    ] Application time: 0.0009791 seconds
[2022-06-13T03:21:52.458+0000][1][safepoint    ] Entering safepoint region: RevokeBias
[2022-06-13T03:21:52.459+0000][1][safepoint    ] Leaving safepoint region
[2022-06-13T03:21:52.459+0000][1][safepoint    ] Total time for which application threads were stopped: 0.0003487 seconds, Stopping threads took: 0.0001799 seconds
[2022-06-13T03:21:52.459+0000][1][safepoint    ] Application time: 0.0000955 seconds
[2022-06-13T03:21:52.459+0000][1][safepoint    ] Entering safepoint region: RevokeBias
[2022-06-13T03:21:52.459+0000][1][safepoint    ] Leaving safepoint region
[2022-06-13T03:21:52.459+0000][1][safepoint    ] Total time for which application threads were stopped: 0.0004123 seconds, Stopping threads took: 0.0001968 seconds
[2022-06-13T03:21:52.460+0000][1][safepoint    ] Application time: 0.0000428 seconds
[2022-06-13T03:21:52.460+0000][1][safepoint    ] Entering safepoint region: RevokeBias
[2022-06-13T03:21:52.460+0000][1][safepoint    ] Leaving safepoint region
[2022-06-13T03:21:52.460+0000][1][safepoint    ] Total time for which application threads were stopped: 0.0005980 seconds, Stopping threads took: 0.0004127 seconds
[2022-06-13T03:21:52.469+0000][1][safepoint    ] Application time: 0.0089004 seconds
[2022-06-13T03:21:52.470+0000][1][safepoint    ] Entering safepoint region: RevokeBias
[2022-06-13T03:21:52.470+0000][1][safepoint    ] Leaving safepoint region
[2022-06-13T03:21:52.470+0000][1][safepoint    ] Total time for which application threads were stopped: 0.0003191 seconds, Stopping threads took: 0.0001628 seconds
[2022-06-13T03:21:52.470+0000][1][safepoint    ] Application time: 0.0001446 seconds
[2022-06-13T03:21:52.470+0000][1][safepoint    ] Entering safepoint region: RevokeBias
[2022-06-13T03:21:52.471+0000][1][safepoint    ] Leaving safepoint region
[2022-06-13T03:21:52.471+0000][1][safepoint    ] Total time for which application threads were stopped: 0.0004259 seconds, Stopping threads took: 0.0002870 seconds
[2022-06-13T03:21:52.471+0000][1][safepoint    ] Application time: 0.0001337 seconds
[2022-06-13T03:21:52.471+0000][1][safepoint    ] Entering safepoint region: RevokeBias
[2022-06-13T03:21:52.471+0000][1][safepoint    ] Leaving safepoint region
[2022-06-13T03:21:52.471+0000][1][safepoint    ] Total time for which application threads were stopped: 0.0002959 seconds, Stopping threads took: 0.0001834 seconds
[2022-06-13T03:21:52.472+0000][1][safepoint    ] Application time: 0.0002639 seconds
[2022-06-13T03:21:52.472+0000][1][safepoint    ] Entering safepoint region: RevokeBias
[2022-06-13T03:21:52.472+0000][1][safepoint    ] Leaving safepoint region
[2022-06-13T03:21:52.472+0000][1][safepoint    ] Total time for which application threads were stopped: 0.0002841 seconds, Stopping threads took: 0.0001353 seconds
[2022-06-13T03:21:52.472+0000][1][safepoint    ] Application time: 0.0002569 seconds
[2022-06-13T03:21:52.473+0000][1][safepoint    ] Entering safepoint region: RevokeBias
[2022-06-13T03:21:52.473+0000][1][safepoint    ] Leaving safepoint region
[2022-06-13T03:21:52.473+0000][1][safepoint    ] Total time for which application threads were stopped: 0.0002334 seconds, Stopping threads took: 0.0000908 seconds
[2022-06-13T03:21:52.473+0000][1][safepoint    ] Application time: 0.0002988 seconds
[2022-06-13T03:21:52.473+0000][1][safepoint    ] Entering safepoint region: RevokeBias
[2022-06-13T03:21:52.474+0000][1][safepoint    ] Leaving safepoint region
[2022-06-13T03:21:52.474+0000][1][safepoint    ] Total time for which application threads were stopped: 0.0003811 seconds, Stopping threads took: 0.0002015 seconds
[2022-06-13T03:21:52.474+0000][1][safepoint    ] Application time: 0.0001037 seconds
[2022-06-13T03:21:52.474+0000][1][safepoint    ] Entering safepoint region: RevokeBias
[2022-06-13T03:21:52.474+0000][1][safepoint    ] Leaving safepoint region
[2022-06-13T03:21:52.475+0000][1][safepoint    ] Total time for which application threads were stopped: 0.0003250 seconds, Stopping threads took: 0.0001388 seconds
[2022-06-13T03:21:52.475+0000][1][safepoint    ] Application time: 0.0001407 seconds
[2022-06-13T03:21:52.475+0000][1][safepoint    ] Entering safepoint region: RevokeBias
[2022-06-13T03:21:52.475+0000][1][safepoint    ] Leaving safepoint region
[2022-06-13T03:21:52.476+0000][1][safepoint    ] Total time for which application threads were stopped: 0.0006829 seconds, Stopping threads took: 0.0004613 seconds
[2022-06-13T03:21:52.476+0000][1][safepoint    ] Application time: 0.0000885 seconds
[2022-06-13T03:21:52.476+0000][1][safepoint    ] Entering safepoint region: RevokeBias
[2022-06-13T03:21:52.476+0000][1][safepoint    ] Leaving safepoint region
[2022-06-13T03:21:52.476+0000][1][safepoint    ] Total time for which application threads were stopped: 0.0003155 seconds, Stopping threads took: 0.0001467 seconds
[2022-06-13T03:21:52.477+0000][1][safepoint    ] Application time: 0.0002135 seconds
[2022-06-13T03:21:52.477+0000][1][safepoint    ] Entering safepoint region: RevokeBias
[2022-06-13T03:21:52.477+0000][1][safepoint    ] Leaving safepoint region
[2022-06-13T03:21:52.477+0000][1][safepoint    ] Total time for which application threads were stopped: 0.0003814 seconds, Stopping threads took: 0.0001995 seconds
[2022-06-13T03:21:52.477+0000][1][safepoint    ] Application time: 0.0001200 seconds
[2022-06-13T03:21:52.478+0000][1][safepoint    ] Entering safepoint region: RevokeBias
[2022-06-13T03:21:52.478+0000][1][safepoint    ] Leaving safepoint region
[2022-06-13T03:21:52.478+0000][1][safepoint    ] Total time for which application threads were stopped: 0.0003033 seconds, Stopping threads took: 0.0001372 seconds
[2022-06-13T03:21:52.479+0000][1][safepoint    ] Application time: 0.0013310 seconds
[2022-06-13T03:21:52.479+0000][1][safepoint    ] Entering safepoint region: RevokeBias
[2022-06-13T03:21:52.480+0000][1][safepoint    ] Leaving safepoint region
[2022-06-13T03:21:52.480+0000][1][safepoint    ] Total time for which application threads were stopped: 0.0003455 seconds, Stopping threads took: 0.0001818 seconds
[2022-06-13T03:21:52.480+0000][1][safepoint    ] Application time: 0.0001371 seconds
[2022-06-13T03:21:52.480+0000][1][safepoint    ] Entering safepoint region: RevokeBias
[2022-06-13T03:21:52.480+0000][1][safepoint    ] Leaving safepoint region
[2022-06-13T03:21:52.481+0000][1][safepoint    ] Total time for which application threads were stopped: 0.0003332 seconds, Stopping threads took: 0.0001715 seconds
[2022-06-13T03:21:52.481+0000][1][safepoint    ] Application time: 0.0000964 seconds
[2022-06-13T03:21:52.481+0000][1][safepoint    ] Entering safepoint region: RevokeBias
[2022-06-13T03:21:52.481+0000][1][safepoint    ] Leaving safepoint region
[2022-06-13T03:21:52.481+0000][1][safepoint    ] Total time for which application threads were stopped: 0.0004244 seconds, Stopping threads took: 0.0002184 seconds
[2022-06-13T03:21:52.482+0000][1][safepoint    ] Application time: 0.0007432 seconds
[2022-06-13T03:21:52.483+0000][1][safepoint    ] Entering safepoint region: RevokeBias
[2022-06-13T03:21:52.483+0000][1][safepoint    ] Leaving safepoint region
[2022-06-13T03:21:52.483+0000][1][safepoint    ] Total time for which application threads were stopped: 0.0003789 seconds, Stopping threads took: 0.0001526 seconds
[2022-06-13T03:21:52.484+0000][1][safepoint    ] Application time: 0.0010345 seconds
[2022-06-13T03:21:52.484+0000][1][safepoint    ] Entering safepoint region: RevokeBias
[2022-06-13T03:21:52.484+0000][1][safepoint    ] Leaving safepoint region
[2022-06-13T03:21:52.485+0000][1][safepoint    ] Total time for which application threads were stopped: 0.0003868 seconds, Stopping threads took: 0.0002107 seconds
[2022-06-13T03:21:52.485+0000][1][safepoint    ] Application time: 0.0000694 seconds
[2022-06-13T03:21:52.485+0000][1][safepoint    ] Entering safepoint region: RevokeBias
[2022-06-13T03:21:52.485+0000][1][safepoint    ] Leaving safepoint region
[2022-06-13T03:21:52.485+0000][1][safepoint    ] Total time for which application threads were stopped: 0.0003367 seconds, Stopping threads took: 0.0001926 seconds
[2022-06-13T03:21:52.486+0000][1][safepoint    ] Application time: 0.0001980 seconds
[2022-06-13T03:21:52.486+0000][1][safepoint    ] Entering safepoint region: RevokeBias
[2022-06-13T03:21:52.486+0000][1][safepoint    ] Leaving safepoint region
[2022-06-13T03:21:52.486+0000][1][safepoint    ] Total time for which application threads were stopped: 0.0003258 seconds, Stopping threads took: 0.0001879 seconds
[2022-06-13T03:21:52.500+0000][1][safepoint    ] Application time: 0.0136138 seconds
[2022-06-13T03:21:52.500+0000][1][safepoint    ] Entering safepoint region: GenCollectForAllocation
[2022-06-13T03:21:52.500+0000][1][gc,start     ] GC(19) Pause Young (Allocation Failure)
[2022-06-13T03:21:52.501+0000][1][gc,task      ] GC(19) Using 5 workers of 13 for evacuation
[2022-06-13T03:21:52.505+0000][1][gc,age       ] GC(19) Desired survivor size 4456448 bytes, new threshold 2 (max threshold 6)
[2022-06-13T03:21:52.505+0000][1][gc,age       ] GC(19) Age table with threshold 2 (max threshold 6)
[2022-06-13T03:21:52.505+0000][1][gc,age       ] GC(19) - age   1:    2852832 bytes,    2852832 total
[2022-06-13T03:21:52.505+0000][1][gc,age       ] GC(19) - age   2:    3975832 bytes,    6828664 total
[2022-06-13T03:21:52.505+0000][1][gc,age       ] GC(19) - age   3:     309624 bytes,    7138288 total
[2022-06-13T03:21:52.505+0000][1][gc,heap      ] GC(19) ParNew: 75100K->8704K(78656K)
[2022-06-13T03:21:52.505+0000][1][gc,heap      ] GC(19) CMS: 55351K->55351K(174784K)
[2022-06-13T03:21:52.505+0000][1][gc,metaspace ] GC(19) Metaspace: 47405K->47405K(1093632K)
[2022-06-13T03:21:52.506+0000][1][gc           ] GC(19) Pause Young (Allocation Failure) 127M->62M(247M) 5.209ms
[2022-06-13T03:21:52.506+0000][1][gc,cpu       ] GC(19) User=0.01s Sys=0.00s Real=0.00s
[2022-06-13T03:21:52.506+0000][1][safepoint    ] Leaving safepoint region
[2022-06-13T03:21:52.506+0000][1][safepoint    ] Total time for which application threads were stopped: 0.0057791 seconds, Stopping threads took: 0.0002459 seconds
[2022-06-13T03:21:53.067+0000][1][safepoint    ] Application time: 0.5611069 seconds
[2022-06-13T03:21:53.067+0000][1][safepoint    ] Entering safepoint region: GenCollectForAllocation
[2022-06-13T03:21:53.068+0000][1][gc,start     ] GC(20) Pause Young (Allocation Failure)
[2022-06-13T03:21:53.068+0000][1][gc,task      ] GC(20) Using 5 workers of 13 for evacuation
[2022-06-13T03:21:53.075+0000][1][gc,age       ] GC(20) Desired survivor size 4456448 bytes, new threshold 6 (max threshold 6)
[2022-06-13T03:21:53.075+0000][1][gc,age       ] GC(20) Age table with threshold 6 (max threshold 6)
[2022-06-13T03:21:53.075+0000][1][gc,age       ] GC(20) - age   1:    1604008 bytes,    1604008 total
[2022-06-13T03:21:53.075+0000][1][gc,age       ] GC(20) - age   2:    2812296 bytes,    4416304 total
[2022-06-13T03:21:53.076+0000][1][gc,heap      ] GC(20) ParNew: 78656K->6153K(78656K)
[2022-06-13T03:21:53.076+0000][1][gc,heap      ] GC(20) CMS: 55351K->59685K(174784K)
[2022-06-13T03:21:53.076+0000][1][gc,metaspace ] GC(20) Metaspace: 54390K->54390K(1099776K)
[2022-06-13T03:21:53.076+0000][1][gc           ] GC(20) Pause Young (Allocation Failure) 130M->64M(247M) 7.884ms
[2022-06-13T03:21:53.076+0000][1][gc,cpu       ] GC(20) User=0.03s Sys=0.00s Real=0.01s
[2022-06-13T03:21:53.076+0000][1][safepoint    ] Leaving safepoint region
[2022-06-13T03:21:53.076+0000][1][safepoint    ] Total time for which application threads were stopped: 0.0090670 seconds, Stopping threads took: 0.0001750 seconds
[2022-06-13T03:21:53.192+0000][1][safepoint    ] Application time: 0.1156280 seconds
[2022-06-13T03:21:53.192+0000][1][safepoint    ] Entering safepoint region: Deoptimize
[2022-06-13T03:21:53.194+0000][1][safepoint    ] Leaving safepoint region
[2022-06-13T03:21:53.194+0000][1][safepoint    ] Total time for which application threads were stopped: 0.0016337 seconds, Stopping threads took: 0.0002032 seconds
[2022-06-13T03:21:53.220+0000][1][safepoint    ] Application time: 0.0253638 seconds
[2022-06-13T03:21:53.220+0000][1][safepoint    ] Entering safepoint region: RevokeBias
[2022-06-13T03:21:53.220+0000][1][safepoint    ] Leaving safepoint region
[2022-06-13T03:21:53.220+0000][1][safepoint    ] Total time for which application threads were stopped: 0.0005134 seconds, Stopping threads took: 0.0003179 seconds
[2022-06-13T03:21:53.221+0000][1][safepoint    ] Application time: 0.0001353 seconds
[2022-06-13T03:21:53.221+0000][1][safepoint    ] Entering safepoint region: RevokeBias
[2022-06-13T03:21:53.221+0000][1][safepoint    ] Leaving safepoint region
[2022-06-13T03:21:53.221+0000][1][safepoint    ] Total time for which application threads were stopped: 0.0003661 seconds, Stopping threads took: 0.0001780 seconds
[2022-06-13T03:21:53.222+0000][1][safepoint    ] Application time: 0.0001971 seconds
[2022-06-13T03:21:53.222+0000][1][safepoint    ] Entering safepoint region: RevokeBias
[2022-06-13T03:21:53.222+0000][1][safepoint    ] Leaving safepoint region
[2022-06-13T03:21:53.222+0000][1][safepoint    ] Total time for which application threads were stopped: 0.0003575 seconds, Stopping threads took: 0.0001752 seconds
[2022-06-13T03:21:53.224+0000][1][safepoint    ] Application time: 0.0020661 seconds
[2022-06-13T03:21:53.225+0000][1][safepoint    ] Entering safepoint region: RevokeBias
[2022-06-13T03:21:53.225+0000][1][safepoint    ] Leaving safepoint region
[2022-06-13T03:21:53.225+0000][1][safepoint    ] Total time for which application threads were stopped: 0.0004603 seconds, Stopping threads took: 0.0002918 seconds
[2022-06-13T03:21:53.363+0000][1][safepoint    ] Application time: 0.1379258 seconds
[2022-06-13T03:21:53.363+0000][1][safepoint    ] Entering safepoint region: BulkRevokeBias
[2022-06-13T03:21:53.365+0000][1][safepoint    ] Leaving safepoint region
[2022-06-13T03:21:53.365+0000][1][safepoint    ] Total time for which application threads were stopped: 0.0017800 seconds, Stopping threads took: 0.0001687 seconds
[2022-06-13T03:21:53.366+0000][1][safepoint    ] Application time: 0.0008389 seconds
[2022-06-13T03:21:53.367+0000][1][safepoint    ] Entering safepoint region: RevokeBias
[2022-06-13T03:21:53.367+0000][1][safepoint    ] Leaving safepoint region
[2022-06-13T03:21:53.367+0000][1][safepoint    ] Total time for which application threads were stopped: 0.0007199 seconds, Stopping threads took: 0.0005578 seconds
[2022-06-13T03:21:53.374+0000][1][safepoint    ] Application time: 0.0070977 seconds
[2022-06-13T03:21:53.375+0000][1][safepoint    ] Entering safepoint region: Deoptimize
[2022-06-13T03:21:53.375+0000][1][safepoint    ] Leaving safepoint region
[2022-06-13T03:21:53.376+0000][1][safepoint    ] Total time for which application threads were stopped: 0.0010519 seconds, Stopping threads took: 0.0002199 seconds
[2022-06-13T03:21:53.577+0000][1][safepoint    ] Application time: 0.2009285 seconds
[2022-06-13T03:21:53.577+0000][1][safepoint    ] Entering safepoint region: RevokeBias
[2022-06-13T03:21:53.577+0000][1][safepoint    ] Leaving safepoint region
[2022-06-13T03:21:53.577+0000][1][safepoint    ] Total time for which application threads were stopped: 0.0003020 seconds, Stopping threads took: 0.0001387 seconds
[2022-06-13T03:21:53.578+0000][1][safepoint    ] Application time: 0.0001048 seconds
[2022-06-13T03:21:53.578+0000][1][safepoint    ] Entering safepoint region: RevokeBias
[2022-06-13T03:21:53.578+0000][1][safepoint    ] Leaving safepoint region
[2022-06-13T03:21:53.578+0000][1][safepoint    ] Total time for which application threads were stopped: 0.0002515 seconds, Stopping threads took: 0.0001078 seconds
[2022-06-13T03:21:53.578+0000][1][safepoint    ] Application time: 0.0001054 seconds
[2022-06-13T03:21:53.578+0000][1][safepoint    ] Entering safepoint region: RevokeBias
[2022-06-13T03:21:53.578+0000][1][safepoint    ] Leaving safepoint region
[2022-06-13T03:21:53.579+0000][1][safepoint    ] Total time for which application threads were stopped: 0.0001991 seconds, Stopping threads took: 0.0000875 seconds
[2022-06-13T03:21:53.579+0000][1][safepoint    ] Application time: 0.0001417 seconds
[2022-06-13T03:21:53.579+0000][1][safepoint    ] Entering safepoint region: RevokeBias
[2022-06-13T03:21:53.579+0000][1][safepoint    ] Leaving safepoint region
[2022-06-13T03:21:53.579+0000][1][safepoint    ] Total time for which application threads were stopped: 0.0001751 seconds, Stopping threads took: 0.0000791 seconds
[2022-06-13T03:21:53.579+0000][1][safepoint    ] Application time: 0.0001334 seconds
[2022-06-13T03:21:53.579+0000][1][safepoint    ] Entering safepoint region: RevokeBias
[2022-06-13T03:21:53.580+0000][1][safepoint    ] Leaving safepoint region
[2022-06-13T03:21:53.580+0000][1][safepoint    ] Total time for which application threads were stopped: 0.0002274 seconds, Stopping threads took: 0.0001114 seconds
[2022-06-13T03:21:53.580+0000][1][safepoint    ] Application time: 0.0000935 seconds
[2022-06-13T03:21:53.580+0000][1][safepoint    ] Entering safepoint region: RevokeBias
[2022-06-13T03:21:53.580+0000][1][safepoint    ] Leaving safepoint region
[2022-06-13T03:21:53.580+0000][1][safepoint    ] Total time for which application threads were stopped: 0.0002129 seconds, Stopping threads took: 0.0000994 seconds
[2022-06-13T03:21:53.580+0000][1][safepoint    ] Application time: 0.0001114 seconds
[2022-06-13T03:21:53.580+0000][1][safepoint    ] Entering safepoint region: RevokeBias
[2022-06-13T03:21:53.581+0000][1][safepoint    ] Leaving safepoint region
[2022-06-13T03:21:53.581+0000][1][safepoint    ] Total time for which application threads were stopped: 0.0002144 seconds, Stopping threads took: 0.0001023 seconds
[2022-06-13T03:21:53.581+0000][1][safepoint    ] Application time: 0.0000746 seconds
[2022-06-13T03:21:53.581+0000][1][safepoint    ] Entering safepoint region: RevokeBias
[2022-06-13T03:21:53.581+0000][1][safepoint    ] Leaving safepoint region
[2022-06-13T03:21:53.581+0000][1][safepoint    ] Total time for which application threads were stopped: 0.0001910 seconds, Stopping threads took: 0.0000859 seconds
[2022-06-13T03:21:53.631+0000][1][safepoint    ] Application time: 0.0496814 seconds
[2022-06-13T03:21:53.631+0000][1][safepoint    ] Entering safepoint region: RevokeBias
[2022-06-13T03:21:53.632+0000][1][safepoint    ] Leaving safepoint region
[2022-06-13T03:21:53.632+0000][1][safepoint    ] Total time for which application threads were stopped: 0.0007103 seconds, Stopping threads took: 0.0003879 seconds
[2022-06-13T03:21:53.632+0000][1][safepoint    ] Application time: 0.0001056 seconds
[2022-06-13T03:21:53.633+0000][1][safepoint    ] Entering safepoint region: RevokeBias
[2022-06-13T03:21:53.633+0000][1][safepoint    ] Leaving safepoint region
[2022-06-13T03:21:53.633+0000][1][safepoint    ] Total time for which application threads were stopped: 0.0006441 seconds, Stopping threads took: 0.0002898 seconds
[2022-06-13T03:21:53.721+0000][1][safepoint    ] Application time: 0.0867328 seconds
[2022-06-13T03:21:53.721+0000][1][safepoint    ] Entering safepoint region: GenCollectForAllocation
[2022-06-13T03:21:53.722+0000][1][gc,start     ] GC(21) Pause Young (Allocation Failure)
[2022-06-13T03:21:53.722+0000][1][gc,task      ] GC(21) Using 5 workers of 13 for evacuation
[2022-06-13T03:21:53.728+0000][1][gc,age       ] GC(21) Desired survivor size 4456448 bytes, new threshold 2 (max threshold 6)
[2022-06-13T03:21:53.728+0000][1][gc,age       ] GC(21) Age table with threshold 2 (max threshold 6)
[2022-06-13T03:21:53.729+0000][1][gc,age       ] GC(21) - age   1:    3960504 bytes,    3960504 total
[2022-06-13T03:21:53.729+0000][1][gc,age       ] GC(21) - age   2:    1488760 bytes,    5449264 total
[2022-06-13T03:21:53.729+0000][1][gc,age       ] GC(21) - age   3:    2779720 bytes,    8228984 total
[2022-06-13T03:21:53.730+0000][1][gc,heap      ] GC(21) ParNew: 76105K->8704K(78656K)
[2022-06-13T03:21:53.730+0000][1][gc,heap      ] GC(21) CMS: 59685K->59830K(174784K)
[2022-06-13T03:21:53.730+0000][1][gc,metaspace ] GC(21) Metaspace: 62626K->62626K(1105920K)
[2022-06-13T03:21:53.731+0000][1][gc           ] GC(21) Pause Young (Allocation Failure) 132M->66M(247M) 9.090ms
[2022-06-13T03:21:53.731+0000][1][gc,cpu       ] GC(21) User=0.03s Sys=0.00s Real=0.01s
[2022-06-13T03:21:53.732+0000][1][safepoint    ] Leaving safepoint region
[2022-06-13T03:21:53.732+0000][1][safepoint    ] Total time for which application threads were stopped: 0.0109909 seconds, Stopping threads took: 0.0005136 seconds
[2022-06-13T03:21:53.743+0000][1][safepoint    ] Application time: 0.0103519 seconds
[2022-06-13T03:21:53.743+0000][1][safepoint    ] Entering safepoint region: Deoptimize
[2022-06-13T03:21:53.744+0000][1][safepoint    ] Leaving safepoint region
[2022-06-13T03:21:53.744+0000][1][safepoint    ] Total time for which application threads were stopped: 0.0008939 seconds, Stopping threads took: 0.0002260 seconds
[2022-06-13T03:21:53.749+0000][1][safepoint    ] Application time: 0.0043545 seconds
[2022-06-13T03:21:53.749+0000][1][safepoint    ] Entering safepoint region: RevokeBias
[2022-06-13T03:21:53.750+0000][1][safepoint    ] Leaving safepoint region
[2022-06-13T03:21:53.750+0000][1][safepoint    ] Total time for which application threads were stopped: 0.0011939 seconds, Stopping threads took: 0.0006260 seconds
[2022-06-13T03:21:53.751+0000][1][safepoint    ] Application time: 0.0003917 seconds
[2022-06-13T03:21:53.752+0000][1][safepoint    ] Entering safepoint region: RevokeBias
[2022-06-13T03:21:53.752+0000][1][safepoint    ] Leaving safepoint region
[2022-06-13T03:21:53.753+0000][1][safepoint    ] Total time for which application threads were stopped: 0.0011287 seconds, Stopping threads took: 0.0005168 seconds
[2022-06-13T03:21:53.754+0000][1][safepoint    ] Application time: 0.0002934 seconds
[2022-06-13T03:21:53.754+0000][1][safepoint    ] Entering safepoint region: RevokeBias
[2022-06-13T03:21:53.755+0000][1][safepoint    ] Leaving safepoint region
[2022-06-13T03:21:53.755+0000][1][safepoint    ] Total time for which application threads were stopped: 0.0005662 seconds, Stopping threads took: 0.0003316 seconds
[2022-06-13T03:21:53.756+0000][1][safepoint    ] Application time: 0.0005650 seconds
[2022-06-13T03:21:53.756+0000][1][safepoint    ] Entering safepoint region: RevokeBias
[2022-06-13T03:21:53.756+0000][1][safepoint    ] Leaving safepoint region
[2022-06-13T03:21:53.756+0000][1][safepoint    ] Total time for which application threads were stopped: 0.0003975 seconds, Stopping threads took: 0.0001806 seconds
[2022-06-13T03:21:53.756+0000][1][safepoint    ] Application time: 0.0001671 seconds
[2022-06-13T03:21:53.757+0000][1][safepoint    ] Entering safepoint region: RevokeBias
[2022-06-13T03:21:53.757+0000][1][safepoint    ] Leaving safepoint region
[2022-06-13T03:21:53.757+0000][1][safepoint    ] Total time for which application threads were stopped: 0.0004847 seconds, Stopping threads took: 0.0002458 seconds
[2022-06-13T03:21:53.758+0000][1][safepoint    ] Application time: 0.0003882 seconds
[2022-06-13T03:21:53.758+0000][1][safepoint    ] Entering safepoint region: RevokeBias
[2022-06-13T03:21:53.758+0000][1][safepoint    ] Leaving safepoint region
[2022-06-13T03:21:53.758+0000][1][safepoint    ] Total time for which application threads were stopped: 0.0002871 seconds, Stopping threads took: 0.0001289 seconds
[2022-06-13T03:21:53.759+0000][1][safepoint    ] Application time: 0.0001350 seconds
[2022-06-13T03:21:53.759+0000][1][safepoint    ] Entering safepoint region: RevokeBias
[2022-06-13T03:21:53.759+0000][1][safepoint    ] Leaving safepoint region
[2022-06-13T03:21:53.759+0000][1][safepoint    ] Total time for which application threads were stopped: 0.0003362 seconds, Stopping threads took: 0.0001257 seconds
[2022-06-13T03:21:53.759+0000][1][safepoint    ] Application time: 0.0002158 seconds
[2022-06-13T03:21:53.760+0000][1][safepoint    ] Entering safepoint region: RevokeBias
[2022-06-13T03:21:53.760+0000][1][safepoint    ] Leaving safepoint region
[2022-06-13T03:21:53.760+0000][1][safepoint    ] Total time for which application threads were stopped: 0.0002764 seconds, Stopping threads took: 0.0001449 seconds
[2022-06-13T03:21:53.760+0000][1][safepoint    ] Application time: 0.0001922 seconds
[2022-06-13T03:21:53.761+0000][1][safepoint    ] Entering safepoint region: RevokeBias
[2022-06-13T03:21:53.761+0000][1][safepoint    ] Leaving safepoint region
[2022-06-13T03:21:53.761+0000][1][safepoint    ] Total time for which application threads were stopped: 0.0003614 seconds, Stopping threads took: 0.0001458 seconds
[2022-06-13T03:21:53.761+0000][1][safepoint    ] Application time: 0.0001887 seconds
[2022-06-13T03:21:53.761+0000][1][safepoint    ] Entering safepoint region: RevokeBias
[2022-06-13T03:21:53.762+0000][1][safepoint    ] Leaving safepoint region
[2022-06-13T03:21:53.762+0000][1][safepoint    ] Total time for which application threads were stopped: 0.0002825 seconds, Stopping threads took: 0.0001267 seconds
[2022-06-13T03:21:53.762+0000][1][safepoint    ] Application time: 0.0001963 seconds
[2022-06-13T03:21:53.762+0000][1][safepoint    ] Entering safepoint region: RevokeBias
[2022-06-13T03:21:53.763+0000][1][safepoint    ] Leaving safepoint region
[2022-06-13T03:21:53.763+0000][1][safepoint    ] Total time for which application threads were stopped: 0.0003506 seconds, Stopping threads took: 0.0001868 seconds
[2022-06-13T03:21:53.763+0000][1][safepoint    ] Application time: 0.0001510 seconds
[2022-06-13T03:21:53.763+0000][1][safepoint    ] Entering safepoint region: RevokeBias
[2022-06-13T03:21:53.763+0000][1][safepoint    ] Leaving safepoint region
[2022-06-13T03:21:53.763+0000][1][safepoint    ] Total time for which application threads were stopped: 0.0001689 seconds, Stopping threads took: 0.0000778 seconds
[2022-06-13T03:21:53.764+0000][1][safepoint    ] Application time: 0.0003198 seconds
[2022-06-13T03:21:53.764+0000][1][safepoint    ] Entering safepoint region: BulkRevokeBias
[2022-06-13T03:21:53.764+0000][1][safepoint    ] Leaving safepoint region
[2022-06-13T03:21:53.764+0000][1][safepoint    ] Total time for which application threads were stopped: 0.0003256 seconds, Stopping threads took: 0.0000852 seconds
[2022-06-13T03:21:53.765+0000][1][safepoint    ] Application time: 0.0006739 seconds
[2022-06-13T03:21:53.765+0000][1][safepoint    ] Entering safepoint region: RevokeBias
[2022-06-13T03:21:53.765+0000][1][safepoint    ] Leaving safepoint region
[2022-06-13T03:21:53.765+0000][1][safepoint    ] Total time for which application threads were stopped: 0.0002286 seconds, Stopping threads took: 0.0001027 seconds
[2022-06-13T03:21:53.765+0000][1][safepoint    ] Application time: 0.0000826 seconds
[2022-06-13T03:21:53.766+0000][1][safepoint    ] Entering safepoint region: RevokeBias
[2022-06-13T03:21:53.766+0000][1][safepoint    ] Leaving safepoint region
[2022-06-13T03:21:53.766+0000][1][safepoint    ] Total time for which application threads were stopped: 0.0002197 seconds, Stopping threads took: 0.0001002 seconds
[2022-06-13T03:21:53.767+0000][1][safepoint    ] Application time: 0.0015527 seconds
[2022-06-13T03:21:53.767+0000][1][safepoint    ] Entering safepoint region: Deoptimize
[2022-06-13T03:21:53.768+0000][1][safepoint    ] Leaving safepoint region
[2022-06-13T03:21:53.768+0000][1][safepoint    ] Total time for which application threads were stopped: 0.0005699 seconds, Stopping threads took: 0.0001094 seconds
[2022-06-13T03:21:53.769+0000][1][safepoint    ] Application time: 0.0004543 seconds
[2022-06-13T03:21:53.769+0000][1][safepoint    ] Entering safepoint region: RevokeBias
[2022-06-13T03:21:53.769+0000][1][safepoint    ] Leaving safepoint region
[2022-06-13T03:21:53.769+0000][1][safepoint    ] Total time for which application threads were stopped: 0.0004375 seconds, Stopping threads took: 0.0000943 seconds
[2022-06-13T03:21:53.793+0000][1][safepoint    ] Application time: 0.0238311 seconds
[2022-06-13T03:21:53.793+0000][1][safepoint    ] Entering safepoint region: RevokeBias
[2022-06-13T03:21:53.794+0000][1][safepoint    ] Leaving safepoint region
[2022-06-13T03:21:53.794+0000][1][safepoint    ] Total time for which application threads were stopped: 0.0006459 seconds, Stopping threads took: 0.0003005 seconds
[2022-06-13T03:21:53.794+0000][1][safepoint    ] Application time: 0.0001234 seconds
[2022-06-13T03:21:53.795+0000][1][safepoint    ] Entering safepoint region: RevokeBias
[2022-06-13T03:21:53.795+0000][1][safepoint    ] Leaving safepoint region
[2022-06-13T03:21:53.795+0000][1][safepoint    ] Total time for which application threads were stopped: 0.0007885 seconds, Stopping threads took: 0.0003960 seconds
[2022-06-13T03:21:53.796+0000][1][safepoint    ] Application time: 0.0005013 seconds
[2022-06-13T03:21:53.796+0000][1][safepoint    ] Entering safepoint region: RevokeBias
[2022-06-13T03:21:53.796+0000][1][safepoint    ] Leaving safepoint region
[2022-06-13T03:21:53.797+0000][1][safepoint    ] Total time for which application threads were stopped: 0.0003173 seconds, Stopping threads took: 0.0001529 seconds
[2022-06-13T03:21:53.797+0000][1][safepoint    ] Application time: 0.0008206 seconds
[2022-06-13T03:21:53.798+0000][1][safepoint    ] Entering safepoint region: RevokeBias
[2022-06-13T03:21:53.798+0000][1][safepoint    ] Leaving safepoint region
[2022-06-13T03:21:53.798+0000][1][safepoint    ] Total time for which application threads were stopped: 0.0004068 seconds, Stopping threads took: 0.0001844 seconds
[2022-06-13T03:21:53.798+0000][1][safepoint    ] Application time: 0.0000922 seconds
[2022-06-13T03:21:53.799+0000][1][safepoint    ] Entering safepoint region: RevokeBias
[2022-06-13T03:21:53.799+0000][1][safepoint    ] Leaving safepoint region
[2022-06-13T03:21:53.799+0000][1][safepoint    ] Total time for which application threads were stopped: 0.0006205 seconds, Stopping threads took: 0.0002483 seconds
[2022-06-13T03:21:53.800+0000][1][safepoint    ] Application time: 0.0001075 seconds
[2022-06-13T03:21:53.800+0000][1][safepoint    ] Entering safepoint region: RevokeBias
[2022-06-13T03:21:53.800+0000][1][safepoint    ] Leaving safepoint region
[2022-06-13T03:21:53.800+0000][1][safepoint    ] Total time for which application threads were stopped: 0.0004451 seconds, Stopping threads took: 0.0002198 seconds
[2022-06-13T03:21:53.801+0000][1][safepoint    ] Application time: 0.0002086 seconds
[2022-06-13T03:21:53.801+0000][1][safepoint    ] Entering safepoint region: RevokeBias
[2022-06-13T03:21:53.801+0000][1][safepoint    ] Leaving safepoint region
[2022-06-13T03:21:53.801+0000][1][safepoint    ] Total time for which application threads were stopped: 0.0004481 seconds, Stopping threads took: 0.0002145 seconds
[2022-06-13T03:21:53.802+0000][1][safepoint    ] Application time: 0.0002405 seconds
[2022-06-13T03:21:53.802+0000][1][safepoint    ] Entering safepoint region: RevokeBias
[2022-06-13T03:21:53.802+0000][1][safepoint    ] Leaving safepoint region
[2022-06-13T03:21:53.802+0000][1][safepoint    ] Total time for which application threads were stopped: 0.0004138 seconds, Stopping threads took: 0.0001983 seconds
[2022-06-13T03:21:53.803+0000][1][safepoint    ] Application time: 0.0004952 seconds
[2022-06-13T03:21:53.803+0000][1][safepoint    ] Entering safepoint region: RevokeBias
[2022-06-13T03:21:53.804+0000][1][safepoint    ] Leaving safepoint region
[2022-06-13T03:21:53.804+0000][1][safepoint    ] Total time for which application threads were stopped: 0.0005747 seconds, Stopping threads took: 0.0003724 seconds
[2022-06-13T03:21:53.804+0000][1][safepoint    ] Application time: 0.0001929 seconds
[2022-06-13T03:21:53.804+0000][1][safepoint    ] Entering safepoint region: RevokeBias
[2022-06-13T03:21:53.804+0000][1][safepoint    ] Leaving safepoint region
[2022-06-13T03:21:53.805+0000][1][safepoint    ] Total time for which application threads were stopped: 0.0004670 seconds, Stopping threads took: 0.0001729 seconds
[2022-06-13T03:21:53.805+0000][1][safepoint    ] Application time: 0.0001431 seconds
[2022-06-13T03:21:53.805+0000][1][safepoint    ] Entering safepoint region: RevokeBias
[2022-06-13T03:21:53.805+0000][1][safepoint    ] Leaving safepoint region
[2022-06-13T03:21:53.805+0000][1][safepoint    ] Total time for which application threads were stopped: 0.0003594 seconds, Stopping threads took: 0.0002478 seconds
[2022-06-13T03:21:53.806+0000][1][safepoint    ] Application time: 0.0005819 seconds
[2022-06-13T03:21:53.806+0000][1][safepoint    ] Entering safepoint region: RevokeBias
[2022-06-13T03:21:53.807+0000][1][safepoint    ] Leaving safepoint region
[2022-06-13T03:21:53.807+0000][1][safepoint    ] Total time for which application threads were stopped: 0.0002902 seconds, Stopping threads took: 0.0001550 seconds
[2022-06-13T03:21:53.807+0000][1][safepoint    ] Application time: 0.0001063 seconds
[2022-06-13T03:21:53.807+0000][1][safepoint    ] Entering safepoint region: RevokeBias
[2022-06-13T03:21:53.807+0000][1][safepoint    ] Leaving safepoint region
[2022-06-13T03:21:53.807+0000][1][safepoint    ] Total time for which application threads were stopped: 0.0002612 seconds, Stopping threads took: 0.0001318 seconds
[2022-06-13T03:21:53.808+0000][1][safepoint    ] Application time: 0.0002268 seconds
[2022-06-13T03:21:53.808+0000][1][safepoint    ] Entering safepoint region: RevokeBias
[2022-06-13T03:21:53.808+0000][1][safepoint    ] Leaving safepoint region
[2022-06-13T03:21:53.808+0000][1][safepoint    ] Total time for which application threads were stopped: 0.0002847 seconds, Stopping threads took: 0.0001472 seconds
[2022-06-13T03:21:53.808+0000][1][safepoint    ] Application time: 0.0004073 seconds
[2022-06-13T03:21:53.809+0000][1][safepoint    ] Entering safepoint region: BulkRevokeBias
[2022-06-13T03:21:53.809+0000][1][safepoint    ] Leaving safepoint region
[2022-06-13T03:21:53.809+0000][1][safepoint    ] Total time for which application threads were stopped: 0.0003600 seconds, Stopping threads took: 0.0001623 seconds
[2022-06-13T03:21:53.809+0000][1][safepoint    ] Application time: 0.0003728 seconds
[2022-06-13T03:21:53.810+0000][1][safepoint    ] Entering safepoint region: RevokeBias
[2022-06-13T03:21:53.810+0000][1][safepoint    ] Leaving safepoint region
[2022-06-13T03:21:53.810+0000][1][safepoint    ] Total time for which application threads were stopped: 0.0002866 seconds, Stopping threads took: 0.0001699 seconds
[2022-06-13T03:21:53.810+0000][1][safepoint    ] Application time: 0.0003470 seconds
[2022-06-13T03:21:53.810+0000][1][safepoint    ] Entering safepoint region: RevokeBias
[2022-06-13T03:21:53.811+0000][1][safepoint    ] Leaving safepoint region
[2022-06-13T03:21:53.811+0000][1][safepoint    ] Total time for which application threads were stopped: 0.0002150 seconds, Stopping threads took: 0.0000971 seconds
[2022-06-13T03:21:53.811+0000][1][safepoint    ] Application time: 0.0002387 seconds
[2022-06-13T03:21:53.811+0000][1][safepoint    ] Entering safepoint region: RevokeBias
[2022-06-13T03:21:53.811+0000][1][safepoint    ] Leaving safepoint region
[2022-06-13T03:21:53.811+0000][1][safepoint    ] Total time for which application threads were stopped: 0.0002455 seconds, Stopping threads took: 0.0001242 seconds
[2022-06-13T03:21:53.812+0000][1][safepoint    ] Application time: 0.0005665 seconds
[2022-06-13T03:21:53.812+0000][1][safepoint    ] Entering safepoint region: RevokeBias
[2022-06-13T03:21:53.812+0000][1][safepoint    ] Leaving safepoint region
[2022-06-13T03:21:53.812+0000][1][safepoint    ] Total time for which application threads were stopped: 0.0002345 seconds, Stopping threads took: 0.0001131 seconds
[2022-06-13T03:21:53.813+0000][1][safepoint    ] Application time: 0.0001205 seconds
[2022-06-13T03:21:53.813+0000][1][safepoint    ] Entering safepoint region: RevokeBias
[2022-06-13T03:21:53.813+0000][1][safepoint    ] Leaving safepoint region
[2022-06-13T03:21:53.813+0000][1][safepoint    ] Total time for which application threads were stopped: 0.0002443 seconds, Stopping threads took: 0.0001101 seconds
[2022-06-13T03:21:53.813+0000][1][safepoint    ] Application time: 0.0000730 seconds
[2022-06-13T03:21:53.813+0000][1][safepoint    ] Entering safepoint region: RevokeBias
[2022-06-13T03:21:53.813+0000][1][safepoint    ] Leaving safepoint region
[2022-06-13T03:21:53.813+0000][1][safepoint    ] Total time for which application threads were stopped: 0.0002236 seconds, Stopping threads took: 0.0000951 seconds
[2022-06-13T03:21:53.814+0000][1][safepoint    ] Application time: 0.0002449 seconds
[2022-06-13T03:21:53.814+0000][1][safepoint    ] Entering safepoint region: RevokeBias
[2022-06-13T03:21:53.814+0000][1][safepoint    ] Leaving safepoint region
[2022-06-13T03:21:53.814+0000][1][safepoint    ] Total time for which application threads were stopped: 0.0002255 seconds, Stopping threads took: 0.0000934 seconds
[2022-06-13T03:21:53.814+0000][1][safepoint    ] Application time: 0.0000558 seconds
[2022-06-13T03:21:53.814+0000][1][safepoint    ] Entering safepoint region: RevokeBias
[2022-06-13T03:21:53.814+0000][1][safepoint    ] Leaving safepoint region
[2022-06-13T03:21:53.815+0000][1][safepoint    ] Total time for which application threads were stopped: 0.0002266 seconds, Stopping threads took: 0.0000985 seconds
[2022-06-13T03:21:53.817+0000][1][safepoint    ] Application time: 0.0023617 seconds
[2022-06-13T03:21:53.817+0000][1][safepoint    ] Entering safepoint region: RevokeBias
[2022-06-13T03:21:53.817+0000][1][safepoint    ] Leaving safepoint region
[2022-06-13T03:21:53.817+0000][1][safepoint    ] Total time for which application threads were stopped: 0.0002909 seconds, Stopping threads took: 0.0001320 seconds
[2022-06-13T03:21:53.818+0000][1][safepoint    ] Application time: 0.0000814 seconds
[2022-06-13T03:21:53.818+0000][1][safepoint    ] Entering safepoint region: RevokeBias
[2022-06-13T03:21:53.818+0000][1][safepoint    ] Leaving safepoint region
[2022-06-13T03:21:53.818+0000][1][safepoint    ] Total time for which application threads were stopped: 0.0002775 seconds, Stopping threads took: 0.0001268 seconds
[2022-06-13T03:21:53.820+0000][1][safepoint    ] Application time: 0.0017515 seconds
[2022-06-13T03:21:53.820+0000][1][safepoint    ] Entering safepoint region: RevokeBias
[2022-06-13T03:21:53.820+0000][1][safepoint    ] Leaving safepoint region
[2022-06-13T03:21:53.820+0000][1][safepoint    ] Total time for which application threads were stopped: 0.0003038 seconds, Stopping threads took: 0.0001784 seconds
[2022-06-13T03:21:53.820+0000][1][safepoint    ] Application time: 0.0001226 seconds
[2022-06-13T03:21:53.821+0000][1][safepoint    ] Entering safepoint region: RevokeBias
[2022-06-13T03:21:53.821+0000][1][safepoint    ] Leaving safepoint region
[2022-06-13T03:21:53.821+0000][1][safepoint    ] Total time for which application threads were stopped: 0.0002550 seconds, Stopping threads took: 0.0001156 seconds
[2022-06-13T03:21:53.821+0000][1][safepoint    ] Application time: 0.0001133 seconds
[2022-06-13T03:21:53.821+0000][1][safepoint    ] Entering safepoint region: RevokeBias
[2022-06-13T03:21:53.822+0000][1][safepoint    ] Leaving safepoint region
[2022-06-13T03:21:53.822+0000][1][safepoint    ] Total time for which application threads were stopped: 0.0004312 seconds, Stopping threads took: 0.0002948 seconds
[2022-06-13T03:21:53.822+0000][1][safepoint    ] Application time: 0.0001383 seconds
[2022-06-13T03:21:53.822+0000][1][safepoint    ] Entering safepoint region: RevokeBias
[2022-06-13T03:21:53.822+0000][1][safepoint    ] Leaving safepoint region
[2022-06-13T03:21:53.822+0000][1][safepoint    ] Total time for which application threads were stopped: 0.0002801 seconds, Stopping threads took: 0.0001489 seconds
[2022-06-13T03:21:53.822+0000][1][safepoint    ] Application time: 0.0000818 seconds
[2022-06-13T03:21:53.823+0000][1][safepoint    ] Entering safepoint region: RevokeBias
[2022-06-13T03:21:53.823+0000][1][safepoint    ] Leaving safepoint region
[2022-06-13T03:21:53.823+0000][1][safepoint    ] Total time for which application threads were stopped: 0.0002673 seconds, Stopping threads took: 0.0001319 seconds
[2022-06-13T03:21:53.823+0000][1][safepoint    ] Application time: 0.0001710 seconds
[2022-06-13T03:21:53.823+0000][1][safepoint    ] Entering safepoint region: RevokeBias
[2022-06-13T03:21:53.823+0000][1][safepoint    ] Leaving safepoint region
[2022-06-13T03:21:53.823+0000][1][safepoint    ] Total time for which application threads were stopped: 0.0003000 seconds, Stopping threads took: 0.0001592 seconds
[2022-06-13T03:21:53.824+0000][1][safepoint    ] Application time: 0.0000709 seconds
[2022-06-13T03:21:53.824+0000][1][safepoint    ] Entering safepoint region: RevokeBias
[2022-06-13T03:21:53.824+0000][1][safepoint    ] Leaving safepoint region
[2022-06-13T03:21:53.824+0000][1][safepoint    ] Total time for which application threads were stopped: 0.0002734 seconds, Stopping threads took: 0.0001123 seconds
[2022-06-13T03:21:53.824+0000][1][safepoint    ] Application time: 0.0000863 seconds
[2022-06-13T03:21:53.824+0000][1][safepoint    ] Entering safepoint region: RevokeBias
[2022-06-13T03:21:53.824+0000][1][safepoint    ] Leaving safepoint region
[2022-06-13T03:21:53.825+0000][1][safepoint    ] Total time for which application threads were stopped: 0.0002308 seconds, Stopping threads took: 0.0001089 seconds
[2022-06-13T03:21:53.825+0000][1][safepoint    ] Application time: 0.0003452 seconds
[2022-06-13T03:21:53.825+0000][1][safepoint    ] Entering safepoint region: RevokeBias
[2022-06-13T03:21:53.825+0000][1][safepoint    ] Leaving safepoint region
[2022-06-13T03:21:53.825+0000][1][safepoint    ] Total time for which application threads were stopped: 0.0002521 seconds, Stopping threads took: 0.0001081 seconds
[2022-06-13T03:21:53.826+0000][1][safepoint    ] Application time: 0.0000991 seconds
[2022-06-13T03:21:53.826+0000][1][safepoint    ] Entering safepoint region: RevokeBias
[2022-06-13T03:21:53.826+0000][1][safepoint    ] Leaving safepoint region
[2022-06-13T03:21:53.826+0000][1][safepoint    ] Total time for which application threads were stopped: 0.0002423 seconds, Stopping threads took: 0.0001102 seconds
[2022-06-13T03:21:53.826+0000][1][safepoint    ] Application time: 0.0004375 seconds
[2022-06-13T03:21:53.827+0000][1][safepoint    ] Entering safepoint region: RevokeBias
[2022-06-13T03:21:53.827+0000][1][safepoint    ] Leaving safepoint region
[2022-06-13T03:21:53.827+0000][1][safepoint    ] Total time for which application threads were stopped: 0.0005675 seconds, Stopping threads took: 0.0002441 seconds
[2022-06-13T03:21:53.828+0000][1][safepoint    ] Application time: 0.0009337 seconds
[2022-06-13T03:21:53.829+0000][1][safepoint    ] Entering safepoint region: RevokeBias
[2022-06-13T03:21:53.829+0000][1][safepoint    ] Leaving safepoint region
[2022-06-13T03:21:53.829+0000][1][safepoint    ] Total time for which application threads were stopped: 0.0006982 seconds, Stopping threads took: 0.0004222 seconds
[2022-06-13T03:21:53.830+0000][1][safepoint    ] Application time: 0.0000656 seconds
[2022-06-13T03:21:53.830+0000][1][safepoint    ] Entering safepoint region: RevokeBias
[2022-06-13T03:21:53.830+0000][1][safepoint    ] Leaving safepoint region
[2022-06-13T03:21:53.830+0000][1][safepoint    ] Total time for which application threads were stopped: 0.0004419 seconds, Stopping threads took: 0.0001974 seconds
[2022-06-13T03:21:53.831+0000][1][safepoint    ] Application time: 0.0006066 seconds
[2022-06-13T03:21:53.831+0000][1][safepoint    ] Entering safepoint region: RevokeBias
[2022-06-13T03:21:53.831+0000][1][safepoint    ] Leaving safepoint region
[2022-06-13T03:21:53.832+0000][1][safepoint    ] Total time for which application threads were stopped: 0.0004320 seconds, Stopping threads took: 0.0002749 seconds
[2022-06-13T03:21:53.832+0000][1][safepoint    ] Application time: 0.0003644 seconds
[2022-06-13T03:21:53.832+0000][1][safepoint    ] Entering safepoint region: RevokeBias
[2022-06-13T03:21:53.833+0000][1][safepoint    ] Leaving safepoint region
[2022-06-13T03:21:53.833+0000][1][safepoint    ] Total time for which application threads were stopped: 0.0004073 seconds, Stopping threads took: 0.0002628 seconds
[2022-06-13T03:21:53.833+0000][1][safepoint    ] Application time: 0.0003576 seconds
[2022-06-13T03:21:53.833+0000][1][safepoint    ] Entering safepoint region: RevokeBias
[2022-06-13T03:21:53.834+0000][1][safepoint    ] Leaving safepoint region
[2022-06-13T03:21:53.834+0000][1][safepoint    ] Total time for which application threads were stopped: 0.0002969 seconds, Stopping threads took: 0.0001493 seconds
[2022-06-13T03:21:53.834+0000][1][safepoint    ] Application time: 0.0000776 seconds
[2022-06-13T03:21:53.834+0000][1][safepoint    ] Entering safepoint region: RevokeBias
[2022-06-13T03:21:53.835+0000][1][safepoint    ] Leaving safepoint region
[2022-06-13T03:21:53.835+0000][1][safepoint    ] Total time for which application threads were stopped: 0.0003925 seconds, Stopping threads took: 0.0002641 seconds
[2022-06-13T03:21:53.835+0000][1][safepoint    ] Application time: 0.0002557 seconds
[2022-06-13T03:21:53.835+0000][1][safepoint    ] Entering safepoint region: RevokeBias
[2022-06-13T03:21:53.835+0000][1][safepoint    ] Leaving safepoint region
[2022-06-13T03:21:53.836+0000][1][safepoint    ] Total time for which application threads were stopped: 0.0003441 seconds, Stopping threads took: 0.0001567 seconds
[2022-06-13T03:21:53.836+0000][1][safepoint    ] Application time: 0.0005136 seconds
[2022-06-13T03:21:53.837+0000][1][safepoint    ] Entering safepoint region: RevokeBias
[2022-06-13T03:21:53.837+0000][1][safepoint    ] Leaving safepoint region
[2022-06-13T03:21:53.837+0000][1][safepoint    ] Total time for which application threads were stopped: 0.0004154 seconds, Stopping threads took: 0.0002504 seconds
[2022-06-13T03:21:53.837+0000][1][safepoint    ] Application time: 0.0001307 seconds
[2022-06-13T03:21:53.837+0000][1][safepoint    ] Entering safepoint region: RevokeBias
[2022-06-13T03:21:53.837+0000][1][safepoint    ] Leaving safepoint region
[2022-06-13T03:21:53.838+0000][1][safepoint    ] Total time for which application threads were stopped: 0.0003072 seconds, Stopping threads took: 0.0001454 seconds
[2022-06-13T03:21:53.838+0000][1][safepoint    ] Application time: 0.0002057 seconds
[2022-06-13T03:21:53.838+0000][1][safepoint    ] Entering safepoint region: RevokeBias
[2022-06-13T03:21:53.838+0000][1][safepoint    ] Leaving safepoint region
[2022-06-13T03:21:53.838+0000][1][safepoint    ] Total time for which application threads were stopped: 0.0003344 seconds, Stopping threads took: 0.0002027 seconds
[2022-06-13T03:21:53.839+0000][1][safepoint    ] Application time: 0.0000661 seconds
[2022-06-13T03:21:53.839+0000][1][safepoint    ] Entering safepoint region: RevokeBias
[2022-06-13T03:21:53.839+0000][1][safepoint    ] Leaving safepoint region
[2022-06-13T03:21:53.839+0000][1][safepoint    ] Total time for which application threads were stopped: 0.0002268 seconds, Stopping threads took: 0.0001231 seconds
[2022-06-13T03:21:53.841+0000][1][safepoint    ] Application time: 0.0017589 seconds
[2022-06-13T03:21:53.841+0000][1][safepoint    ] Entering safepoint region: RevokeBias
[2022-06-13T03:21:53.841+0000][1][safepoint    ] Leaving safepoint region
[2022-06-13T03:21:53.841+0000][1][safepoint    ] Total time for which application threads were stopped: 0.0003422 seconds, Stopping threads took: 0.0001747 seconds
[2022-06-13T03:21:53.842+0000][1][safepoint    ] Application time: 0.0001149 seconds
[2022-06-13T03:21:53.842+0000][1][safepoint    ] Entering safepoint region: RevokeBias
[2022-06-13T03:21:53.842+0000][1][safepoint    ] Leaving safepoint region
[2022-06-13T03:21:53.842+0000][1][safepoint    ] Total time for which application threads were stopped: 0.0003346 seconds, Stopping threads took: 0.0002083 seconds
[2022-06-13T03:21:53.844+0000][1][safepoint    ] Application time: 0.0018289 seconds
[2022-06-13T03:21:53.844+0000][1][safepoint    ] Entering safepoint region: RevokeBias
[2022-06-13T03:21:53.844+0000][1][safepoint    ] Leaving safepoint region
[2022-06-13T03:21:53.844+0000][1][safepoint    ] Total time for which application threads were stopped: 0.0002913 seconds, Stopping threads took: 0.0001598 seconds
[2022-06-13T03:21:53.846+0000][1][safepoint    ] Application time: 0.0013164 seconds
[2022-06-13T03:21:53.846+0000][1][safepoint    ] Entering safepoint region: RevokeBias
[2022-06-13T03:21:53.846+0000][1][safepoint    ] Leaving safepoint region
[2022-06-13T03:21:53.846+0000][1][safepoint    ] Total time for which application threads were stopped: 0.0002385 seconds, Stopping threads took: 0.0001143 seconds
[2022-06-13T03:21:53.847+0000][1][safepoint    ] Application time: 0.0007217 seconds
[2022-06-13T03:21:53.847+0000][1][safepoint    ] Entering safepoint region: RevokeBias
[2022-06-13T03:21:53.848+0000][1][safepoint    ] Leaving safepoint region
[2022-06-13T03:21:53.848+0000][1][safepoint    ] Total time for which application threads were stopped: 0.0003371 seconds, Stopping threads took: 0.0002077 seconds
[2022-06-13T03:21:53.848+0000][1][safepoint    ] Application time: 0.0001232 seconds
[2022-06-13T03:21:53.848+0000][1][safepoint    ] Entering safepoint region: RevokeBias
[2022-06-13T03:21:53.848+0000][1][safepoint    ] Leaving safepoint region
[2022-06-13T03:21:53.848+0000][1][safepoint    ] Total time for which application threads were stopped: 0.0002283 seconds, Stopping threads took: 0.0001114 seconds
[2022-06-13T03:21:53.848+0000][1][safepoint    ] Application time: 0.0001051 seconds
[2022-06-13T03:21:53.849+0000][1][safepoint    ] Entering safepoint region: RevokeBias
[2022-06-13T03:21:53.849+0000][1][safepoint    ] Leaving safepoint region
[2022-06-13T03:21:53.849+0000][1][safepoint    ] Total time for which application threads were stopped: 0.0002368 seconds, Stopping threads took: 0.0001291 seconds
[2022-06-13T03:21:53.857+0000][1][safepoint    ] Application time: 0.0084923 seconds
[2022-06-13T03:21:53.858+0000][1][safepoint    ] Entering safepoint region: RevokeBias
[2022-06-13T03:21:53.858+0000][1][safepoint    ] Leaving safepoint region
[2022-06-13T03:21:53.859+0000][1][safepoint    ] Total time for which application threads were stopped: 0.0010740 seconds, Stopping threads took: 0.0004753 seconds
[2022-06-13T03:21:53.859+0000][1][safepoint    ] Application time: 0.0001381 seconds
[2022-06-13T03:21:53.859+0000][1][safepoint    ] Entering safepoint region: RevokeBias
[2022-06-13T03:21:53.860+0000][1][safepoint    ] Leaving safepoint region
[2022-06-13T03:21:53.860+0000][1][safepoint    ] Total time for which application threads were stopped: 0.0004234 seconds, Stopping threads took: 0.0002806 seconds
[2022-06-13T03:21:53.890+0000][1][safepoint    ] Application time: 0.0304532 seconds
[2022-06-13T03:21:53.891+0000][1][safepoint    ] Entering safepoint region: RevokeBias
[2022-06-13T03:21:53.891+0000][1][safepoint    ] Leaving safepoint region
[2022-06-13T03:21:53.891+0000][1][safepoint    ] Total time for which application threads were stopped: 0.0007518 seconds, Stopping threads took: 0.0003198 seconds
[2022-06-13T03:21:53.892+0000][1][safepoint    ] Application time: 0.0001375 seconds
[2022-06-13T03:21:53.892+0000][1][safepoint    ] Entering safepoint region: RevokeBias
[2022-06-13T03:21:53.892+0000][1][safepoint    ] Leaving safepoint region
[2022-06-13T03:21:53.892+0000][1][safepoint    ] Total time for which application threads were stopped: 0.0002271 seconds, Stopping threads took: 0.0000896 seconds
[2022-06-13T03:21:53.896+0000][1][safepoint    ] Application time: 0.0039376 seconds
[2022-06-13T03:21:53.897+0000][1][safepoint    ] Entering safepoint region: RevokeBias
[2022-06-13T03:21:53.897+0000][1][safepoint    ] Leaving safepoint region
[2022-06-13T03:21:53.897+0000][1][safepoint    ] Total time for which application threads were stopped: 0.0005035 seconds, Stopping threads took: 0.0003145 seconds
[2022-06-13T03:21:53.899+0000][1][safepoint    ] Application time: 0.0014205 seconds
[2022-06-13T03:21:53.899+0000][1][safepoint    ] Entering safepoint region: RevokeBias
[2022-06-13T03:21:53.899+0000][1][safepoint    ] Leaving safepoint region
[2022-06-13T03:21:53.899+0000][1][safepoint    ] Total time for which application threads were stopped: 0.0006329 seconds, Stopping threads took: 0.0001753 seconds
[2022-06-13T03:21:53.904+0000][1][safepoint    ] Application time: 0.0047799 seconds
[2022-06-13T03:21:53.905+0000][1][safepoint    ] Entering safepoint region: RevokeBias
[2022-06-13T03:21:53.905+0000][1][safepoint    ] Leaving safepoint region
[2022-06-13T03:21:53.905+0000][1][safepoint    ] Total time for which application threads were stopped: 0.0004636 seconds, Stopping threads took: 0.0002097 seconds
[2022-06-13T03:21:53.911+0000][1][safepoint    ] Application time: 0.0058373 seconds
[2022-06-13T03:21:53.911+0000][1][safepoint    ] Entering safepoint region: RevokeBias
[2022-06-13T03:21:53.912+0000][1][safepoint    ] Leaving safepoint region
[2022-06-13T03:21:53.912+0000][1][safepoint    ] Total time for which application threads were stopped: 0.0007119 seconds, Stopping threads took: 0.0002924 seconds
[2022-06-13T03:21:53.913+0000][1][safepoint    ] Application time: 0.0001955 seconds
[2022-06-13T03:21:53.913+0000][1][safepoint    ] Entering safepoint region: RevokeBias
[2022-06-13T03:21:53.913+0000][1][safepoint    ] Leaving safepoint region
[2022-06-13T03:21:53.914+0000][1][safepoint    ] Total time for which application threads were stopped: 0.0006119 seconds, Stopping threads took: 0.0003107 seconds
[2022-06-13T03:21:53.914+0000][1][safepoint    ] Application time: 0.0000729 seconds
[2022-06-13T03:21:53.914+0000][1][safepoint    ] Entering safepoint region: RevokeBias
[2022-06-13T03:21:53.914+0000][1][safepoint    ] Leaving safepoint region
[2022-06-13T03:21:53.914+0000][1][safepoint    ] Total time for which application threads were stopped: 0.0001800 seconds, Stopping threads took: 0.0000813 seconds
[2022-06-13T03:21:53.914+0000][1][safepoint    ] Application time: 0.0000747 seconds
[2022-06-13T03:21:53.914+0000][1][safepoint    ] Entering safepoint region: RevokeBias
[2022-06-13T03:21:53.915+0000][1][safepoint    ] Leaving safepoint region
[2022-06-13T03:21:53.915+0000][1][safepoint    ] Total time for which application threads were stopped: 0.0002023 seconds, Stopping threads took: 0.0000984 seconds
[2022-06-13T03:21:53.915+0000][1][safepoint    ] Application time: 0.0000631 seconds
[2022-06-13T03:21:53.915+0000][1][safepoint    ] Entering safepoint region: RevokeBias
[2022-06-13T03:21:53.915+0000][1][safepoint    ] Leaving safepoint region
[2022-06-13T03:21:53.915+0000][1][safepoint    ] Total time for which application threads were stopped: 0.0002047 seconds, Stopping threads took: 0.0000980 seconds
[2022-06-13T03:21:53.915+0000][1][safepoint    ] Application time: 0.0000663 seconds
[2022-06-13T03:21:53.915+0000][1][safepoint    ] Entering safepoint region: RevokeBias
[2022-06-13T03:21:53.915+0000][1][safepoint    ] Leaving safepoint region
[2022-06-13T03:21:53.916+0000][1][safepoint    ] Total time for which application threads were stopped: 0.0002384 seconds, Stopping threads took: 0.0001056 seconds
[2022-06-13T03:21:53.916+0000][1][safepoint    ] Application time: 0.0000619 seconds
[2022-06-13T03:21:53.916+0000][1][safepoint    ] Entering safepoint region: RevokeBias
[2022-06-13T03:21:53.916+0000][1][safepoint    ] Leaving safepoint region
[2022-06-13T03:21:53.916+0000][1][safepoint    ] Total time for which application threads were stopped: 0.0003767 seconds, Stopping threads took: 0.0001941 seconds
[2022-06-13T03:21:53.916+0000][1][safepoint    ] Application time: 0.0000585 seconds
[2022-06-13T03:21:53.916+0000][1][safepoint    ] Entering safepoint region: RevokeBias
[2022-06-13T03:21:53.917+0000][1][safepoint    ] Leaving safepoint region
[2022-06-13T03:21:53.917+0000][1][safepoint    ] Total time for which application threads were stopped: 0.0003340 seconds, Stopping threads took: 0.0001483 seconds
[2022-06-13T03:21:53.930+0000][1][safepoint    ] Application time: 0.0125551 seconds
[2022-06-13T03:21:53.930+0000][1][safepoint    ] Entering safepoint region: RevokeBias
[2022-06-13T03:21:53.930+0000][1][safepoint    ] Leaving safepoint region
[2022-06-13T03:21:53.931+0000][1][safepoint    ] Total time for which application threads were stopped: 0.0007521 seconds, Stopping threads took: 0.0003667 seconds
[2022-06-13T03:21:54.014+0000][1][safepoint    ] Application time: 0.0832261 seconds
[2022-06-13T03:21:54.015+0000][1][safepoint    ] Entering safepoint region: RevokeBias
[2022-06-13T03:21:54.015+0000][1][safepoint    ] Leaving safepoint region
[2022-06-13T03:21:54.015+0000][1][safepoint    ] Total time for which application threads were stopped: 0.0007706 seconds, Stopping threads took: 0.0003649 seconds
[2022-06-13T03:21:54.016+0000][1][safepoint    ] Application time: 0.0002065 seconds
[2022-06-13T03:21:54.016+0000][1][safepoint    ] Entering safepoint region: RevokeBias
[2022-06-13T03:21:54.017+0000][1][safepoint    ] Leaving safepoint region
[2022-06-13T03:21:54.017+0000][1][safepoint    ] Total time for which application threads were stopped: 0.0004927 seconds, Stopping threads took: 0.0001599 seconds
[2022-06-13T03:21:54.018+0000][1][safepoint    ] Application time: 0.0012228 seconds
[2022-06-13T03:21:54.019+0000][1][safepoint    ] Entering safepoint region: RevokeBias
[2022-06-13T03:21:54.019+0000][1][safepoint    ] Leaving safepoint region
[2022-06-13T03:21:54.019+0000][1][safepoint    ] Total time for which application threads were stopped: 0.0006510 seconds, Stopping threads took: 0.0002407 seconds
[2022-06-13T03:21:54.020+0000][1][safepoint    ] Application time: 0.0002757 seconds
[2022-06-13T03:21:54.020+0000][1][safepoint    ] Entering safepoint region: RevokeBias
[2022-06-13T03:21:54.021+0000][1][safepoint    ] Leaving safepoint region
[2022-06-13T03:21:54.021+0000][1][safepoint    ] Total time for which application threads were stopped: 0.0003124 seconds, Stopping threads took: 0.0001788 seconds
[2022-06-13T03:21:54.021+0000][1][safepoint    ] Application time: 0.0001207 seconds
[2022-06-13T03:21:54.021+0000][1][safepoint    ] Entering safepoint region: RevokeBias
[2022-06-13T03:21:54.021+0000][1][safepoint    ] Leaving safepoint region
[2022-06-13T03:21:54.021+0000][1][safepoint    ] Total time for which application threads were stopped: 0.0002846 seconds, Stopping threads took: 0.0001272 seconds
[2022-06-13T03:21:54.025+0000][1][safepoint    ] Application time: 0.0039388 seconds
[2022-06-13T03:21:54.026+0000][1][safepoint    ] Entering safepoint region: RevokeBias
[2022-06-13T03:21:54.026+0000][1][safepoint    ] Leaving safepoint region
[2022-06-13T03:21:54.026+0000][1][safepoint    ] Total time for which application threads were stopped: 0.0005336 seconds, Stopping threads took: 0.0001950 seconds
[2022-06-13T03:21:54.027+0000][1][safepoint    ] Application time: 0.0003576 seconds
[2022-06-13T03:21:54.027+0000][1][safepoint    ] Entering safepoint region: RevokeBias
[2022-06-13T03:21:54.028+0000][1][safepoint    ] Leaving safepoint region
[2022-06-13T03:21:54.028+0000][1][safepoint    ] Total time for which application threads were stopped: 0.0006971 seconds, Stopping threads took: 0.0004406 seconds
[2022-06-13T03:21:54.028+0000][1][safepoint    ] Application time: 0.0001676 seconds
[2022-06-13T03:21:54.028+0000][1][safepoint    ] Entering safepoint region: RevokeBias
[2022-06-13T03:21:54.029+0000][1][safepoint    ] Leaving safepoint region
[2022-06-13T03:21:54.029+0000][1][safepoint    ] Total time for which application threads were stopped: 0.0004087 seconds, Stopping threads took: 0.0002196 seconds
[2022-06-13T03:21:54.029+0000][1][safepoint    ] Application time: 0.0004086 seconds
[2022-06-13T03:21:54.030+0000][1][safepoint    ] Entering safepoint region: RevokeBias
[2022-06-13T03:21:54.030+0000][1][safepoint    ] Leaving safepoint region
[2022-06-13T03:21:54.030+0000][1][safepoint    ] Total time for which application threads were stopped: 0.0005534 seconds, Stopping threads took: 0.0003349 seconds
[2022-06-13T03:21:54.031+0000][1][safepoint    ] Application time: 0.0004586 seconds
[2022-06-13T03:21:54.031+0000][1][safepoint    ] Entering safepoint region: RevokeBias
[2022-06-13T03:21:54.031+0000][1][safepoint    ] Leaving safepoint region
[2022-06-13T03:21:54.031+0000][1][safepoint    ] Total time for which application threads were stopped: 0.0006473 seconds, Stopping threads took: 0.0002588 seconds
[2022-06-13T03:21:54.032+0000][1][safepoint    ] Application time: 0.0001272 seconds
[2022-06-13T03:21:54.032+0000][1][safepoint    ] Entering safepoint region: RevokeBias
[2022-06-13T03:21:54.033+0000][1][safepoint    ] Leaving safepoint region
[2022-06-13T03:21:54.033+0000][1][safepoint    ] Total time for which application threads were stopped: 0.0008827 seconds, Stopping threads took: 0.0004532 seconds
[2022-06-13T03:21:54.033+0000][1][safepoint    ] Application time: 0.0001086 seconds
[2022-06-13T03:21:54.034+0000][1][safepoint    ] Entering safepoint region: RevokeBias
[2022-06-13T03:21:54.034+0000][1][safepoint    ] Leaving safepoint region
[2022-06-13T03:21:54.035+0000][1][safepoint    ] Total time for which application threads were stopped: 0.0009505 seconds, Stopping threads took: 0.0005068 seconds
[2022-06-13T03:21:54.035+0000][1][safepoint    ] Application time: 0.0004091 seconds
[2022-06-13T03:21:54.035+0000][1][safepoint    ] Entering safepoint region: RevokeBias
[2022-06-13T03:21:54.036+0000][1][safepoint    ] Leaving safepoint region
[2022-06-13T03:21:54.036+0000][1][safepoint    ] Total time for which application threads were stopped: 0.0003926 seconds, Stopping threads took: 0.0002332 seconds
[2022-06-13T03:21:54.038+0000][1][safepoint    ] Application time: 0.0020271 seconds
[2022-06-13T03:21:54.038+0000][1][safepoint    ] Entering safepoint region: RevokeBias
[2022-06-13T03:21:54.039+0000][1][safepoint    ] Leaving safepoint region
[2022-06-13T03:21:54.039+0000][1][safepoint    ] Total time for which application threads were stopped: 0.0008052 seconds, Stopping threads took: 0.0003926 seconds
[2022-06-13T03:21:54.040+0000][1][safepoint    ] Application time: 0.0009743 seconds
[2022-06-13T03:21:54.040+0000][1][safepoint    ] Entering safepoint region: RevokeBias
[2022-06-13T03:21:54.041+0000][1][safepoint    ] Leaving safepoint region
[2022-06-13T03:21:54.041+0000][1][safepoint    ] Total time for which application threads were stopped: 0.0005184 seconds, Stopping threads took: 0.0003543 seconds
[2022-06-13T03:21:54.041+0000][1][safepoint    ] Application time: 0.0002010 seconds
[2022-06-13T03:21:54.041+0000][1][safepoint    ] Entering safepoint region: RevokeBias
[2022-06-13T03:21:54.041+0000][1][safepoint    ] Leaving safepoint region
[2022-06-13T03:21:54.042+0000][1][safepoint    ] Total time for which application threads were stopped: 0.0002027 seconds, Stopping threads took: 0.0001022 seconds
[2022-06-13T03:21:54.277+0000][1][safepoint    ] Application time: 0.2351180 seconds
[2022-06-13T03:21:54.277+0000][1][safepoint    ] Entering safepoint region: RevokeBias
[2022-06-13T03:21:54.277+0000][1][safepoint    ] Leaving safepoint region
[2022-06-13T03:21:54.277+0000][1][safepoint    ] Total time for which application threads were stopped: 0.0003459 seconds, Stopping threads took: 0.0001971 seconds
[2022-06-13T03:21:54.279+0000][1][safepoint    ] Application time: 0.0019654 seconds
[2022-06-13T03:21:54.280+0000][1][safepoint    ] Entering safepoint region: RevokeBias
[2022-06-13T03:21:54.280+0000][1][safepoint    ] Leaving safepoint region
[2022-06-13T03:21:54.280+0000][1][safepoint    ] Total time for which application threads were stopped: 0.0003755 seconds, Stopping threads took: 0.0001816 seconds
[2022-06-13T03:21:54.298+0000][1][safepoint    ] Application time: 0.0172395 seconds
[2022-06-13T03:21:54.298+0000][1][safepoint    ] Entering safepoint region: RevokeBias
[2022-06-13T03:21:54.298+0000][1][safepoint    ] Leaving safepoint region
[2022-06-13T03:21:54.298+0000][1][safepoint    ] Total time for which application threads were stopped: 0.0002186 seconds, Stopping threads took: 0.0001020 seconds
[2022-06-13T03:21:54.298+0000][1][safepoint    ] Application time: 0.0001126 seconds
[2022-06-13T03:21:54.298+0000][1][safepoint    ] Entering safepoint region: RevokeBias
[2022-06-13T03:21:54.299+0000][1][safepoint    ] Leaving safepoint region
[2022-06-13T03:21:54.299+0000][1][safepoint    ] Total time for which application threads were stopped: 0.0002524 seconds, Stopping threads took: 0.0001110 seconds
[2022-06-13T03:21:54.306+0000][1][safepoint    ] Application time: 0.0077414 seconds
[2022-06-13T03:21:54.307+0000][1][safepoint    ] Entering safepoint region: RevokeBias
[2022-06-13T03:21:54.307+0000][1][safepoint    ] Leaving safepoint region
[2022-06-13T03:21:54.307+0000][1][safepoint    ] Total time for which application threads were stopped: 0.0006975 seconds, Stopping threads took: 0.0003043 seconds
[2022-06-13T03:21:54.315+0000][1][safepoint    ] Application time: 0.0071734 seconds
[2022-06-13T03:21:54.315+0000][1][safepoint    ] Entering safepoint region: RevokeBias
[2022-06-13T03:21:54.315+0000][1][safepoint    ] Leaving safepoint region
[2022-06-13T03:21:54.315+0000][1][safepoint    ] Total time for which application threads were stopped: 0.0005763 seconds, Stopping threads took: 0.0003217 seconds
[2022-06-13T03:21:54.361+0000][1][safepoint    ] Application time: 0.0450364 seconds
[2022-06-13T03:21:54.361+0000][1][safepoint    ] Entering safepoint region: RevokeBias
[2022-06-13T03:21:54.361+0000][1][safepoint    ] Leaving safepoint region
[2022-06-13T03:21:54.361+0000][1][safepoint    ] Total time for which application threads were stopped: 0.0004565 seconds, Stopping threads took: 0.0001473 seconds
[2022-06-13T03:21:54.362+0000][1][safepoint    ] Application time: 0.0003631 seconds
[2022-06-13T03:21:54.362+0000][1][safepoint    ] Entering safepoint region: RevokeBias
[2022-06-13T03:21:54.362+0000][1][safepoint    ] Leaving safepoint region
[2022-06-13T03:21:54.362+0000][1][safepoint    ] Total time for which application threads were stopped: 0.0003662 seconds, Stopping threads took: 0.0001811 seconds
[2022-06-13T03:21:54.363+0000][1][safepoint    ] Application time: 0.0003072 seconds
[2022-06-13T03:21:54.363+0000][1][safepoint    ] Entering safepoint region: RevokeBias
[2022-06-13T03:21:54.363+0000][1][safepoint    ] Leaving safepoint region
[2022-06-13T03:21:54.363+0000][1][safepoint    ] Total time for which application threads were stopped: 0.0003710 seconds, Stopping threads took: 0.0002060 seconds
[2022-06-13T03:21:54.364+0000][1][safepoint    ] Application time: 0.0004225 seconds
[2022-06-13T03:21:54.364+0000][1][safepoint    ] Entering safepoint region: RevokeBias
[2022-06-13T03:21:54.364+0000][1][safepoint    ] Leaving safepoint region
[2022-06-13T03:21:54.364+0000][1][safepoint    ] Total time for which application threads were stopped: 0.0003176 seconds, Stopping threads took: 0.0001824 seconds
[2022-06-13T03:21:54.365+0000][1][safepoint    ] Application time: 0.0000681 seconds
[2022-06-13T03:21:54.365+0000][1][safepoint    ] Entering safepoint region: RevokeBias
[2022-06-13T03:21:54.365+0000][1][safepoint    ] Leaving safepoint region
[2022-06-13T03:21:54.365+0000][1][safepoint    ] Total time for which application threads were stopped: 0.0003170 seconds, Stopping threads took: 0.0001576 seconds
[2022-06-13T03:21:54.365+0000][1][safepoint    ] Application time: 0.0002677 seconds
[2022-06-13T03:21:54.366+0000][1][safepoint    ] Entering safepoint region: RevokeBias
[2022-06-13T03:21:54.366+0000][1][safepoint    ] Leaving safepoint region
[2022-06-13T03:21:54.366+0000][1][safepoint    ] Total time for which application threads were stopped: 0.0003235 seconds, Stopping threads took: 0.0001336 seconds
[2022-06-13T03:21:54.367+0000][1][safepoint    ] Application time: 0.0004789 seconds
[2022-06-13T03:21:54.367+0000][1][safepoint    ] Entering safepoint region: RevokeBias
[2022-06-13T03:21:54.367+0000][1][safepoint    ] Leaving safepoint region
[2022-06-13T03:21:54.367+0000][1][safepoint    ] Total time for which application threads were stopped: 0.0002644 seconds, Stopping threads took: 0.0001113 seconds
[2022-06-13T03:21:54.367+0000][1][safepoint    ] Application time: 0.0002941 seconds
[2022-06-13T03:21:54.368+0000][1][safepoint    ] Entering safepoint region: RevokeBias
[2022-06-13T03:21:54.368+0000][1][safepoint    ] Leaving safepoint region
[2022-06-13T03:21:54.368+0000][1][safepoint    ] Total time for which application threads were stopped: 0.0003577 seconds, Stopping threads took: 0.0002279 seconds
[2022-06-13T03:21:54.368+0000][1][safepoint    ] Application time: 0.0000448 seconds
[2022-06-13T03:21:54.368+0000][1][safepoint    ] Entering safepoint region: RevokeBias
[2022-06-13T03:21:54.368+0000][1][safepoint    ] Leaving safepoint region
[2022-06-13T03:21:54.369+0000][1][safepoint    ] Total time for which application threads were stopped: 0.0004060 seconds, Stopping threads took: 0.0001317 seconds
[2022-06-13T03:21:54.369+0000][1][safepoint    ] Application time: 0.0003036 seconds
[2022-06-13T03:21:54.369+0000][1][safepoint    ] Entering safepoint region: RevokeBias
[2022-06-13T03:21:54.369+0000][1][safepoint    ] Leaving safepoint region
[2022-06-13T03:21:54.370+0000][1][safepoint    ] Total time for which application threads were stopped: 0.0005388 seconds, Stopping threads took: 0.0003396 seconds
[2022-06-13T03:21:54.370+0000][1][safepoint    ] Application time: 0.0004136 seconds
[2022-06-13T03:21:54.370+0000][1][safepoint    ] Entering safepoint region: RevokeBias
[2022-06-13T03:21:54.371+0000][1][safepoint    ] Leaving safepoint region
[2022-06-13T03:21:54.371+0000][1][safepoint    ] Total time for which application threads were stopped: 0.0004411 seconds, Stopping threads took: 0.0002359 seconds
[2022-06-13T03:21:54.371+0000][1][safepoint    ] Application time: 0.0003869 seconds
[2022-06-13T03:21:54.372+0000][1][safepoint    ] Entering safepoint region: RevokeBias
[2022-06-13T03:21:54.372+0000][1][safepoint    ] Leaving safepoint region
[2022-06-13T03:21:54.372+0000][1][safepoint    ] Total time for which application threads were stopped: 0.0005104 seconds, Stopping threads took: 0.0001663 seconds
[2022-06-13T03:21:54.373+0000][1][safepoint    ] Application time: 0.0004274 seconds
[2022-06-13T03:21:54.373+0000][1][safepoint    ] Entering safepoint region: RevokeBias
[2022-06-13T03:21:54.373+0000][1][safepoint    ] Leaving safepoint region
[2022-06-13T03:21:54.373+0000][1][safepoint    ] Total time for which application threads were stopped: 0.0004370 seconds, Stopping threads took: 0.0001755 seconds
[2022-06-13T03:21:54.374+0000][1][safepoint    ] Application time: 0.0002477 seconds
[2022-06-13T03:21:54.374+0000][1][safepoint    ] Entering safepoint region: RevokeBias
[2022-06-13T03:21:54.374+0000][1][safepoint    ] Leaving safepoint region
[2022-06-13T03:21:54.374+0000][1][safepoint    ] Total time for which application threads were stopped: 0.0005265 seconds, Stopping threads took: 0.0002845 seconds
[2022-06-13T03:21:54.375+0000][1][safepoint    ] Application time: 0.0005484 seconds
[2022-06-13T03:21:54.375+0000][1][safepoint    ] Entering safepoint region: RevokeBias
[2022-06-13T03:21:54.376+0000][1][safepoint    ] Leaving safepoint region
[2022-06-13T03:21:54.376+0000][1][safepoint    ] Total time for which application threads were stopped: 0.0002548 seconds, Stopping threads took: 0.0001060 seconds
[2022-06-13T03:21:54.376+0000][1][safepoint    ] Application time: 0.0002245 seconds
[2022-06-13T03:21:54.376+0000][1][safepoint    ] Entering safepoint region: RevokeBias
[2022-06-13T03:21:54.376+0000][1][safepoint    ] Leaving safepoint region
[2022-06-13T03:21:54.376+0000][1][safepoint    ] Total time for which application threads were stopped: 0.0003233 seconds, Stopping threads took: 0.0001689 seconds
[2022-06-13T03:21:54.377+0000][1][safepoint    ] Application time: 0.0004304 seconds
[2022-06-13T03:21:54.377+0000][1][safepoint    ] Entering safepoint region: RevokeBias
[2022-06-13T03:21:54.378+0000][1][safepoint    ] Leaving safepoint region
[2022-06-13T03:21:54.378+0000][1][safepoint    ] Total time for which application threads were stopped: 0.0003927 seconds, Stopping threads took: 0.0002320 seconds
[2022-06-13T03:21:54.381+0000][1][safepoint    ] Application time: 0.0030579 seconds
[2022-06-13T03:21:54.381+0000][1][safepoint    ] Entering safepoint region: RevokeBias
[2022-06-13T03:21:54.381+0000][1][safepoint    ] Leaving safepoint region
[2022-06-13T03:21:54.381+0000][1][safepoint    ] Total time for which application threads were stopped: 0.0003278 seconds, Stopping threads took: 0.0001796 seconds
[2022-06-13T03:21:54.386+0000][1][safepoint    ] Application time: 0.0044842 seconds
[2022-06-13T03:21:54.386+0000][1][safepoint    ] Entering safepoint region: RevokeBias
[2022-06-13T03:21:54.386+0000][1][safepoint    ] Leaving safepoint region
[2022-06-13T03:21:54.387+0000][1][safepoint    ] Total time for which application threads were stopped: 0.0003522 seconds, Stopping threads took: 0.0001426 seconds
[2022-06-13T03:21:54.389+0000][1][safepoint    ] Application time: 0.0019764 seconds
[2022-06-13T03:21:54.389+0000][1][safepoint    ] Entering safepoint region: RevokeBias
[2022-06-13T03:21:54.389+0000][1][safepoint    ] Leaving safepoint region
[2022-06-13T03:21:54.389+0000][1][safepoint    ] Total time for which application threads were stopped: 0.0003294 seconds, Stopping threads took: 0.0001177 seconds
[2022-06-13T03:21:54.392+0000][1][safepoint    ] Application time: 0.0028391 seconds
[2022-06-13T03:21:54.392+0000][1][safepoint    ] Entering safepoint region: RevokeBias
[2022-06-13T03:21:54.393+0000][1][safepoint    ] Leaving safepoint region
[2022-06-13T03:21:54.393+0000][1][safepoint    ] Total time for which application threads were stopped: 0.0005129 seconds, Stopping threads took: 0.0003212 seconds
[2022-06-13T03:21:54.394+0000][1][safepoint    ] Application time: 0.0013099 seconds
[2022-06-13T03:21:54.394+0000][1][safepoint    ] Entering safepoint region: RevokeBias
[2022-06-13T03:21:54.394+0000][1][safepoint    ] Leaving safepoint region
[2022-06-13T03:21:54.395+0000][1][safepoint    ] Total time for which application threads were stopped: 0.0002480 seconds, Stopping threads took: 0.0001152 seconds
[2022-06-13T03:21:54.395+0000][1][safepoint    ] Application time: 0.0002601 seconds
[2022-06-13T03:21:54.395+0000][1][safepoint    ] Entering safepoint region: RevokeBias
[2022-06-13T03:21:54.395+0000][1][safepoint    ] Leaving safepoint region
[2022-06-13T03:21:54.395+0000][1][safepoint    ] Total time for which application threads were stopped: 0.0002432 seconds, Stopping threads took: 0.0001206 seconds
[2022-06-13T03:21:54.396+0000][1][safepoint    ] Application time: 0.0001801 seconds
[2022-06-13T03:21:54.396+0000][1][safepoint    ] Entering safepoint region: RevokeBias
[2022-06-13T03:21:54.396+0000][1][safepoint    ] Leaving safepoint region
[2022-06-13T03:21:54.396+0000][1][safepoint    ] Total time for which application threads were stopped: 0.0006221 seconds, Stopping threads took: 0.0001380 seconds
[2022-06-13T03:21:54.397+0000][1][safepoint    ] Application time: 0.0002564 seconds
[2022-06-13T03:21:54.397+0000][1][safepoint    ] Entering safepoint region: RevokeBias
[2022-06-13T03:21:54.397+0000][1][safepoint    ] Leaving safepoint region
[2022-06-13T03:21:54.397+0000][1][safepoint    ] Total time for which application threads were stopped: 0.0003065 seconds, Stopping threads took: 0.0001454 seconds
[2022-06-13T03:21:54.398+0000][1][safepoint    ] Application time: 0.0004491 seconds
[2022-06-13T03:21:54.398+0000][1][safepoint    ] Entering safepoint region: RevokeBias
[2022-06-13T03:21:54.398+0000][1][safepoint    ] Leaving safepoint region
[2022-06-13T03:21:54.398+0000][1][safepoint    ] Total time for which application threads were stopped: 0.0002893 seconds, Stopping threads took: 0.0001506 seconds
[2022-06-13T03:21:54.398+0000][1][safepoint    ] Application time: 0.0002596 seconds
[2022-06-13T03:21:54.399+0000][1][safepoint    ] Entering safepoint region: RevokeBias
[2022-06-13T03:21:54.399+0000][1][safepoint    ] Leaving safepoint region
[2022-06-13T03:21:54.399+0000][1][safepoint    ] Total time for which application threads were stopped: 0.0003245 seconds, Stopping threads took: 0.0001586 seconds
[2022-06-13T03:21:54.399+0000][1][safepoint    ] Application time: 0.0003703 seconds
[2022-06-13T03:21:54.400+0000][1][safepoint    ] Entering safepoint region: RevokeBias
[2022-06-13T03:21:54.400+0000][1][safepoint    ] Leaving safepoint region
[2022-06-13T03:21:54.400+0000][1][safepoint    ] Total time for which application threads were stopped: 0.0004582 seconds, Stopping threads took: 0.0002136 seconds
[2022-06-13T03:21:54.400+0000][1][safepoint    ] Application time: 0.0002798 seconds
[2022-06-13T03:21:54.401+0000][1][safepoint    ] Entering safepoint region: RevokeBias
[2022-06-13T03:21:54.401+0000][1][safepoint    ] Leaving safepoint region
[2022-06-13T03:21:54.401+0000][1][safepoint    ] Total time for which application threads were stopped: 0.0005084 seconds, Stopping threads took: 0.0001582 seconds
[2022-06-13T03:21:54.402+0000][1][safepoint    ] Application time: 0.0003124 seconds
[2022-06-13T03:21:54.402+0000][1][safepoint    ] Entering safepoint region: RevokeBias
[2022-06-13T03:21:54.402+0000][1][safepoint    ] Leaving safepoint region
[2022-06-13T03:21:54.402+0000][1][safepoint    ] Total time for which application threads were stopped: 0.0004120 seconds, Stopping threads took: 0.0002603 seconds
[2022-06-13T03:21:54.402+0000][1][safepoint    ] Application time: 0.0001846 seconds
[2022-06-13T03:21:54.403+0000][1][safepoint    ] Entering safepoint region: RevokeBias
[2022-06-13T03:21:54.403+0000][1][safepoint    ] Leaving safepoint region
[2022-06-13T03:21:54.403+0000][1][safepoint    ] Total time for which application threads were stopped: 0.0004321 seconds, Stopping threads took: 0.0001854 seconds
[2022-06-13T03:21:54.403+0000][1][safepoint    ] Application time: 0.0002224 seconds
[2022-06-13T03:21:54.404+0000][1][safepoint    ] Entering safepoint region: RevokeBias
[2022-06-13T03:21:54.404+0000][1][safepoint    ] Leaving safepoint region
[2022-06-13T03:21:54.404+0000][1][safepoint    ] Total time for which application threads were stopped: 0.0003808 seconds, Stopping threads took: 0.0001465 seconds
[2022-06-13T03:21:54.404+0000][1][safepoint    ] Application time: 0.0003074 seconds
[2022-06-13T03:21:54.405+0000][1][safepoint    ] Entering safepoint region: RevokeBias
[2022-06-13T03:21:54.405+0000][1][safepoint    ] Leaving safepoint region
[2022-06-13T03:21:54.405+0000][1][safepoint    ] Total time for which application threads were stopped: 0.0004781 seconds, Stopping threads took: 0.0002968 seconds
[2022-06-13T03:21:54.405+0000][1][safepoint    ] Application time: 0.0001656 seconds
[2022-06-13T03:21:54.405+0000][1][safepoint    ] Entering safepoint region: RevokeBias
[2022-06-13T03:21:54.406+0000][1][safepoint    ] Leaving safepoint region
[2022-06-13T03:21:54.406+0000][1][safepoint    ] Total time for which application threads were stopped: 0.0003024 seconds, Stopping threads took: 0.0001735 seconds
[2022-06-13T03:21:54.406+0000][1][safepoint    ] Application time: 0.0001791 seconds
[2022-06-13T03:21:54.406+0000][1][safepoint    ] Entering safepoint region: RevokeBias
[2022-06-13T03:21:54.406+0000][1][safepoint    ] Leaving safepoint region
[2022-06-13T03:21:54.407+0000][1][safepoint    ] Total time for which application threads were stopped: 0.0004381 seconds, Stopping threads took: 0.0003216 seconds
[2022-06-13T03:21:54.407+0000][1][safepoint    ] Application time: 0.0003075 seconds
[2022-06-13T03:21:54.407+0000][1][safepoint    ] Entering safepoint region: RevokeBias
[2022-06-13T03:21:54.407+0000][1][safepoint    ] Leaving safepoint region
[2022-06-13T03:21:54.408+0000][1][safepoint    ] Total time for which application threads were stopped: 0.0004784 seconds, Stopping threads took: 0.0003368 seconds
[2022-06-13T03:21:54.408+0000][1][safepoint    ] Application time: 0.0000976 seconds
[2022-06-13T03:21:54.408+0000][1][safepoint    ] Entering safepoint region: RevokeBias
[2022-06-13T03:21:54.408+0000][1][safepoint    ] Leaving safepoint region
[2022-06-13T03:21:54.408+0000][1][safepoint    ] Total time for which application threads were stopped: 0.0002152 seconds, Stopping threads took: 0.0001152 seconds
[2022-06-13T03:21:54.408+0000][1][safepoint    ] Application time: 0.0001350 seconds
[2022-06-13T03:21:54.408+0000][1][safepoint    ] Entering safepoint region: RevokeBias
[2022-06-13T03:21:54.409+0000][1][safepoint    ] Leaving safepoint region
[2022-06-13T03:21:54.409+0000][1][safepoint    ] Total time for which application threads were stopped: 0.0003234 seconds, Stopping threads took: 0.0001944 seconds
[2022-06-13T03:21:54.409+0000][1][safepoint    ] Application time: 0.0001310 seconds
[2022-06-13T03:21:54.409+0000][1][safepoint    ] Entering safepoint region: RevokeBias
[2022-06-13T03:21:54.409+0000][1][safepoint    ] Leaving safepoint region
[2022-06-13T03:21:54.410+0000][1][safepoint    ] Total time for which application threads were stopped: 0.0005064 seconds, Stopping threads took: 0.0003015 seconds
[2022-06-13T03:21:54.412+0000][1][safepoint    ] Application time: 0.0027065 seconds
[2022-06-13T03:21:54.413+0000][1][safepoint    ] Entering safepoint region: RevokeBias
[2022-06-13T03:21:54.413+0000][1][safepoint    ] Leaving safepoint region
[2022-06-13T03:21:54.413+0000][1][safepoint    ] Total time for which application threads were stopped: 0.0003766 seconds, Stopping threads took: 0.0001907 seconds
[2022-06-13T03:21:54.520+0000][1][safepoint    ] Application time: 0.1067771 seconds
[2022-06-13T03:21:54.520+0000][1][safepoint    ] Entering safepoint region: RevokeBias
[2022-06-13T03:21:54.521+0000][1][safepoint    ] Leaving safepoint region
[2022-06-13T03:21:54.521+0000][1][safepoint    ] Total time for which application threads were stopped: 0.0005879 seconds, Stopping threads took: 0.0003631 seconds
[2022-06-13T03:21:54.522+0000][1][safepoint    ] Application time: 0.0005282 seconds
[2022-06-13T03:21:54.522+0000][1][safepoint    ] Entering safepoint region: RevokeBias
[2022-06-13T03:21:54.522+0000][1][safepoint    ] Leaving safepoint region
[2022-06-13T03:21:54.522+0000][1][safepoint    ] Total time for which application threads were stopped: 0.0003419 seconds, Stopping threads took: 0.0002014 seconds
[2022-06-13T03:21:54.541+0000][1][safepoint    ] Application time: 0.0181832 seconds
[2022-06-13T03:21:54.541+0000][1][safepoint    ] Entering safepoint region: RevokeBias
[2022-06-13T03:21:54.541+0000][1][safepoint    ] Leaving safepoint region
[2022-06-13T03:21:54.542+0000][1][safepoint    ] Total time for which application threads were stopped: 0.0008195 seconds, Stopping threads took: 0.0002619 seconds
[2022-06-13T03:21:54.584+0000][1][safepoint    ] Application time: 0.0421123 seconds
[2022-06-13T03:21:54.584+0000][1][safepoint    ] Entering safepoint region: RevokeBias
[2022-06-13T03:21:54.584+0000][1][safepoint    ] Leaving safepoint region
[2022-06-13T03:21:54.584+0000][1][safepoint    ] Total time for which application threads were stopped: 0.0004995 seconds, Stopping threads took: 0.0002471 seconds
[2022-06-13T03:21:54.585+0000][1][safepoint    ] Application time: 0.0004892 seconds
[2022-06-13T03:21:54.585+0000][1][safepoint    ] Entering safepoint region: RevokeBias
[2022-06-13T03:21:54.586+0000][1][safepoint    ] Leaving safepoint region
[2022-06-13T03:21:54.586+0000][1][safepoint    ] Total time for which application threads were stopped: 0.0004062 seconds, Stopping threads took: 0.0002440 seconds
[2022-06-13T03:21:54.586+0000][1][safepoint    ] Application time: 0.0004647 seconds
[2022-06-13T03:21:54.586+0000][1][safepoint    ] Entering safepoint region: RevokeBias
[2022-06-13T03:21:54.587+0000][1][safepoint    ] Leaving safepoint region
[2022-06-13T03:21:54.587+0000][1][safepoint    ] Total time for which application threads were stopped: 0.0002481 seconds, Stopping threads took: 0.0001097 seconds
[2022-06-13T03:21:54.587+0000][1][safepoint    ] Application time: 0.0002253 seconds
[2022-06-13T03:21:54.587+0000][1][safepoint    ] Entering safepoint region: RevokeBias
[2022-06-13T03:21:54.587+0000][1][safepoint    ] Leaving safepoint region
[2022-06-13T03:21:54.588+0000][1][safepoint    ] Total time for which application threads were stopped: 0.0003647 seconds, Stopping threads took: 0.0001732 seconds
[2022-06-13T03:21:54.588+0000][1][safepoint    ] Application time: 0.0002260 seconds
[2022-06-13T03:21:54.588+0000][1][safepoint    ] Entering safepoint region: RevokeBias
[2022-06-13T03:21:54.589+0000][1][safepoint    ] Leaving safepoint region
[2022-06-13T03:21:54.589+0000][1][safepoint    ] Total time for which application threads were stopped: 0.0007048 seconds, Stopping threads took: 0.0004526 seconds
[2022-06-13T03:21:54.589+0000][1][safepoint    ] Application time: 0.0004084 seconds
[2022-06-13T03:21:54.590+0000][1][safepoint    ] Entering safepoint region: RevokeBias
[2022-06-13T03:21:54.590+0000][1][safepoint    ] Leaving safepoint region
[2022-06-13T03:21:54.590+0000][1][safepoint    ] Total time for which application threads were stopped: 0.0006394 seconds, Stopping threads took: 0.0001912 seconds
[2022-06-13T03:21:54.591+0000][1][safepoint    ] Application time: 0.0002261 seconds
[2022-06-13T03:21:54.591+0000][1][safepoint    ] Entering safepoint region: RevokeBias
[2022-06-13T03:21:54.591+0000][1][safepoint    ] Leaving safepoint region
[2022-06-13T03:21:54.592+0000][1][safepoint    ] Total time for which application threads were stopped: 0.0006701 seconds, Stopping threads took: 0.0002240 seconds
[2022-06-13T03:21:54.592+0000][1][safepoint    ] Application time: 0.0002952 seconds
[2022-06-13T03:21:54.593+0000][1][safepoint    ] Entering safepoint region: RevokeBias
[2022-06-13T03:21:54.593+0000][1][safepoint    ] Leaving safepoint region
[2022-06-13T03:21:54.593+0000][1][safepoint    ] Total time for which application threads were stopped: 0.0006065 seconds, Stopping threads took: 0.0002892 seconds
[2022-06-13T03:21:54.594+0000][1][safepoint    ] Application time: 0.0003750 seconds
[2022-06-13T03:21:54.594+0000][1][safepoint    ] Entering safepoint region: RevokeBias
[2022-06-13T03:21:54.595+0000][1][safepoint    ] Leaving safepoint region
[2022-06-13T03:21:54.595+0000][1][safepoint    ] Total time for which application threads were stopped: 0.0006883 seconds, Stopping threads took: 0.0004783 seconds
[2022-06-13T03:21:54.595+0000][1][safepoint    ] Application time: 0.0003830 seconds
[2022-06-13T03:21:54.596+0000][1][safepoint    ] Entering safepoint region: RevokeBias
[2022-06-13T03:21:54.596+0000][1][safepoint    ] Leaving safepoint region
[2022-06-13T03:21:54.596+0000][1][safepoint    ] Total time for which application threads were stopped: 0.0006180 seconds, Stopping threads took: 0.0003550 seconds
[2022-06-13T03:21:54.597+0000][1][safepoint    ] Application time: 0.0002543 seconds
[2022-06-13T03:21:54.597+0000][1][safepoint    ] Entering safepoint region: BulkRevokeBias
[2022-06-13T03:21:54.598+0000][1][safepoint    ] Leaving safepoint region
[2022-06-13T03:21:54.598+0000][1][safepoint    ] Total time for which application threads were stopped: 0.0011246 seconds, Stopping threads took: 0.0003384 seconds
[2022-06-13T03:21:54.599+0000][1][safepoint    ] Application time: 0.0003108 seconds
[2022-06-13T03:21:54.599+0000][1][safepoint    ] Entering safepoint region: RevokeBias
[2022-06-13T03:21:54.599+0000][1][safepoint    ] Leaving safepoint region
[2022-06-13T03:21:54.599+0000][1][safepoint    ] Total time for which application threads were stopped: 0.0006670 seconds, Stopping threads took: 0.0003204 seconds
[2022-06-13T03:21:54.600+0000][1][safepoint    ] Application time: 0.0003670 seconds
[2022-06-13T03:21:54.601+0000][1][safepoint    ] Entering safepoint region: RevokeBias
[2022-06-13T03:21:54.601+0000][1][safepoint    ] Leaving safepoint region
[2022-06-13T03:21:54.601+0000][1][safepoint    ] Total time for which application threads were stopped: 0.0006786 seconds, Stopping threads took: 0.0002497 seconds
[2022-06-13T03:21:54.614+0000][1][safepoint    ] Application time: 0.0123864 seconds
[2022-06-13T03:21:54.614+0000][1][safepoint    ] Entering safepoint region: BulkRevokeBias
[2022-06-13T03:21:54.614+0000][1][safepoint    ] Leaving safepoint region
[2022-06-13T03:21:54.615+0000][1][safepoint    ] Total time for which application threads were stopped: 0.0006587 seconds, Stopping threads took: 0.0001883 seconds
[2022-06-13T03:21:54.615+0000][1][safepoint    ] Application time: 0.0007052 seconds
[2022-06-13T03:21:54.616+0000][1][safepoint    ] Entering safepoint region: BulkRevokeBias
[2022-06-13T03:21:54.616+0000][1][safepoint    ] Leaving safepoint region
[2022-06-13T03:21:54.616+0000][1][safepoint    ] Total time for which application threads were stopped: 0.0005505 seconds, Stopping threads took: 0.0001723 seconds
[2022-06-13T03:21:54.617+0000][1][safepoint    ] Application time: 0.0002694 seconds
[2022-06-13T03:21:54.617+0000][1][safepoint    ] Entering safepoint region: RevokeBias
[2022-06-13T03:21:54.617+0000][1][safepoint    ] Leaving safepoint region
[2022-06-13T03:21:54.617+0000][1][safepoint    ] Total time for which application threads were stopped: 0.0003581 seconds, Stopping threads took: 0.0002105 seconds
[2022-06-13T03:21:54.617+0000][1][safepoint    ] Application time: 0.0001113 seconds
[2022-06-13T03:21:54.618+0000][1][safepoint    ] Entering safepoint region: RevokeBias
[2022-06-13T03:21:54.618+0000][1][safepoint    ] Leaving safepoint region
[2022-06-13T03:21:54.618+0000][1][safepoint    ] Total time for which application threads were stopped: 0.0003483 seconds, Stopping threads took: 0.0002103 seconds
[2022-06-13T03:21:54.618+0000][1][safepoint    ] Application time: 0.0001420 seconds
[2022-06-13T03:21:54.618+0000][1][safepoint    ] Entering safepoint region: RevokeBias
[2022-06-13T03:21:54.618+0000][1][safepoint    ] Leaving safepoint region
[2022-06-13T03:21:54.619+0000][1][safepoint    ] Total time for which application threads were stopped: 0.0003005 seconds, Stopping threads took: 0.0001576 seconds
[2022-06-13T03:21:54.619+0000][1][safepoint    ] Application time: 0.0003359 seconds
[2022-06-13T03:21:54.619+0000][1][safepoint    ] Entering safepoint region: RevokeBias
[2022-06-13T03:21:54.620+0000][1][safepoint    ] Leaving safepoint region
[2022-06-13T03:21:54.620+0000][1][safepoint    ] Total time for which application threads were stopped: 0.0004067 seconds, Stopping threads took: 0.0002406 seconds
[2022-06-13T03:21:54.620+0000][1][safepoint    ] Application time: 0.0001840 seconds
[2022-06-13T03:21:54.620+0000][1][safepoint    ] Entering safepoint region: RevokeBias
[2022-06-13T03:21:54.621+0000][1][safepoint    ] Leaving safepoint region
[2022-06-13T03:21:54.621+0000][1][safepoint    ] Total time for which application threads were stopped: 0.0003495 seconds, Stopping threads took: 0.0002032 seconds
[2022-06-13T03:21:54.621+0000][1][safepoint    ] Application time: 0.0001296 seconds
[2022-06-13T03:21:54.621+0000][1][safepoint    ] Entering safepoint region: RevokeBias
[2022-06-13T03:21:54.621+0000][1][safepoint    ] Leaving safepoint region
[2022-06-13T03:21:54.622+0000][1][safepoint    ] Total time for which application threads were stopped: 0.0005669 seconds, Stopping threads took: 0.0001635 seconds
[2022-06-13T03:21:54.622+0000][1][safepoint    ] Application time: 0.0001342 seconds
[2022-06-13T03:21:54.622+0000][1][safepoint    ] Entering safepoint region: BulkRevokeBias
[2022-06-13T03:21:54.622+0000][1][safepoint    ] Leaving safepoint region
[2022-06-13T03:21:54.622+0000][1][safepoint    ] Total time for which application threads were stopped: 0.0006235 seconds, Stopping threads took: 0.0001581 seconds
[2022-06-13T03:21:54.623+0000][1][safepoint    ] Application time: 0.0003022 seconds
[2022-06-13T03:21:54.623+0000][1][safepoint    ] Entering safepoint region: RevokeBias
[2022-06-13T03:21:54.624+0000][1][safepoint    ] Leaving safepoint region
[2022-06-13T03:21:54.624+0000][1][safepoint    ] Total time for which application threads were stopped: 0.0005796 seconds, Stopping threads took: 0.0001644 seconds
[2022-06-13T03:21:54.624+0000][1][safepoint    ] Application time: 0.0001876 seconds
[2022-06-13T03:21:54.624+0000][1][safepoint    ] Entering safepoint region: RevokeBias
[2022-06-13T03:21:54.624+0000][1][safepoint    ] Leaving safepoint region
[2022-06-13T03:21:54.624+0000][1][safepoint    ] Total time for which application threads were stopped: 0.0003221 seconds, Stopping threads took: 0.0001959 seconds
[2022-06-13T03:21:54.625+0000][1][safepoint    ] Application time: 0.0002396 seconds
[2022-06-13T03:21:54.625+0000][1][safepoint    ] Entering safepoint region: RevokeBias
[2022-06-13T03:21:54.625+0000][1][safepoint    ] Leaving safepoint region
[2022-06-13T03:21:54.625+0000][1][safepoint    ] Total time for which application threads were stopped: 0.0002850 seconds, Stopping threads took: 0.0001613 seconds
[2022-06-13T03:21:54.625+0000][1][safepoint    ] Application time: 0.0000842 seconds
[2022-06-13T03:21:54.626+0000][1][safepoint    ] Entering safepoint region: RevokeBias
[2022-06-13T03:21:54.626+0000][1][safepoint    ] Leaving safepoint region
[2022-06-13T03:21:54.626+0000][1][safepoint    ] Total time for which application threads were stopped: 0.0002821 seconds, Stopping threads took: 0.0001653 seconds
[2022-06-13T03:21:54.626+0000][1][safepoint    ] Application time: 0.0000768 seconds
[2022-06-13T03:21:54.626+0000][1][safepoint    ] Entering safepoint region: RevokeBias
[2022-06-13T03:21:54.626+0000][1][safepoint    ] Leaving safepoint region
[2022-06-13T03:21:54.626+0000][1][safepoint    ] Total time for which application threads were stopped: 0.0002663 seconds, Stopping threads took: 0.0001606 seconds
[2022-06-13T03:21:54.626+0000][1][safepoint    ] Application time: 0.0000689 seconds
[2022-06-13T03:21:54.627+0000][1][safepoint    ] Entering safepoint region: RevokeBias
[2022-06-13T03:21:54.627+0000][1][safepoint    ] Leaving safepoint region
[2022-06-13T03:21:54.627+0000][1][safepoint    ] Total time for which application threads were stopped: 0.0002531 seconds, Stopping threads took: 0.0001438 seconds
[2022-06-13T03:21:54.627+0000][1][safepoint    ] Application time: 0.0000702 seconds
[2022-06-13T03:21:54.627+0000][1][safepoint    ] Entering safepoint region: RevokeBias
[2022-06-13T03:21:54.627+0000][1][safepoint    ] Leaving safepoint region
[2022-06-13T03:21:54.627+0000][1][safepoint    ] Total time for which application threads were stopped: 0.0002648 seconds, Stopping threads took: 0.0001564 seconds
[2022-06-13T03:21:54.628+0000][1][safepoint    ] Application time: 0.0000762 seconds
[2022-06-13T03:21:54.628+0000][1][safepoint    ] Entering safepoint region: RevokeBias
[2022-06-13T03:21:54.628+0000][1][safepoint    ] Leaving safepoint region
[2022-06-13T03:21:54.628+0000][1][safepoint    ] Total time for which application threads were stopped: 0.0003053 seconds, Stopping threads took: 0.0001860 seconds
[2022-06-13T03:21:54.628+0000][1][safepoint    ] Application time: 0.0001167 seconds
[2022-06-13T03:21:54.628+0000][1][safepoint    ] Entering safepoint region: RevokeBias
[2022-06-13T03:21:54.629+0000][1][safepoint    ] Leaving safepoint region
[2022-06-13T03:21:54.629+0000][1][safepoint    ] Total time for which application threads were stopped: 0.0003400 seconds, Stopping threads took: 0.0001904 seconds
[2022-06-13T03:21:54.629+0000][1][safepoint    ] Application time: 0.0000965 seconds
[2022-06-13T03:21:54.629+0000][1][safepoint    ] Entering safepoint region: RevokeBias
[2022-06-13T03:21:54.629+0000][1][safepoint    ] Leaving safepoint region
[2022-06-13T03:21:54.629+0000][1][safepoint    ] Total time for which application threads were stopped: 0.0004221 seconds, Stopping threads took: 0.0001492 seconds
[2022-06-13T03:21:55.280+0000][1][safepoint    ] Application time: 0.6508578 seconds
[2022-06-13T03:21:55.281+0000][1][safepoint    ] Entering safepoint region: RevokeBias
[2022-06-13T03:21:55.281+0000][1][safepoint    ] Leaving safepoint region
[2022-06-13T03:21:55.281+0000][1][safepoint    ] Total time for which application threads were stopped: 0.0009083 seconds, Stopping threads took: 0.0004456 seconds
[2022-06-13T03:21:55.282+0000][1][safepoint    ] Application time: 0.0004656 seconds
[2022-06-13T03:21:55.283+0000][1][safepoint    ] Entering safepoint region: RevokeBias
[2022-06-13T03:21:55.284+0000][1][safepoint    ] Leaving safepoint region
[2022-06-13T03:21:55.284+0000][1][safepoint    ] Total time for which application threads were stopped: 0.0013707 seconds, Stopping threads took: 0.0005912 seconds
[2022-06-13T03:21:55.285+0000][1][safepoint    ] Application time: 0.0002918 seconds
[2022-06-13T03:21:55.285+0000][1][safepoint    ] Entering safepoint region: RevokeBias
[2022-06-13T03:21:55.286+0000][1][safepoint    ] Leaving safepoint region
[2022-06-13T03:21:55.286+0000][1][safepoint    ] Total time for which application threads were stopped: 0.0011165 seconds, Stopping threads took: 0.0004065 seconds
[2022-06-13T03:21:55.287+0000][1][safepoint    ] Application time: 0.0003119 seconds
[2022-06-13T03:21:55.287+0000][1][safepoint    ] Entering safepoint region: RevokeBias
[2022-06-13T03:21:55.288+0000][1][safepoint    ] Leaving safepoint region
[2022-06-13T03:21:55.288+0000][1][safepoint    ] Total time for which application threads were stopped: 0.0013253 seconds, Stopping threads took: 0.0006394 seconds
[2022-06-13T03:21:55.289+0000][1][safepoint    ] Application time: 0.0003696 seconds
[2022-06-13T03:21:55.290+0000][1][safepoint    ] Entering safepoint region: RevokeBias
[2022-06-13T03:21:55.290+0000][1][safepoint    ] Leaving safepoint region
[2022-06-13T03:21:55.290+0000][1][safepoint    ] Total time for which application threads were stopped: 0.0006745 seconds, Stopping threads took: 0.0003247 seconds
[2022-06-13T03:21:55.291+0000][1][safepoint    ] Application time: 0.0005139 seconds
[2022-06-13T03:21:55.291+0000][1][safepoint    ] Entering safepoint region: RevokeBias
[2022-06-13T03:21:55.292+0000][1][safepoint    ] Leaving safepoint region
[2022-06-13T03:21:55.292+0000][1][safepoint    ] Total time for which application threads were stopped: 0.0006971 seconds, Stopping threads took: 0.0003815 seconds
[2022-06-13T03:21:55.293+0000][1][safepoint    ] Application time: 0.0003495 seconds
[2022-06-13T03:21:55.293+0000][1][safepoint    ] Entering safepoint region: RevokeBias
[2022-06-13T03:21:55.294+0000][1][safepoint    ] Leaving safepoint region
[2022-06-13T03:21:55.294+0000][1][safepoint    ] Total time for which application threads were stopped: 0.0007066 seconds, Stopping threads took: 0.0003827 seconds
[2022-06-13T03:21:55.527+0000][1][safepoint    ] Application time: 0.2325354 seconds
[2022-06-13T03:21:55.527+0000][1][safepoint    ] Entering safepoint region: RevokeBias
[2022-06-13T03:21:55.527+0000][1][safepoint    ] Leaving safepoint region
[2022-06-13T03:21:55.528+0000][1][safepoint    ] Total time for which application threads were stopped: 0.0004894 seconds, Stopping threads took: 0.0002267 seconds
[2022-06-13T03:21:55.528+0000][1][safepoint    ] Application time: 0.0006728 seconds
[2022-06-13T03:21:55.529+0000][1][safepoint    ] Entering safepoint region: RevokeBias
[2022-06-13T03:21:55.529+0000][1][safepoint    ] Leaving safepoint region
[2022-06-13T03:21:55.529+0000][1][safepoint    ] Total time for which application threads were stopped: 0.0006999 seconds, Stopping threads took: 0.0003982 seconds
[2022-06-13T03:21:55.530+0000][1][safepoint    ] Application time: 0.0003142 seconds
[2022-06-13T03:21:55.530+0000][1][safepoint    ] Entering safepoint region: RevokeBias
[2022-06-13T03:21:55.531+0000][1][safepoint    ] Leaving safepoint region
[2022-06-13T03:21:55.531+0000][1][safepoint    ] Total time for which application threads were stopped: 0.0008615 seconds, Stopping threads took: 0.0004678 seconds
[2022-06-13T03:21:55.532+0000][1][safepoint    ] Application time: 0.0003548 seconds
[2022-06-13T03:21:55.532+0000][1][safepoint    ] Entering safepoint region: RevokeBias
[2022-06-13T03:21:55.532+0000][1][safepoint    ] Leaving safepoint region
[2022-06-13T03:21:55.532+0000][1][safepoint    ] Total time for which application threads were stopped: 0.0006916 seconds, Stopping threads took: 0.0003862 seconds
[2022-06-13T03:21:55.533+0000][1][safepoint    ] Application time: 0.0003272 seconds
[2022-06-13T03:21:55.533+0000][1][safepoint    ] Entering safepoint region: BulkRevokeBias
[2022-06-13T03:21:55.534+0000][1][safepoint    ] Leaving safepoint region
[2022-06-13T03:21:55.535+0000][1][safepoint    ] Total time for which application threads were stopped: 0.0014680 seconds, Stopping threads took: 0.0002466 seconds
[2022-06-13T03:21:55.536+0000][1][safepoint    ] Application time: 0.0005334 seconds
[2022-06-13T03:21:55.536+0000][1][safepoint    ] Entering safepoint region: BulkRevokeBias
[2022-06-13T03:21:55.537+0000][1][safepoint    ] Leaving safepoint region
[2022-06-13T03:21:55.537+0000][1][safepoint    ] Total time for which application threads were stopped: 0.0013066 seconds, Stopping threads took: 0.0006390 seconds
[2022-06-13T03:21:55.539+0000][1][safepoint    ] Application time: 0.0011814 seconds
[2022-06-13T03:21:55.539+0000][1][safepoint    ] Entering safepoint region: RevokeBias
[2022-06-13T03:21:55.540+0000][1][safepoint    ] Leaving safepoint region
[2022-06-13T03:21:55.540+0000][1][safepoint    ] Total time for which application threads were stopped: 0.0009487 seconds, Stopping threads took: 0.0005258 seconds
[2022-06-13T03:21:55.541+0000][1][safepoint    ] Application time: 0.0002683 seconds
[2022-06-13T03:21:55.541+0000][1][safepoint    ] Entering safepoint region: RevokeBias
[2022-06-13T03:21:55.542+0000][1][safepoint    ] Leaving safepoint region
[2022-06-13T03:21:55.542+0000][1][safepoint    ] Total time for which application threads were stopped: 0.0010740 seconds, Stopping threads took: 0.0005306 seconds
[2022-06-13T03:21:56.280+0000][1][safepoint    ] Application time: 0.7375352 seconds
[2022-06-13T03:21:56.280+0000][1][safepoint    ] Entering safepoint region: RevokeBias
[2022-06-13T03:21:56.281+0000][1][safepoint    ] Leaving safepoint region
[2022-06-13T03:21:56.281+0000][1][safepoint    ] Total time for which application threads were stopped: 0.0006041 seconds, Stopping threads took: 0.0002215 seconds
[2022-06-13T03:21:56.282+0000][1][safepoint    ] Application time: 0.0004127 seconds
[2022-06-13T03:21:56.282+0000][1][safepoint    ] Entering safepoint region: RevokeBias
[2022-06-13T03:21:56.282+0000][1][safepoint    ] Leaving safepoint region
[2022-06-13T03:21:56.283+0000][1][safepoint    ] Total time for which application threads were stopped: 0.0008135 seconds, Stopping threads took: 0.0003724 seconds
[2022-06-13T03:21:56.526+0000][1][safepoint    ] Application time: 0.2430336 seconds
[2022-06-13T03:21:56.527+0000][1][safepoint    ] Entering safepoint region: RevokeBias
[2022-06-13T03:21:56.527+0000][1][safepoint    ] Leaving safepoint region
[2022-06-13T03:21:56.528+0000][1][safepoint    ] Total time for which application threads were stopped: 0.0012335 seconds, Stopping threads took: 0.0005134 seconds
[2022-06-13T03:21:56.529+0000][1][safepoint    ] Application time: 0.0003240 seconds
[2022-06-13T03:21:56.529+0000][1][safepoint    ] Entering safepoint region: RevokeBias
[2022-06-13T03:21:56.530+0000][1][safepoint    ] Leaving safepoint region
[2022-06-13T03:21:56.530+0000][1][safepoint    ] Total time for which application threads were stopped: 0.0011214 seconds, Stopping threads took: 0.0004068 seconds
[2022-06-13T03:21:57.277+0000][1][safepoint    ] Application time: 0.7467636 seconds
[2022-06-13T03:21:57.278+0000][1][safepoint    ] Entering safepoint region: RevokeBias
[2022-06-13T03:21:57.278+0000][1][safepoint    ] Leaving safepoint region
[2022-06-13T03:21:57.278+0000][1][safepoint    ] Total time for which application threads were stopped: 0.0005340 seconds, Stopping threads took: 0.0001881 seconds
[2022-06-13T03:21:57.279+0000][1][safepoint    ] Application time: 0.0002058 seconds
[2022-06-13T03:21:57.280+0000][1][safepoint    ] Entering safepoint region: RevokeBias
[2022-06-13T03:21:57.280+0000][1][safepoint    ] Leaving safepoint region
[2022-06-13T03:21:57.280+0000][1][safepoint    ] Total time for which application threads were stopped: 0.0006347 seconds, Stopping threads took: 0.0004165 seconds
[2022-06-13T03:21:57.525+0000][1][safepoint    ] Application time: 0.2448464 seconds
[2022-06-13T03:21:57.525+0000][1][safepoint    ] Entering safepoint region: RevokeBias
[2022-06-13T03:21:57.526+0000][1][safepoint    ] Leaving safepoint region
[2022-06-13T03:21:57.526+0000][1][safepoint    ] Total time for which application threads were stopped: 0.0009041 seconds, Stopping threads took: 0.0005536 seconds
[2022-06-13T03:21:57.527+0000][1][safepoint    ] Application time: 0.0001678 seconds
[2022-06-13T03:21:57.527+0000][1][safepoint    ] Entering safepoint region: RevokeBias
[2022-06-13T03:21:57.527+0000][1][safepoint    ] Leaving safepoint region
[2022-06-13T03:21:57.528+0000][1][safepoint    ] Total time for which application threads were stopped: 0.0006528 seconds, Stopping threads took: 0.0002546 seconds
[2022-06-13T03:21:58.281+0000][1][safepoint    ] Application time: 0.7527962 seconds
[2022-06-13T03:21:58.281+0000][1][safepoint    ] Entering safepoint region: RevokeBias
[2022-06-13T03:21:58.282+0000][1][safepoint    ] Leaving safepoint region
[2022-06-13T03:21:58.282+0000][1][safepoint    ] Total time for which application threads were stopped: 0.0005198 seconds, Stopping threads took: 0.0002033 seconds
[2022-06-13T03:21:58.282+0000][1][safepoint    ] Application time: 0.0001729 seconds
[2022-06-13T03:21:58.282+0000][1][safepoint    ] Entering safepoint region: RevokeBias
[2022-06-13T03:21:58.283+0000][1][safepoint    ] Leaving safepoint region
[2022-06-13T03:21:58.283+0000][1][safepoint    ] Total time for which application threads were stopped: 0.0006354 seconds, Stopping threads took: 0.0003634 seconds
[2022-06-13T03:21:58.525+0000][1][safepoint    ] Application time: 0.2416713 seconds
[2022-06-13T03:21:58.526+0000][1][safepoint    ] Entering safepoint region: RevokeBias
[2022-06-13T03:21:58.526+0000][1][safepoint    ] Leaving safepoint region
[2022-06-13T03:21:58.527+0000][1][safepoint    ] Total time for which application threads were stopped: 0.0011837 seconds, Stopping threads took: 0.0005175 seconds
[2022-06-13T03:21:58.527+0000][1][safepoint    ] Application time: 0.0002875 seconds
[2022-06-13T03:21:58.528+0000][1][safepoint    ] Entering safepoint region: RevokeBias
[2022-06-13T03:21:58.528+0000][1][safepoint    ] Leaving safepoint region
[2022-06-13T03:21:58.529+0000][1][safepoint    ] Total time for which application threads were stopped: 0.0008548 seconds, Stopping threads took: 0.0003243 seconds
[2022-06-13T03:21:59.280+0000][1][safepoint    ] Application time: 0.7513011 seconds
[2022-06-13T03:21:59.281+0000][1][safepoint    ] Entering safepoint region: RevokeBias
[2022-06-13T03:21:59.281+0000][1][safepoint    ] Leaving safepoint region
[2022-06-13T03:21:59.281+0000][1][safepoint    ] Total time for which application threads were stopped: 0.0006530 seconds, Stopping threads took: 0.0003003 seconds
[2022-06-13T03:21:59.282+0000][1][safepoint    ] Application time: 0.0001807 seconds
[2022-06-13T03:21:59.282+0000][1][safepoint    ] Entering safepoint region: RevokeBias
[2022-06-13T03:21:59.282+0000][1][safepoint    ] Leaving safepoint region
[2022-06-13T03:21:59.283+0000][1][safepoint    ] Total time for which application threads were stopped: 0.0008105 seconds, Stopping threads took: 0.0003659 seconds
[2022-06-13T03:21:59.526+0000][1][safepoint    ] Application time: 0.2423157 seconds
[2022-06-13T03:21:59.526+0000][1][safepoint    ] Entering safepoint region: RevokeBias
[2022-06-13T03:21:59.527+0000][1][safepoint    ] Leaving safepoint region
[2022-06-13T03:21:59.527+0000][1][safepoint    ] Total time for which application threads were stopped: 0.0012076 seconds, Stopping threads took: 0.0006332 seconds
[2022-06-13T03:21:59.528+0000][1][safepoint    ] Application time: 0.0001554 seconds
[2022-06-13T03:21:59.528+0000][1][safepoint    ] Entering safepoint region: RevokeBias
[2022-06-13T03:21:59.529+0000][1][safepoint    ] Leaving safepoint region
[2022-06-13T03:21:59.529+0000][1][safepoint    ] Total time for which application threads were stopped: 0.0011385 seconds, Stopping threads took: 0.0006469 seconds
[2022-06-13T03:22:00.281+0000][1][safepoint    ] Application time: 0.7514846 seconds
[2022-06-13T03:22:00.282+0000][1][safepoint    ] Entering safepoint region: RevokeBias
[2022-06-13T03:22:00.282+0000][1][safepoint    ] Leaving safepoint region
[2022-06-13T03:22:00.282+0000][1][safepoint    ] Total time for which application threads were stopped: 0.0006400 seconds, Stopping threads took: 0.0001923 seconds
[2022-06-13T03:22:00.283+0000][1][safepoint    ] Application time: 0.0001545 seconds
[2022-06-13T03:22:00.283+0000][1][safepoint    ] Entering safepoint region: RevokeBias
[2022-06-13T03:22:00.283+0000][1][safepoint    ] Leaving safepoint region
[2022-06-13T03:22:00.284+0000][1][safepoint    ] Total time for which application threads were stopped: 0.0009984 seconds, Stopping threads took: 0.0005047 seconds
[2022-06-13T03:22:00.524+0000][1][safepoint    ] Application time: 0.2398720 seconds
[2022-06-13T03:22:00.525+0000][1][safepoint    ] Entering safepoint region: RevokeBias
[2022-06-13T03:22:00.525+0000][1][safepoint    ] Leaving safepoint region
[2022-06-13T03:22:00.526+0000][1][safepoint    ] Total time for which application threads were stopped: 0.0010863 seconds, Stopping threads took: 0.0006312 seconds
[2022-06-13T03:22:00.526+0000][1][safepoint    ] Application time: 0.0001270 seconds
[2022-06-13T03:22:00.527+0000][1][safepoint    ] Entering safepoint region: RevokeBias
[2022-06-13T03:22:00.527+0000][1][safepoint    ] Leaving safepoint region
[2022-06-13T03:22:00.528+0000][1][safepoint    ] Total time for which application threads were stopped: 0.0008284 seconds, Stopping threads took: 0.0003577 seconds
[2022-06-13T03:22:01.282+0000][1][safepoint    ] Application time: 0.7543346 seconds
[2022-06-13T03:22:01.283+0000][1][safepoint    ] Entering safepoint region: RevokeBias
[2022-06-13T03:22:01.284+0000][1][safepoint    ] Leaving safepoint region
[2022-06-13T03:22:01.284+0000][1][safepoint    ] Total time for which application threads were stopped: 0.0012004 seconds, Stopping threads took: 0.0006244 seconds
[2022-06-13T03:22:01.285+0000][1][safepoint    ] Application time: 0.0001602 seconds
[2022-06-13T03:22:01.285+0000][1][safepoint    ] Entering safepoint region: RevokeBias
[2022-06-13T03:22:01.286+0000][1][safepoint    ] Leaving safepoint region
[2022-06-13T03:22:01.286+0000][1][safepoint    ] Total time for which application threads were stopped: 0.0012855 seconds, Stopping threads took: 0.0005356 seconds
[2022-06-13T03:22:01.527+0000][1][safepoint    ] Application time: 0.2400348 seconds
[2022-06-13T03:22:01.527+0000][1][safepoint    ] Entering safepoint region: RevokeBias
[2022-06-13T03:22:01.528+0000][1][safepoint    ] Leaving safepoint region
[2022-06-13T03:22:01.528+0000][1][safepoint    ] Total time for which application threads were stopped: 0.0005245 seconds, Stopping threads took: 0.0001813 seconds
[2022-06-13T03:22:01.528+0000][1][safepoint    ] Application time: 0.0001342 seconds
[2022-06-13T03:22:01.529+0000][1][safepoint    ] Entering safepoint region: RevokeBias
[2022-06-13T03:22:01.529+0000][1][safepoint    ] Leaving safepoint region
[2022-06-13T03:22:01.529+0000][1][safepoint    ] Total time for which application threads were stopped: 0.0006264 seconds, Stopping threads took: 0.0002562 seconds
[2022-06-13T03:22:02.281+0000][1][safepoint    ] Application time: 0.7513517 seconds
[2022-06-13T03:22:02.281+0000][1][safepoint    ] Entering safepoint region: RevokeBias
[2022-06-13T03:22:02.282+0000][1][safepoint    ] Leaving safepoint region
[2022-06-13T03:22:02.283+0000][1][safepoint    ] Total time for which application threads were stopped: 0.0010811 seconds, Stopping threads took: 0.0005005 seconds
[2022-06-13T03:22:02.283+0000][1][safepoint    ] Application time: 0.0003143 seconds
[2022-06-13T03:22:02.284+0000][1][safepoint    ] Entering safepoint region: RevokeBias
[2022-06-13T03:22:02.285+0000][1][safepoint    ] Leaving safepoint region
[2022-06-13T03:22:02.285+0000][1][safepoint    ] Total time for which application threads were stopped: 0.0014875 seconds, Stopping threads took: 0.0008029 seconds
[2022-06-13T03:22:02.289+0000][1][safepoint    ] Application time: 0.0027527 seconds
[2022-06-13T03:22:02.289+0000][1][safepoint    ] Entering safepoint region: RevokeBias
[2022-06-13T03:22:02.289+0000][1][safepoint    ] Leaving safepoint region
[2022-06-13T03:22:02.290+0000][1][safepoint    ] Total time for which application threads were stopped: 0.0007793 seconds, Stopping threads took: 0.0001567 seconds
[2022-06-13T03:22:02.290+0000][1][safepoint    ] Application time: 0.0002151 seconds
[2022-06-13T03:22:02.291+0000][1][safepoint    ] Entering safepoint region: RevokeBias
[2022-06-13T03:22:02.291+0000][1][safepoint    ] Leaving safepoint region
[2022-06-13T03:22:02.291+0000][1][safepoint    ] Total time for which application threads were stopped: 0.0006550 seconds, Stopping threads took: 0.0002816 seconds
[2022-06-13T03:22:02.530+0000][1][safepoint    ] Application time: 0.2388116 seconds
[2022-06-13T03:22:02.531+0000][1][safepoint    ] Entering safepoint region: BulkRevokeBias
[2022-06-13T03:22:02.532+0000][1][safepoint    ] Leaving safepoint region
[2022-06-13T03:22:02.532+0000][1][safepoint    ] Total time for which application threads were stopped: 0.0014260 seconds, Stopping threads took: 0.0004590 seconds
[2022-06-13T03:22:02.533+0000][1][safepoint    ] Application time: 0.0001596 seconds
[2022-06-13T03:22:02.534+0000][1][safepoint    ] Entering safepoint region: BulkRevokeBias
[2022-06-13T03:22:02.535+0000][1][safepoint    ] Leaving safepoint region
[2022-06-13T03:22:02.535+0000][1][safepoint    ] Total time for which application threads were stopped: 0.0012788 seconds, Stopping threads took: 0.0005001 seconds
[2022-06-13T03:22:03.238+0000][1][safepoint    ] Application time: 0.7027949 seconds
[2022-06-13T03:22:03.238+0000][1][safepoint    ] Entering safepoint region: RevokeBias
[2022-06-13T03:22:03.239+0000][1][safepoint    ] Leaving safepoint region
[2022-06-13T03:22:03.239+0000][1][safepoint    ] Total time for which application threads were stopped: 0.0003847 seconds, Stopping threads took: 0.0001359 seconds
[2022-06-13T03:22:03.239+0000][1][safepoint    ] Application time: 0.0002845 seconds
[2022-06-13T03:22:03.239+0000][1][safepoint    ] Entering safepoint region: RevokeBias
[2022-06-13T03:22:03.240+0000][1][safepoint    ] Leaving safepoint region
[2022-06-13T03:22:03.240+0000][1][safepoint    ] Total time for which application threads were stopped: 0.0004659 seconds, Stopping threads took: 0.0001694 seconds
[2022-06-13T03:22:03.241+0000][1][safepoint    ] Application time: 0.0007249 seconds
[2022-06-13T03:22:03.241+0000][1][safepoint    ] Entering safepoint region: RevokeBias
[2022-06-13T03:22:03.242+0000][1][safepoint    ] Leaving safepoint region
[2022-06-13T03:22:03.242+0000][1][safepoint    ] Total time for which application threads were stopped: 0.0005739 seconds, Stopping threads took: 0.0003180 seconds
[2022-06-13T03:22:03.242+0000][1][safepoint    ] Application time: 0.0004736 seconds
[2022-06-13T03:22:03.243+0000][1][safepoint    ] Entering safepoint region: RevokeBias
[2022-06-13T03:22:03.244+0000][1][safepoint    ] Leaving safepoint region
[2022-06-13T03:22:03.244+0000][1][safepoint    ] Total time for which application threads were stopped: 0.0009995 seconds, Stopping threads took: 0.0003984 seconds
[2022-06-13T03:22:03.246+0000][1][safepoint    ] Application time: 0.0014378 seconds
[2022-06-13T03:22:03.246+0000][1][safepoint    ] Entering safepoint region: RevokeBias
[2022-06-13T03:22:03.246+0000][1][safepoint    ] Leaving safepoint region
[2022-06-13T03:22:03.246+0000][1][safepoint    ] Total time for which application threads were stopped: 0.0004515 seconds, Stopping threads took: 0.0001720 seconds
[2022-06-13T03:22:03.247+0000][1][safepoint    ] Application time: 0.0003454 seconds
[2022-06-13T03:22:03.247+0000][1][safepoint    ] Entering safepoint region: RevokeBias
[2022-06-13T03:22:03.247+0000][1][safepoint    ] Leaving safepoint region
[2022-06-13T03:22:03.247+0000][1][safepoint    ] Total time for which application threads were stopped: 0.0003180 seconds, Stopping threads took: 0.0001362 seconds
[2022-06-13T03:22:03.248+0000][1][safepoint    ] Application time: 0.0003699 seconds
[2022-06-13T03:22:03.248+0000][1][safepoint    ] Entering safepoint region: RevokeBias
[2022-06-13T03:22:03.248+0000][1][safepoint    ] Leaving safepoint region
[2022-06-13T03:22:03.248+0000][1][safepoint    ] Total time for which application threads were stopped: 0.0003712 seconds, Stopping threads took: 0.0001894 seconds
[2022-06-13T03:22:03.249+0000][1][safepoint    ] Application time: 0.0006040 seconds
[2022-06-13T03:22:03.249+0000][1][safepoint    ] Entering safepoint region: RevokeBias
[2022-06-13T03:22:03.249+0000][1][safepoint    ] Leaving safepoint region
[2022-06-13T03:22:03.250+0000][1][safepoint    ] Total time for which application threads were stopped: 0.0002707 seconds, Stopping threads took: 0.0001309 seconds
[2022-06-13T03:22:03.250+0000][1][safepoint    ] Application time: 0.0000916 seconds
[2022-06-13T03:22:03.250+0000][1][safepoint    ] Entering safepoint region: RevokeBias
[2022-06-13T03:22:03.250+0000][1][safepoint    ] Leaving safepoint region
[2022-06-13T03:22:03.250+0000][1][safepoint    ] Total time for which application threads were stopped: 0.0002431 seconds, Stopping threads took: 0.0001119 seconds
[2022-06-13T03:22:03.250+0000][1][safepoint    ] Application time: 0.0001407 seconds
[2022-06-13T03:22:03.250+0000][1][safepoint    ] Entering safepoint region: RevokeBias
[2022-06-13T03:22:03.251+0000][1][safepoint    ] Leaving safepoint region
[2022-06-13T03:22:03.251+0000][1][safepoint    ] Total time for which application threads were stopped: 0.0002330 seconds, Stopping threads took: 0.0001046 seconds
[2022-06-13T03:22:03.251+0000][1][safepoint    ] Application time: 0.0001487 seconds
[2022-06-13T03:22:03.251+0000][1][safepoint    ] Entering safepoint region: RevokeBias
[2022-06-13T03:22:03.251+0000][1][safepoint    ] Leaving safepoint region
[2022-06-13T03:22:03.251+0000][1][safepoint    ] Total time for which application threads were stopped: 0.0002478 seconds, Stopping threads took: 0.0001030 seconds
[2022-06-13T03:22:03.251+0000][1][safepoint    ] Application time: 0.0001166 seconds
[2022-06-13T03:22:03.252+0000][1][safepoint    ] Entering safepoint region: RevokeBias
[2022-06-13T03:22:03.252+0000][1][safepoint    ] Leaving safepoint region
[2022-06-13T03:22:03.252+0000][1][safepoint    ] Total time for which application threads were stopped: 0.0002875 seconds, Stopping threads took: 0.0001082 seconds
[2022-06-13T03:22:03.252+0000][1][safepoint    ] Application time: 0.0001512 seconds
[2022-06-13T03:22:03.252+0000][1][safepoint    ] Entering safepoint region: RevokeBias
[2022-06-13T03:22:03.252+0000][1][safepoint    ] Leaving safepoint region
[2022-06-13T03:22:03.253+0000][1][safepoint    ] Total time for which application threads were stopped: 0.0002822 seconds, Stopping threads took: 0.0001333 seconds
[2022-06-13T03:22:03.253+0000][1][safepoint    ] Application time: 0.0000763 seconds
[2022-06-13T03:22:03.253+0000][1][safepoint    ] Entering safepoint region: RevokeBias
[2022-06-13T03:22:03.253+0000][1][safepoint    ] Leaving safepoint region
[2022-06-13T03:22:03.253+0000][1][safepoint    ] Total time for which application threads were stopped: 0.0002496 seconds, Stopping threads took: 0.0001072 seconds
[2022-06-13T03:22:03.253+0000][1][safepoint    ] Application time: 0.0000891 seconds
[2022-06-13T03:22:03.253+0000][1][safepoint    ] Entering safepoint region: RevokeBias
[2022-06-13T03:22:03.253+0000][1][safepoint    ] Leaving safepoint region
[2022-06-13T03:22:03.254+0000][1][safepoint    ] Total time for which application threads were stopped: 0.0003007 seconds, Stopping threads took: 0.0001021 seconds
[2022-06-13T03:22:03.254+0000][1][safepoint    ] Application time: 0.0003303 seconds
[2022-06-13T03:22:03.254+0000][1][safepoint    ] Entering safepoint region: RevokeBias
[2022-06-13T03:22:03.254+0000][1][safepoint    ] Leaving safepoint region
[2022-06-13T03:22:03.254+0000][1][safepoint    ] Total time for which application threads were stopped: 0.0002338 seconds, Stopping threads took: 0.0000970 seconds
[2022-06-13T03:22:03.255+0000][1][safepoint    ] Application time: 0.0003269 seconds
[2022-06-13T03:22:03.255+0000][1][safepoint    ] Entering safepoint region: RevokeBias
[2022-06-13T03:22:03.255+0000][1][safepoint    ] Leaving safepoint region
[2022-06-13T03:22:03.255+0000][1][safepoint    ] Total time for which application threads were stopped: 0.0002865 seconds, Stopping threads took: 0.0001371 seconds
[2022-06-13T03:22:03.256+0000][1][safepoint    ] Application time: 0.0001804 seconds
[2022-06-13T03:22:03.256+0000][1][safepoint    ] Entering safepoint region: RevokeBias
[2022-06-13T03:22:03.256+0000][1][safepoint    ] Leaving safepoint region
[2022-06-13T03:22:03.256+0000][1][safepoint    ] Total time for which application threads were stopped: 0.0005912 seconds, Stopping threads took: 0.0001751 seconds
[2022-06-13T03:22:03.257+0000][1][safepoint    ] Application time: 0.0002701 seconds
[2022-06-13T03:22:03.257+0000][1][safepoint    ] Entering safepoint region: RevokeBias
[2022-06-13T03:22:03.257+0000][1][safepoint    ] Leaving safepoint region
[2022-06-13T03:22:03.257+0000][1][safepoint    ] Total time for which application threads were stopped: 0.0002782 seconds, Stopping threads took: 0.0001580 seconds
[2022-06-13T03:22:03.257+0000][1][safepoint    ] Application time: 0.0000842 seconds
[2022-06-13T03:22:03.257+0000][1][safepoint    ] Entering safepoint region: RevokeBias
[2022-06-13T03:22:03.257+0000][1][safepoint    ] Leaving safepoint region
[2022-06-13T03:22:03.258+0000][1][safepoint    ] Total time for which application threads were stopped: 0.0002588 seconds, Stopping threads took: 0.0001259 seconds
[2022-06-13T03:22:03.258+0000][1][safepoint    ] Application time: 0.0001520 seconds
[2022-06-13T03:22:03.258+0000][1][safepoint    ] Entering safepoint region: RevokeBias
[2022-06-13T03:22:03.258+0000][1][safepoint    ] Leaving safepoint region
[2022-06-13T03:22:03.258+0000][1][safepoint    ] Total time for which application threads were stopped: 0.0002741 seconds, Stopping threads took: 0.0001516 seconds
[2022-06-13T03:22:03.258+0000][1][safepoint    ] Application time: 0.0000746 seconds
[2022-06-13T03:22:03.259+0000][1][safepoint    ] Entering safepoint region: RevokeBias
[2022-06-13T03:22:03.259+0000][1][safepoint    ] Leaving safepoint region
[2022-06-13T03:22:03.259+0000][1][safepoint    ] Total time for which application threads were stopped: 0.0002960 seconds, Stopping threads took: 0.0001767 seconds
[2022-06-13T03:22:03.259+0000][1][safepoint    ] Application time: 0.0001556 seconds
[2022-06-13T03:22:03.259+0000][1][safepoint    ] Entering safepoint region: RevokeBias
[2022-06-13T03:22:03.259+0000][1][safepoint    ] Leaving safepoint region
[2022-06-13T03:22:03.260+0000][1][safepoint    ] Total time for which application threads were stopped: 0.0003152 seconds, Stopping threads took: 0.0001649 seconds
[2022-06-13T03:22:03.260+0000][1][safepoint    ] Application time: 0.0000681 seconds
[2022-06-13T03:22:03.260+0000][1][safepoint    ] Entering safepoint region: RevokeBias
[2022-06-13T03:22:03.260+0000][1][safepoint    ] Leaving safepoint region
[2022-06-13T03:22:03.260+0000][1][safepoint    ] Total time for which application threads were stopped: 0.0002818 seconds, Stopping threads took: 0.0001551 seconds
[2022-06-13T03:22:03.260+0000][1][safepoint    ] Application time: 0.0001045 seconds
[2022-06-13T03:22:03.260+0000][1][safepoint    ] Entering safepoint region: RevokeBias
[2022-06-13T03:22:03.261+0000][1][safepoint    ] Leaving safepoint region
[2022-06-13T03:22:03.261+0000][1][safepoint    ] Total time for which application threads were stopped: 0.0002860 seconds, Stopping threads took: 0.0001269 seconds
[2022-06-13T03:22:03.261+0000][1][safepoint    ] Application time: 0.0001087 seconds
[2022-06-13T03:22:03.261+0000][1][safepoint    ] Entering safepoint region: BulkRevokeBias
[2022-06-13T03:22:03.262+0000][1][safepoint    ] Leaving safepoint region
[2022-06-13T03:22:03.262+0000][1][safepoint    ] Total time for which application threads were stopped: 0.0004639 seconds, Stopping threads took: 0.0001510 seconds
[2022-06-13T03:22:03.262+0000][1][safepoint    ] Application time: 0.0001551 seconds
[2022-06-13T03:22:03.262+0000][1][safepoint    ] Entering safepoint region: RevokeBias
[2022-06-13T03:22:03.262+0000][1][safepoint    ] Leaving safepoint region
[2022-06-13T03:22:03.262+0000][1][safepoint    ] Total time for which application threads were stopped: 0.0002583 seconds, Stopping threads took: 0.0001430 seconds
[2022-06-13T03:22:03.264+0000][1][safepoint    ] Application time: 0.0018167 seconds
[2022-06-13T03:22:03.264+0000][1][safepoint    ] Entering safepoint region: RevokeBias
[2022-06-13T03:22:03.265+0000][1][safepoint    ] Leaving safepoint region
[2022-06-13T03:22:03.265+0000][1][safepoint    ] Total time for which application threads were stopped: 0.0005127 seconds, Stopping threads took: 0.0003097 seconds
[2022-06-13T03:22:03.266+0000][1][safepoint    ] Application time: 0.0007229 seconds
[2022-06-13T03:22:03.266+0000][1][safepoint    ] Entering safepoint region: RevokeBias
[2022-06-13T03:22:03.266+0000][1][safepoint    ] Leaving safepoint region
[2022-06-13T03:22:03.266+0000][1][safepoint    ] Total time for which application threads were stopped: 0.0002877 seconds, Stopping threads took: 0.0001516 seconds
[2022-06-13T03:22:03.266+0000][1][safepoint    ] Application time: 0.0002025 seconds
[2022-06-13T03:22:03.266+0000][1][safepoint    ] Entering safepoint region: RevokeBias
[2022-06-13T03:22:03.267+0000][1][safepoint    ] Leaving safepoint region
[2022-06-13T03:22:03.267+0000][1][safepoint    ] Total time for which application threads were stopped: 0.0002835 seconds, Stopping threads took: 0.0001429 seconds
[2022-06-13T03:22:03.267+0000][1][safepoint    ] Application time: 0.0000381 seconds
[2022-06-13T03:22:03.267+0000][1][safepoint    ] Entering safepoint region: RevokeBias
[2022-06-13T03:22:03.267+0000][1][safepoint    ] Leaving safepoint region
[2022-06-13T03:22:03.267+0000][1][safepoint    ] Total time for which application threads were stopped: 0.0003264 seconds, Stopping threads took: 0.0001641 seconds
[2022-06-13T03:22:03.267+0000][1][safepoint    ] Application time: 0.0000970 seconds
[2022-06-13T03:22:03.268+0000][1][safepoint    ] Entering safepoint region: RevokeBias
[2022-06-13T03:22:03.268+0000][1][safepoint    ] Leaving safepoint region
[2022-06-13T03:22:03.268+0000][1][safepoint    ] Total time for which application threads were stopped: 0.0003045 seconds, Stopping threads took: 0.0001719 seconds
[2022-06-13T03:22:03.268+0000][1][safepoint    ] Application time: 0.0000963 seconds
[2022-06-13T03:22:03.268+0000][1][safepoint    ] Entering safepoint region: RevokeBias
[2022-06-13T03:22:03.269+0000][1][safepoint    ] Leaving safepoint region
[2022-06-13T03:22:03.269+0000][1][safepoint    ] Total time for which application threads were stopped: 0.0002878 seconds, Stopping threads took: 0.0001568 seconds
[2022-06-13T03:22:03.269+0000][1][safepoint    ] Application time: 0.0004714 seconds
[2022-06-13T03:22:03.270+0000][1][safepoint    ] Entering safepoint region: RevokeBias
[2022-06-13T03:22:03.270+0000][1][safepoint    ] Leaving safepoint region
[2022-06-13T03:22:03.270+0000][1][safepoint    ] Total time for which application threads were stopped: 0.0003943 seconds, Stopping threads took: 0.0002373 seconds
[2022-06-13T03:22:03.275+0000][1][safepoint    ] Application time: 0.0055224 seconds
[2022-06-13T03:22:03.276+0000][1][safepoint    ] Entering safepoint region: RevokeBias
[2022-06-13T03:22:03.277+0000][1][safepoint    ] Leaving safepoint region
[2022-06-13T03:22:03.277+0000][1][safepoint    ] Total time for which application threads were stopped: 0.0008641 seconds, Stopping threads took: 0.0006199 seconds
[2022-06-13T03:22:03.284+0000][1][safepoint    ] Application time: 0.0073277 seconds
[2022-06-13T03:22:03.285+0000][1][safepoint    ] Entering safepoint region: RevokeBias
[2022-06-13T03:22:03.285+0000][1][safepoint    ] Leaving safepoint region
[2022-06-13T03:22:03.286+0000][1][safepoint    ] Total time for which application threads were stopped: 0.0009304 seconds, Stopping threads took: 0.0006021 seconds
[2022-06-13T03:22:03.286+0000][1][safepoint    ] Application time: 0.0002115 seconds
[2022-06-13T03:22:03.286+0000][1][safepoint    ] Entering safepoint region: RevokeBias
[2022-06-13T03:22:03.287+0000][1][safepoint    ] Leaving safepoint region
[2022-06-13T03:22:03.287+0000][1][safepoint    ] Total time for which application threads were stopped: 0.0008497 seconds, Stopping threads took: 0.0003172 seconds
[2022-06-13T03:22:03.288+0000][1][safepoint    ] Application time: 0.0002793 seconds
[2022-06-13T03:22:03.288+0000][1][safepoint    ] Entering safepoint region: RevokeBias
[2022-06-13T03:22:03.288+0000][1][safepoint    ] Leaving safepoint region
[2022-06-13T03:22:03.289+0000][1][safepoint    ] Total time for which application threads were stopped: 0.0007075 seconds, Stopping threads took: 0.0003530 seconds
[2022-06-13T03:22:03.290+0000][1][safepoint    ] Application time: 0.0006791 seconds
[2022-06-13T03:22:03.290+0000][1][safepoint    ] Entering safepoint region: RevokeBias
[2022-06-13T03:22:03.290+0000][1][safepoint    ] Leaving safepoint region
[2022-06-13T03:22:03.291+0000][1][safepoint    ] Total time for which application threads were stopped: 0.0007466 seconds, Stopping threads took: 0.0003344 seconds
[2022-06-13T03:22:03.292+0000][1][safepoint    ] Application time: 0.0013089 seconds
[2022-06-13T03:22:03.293+0000][1][safepoint    ] Entering safepoint region: RevokeBias
[2022-06-13T03:22:03.293+0000][1][safepoint    ] Leaving safepoint region
[2022-06-13T03:22:03.294+0000][1][safepoint    ] Total time for which application threads were stopped: 0.0010352 seconds, Stopping threads took: 0.0005282 seconds
[2022-06-13T03:22:03.295+0000][1][safepoint    ] Application time: 0.0006533 seconds
[2022-06-13T03:22:03.295+0000][1][safepoint    ] Entering safepoint region: RevokeBias
[2022-06-13T03:22:03.295+0000][1][safepoint    ] Leaving safepoint region
[2022-06-13T03:22:03.295+0000][1][safepoint    ] Total time for which application threads were stopped: 0.0002013 seconds, Stopping threads took: 0.0000968 seconds
[2022-06-13T03:22:03.296+0000][1][safepoint    ] Application time: 0.0001793 seconds
[2022-06-13T03:22:03.296+0000][1][safepoint    ] Entering safepoint region: RevokeBias
[2022-06-13T03:22:03.296+0000][1][safepoint    ] Leaving safepoint region
[2022-06-13T03:22:03.296+0000][1][safepoint    ] Total time for which application threads were stopped: 0.0002367 seconds, Stopping threads took: 0.0001413 seconds
[2022-06-13T03:22:03.297+0000][1][safepoint    ] Application time: 0.0009173 seconds
[2022-06-13T03:22:03.297+0000][1][safepoint    ] Entering safepoint region: RevokeBias
[2022-06-13T03:22:03.297+0000][1][safepoint    ] Leaving safepoint region
[2022-06-13T03:22:03.297+0000][1][safepoint    ] Total time for which application threads were stopped: 0.0001844 seconds, Stopping threads took: 0.0000893 seconds
[2022-06-13T03:22:03.298+0000][1][safepoint    ] Application time: 0.0002039 seconds
[2022-06-13T03:22:03.298+0000][1][safepoint    ] Entering safepoint region: RevokeBias
[2022-06-13T03:22:03.298+0000][1][safepoint    ] Leaving safepoint region
[2022-06-13T03:22:03.298+0000][1][safepoint    ] Total time for which application threads were stopped: 0.0002002 seconds, Stopping threads took: 0.0001072 seconds
[2022-06-13T03:22:03.300+0000][1][safepoint    ] Application time: 0.0017555 seconds
[2022-06-13T03:22:03.300+0000][1][safepoint    ] Entering safepoint region: RevokeBias
[2022-06-13T03:22:03.300+0000][1][safepoint    ] Leaving safepoint region
[2022-06-13T03:22:03.300+0000][1][safepoint    ] Total time for which application threads were stopped: 0.0003652 seconds, Stopping threads took: 0.0002261 seconds
[2022-06-13T03:22:03.301+0000][1][safepoint    ] Application time: 0.0003505 seconds
[2022-06-13T03:22:03.301+0000][1][safepoint    ] Entering safepoint region: RevokeBias
[2022-06-13T03:22:03.301+0000][1][safepoint    ] Leaving safepoint region
[2022-06-13T03:22:03.302+0000][1][safepoint    ] Total time for which application threads were stopped: 0.0003105 seconds, Stopping threads took: 0.0001430 seconds
[2022-06-13T03:22:03.304+0000][1][gc,heap,exit ] Heap
[2022-06-13T03:22:03.304+0000][1][gc,heap,exit ]  par new generation   total 78656K, used 60577K [0x00000000f0000000, 0x00000000f5550000, 0x00000000f5550000)
[2022-06-13T03:22:03.304+0000][1][gc,heap,exit ]   eden space 69952K,  74% used [0x00000000f0000000, 0x00000000f32a8480, 0x00000000f4450000)
[2022-06-13T03:22:03.304+0000][1][gc,heap,exit ]   from space 8704K, 100% used [0x00000000f4450000, 0x00000000f4cd0000, 0x00000000f4cd0000)
[2022-06-13T03:22:03.304+0000][1][gc,heap,exit ]   to   space 8704K,   0% used [0x00000000f4cd0000, 0x00000000f4cd0000, 0x00000000f5550000)
[2022-06-13T03:22:03.304+0000][1][gc,heap,exit ]  concurrent mark-sweep generation total 174784K, used 59830K [0x00000000f5550000, 0x0000000100000000, 0x0000000100000000)
[2022-06-13T03:22:03.304+0000][1][gc,heap,exit ]  Metaspace       used 65888K, capacity 70932K, committed 71132K, reserved 1110016K
[2022-06-13T03:22:03.304+0000][1][gc,heap,exit ]   class space    used 8945K, capacity 11050K, committed 11128K, reserved 1048576K
[2022-06-13T03:22:03.304+0000][1][safepoint    ] Application time: 0.0026148 seconds
[2022-06-13T03:22:03.305+0000][1][safepoint    ] Entering safepoint region: Exit
