[2022-06-13T02:30:42.391+0000][1][gc] Using Concurrent Mark Sweep
[2022-06-13T02:30:42.436+0000][1][gc,heap,coops] Heap address: 0x00000000f0000000, size: 256 MB, Compressed Oops mode: 32-bit
[2022-06-13T02:30:42.470+0000][1][safepoint    ] Entering safepoint region: EnableBiasedLocking
[2022-06-13T02:30:42.470+0000][1][safepoint    ] Leaving safepoint region
[2022-06-13T02:30:42.471+0000][1][safepoint    ] Total time for which application threads were stopped: 0.0004383 seconds, Stopping threads took: 0.0001957 seconds
[2022-06-13T02:30:42.473+0000][1][safepoint    ] Application time: 0.0018657 seconds
[2022-06-13T02:30:42.473+0000][1][safepoint    ] Entering safepoint region: RevokeBias
[2022-06-13T02:30:42.473+0000][1][safepoint    ] Leaving safepoint region
[2022-06-13T02:30:42.473+0000][1][safepoint    ] Total time for which application threads were stopped: 0.0004832 seconds, Stopping threads took: 0.0003074 seconds
[2022-06-13T02:30:42.480+0000][1][safepoint    ] Application time: 0.0068203 seconds
[2022-06-13T02:30:42.481+0000][1][safepoint    ] Entering safepoint region: Deoptimize
[2022-06-13T02:30:42.481+0000][1][safepoint    ] Leaving safepoint region
[2022-06-13T02:30:42.481+0000][1][safepoint    ] Total time for which application threads were stopped: 0.0005379 seconds, Stopping threads took: 0.0003749 seconds
[2022-06-13T02:30:42.537+0000][1][safepoint    ] Application time: 0.0549112 seconds
[2022-06-13T02:30:42.537+0000][1][safepoint    ] Entering safepoint region: RevokeBias
[2022-06-13T02:30:42.538+0000][1][safepoint    ] Leaving safepoint region
[2022-06-13T02:30:42.538+0000][1][safepoint    ] Total time for which application threads were stopped: 0.0011003 seconds, Stopping threads took: 0.0005164 seconds
[2022-06-13T02:30:42.557+0000][1][safepoint    ] Application time: 0.0179751 seconds
[2022-06-13T02:30:42.557+0000][1][safepoint    ] Entering safepoint region: Deoptimize
[2022-06-13T02:30:42.557+0000][1][safepoint    ] Leaving safepoint region
[2022-06-13T02:30:42.558+0000][1][safepoint    ] Total time for which application threads were stopped: 0.0009296 seconds, Stopping threads took: 0.0004532 seconds
[2022-06-13T02:30:42.757+0000][1][safepoint    ] Application time: 0.1984105 seconds
[2022-06-13T02:30:42.757+0000][1][safepoint    ] Entering safepoint region: Deoptimize
[2022-06-13T02:30:42.757+0000][1][safepoint    ] Leaving safepoint region
[2022-06-13T02:30:42.758+0000][1][safepoint    ] Total time for which application threads were stopped: 0.0006964 seconds, Stopping threads took: 0.0002665 seconds
[2022-06-13T02:30:42.777+0000][1][safepoint    ] Application time: 0.0190645 seconds
[2022-06-13T02:30:42.777+0000][1][safepoint    ] Entering safepoint region: Deoptimize
[2022-06-13T02:30:42.778+0000][1][safepoint    ] Leaving safepoint region
[2022-06-13T02:30:42.778+0000][1][safepoint    ] Total time for which application threads were stopped: 0.0004853 seconds, Stopping threads took: 0.0001724 seconds
[2022-06-13T02:30:42.786+0000][1][safepoint    ] Application time: 0.0077393 seconds
[2022-06-13T02:30:42.786+0000][1][safepoint    ] Entering safepoint region: Deoptimize
[2022-06-13T02:30:42.787+0000][1][safepoint    ] Leaving safepoint region
[2022-06-13T02:30:42.787+0000][1][safepoint    ] Total time for which application threads were stopped: 0.0005821 seconds, Stopping threads took: 0.0002204 seconds
[2022-06-13T02:30:42.997+0000][1][safepoint    ] Application time: 0.2102090 seconds
[2022-06-13T02:30:42.998+0000][1][safepoint    ] Entering safepoint region: Deoptimize
[2022-06-13T02:30:42.998+0000][1][safepoint    ] Leaving safepoint region
[2022-06-13T02:30:42.998+0000][1][safepoint    ] Total time for which application threads were stopped: 0.0006835 seconds, Stopping threads took: 0.0002429 seconds
[2022-06-13T02:30:43.135+0000][1][safepoint    ] Application time: 0.1361467 seconds
[2022-06-13T02:30:43.135+0000][1][safepoint    ] Entering safepoint region: RevokeBias
[2022-06-13T02:30:43.135+0000][1][safepoint    ] Leaving safepoint region
[2022-06-13T02:30:43.135+0000][1][safepoint    ] Total time for which application threads were stopped: 0.0003576 seconds, Stopping threads took: 0.0001388 seconds
[2022-06-13T02:30:43.202+0000][1][safepoint    ] Application time: 0.0669611 seconds
[2022-06-13T02:30:43.203+0000][1][safepoint    ] Entering safepoint region: Deoptimize
[2022-06-13T02:30:43.203+0000][1][safepoint    ] Leaving safepoint region
[2022-06-13T02:30:43.203+0000][1][safepoint    ] Total time for which application threads were stopped: 0.0005914 seconds, Stopping threads took: 0.0001520 seconds
[2022-06-13T02:30:43.262+0000][1][safepoint    ] Application time: 0.0585717 seconds
[2022-06-13T02:30:43.262+0000][1][safepoint    ] Entering safepoint region: Deoptimize
[2022-06-13T02:30:43.263+0000][1][safepoint    ] Leaving safepoint region
[2022-06-13T02:30:43.263+0000][1][safepoint    ] Total time for which application threads were stopped: 0.0005833 seconds, Stopping threads took: 0.0001772 seconds
[2022-06-13T02:30:43.263+0000][1][safepoint    ] Application time: 0.0002035 seconds
[2022-06-13T02:30:43.264+0000][1][safepoint    ] Entering safepoint region: Deoptimize
[2022-06-13T02:30:43.264+0000][1][safepoint    ] Leaving safepoint region
[2022-06-13T02:30:43.264+0000][1][safepoint    ] Total time for which application threads were stopped: 0.0004802 seconds, Stopping threads took: 0.0001382 seconds
[2022-06-13T02:30:43.277+0000][1][safepoint    ] Application time: 0.0132946 seconds
[2022-06-13T02:30:43.278+0000][1][safepoint    ] Entering safepoint region: Deoptimize
[2022-06-13T02:30:43.278+0000][1][safepoint    ] Leaving safepoint region
[2022-06-13T02:30:43.278+0000][1][safepoint    ] Total time for which application threads were stopped: 0.0005602 seconds, Stopping threads took: 0.0001958 seconds
[2022-06-13T02:30:43.284+0000][1][safepoint    ] Application time: 0.0056592 seconds
[2022-06-13T02:30:43.284+0000][1][safepoint    ] Entering safepoint region: Deoptimize
[2022-06-13T02:30:43.285+0000][1][safepoint    ] Leaving safepoint region
[2022-06-13T02:30:43.285+0000][1][safepoint    ] Total time for which application threads were stopped: 0.0004193 seconds, Stopping threads took: 0.0001188 seconds
[2022-06-13T02:30:43.289+0000][1][safepoint    ] Application time: 0.0039021 seconds
[2022-06-13T02:30:43.289+0000][1][safepoint    ] Entering safepoint region: RevokeBias
[2022-06-13T02:30:43.289+0000][1][safepoint    ] Leaving safepoint region
[2022-06-13T02:30:43.289+0000][1][safepoint    ] Total time for which application threads were stopped: 0.0003622 seconds, Stopping threads took: 0.0001878 seconds
[2022-06-13T02:30:43.289+0000][1][safepoint    ] Application time: 0.0001093 seconds
[2022-06-13T02:30:43.290+0000][1][safepoint    ] Entering safepoint region: RevokeBias
[2022-06-13T02:30:43.290+0000][1][safepoint    ] Leaving safepoint region
[2022-06-13T02:30:43.290+0000][1][safepoint    ] Total time for which application threads were stopped: 0.0002647 seconds, Stopping threads took: 0.0001407 seconds
[2022-06-13T02:30:43.290+0000][1][safepoint    ] Application time: 0.0001012 seconds
[2022-06-13T02:30:43.290+0000][1][safepoint    ] Entering safepoint region: RevokeBias
[2022-06-13T02:30:43.290+0000][1][safepoint    ] Leaving safepoint region
[2022-06-13T02:30:43.290+0000][1][safepoint    ] Total time for which application threads were stopped: 0.0002770 seconds, Stopping threads took: 0.0001547 seconds
[2022-06-13T02:30:43.291+0000][1][safepoint    ] Application time: 0.0001645 seconds
[2022-06-13T02:30:43.291+0000][1][safepoint    ] Entering safepoint region: RevokeBias
[2022-06-13T02:30:43.291+0000][1][safepoint    ] Leaving safepoint region
[2022-06-13T02:30:43.291+0000][1][safepoint    ] Total time for which application threads were stopped: 0.0002586 seconds, Stopping threads took: 0.0001457 seconds
[2022-06-13T02:30:43.291+0000][1][safepoint    ] Application time: 0.0003124 seconds
[2022-06-13T02:30:43.292+0000][1][safepoint    ] Entering safepoint region: RevokeBias
[2022-06-13T02:30:43.292+0000][1][safepoint    ] Leaving safepoint region
[2022-06-13T02:30:43.292+0000][1][safepoint    ] Total time for which application threads were stopped: 0.0004122 seconds, Stopping threads took: 0.0002023 seconds
[2022-06-13T02:30:43.338+0000][1][safepoint    ] Application time: 0.0462974 seconds
[2022-06-13T02:30:43.339+0000][1][safepoint    ] Entering safepoint region: GenCollectForAllocation
[2022-06-13T02:30:43.339+0000][1][gc,start     ] GC(0) Pause Young (Allocation Failure)
[2022-06-13T02:30:43.340+0000][1][gc,task      ] GC(0) Using 5 workers of 13 for evacuation
[2022-06-13T02:30:43.344+0000][1][gc,age       ] GC(0) Desired survivor size 4456448 bytes, new threshold 1 (max threshold 6)
[2022-06-13T02:30:43.345+0000][1][gc,age       ] GC(0) Age table with threshold 1 (max threshold 6)
[2022-06-13T02:30:43.345+0000][1][gc,age       ] GC(0) - age   1:    8208328 bytes,    8208328 total
[2022-06-13T02:30:43.345+0000][1][gc,heap      ] GC(0) ParNew: 69952K->8126K(78656K)
[2022-06-13T02:30:43.345+0000][1][gc,heap      ] GC(0) CMS: 0K->0K(174784K)
[2022-06-13T02:30:43.345+0000][1][gc,metaspace ] GC(0) Metaspace: 12104K->12104K(1060864K)
[2022-06-13T02:30:43.345+0000][1][gc           ] GC(0) Pause Young (Allocation Failure) 68M->7M(247M) 6.310ms
[2022-06-13T02:30:43.345+0000][1][gc,cpu       ] GC(0) User=0.04s Sys=0.00s Real=0.01s
[2022-06-13T02:30:43.346+0000][1][safepoint    ] Leaving safepoint region
[2022-06-13T02:30:43.346+0000][1][safepoint    ] Total time for which application threads were stopped: 0.0069715 seconds, Stopping threads took: 0.0002255 seconds
[2022-06-13T02:30:43.346+0000][1][safepoint    ] Application time: 0.0004504 seconds
[2022-06-13T02:30:43.347+0000][1][safepoint    ] Entering safepoint region: RevokeBias
[2022-06-13T02:30:43.347+0000][1][safepoint    ] Leaving safepoint region
[2022-06-13T02:30:43.347+0000][1][safepoint    ] Total time for which application threads were stopped: 0.0003683 seconds, Stopping threads took: 0.0001507 seconds
[2022-06-13T02:30:43.347+0000][1][safepoint    ] Application time: 0.0000874 seconds
[2022-06-13T02:30:43.347+0000][1][safepoint    ] Entering safepoint region: RevokeBias
[2022-06-13T02:30:43.347+0000][1][safepoint    ] Leaving safepoint region
[2022-06-13T02:30:43.348+0000][1][safepoint    ] Total time for which application threads were stopped: 0.0002941 seconds, Stopping threads took: 0.0001429 seconds
[2022-06-13T02:30:43.348+0000][1][safepoint    ] Application time: 0.0002613 seconds
[2022-06-13T02:30:43.348+0000][1][safepoint    ] Entering safepoint region: RevokeBias
[2022-06-13T02:30:43.348+0000][1][safepoint    ] Leaving safepoint region
[2022-06-13T02:30:43.349+0000][1][safepoint    ] Total time for which application threads were stopped: 0.0006329 seconds, Stopping threads took: 0.0003030 seconds
[2022-06-13T02:30:43.349+0000][1][safepoint    ] Application time: 0.0002407 seconds
[2022-06-13T02:30:43.349+0000][1][safepoint    ] Entering safepoint region: RevokeBias
[2022-06-13T02:30:43.350+0000][1][safepoint    ] Leaving safepoint region
[2022-06-13T02:30:43.350+0000][1][safepoint    ] Total time for which application threads were stopped: 0.0004554 seconds, Stopping threads took: 0.0001884 seconds
[2022-06-13T02:30:43.350+0000][1][safepoint    ] Application time: 0.0000926 seconds
[2022-06-13T02:30:43.351+0000][1][safepoint    ] Entering safepoint region: RevokeBias
[2022-06-13T02:30:43.351+0000][1][safepoint    ] Leaving safepoint region
[2022-06-13T02:30:43.351+0000][1][safepoint    ] Total time for which application threads were stopped: 0.0002850 seconds, Stopping threads took: 0.0001532 seconds
[2022-06-13T02:30:43.351+0000][1][safepoint    ] Application time: 0.0000745 seconds
[2022-06-13T02:30:43.351+0000][1][safepoint    ] Entering safepoint region: RevokeBias
[2022-06-13T02:30:43.351+0000][1][safepoint    ] Leaving safepoint region
[2022-06-13T02:30:43.351+0000][1][safepoint    ] Total time for which application threads were stopped: 0.0002599 seconds, Stopping threads took: 0.0001413 seconds
[2022-06-13T02:30:43.352+0000][1][safepoint    ] Application time: 0.0000986 seconds
[2022-06-13T02:30:43.352+0000][1][safepoint    ] Entering safepoint region: RevokeBias
[2022-06-13T02:30:43.352+0000][1][safepoint    ] Leaving safepoint region
[2022-06-13T02:30:43.352+0000][1][safepoint    ] Total time for which application threads were stopped: 0.0003477 seconds, Stopping threads took: 0.0002291 seconds
[2022-06-13T02:30:43.352+0000][1][safepoint    ] Application time: 0.0000725 seconds
[2022-06-13T02:30:43.352+0000][1][safepoint    ] Entering safepoint region: RevokeBias
[2022-06-13T02:30:43.352+0000][1][safepoint    ] Leaving safepoint region
[2022-06-13T02:30:43.353+0000][1][safepoint    ] Total time for which application threads were stopped: 0.0002929 seconds, Stopping threads took: 0.0001303 seconds
[2022-06-13T02:30:43.353+0000][1][safepoint    ] Application time: 0.0000904 seconds
[2022-06-13T02:30:43.353+0000][1][safepoint    ] Entering safepoint region: RevokeBias
[2022-06-13T02:30:43.353+0000][1][safepoint    ] Leaving safepoint region
[2022-06-13T02:30:43.353+0000][1][safepoint    ] Total time for which application threads were stopped: 0.0002681 seconds, Stopping threads took: 0.0001189 seconds
[2022-06-13T02:30:43.353+0000][1][safepoint    ] Application time: 0.0000831 seconds
[2022-06-13T02:30:43.354+0000][1][safepoint    ] Entering safepoint region: RevokeBias
[2022-06-13T02:30:43.354+0000][1][safepoint    ] Leaving safepoint region
[2022-06-13T02:30:43.354+0000][1][safepoint    ] Total time for which application threads were stopped: 0.0009638 seconds, Stopping threads took: 0.0006586 seconds
[2022-06-13T02:30:43.355+0000][1][safepoint    ] Application time: 0.0001209 seconds
[2022-06-13T02:30:43.355+0000][1][safepoint    ] Entering safepoint region: RevokeBias
[2022-06-13T02:30:43.355+0000][1][safepoint    ] Leaving safepoint region
[2022-06-13T02:30:43.355+0000][1][safepoint    ] Total time for which application threads were stopped: 0.0002806 seconds, Stopping threads took: 0.0001733 seconds
[2022-06-13T02:30:43.355+0000][1][safepoint    ] Application time: 0.0000899 seconds
[2022-06-13T02:30:43.356+0000][1][safepoint    ] Entering safepoint region: RevokeBias
[2022-06-13T02:30:43.356+0000][1][safepoint    ] Leaving safepoint region
[2022-06-13T02:30:43.356+0000][1][safepoint    ] Total time for which application threads were stopped: 0.0004353 seconds, Stopping threads took: 0.0002815 seconds
[2022-06-13T02:30:43.356+0000][1][safepoint    ] Application time: 0.0001069 seconds
[2022-06-13T02:30:43.357+0000][1][safepoint    ] Entering safepoint region: RevokeBias
[2022-06-13T02:30:43.357+0000][1][safepoint    ] Leaving safepoint region
[2022-06-13T02:30:43.357+0000][1][safepoint    ] Total time for which application threads were stopped: 0.0003601 seconds, Stopping threads took: 0.0001601 seconds
[2022-06-13T02:30:43.357+0000][1][safepoint    ] Application time: 0.0001070 seconds
[2022-06-13T02:30:43.357+0000][1][safepoint    ] Entering safepoint region: RevokeBias
[2022-06-13T02:30:43.358+0000][1][safepoint    ] Leaving safepoint region
[2022-06-13T02:30:43.358+0000][1][safepoint    ] Total time for which application threads were stopped: 0.0003546 seconds, Stopping threads took: 0.0002377 seconds
[2022-06-13T02:30:43.358+0000][1][safepoint    ] Application time: 0.0000983 seconds
[2022-06-13T02:30:43.358+0000][1][safepoint    ] Entering safepoint region: RevokeBias
[2022-06-13T02:30:43.358+0000][1][safepoint    ] Leaving safepoint region
[2022-06-13T02:30:43.358+0000][1][safepoint    ] Total time for which application threads were stopped: 0.0002618 seconds, Stopping threads took: 0.0001233 seconds
[2022-06-13T02:30:43.358+0000][1][safepoint    ] Application time: 0.0000854 seconds
[2022-06-13T02:30:43.359+0000][1][safepoint    ] Entering safepoint region: RevokeBias
[2022-06-13T02:30:43.359+0000][1][safepoint    ] Leaving safepoint region
[2022-06-13T02:30:43.359+0000][1][safepoint    ] Total time for which application threads were stopped: 0.0002728 seconds, Stopping threads took: 0.0001411 seconds
[2022-06-13T02:30:43.359+0000][1][safepoint    ] Application time: 0.0002478 seconds
[2022-06-13T02:30:43.359+0000][1][safepoint    ] Entering safepoint region: RevokeBias
[2022-06-13T02:30:43.360+0000][1][safepoint    ] Leaving safepoint region
[2022-06-13T02:30:43.360+0000][1][safepoint    ] Total time for which application threads were stopped: 0.0003620 seconds, Stopping threads took: 0.0002155 seconds
[2022-06-13T02:30:43.360+0000][1][safepoint    ] Application time: 0.0000838 seconds
[2022-06-13T02:30:43.360+0000][1][safepoint    ] Entering safepoint region: RevokeBias
[2022-06-13T02:30:43.360+0000][1][safepoint    ] Leaving safepoint region
[2022-06-13T02:30:43.361+0000][1][safepoint    ] Total time for which application threads were stopped: 0.0007811 seconds, Stopping threads took: 0.0004147 seconds
[2022-06-13T02:30:43.361+0000][1][safepoint    ] Application time: 0.0001148 seconds
[2022-06-13T02:30:43.361+0000][1][safepoint    ] Entering safepoint region: RevokeBias
[2022-06-13T02:30:43.361+0000][1][safepoint    ] Leaving safepoint region
[2022-06-13T02:30:43.362+0000][1][safepoint    ] Total time for which application threads were stopped: 0.0002938 seconds, Stopping threads took: 0.0001321 seconds
[2022-06-13T02:30:43.362+0000][1][safepoint    ] Application time: 0.0000853 seconds
[2022-06-13T02:30:43.362+0000][1][safepoint    ] Entering safepoint region: RevokeBias
[2022-06-13T02:30:43.362+0000][1][safepoint    ] Leaving safepoint region
[2022-06-13T02:30:43.362+0000][1][safepoint    ] Total time for which application threads were stopped: 0.0003717 seconds, Stopping threads took: 0.0002558 seconds
[2022-06-13T02:30:43.363+0000][1][safepoint    ] Application time: 0.0000752 seconds
[2022-06-13T02:30:43.363+0000][1][safepoint    ] Entering safepoint region: RevokeBias
[2022-06-13T02:30:43.363+0000][1][safepoint    ] Leaving safepoint region
[2022-06-13T02:30:43.363+0000][1][safepoint    ] Total time for which application threads were stopped: 0.0002080 seconds, Stopping threads took: 0.0001038 seconds
[2022-06-13T02:30:43.363+0000][1][safepoint    ] Application time: 0.0000890 seconds
[2022-06-13T02:30:43.363+0000][1][safepoint    ] Entering safepoint region: RevokeBias
[2022-06-13T02:30:43.363+0000][1][safepoint    ] Leaving safepoint region
[2022-06-13T02:30:43.364+0000][1][safepoint    ] Total time for which application threads were stopped: 0.0004076 seconds, Stopping threads took: 0.0001927 seconds
[2022-06-13T02:30:43.364+0000][1][safepoint    ] Application time: 0.0000977 seconds
[2022-06-13T02:30:43.364+0000][1][safepoint    ] Entering safepoint region: RevokeBias
[2022-06-13T02:30:43.364+0000][1][safepoint    ] Leaving safepoint region
[2022-06-13T02:30:43.365+0000][1][safepoint    ] Total time for which application threads were stopped: 0.0005317 seconds, Stopping threads took: 0.0003487 seconds
[2022-06-13T02:30:43.365+0000][1][safepoint    ] Application time: 0.0000913 seconds
[2022-06-13T02:30:43.365+0000][1][safepoint    ] Entering safepoint region: RevokeBias
[2022-06-13T02:30:43.365+0000][1][safepoint    ] Leaving safepoint region
[2022-06-13T02:30:43.365+0000][1][safepoint    ] Total time for which application threads were stopped: 0.0004014 seconds, Stopping threads took: 0.0002321 seconds
[2022-06-13T02:30:43.366+0000][1][safepoint    ] Application time: 0.0000975 seconds
[2022-06-13T02:30:43.366+0000][1][safepoint    ] Entering safepoint region: RevokeBias
[2022-06-13T02:30:43.366+0000][1][safepoint    ] Leaving safepoint region
[2022-06-13T02:30:43.366+0000][1][safepoint    ] Total time for which application threads were stopped: 0.0003814 seconds, Stopping threads took: 0.0001046 seconds
[2022-06-13T02:30:43.366+0000][1][safepoint    ] Application time: 0.0000726 seconds
[2022-06-13T02:30:43.366+0000][1][safepoint    ] Entering safepoint region: RevokeBias
[2022-06-13T02:30:43.367+0000][1][safepoint    ] Leaving safepoint region
[2022-06-13T02:30:43.367+0000][1][safepoint    ] Total time for which application threads were stopped: 0.0003171 seconds, Stopping threads took: 0.0001573 seconds
[2022-06-13T02:30:43.495+0000][1][safepoint    ] Application time: 0.1277871 seconds
[2022-06-13T02:30:43.495+0000][1][safepoint    ] Entering safepoint region: Deoptimize
[2022-06-13T02:30:43.495+0000][1][safepoint    ] Leaving safepoint region
[2022-06-13T02:30:43.496+0000][1][safepoint    ] Total time for which application threads were stopped: 0.0007597 seconds, Stopping threads took: 0.0002085 seconds
[2022-06-13T02:30:43.632+0000][1][safepoint    ] Application time: 0.1360365 seconds
[2022-06-13T02:30:43.632+0000][1][safepoint    ] Entering safepoint region: RevokeBias
[2022-06-13T02:30:43.632+0000][1][safepoint    ] Leaving safepoint region
[2022-06-13T02:30:43.633+0000][1][safepoint    ] Total time for which application threads were stopped: 0.0006509 seconds, Stopping threads took: 0.0002355 seconds
[2022-06-13T02:30:43.685+0000][1][safepoint    ] Application time: 0.0520007 seconds
[2022-06-13T02:30:43.685+0000][1][safepoint    ] Entering safepoint region: RevokeBias
[2022-06-13T02:30:43.686+0000][1][safepoint    ] Leaving safepoint region
[2022-06-13T02:30:43.686+0000][1][safepoint    ] Total time for which application threads were stopped: 0.0003931 seconds, Stopping threads took: 0.0002205 seconds
[2022-06-13T02:30:43.689+0000][1][safepoint    ] Application time: 0.0030557 seconds
[2022-06-13T02:30:43.689+0000][1][safepoint    ] Entering safepoint region: RevokeBias
[2022-06-13T02:30:43.689+0000][1][safepoint    ] Leaving safepoint region
[2022-06-13T02:30:43.690+0000][1][safepoint    ] Total time for which application threads were stopped: 0.0003239 seconds, Stopping threads took: 0.0001420 seconds
[2022-06-13T02:30:43.706+0000][1][safepoint    ] Application time: 0.0160874 seconds
[2022-06-13T02:30:43.706+0000][1][safepoint    ] Entering safepoint region: GenCollectForAllocation
[2022-06-13T02:30:43.706+0000][1][gc,start     ] GC(1) Pause Young (Allocation Failure)
[2022-06-13T02:30:43.706+0000][1][gc,task      ] GC(1) Using 5 workers of 13 for evacuation
[2022-06-13T02:30:43.717+0000][1][gc,age       ] GC(1) Desired survivor size 4456448 bytes, new threshold 6 (max threshold 6)
[2022-06-13T02:30:43.717+0000][1][gc,age       ] GC(1) Age table with threshold 6 (max threshold 6)
[2022-06-13T02:30:43.717+0000][1][gc,age       ] GC(1) - age   1:    2008752 bytes,    2008752 total
[2022-06-13T02:30:43.717+0000][1][gc,heap      ] GC(1) ParNew: 78078K->5443K(78656K)
[2022-06-13T02:30:43.717+0000][1][gc,heap      ] GC(1) CMS: 0K->6631K(174784K)
[2022-06-13T02:30:43.718+0000][1][gc,metaspace ] GC(1) Metaspace: 14857K->14857K(1062912K)
[2022-06-13T02:30:43.718+0000][1][gc           ] GC(1) Pause Young (Allocation Failure) 76M->11M(247M) 11.520ms
[2022-06-13T02:30:43.718+0000][1][gc,cpu       ] GC(1) User=0.07s Sys=0.00s Real=0.01s
[2022-06-13T02:30:43.718+0000][1][safepoint    ] Leaving safepoint region
[2022-06-13T02:30:43.718+0000][1][safepoint    ] Total time for which application threads were stopped: 0.0120874 seconds, Stopping threads took: 0.0001615 seconds
[2022-06-13T02:30:43.718+0000][1][safepoint    ] Application time: 0.0002285 seconds
[2022-06-13T02:30:43.719+0000][1][safepoint    ] Entering safepoint region: RevokeBias
[2022-06-13T02:30:43.719+0000][1][safepoint    ] Leaving safepoint region
[2022-06-13T02:30:43.719+0000][1][safepoint    ] Total time for which application threads were stopped: 0.0003825 seconds, Stopping threads took: 0.0001771 seconds
[2022-06-13T02:30:43.719+0000][1][safepoint    ] Application time: 0.0000732 seconds
[2022-06-13T02:30:43.719+0000][1][safepoint    ] Entering safepoint region: RevokeBias
[2022-06-13T02:30:43.720+0000][1][safepoint    ] Leaving safepoint region
[2022-06-13T02:30:43.720+0000][1][safepoint    ] Total time for which application threads were stopped: 0.0003253 seconds, Stopping threads took: 0.0001761 seconds
[2022-06-13T02:30:43.720+0000][1][safepoint    ] Application time: 0.0000907 seconds
[2022-06-13T02:30:43.720+0000][1][safepoint    ] Entering safepoint region: RevokeBias
[2022-06-13T02:30:43.720+0000][1][safepoint    ] Leaving safepoint region
[2022-06-13T02:30:43.720+0000][1][safepoint    ] Total time for which application threads were stopped: 0.0002807 seconds, Stopping threads took: 0.0001397 seconds
[2022-06-13T02:30:43.720+0000][1][safepoint    ] Application time: 0.0000749 seconds
[2022-06-13T02:30:43.721+0000][1][safepoint    ] Entering safepoint region: RevokeBias
[2022-06-13T02:30:43.721+0000][1][safepoint    ] Leaving safepoint region
[2022-06-13T02:30:43.721+0000][1][safepoint    ] Total time for which application threads were stopped: 0.0002675 seconds, Stopping threads took: 0.0001454 seconds
[2022-06-13T02:30:43.721+0000][1][safepoint    ] Application time: 0.0000805 seconds
[2022-06-13T02:30:43.721+0000][1][safepoint    ] Entering safepoint region: RevokeBias
[2022-06-13T02:30:43.721+0000][1][safepoint    ] Leaving safepoint region
[2022-06-13T02:30:43.721+0000][1][safepoint    ] Total time for which application threads were stopped: 0.0002480 seconds, Stopping threads took: 0.0001250 seconds
[2022-06-13T02:30:43.722+0000][1][safepoint    ] Application time: 0.0001007 seconds
[2022-06-13T02:30:43.722+0000][1][safepoint    ] Entering safepoint region: RevokeBias
[2022-06-13T02:30:43.722+0000][1][safepoint    ] Leaving safepoint region
[2022-06-13T02:30:43.722+0000][1][safepoint    ] Total time for which application threads were stopped: 0.0002925 seconds, Stopping threads took: 0.0001431 seconds
[2022-06-13T02:30:43.722+0000][1][safepoint    ] Application time: 0.0000905 seconds
[2022-06-13T02:30:43.722+0000][1][safepoint    ] Entering safepoint region: RevokeBias
[2022-06-13T02:30:43.722+0000][1][safepoint    ] Leaving safepoint region
[2022-06-13T02:30:43.723+0000][1][safepoint    ] Total time for which application threads were stopped: 0.0002831 seconds, Stopping threads took: 0.0001313 seconds
[2022-06-13T02:30:43.723+0000][1][safepoint    ] Application time: 0.0000672 seconds
[2022-06-13T02:30:43.723+0000][1][safepoint    ] Entering safepoint region: RevokeBias
[2022-06-13T02:30:43.723+0000][1][safepoint    ] Leaving safepoint region
[2022-06-13T02:30:43.723+0000][1][safepoint    ] Total time for which application threads were stopped: 0.0006274 seconds, Stopping threads took: 0.0004615 seconds
[2022-06-13T02:30:43.724+0000][1][safepoint    ] Application time: 0.0000960 seconds
[2022-06-13T02:30:43.724+0000][1][safepoint    ] Entering safepoint region: RevokeBias
[2022-06-13T02:30:43.724+0000][1][safepoint    ] Leaving safepoint region
[2022-06-13T02:30:43.724+0000][1][safepoint    ] Total time for which application threads were stopped: 0.0002734 seconds, Stopping threads took: 0.0001331 seconds
[2022-06-13T02:30:43.724+0000][1][safepoint    ] Application time: 0.0000816 seconds
[2022-06-13T02:30:43.724+0000][1][safepoint    ] Entering safepoint region: RevokeBias
[2022-06-13T02:30:43.725+0000][1][safepoint    ] Leaving safepoint region
[2022-06-13T02:30:43.725+0000][1][safepoint    ] Total time for which application threads were stopped: 0.0002818 seconds, Stopping threads took: 0.0001408 seconds
[2022-06-13T02:30:43.725+0000][1][safepoint    ] Application time: 0.0000860 seconds
[2022-06-13T02:30:43.725+0000][1][safepoint    ] Entering safepoint region: BulkRevokeBias
[2022-06-13T02:30:43.725+0000][1][safepoint    ] Leaving safepoint region
[2022-06-13T02:30:43.725+0000][1][safepoint    ] Total time for which application threads were stopped: 0.0002916 seconds, Stopping threads took: 0.0001216 seconds
[2022-06-13T02:30:43.726+0000][1][safepoint    ] Application time: 0.0000744 seconds
[2022-06-13T02:30:43.726+0000][1][safepoint    ] Entering safepoint region: RevokeBias
[2022-06-13T02:30:43.726+0000][1][safepoint    ] Leaving safepoint region
[2022-06-13T02:30:43.726+0000][1][safepoint    ] Total time for which application threads were stopped: 0.0002606 seconds, Stopping threads took: 0.0001177 seconds
[2022-06-13T02:30:43.726+0000][1][safepoint    ] Application time: 0.0001208 seconds
[2022-06-13T02:30:43.726+0000][1][safepoint    ] Entering safepoint region: BulkRevokeBias
[2022-06-13T02:30:43.726+0000][1][safepoint    ] Leaving safepoint region
[2022-06-13T02:30:43.727+0000][1][safepoint    ] Total time for which application threads were stopped: 0.0003109 seconds, Stopping threads took: 0.0001710 seconds
[2022-06-13T02:30:43.799+0000][1][safepoint    ] Application time: 0.0727901 seconds
[2022-06-13T02:30:43.800+0000][1][safepoint    ] Entering safepoint region: GenCollectForAllocation
[2022-06-13T02:30:43.800+0000][1][gc,start     ] GC(2) Pause Young (Allocation Failure)
[2022-06-13T02:30:43.800+0000][1][gc,task      ] GC(2) Using 5 workers of 13 for evacuation
[2022-06-13T02:30:43.803+0000][1][gc,age       ] GC(2) Desired survivor size 4456448 bytes, new threshold 6 (max threshold 6)
[2022-06-13T02:30:43.803+0000][1][gc,age       ] GC(2) Age table with threshold 6 (max threshold 6)
[2022-06-13T02:30:43.803+0000][1][gc,age       ] GC(2) - age   1:    2579360 bytes,    2579360 total
[2022-06-13T02:30:43.803+0000][1][gc,age       ] GC(2) - age   2:    1209680 bytes,    3789040 total
[2022-06-13T02:30:43.803+0000][1][gc,heap      ] GC(2) ParNew: 75395K->4571K(78656K)
[2022-06-13T02:30:43.804+0000][1][gc,heap      ] GC(2) CMS: 6631K->6631K(174784K)
[2022-06-13T02:30:43.804+0000][1][gc,metaspace ] GC(2) Metaspace: 14995K->14995K(1062912K)
[2022-06-13T02:30:43.804+0000][1][gc           ] GC(2) Pause Young (Allocation Failure) 80M->10M(247M) 3.967ms
[2022-06-13T02:30:43.804+0000][1][gc,cpu       ] GC(2) User=0.02s Sys=0.00s Real=0.00s
[2022-06-13T02:30:43.804+0000][1][safepoint    ] Leaving safepoint region
[2022-06-13T02:30:43.804+0000][1][safepoint    ] Total time for which application threads were stopped: 0.0046075 seconds, Stopping threads took: 0.0001358 seconds
[2022-06-13T02:30:43.805+0000][1][safepoint    ] Application time: 0.0001774 seconds
[2022-06-13T02:30:43.805+0000][1][safepoint    ] Entering safepoint region: RevokeBias
[2022-06-13T02:30:43.805+0000][1][safepoint    ] Leaving safepoint region
[2022-06-13T02:30:43.805+0000][1][safepoint    ] Total time for which application threads were stopped: 0.0003174 seconds, Stopping threads took: 0.0001584 seconds
[2022-06-13T02:30:43.805+0000][1][safepoint    ] Application time: 0.0000834 seconds
[2022-06-13T02:30:43.805+0000][1][safepoint    ] Entering safepoint region: RevokeBias
[2022-06-13T02:30:43.805+0000][1][safepoint    ] Leaving safepoint region
[2022-06-13T02:30:43.806+0000][1][safepoint    ] Total time for which application threads were stopped: 0.0002952 seconds, Stopping threads took: 0.0001336 seconds
[2022-06-13T02:30:43.806+0000][1][safepoint    ] Application time: 0.0000960 seconds
[2022-06-13T02:30:43.806+0000][1][safepoint    ] Entering safepoint region: RevokeBias
[2022-06-13T02:30:43.806+0000][1][safepoint    ] Leaving safepoint region
[2022-06-13T02:30:43.806+0000][1][safepoint    ] Total time for which application threads were stopped: 0.0002922 seconds, Stopping threads took: 0.0001688 seconds
[2022-06-13T02:30:43.806+0000][1][safepoint    ] Application time: 0.0000730 seconds
[2022-06-13T02:30:43.806+0000][1][safepoint    ] Entering safepoint region: RevokeBias
[2022-06-13T02:30:43.807+0000][1][safepoint    ] Leaving safepoint region
[2022-06-13T02:30:43.807+0000][1][safepoint    ] Total time for which application threads were stopped: 0.0002566 seconds, Stopping threads took: 0.0001222 seconds
[2022-06-13T02:30:43.807+0000][1][safepoint    ] Application time: 0.0000792 seconds
[2022-06-13T02:30:43.807+0000][1][safepoint    ] Entering safepoint region: RevokeBias
[2022-06-13T02:30:43.807+0000][1][safepoint    ] Leaving safepoint region
[2022-06-13T02:30:43.807+0000][1][safepoint    ] Total time for which application threads were stopped: 0.0002475 seconds, Stopping threads took: 0.0001223 seconds
[2022-06-13T02:30:43.807+0000][1][safepoint    ] Application time: 0.0000788 seconds
[2022-06-13T02:30:43.808+0000][1][safepoint    ] Entering safepoint region: RevokeBias
[2022-06-13T02:30:43.808+0000][1][safepoint    ] Leaving safepoint region
[2022-06-13T02:30:43.808+0000][1][safepoint    ] Total time for which application threads were stopped: 0.0002466 seconds, Stopping threads took: 0.0001162 seconds
[2022-06-13T02:30:43.889+0000][1][safepoint    ] Application time: 0.0813395 seconds
[2022-06-13T02:30:43.890+0000][1][safepoint    ] Entering safepoint region: Deoptimize
[2022-06-13T02:30:43.890+0000][1][safepoint    ] Leaving safepoint region
[2022-06-13T02:30:43.890+0000][1][safepoint    ] Total time for which application threads were stopped: 0.0007965 seconds, Stopping threads took: 0.0001828 seconds
[2022-06-13T02:30:43.891+0000][1][safepoint    ] Application time: 0.0004969 seconds
[2022-06-13T02:30:43.891+0000][1][safepoint    ] Entering safepoint region: Deoptimize
[2022-06-13T02:30:43.891+0000][1][safepoint    ] Leaving safepoint region
[2022-06-13T02:30:43.892+0000][1][safepoint    ] Total time for which application threads were stopped: 0.0005376 seconds, Stopping threads took: 0.0001119 seconds
[2022-06-13T02:30:43.996+0000][1][safepoint    ] Application time: 0.1042983 seconds
[2022-06-13T02:30:43.996+0000][1][safepoint    ] Entering safepoint region: GenCollectForAllocation
[2022-06-13T02:30:43.997+0000][1][gc,start     ] GC(3) Pause Young (Allocation Failure)
[2022-06-13T02:30:43.997+0000][1][gc,task      ] GC(3) Using 5 workers of 13 for evacuation
[2022-06-13T02:30:43.999+0000][1][gc,age       ] GC(3) Desired survivor size 4456448 bytes, new threshold 3 (max threshold 6)
[2022-06-13T02:30:44.000+0000][1][gc,age       ] GC(3) Age table with threshold 3 (max threshold 6)
[2022-06-13T02:30:44.000+0000][1][gc,age       ] GC(3) - age   1:    3225464 bytes,    3225464 total
[2022-06-13T02:30:44.000+0000][1][gc,age       ] GC(3) - age   2:     294152 bytes,    3519616 total
[2022-06-13T02:30:44.000+0000][1][gc,age       ] GC(3) - age   3:    1206376 bytes,    4725992 total
[2022-06-13T02:30:44.000+0000][1][gc,heap      ] GC(3) ParNew: 74523K->6373K(78656K)
[2022-06-13T02:30:44.000+0000][1][gc,heap      ] GC(3) CMS: 6631K->6631K(174784K)
[2022-06-13T02:30:44.000+0000][1][gc,metaspace ] GC(3) Metaspace: 18178K->18178K(1067008K)
[2022-06-13T02:30:44.000+0000][1][gc           ] GC(3) Pause Young (Allocation Failure) 79M->12M(247M) 3.811ms
[2022-06-13T02:30:44.000+0000][1][gc,cpu       ] GC(3) User=0.03s Sys=0.01s Real=0.01s
[2022-06-13T02:30:44.001+0000][1][safepoint    ] Leaving safepoint region
[2022-06-13T02:30:44.001+0000][1][safepoint    ] Total time for which application threads were stopped: 0.0043696 seconds, Stopping threads took: 0.0001330 seconds
[2022-06-13T02:30:44.001+0000][1][safepoint    ] Application time: 0.0002316 seconds
[2022-06-13T02:30:44.001+0000][1][safepoint    ] Entering safepoint region: RevokeBias
[2022-06-13T02:30:44.001+0000][1][safepoint    ] Leaving safepoint region
[2022-06-13T02:30:44.001+0000][1][safepoint    ] Total time for which application threads were stopped: 0.0003192 seconds, Stopping threads took: 0.0001150 seconds
[2022-06-13T02:30:44.002+0000][1][safepoint    ] Application time: 0.0000904 seconds
[2022-06-13T02:30:44.002+0000][1][safepoint    ] Entering safepoint region: RevokeBias
[2022-06-13T02:30:44.002+0000][1][safepoint    ] Leaving safepoint region
[2022-06-13T02:30:44.002+0000][1][safepoint    ] Total time for which application threads were stopped: 0.0004095 seconds, Stopping threads took: 0.0002828 seconds
[2022-06-13T02:30:44.002+0000][1][safepoint    ] Application time: 0.0000810 seconds
[2022-06-13T02:30:44.003+0000][1][safepoint    ] Entering safepoint region: RevokeBias
[2022-06-13T02:30:44.003+0000][1][safepoint    ] Leaving safepoint region
[2022-06-13T02:30:44.003+0000][1][safepoint    ] Total time for which application threads were stopped: 0.0002516 seconds, Stopping threads took: 0.0001289 seconds
[2022-06-13T02:30:44.003+0000][1][safepoint    ] Application time: 0.0000673 seconds
[2022-06-13T02:30:44.003+0000][1][safepoint    ] Entering safepoint region: RevokeBias
[2022-06-13T02:30:44.003+0000][1][safepoint    ] Leaving safepoint region
[2022-06-13T02:30:44.003+0000][1][safepoint    ] Total time for which application threads were stopped: 0.0003250 seconds, Stopping threads took: 0.0001704 seconds
[2022-06-13T02:30:44.004+0000][1][safepoint    ] Application time: 0.0000783 seconds
[2022-06-13T02:30:44.004+0000][1][safepoint    ] Entering safepoint region: RevokeBias
[2022-06-13T02:30:44.004+0000][1][safepoint    ] Leaving safepoint region
[2022-06-13T02:30:44.004+0000][1][safepoint    ] Total time for which application threads were stopped: 0.0003404 seconds, Stopping threads took: 0.0001691 seconds
[2022-06-13T02:30:44.004+0000][1][safepoint    ] Application time: 0.0000774 seconds
[2022-06-13T02:30:44.004+0000][1][safepoint    ] Entering safepoint region: RevokeBias
[2022-06-13T02:30:44.005+0000][1][safepoint    ] Leaving safepoint region
[2022-06-13T02:30:44.005+0000][1][safepoint    ] Total time for which application threads were stopped: 0.0002834 seconds, Stopping threads took: 0.0001341 seconds
[2022-06-13T02:30:44.005+0000][1][safepoint    ] Application time: 0.0000815 seconds
[2022-06-13T02:30:44.005+0000][1][safepoint    ] Entering safepoint region: RevokeBias
[2022-06-13T02:30:44.005+0000][1][safepoint    ] Leaving safepoint region
[2022-06-13T02:30:44.005+0000][1][safepoint    ] Total time for which application threads were stopped: 0.0002351 seconds, Stopping threads took: 0.0001160 seconds
[2022-06-13T02:30:44.005+0000][1][safepoint    ] Application time: 0.0000738 seconds
[2022-06-13T02:30:44.005+0000][1][safepoint    ] Entering safepoint region: RevokeBias
[2022-06-13T02:30:44.006+0000][1][safepoint    ] Leaving safepoint region
[2022-06-13T02:30:44.006+0000][1][safepoint    ] Total time for which application threads were stopped: 0.0002552 seconds, Stopping threads took: 0.0001148 seconds
[2022-06-13T02:30:44.006+0000][1][safepoint    ] Application time: 0.0000804 seconds
[2022-06-13T02:30:44.006+0000][1][safepoint    ] Entering safepoint region: RevokeBias
[2022-06-13T02:30:44.006+0000][1][safepoint    ] Leaving safepoint region
[2022-06-13T02:30:44.006+0000][1][safepoint    ] Total time for which application threads were stopped: 0.0002758 seconds, Stopping threads took: 0.0001380 seconds
[2022-06-13T02:30:44.006+0000][1][safepoint    ] Application time: 0.0000668 seconds
[2022-06-13T02:30:44.007+0000][1][safepoint    ] Entering safepoint region: RevokeBias
[2022-06-13T02:30:44.007+0000][1][safepoint    ] Leaving safepoint region
[2022-06-13T02:30:44.007+0000][1][safepoint    ] Total time for which application threads were stopped: 0.0002889 seconds, Stopping threads took: 0.0001335 seconds
[2022-06-13T02:30:44.007+0000][1][safepoint    ] Application time: 0.0000807 seconds
[2022-06-13T02:30:44.007+0000][1][safepoint    ] Entering safepoint region: RevokeBias
[2022-06-13T02:30:44.007+0000][1][safepoint    ] Leaving safepoint region
[2022-06-13T02:30:44.007+0000][1][safepoint    ] Total time for which application threads were stopped: 0.0002523 seconds, Stopping threads took: 0.0001124 seconds
[2022-06-13T02:30:44.008+0000][1][safepoint    ] Application time: 0.0000675 seconds
[2022-06-13T02:30:44.008+0000][1][safepoint    ] Entering safepoint region: RevokeBias
[2022-06-13T02:30:44.008+0000][1][safepoint    ] Leaving safepoint region
[2022-06-13T02:30:44.008+0000][1][safepoint    ] Total time for which application threads were stopped: 0.0002231 seconds, Stopping threads took: 0.0000873 seconds
[2022-06-13T02:30:44.008+0000][1][safepoint    ] Application time: 0.0000761 seconds
[2022-06-13T02:30:44.008+0000][1][safepoint    ] Entering safepoint region: RevokeBias
[2022-06-13T02:30:44.008+0000][1][safepoint    ] Leaving safepoint region
[2022-06-13T02:30:44.008+0000][1][safepoint    ] Total time for which application threads were stopped: 0.0002774 seconds, Stopping threads took: 0.0001696 seconds
[2022-06-13T02:30:44.009+0000][1][safepoint    ] Application time: 0.0000821 seconds
[2022-06-13T02:30:44.009+0000][1][safepoint    ] Entering safepoint region: RevokeBias
[2022-06-13T02:30:44.009+0000][1][safepoint    ] Leaving safepoint region
[2022-06-13T02:30:44.009+0000][1][safepoint    ] Total time for which application threads were stopped: 0.0002854 seconds, Stopping threads took: 0.0001232 seconds
[2022-06-13T02:30:44.009+0000][1][safepoint    ] Application time: 0.0000848 seconds
[2022-06-13T02:30:44.009+0000][1][safepoint    ] Entering safepoint region: RevokeBias
[2022-06-13T02:30:44.010+0000][1][safepoint    ] Leaving safepoint region
[2022-06-13T02:30:44.010+0000][1][safepoint    ] Total time for which application threads were stopped: 0.0003444 seconds, Stopping threads took: 0.0001999 seconds
[2022-06-13T02:30:44.010+0000][1][safepoint    ] Application time: 0.0000789 seconds
[2022-06-13T02:30:44.010+0000][1][safepoint    ] Entering safepoint region: RevokeBias
[2022-06-13T02:30:44.010+0000][1][safepoint    ] Leaving safepoint region
[2022-06-13T02:30:44.010+0000][1][safepoint    ] Total time for which application threads were stopped: 0.0002836 seconds, Stopping threads took: 0.0001236 seconds
[2022-06-13T02:30:44.010+0000][1][safepoint    ] Application time: 0.0000690 seconds
[2022-06-13T02:30:44.011+0000][1][safepoint    ] Entering safepoint region: RevokeBias
[2022-06-13T02:30:44.011+0000][1][safepoint    ] Leaving safepoint region
[2022-06-13T02:30:44.011+0000][1][safepoint    ] Total time for which application threads were stopped: 0.0003084 seconds, Stopping threads took: 0.0001255 seconds
[2022-06-13T02:30:44.011+0000][1][safepoint    ] Application time: 0.0001239 seconds
[2022-06-13T02:30:44.011+0000][1][safepoint    ] Entering safepoint region: RevokeBias
[2022-06-13T02:30:44.011+0000][1][safepoint    ] Leaving safepoint region
[2022-06-13T02:30:44.012+0000][1][safepoint    ] Total time for which application threads were stopped: 0.0003298 seconds, Stopping threads took: 0.0001480 seconds
[2022-06-13T02:30:44.012+0000][1][safepoint    ] Application time: 0.0000866 seconds
[2022-06-13T02:30:44.012+0000][1][safepoint    ] Entering safepoint region: RevokeBias
[2022-06-13T02:30:44.012+0000][1][safepoint    ] Leaving safepoint region
[2022-06-13T02:30:44.012+0000][1][safepoint    ] Total time for which application threads were stopped: 0.0002629 seconds, Stopping threads took: 0.0000923 seconds
[2022-06-13T02:30:44.012+0000][1][safepoint    ] Application time: 0.0000830 seconds
[2022-06-13T02:30:44.012+0000][1][safepoint    ] Entering safepoint region: RevokeBias
[2022-06-13T02:30:44.013+0000][1][safepoint    ] Leaving safepoint region
[2022-06-13T02:30:44.013+0000][1][safepoint    ] Total time for which application threads were stopped: 0.0003169 seconds, Stopping threads took: 0.0001395 seconds
[2022-06-13T02:30:44.013+0000][1][safepoint    ] Application time: 0.0000780 seconds
[2022-06-13T02:30:44.013+0000][1][safepoint    ] Entering safepoint region: RevokeBias
[2022-06-13T02:30:44.013+0000][1][safepoint    ] Leaving safepoint region
[2022-06-13T02:30:44.013+0000][1][safepoint    ] Total time for which application threads were stopped: 0.0002925 seconds, Stopping threads took: 0.0001247 seconds
[2022-06-13T02:30:44.093+0000][1][safepoint    ] Application time: 0.0799009 seconds
[2022-06-13T02:30:44.094+0000][1][safepoint    ] Entering safepoint region: GenCollectForAllocation
[2022-06-13T02:30:44.094+0000][1][gc,start     ] GC(4) Pause Young (Allocation Failure)
[2022-06-13T02:30:44.094+0000][1][gc,task      ] GC(4) Using 5 workers of 13 for evacuation
[2022-06-13T02:30:44.096+0000][1][gc,age       ] GC(4) Desired survivor size 4456448 bytes, new threshold 6 (max threshold 6)
[2022-06-13T02:30:44.097+0000][1][gc,age       ] GC(4) Age table with threshold 6 (max threshold 6)
[2022-06-13T02:30:44.097+0000][1][gc,age       ] GC(4) - age   1:     972184 bytes,     972184 total
[2022-06-13T02:30:44.097+0000][1][gc,age       ] GC(4) - age   2:    3190296 bytes,    4162480 total
[2022-06-13T02:30:44.097+0000][1][gc,age       ] GC(4) - age   3:     293624 bytes,    4456104 total
[2022-06-13T02:30:44.097+0000][1][gc,heap      ] GC(4) ParNew: 76325K->6687K(78656K)
[2022-06-13T02:30:44.097+0000][1][gc,heap      ] GC(4) CMS: 6631K->7841K(174784K)
[2022-06-13T02:30:44.097+0000][1][gc,metaspace ] GC(4) Metaspace: 18673K->18673K(1067008K)
[2022-06-13T02:30:44.097+0000][1][gc           ] GC(4) Pause Young (Allocation Failure) 81M->14M(247M) 3.479ms
[2022-06-13T02:30:44.097+0000][1][gc,cpu       ] GC(4) User=0.01s Sys=0.00s Real=0.00s
[2022-06-13T02:30:44.097+0000][1][safepoint    ] Leaving safepoint region
[2022-06-13T02:30:44.098+0000][1][safepoint    ] Total time for which application threads were stopped: 0.0040092 seconds, Stopping threads took: 0.0001536 seconds
[2022-06-13T02:30:44.098+0000][1][safepoint    ] Application time: 0.0001709 seconds
[2022-06-13T02:30:44.098+0000][1][safepoint    ] Entering safepoint region: RevokeBias
[2022-06-13T02:30:44.098+0000][1][safepoint    ] Leaving safepoint region
[2022-06-13T02:30:44.098+0000][1][safepoint    ] Total time for which application threads were stopped: 0.0002474 seconds, Stopping threads took: 0.0001220 seconds
[2022-06-13T02:30:44.098+0000][1][safepoint    ] Application time: 0.0000852 seconds
[2022-06-13T02:30:44.098+0000][1][safepoint    ] Entering safepoint region: RevokeBias
[2022-06-13T02:30:44.098+0000][1][safepoint    ] Leaving safepoint region
[2022-06-13T02:30:44.099+0000][1][safepoint    ] Total time for which application threads were stopped: 0.0002186 seconds, Stopping threads took: 0.0000941 seconds
[2022-06-13T02:30:44.099+0000][1][safepoint    ] Application time: 0.0000857 seconds
[2022-06-13T02:30:44.099+0000][1][safepoint    ] Entering safepoint region: RevokeBias
[2022-06-13T02:30:44.099+0000][1][safepoint    ] Leaving safepoint region
[2022-06-13T02:30:44.099+0000][1][safepoint    ] Total time for which application threads were stopped: 0.0002759 seconds, Stopping threads took: 0.0001344 seconds
[2022-06-13T02:30:44.099+0000][1][safepoint    ] Application time: 0.0000737 seconds
[2022-06-13T02:30:44.099+0000][1][safepoint    ] Entering safepoint region: RevokeBias
[2022-06-13T02:30:44.100+0000][1][safepoint    ] Leaving safepoint region
[2022-06-13T02:30:44.100+0000][1][safepoint    ] Total time for which application threads were stopped: 0.0002632 seconds, Stopping threads took: 0.0001329 seconds
[2022-06-13T02:30:44.114+0000][1][safepoint    ] Application time: 0.0143870 seconds
[2022-06-13T02:30:44.114+0000][1][safepoint    ] Entering safepoint region: Deoptimize
[2022-06-13T02:30:44.115+0000][1][safepoint    ] Leaving safepoint region
[2022-06-13T02:30:44.115+0000][1][safepoint    ] Total time for which application threads were stopped: 0.0006872 seconds, Stopping threads took: 0.0001542 seconds
[2022-06-13T02:30:44.143+0000][1][safepoint    ] Application time: 0.0277721 seconds
[2022-06-13T02:30:44.143+0000][1][safepoint    ] Entering safepoint region: Deoptimize
[2022-06-13T02:30:44.144+0000][1][safepoint    ] Leaving safepoint region
[2022-06-13T02:30:44.144+0000][1][safepoint    ] Total time for which application threads were stopped: 0.0007685 seconds, Stopping threads took: 0.0001843 seconds
[2022-06-13T02:30:44.204+0000][1][safepoint    ] Application time: 0.0599904 seconds
[2022-06-13T02:30:44.205+0000][1][safepoint    ] Entering safepoint region: GenCollectForAllocation
[2022-06-13T02:30:44.205+0000][1][gc,start     ] GC(5) Pause Young (Allocation Failure)
[2022-06-13T02:30:44.205+0000][1][gc,task      ] GC(5) Using 5 workers of 13 for evacuation
[2022-06-13T02:30:44.208+0000][1][gc,age       ] GC(5) Desired survivor size 4456448 bytes, new threshold 3 (max threshold 6)
[2022-06-13T02:30:44.208+0000][1][gc,age       ] GC(5) Age table with threshold 3 (max threshold 6)
[2022-06-13T02:30:44.209+0000][1][gc,age       ] GC(5) - age   1:    2176752 bytes,    2176752 total
[2022-06-13T02:30:44.209+0000][1][gc,age       ] GC(5) - age   2:     585136 bytes,    2761888 total
[2022-06-13T02:30:44.209+0000][1][gc,age       ] GC(5) - age   3:    3186096 bytes,    5947984 total
[2022-06-13T02:30:44.209+0000][1][gc,age       ] GC(5) - age   4:     293624 bytes,    6241608 total
[2022-06-13T02:30:44.209+0000][1][gc,heap      ] GC(5) ParNew: 76639K->6893K(78656K)
[2022-06-13T02:30:44.209+0000][1][gc,heap      ] GC(5) CMS: 7841K->7841K(174784K)
[2022-06-13T02:30:44.209+0000][1][gc,metaspace ] GC(5) Metaspace: 18945K->18945K(1067008K)
[2022-06-13T02:30:44.209+0000][1][gc           ] GC(5) Pause Young (Allocation Failure) 82M->14M(247M) 4.428ms
[2022-06-13T02:30:44.209+0000][1][gc,cpu       ] GC(5) User=0.06s Sys=0.01s Real=0.01s
[2022-06-13T02:30:44.210+0000][1][safepoint    ] Leaving safepoint region
[2022-06-13T02:30:44.210+0000][1][safepoint    ] Total time for which application threads were stopped: 0.0050438 seconds, Stopping threads took: 0.0001795 seconds
[2022-06-13T02:30:44.210+0000][1][safepoint    ] Application time: 0.0001829 seconds
[2022-06-13T02:30:44.210+0000][1][safepoint    ] Entering safepoint region: RevokeBias
[2022-06-13T02:30:44.210+0000][1][safepoint    ] Leaving safepoint region
[2022-06-13T02:30:44.210+0000][1][safepoint    ] Total time for which application threads were stopped: 0.0003685 seconds, Stopping threads took: 0.0001939 seconds
[2022-06-13T02:30:44.211+0000][1][safepoint    ] Application time: 0.0000634 seconds
[2022-06-13T02:30:44.211+0000][1][safepoint    ] Entering safepoint region: RevokeBias
[2022-06-13T02:30:44.211+0000][1][safepoint    ] Leaving safepoint region
[2022-06-13T02:30:44.212+0000][1][safepoint    ] Total time for which application threads were stopped: 0.0007085 seconds, Stopping threads took: 0.0004412 seconds
[2022-06-13T02:30:44.214+0000][1][safepoint    ] Application time: 0.0021573 seconds
[2022-06-13T02:30:44.214+0000][1][safepoint    ] Entering safepoint region: RevokeBias
[2022-06-13T02:30:44.214+0000][1][safepoint    ] Leaving safepoint region
[2022-06-13T02:30:44.215+0000][1][safepoint    ] Total time for which application threads were stopped: 0.0004712 seconds, Stopping threads took: 0.0002002 seconds
[2022-06-13T02:30:44.215+0000][1][safepoint    ] Application time: 0.0000859 seconds
[2022-06-13T02:30:44.215+0000][1][safepoint    ] Entering safepoint region: RevokeBias
[2022-06-13T02:30:44.215+0000][1][safepoint    ] Leaving safepoint region
[2022-06-13T02:30:44.215+0000][1][safepoint    ] Total time for which application threads were stopped: 0.0003191 seconds, Stopping threads took: 0.0001394 seconds
[2022-06-13T02:30:44.216+0000][1][safepoint    ] Application time: 0.0000899 seconds
[2022-06-13T02:30:44.216+0000][1][safepoint    ] Entering safepoint region: RevokeBias
[2022-06-13T02:30:44.216+0000][1][safepoint    ] Leaving safepoint region
[2022-06-13T02:30:44.216+0000][1][safepoint    ] Total time for which application threads were stopped: 0.0003400 seconds, Stopping threads took: 0.0001389 seconds
[2022-06-13T02:30:44.216+0000][1][safepoint    ] Application time: 0.0000883 seconds
[2022-06-13T02:30:44.216+0000][1][safepoint    ] Entering safepoint region: RevokeBias
[2022-06-13T02:30:44.217+0000][1][safepoint    ] Leaving safepoint region
[2022-06-13T02:30:44.217+0000][1][safepoint    ] Total time for which application threads were stopped: 0.0003203 seconds, Stopping threads took: 0.0001608 seconds
[2022-06-13T02:30:44.299+0000][1][safepoint    ] Application time: 0.0820725 seconds
[2022-06-13T02:30:44.299+0000][1][safepoint    ] Entering safepoint region: RevokeBias
[2022-06-13T02:30:44.300+0000][1][safepoint    ] Leaving safepoint region
[2022-06-13T02:30:44.300+0000][1][safepoint    ] Total time for which application threads were stopped: 0.0004290 seconds, Stopping threads took: 0.0002030 seconds
[2022-06-13T02:30:44.300+0000][1][safepoint    ] Application time: 0.0002578 seconds
[2022-06-13T02:30:44.300+0000][1][safepoint    ] Entering safepoint region: BulkRevokeBias
[2022-06-13T02:30:44.300+0000][1][safepoint    ] Leaving safepoint region
[2022-06-13T02:30:44.301+0000][1][safepoint    ] Total time for which application threads were stopped: 0.0003234 seconds, Stopping threads took: 0.0001103 seconds
[2022-06-13T02:30:44.316+0000][1][safepoint    ] Application time: 0.0150088 seconds
[2022-06-13T02:30:44.316+0000][1][safepoint    ] Entering safepoint region: GenCollectForAllocation
[2022-06-13T02:30:44.316+0000][1][gc,start     ] GC(6) Pause Young (Allocation Failure)
[2022-06-13T02:30:44.316+0000][1][gc,task      ] GC(6) Using 5 workers of 13 for evacuation
[2022-06-13T02:30:44.320+0000][1][gc,age       ] GC(6) Desired survivor size 4456448 bytes, new threshold 6 (max threshold 6)
[2022-06-13T02:30:44.320+0000][1][gc,age       ] GC(6) Age table with threshold 6 (max threshold 6)
[2022-06-13T02:30:44.320+0000][1][gc,age       ] GC(6) - age   1:    1167472 bytes,    1167472 total
[2022-06-13T02:30:44.320+0000][1][gc,age       ] GC(6) - age   2:    2163496 bytes,    3330968 total
[2022-06-13T02:30:44.320+0000][1][gc,age       ] GC(6) - age   3:     585136 bytes,    3916104 total
[2022-06-13T02:30:44.321+0000][1][gc,heap      ] GC(6) ParNew: 76845K->6778K(78656K)
[2022-06-13T02:30:44.321+0000][1][gc,heap      ] GC(6) CMS: 7841K->11267K(174784K)
[2022-06-13T02:30:44.321+0000][1][gc,metaspace ] GC(6) Metaspace: 19289K->19289K(1067008K)
[2022-06-13T02:30:44.321+0000][1][gc           ] GC(6) Pause Young (Allocation Failure) 82M->17M(247M) 4.875ms
[2022-06-13T02:30:44.321+0000][1][gc,cpu       ] GC(6) User=0.03s Sys=0.00s Real=0.01s
[2022-06-13T02:30:44.321+0000][1][safepoint    ] Leaving safepoint region
[2022-06-13T02:30:44.321+0000][1][safepoint    ] Total time for which application threads were stopped: 0.0054650 seconds, Stopping threads took: 0.0001583 seconds
[2022-06-13T02:30:44.322+0000][1][safepoint    ] Application time: 0.0001637 seconds
[2022-06-13T02:30:44.322+0000][1][safepoint    ] Entering safepoint region: BulkRevokeBias
[2022-06-13T02:30:44.322+0000][1][safepoint    ] Leaving safepoint region
[2022-06-13T02:30:44.322+0000][1][safepoint    ] Total time for which application threads were stopped: 0.0003768 seconds, Stopping threads took: 0.0001747 seconds
[2022-06-13T02:30:44.403+0000][1][safepoint    ] Application time: 0.0805057 seconds
[2022-06-13T02:30:44.404+0000][1][safepoint    ] Entering safepoint region: GenCollectForAllocation
[2022-06-13T02:30:44.404+0000][1][gc,start     ] GC(7) Pause Young (Allocation Failure)
[2022-06-13T02:30:44.404+0000][1][gc,task      ] GC(7) Using 5 workers of 13 for evacuation
[2022-06-13T02:30:44.407+0000][1][gc,age       ] GC(7) Desired survivor size 4456448 bytes, new threshold 6 (max threshold 6)
[2022-06-13T02:30:44.407+0000][1][gc,age       ] GC(7) Age table with threshold 6 (max threshold 6)
[2022-06-13T02:30:44.407+0000][1][gc,age       ] GC(7) - age   1:     458888 bytes,     458888 total
[2022-06-13T02:30:44.407+0000][1][gc,age       ] GC(7) - age   2:    1155368 bytes,    1614256 total
[2022-06-13T02:30:44.407+0000][1][gc,age       ] GC(7) - age   3:    2163496 bytes,    3777752 total
[2022-06-13T02:30:44.407+0000][1][gc,age       ] GC(7) - age   4:     585136 bytes,    4362888 total
[2022-06-13T02:30:44.407+0000][1][gc,heap      ] GC(7) ParNew: 76730K->5865K(78656K)
[2022-06-13T02:30:44.407+0000][1][gc,heap      ] GC(7) CMS: 11267K->11267K(174784K)
[2022-06-13T02:30:44.407+0000][1][gc,metaspace ] GC(7) Metaspace: 19558K->19558K(1067008K)
[2022-06-13T02:30:44.408+0000][1][gc           ] GC(7) Pause Young (Allocation Failure) 85M->16M(247M) 3.656ms
[2022-06-13T02:30:44.408+0000][1][gc,cpu       ] GC(7) User=0.02s Sys=0.00s Real=0.00s
[2022-06-13T02:30:44.408+0000][1][safepoint    ] Leaving safepoint region
[2022-06-13T02:30:44.408+0000][1][safepoint    ] Total time for which application threads were stopped: 0.0047799 seconds, Stopping threads took: 0.0003954 seconds
[2022-06-13T02:30:44.445+0000][1][safepoint    ] Application time: 0.0364291 seconds
[2022-06-13T02:30:44.445+0000][1][safepoint    ] Entering safepoint region: CollectForMetadataAllocation
[2022-06-13T02:30:44.445+0000][1][safepoint    ] Leaving safepoint region
[2022-06-13T02:30:44.445+0000][1][safepoint    ] Total time for which application threads were stopped: 0.0003834 seconds, Stopping threads took: 0.0001172 seconds
[2022-06-13T02:30:44.464+0000][1][safepoint    ] Application time: 0.0189269 seconds
[2022-06-13T02:30:44.465+0000][1][safepoint    ] Entering safepoint region: CollectForMetadataAllocation
[2022-06-13T02:30:44.465+0000][1][safepoint    ] Leaving safepoint region
[2022-06-13T02:30:44.465+0000][1][safepoint    ] Total time for which application threads were stopped: 0.0003151 seconds, Stopping threads took: 0.0000979 seconds
[2022-06-13T02:30:44.527+0000][1][safepoint    ] Application time: 0.0616156 seconds
[2022-06-13T02:30:44.527+0000][1][safepoint    ] Entering safepoint region: GenCollectForAllocation
[2022-06-13T02:30:44.527+0000][1][gc,start     ] GC(8) Pause Young (Allocation Failure)
[2022-06-13T02:30:44.527+0000][1][gc,task      ] GC(8) Using 5 workers of 13 for evacuation
[2022-06-13T02:30:44.531+0000][1][gc,age       ] GC(8) Desired survivor size 4456448 bytes, new threshold 4 (max threshold 6)
[2022-06-13T02:30:44.531+0000][1][gc,age       ] GC(8) Age table with threshold 4 (max threshold 6)
[2022-06-13T02:30:44.531+0000][1][gc,age       ] GC(8) - age   1:    2359672 bytes,    2359672 total
[2022-06-13T02:30:44.531+0000][1][gc,age       ] GC(8) - age   2:     440904 bytes,    2800576 total
[2022-06-13T02:30:44.531+0000][1][gc,age       ] GC(8) - age   3:    1155224 bytes,    3955800 total
[2022-06-13T02:30:44.531+0000][1][gc,age       ] GC(8) - age   4:    2161256 bytes,    6117056 total
[2022-06-13T02:30:44.531+0000][1][gc,age       ] GC(8) - age   5:     585136 bytes,    6702192 total
[2022-06-13T02:30:44.531+0000][1][gc,heap      ] GC(8) ParNew: 75817K->8468K(78656K)
[2022-06-13T02:30:44.531+0000][1][gc,heap      ] GC(8) CMS: 11267K->11267K(174784K)
[2022-06-13T02:30:44.532+0000][1][gc,metaspace ] GC(8) Metaspace: 20356K->20356K(1069056K)
[2022-06-13T02:30:44.532+0000][1][gc           ] GC(8) Pause Young (Allocation Failure) 85M->19M(247M) 4.543ms
[2022-06-13T02:30:44.532+0000][1][gc,cpu       ] GC(8) User=0.02s Sys=0.00s Real=0.01s
[2022-06-13T02:30:44.532+0000][1][safepoint    ] Leaving safepoint region
[2022-06-13T02:30:44.532+0000][1][safepoint    ] Total time for which application threads were stopped: 0.0051549 seconds, Stopping threads took: 0.0001762 seconds
[2022-06-13T02:30:44.532+0000][1][safepoint    ] Application time: 0.0001791 seconds
[2022-06-13T02:30:44.533+0000][1][safepoint    ] Entering safepoint region: CMS_Initial_Mark
[2022-06-13T02:30:44.533+0000][1][gc,start     ] GC(9) Pause Initial Mark
[2022-06-13T02:30:44.533+0000][1][gc           ] GC(9) Pause Initial Mark 20M->20M(247M) 0.726ms
[2022-06-13T02:30:44.534+0000][1][gc,cpu       ] GC(9) User=0.01s Sys=0.00s Real=0.00s
[2022-06-13T02:30:44.534+0000][1][safepoint    ] Leaving safepoint region
[2022-06-13T02:30:44.534+0000][1][safepoint    ] Total time for which application threads were stopped: 0.0012980 seconds, Stopping threads took: 0.0001221 seconds
[2022-06-13T02:30:44.534+0000][1][gc           ] GC(9) Concurrent Mark
[2022-06-13T02:30:44.535+0000][1][gc,task      ] GC(9) Using 4 workers of 4 for marking
[2022-06-13T02:30:44.539+0000][1][gc           ] GC(9) Concurrent Mark 4.990ms
[2022-06-13T02:30:44.539+0000][1][gc,cpu       ] GC(9) User=0.02s Sys=0.01s Real=0.01s
[2022-06-13T02:30:44.539+0000][1][gc           ] GC(9) Concurrent Preclean
[2022-06-13T02:30:44.540+0000][1][gc           ] GC(9) Concurrent Preclean 0.532ms
[2022-06-13T02:30:44.540+0000][1][gc,cpu       ] GC(9) User=0.00s Sys=0.00s Real=0.00s
[2022-06-13T02:30:44.540+0000][1][gc           ] GC(9) Concurrent Abortable Preclean
[2022-06-13T02:30:44.588+0000][1][safepoint    ] Application time: 0.0539227 seconds
[2022-06-13T02:30:44.588+0000][1][safepoint    ] Entering safepoint region: GenCollectForAllocation
[2022-06-13T02:30:44.588+0000][1][gc,start     ] GC(10) Pause Young (Allocation Failure)
[2022-06-13T02:30:44.588+0000][1][gc,task      ] GC(10) Using 5 workers of 13 for evacuation
[2022-06-13T02:30:44.591+0000][1][gc,age       ] GC(10) Desired survivor size 4456448 bytes, new threshold 6 (max threshold 6)
[2022-06-13T02:30:44.591+0000][1][gc,age       ] GC(10) Age table with threshold 6 (max threshold 6)
[2022-06-13T02:30:44.591+0000][1][gc,age       ] GC(10) - age   1:     453624 bytes,     453624 total
[2022-06-13T02:30:44.591+0000][1][gc,age       ] GC(10) - age   2:     526832 bytes,     980456 total
[2022-06-13T02:30:44.592+0000][1][gc,age       ] GC(10) - age   3:     440784 bytes,    1421240 total
[2022-06-13T02:30:44.592+0000][1][gc,age       ] GC(10) - age   4:    1155224 bytes,    2576464 total
[2022-06-13T02:30:44.592+0000][1][gc,heap      ] GC(10) ParNew: 78420K->5426K(78656K)
[2022-06-13T02:30:44.592+0000][1][gc,heap      ] GC(10) CMS: 11267K->13973K(174784K)
[2022-06-13T02:30:44.592+0000][1][gc,metaspace ] GC(10) Metaspace: 20468K->20468K(1069056K)
[2022-06-13T02:30:44.592+0000][1][gc           ] GC(10) Pause Young (Allocation Failure) 87M->18M(247M) 3.808ms
[2022-06-13T02:30:44.592+0000][1][gc,cpu       ] GC(10) User=0.03s Sys=0.00s Real=0.01s
[2022-06-13T02:30:44.592+0000][1][safepoint    ] Leaving safepoint region
[2022-06-13T02:30:44.592+0000][1][safepoint    ] Total time for which application threads were stopped: 0.0042588 seconds, Stopping threads took: 0.0001085 seconds
[2022-06-13T02:30:44.643+0000][1][safepoint    ] Application time: 0.0505025 seconds
[2022-06-13T02:30:44.643+0000][1][safepoint    ] Entering safepoint region: GenCollectForAllocation
[2022-06-13T02:30:44.643+0000][1][gc,start     ] GC(11) Pause Young (Allocation Failure)
[2022-06-13T02:30:44.643+0000][1][gc,task      ] GC(11) Using 5 workers of 13 for evacuation
[2022-06-13T02:30:44.645+0000][1][gc,age       ] GC(11) Desired survivor size 4456448 bytes, new threshold 6 (max threshold 6)
[2022-06-13T02:30:44.646+0000][1][gc,age       ] GC(11) Age table with threshold 6 (max threshold 6)
[2022-06-13T02:30:44.646+0000][1][gc,age       ] GC(11) - age   1:    1239760 bytes,    1239760 total
[2022-06-13T02:30:44.646+0000][1][gc,age       ] GC(11) - age   2:     131776 bytes,    1371536 total
[2022-06-13T02:30:44.646+0000][1][gc,age       ] GC(11) - age   3:     526784 bytes,    1898320 total
[2022-06-13T02:30:44.646+0000][1][gc,age       ] GC(11) - age   4:     440680 bytes,    2339000 total
[2022-06-13T02:30:44.646+0000][1][gc,age       ] GC(11) - age   5:    1154936 bytes,    3493936 total
[2022-06-13T02:30:44.646+0000][1][gc,heap      ] GC(11) ParNew: 75378K->4678K(78656K)
[2022-06-13T02:30:44.646+0000][1][gc,heap      ] GC(11) CMS: 13973K->13973K(174784K)
[2022-06-13T02:30:44.646+0000][1][gc,metaspace ] GC(11) Metaspace: 20545K->20545K(1069056K)
[2022-06-13T02:30:44.647+0000][1][gc           ] GC(11) Pause Young (Allocation Failure) 87M->18M(247M) 3.249ms
[2022-06-13T02:30:44.647+0000][1][gc,cpu       ] GC(11) User=0.01s Sys=0.00s Real=0.00s
[2022-06-13T02:30:44.647+0000][1][safepoint    ] Leaving safepoint region
[2022-06-13T02:30:44.647+0000][1][safepoint    ] Total time for which application threads were stopped: 0.0037907 seconds, Stopping threads took: 0.0001199 seconds
[2022-06-13T02:30:44.674+0000][1][safepoint    ] Application time: 0.0273414 seconds
[2022-06-13T02:30:44.675+0000][1][safepoint    ] Entering safepoint region: CollectForMetadataAllocation
[2022-06-13T02:30:44.675+0000][1][safepoint    ] Leaving safepoint region
[2022-06-13T02:30:44.675+0000][1][safepoint    ] Total time for which application threads were stopped: 0.0003263 seconds, Stopping threads took: 0.0001159 seconds
[2022-06-13T02:30:44.681+0000][1][safepoint    ] Application time: 0.0060469 seconds
[2022-06-13T02:30:44.681+0000][1][safepoint    ] Entering safepoint region: Deoptimize
[2022-06-13T02:30:44.682+0000][1][safepoint    ] Leaving safepoint region
[2022-06-13T02:30:44.682+0000][1][safepoint    ] Total time for which application threads were stopped: 0.0006386 seconds, Stopping threads took: 0.0001529 seconds
[2022-06-13T02:30:44.683+0000][1][gc           ] GC(9) Concurrent Abortable Preclean 142.546ms
[2022-06-13T02:30:44.683+0000][1][gc,cpu       ] GC(9) User=0.43s Sys=0.02s Real=0.14s
[2022-06-13T02:30:44.683+0000][1][safepoint    ] Application time: 0.0009117 seconds
[2022-06-13T02:30:44.683+0000][1][safepoint    ] Entering safepoint region: CMS_Final_Remark
[2022-06-13T02:30:44.683+0000][1][gc,start     ] GC(9) Pause Remark
[2022-06-13T02:30:44.691+0000][1][gc           ] GC(9) Pause Remark 60M->60M(247M) 7.361ms
[2022-06-13T02:30:44.691+0000][1][gc,cpu       ] GC(9) User=0.02s Sys=0.00s Real=0.01s
[2022-06-13T02:30:44.691+0000][1][safepoint    ] Leaving safepoint region
[2022-06-13T02:30:44.691+0000][1][safepoint    ] Total time for which application threads were stopped: 0.0080888 seconds, Stopping threads took: 0.0001776 seconds
[2022-06-13T02:30:44.692+0000][1][gc           ] GC(9) Concurrent Sweep
[2022-06-13T02:30:44.696+0000][1][gc           ] GC(9) Concurrent Sweep 4.420ms
[2022-06-13T02:30:44.696+0000][1][gc,cpu       ] GC(9) User=0.02s Sys=0.01s Real=0.00s
[2022-06-13T02:30:44.696+0000][1][gc           ] GC(9) Concurrent Reset
[2022-06-13T02:30:44.697+0000][1][gc           ] GC(9) Concurrent Reset 0.516ms
[2022-06-13T02:30:44.697+0000][1][gc,cpu       ] GC(9) User=0.00s Sys=0.00s Real=0.00s
[2022-06-13T02:30:44.697+0000][1][gc,heap      ] GC(9) Old: 11267K->13948K(174784K)
[2022-06-13T02:30:44.897+0000][1][safepoint    ] Application time: 0.2055654 seconds
[2022-06-13T02:30:44.897+0000][1][safepoint    ] Entering safepoint region: Deoptimize
[2022-06-13T02:30:44.898+0000][1][safepoint    ] Leaving safepoint region
[2022-06-13T02:30:44.898+0000][1][safepoint    ] Total time for which application threads were stopped: 0.0011813 seconds, Stopping threads took: 0.0001604 seconds
[2022-06-13T02:30:44.899+0000][1][safepoint    ] Application time: 0.0004006 seconds
[2022-06-13T02:30:44.900+0000][1][safepoint    ] Entering safepoint region: Deoptimize
[2022-06-13T02:30:44.900+0000][1][safepoint    ] Leaving safepoint region
[2022-06-13T02:30:44.900+0000][1][safepoint    ] Total time for which application threads were stopped: 0.0007016 seconds, Stopping threads took: 0.0002950 seconds
[2022-06-13T02:30:44.903+0000][1][safepoint    ] Application time: 0.0030119 seconds
[2022-06-13T02:30:44.904+0000][1][safepoint    ] Entering safepoint region: GenCollectForAllocation
[2022-06-13T02:30:44.904+0000][1][gc,start     ] GC(12) Pause Young (Allocation Failure)
[2022-06-13T02:30:44.905+0000][1][gc,task      ] GC(12) Using 5 workers of 13 for evacuation
[2022-06-13T02:30:44.907+0000][1][gc,age       ] GC(12) Desired survivor size 4456448 bytes, new threshold 6 (max threshold 6)
[2022-06-13T02:30:44.907+0000][1][gc,age       ] GC(12) Age table with threshold 6 (max threshold 6)
[2022-06-13T02:30:44.907+0000][1][gc,age       ] GC(12) - age   1:    1764584 bytes,    1764584 total
[2022-06-13T02:30:44.908+0000][1][gc,age       ] GC(12) - age   2:     345008 bytes,    2109592 total
[2022-06-13T02:30:44.908+0000][1][gc,age       ] GC(12) - age   3:     131528 bytes,    2241120 total
[2022-06-13T02:30:44.908+0000][1][gc,age       ] GC(12) - age   4:     523728 bytes,    2764848 total
[2022-06-13T02:30:44.908+0000][1][gc,age       ] GC(12) - age   5:     438392 bytes,    3203240 total
[2022-06-13T02:30:44.909+0000][1][gc,age       ] GC(12) - age   6:    1154560 bytes,    4357800 total
[2022-06-13T02:30:44.909+0000][1][gc,heap      ] GC(12) ParNew: 74630K->5638K(78656K)
[2022-06-13T02:30:44.909+0000][1][gc,heap      ] GC(12) CMS: 13948K->13948K(174784K)
[2022-06-13T02:30:44.909+0000][1][gc,metaspace ] GC(12) Metaspace: 25734K->25734K(1073152K)
[2022-06-13T02:30:44.910+0000][1][gc           ] GC(12) Pause Young (Allocation Failure) 86M->19M(247M) 5.469ms
[2022-06-13T02:30:44.910+0000][1][gc,cpu       ] GC(12) User=0.01s Sys=0.00s Real=0.01s
[2022-06-13T02:30:44.910+0000][1][safepoint    ] Leaving safepoint region
[2022-06-13T02:30:44.910+0000][1][safepoint    ] Total time for which application threads were stopped: 0.0065164 seconds, Stopping threads took: 0.0003072 seconds
[2022-06-13T02:30:44.915+0000][1][safepoint    ] Application time: 0.0040065 seconds
[2022-06-13T02:30:44.915+0000][1][safepoint    ] Entering safepoint region: Deoptimize
[2022-06-13T02:30:44.915+0000][1][safepoint    ] Leaving safepoint region
[2022-06-13T02:30:44.916+0000][1][safepoint    ] Total time for which application threads were stopped: 0.0007665 seconds, Stopping threads took: 0.0002182 seconds
[2022-06-13T02:30:44.919+0000][1][safepoint    ] Application time: 0.0035085 seconds
[2022-06-13T02:30:44.920+0000][1][safepoint    ] Entering safepoint region: Deoptimize
[2022-06-13T02:30:44.920+0000][1][safepoint    ] Leaving safepoint region
[2022-06-13T02:30:44.921+0000][1][safepoint    ] Total time for which application threads were stopped: 0.0008496 seconds, Stopping threads took: 0.0001724 seconds
[2022-06-13T02:30:44.927+0000][1][safepoint    ] Application time: 0.0063309 seconds
[2022-06-13T02:30:44.928+0000][1][safepoint    ] Entering safepoint region: RevokeBias
[2022-06-13T02:30:44.928+0000][1][safepoint    ] Leaving safepoint region
[2022-06-13T02:30:44.929+0000][1][safepoint    ] Total time for which application threads were stopped: 0.0008551 seconds, Stopping threads took: 0.0005069 seconds
[2022-06-13T02:30:45.486+0000][1][safepoint    ] Application time: 0.5565759 seconds
[2022-06-13T02:30:45.488+0000][1][safepoint    ] Entering safepoint region: GenCollectForAllocation
[2022-06-13T02:30:45.489+0000][1][gc,start     ] GC(13) Pause Young (Allocation Failure)
[2022-06-13T02:30:45.490+0000][1][gc,task      ] GC(13) Using 5 workers of 13 for evacuation
[2022-06-13T02:30:45.519+0000][1][gc,age       ] GC(13) Desired survivor size 4456448 bytes, new threshold 1 (max threshold 6)
[2022-06-13T02:30:45.520+0000][1][gc,age       ] GC(13) Age table with threshold 1 (max threshold 6)
[2022-06-13T02:30:45.520+0000][1][gc,age       ] GC(13) - age   1:    5838744 bytes,    5838744 total
[2022-06-13T02:30:45.520+0000][1][gc,age       ] GC(13) - age   2:    1604480 bytes,    7443224 total
[2022-06-13T02:30:45.520+0000][1][gc,age       ] GC(13) - age   3:     344808 bytes,    7788032 total
[2022-06-13T02:30:45.520+0000][1][gc,age       ] GC(13) - age   4:     131480 bytes,    7919512 total
[2022-06-13T02:30:45.520+0000][1][gc,age       ] GC(13) - age   5:     523712 bytes,    8443224 total
[2022-06-13T02:30:45.520+0000][1][gc,age       ] GC(13) - age   6:     438392 bytes,    8881616 total
[2022-06-13T02:30:45.520+0000][1][gc,heap      ] GC(13) ParNew: 75590K->8704K(78656K)
[2022-06-13T02:30:45.520+0000][1][gc,heap      ] GC(13) CMS: 13948K->24189K(174784K)
[2022-06-13T02:30:45.521+0000][1][gc,metaspace ] GC(13) Metaspace: 26957K->26957K(1075200K)
[2022-06-13T02:30:45.521+0000][1][gc           ] GC(13) Pause Young (Allocation Failure) 87M->32M(247M) 31.650ms
[2022-06-13T02:30:45.521+0000][1][gc,cpu       ] GC(13) User=0.24s Sys=0.00s Real=0.04s
[2022-06-13T02:30:45.521+0000][1][safepoint    ] Leaving safepoint region
[2022-06-13T02:30:45.521+0000][1][safepoint    ] Total time for which application threads were stopped: 0.0329188 seconds, Stopping threads took: 0.0003553 seconds
[2022-06-13T02:30:45.839+0000][1][safepoint    ] Application time: 0.3175443 seconds
[2022-06-13T02:30:45.839+0000][1][safepoint    ] Entering safepoint region: GenCollectForAllocation
[2022-06-13T02:30:45.839+0000][1][gc,start     ] GC(14) Pause Young (Allocation Failure)
[2022-06-13T02:30:45.839+0000][1][gc,task      ] GC(14) Using 5 workers of 13 for evacuation
[2022-06-13T02:30:45.857+0000][1][gc,age       ] GC(14) Desired survivor size 4456448 bytes, new threshold 1 (max threshold 6)
[2022-06-13T02:30:45.857+0000][1][gc,age       ] GC(14) Age table with threshold 1 (max threshold 6)
[2022-06-13T02:30:45.857+0000][1][gc,age       ] GC(14) - age   1:    8912696 bytes,    8912696 total
[2022-06-13T02:30:45.857+0000][1][gc,heap      ] GC(14) ParNew: 78656K->8704K(78656K)
[2022-06-13T02:30:45.858+0000][1][gc,heap      ] GC(14) CMS: 24189K->37764K(174784K)
[2022-06-13T02:30:45.858+0000][1][gc,metaspace ] GC(14) Metaspace: 26991K->26991K(1075200K)
[2022-06-13T02:30:45.858+0000][1][gc           ] GC(14) Pause Young (Allocation Failure) 100M->45M(247M) 18.403ms
[2022-06-13T02:30:45.858+0000][1][gc,cpu       ] GC(14) User=0.10s Sys=0.01s Real=0.01s
[2022-06-13T02:30:45.858+0000][1][safepoint    ] Leaving safepoint region
[2022-06-13T02:30:45.858+0000][1][safepoint    ] Total time for which application threads were stopped: 0.0190780 seconds, Stopping threads took: 0.0002144 seconds
[2022-06-13T02:30:45.887+0000][1][safepoint    ] Application time: 0.0287883 seconds
[2022-06-13T02:30:45.887+0000][1][safepoint    ] Entering safepoint region: Deoptimize
[2022-06-13T02:30:45.888+0000][1][safepoint    ] Leaving safepoint region
[2022-06-13T02:30:45.888+0000][1][safepoint    ] Total time for which application threads were stopped: 0.0007775 seconds, Stopping threads took: 0.0001365 seconds
[2022-06-13T02:30:45.962+0000][1][safepoint    ] Application time: 0.0738072 seconds
[2022-06-13T02:30:45.962+0000][1][safepoint    ] Entering safepoint region: RevokeBias
[2022-06-13T02:30:45.963+0000][1][safepoint    ] Leaving safepoint region
[2022-06-13T02:30:45.963+0000][1][safepoint    ] Total time for which application threads were stopped: 0.0003334 seconds, Stopping threads took: 0.0001564 seconds
[2022-06-13T02:30:46.028+0000][1][safepoint    ] Application time: 0.0654905 seconds
[2022-06-13T02:30:46.029+0000][1][safepoint    ] Entering safepoint region: RevokeBias
[2022-06-13T02:30:46.029+0000][1][safepoint    ] Leaving safepoint region
[2022-06-13T02:30:46.029+0000][1][safepoint    ] Total time for which application threads were stopped: 0.0005327 seconds, Stopping threads took: 0.0002239 seconds
[2022-06-13T02:30:46.160+0000][1][safepoint    ] Application time: 0.1305122 seconds
[2022-06-13T02:30:46.160+0000][1][safepoint    ] Entering safepoint region: RevokeBias
[2022-06-13T02:30:46.160+0000][1][safepoint    ] Leaving safepoint region
[2022-06-13T02:30:46.161+0000][1][safepoint    ] Total time for which application threads were stopped: 0.0003477 seconds, Stopping threads took: 0.0001449 seconds
[2022-06-13T02:30:46.217+0000][1][safepoint    ] Application time: 0.0565700 seconds
[2022-06-13T02:30:46.218+0000][1][safepoint    ] Entering safepoint region: GenCollectForAllocation
[2022-06-13T02:30:46.218+0000][1][gc,start     ] GC(15) Pause Young (Allocation Failure)
[2022-06-13T02:30:46.218+0000][1][gc,task      ] GC(15) Using 5 workers of 13 for evacuation
[2022-06-13T02:30:46.234+0000][1][gc,age       ] GC(15) Desired survivor size 4456448 bytes, new threshold 1 (max threshold 6)
[2022-06-13T02:30:46.234+0000][1][gc,age       ] GC(15) Age table with threshold 1 (max threshold 6)
[2022-06-13T02:30:46.234+0000][1][gc,age       ] GC(15) - age   1:    7372064 bytes,    7372064 total
[2022-06-13T02:30:46.235+0000][1][gc,heap      ] GC(15) ParNew: 78656K->8704K(78656K)
[2022-06-13T02:30:46.235+0000][1][gc,heap      ] GC(15) CMS: 37764K->47939K(174784K)
[2022-06-13T02:30:46.235+0000][1][gc,metaspace ] GC(15) Metaspace: 30927K->30927K(1077248K)
[2022-06-13T02:30:46.235+0000][1][gc           ] GC(15) Pause Young (Allocation Failure) 113M->55M(247M) 17.109ms
[2022-06-13T02:30:46.235+0000][1][gc,cpu       ] GC(15) User=0.10s Sys=0.01s Real=0.02s
[2022-06-13T02:30:46.236+0000][1][safepoint    ] Leaving safepoint region
[2022-06-13T02:30:46.236+0000][1][safepoint    ] Total time for which application threads were stopped: 0.0178705 seconds, Stopping threads took: 0.0002414 seconds
[2022-06-13T02:30:46.385+0000][1][safepoint    ] Application time: 0.1491802 seconds
[2022-06-13T02:30:46.385+0000][1][safepoint    ] Entering safepoint region: GenCollectForAllocation
[2022-06-13T02:30:46.385+0000][1][gc,start     ] GC(16) Pause Young (Allocation Failure)
[2022-06-13T02:30:46.386+0000][1][gc,task      ] GC(16) Using 5 workers of 13 for evacuation
[2022-06-13T02:30:46.391+0000][1][gc,age       ] GC(16) Desired survivor size 4456448 bytes, new threshold 6 (max threshold 6)
[2022-06-13T02:30:46.391+0000][1][gc,age       ] GC(16) Age table with threshold 6 (max threshold 6)
[2022-06-13T02:30:46.391+0000][1][gc,age       ] GC(16) - age   1:     581480 bytes,     581480 total
[2022-06-13T02:30:46.392+0000][1][gc,heap      ] GC(16) ParNew: 78656K->7489K(78656K)
[2022-06-13T02:30:46.392+0000][1][gc,heap      ] GC(16) CMS: 47939K->55186K(174784K)
[2022-06-13T02:30:46.392+0000][1][gc,metaspace ] GC(16) Metaspace: 32895K->32895K(1079296K)
[2022-06-13T02:30:46.392+0000][1][gc           ] GC(16) Pause Young (Allocation Failure) 123M->61M(247M) 6.365ms
[2022-06-13T02:30:46.392+0000][1][gc,cpu       ] GC(16) User=0.04s Sys=0.00s Real=0.01s
[2022-06-13T02:30:46.392+0000][1][safepoint    ] Leaving safepoint region
[2022-06-13T02:30:46.392+0000][1][safepoint    ] Total time for which application threads were stopped: 0.0070246 seconds, Stopping threads took: 0.0001352 seconds
[2022-06-13T02:30:46.579+0000][1][safepoint    ] Application time: 0.1862131 seconds
[2022-06-13T02:30:46.579+0000][1][safepoint    ] Entering safepoint region: CollectForMetadataAllocation
[2022-06-13T02:30:46.579+0000][1][safepoint    ] Leaving safepoint region
[2022-06-13T02:30:46.580+0000][1][safepoint    ] Total time for which application threads were stopped: 0.0006430 seconds, Stopping threads took: 0.0001929 seconds
[2022-06-13T02:30:46.591+0000][1][safepoint    ] Application time: 0.0110449 seconds
[2022-06-13T02:30:46.591+0000][1][safepoint    ] Entering safepoint region: CollectForMetadataAllocation
[2022-06-13T02:30:46.591+0000][1][safepoint    ] Leaving safepoint region
[2022-06-13T02:30:46.591+0000][1][safepoint    ] Total time for which application threads were stopped: 0.0003451 seconds, Stopping threads took: 0.0001228 seconds
[2022-06-13T02:30:46.604+0000][1][safepoint    ] Application time: 0.0122958 seconds
[2022-06-13T02:30:46.604+0000][1][safepoint    ] Entering safepoint region: CollectForMetadataAllocation
[2022-06-13T02:30:46.604+0000][1][safepoint    ] Leaving safepoint region
[2022-06-13T02:30:46.604+0000][1][safepoint    ] Total time for which application threads were stopped: 0.0004098 seconds, Stopping threads took: 0.0001581 seconds
[2022-06-13T02:30:46.619+0000][1][safepoint    ] Application time: 0.0143253 seconds
[2022-06-13T02:30:46.619+0000][1][safepoint    ] Entering safepoint region: CollectForMetadataAllocation
[2022-06-13T02:30:46.619+0000][1][safepoint    ] Leaving safepoint region
[2022-06-13T02:30:46.619+0000][1][safepoint    ] Total time for which application threads were stopped: 0.0003509 seconds, Stopping threads took: 0.0001301 seconds
[2022-06-13T02:30:46.634+0000][1][safepoint    ] Application time: 0.0144082 seconds
[2022-06-13T02:30:46.634+0000][1][safepoint    ] Entering safepoint region: CollectForMetadataAllocation
[2022-06-13T02:30:46.635+0000][1][safepoint    ] Leaving safepoint region
[2022-06-13T02:30:46.635+0000][1][safepoint    ] Total time for which application threads were stopped: 0.0006285 seconds, Stopping threads took: 0.0002467 seconds
[2022-06-13T02:30:46.658+0000][1][safepoint    ] Application time: 0.0229578 seconds
[2022-06-13T02:30:46.658+0000][1][safepoint    ] Entering safepoint region: CollectForMetadataAllocation
[2022-06-13T02:30:46.658+0000][1][safepoint    ] Leaving safepoint region
[2022-06-13T02:30:46.659+0000][1][safepoint    ] Total time for which application threads were stopped: 0.0003828 seconds, Stopping threads took: 0.0001040 seconds
[2022-06-13T02:30:46.668+0000][1][safepoint    ] Application time: 0.0089531 seconds
[2022-06-13T02:30:46.668+0000][1][safepoint    ] Entering safepoint region: CollectForMetadataAllocation
[2022-06-13T02:30:46.668+0000][1][safepoint    ] Leaving safepoint region
[2022-06-13T02:30:46.668+0000][1][safepoint    ] Total time for which application threads were stopped: 0.0004198 seconds, Stopping threads took: 0.0001527 seconds
[2022-06-13T02:30:46.682+0000][1][safepoint    ] Application time: 0.0139151 seconds
[2022-06-13T02:30:46.683+0000][1][safepoint    ] Entering safepoint region: CollectForMetadataAllocation
[2022-06-13T02:30:46.683+0000][1][safepoint    ] Leaving safepoint region
[2022-06-13T02:30:46.683+0000][1][safepoint    ] Total time for which application threads were stopped: 0.0004261 seconds, Stopping threads took: 0.0001504 seconds
[2022-06-13T02:30:46.684+0000][1][safepoint    ] Application time: 0.0007597 seconds
[2022-06-13T02:30:46.684+0000][1][safepoint    ] Entering safepoint region: RevokeBias
[2022-06-13T02:30:46.684+0000][1][safepoint    ] Leaving safepoint region
[2022-06-13T02:30:46.685+0000][1][safepoint    ] Total time for which application threads were stopped: 0.0004820 seconds, Stopping threads took: 0.0001590 seconds
[2022-06-13T02:30:46.702+0000][1][safepoint    ] Application time: 0.0171949 seconds
[2022-06-13T02:30:46.702+0000][1][safepoint    ] Entering safepoint region: CollectForMetadataAllocation
[2022-06-13T02:30:46.703+0000][1][safepoint    ] Leaving safepoint region
[2022-06-13T02:30:46.703+0000][1][safepoint    ] Total time for which application threads were stopped: 0.0007456 seconds, Stopping threads took: 0.0002610 seconds
[2022-06-13T02:30:46.716+0000][1][safepoint    ] Application time: 0.0127451 seconds
[2022-06-13T02:30:46.716+0000][1][safepoint    ] Entering safepoint region: CollectForMetadataAllocation
[2022-06-13T02:30:46.717+0000][1][safepoint    ] Leaving safepoint region
[2022-06-13T02:30:46.717+0000][1][safepoint    ] Total time for which application threads were stopped: 0.0003718 seconds, Stopping threads took: 0.0001514 seconds
[2022-06-13T02:30:46.737+0000][1][safepoint    ] Application time: 0.0206760 seconds
[2022-06-13T02:30:46.738+0000][1][safepoint    ] Entering safepoint region: CollectForMetadataAllocation
[2022-06-13T02:30:46.738+0000][1][safepoint    ] Leaving safepoint region
[2022-06-13T02:30:46.738+0000][1][safepoint    ] Total time for which application threads were stopped: 0.0003683 seconds, Stopping threads took: 0.0001245 seconds
[2022-06-13T02:30:46.749+0000][1][safepoint    ] Application time: 0.0109879 seconds
[2022-06-13T02:30:46.750+0000][1][safepoint    ] Entering safepoint region: CollectForMetadataAllocation
[2022-06-13T02:30:46.750+0000][1][safepoint    ] Leaving safepoint region
[2022-06-13T02:30:46.750+0000][1][safepoint    ] Total time for which application threads were stopped: 0.0004836 seconds, Stopping threads took: 0.0001772 seconds
[2022-06-13T02:30:46.761+0000][1][safepoint    ] Application time: 0.0110442 seconds
[2022-06-13T02:30:46.762+0000][1][safepoint    ] Entering safepoint region: CollectForMetadataAllocation
[2022-06-13T02:30:46.762+0000][1][safepoint    ] Leaving safepoint region
[2022-06-13T02:30:46.762+0000][1][safepoint    ] Total time for which application threads were stopped: 0.0004473 seconds, Stopping threads took: 0.0002021 seconds
[2022-06-13T02:30:46.783+0000][1][safepoint    ] Application time: 0.0206277 seconds
[2022-06-13T02:30:46.783+0000][1][safepoint    ] Entering safepoint region: CollectForMetadataAllocation
[2022-06-13T02:30:46.783+0000][1][safepoint    ] Leaving safepoint region
[2022-06-13T02:30:46.783+0000][1][safepoint    ] Total time for which application threads were stopped: 0.0003989 seconds, Stopping threads took: 0.0001635 seconds
[2022-06-13T02:30:46.792+0000][1][safepoint    ] Application time: 0.0084563 seconds
[2022-06-13T02:30:46.792+0000][1][safepoint    ] Entering safepoint region: CollectForMetadataAllocation
[2022-06-13T02:30:46.792+0000][1][safepoint    ] Leaving safepoint region
[2022-06-13T02:30:46.793+0000][1][safepoint    ] Total time for which application threads were stopped: 0.0004367 seconds, Stopping threads took: 0.0001661 seconds
[2022-06-13T02:30:46.808+0000][1][safepoint    ] Application time: 0.0152264 seconds
[2022-06-13T02:30:46.808+0000][1][safepoint    ] Entering safepoint region: CollectForMetadataAllocation
[2022-06-13T02:30:46.808+0000][1][safepoint    ] Leaving safepoint region
[2022-06-13T02:30:46.808+0000][1][safepoint    ] Total time for which application threads were stopped: 0.0003212 seconds, Stopping threads took: 0.0001162 seconds
[2022-06-13T02:30:46.821+0000][1][safepoint    ] Application time: 0.0121551 seconds
[2022-06-13T02:30:46.821+0000][1][safepoint    ] Entering safepoint region: CollectForMetadataAllocation
[2022-06-13T02:30:46.821+0000][1][safepoint    ] Leaving safepoint region
[2022-06-13T02:30:46.821+0000][1][safepoint    ] Total time for which application threads were stopped: 0.0005899 seconds, Stopping threads took: 0.0001061 seconds
[2022-06-13T02:30:46.830+0000][1][safepoint    ] Application time: 0.0086176 seconds
[2022-06-13T02:30:46.830+0000][1][safepoint    ] Entering safepoint region: CollectForMetadataAllocation
[2022-06-13T02:30:46.831+0000][1][safepoint    ] Leaving safepoint region
[2022-06-13T02:30:46.831+0000][1][safepoint    ] Total time for which application threads were stopped: 0.0004250 seconds, Stopping threads took: 0.0001479 seconds
[2022-06-13T02:30:46.847+0000][1][safepoint    ] Application time: 0.0164340 seconds
[2022-06-13T02:30:46.848+0000][1][safepoint    ] Entering safepoint region: CollectForMetadataAllocation
[2022-06-13T02:30:46.848+0000][1][safepoint    ] Leaving safepoint region
[2022-06-13T02:30:46.848+0000][1][safepoint    ] Total time for which application threads were stopped: 0.0005404 seconds, Stopping threads took: 0.0002122 seconds
[2022-06-13T02:30:46.856+0000][1][safepoint    ] Application time: 0.0076079 seconds
[2022-06-13T02:30:46.856+0000][1][safepoint    ] Entering safepoint region: CollectForMetadataAllocation
[2022-06-13T02:30:46.857+0000][1][safepoint    ] Leaving safepoint region
[2022-06-13T02:30:46.857+0000][1][safepoint    ] Total time for which application threads were stopped: 0.0007433 seconds, Stopping threads took: 0.0003714 seconds
[2022-06-13T02:30:46.892+0000][1][safepoint    ] Application time: 0.0352896 seconds
[2022-06-13T02:30:46.893+0000][1][safepoint    ] Entering safepoint region: CollectForMetadataAllocation
[2022-06-13T02:30:46.893+0000][1][safepoint    ] Leaving safepoint region
[2022-06-13T02:30:46.894+0000][1][safepoint    ] Total time for which application threads were stopped: 0.0007609 seconds, Stopping threads took: 0.0003611 seconds
[2022-06-13T02:30:46.914+0000][1][safepoint    ] Application time: 0.0196089 seconds
[2022-06-13T02:30:46.914+0000][1][safepoint    ] Entering safepoint region: CollectForMetadataAllocation
[2022-06-13T02:30:46.914+0000][1][safepoint    ] Leaving safepoint region
[2022-06-13T02:30:46.914+0000][1][safepoint    ] Total time for which application threads were stopped: 0.0004324 seconds, Stopping threads took: 0.0001493 seconds
[2022-06-13T02:30:46.933+0000][1][safepoint    ] Application time: 0.0187387 seconds
[2022-06-13T02:30:46.934+0000][1][safepoint    ] Entering safepoint region: CollectForMetadataAllocation
[2022-06-13T02:30:46.934+0000][1][safepoint    ] Leaving safepoint region
[2022-06-13T02:30:46.934+0000][1][safepoint    ] Total time for which application threads were stopped: 0.0005144 seconds, Stopping threads took: 0.0002668 seconds
[2022-06-13T02:30:46.946+0000][1][safepoint    ] Application time: 0.0117268 seconds
[2022-06-13T02:30:46.946+0000][1][safepoint    ] Entering safepoint region: CollectForMetadataAllocation
[2022-06-13T02:30:46.947+0000][1][safepoint    ] Leaving safepoint region
[2022-06-13T02:30:46.947+0000][1][safepoint    ] Total time for which application threads were stopped: 0.0006207 seconds, Stopping threads took: 0.0003232 seconds
[2022-06-13T02:30:46.961+0000][1][safepoint    ] Application time: 0.0135611 seconds
[2022-06-13T02:30:46.961+0000][1][safepoint    ] Entering safepoint region: RevokeBias
[2022-06-13T02:30:46.961+0000][1][safepoint    ] Leaving safepoint region
[2022-06-13T02:30:46.961+0000][1][safepoint    ] Total time for which application threads were stopped: 0.0003659 seconds, Stopping threads took: 0.0001826 seconds
[2022-06-13T02:30:46.962+0000][1][safepoint    ] Application time: 0.0001789 seconds
[2022-06-13T02:30:46.962+0000][1][safepoint    ] Entering safepoint region: RevokeBias
[2022-06-13T02:30:46.962+0000][1][safepoint    ] Leaving safepoint region
[2022-06-13T02:30:46.962+0000][1][safepoint    ] Total time for which application threads were stopped: 0.0003130 seconds, Stopping threads took: 0.0001585 seconds
[2022-06-13T02:30:46.969+0000][1][safepoint    ] Application time: 0.0066979 seconds
[2022-06-13T02:30:46.969+0000][1][safepoint    ] Entering safepoint region: CollectForMetadataAllocation
[2022-06-13T02:30:46.970+0000][1][safepoint    ] Leaving safepoint region
[2022-06-13T02:30:46.970+0000][1][safepoint    ] Total time for which application threads were stopped: 0.0005812 seconds, Stopping threads took: 0.0001620 seconds
[2022-06-13T02:30:47.151+0000][1][safepoint    ] Application time: 0.1808763 seconds
[2022-06-13T02:30:47.151+0000][1][safepoint    ] Entering safepoint region: CollectForMetadataAllocation
[2022-06-13T02:30:47.152+0000][1][safepoint    ] Leaving safepoint region
[2022-06-13T02:30:47.152+0000][1][safepoint    ] Total time for which application threads were stopped: 0.0006341 seconds, Stopping threads took: 0.0002002 seconds
[2022-06-13T02:30:47.230+0000][1][safepoint    ] Application time: 0.0773903 seconds
[2022-06-13T02:30:47.230+0000][1][safepoint    ] Entering safepoint region: GenCollectForAllocation
[2022-06-13T02:30:47.230+0000][1][gc,start     ] GC(17) Pause Young (Allocation Failure)
[2022-06-13T02:30:47.230+0000][1][gc,task      ] GC(17) Using 5 workers of 13 for evacuation
[2022-06-13T02:30:47.234+0000][1][gc,age       ] GC(17) Desired survivor size 4456448 bytes, new threshold 6 (max threshold 6)
[2022-06-13T02:30:47.234+0000][1][gc,age       ] GC(17) Age table with threshold 6 (max threshold 6)
[2022-06-13T02:30:47.235+0000][1][gc,age       ] GC(17) - age   1:    3641552 bytes,    3641552 total
[2022-06-13T02:30:47.235+0000][1][gc,age       ] GC(17) - age   2:     535400 bytes,    4176952 total
[2022-06-13T02:30:47.235+0000][1][gc,heap      ] GC(17) ParNew: 77441K->5145K(78656K)
[2022-06-13T02:30:47.235+0000][1][gc,heap      ] GC(17) CMS: 55186K->55186K(174784K)
[2022-06-13T02:30:47.235+0000][1][gc,metaspace ] GC(17) Metaspace: 42096K->42096K(1087488K)
[2022-06-13T02:30:47.235+0000][1][gc           ] GC(17) Pause Young (Allocation Failure) 129M->58M(247M) 5.328ms
[2022-06-13T02:30:47.236+0000][1][gc,cpu       ] GC(17) User=0.02s Sys=0.00s Real=0.00s
[2022-06-13T02:30:47.236+0000][1][safepoint    ] Leaving safepoint region
[2022-06-13T02:30:47.236+0000][1][safepoint    ] Total time for which application threads were stopped: 0.0060396 seconds, Stopping threads took: 0.0001586 seconds
[2022-06-13T02:30:47.236+0000][1][safepoint    ] Application time: 0.0002074 seconds
[2022-06-13T02:30:47.236+0000][1][safepoint    ] Entering safepoint region: CMS_Initial_Mark
[2022-06-13T02:30:47.237+0000][1][gc,start     ] GC(18) Pause Initial Mark
[2022-06-13T02:30:47.238+0000][1][gc           ] GC(18) Pause Initial Mark 60M->60M(247M) 1.626ms
[2022-06-13T02:30:47.238+0000][1][gc,cpu       ] GC(18) User=0.00s Sys=0.00s Real=0.00s
[2022-06-13T02:30:47.239+0000][1][safepoint    ] Leaving safepoint region
[2022-06-13T02:30:47.239+0000][1][safepoint    ] Total time for which application threads were stopped: 0.0022914 seconds, Stopping threads took: 0.0002037 seconds
[2022-06-13T02:30:47.239+0000][1][gc           ] GC(18) Concurrent Mark
[2022-06-13T02:30:47.239+0000][1][gc,task      ] GC(18) Using 4 workers of 4 for marking
[2022-06-13T02:30:47.261+0000][1][gc           ] GC(18) Concurrent Mark 21.942ms
[2022-06-13T02:30:47.261+0000][1][gc,cpu       ] GC(18) User=0.17s Sys=0.00s Real=0.03s
[2022-06-13T02:30:47.261+0000][1][gc           ] GC(18) Concurrent Preclean
[2022-06-13T02:30:47.263+0000][1][gc           ] GC(18) Concurrent Preclean 1.706ms
[2022-06-13T02:30:47.263+0000][1][gc,cpu       ] GC(18) User=0.00s Sys=0.00s Real=0.00s
[2022-06-13T02:30:47.263+0000][1][safepoint    ] Application time: 0.0244315 seconds
[2022-06-13T02:30:47.263+0000][1][safepoint    ] Entering safepoint region: CMS_Final_Remark
[2022-06-13T02:30:47.264+0000][1][gc,start     ] GC(18) Pause Remark
[2022-06-13T02:30:47.277+0000][1][gc           ] GC(18) Pause Remark 60M->60M(247M) 13.526ms
[2022-06-13T02:30:47.277+0000][1][gc,cpu       ] GC(18) User=0.03s Sys=0.00s Real=0.01s
[2022-06-13T02:30:47.278+0000][1][safepoint    ] Leaving safepoint region
[2022-06-13T02:30:47.278+0000][1][safepoint    ] Total time for which application threads were stopped: 0.0143991 seconds, Stopping threads took: 0.0001743 seconds
[2022-06-13T02:30:47.278+0000][1][gc           ] GC(18) Concurrent Sweep
[2022-06-13T02:30:47.299+0000][1][gc           ] GC(18) Concurrent Sweep 20.584ms
[2022-06-13T02:30:47.299+0000][1][gc,cpu       ] GC(18) User=0.08s Sys=0.00s Real=0.02s
[2022-06-13T02:30:47.299+0000][1][gc           ] GC(18) Concurrent Reset
[2022-06-13T02:30:47.299+0000][1][gc           ] GC(18) Concurrent Reset 0.471ms
[2022-06-13T02:30:47.300+0000][1][gc,cpu       ] GC(18) User=0.02s Sys=0.01s Real=0.01s
[2022-06-13T02:30:47.300+0000][1][gc,heap      ] GC(18) Old: 55186K->54972K(174784K)
[2022-06-13T02:30:47.640+0000][1][safepoint    ] Application time: 0.3620695 seconds
[2022-06-13T02:30:47.640+0000][1][safepoint    ] Entering safepoint region: ICBufferFull
[2022-06-13T02:30:47.641+0000][1][safepoint    ] Leaving safepoint region
[2022-06-13T02:30:47.642+0000][1][safepoint    ] Total time for which application threads were stopped: 0.0012504 seconds, Stopping threads took: 0.0001543 seconds
[2022-06-13T02:30:47.672+0000][1][safepoint    ] Application time: 0.0304019 seconds
[2022-06-13T02:30:47.672+0000][1][safepoint    ] Entering safepoint region: Deoptimize
[2022-06-13T02:30:47.673+0000][1][safepoint    ] Leaving safepoint region
[2022-06-13T02:30:47.673+0000][1][safepoint    ] Total time for which application threads were stopped: 0.0009788 seconds, Stopping threads took: 0.0001922 seconds
[2022-06-13T02:30:47.682+0000][1][safepoint    ] Application time: 0.0082420 seconds
[2022-06-13T02:30:47.682+0000][1][safepoint    ] Entering safepoint region: RevokeBias
[2022-06-13T02:30:47.682+0000][1][safepoint    ] Leaving safepoint region
[2022-06-13T02:30:47.682+0000][1][safepoint    ] Total time for which application threads were stopped: 0.0002928 seconds, Stopping threads took: 0.0001181 seconds
[2022-06-13T02:30:47.684+0000][1][safepoint    ] Application time: 0.0013918 seconds
[2022-06-13T02:30:47.684+0000][1][safepoint    ] Entering safepoint region: RevokeBias
[2022-06-13T02:30:47.684+0000][1][safepoint    ] Leaving safepoint region
[2022-06-13T02:30:47.684+0000][1][safepoint    ] Total time for which application threads were stopped: 0.0003483 seconds, Stopping threads took: 0.0001529 seconds
[2022-06-13T02:30:47.737+0000][1][safepoint    ] Application time: 0.0526888 seconds
[2022-06-13T02:30:47.738+0000][1][safepoint    ] Entering safepoint region: RevokeBias
[2022-06-13T02:30:47.738+0000][1][safepoint    ] Leaving safepoint region
[2022-06-13T02:30:47.738+0000][1][safepoint    ] Total time for which application threads were stopped: 0.0004146 seconds, Stopping threads took: 0.0001714 seconds
[2022-06-13T02:30:47.741+0000][1][safepoint    ] Application time: 0.0029374 seconds
[2022-06-13T02:30:47.741+0000][1][safepoint    ] Entering safepoint region: RevokeBias
[2022-06-13T02:30:47.742+0000][1][safepoint    ] Leaving safepoint region
[2022-06-13T02:30:47.742+0000][1][safepoint    ] Total time for which application threads were stopped: 0.0004360 seconds, Stopping threads took: 0.0002071 seconds
[2022-06-13T02:30:47.742+0000][1][safepoint    ] Application time: 0.0003195 seconds
[2022-06-13T02:30:47.742+0000][1][safepoint    ] Entering safepoint region: RevokeBias
[2022-06-13T02:30:47.743+0000][1][safepoint    ] Leaving safepoint region
[2022-06-13T02:30:47.743+0000][1][safepoint    ] Total time for which application threads were stopped: 0.0002941 seconds, Stopping threads took: 0.0001284 seconds
[2022-06-13T02:30:47.858+0000][1][safepoint    ] Application time: 0.1150068 seconds
[2022-06-13T02:30:47.858+0000][1][safepoint    ] Entering safepoint region: RevokeBias
[2022-06-13T02:30:47.859+0000][1][safepoint    ] Leaving safepoint region
[2022-06-13T02:30:47.859+0000][1][safepoint    ] Total time for which application threads were stopped: 0.0009230 seconds, Stopping threads took: 0.0003462 seconds
[2022-06-13T02:30:47.859+0000][1][safepoint    ] Application time: 0.0001308 seconds
[2022-06-13T02:30:47.859+0000][1][safepoint    ] Entering safepoint region: RevokeBias
[2022-06-13T02:30:47.860+0000][1][safepoint    ] Leaving safepoint region
[2022-06-13T02:30:47.860+0000][1][safepoint    ] Total time for which application threads were stopped: 0.0003730 seconds, Stopping threads took: 0.0002279 seconds
[2022-06-13T02:30:47.860+0000][1][safepoint    ] Application time: 0.0002692 seconds
[2022-06-13T02:30:47.860+0000][1][safepoint    ] Entering safepoint region: RevokeBias
[2022-06-13T02:30:47.860+0000][1][safepoint    ] Leaving safepoint region
[2022-06-13T02:30:47.860+0000][1][safepoint    ] Total time for which application threads were stopped: 0.0003221 seconds, Stopping threads took: 0.0001790 seconds
[2022-06-13T02:30:47.861+0000][1][safepoint    ] Application time: 0.0001135 seconds
[2022-06-13T02:30:47.861+0000][1][safepoint    ] Entering safepoint region: RevokeBias
[2022-06-13T02:30:47.861+0000][1][safepoint    ] Leaving safepoint region
[2022-06-13T02:30:47.861+0000][1][safepoint    ] Total time for which application threads were stopped: 0.0003265 seconds, Stopping threads took: 0.0001250 seconds
[2022-06-13T02:30:47.914+0000][1][safepoint    ] Application time: 0.0528276 seconds
[2022-06-13T02:30:47.914+0000][1][safepoint    ] Entering safepoint region: RevokeBias
[2022-06-13T02:30:47.915+0000][1][safepoint    ] Leaving safepoint region
[2022-06-13T02:30:47.915+0000][1][safepoint    ] Total time for which application threads were stopped: 0.0004596 seconds, Stopping threads took: 0.0003154 seconds
[2022-06-13T02:30:47.915+0000][1][safepoint    ] Application time: 0.0000870 seconds
[2022-06-13T02:30:47.915+0000][1][safepoint    ] Entering safepoint region: RevokeBias
[2022-06-13T02:30:47.915+0000][1][safepoint    ] Leaving safepoint region
[2022-06-13T02:30:47.915+0000][1][safepoint    ] Total time for which application threads were stopped: 0.0003159 seconds, Stopping threads took: 0.0001508 seconds
[2022-06-13T02:30:47.916+0000][1][safepoint    ] Application time: 0.0001376 seconds
[2022-06-13T02:30:47.916+0000][1][safepoint    ] Entering safepoint region: RevokeBias
[2022-06-13T02:30:47.916+0000][1][safepoint    ] Leaving safepoint region
[2022-06-13T02:30:47.916+0000][1][safepoint    ] Total time for which application threads were stopped: 0.0002855 seconds, Stopping threads took: 0.0001464 seconds
[2022-06-13T02:30:47.916+0000][1][safepoint    ] Application time: 0.0001502 seconds
[2022-06-13T02:30:47.916+0000][1][safepoint    ] Entering safepoint region: RevokeBias
[2022-06-13T02:30:47.916+0000][1][safepoint    ] Leaving safepoint region
[2022-06-13T02:30:47.917+0000][1][safepoint    ] Total time for which application threads were stopped: 0.0002621 seconds, Stopping threads took: 0.0001181 seconds
[2022-06-13T02:30:47.917+0000][1][safepoint    ] Application time: 0.0002783 seconds
[2022-06-13T02:30:47.917+0000][1][safepoint    ] Entering safepoint region: RevokeBias
[2022-06-13T02:30:47.917+0000][1][safepoint    ] Leaving safepoint region
[2022-06-13T02:30:47.918+0000][1][safepoint    ] Total time for which application threads were stopped: 0.0004616 seconds, Stopping threads took: 0.0002630 seconds
[2022-06-13T02:30:47.918+0000][1][safepoint    ] Application time: 0.0001337 seconds
[2022-06-13T02:30:47.918+0000][1][safepoint    ] Entering safepoint region: RevokeBias
[2022-06-13T02:30:47.918+0000][1][safepoint    ] Leaving safepoint region
[2022-06-13T02:30:47.918+0000][1][safepoint    ] Total time for which application threads were stopped: 0.0003300 seconds, Stopping threads took: 0.0001656 seconds
[2022-06-13T02:30:47.919+0000][1][safepoint    ] Application time: 0.0004250 seconds
[2022-06-13T02:30:47.919+0000][1][safepoint    ] Entering safepoint region: RevokeBias
[2022-06-13T02:30:47.919+0000][1][safepoint    ] Leaving safepoint region
[2022-06-13T02:30:47.919+0000][1][safepoint    ] Total time for which application threads were stopped: 0.0003192 seconds, Stopping threads took: 0.0001626 seconds
[2022-06-13T02:30:47.920+0000][1][safepoint    ] Application time: 0.0000917 seconds
[2022-06-13T02:30:47.920+0000][1][safepoint    ] Entering safepoint region: RevokeBias
[2022-06-13T02:30:47.920+0000][1][safepoint    ] Leaving safepoint region
[2022-06-13T02:30:47.920+0000][1][safepoint    ] Total time for which application threads were stopped: 0.0002628 seconds, Stopping threads took: 0.0001103 seconds
[2022-06-13T02:30:47.920+0000][1][safepoint    ] Application time: 0.0000826 seconds
[2022-06-13T02:30:47.920+0000][1][safepoint    ] Entering safepoint region: RevokeBias
[2022-06-13T02:30:47.920+0000][1][safepoint    ] Leaving safepoint region
[2022-06-13T02:30:47.921+0000][1][safepoint    ] Total time for which application threads were stopped: 0.0002957 seconds, Stopping threads took: 0.0001308 seconds
[2022-06-13T02:30:47.921+0000][1][safepoint    ] Application time: 0.0000796 seconds
[2022-06-13T02:30:47.921+0000][1][safepoint    ] Entering safepoint region: RevokeBias
[2022-06-13T02:30:47.921+0000][1][safepoint    ] Leaving safepoint region
[2022-06-13T02:30:47.921+0000][1][safepoint    ] Total time for which application threads were stopped: 0.0002711 seconds, Stopping threads took: 0.0001167 seconds
[2022-06-13T02:30:47.921+0000][1][safepoint    ] Application time: 0.0000800 seconds
[2022-06-13T02:30:47.921+0000][1][safepoint    ] Entering safepoint region: RevokeBias
[2022-06-13T02:30:47.922+0000][1][safepoint    ] Leaving safepoint region
[2022-06-13T02:30:47.922+0000][1][safepoint    ] Total time for which application threads were stopped: 0.0002821 seconds, Stopping threads took: 0.0001177 seconds
[2022-06-13T02:30:47.922+0000][1][safepoint    ] Application time: 0.0000797 seconds
[2022-06-13T02:30:47.922+0000][1][safepoint    ] Entering safepoint region: RevokeBias
[2022-06-13T02:30:47.922+0000][1][safepoint    ] Leaving safepoint region
[2022-06-13T02:30:47.922+0000][1][safepoint    ] Total time for which application threads were stopped: 0.0002984 seconds, Stopping threads took: 0.0001188 seconds
[2022-06-13T02:30:47.923+0000][1][safepoint    ] Application time: 0.0001089 seconds
[2022-06-13T02:30:47.923+0000][1][safepoint    ] Entering safepoint region: RevokeBias
[2022-06-13T02:30:47.923+0000][1][safepoint    ] Leaving safepoint region
[2022-06-13T02:30:47.923+0000][1][safepoint    ] Total time for which application threads were stopped: 0.0002652 seconds, Stopping threads took: 0.0001095 seconds
[2022-06-13T02:30:47.923+0000][1][safepoint    ] Application time: 0.0000719 seconds
[2022-06-13T02:30:47.923+0000][1][safepoint    ] Entering safepoint region: RevokeBias
[2022-06-13T02:30:47.923+0000][1][safepoint    ] Leaving safepoint region
[2022-06-13T02:30:47.924+0000][1][safepoint    ] Total time for which application threads were stopped: 0.0002576 seconds, Stopping threads took: 0.0001237 seconds
[2022-06-13T02:30:47.924+0000][1][safepoint    ] Application time: 0.0000594 seconds
[2022-06-13T02:30:47.924+0000][1][safepoint    ] Entering safepoint region: RevokeBias
[2022-06-13T02:30:47.924+0000][1][safepoint    ] Leaving safepoint region
[2022-06-13T02:30:47.924+0000][1][safepoint    ] Total time for which application threads were stopped: 0.0003152 seconds, Stopping threads took: 0.0001083 seconds
[2022-06-13T02:30:47.924+0000][1][safepoint    ] Application time: 0.0000775 seconds
[2022-06-13T02:30:47.925+0000][1][safepoint    ] Entering safepoint region: RevokeBias
[2022-06-13T02:30:47.925+0000][1][safepoint    ] Leaving safepoint region
[2022-06-13T02:30:47.925+0000][1][safepoint    ] Total time for which application threads were stopped: 0.0003127 seconds, Stopping threads took: 0.0001426 seconds
[2022-06-13T02:30:47.925+0000][1][safepoint    ] Application time: 0.0000678 seconds
[2022-06-13T02:30:47.925+0000][1][safepoint    ] Entering safepoint region: RevokeBias
[2022-06-13T02:30:47.925+0000][1][safepoint    ] Leaving safepoint region
[2022-06-13T02:30:47.925+0000][1][safepoint    ] Total time for which application threads were stopped: 0.0003018 seconds, Stopping threads took: 0.0001257 seconds
[2022-06-13T02:30:47.926+0000][1][safepoint    ] Application time: 0.0000761 seconds
[2022-06-13T02:30:47.926+0000][1][safepoint    ] Entering safepoint region: RevokeBias
[2022-06-13T02:30:47.926+0000][1][safepoint    ] Leaving safepoint region
[2022-06-13T02:30:47.926+0000][1][safepoint    ] Total time for which application threads were stopped: 0.0002962 seconds, Stopping threads took: 0.0001220 seconds
[2022-06-13T02:30:47.926+0000][1][safepoint    ] Application time: 0.0000593 seconds
[2022-06-13T02:30:47.926+0000][1][safepoint    ] Entering safepoint region: RevokeBias
[2022-06-13T02:30:47.926+0000][1][safepoint    ] Leaving safepoint region
[2022-06-13T02:30:47.927+0000][1][safepoint    ] Total time for which application threads were stopped: 0.0002508 seconds, Stopping threads took: 0.0001102 seconds
[2022-06-13T02:30:47.927+0000][1][safepoint    ] Application time: 0.0000597 seconds
[2022-06-13T02:30:47.927+0000][1][safepoint    ] Entering safepoint region: RevokeBias
[2022-06-13T02:30:47.927+0000][1][safepoint    ] Leaving safepoint region
[2022-06-13T02:30:47.927+0000][1][safepoint    ] Total time for which application threads were stopped: 0.0002947 seconds, Stopping threads took: 0.0001351 seconds
[2022-06-13T02:30:47.927+0000][1][safepoint    ] Application time: 0.0000612 seconds
[2022-06-13T02:30:47.927+0000][1][safepoint    ] Entering safepoint region: RevokeBias
[2022-06-13T02:30:47.928+0000][1][safepoint    ] Leaving safepoint region
[2022-06-13T02:30:47.928+0000][1][safepoint    ] Total time for which application threads were stopped: 0.0002833 seconds, Stopping threads took: 0.0001205 seconds
[2022-06-13T02:30:47.928+0000][1][safepoint    ] Application time: 0.0000689 seconds
[2022-06-13T02:30:47.928+0000][1][safepoint    ] Entering safepoint region: RevokeBias
[2022-06-13T02:30:47.928+0000][1][safepoint    ] Leaving safepoint region
[2022-06-13T02:30:47.928+0000][1][safepoint    ] Total time for which application threads were stopped: 0.0002895 seconds, Stopping threads took: 0.0001439 seconds
[2022-06-13T02:30:47.928+0000][1][safepoint    ] Application time: 0.0000607 seconds
[2022-06-13T02:30:47.929+0000][1][safepoint    ] Entering safepoint region: RevokeBias
[2022-06-13T02:30:47.929+0000][1][safepoint    ] Leaving safepoint region
[2022-06-13T02:30:47.929+0000][1][safepoint    ] Total time for which application threads were stopped: 0.0002403 seconds, Stopping threads took: 0.0001045 seconds
[2022-06-13T02:30:47.929+0000][1][safepoint    ] Application time: 0.0000762 seconds
[2022-06-13T02:30:47.929+0000][1][safepoint    ] Entering safepoint region: RevokeBias
[2022-06-13T02:30:47.929+0000][1][safepoint    ] Leaving safepoint region
[2022-06-13T02:30:47.929+0000][1][safepoint    ] Total time for which application threads were stopped: 0.0002748 seconds, Stopping threads took: 0.0001214 seconds
[2022-06-13T02:30:47.930+0000][1][safepoint    ] Application time: 0.0000652 seconds
[2022-06-13T02:30:47.930+0000][1][safepoint    ] Entering safepoint region: RevokeBias
[2022-06-13T02:30:47.930+0000][1][safepoint    ] Leaving safepoint region
[2022-06-13T02:30:47.930+0000][1][safepoint    ] Total time for which application threads were stopped: 0.0002825 seconds, Stopping threads took: 0.0001258 seconds
[2022-06-13T02:30:47.930+0000][1][safepoint    ] Application time: 0.0000618 seconds
[2022-06-13T02:30:47.930+0000][1][safepoint    ] Entering safepoint region: BulkRevokeBias
[2022-06-13T02:30:47.931+0000][1][safepoint    ] Leaving safepoint region
[2022-06-13T02:30:47.931+0000][1][safepoint    ] Total time for which application threads were stopped: 0.0003690 seconds, Stopping threads took: 0.0001134 seconds
[2022-06-13T02:30:47.931+0000][1][safepoint    ] Application time: 0.0002183 seconds
[2022-06-13T02:30:47.931+0000][1][safepoint    ] Entering safepoint region: RevokeBias
[2022-06-13T02:30:47.931+0000][1][safepoint    ] Leaving safepoint region
[2022-06-13T02:30:47.931+0000][1][safepoint    ] Total time for which application threads were stopped: 0.0002629 seconds, Stopping threads took: 0.0001179 seconds
[2022-06-13T02:30:47.932+0000][1][safepoint    ] Application time: 0.0001130 seconds
[2022-06-13T02:30:47.932+0000][1][safepoint    ] Entering safepoint region: RevokeBias
[2022-06-13T02:30:47.932+0000][1][safepoint    ] Leaving safepoint region
[2022-06-13T02:30:47.932+0000][1][safepoint    ] Total time for which application threads were stopped: 0.0002584 seconds, Stopping threads took: 0.0001159 seconds
[2022-06-13T02:30:47.932+0000][1][safepoint    ] Application time: 0.0001370 seconds
[2022-06-13T02:30:47.932+0000][1][safepoint    ] Entering safepoint region: RevokeBias
[2022-06-13T02:30:47.932+0000][1][safepoint    ] Leaving safepoint region
[2022-06-13T02:30:47.933+0000][1][safepoint    ] Total time for which application threads were stopped: 0.0002692 seconds, Stopping threads took: 0.0001052 seconds
[2022-06-13T02:30:47.933+0000][1][safepoint    ] Application time: 0.0001224 seconds
[2022-06-13T02:30:47.933+0000][1][safepoint    ] Entering safepoint region: RevokeBias
[2022-06-13T02:30:47.933+0000][1][safepoint    ] Leaving safepoint region
[2022-06-13T02:30:47.933+0000][1][safepoint    ] Total time for which application threads were stopped: 0.0003091 seconds, Stopping threads took: 0.0001514 seconds
[2022-06-13T02:30:47.934+0000][1][safepoint    ] Application time: 0.0001060 seconds
[2022-06-13T02:30:47.934+0000][1][safepoint    ] Entering safepoint region: RevokeBias
[2022-06-13T02:30:47.934+0000][1][safepoint    ] Leaving safepoint region
[2022-06-13T02:30:47.934+0000][1][safepoint    ] Total time for which application threads were stopped: 0.0003879 seconds, Stopping threads took: 0.0001841 seconds
[2022-06-13T02:30:47.934+0000][1][safepoint    ] Application time: 0.0001485 seconds
[2022-06-13T02:30:47.935+0000][1][safepoint    ] Entering safepoint region: RevokeBias
[2022-06-13T02:30:47.935+0000][1][safepoint    ] Leaving safepoint region
[2022-06-13T02:30:47.935+0000][1][safepoint    ] Total time for which application threads were stopped: 0.0002920 seconds, Stopping threads took: 0.0001106 seconds
[2022-06-13T02:30:47.935+0000][1][safepoint    ] Application time: 0.0001100 seconds
[2022-06-13T02:30:47.935+0000][1][safepoint    ] Entering safepoint region: RevokeBias
[2022-06-13T02:30:47.935+0000][1][safepoint    ] Leaving safepoint region
[2022-06-13T02:30:47.936+0000][1][safepoint    ] Total time for which application threads were stopped: 0.0002990 seconds, Stopping threads took: 0.0001301 seconds
[2022-06-13T02:30:47.936+0000][1][safepoint    ] Application time: 0.0000953 seconds
[2022-06-13T02:30:47.936+0000][1][safepoint    ] Entering safepoint region: RevokeBias
[2022-06-13T02:30:47.936+0000][1][safepoint    ] Leaving safepoint region
[2022-06-13T02:30:47.936+0000][1][safepoint    ] Total time for which application threads were stopped: 0.0004118 seconds, Stopping threads took: 0.0002370 seconds
[2022-06-13T02:30:47.937+0000][1][safepoint    ] Application time: 0.0001091 seconds
[2022-06-13T02:30:47.937+0000][1][safepoint    ] Entering safepoint region: RevokeBias
[2022-06-13T02:30:47.937+0000][1][safepoint    ] Leaving safepoint region
[2022-06-13T02:30:47.937+0000][1][safepoint    ] Total time for which application threads were stopped: 0.0004463 seconds, Stopping threads took: 0.0002967 seconds
[2022-06-13T02:30:47.937+0000][1][safepoint    ] Application time: 0.0000825 seconds
[2022-06-13T02:30:47.937+0000][1][safepoint    ] Entering safepoint region: RevokeBias
[2022-06-13T02:30:47.938+0000][1][safepoint    ] Leaving safepoint region
[2022-06-13T02:30:47.938+0000][1][safepoint    ] Total time for which application threads were stopped: 0.0003281 seconds, Stopping threads took: 0.0001650 seconds
[2022-06-13T02:30:47.938+0000][1][safepoint    ] Application time: 0.0000822 seconds
[2022-06-13T02:30:47.938+0000][1][safepoint    ] Entering safepoint region: RevokeBias
[2022-06-13T02:30:47.938+0000][1][safepoint    ] Leaving safepoint region
[2022-06-13T02:30:47.938+0000][1][safepoint    ] Total time for which application threads were stopped: 0.0002949 seconds, Stopping threads took: 0.0001484 seconds
[2022-06-13T02:30:47.939+0000][1][safepoint    ] Application time: 0.0000729 seconds
[2022-06-13T02:30:47.939+0000][1][safepoint    ] Entering safepoint region: RevokeBias
[2022-06-13T02:30:47.939+0000][1][safepoint    ] Leaving safepoint region
[2022-06-13T02:30:47.939+0000][1][safepoint    ] Total time for which application threads were stopped: 0.0002671 seconds, Stopping threads took: 0.0001132 seconds
[2022-06-13T02:30:47.939+0000][1][safepoint    ] Application time: 0.0000739 seconds
[2022-06-13T02:30:47.939+0000][1][safepoint    ] Entering safepoint region: RevokeBias
[2022-06-13T02:30:47.939+0000][1][safepoint    ] Leaving safepoint region
[2022-06-13T02:30:47.940+0000][1][safepoint    ] Total time for which application threads were stopped: 0.0002810 seconds, Stopping threads took: 0.0001527 seconds
[2022-06-13T02:30:47.940+0000][1][safepoint    ] Application time: 0.0000718 seconds
[2022-06-13T02:30:47.940+0000][1][safepoint    ] Entering safepoint region: RevokeBias
[2022-06-13T02:30:47.940+0000][1][safepoint    ] Leaving safepoint region
[2022-06-13T02:30:47.940+0000][1][safepoint    ] Total time for which application threads were stopped: 0.0003024 seconds, Stopping threads took: 0.0001330 seconds
[2022-06-13T02:30:47.940+0000][1][safepoint    ] Application time: 0.0000781 seconds
[2022-06-13T02:30:47.941+0000][1][safepoint    ] Entering safepoint region: RevokeBias
[2022-06-13T02:30:47.941+0000][1][safepoint    ] Leaving safepoint region
[2022-06-13T02:30:47.941+0000][1][safepoint    ] Total time for which application threads were stopped: 0.0003112 seconds, Stopping threads took: 0.0001204 seconds
[2022-06-13T02:30:47.941+0000][1][safepoint    ] Application time: 0.0000892 seconds
[2022-06-13T02:30:47.941+0000][1][safepoint    ] Entering safepoint region: RevokeBias
[2022-06-13T02:30:47.941+0000][1][safepoint    ] Leaving safepoint region
[2022-06-13T02:30:47.942+0000][1][safepoint    ] Total time for which application threads were stopped: 0.0003035 seconds, Stopping threads took: 0.0001467 seconds
[2022-06-13T02:30:47.942+0000][1][safepoint    ] Application time: 0.0000777 seconds
[2022-06-13T02:30:47.942+0000][1][safepoint    ] Entering safepoint region: RevokeBias
[2022-06-13T02:30:47.942+0000][1][safepoint    ] Leaving safepoint region
[2022-06-13T02:30:47.942+0000][1][safepoint    ] Total time for which application threads were stopped: 0.0002534 seconds, Stopping threads took: 0.0001276 seconds
[2022-06-13T02:30:47.942+0000][1][safepoint    ] Application time: 0.0000763 seconds
[2022-06-13T02:30:47.942+0000][1][safepoint    ] Entering safepoint region: RevokeBias
[2022-06-13T02:30:47.943+0000][1][safepoint    ] Leaving safepoint region
[2022-06-13T02:30:47.943+0000][1][safepoint    ] Total time for which application threads were stopped: 0.0003474 seconds, Stopping threads took: 0.0001926 seconds
[2022-06-13T02:30:47.943+0000][1][safepoint    ] Application time: 0.0000714 seconds
[2022-06-13T02:30:47.943+0000][1][safepoint    ] Entering safepoint region: RevokeBias
[2022-06-13T02:30:47.943+0000][1][safepoint    ] Leaving safepoint region
[2022-06-13T02:30:47.943+0000][1][safepoint    ] Total time for which application threads were stopped: 0.0002791 seconds, Stopping threads took: 0.0001248 seconds
[2022-06-13T02:30:47.944+0000][1][safepoint    ] Application time: 0.0000699 seconds
[2022-06-13T02:30:47.944+0000][1][safepoint    ] Entering safepoint region: RevokeBias
[2022-06-13T02:30:47.944+0000][1][safepoint    ] Leaving safepoint region
[2022-06-13T02:30:47.944+0000][1][safepoint    ] Total time for which application threads were stopped: 0.0002768 seconds, Stopping threads took: 0.0001312 seconds
[2022-06-13T02:30:47.944+0000][1][safepoint    ] Application time: 0.0000959 seconds
[2022-06-13T02:30:47.944+0000][1][safepoint    ] Entering safepoint region: RevokeBias
[2022-06-13T02:30:47.944+0000][1][safepoint    ] Leaving safepoint region
[2022-06-13T02:30:47.945+0000][1][safepoint    ] Total time for which application threads were stopped: 0.0002963 seconds, Stopping threads took: 0.0001475 seconds
[2022-06-13T02:30:47.945+0000][1][safepoint    ] Application time: 0.0000647 seconds
[2022-06-13T02:30:47.945+0000][1][safepoint    ] Entering safepoint region: RevokeBias
[2022-06-13T02:30:47.945+0000][1][safepoint    ] Leaving safepoint region
[2022-06-13T02:30:47.945+0000][1][safepoint    ] Total time for which application threads were stopped: 0.0005459 seconds, Stopping threads took: 0.0003747 seconds
[2022-06-13T02:30:47.946+0000][1][safepoint    ] Application time: 0.0000903 seconds
[2022-06-13T02:30:47.946+0000][1][safepoint    ] Entering safepoint region: RevokeBias
[2022-06-13T02:30:47.946+0000][1][safepoint    ] Leaving safepoint region
[2022-06-13T02:30:47.946+0000][1][safepoint    ] Total time for which application threads were stopped: 0.0003739 seconds, Stopping threads took: 0.0002272 seconds
[2022-06-13T02:30:47.946+0000][1][safepoint    ] Application time: 0.0000756 seconds
[2022-06-13T02:30:47.946+0000][1][safepoint    ] Entering safepoint region: RevokeBias
[2022-06-13T02:30:47.947+0000][1][safepoint    ] Leaving safepoint region
[2022-06-13T02:30:47.947+0000][1][safepoint    ] Total time for which application threads were stopped: 0.0003178 seconds, Stopping threads took: 0.0001714 seconds
[2022-06-13T02:30:47.947+0000][1][safepoint    ] Application time: 0.0000710 seconds
[2022-06-13T02:30:47.947+0000][1][safepoint    ] Entering safepoint region: BulkRevokeBias
[2022-06-13T02:30:47.947+0000][1][safepoint    ] Leaving safepoint region
[2022-06-13T02:30:47.947+0000][1][safepoint    ] Total time for which application threads were stopped: 0.0003582 seconds, Stopping threads took: 0.0001675 seconds
[2022-06-13T02:30:47.948+0000][1][safepoint    ] Application time: 0.0003151 seconds
[2022-06-13T02:30:47.948+0000][1][safepoint    ] Entering safepoint region: RevokeBias
[2022-06-13T02:30:47.948+0000][1][safepoint    ] Leaving safepoint region
[2022-06-13T02:30:47.948+0000][1][safepoint    ] Total time for which application threads were stopped: 0.0003992 seconds, Stopping threads took: 0.0002527 seconds
[2022-06-13T02:30:47.949+0000][1][safepoint    ] Application time: 0.0001130 seconds
[2022-06-13T02:30:47.949+0000][1][safepoint    ] Entering safepoint region: RevokeBias
[2022-06-13T02:30:47.949+0000][1][safepoint    ] Leaving safepoint region
[2022-06-13T02:30:47.949+0000][1][safepoint    ] Total time for which application threads were stopped: 0.0002421 seconds, Stopping threads took: 0.0001234 seconds
[2022-06-13T02:30:47.949+0000][1][safepoint    ] Application time: 0.0001987 seconds
[2022-06-13T02:30:47.949+0000][1][safepoint    ] Entering safepoint region: RevokeBias
[2022-06-13T02:30:47.949+0000][1][safepoint    ] Leaving safepoint region
[2022-06-13T02:30:47.950+0000][1][safepoint    ] Total time for which application threads were stopped: 0.0002956 seconds, Stopping threads took: 0.0001548 seconds
[2022-06-13T02:30:47.950+0000][1][safepoint    ] Application time: 0.0000825 seconds
[2022-06-13T02:30:47.950+0000][1][safepoint    ] Entering safepoint region: RevokeBias
[2022-06-13T02:30:47.950+0000][1][safepoint    ] Leaving safepoint region
[2022-06-13T02:30:47.950+0000][1][safepoint    ] Total time for which application threads were stopped: 0.0003318 seconds, Stopping threads took: 0.0001700 seconds
[2022-06-13T02:30:47.950+0000][1][safepoint    ] Application time: 0.0000922 seconds
[2022-06-13T02:30:47.951+0000][1][safepoint    ] Entering safepoint region: RevokeBias
[2022-06-13T02:30:47.951+0000][1][safepoint    ] Leaving safepoint region
[2022-06-13T02:30:47.951+0000][1][safepoint    ] Total time for which application threads were stopped: 0.0006404 seconds, Stopping threads took: 0.0005150 seconds
[2022-06-13T02:30:47.951+0000][1][safepoint    ] Application time: 0.0000651 seconds
[2022-06-13T02:30:47.952+0000][1][safepoint    ] Entering safepoint region: RevokeBias
[2022-06-13T02:30:47.952+0000][1][safepoint    ] Leaving safepoint region
[2022-06-13T02:30:47.952+0000][1][safepoint    ] Total time for which application threads were stopped: 0.0002412 seconds, Stopping threads took: 0.0001292 seconds
[2022-06-13T02:30:47.952+0000][1][safepoint    ] Application time: 0.0002399 seconds
[2022-06-13T02:30:47.952+0000][1][safepoint    ] Entering safepoint region: RevokeBias
[2022-06-13T02:30:47.952+0000][1][safepoint    ] Leaving safepoint region
[2022-06-13T02:30:47.952+0000][1][safepoint    ] Total time for which application threads were stopped: 0.0002330 seconds, Stopping threads took: 0.0001123 seconds
[2022-06-13T02:30:47.953+0000][1][safepoint    ] Application time: 0.0002258 seconds
[2022-06-13T02:30:47.953+0000][1][safepoint    ] Entering safepoint region: RevokeBias
[2022-06-13T02:30:47.953+0000][1][safepoint    ] Leaving safepoint region
[2022-06-13T02:30:47.953+0000][1][safepoint    ] Total time for which application threads were stopped: 0.0005949 seconds, Stopping threads took: 0.0004358 seconds
[2022-06-13T02:30:47.954+0000][1][safepoint    ] Application time: 0.0001329 seconds
[2022-06-13T02:30:47.954+0000][1][safepoint    ] Entering safepoint region: RevokeBias
[2022-06-13T02:30:47.954+0000][1][safepoint    ] Leaving safepoint region
[2022-06-13T02:30:47.954+0000][1][safepoint    ] Total time for which application threads were stopped: 0.0002423 seconds, Stopping threads took: 0.0001073 seconds
[2022-06-13T02:30:47.954+0000][1][safepoint    ] Application time: 0.0002801 seconds
[2022-06-13T02:30:47.955+0000][1][safepoint    ] Entering safepoint region: RevokeBias
[2022-06-13T02:30:47.955+0000][1][safepoint    ] Leaving safepoint region
[2022-06-13T02:30:47.955+0000][1][safepoint    ] Total time for which application threads were stopped: 0.0003364 seconds, Stopping threads took: 0.0002081 seconds
[2022-06-13T02:30:47.955+0000][1][safepoint    ] Application time: 0.0005377 seconds
[2022-06-13T02:30:47.956+0000][1][safepoint    ] Entering safepoint region: RevokeBias
[2022-06-13T02:30:47.956+0000][1][safepoint    ] Leaving safepoint region
[2022-06-13T02:30:47.956+0000][1][safepoint    ] Total time for which application threads were stopped: 0.0004585 seconds, Stopping threads took: 0.0002738 seconds
[2022-06-13T02:30:47.956+0000][1][safepoint    ] Application time: 0.0001264 seconds
[2022-06-13T02:30:47.957+0000][1][safepoint    ] Entering safepoint region: RevokeBias
[2022-06-13T02:30:47.957+0000][1][safepoint    ] Leaving safepoint region
[2022-06-13T02:30:47.957+0000][1][safepoint    ] Total time for which application threads were stopped: 0.0004763 seconds, Stopping threads took: 0.0003077 seconds
[2022-06-13T02:30:47.957+0000][1][safepoint    ] Application time: 0.0001995 seconds
[2022-06-13T02:30:47.957+0000][1][safepoint    ] Entering safepoint region: RevokeBias
[2022-06-13T02:30:47.958+0000][1][safepoint    ] Leaving safepoint region
[2022-06-13T02:30:47.958+0000][1][safepoint    ] Total time for which application threads were stopped: 0.0003960 seconds, Stopping threads took: 0.0002250 seconds
[2022-06-13T02:30:47.958+0000][1][safepoint    ] Application time: 0.0000980 seconds
[2022-06-13T02:30:47.958+0000][1][safepoint    ] Entering safepoint region: RevokeBias
[2022-06-13T02:30:47.958+0000][1][safepoint    ] Leaving safepoint region
[2022-06-13T02:30:47.959+0000][1][safepoint    ] Total time for which application threads were stopped: 0.0003488 seconds, Stopping threads took: 0.0001969 seconds
[2022-06-13T02:30:47.959+0000][1][safepoint    ] Application time: 0.0003613 seconds
[2022-06-13T02:30:47.959+0000][1][safepoint    ] Entering safepoint region: RevokeBias
[2022-06-13T02:30:47.959+0000][1][safepoint    ] Leaving safepoint region
[2022-06-13T02:30:47.959+0000][1][safepoint    ] Total time for which application threads were stopped: 0.0003066 seconds, Stopping threads took: 0.0001489 seconds
[2022-06-13T02:30:47.960+0000][1][safepoint    ] Application time: 0.0003879 seconds
[2022-06-13T02:30:47.960+0000][1][safepoint    ] Entering safepoint region: RevokeBias
[2022-06-13T02:30:47.960+0000][1][safepoint    ] Leaving safepoint region
[2022-06-13T02:30:47.960+0000][1][safepoint    ] Total time for which application threads were stopped: 0.0002973 seconds, Stopping threads took: 0.0001416 seconds
[2022-06-13T02:30:47.962+0000][1][safepoint    ] Application time: 0.0011993 seconds
[2022-06-13T02:30:47.962+0000][1][safepoint    ] Entering safepoint region: RevokeBias
[2022-06-13T02:30:47.962+0000][1][safepoint    ] Leaving safepoint region
[2022-06-13T02:30:47.962+0000][1][safepoint    ] Total time for which application threads were stopped: 0.0003491 seconds, Stopping threads took: 0.0001854 seconds
[2022-06-13T02:30:47.963+0000][1][safepoint    ] Application time: 0.0001721 seconds
[2022-06-13T02:30:47.963+0000][1][safepoint    ] Entering safepoint region: RevokeBias
[2022-06-13T02:30:47.963+0000][1][safepoint    ] Leaving safepoint region
[2022-06-13T02:30:47.963+0000][1][safepoint    ] Total time for which application threads were stopped: 0.0003689 seconds, Stopping threads took: 0.0002176 seconds
[2022-06-13T02:30:47.963+0000][1][safepoint    ] Application time: 0.0001246 seconds
[2022-06-13T02:30:47.964+0000][1][safepoint    ] Entering safepoint region: RevokeBias
[2022-06-13T02:30:47.964+0000][1][safepoint    ] Leaving safepoint region
[2022-06-13T02:30:47.964+0000][1][safepoint    ] Total time for which application threads were stopped: 0.0003224 seconds, Stopping threads took: 0.0001393 seconds
[2022-06-13T02:30:47.965+0000][1][safepoint    ] Application time: 0.0009697 seconds
[2022-06-13T02:30:47.965+0000][1][safepoint    ] Entering safepoint region: GenCollectForAllocation
[2022-06-13T02:30:47.965+0000][1][gc,start     ] GC(19) Pause Young (Allocation Failure)
[2022-06-13T02:30:47.965+0000][1][gc,task      ] GC(19) Using 5 workers of 13 for evacuation
[2022-06-13T02:30:47.970+0000][1][gc,age       ] GC(19) Desired survivor size 4456448 bytes, new threshold 2 (max threshold 6)
[2022-06-13T02:30:47.970+0000][1][gc,age       ] GC(19) Age table with threshold 2 (max threshold 6)
[2022-06-13T02:30:47.970+0000][1][gc,age       ] GC(19) - age   1:    3196600 bytes,    3196600 total
[2022-06-13T02:30:47.970+0000][1][gc,age       ] GC(19) - age   2:    3541144 bytes,    6737744 total
[2022-06-13T02:30:47.971+0000][1][gc,age       ] GC(19) - age   3:     533192 bytes,    7270936 total
[2022-06-13T02:30:47.971+0000][1][gc,heap      ] GC(19) ParNew: 75097K->8529K(78656K)
[2022-06-13T02:30:47.971+0000][1][gc,heap      ] GC(19) CMS: 54972K->54972K(174784K)
[2022-06-13T02:30:47.971+0000][1][gc,metaspace ] GC(19) Metaspace: 47001K->47001K(1091584K)
[2022-06-13T02:30:47.971+0000][1][gc           ] GC(19) Pause Young (Allocation Failure) 127M->62M(247M) 5.788ms
[2022-06-13T02:30:47.971+0000][1][gc,cpu       ] GC(19) User=0.02s Sys=0.00s Real=0.01s
[2022-06-13T02:30:47.971+0000][1][safepoint    ] Leaving safepoint region
[2022-06-13T02:30:47.972+0000][1][safepoint    ] Total time for which application threads were stopped: 0.0064656 seconds, Stopping threads took: 0.0001726 seconds
[2022-06-13T02:30:47.973+0000][1][safepoint    ] Application time: 0.0008470 seconds
[2022-06-13T02:30:47.973+0000][1][safepoint    ] Entering safepoint region: RevokeBias
[2022-06-13T02:30:47.973+0000][1][safepoint    ] Leaving safepoint region
[2022-06-13T02:30:47.973+0000][1][safepoint    ] Total time for which application threads were stopped: 0.0003463 seconds, Stopping threads took: 0.0001917 seconds
[2022-06-13T02:30:47.973+0000][1][safepoint    ] Application time: 0.0001042 seconds
[2022-06-13T02:30:47.973+0000][1][safepoint    ] Entering safepoint region: RevokeBias
[2022-06-13T02:30:47.974+0000][1][safepoint    ] Leaving safepoint region
[2022-06-13T02:30:47.974+0000][1][safepoint    ] Total time for which application threads were stopped: 0.0004259 seconds, Stopping threads took: 0.0001978 seconds
[2022-06-13T02:30:47.974+0000][1][safepoint    ] Application time: 0.0003103 seconds
[2022-06-13T02:30:47.974+0000][1][safepoint    ] Entering safepoint region: RevokeBias
[2022-06-13T02:30:47.975+0000][1][safepoint    ] Leaving safepoint region
[2022-06-13T02:30:47.975+0000][1][safepoint    ] Total time for which application threads were stopped: 0.0003235 seconds, Stopping threads took: 0.0001609 seconds
[2022-06-13T02:30:48.225+0000][1][safepoint    ] Application time: 0.2504122 seconds
[2022-06-13T02:30:48.225+0000][1][safepoint    ] Entering safepoint region: RevokeBias
[2022-06-13T02:30:48.226+0000][1][safepoint    ] Leaving safepoint region
[2022-06-13T02:30:48.226+0000][1][safepoint    ] Total time for which application threads were stopped: 0.0003009 seconds, Stopping threads took: 0.0001203 seconds
[2022-06-13T02:30:48.333+0000][1][safepoint    ] Application time: 0.1073027 seconds
[2022-06-13T02:30:48.333+0000][1][safepoint    ] Entering safepoint region: Deoptimize
[2022-06-13T02:30:48.334+0000][1][safepoint    ] Leaving safepoint region
[2022-06-13T02:30:48.334+0000][1][safepoint    ] Total time for which application threads were stopped: 0.0009688 seconds, Stopping threads took: 0.0001480 seconds
[2022-06-13T02:30:48.362+0000][1][safepoint    ] Application time: 0.0272323 seconds
[2022-06-13T02:30:48.362+0000][1][safepoint    ] Entering safepoint region: GenCollectForAllocation
[2022-06-13T02:30:48.362+0000][1][gc,start     ] GC(20) Pause Young (Allocation Failure)
[2022-06-13T02:30:48.363+0000][1][gc,task      ] GC(20) Using 5 workers of 13 for evacuation
[2022-06-13T02:30:48.370+0000][1][gc,age       ] GC(20) Desired survivor size 4456448 bytes, new threshold 2 (max threshold 6)
[2022-06-13T02:30:48.370+0000][1][gc,age       ] GC(20) Age table with threshold 2 (max threshold 6)
[2022-06-13T02:30:48.370+0000][1][gc,age       ] GC(20) - age   1:    1554992 bytes,    1554992 total
[2022-06-13T02:30:48.371+0000][1][gc,age       ] GC(20) - age   2:    3153688 bytes,    4708680 total
[2022-06-13T02:30:48.371+0000][1][gc,heap      ] GC(20) ParNew: 78481K->7456K(78656K)
[2022-06-13T02:30:48.371+0000][1][gc,heap      ] GC(20) CMS: 54972K->59081K(174784K)
[2022-06-13T02:30:48.371+0000][1][gc,metaspace ] GC(20) Metaspace: 53659K->53659K(1097728K)
[2022-06-13T02:30:48.372+0000][1][gc           ] GC(20) Pause Young (Allocation Failure) 130M->64M(247M) 9.224ms
[2022-06-13T02:30:48.372+0000][1][gc,cpu       ] GC(20) User=0.04s Sys=0.00s Real=0.01s
[2022-06-13T02:30:48.372+0000][1][safepoint    ] Leaving safepoint region
[2022-06-13T02:30:48.372+0000][1][safepoint    ] Total time for which application threads were stopped: 0.0100473 seconds, Stopping threads took: 0.0002023 seconds
[2022-06-13T02:30:48.553+0000][1][safepoint    ] Application time: 0.1805752 seconds
[2022-06-13T02:30:48.553+0000][1][safepoint    ] Entering safepoint region: Deoptimize
[2022-06-13T02:30:48.555+0000][1][safepoint    ] Leaving safepoint region
[2022-06-13T02:30:48.555+0000][1][safepoint    ] Total time for which application threads were stopped: 0.0019278 seconds, Stopping threads took: 0.0005245 seconds
[2022-06-13T02:30:48.583+0000][1][safepoint    ] Application time: 0.0271370 seconds
[2022-06-13T02:30:48.583+0000][1][safepoint    ] Entering safepoint region: RevokeBias
[2022-06-13T02:30:48.584+0000][1][safepoint    ] Leaving safepoint region
[2022-06-13T02:30:48.584+0000][1][safepoint    ] Total time for which application threads were stopped: 0.0006459 seconds, Stopping threads took: 0.0003359 seconds
[2022-06-13T02:30:48.584+0000][1][safepoint    ] Application time: 0.0001341 seconds
[2022-06-13T02:30:48.585+0000][1][safepoint    ] Entering safepoint region: RevokeBias
[2022-06-13T02:30:48.585+0000][1][safepoint    ] Leaving safepoint region
[2022-06-13T02:30:48.585+0000][1][safepoint    ] Total time for which application threads were stopped: 0.0005008 seconds, Stopping threads took: 0.0001866 seconds
[2022-06-13T02:30:48.586+0000][1][safepoint    ] Application time: 0.0001621 seconds
[2022-06-13T02:30:48.586+0000][1][safepoint    ] Entering safepoint region: RevokeBias
[2022-06-13T02:30:48.586+0000][1][safepoint    ] Leaving safepoint region
[2022-06-13T02:30:48.586+0000][1][safepoint    ] Total time for which application threads were stopped: 0.0004981 seconds, Stopping threads took: 0.0002523 seconds
[2022-06-13T02:30:48.589+0000][1][safepoint    ] Application time: 0.0021330 seconds
[2022-06-13T02:30:48.589+0000][1][safepoint    ] Entering safepoint region: RevokeBias
[2022-06-13T02:30:48.589+0000][1][safepoint    ] Leaving safepoint region
[2022-06-13T02:30:48.589+0000][1][safepoint    ] Total time for which application threads were stopped: 0.0003423 seconds, Stopping threads took: 0.0000965 seconds
[2022-06-13T02:30:48.722+0000][1][safepoint    ] Application time: 0.1325594 seconds
[2022-06-13T02:30:48.723+0000][1][safepoint    ] Entering safepoint region: Deoptimize
[2022-06-13T02:30:48.724+0000][1][safepoint    ] Leaving safepoint region
[2022-06-13T02:30:48.725+0000][1][safepoint    ] Total time for which application threads were stopped: 0.0023397 seconds, Stopping threads took: 0.0002065 seconds
[2022-06-13T02:30:48.853+0000][1][safepoint    ] Application time: 0.1281143 seconds
[2022-06-13T02:30:48.854+0000][1][safepoint    ] Entering safepoint region: RevokeBias
[2022-06-13T02:30:48.854+0000][1][safepoint    ] Leaving safepoint region
[2022-06-13T02:30:48.854+0000][1][safepoint    ] Total time for which application threads were stopped: 0.0004215 seconds, Stopping threads took: 0.0001789 seconds
[2022-06-13T02:30:48.854+0000][1][safepoint    ] Application time: 0.0001856 seconds
[2022-06-13T02:30:48.855+0000][1][safepoint    ] Entering safepoint region: RevokeBias
[2022-06-13T02:30:48.855+0000][1][safepoint    ] Leaving safepoint region
[2022-06-13T02:30:48.855+0000][1][safepoint    ] Total time for which application threads were stopped: 0.0004686 seconds, Stopping threads took: 0.0002062 seconds
[2022-06-13T02:30:48.856+0000][1][safepoint    ] Application time: 0.0005925 seconds
[2022-06-13T02:30:48.856+0000][1][safepoint    ] Entering safepoint region: BulkRevokeBias
[2022-06-13T02:30:48.857+0000][1][safepoint    ] Leaving safepoint region
[2022-06-13T02:30:48.857+0000][1][safepoint    ] Total time for which application threads were stopped: 0.0008107 seconds, Stopping threads took: 0.0005632 seconds
[2022-06-13T02:30:48.941+0000][1][safepoint    ] Application time: 0.0842458 seconds
[2022-06-13T02:30:48.941+0000][1][safepoint    ] Entering safepoint region: RevokeBias
[2022-06-13T02:30:48.942+0000][1][safepoint    ] Leaving safepoint region
[2022-06-13T02:30:48.942+0000][1][safepoint    ] Total time for which application threads were stopped: 0.0003441 seconds, Stopping threads took: 0.0001675 seconds
[2022-06-13T02:30:48.942+0000][1][safepoint    ] Application time: 0.0003645 seconds
[2022-06-13T02:30:48.942+0000][1][safepoint    ] Entering safepoint region: RevokeBias
[2022-06-13T02:30:48.942+0000][1][safepoint    ] Leaving safepoint region
[2022-06-13T02:30:48.943+0000][1][safepoint    ] Total time for which application threads were stopped: 0.0002496 seconds, Stopping threads took: 0.0001072 seconds
[2022-06-13T02:30:48.943+0000][1][safepoint    ] Application time: 0.0001858 seconds
[2022-06-13T02:30:48.943+0000][1][safepoint    ] Entering safepoint region: RevokeBias
[2022-06-13T02:30:48.943+0000][1][safepoint    ] Leaving safepoint region
[2022-06-13T02:30:48.943+0000][1][safepoint    ] Total time for which application threads were stopped: 0.0002373 seconds, Stopping threads took: 0.0001110 seconds
[2022-06-13T02:30:48.943+0000][1][safepoint    ] Application time: 0.0000911 seconds
[2022-06-13T02:30:48.944+0000][1][safepoint    ] Entering safepoint region: RevokeBias
[2022-06-13T02:30:48.944+0000][1][safepoint    ] Leaving safepoint region
[2022-06-13T02:30:48.944+0000][1][safepoint    ] Total time for which application threads were stopped: 0.0002411 seconds, Stopping threads took: 0.0001184 seconds
[2022-06-13T02:30:49.026+0000][1][safepoint    ] Application time: 0.0825555 seconds
[2022-06-13T02:30:49.027+0000][1][safepoint    ] Entering safepoint region: BulkRevokeBias
[2022-06-13T02:30:49.027+0000][1][safepoint    ] Leaving safepoint region
[2022-06-13T02:30:49.027+0000][1][safepoint    ] Total time for which application threads were stopped: 0.0004490 seconds, Stopping threads took: 0.0001655 seconds
[2022-06-13T02:30:49.036+0000][1][safepoint    ] Application time: 0.0089568 seconds
[2022-06-13T02:30:49.037+0000][1][safepoint    ] Entering safepoint region: GenCollectForAllocation
[2022-06-13T02:30:49.037+0000][1][gc,start     ] GC(21) Pause Young (Allocation Failure)
[2022-06-13T02:30:49.037+0000][1][gc,task      ] GC(21) Using 5 workers of 13 for evacuation
[2022-06-13T02:30:49.044+0000][1][gc,age       ] GC(21) Desired survivor size 4456448 bytes, new threshold 2 (max threshold 6)
[2022-06-13T02:30:49.044+0000][1][gc,age       ] GC(21) Age table with threshold 2 (max threshold 6)
[2022-06-13T02:30:49.044+0000][1][gc,age       ] GC(21) - age   1:    3729992 bytes,    3729992 total
[2022-06-13T02:30:49.044+0000][1][gc,age       ] GC(21) - age   2:    1442520 bytes,    5172512 total
[2022-06-13T02:30:49.044+0000][1][gc,heap      ] GC(21) ParNew: 77408K->6002K(78656K)
[2022-06-13T02:30:49.044+0000][1][gc,heap      ] GC(21) CMS: 59081K->62236K(174784K)
[2022-06-13T02:30:49.045+0000][1][gc,metaspace ] GC(21) Metaspace: 61614K->61614K(1105920K)
[2022-06-13T02:30:49.045+0000][1][gc           ] GC(21) Pause Young (Allocation Failure) 133M->66M(247M) 7.932ms
[2022-06-13T02:30:49.045+0000][1][gc,cpu       ] GC(21) User=0.04s Sys=0.00s Real=0.01s
[2022-06-13T02:30:49.045+0000][1][safepoint    ] Leaving safepoint region
[2022-06-13T02:30:49.045+0000][1][safepoint    ] Total time for which application threads were stopped: 0.0085217 seconds, Stopping threads took: 0.0001798 seconds
[2022-06-13T02:30:49.160+0000][1][safepoint    ] Application time: 0.1146001 seconds
[2022-06-13T02:30:49.160+0000][1][safepoint    ] Entering safepoint region: Deoptimize
[2022-06-13T02:30:49.161+0000][1][safepoint    ] Leaving safepoint region
[2022-06-13T02:30:49.162+0000][1][safepoint    ] Total time for which application threads were stopped: 0.0013286 seconds, Stopping threads took: 0.0003608 seconds
[2022-06-13T02:30:49.168+0000][1][safepoint    ] Application time: 0.0058196 seconds
[2022-06-13T02:30:49.168+0000][1][safepoint    ] Entering safepoint region: RevokeBias
[2022-06-13T02:30:49.168+0000][1][safepoint    ] Leaving safepoint region
[2022-06-13T02:30:49.169+0000][1][safepoint    ] Total time for which application threads were stopped: 0.0005924 seconds, Stopping threads took: 0.0003474 seconds
[2022-06-13T02:30:49.170+0000][1][safepoint    ] Application time: 0.0006533 seconds
[2022-06-13T02:30:49.170+0000][1][safepoint    ] Entering safepoint region: RevokeBias
[2022-06-13T02:30:49.170+0000][1][safepoint    ] Leaving safepoint region
[2022-06-13T02:30:49.170+0000][1][safepoint    ] Total time for which application threads were stopped: 0.0004096 seconds, Stopping threads took: 0.0001934 seconds
[2022-06-13T02:30:49.171+0000][1][safepoint    ] Application time: 0.0008588 seconds
[2022-06-13T02:30:49.172+0000][1][safepoint    ] Entering safepoint region: RevokeBias
[2022-06-13T02:30:49.172+0000][1][safepoint    ] Leaving safepoint region
[2022-06-13T02:30:49.172+0000][1][safepoint    ] Total time for which application threads were stopped: 0.0004188 seconds, Stopping threads took: 0.0002035 seconds
[2022-06-13T02:30:49.173+0000][1][safepoint    ] Application time: 0.0003624 seconds
[2022-06-13T02:30:49.173+0000][1][safepoint    ] Entering safepoint region: RevokeBias
[2022-06-13T02:30:49.173+0000][1][safepoint    ] Leaving safepoint region
[2022-06-13T02:30:49.173+0000][1][safepoint    ] Total time for which application threads were stopped: 0.0006250 seconds, Stopping threads took: 0.0002911 seconds
[2022-06-13T02:30:49.174+0000][1][safepoint    ] Application time: 0.0001767 seconds
[2022-06-13T02:30:49.174+0000][1][safepoint    ] Entering safepoint region: RevokeBias
[2022-06-13T02:30:49.174+0000][1][safepoint    ] Leaving safepoint region
[2022-06-13T02:30:49.174+0000][1][safepoint    ] Total time for which application threads were stopped: 0.0004120 seconds, Stopping threads took: 0.0001836 seconds
[2022-06-13T02:30:49.175+0000][1][safepoint    ] Application time: 0.0001276 seconds
[2022-06-13T02:30:49.175+0000][1][safepoint    ] Entering safepoint region: RevokeBias
[2022-06-13T02:30:49.175+0000][1][safepoint    ] Leaving safepoint region
[2022-06-13T02:30:49.176+0000][1][safepoint    ] Total time for which application threads were stopped: 0.0007996 seconds, Stopping threads took: 0.0003942 seconds
[2022-06-13T02:30:49.176+0000][1][safepoint    ] Application time: 0.0002062 seconds
[2022-06-13T02:30:49.177+0000][1][safepoint    ] Entering safepoint region: RevokeBias
[2022-06-13T02:30:49.177+0000][1][safepoint    ] Leaving safepoint region
[2022-06-13T02:30:49.177+0000][1][safepoint    ] Total time for which application threads were stopped: 0.0008506 seconds, Stopping threads took: 0.0003630 seconds
[2022-06-13T02:30:49.178+0000][1][safepoint    ] Application time: 0.0003716 seconds
[2022-06-13T02:30:49.178+0000][1][safepoint    ] Entering safepoint region: RevokeBias
[2022-06-13T02:30:49.179+0000][1][safepoint    ] Leaving safepoint region
[2022-06-13T02:30:49.179+0000][1][safepoint    ] Total time for which application threads were stopped: 0.0005694 seconds, Stopping threads took: 0.0002650 seconds
[2022-06-13T02:30:49.180+0000][1][safepoint    ] Application time: 0.0002529 seconds
[2022-06-13T02:30:49.180+0000][1][safepoint    ] Entering safepoint region: RevokeBias
[2022-06-13T02:30:49.180+0000][1][safepoint    ] Leaving safepoint region
[2022-06-13T02:30:49.180+0000][1][safepoint    ] Total time for which application threads were stopped: 0.0005441 seconds, Stopping threads took: 0.0002357 seconds
[2022-06-13T02:30:49.181+0000][1][safepoint    ] Application time: 0.0000841 seconds
[2022-06-13T02:30:49.181+0000][1][safepoint    ] Entering safepoint region: RevokeBias
[2022-06-13T02:30:49.181+0000][1][safepoint    ] Leaving safepoint region
[2022-06-13T02:30:49.181+0000][1][safepoint    ] Total time for which application threads were stopped: 0.0002702 seconds, Stopping threads took: 0.0001155 seconds
[2022-06-13T02:30:49.182+0000][1][safepoint    ] Application time: 0.0004777 seconds
[2022-06-13T02:30:49.182+0000][1][safepoint    ] Entering safepoint region: RevokeBias
[2022-06-13T02:30:49.182+0000][1][safepoint    ] Leaving safepoint region
[2022-06-13T02:30:49.182+0000][1][safepoint    ] Total time for which application threads were stopped: 0.0002364 seconds, Stopping threads took: 0.0001127 seconds
[2022-06-13T02:30:49.183+0000][1][safepoint    ] Application time: 0.0008436 seconds
[2022-06-13T02:30:49.183+0000][1][safepoint    ] Entering safepoint region: RevokeBias
[2022-06-13T02:30:49.184+0000][1][safepoint    ] Leaving safepoint region
[2022-06-13T02:30:49.184+0000][1][safepoint    ] Total time for which application threads were stopped: 0.0004401 seconds, Stopping threads took: 0.0001724 seconds
[2022-06-13T02:30:49.184+0000][1][safepoint    ] Application time: 0.0001757 seconds
[2022-06-13T02:30:49.185+0000][1][safepoint    ] Entering safepoint region: RevokeBias
[2022-06-13T02:30:49.185+0000][1][safepoint    ] Leaving safepoint region
[2022-06-13T02:30:49.185+0000][1][safepoint    ] Total time for which application threads were stopped: 0.0004841 seconds, Stopping threads took: 0.0001986 seconds
[2022-06-13T02:30:49.187+0000][1][safepoint    ] Application time: 0.0017405 seconds
[2022-06-13T02:30:49.187+0000][1][safepoint    ] Entering safepoint region: RevokeBias
[2022-06-13T02:30:49.188+0000][1][safepoint    ] Leaving safepoint region
[2022-06-13T02:30:49.188+0000][1][safepoint    ] Total time for which application threads were stopped: 0.0004080 seconds, Stopping threads took: 0.0002142 seconds
[2022-06-13T02:30:49.188+0000][1][safepoint    ] Application time: 0.0002162 seconds
[2022-06-13T02:30:49.188+0000][1][safepoint    ] Entering safepoint region: Deoptimize
[2022-06-13T02:30:49.189+0000][1][safepoint    ] Leaving safepoint region
[2022-06-13T02:30:49.189+0000][1][safepoint    ] Total time for which application threads were stopped: 0.0009124 seconds, Stopping threads took: 0.0001563 seconds
[2022-06-13T02:30:49.221+0000][1][safepoint    ] Application time: 0.0315268 seconds
[2022-06-13T02:30:49.221+0000][1][safepoint    ] Entering safepoint region: RevokeBias
[2022-06-13T02:30:49.221+0000][1][safepoint    ] Leaving safepoint region
[2022-06-13T02:30:49.222+0000][1][safepoint    ] Total time for which application threads were stopped: 0.0007491 seconds, Stopping threads took: 0.0003374 seconds
[2022-06-13T02:30:49.222+0000][1][safepoint    ] Application time: 0.0002207 seconds
[2022-06-13T02:30:49.222+0000][1][safepoint    ] Entering safepoint region: RevokeBias
[2022-06-13T02:30:49.223+0000][1][safepoint    ] Leaving safepoint region
[2022-06-13T02:30:49.223+0000][1][safepoint    ] Total time for which application threads were stopped: 0.0003917 seconds, Stopping threads took: 0.0002243 seconds
[2022-06-13T02:30:49.223+0000][1][safepoint    ] Application time: 0.0004119 seconds
[2022-06-13T02:30:49.224+0000][1][safepoint    ] Entering safepoint region: RevokeBias
[2022-06-13T02:30:49.224+0000][1][safepoint    ] Leaving safepoint region
[2022-06-13T02:30:49.224+0000][1][safepoint    ] Total time for which application threads were stopped: 0.0004622 seconds, Stopping threads took: 0.0001396 seconds
[2022-06-13T02:30:49.224+0000][1][safepoint    ] Application time: 0.0002109 seconds
[2022-06-13T02:30:49.225+0000][1][safepoint    ] Entering safepoint region: RevokeBias
[2022-06-13T02:30:49.225+0000][1][safepoint    ] Leaving safepoint region
[2022-06-13T02:30:49.225+0000][1][safepoint    ] Total time for which application threads were stopped: 0.0003514 seconds, Stopping threads took: 0.0001708 seconds
[2022-06-13T02:30:49.225+0000][1][safepoint    ] Application time: 0.0001102 seconds
[2022-06-13T02:30:49.225+0000][1][safepoint    ] Entering safepoint region: RevokeBias
[2022-06-13T02:30:49.226+0000][1][safepoint    ] Leaving safepoint region
[2022-06-13T02:30:49.226+0000][1][safepoint    ] Total time for which application threads were stopped: 0.0004125 seconds, Stopping threads took: 0.0001894 seconds
[2022-06-13T02:30:49.227+0000][1][safepoint    ] Application time: 0.0014667 seconds
[2022-06-13T02:30:49.228+0000][1][safepoint    ] Entering safepoint region: RevokeBias
[2022-06-13T02:30:49.228+0000][1][safepoint    ] Leaving safepoint region
[2022-06-13T02:30:49.228+0000][1][safepoint    ] Total time for which application threads were stopped: 0.0003986 seconds, Stopping threads took: 0.0001972 seconds
[2022-06-13T02:30:49.228+0000][1][safepoint    ] Application time: 0.0000781 seconds
[2022-06-13T02:30:49.229+0000][1][safepoint    ] Entering safepoint region: RevokeBias
[2022-06-13T02:30:49.229+0000][1][safepoint    ] Leaving safepoint region
[2022-06-13T02:30:49.229+0000][1][safepoint    ] Total time for which application threads were stopped: 0.0004049 seconds, Stopping threads took: 0.0002163 seconds
[2022-06-13T02:30:49.230+0000][1][safepoint    ] Application time: 0.0003925 seconds
[2022-06-13T02:30:49.230+0000][1][safepoint    ] Entering safepoint region: RevokeBias
[2022-06-13T02:30:49.230+0000][1][safepoint    ] Leaving safepoint region
[2022-06-13T02:30:49.230+0000][1][safepoint    ] Total time for which application threads were stopped: 0.0003146 seconds, Stopping threads took: 0.0001404 seconds
[2022-06-13T02:30:49.230+0000][1][safepoint    ] Application time: 0.0002378 seconds
[2022-06-13T02:30:49.230+0000][1][safepoint    ] Entering safepoint region: RevokeBias
[2022-06-13T02:30:49.231+0000][1][safepoint    ] Leaving safepoint region
[2022-06-13T02:30:49.231+0000][1][safepoint    ] Total time for which application threads were stopped: 0.0002517 seconds, Stopping threads took: 0.0001239 seconds
[2022-06-13T02:30:49.231+0000][1][safepoint    ] Application time: 0.0001369 seconds
[2022-06-13T02:30:49.231+0000][1][safepoint    ] Entering safepoint region: RevokeBias
[2022-06-13T02:30:49.231+0000][1][safepoint    ] Leaving safepoint region
[2022-06-13T02:30:49.231+0000][1][safepoint    ] Total time for which application threads were stopped: 0.0002342 seconds, Stopping threads took: 0.0001021 seconds
[2022-06-13T02:30:49.233+0000][1][safepoint    ] Application time: 0.0012038 seconds
[2022-06-13T02:30:49.233+0000][1][safepoint    ] Entering safepoint region: RevokeBias
[2022-06-13T02:30:49.233+0000][1][safepoint    ] Leaving safepoint region
[2022-06-13T02:30:49.233+0000][1][safepoint    ] Total time for which application threads were stopped: 0.0002975 seconds, Stopping threads took: 0.0001315 seconds
[2022-06-13T02:30:49.234+0000][1][safepoint    ] Application time: 0.0006921 seconds
[2022-06-13T02:30:49.234+0000][1][safepoint    ] Entering safepoint region: RevokeBias
[2022-06-13T02:30:49.234+0000][1][safepoint    ] Leaving safepoint region
[2022-06-13T02:30:49.234+0000][1][safepoint    ] Total time for which application threads were stopped: 0.0003047 seconds, Stopping threads took: 0.0001900 seconds
[2022-06-13T02:30:49.235+0000][1][safepoint    ] Application time: 0.0004612 seconds
[2022-06-13T02:30:49.235+0000][1][safepoint    ] Entering safepoint region: RevokeBias
[2022-06-13T02:30:49.235+0000][1][safepoint    ] Leaving safepoint region
[2022-06-13T02:30:49.235+0000][1][safepoint    ] Total time for which application threads were stopped: 0.0002803 seconds, Stopping threads took: 0.0001321 seconds
[2022-06-13T02:30:49.236+0000][1][safepoint    ] Application time: 0.0002737 seconds
[2022-06-13T02:30:49.236+0000][1][safepoint    ] Entering safepoint region: RevokeBias
[2022-06-13T02:30:49.236+0000][1][safepoint    ] Leaving safepoint region
[2022-06-13T02:30:49.236+0000][1][safepoint    ] Total time for which application threads were stopped: 0.0003113 seconds, Stopping threads took: 0.0001479 seconds
[2022-06-13T02:30:49.236+0000][1][safepoint    ] Application time: 0.0001894 seconds
[2022-06-13T02:30:49.237+0000][1][safepoint    ] Entering safepoint region: RevokeBias
[2022-06-13T02:30:49.237+0000][1][safepoint    ] Leaving safepoint region
[2022-06-13T02:30:49.237+0000][1][safepoint    ] Total time for which application threads were stopped: 0.0003514 seconds, Stopping threads took: 0.0001837 seconds
[2022-06-13T02:30:49.237+0000][1][safepoint    ] Application time: 0.0002182 seconds
[2022-06-13T02:30:49.238+0000][1][safepoint    ] Entering safepoint region: RevokeBias
[2022-06-13T02:30:49.238+0000][1][safepoint    ] Leaving safepoint region
[2022-06-13T02:30:49.238+0000][1][safepoint    ] Total time for which application threads were stopped: 0.0003759 seconds, Stopping threads took: 0.0002063 seconds
[2022-06-13T02:30:49.238+0000][1][safepoint    ] Application time: 0.0001796 seconds
[2022-06-13T02:30:49.238+0000][1][safepoint    ] Entering safepoint region: RevokeBias
[2022-06-13T02:30:49.238+0000][1][safepoint    ] Leaving safepoint region
[2022-06-13T02:30:49.239+0000][1][safepoint    ] Total time for which application threads were stopped: 0.0002678 seconds, Stopping threads took: 0.0001211 seconds
[2022-06-13T02:30:49.239+0000][1][safepoint    ] Application time: 0.0001244 seconds
[2022-06-13T02:30:49.239+0000][1][safepoint    ] Entering safepoint region: RevokeBias
[2022-06-13T02:30:49.239+0000][1][safepoint    ] Leaving safepoint region
[2022-06-13T02:30:49.239+0000][1][safepoint    ] Total time for which application threads were stopped: 0.0003033 seconds, Stopping threads took: 0.0001151 seconds
[2022-06-13T02:30:49.240+0000][1][safepoint    ] Application time: 0.0002640 seconds
[2022-06-13T02:30:49.240+0000][1][safepoint    ] Entering safepoint region: RevokeBias
[2022-06-13T02:30:49.240+0000][1][safepoint    ] Leaving safepoint region
[2022-06-13T02:30:49.240+0000][1][safepoint    ] Total time for which application threads were stopped: 0.0002541 seconds, Stopping threads took: 0.0001161 seconds
[2022-06-13T02:30:49.240+0000][1][safepoint    ] Application time: 0.0001975 seconds
[2022-06-13T02:30:49.240+0000][1][safepoint    ] Entering safepoint region: RevokeBias
[2022-06-13T02:30:49.241+0000][1][safepoint    ] Leaving safepoint region
[2022-06-13T02:30:49.241+0000][1][safepoint    ] Total time for which application threads were stopped: 0.0002963 seconds, Stopping threads took: 0.0001300 seconds
[2022-06-13T02:30:49.241+0000][1][safepoint    ] Application time: 0.0003289 seconds
[2022-06-13T02:30:49.241+0000][1][safepoint    ] Entering safepoint region: RevokeBias
[2022-06-13T02:30:49.242+0000][1][safepoint    ] Leaving safepoint region
[2022-06-13T02:30:49.242+0000][1][safepoint    ] Total time for which application threads were stopped: 0.0003159 seconds, Stopping threads took: 0.0001678 seconds
[2022-06-13T02:30:49.242+0000][1][safepoint    ] Application time: 0.0001978 seconds
[2022-06-13T02:30:49.242+0000][1][safepoint    ] Entering safepoint region: RevokeBias
[2022-06-13T02:30:49.242+0000][1][safepoint    ] Leaving safepoint region
[2022-06-13T02:30:49.242+0000][1][safepoint    ] Total time for which application threads were stopped: 0.0002759 seconds, Stopping threads took: 0.0001237 seconds
[2022-06-13T02:30:49.243+0000][1][safepoint    ] Application time: 0.0001674 seconds
[2022-06-13T02:30:49.243+0000][1][safepoint    ] Entering safepoint region: RevokeBias
[2022-06-13T02:30:49.243+0000][1][safepoint    ] Leaving safepoint region
[2022-06-13T02:30:49.243+0000][1][safepoint    ] Total time for which application threads were stopped: 0.0003304 seconds, Stopping threads took: 0.0001471 seconds
[2022-06-13T02:30:49.244+0000][1][safepoint    ] Application time: 0.0006419 seconds
[2022-06-13T02:30:49.244+0000][1][safepoint    ] Entering safepoint region: RevokeBias
[2022-06-13T02:30:49.244+0000][1][safepoint    ] Leaving safepoint region
[2022-06-13T02:30:49.245+0000][1][safepoint    ] Total time for which application threads were stopped: 0.0003714 seconds, Stopping threads took: 0.0001716 seconds
[2022-06-13T02:30:49.245+0000][1][safepoint    ] Application time: 0.0002396 seconds
[2022-06-13T02:30:49.245+0000][1][safepoint    ] Entering safepoint region: RevokeBias
[2022-06-13T02:30:49.245+0000][1][safepoint    ] Leaving safepoint region
[2022-06-13T02:30:49.245+0000][1][safepoint    ] Total time for which application threads were stopped: 0.0004083 seconds, Stopping threads took: 0.0001586 seconds
[2022-06-13T02:30:49.246+0000][1][safepoint    ] Application time: 0.0001904 seconds
[2022-06-13T02:30:49.246+0000][1][safepoint    ] Entering safepoint region: RevokeBias
[2022-06-13T02:30:49.246+0000][1][safepoint    ] Leaving safepoint region
[2022-06-13T02:30:49.246+0000][1][safepoint    ] Total time for which application threads were stopped: 0.0004478 seconds, Stopping threads took: 0.0001731 seconds
[2022-06-13T02:30:49.247+0000][1][safepoint    ] Application time: 0.0003021 seconds
[2022-06-13T02:30:49.247+0000][1][safepoint    ] Entering safepoint region: RevokeBias
[2022-06-13T02:30:49.247+0000][1][safepoint    ] Leaving safepoint region
[2022-06-13T02:30:49.247+0000][1][safepoint    ] Total time for which application threads were stopped: 0.0003679 seconds, Stopping threads took: 0.0001544 seconds
[2022-06-13T02:30:49.248+0000][1][safepoint    ] Application time: 0.0002793 seconds
[2022-06-13T02:30:49.248+0000][1][safepoint    ] Entering safepoint region: RevokeBias
[2022-06-13T02:30:49.248+0000][1][safepoint    ] Leaving safepoint region
[2022-06-13T02:30:49.248+0000][1][safepoint    ] Total time for which application threads were stopped: 0.0003822 seconds, Stopping threads took: 0.0002369 seconds
[2022-06-13T02:30:49.249+0000][1][safepoint    ] Application time: 0.0002032 seconds
[2022-06-13T02:30:49.249+0000][1][safepoint    ] Entering safepoint region: RevokeBias
[2022-06-13T02:30:49.249+0000][1][safepoint    ] Leaving safepoint region
[2022-06-13T02:30:49.249+0000][1][safepoint    ] Total time for which application threads were stopped: 0.0003663 seconds, Stopping threads took: 0.0002160 seconds
[2022-06-13T02:30:49.249+0000][1][safepoint    ] Application time: 0.0001057 seconds
[2022-06-13T02:30:49.250+0000][1][safepoint    ] Entering safepoint region: RevokeBias
[2022-06-13T02:30:49.250+0000][1][safepoint    ] Leaving safepoint region
[2022-06-13T02:30:49.250+0000][1][safepoint    ] Total time for which application threads were stopped: 0.0003727 seconds, Stopping threads took: 0.0002184 seconds
[2022-06-13T02:30:49.251+0000][1][safepoint    ] Application time: 0.0004632 seconds
[2022-06-13T02:30:49.251+0000][1][safepoint    ] Entering safepoint region: RevokeBias
[2022-06-13T02:30:49.251+0000][1][safepoint    ] Leaving safepoint region
[2022-06-13T02:30:49.251+0000][1][safepoint    ] Total time for which application threads were stopped: 0.0004520 seconds, Stopping threads took: 0.0002643 seconds
[2022-06-13T02:30:49.251+0000][1][safepoint    ] Application time: 0.0002324 seconds
[2022-06-13T02:30:49.252+0000][1][safepoint    ] Entering safepoint region: RevokeBias
[2022-06-13T02:30:49.252+0000][1][safepoint    ] Leaving safepoint region
[2022-06-13T02:30:49.252+0000][1][safepoint    ] Total time for which application threads were stopped: 0.0002888 seconds, Stopping threads took: 0.0001349 seconds
[2022-06-13T02:30:49.252+0000][1][safepoint    ] Application time: 0.0001513 seconds
[2022-06-13T02:30:49.252+0000][1][safepoint    ] Entering safepoint region: RevokeBias
[2022-06-13T02:30:49.252+0000][1][safepoint    ] Leaving safepoint region
[2022-06-13T02:30:49.253+0000][1][safepoint    ] Total time for which application threads were stopped: 0.0002891 seconds, Stopping threads took: 0.0001490 seconds
[2022-06-13T02:30:49.253+0000][1][safepoint    ] Application time: 0.0001678 seconds
[2022-06-13T02:30:49.253+0000][1][safepoint    ] Entering safepoint region: RevokeBias
[2022-06-13T02:30:49.253+0000][1][safepoint    ] Leaving safepoint region
[2022-06-13T02:30:49.253+0000][1][safepoint    ] Total time for which application threads were stopped: 0.0003173 seconds, Stopping threads took: 0.0001591 seconds
[2022-06-13T02:30:49.254+0000][1][safepoint    ] Application time: 0.0002207 seconds
[2022-06-13T02:30:49.254+0000][1][safepoint    ] Entering safepoint region: RevokeBias
[2022-06-13T02:30:49.254+0000][1][safepoint    ] Leaving safepoint region
[2022-06-13T02:30:49.254+0000][1][safepoint    ] Total time for which application threads were stopped: 0.0003275 seconds, Stopping threads took: 0.0001796 seconds
[2022-06-13T02:30:49.255+0000][1][safepoint    ] Application time: 0.0001655 seconds
[2022-06-13T02:30:49.255+0000][1][safepoint    ] Entering safepoint region: RevokeBias
[2022-06-13T02:30:49.255+0000][1][safepoint    ] Leaving safepoint region
[2022-06-13T02:30:49.255+0000][1][safepoint    ] Total time for which application threads were stopped: 0.0002772 seconds, Stopping threads took: 0.0001409 seconds
[2022-06-13T02:30:49.255+0000][1][safepoint    ] Application time: 0.0001964 seconds
[2022-06-13T02:30:49.255+0000][1][safepoint    ] Entering safepoint region: RevokeBias
[2022-06-13T02:30:49.256+0000][1][safepoint    ] Leaving safepoint region
[2022-06-13T02:30:49.256+0000][1][safepoint    ] Total time for which application threads were stopped: 0.0003066 seconds, Stopping threads took: 0.0001374 seconds
[2022-06-13T02:30:49.256+0000][1][safepoint    ] Application time: 0.0001651 seconds
[2022-06-13T02:30:49.256+0000][1][safepoint    ] Entering safepoint region: RevokeBias
[2022-06-13T02:30:49.256+0000][1][safepoint    ] Leaving safepoint region
[2022-06-13T02:30:49.256+0000][1][safepoint    ] Total time for which application threads were stopped: 0.0003110 seconds, Stopping threads took: 0.0001784 seconds
[2022-06-13T02:30:49.257+0000][1][safepoint    ] Application time: 0.0003565 seconds
[2022-06-13T02:30:49.257+0000][1][safepoint    ] Entering safepoint region: RevokeBias
[2022-06-13T02:30:49.257+0000][1][safepoint    ] Leaving safepoint region
[2022-06-13T02:30:49.257+0000][1][safepoint    ] Total time for which application threads were stopped: 0.0003045 seconds, Stopping threads took: 0.0001676 seconds
[2022-06-13T02:30:49.258+0000][1][safepoint    ] Application time: 0.0001233 seconds
[2022-06-13T02:30:49.258+0000][1][safepoint    ] Entering safepoint region: RevokeBias
[2022-06-13T02:30:49.258+0000][1][safepoint    ] Leaving safepoint region
[2022-06-13T02:30:49.258+0000][1][safepoint    ] Total time for which application threads were stopped: 0.0002695 seconds, Stopping threads took: 0.0001360 seconds
[2022-06-13T02:30:49.260+0000][1][safepoint    ] Application time: 0.0015161 seconds
[2022-06-13T02:30:49.260+0000][1][safepoint    ] Entering safepoint region: RevokeBias
[2022-06-13T02:30:49.260+0000][1][safepoint    ] Leaving safepoint region
[2022-06-13T02:30:49.260+0000][1][safepoint    ] Total time for which application threads were stopped: 0.0003698 seconds, Stopping threads took: 0.0001683 seconds
[2022-06-13T02:30:49.261+0000][1][safepoint    ] Application time: 0.0004945 seconds
[2022-06-13T02:30:49.261+0000][1][safepoint    ] Entering safepoint region: RevokeBias
[2022-06-13T02:30:49.261+0000][1][safepoint    ] Leaving safepoint region
[2022-06-13T02:30:49.261+0000][1][safepoint    ] Total time for which application threads were stopped: 0.0002877 seconds, Stopping threads took: 0.0001289 seconds
[2022-06-13T02:30:49.263+0000][1][safepoint    ] Application time: 0.0019252 seconds
[2022-06-13T02:30:49.264+0000][1][safepoint    ] Entering safepoint region: RevokeBias
[2022-06-13T02:30:49.264+0000][1][safepoint    ] Leaving safepoint region
[2022-06-13T02:30:49.264+0000][1][safepoint    ] Total time for which application threads were stopped: 0.0004043 seconds, Stopping threads took: 0.0002081 seconds
[2022-06-13T02:30:49.266+0000][1][safepoint    ] Application time: 0.0020706 seconds
[2022-06-13T02:30:49.266+0000][1][safepoint    ] Entering safepoint region: RevokeBias
[2022-06-13T02:30:49.267+0000][1][safepoint    ] Leaving safepoint region
[2022-06-13T02:30:49.267+0000][1][safepoint    ] Total time for which application threads were stopped: 0.0003160 seconds, Stopping threads took: 0.0001360 seconds
[2022-06-13T02:30:49.267+0000][1][safepoint    ] Application time: 0.0004790 seconds
[2022-06-13T02:30:49.268+0000][1][safepoint    ] Entering safepoint region: RevokeBias
[2022-06-13T02:30:49.268+0000][1][safepoint    ] Leaving safepoint region
[2022-06-13T02:30:49.268+0000][1][safepoint    ] Total time for which application threads were stopped: 0.0002697 seconds, Stopping threads took: 0.0001181 seconds
[2022-06-13T02:30:49.270+0000][1][safepoint    ] Application time: 0.0024979 seconds
[2022-06-13T02:30:49.271+0000][1][safepoint    ] Entering safepoint region: RevokeBias
[2022-06-13T02:30:49.271+0000][1][safepoint    ] Leaving safepoint region
[2022-06-13T02:30:49.271+0000][1][safepoint    ] Total time for which application threads were stopped: 0.0003936 seconds, Stopping threads took: 0.0001945 seconds
[2022-06-13T02:30:49.272+0000][1][safepoint    ] Application time: 0.0001147 seconds
[2022-06-13T02:30:49.272+0000][1][safepoint    ] Entering safepoint region: RevokeBias
[2022-06-13T02:30:49.272+0000][1][safepoint    ] Leaving safepoint region
[2022-06-13T02:30:49.272+0000][1][safepoint    ] Total time for which application threads were stopped: 0.0003738 seconds, Stopping threads took: 0.0001686 seconds
[2022-06-13T02:30:49.272+0000][1][safepoint    ] Application time: 0.0000882 seconds
[2022-06-13T02:30:49.272+0000][1][safepoint    ] Entering safepoint region: RevokeBias
[2022-06-13T02:30:49.273+0000][1][safepoint    ] Leaving safepoint region
[2022-06-13T02:30:49.273+0000][1][safepoint    ] Total time for which application threads were stopped: 0.0002545 seconds, Stopping threads took: 0.0001168 seconds
[2022-06-13T02:30:49.274+0000][1][safepoint    ] Application time: 0.0008206 seconds
[2022-06-13T02:30:49.274+0000][1][safepoint    ] Entering safepoint region: RevokeBias
[2022-06-13T02:30:49.274+0000][1][safepoint    ] Leaving safepoint region
[2022-06-13T02:30:49.274+0000][1][safepoint    ] Total time for which application threads were stopped: 0.0003449 seconds, Stopping threads took: 0.0001713 seconds
[2022-06-13T02:30:49.274+0000][1][safepoint    ] Application time: 0.0001292 seconds
[2022-06-13T02:30:49.275+0000][1][safepoint    ] Entering safepoint region: RevokeBias
[2022-06-13T02:30:49.275+0000][1][safepoint    ] Leaving safepoint region
[2022-06-13T02:30:49.275+0000][1][safepoint    ] Total time for which application threads were stopped: 0.0003259 seconds, Stopping threads took: 0.0001361 seconds
[2022-06-13T02:30:49.275+0000][1][safepoint    ] Application time: 0.0000800 seconds
[2022-06-13T02:30:49.275+0000][1][safepoint    ] Entering safepoint region: RevokeBias
[2022-06-13T02:30:49.275+0000][1][safepoint    ] Leaving safepoint region
[2022-06-13T02:30:49.276+0000][1][safepoint    ] Total time for which application threads were stopped: 0.0002911 seconds, Stopping threads took: 0.0001264 seconds
[2022-06-13T02:30:49.276+0000][1][safepoint    ] Application time: 0.0006140 seconds
[2022-06-13T02:30:49.277+0000][1][safepoint    ] Entering safepoint region: RevokeBias
[2022-06-13T02:30:49.277+0000][1][safepoint    ] Leaving safepoint region
[2022-06-13T02:30:49.277+0000][1][safepoint    ] Total time for which application threads were stopped: 0.0002900 seconds, Stopping threads took: 0.0001321 seconds
[2022-06-13T02:30:49.277+0000][1][safepoint    ] Application time: 0.0001154 seconds
[2022-06-13T02:30:49.277+0000][1][safepoint    ] Entering safepoint region: RevokeBias
[2022-06-13T02:30:49.277+0000][1][safepoint    ] Leaving safepoint region
[2022-06-13T02:30:49.278+0000][1][safepoint    ] Total time for which application threads were stopped: 0.0003264 seconds, Stopping threads took: 0.0001573 seconds
[2022-06-13T02:30:49.278+0000][1][safepoint    ] Application time: 0.0004684 seconds
[2022-06-13T02:30:49.278+0000][1][safepoint    ] Entering safepoint region: RevokeBias
[2022-06-13T02:30:49.278+0000][1][safepoint    ] Leaving safepoint region
[2022-06-13T02:30:49.279+0000][1][safepoint    ] Total time for which application threads were stopped: 0.0003046 seconds, Stopping threads took: 0.0001601 seconds
[2022-06-13T02:30:49.279+0000][1][safepoint    ] Application time: 0.0003298 seconds
[2022-06-13T02:30:49.279+0000][1][safepoint    ] Entering safepoint region: RevokeBias
[2022-06-13T02:30:49.279+0000][1][safepoint    ] Leaving safepoint region
[2022-06-13T02:30:49.280+0000][1][safepoint    ] Total time for which application threads were stopped: 0.0003682 seconds, Stopping threads took: 0.0001977 seconds
[2022-06-13T02:30:49.281+0000][1][safepoint    ] Application time: 0.0006836 seconds
[2022-06-13T02:30:49.281+0000][1][safepoint    ] Entering safepoint region: RevokeBias
[2022-06-13T02:30:49.281+0000][1][safepoint    ] Leaving safepoint region
[2022-06-13T02:30:49.281+0000][1][safepoint    ] Total time for which application threads were stopped: 0.0004200 seconds, Stopping threads took: 0.0002726 seconds
[2022-06-13T02:30:49.282+0000][1][safepoint    ] Application time: 0.0003461 seconds
[2022-06-13T02:30:49.282+0000][1][safepoint    ] Entering safepoint region: RevokeBias
[2022-06-13T02:30:49.282+0000][1][safepoint    ] Leaving safepoint region
[2022-06-13T02:30:49.282+0000][1][safepoint    ] Total time for which application threads were stopped: 0.0004727 seconds, Stopping threads took: 0.0002090 seconds
[2022-06-13T02:30:49.283+0000][1][safepoint    ] Application time: 0.0008235 seconds
[2022-06-13T02:30:49.283+0000][1][safepoint    ] Entering safepoint region: RevokeBias
[2022-06-13T02:30:49.284+0000][1][safepoint    ] Leaving safepoint region
[2022-06-13T02:30:49.284+0000][1][safepoint    ] Total time for which application threads were stopped: 0.0003330 seconds, Stopping threads took: 0.0001904 seconds
[2022-06-13T02:30:49.284+0000][1][safepoint    ] Application time: 0.0002843 seconds
[2022-06-13T02:30:49.284+0000][1][safepoint    ] Entering safepoint region: RevokeBias
[2022-06-13T02:30:49.285+0000][1][safepoint    ] Leaving safepoint region
[2022-06-13T02:30:49.285+0000][1][safepoint    ] Total time for which application threads were stopped: 0.0002822 seconds, Stopping threads took: 0.0001227 seconds
[2022-06-13T02:30:49.285+0000][1][safepoint    ] Application time: 0.0001693 seconds
[2022-06-13T02:30:49.285+0000][1][safepoint    ] Entering safepoint region: RevokeBias
[2022-06-13T02:30:49.285+0000][1][safepoint    ] Leaving safepoint region
[2022-06-13T02:30:49.286+0000][1][safepoint    ] Total time for which application threads were stopped: 0.0003095 seconds, Stopping threads took: 0.0001826 seconds
[2022-06-13T02:30:49.286+0000][1][safepoint    ] Application time: 0.0005178 seconds
[2022-06-13T02:30:49.286+0000][1][safepoint    ] Entering safepoint region: RevokeBias
[2022-06-13T02:30:49.287+0000][1][safepoint    ] Leaving safepoint region
[2022-06-13T02:30:49.287+0000][1][safepoint    ] Total time for which application threads were stopped: 0.0010282 seconds, Stopping threads took: 0.0008334 seconds
[2022-06-13T02:30:49.288+0000][1][safepoint    ] Application time: 0.0008055 seconds
[2022-06-13T02:30:49.288+0000][1][safepoint    ] Entering safepoint region: RevokeBias
[2022-06-13T02:30:49.289+0000][1][safepoint    ] Leaving safepoint region
[2022-06-13T02:30:49.289+0000][1][safepoint    ] Total time for which application threads were stopped: 0.0003389 seconds, Stopping threads took: 0.0001543 seconds
[2022-06-13T02:30:49.290+0000][1][safepoint    ] Application time: 0.0013767 seconds
[2022-06-13T02:30:49.291+0000][1][safepoint    ] Entering safepoint region: RevokeBias
[2022-06-13T02:30:49.291+0000][1][safepoint    ] Leaving safepoint region
[2022-06-13T02:30:49.291+0000][1][safepoint    ] Total time for which application threads were stopped: 0.0003440 seconds, Stopping threads took: 0.0001422 seconds
[2022-06-13T02:30:49.291+0000][1][safepoint    ] Application time: 0.0000655 seconds
[2022-06-13T02:30:49.291+0000][1][safepoint    ] Entering safepoint region: RevokeBias
[2022-06-13T02:30:49.291+0000][1][safepoint    ] Leaving safepoint region
[2022-06-13T02:30:49.292+0000][1][safepoint    ] Total time for which application threads were stopped: 0.0003129 seconds, Stopping threads took: 0.0001434 seconds
[2022-06-13T02:30:49.292+0000][1][safepoint    ] Application time: 0.0001332 seconds
[2022-06-13T02:30:49.292+0000][1][safepoint    ] Entering safepoint region: RevokeBias
[2022-06-13T02:30:49.292+0000][1][safepoint    ] Leaving safepoint region
[2022-06-13T02:30:49.292+0000][1][safepoint    ] Total time for which application threads were stopped: 0.0002943 seconds, Stopping threads took: 0.0001456 seconds
[2022-06-13T02:30:49.292+0000][1][safepoint    ] Application time: 0.0001062 seconds
[2022-06-13T02:30:49.293+0000][1][safepoint    ] Entering safepoint region: RevokeBias
[2022-06-13T02:30:49.293+0000][1][safepoint    ] Leaving safepoint region
[2022-06-13T02:30:49.293+0000][1][safepoint    ] Total time for which application threads were stopped: 0.0003197 seconds, Stopping threads took: 0.0001822 seconds
[2022-06-13T02:30:49.293+0000][1][safepoint    ] Application time: 0.0004125 seconds
[2022-06-13T02:30:49.294+0000][1][safepoint    ] Entering safepoint region: RevokeBias
[2022-06-13T02:30:49.294+0000][1][safepoint    ] Leaving safepoint region
[2022-06-13T02:30:49.294+0000][1][safepoint    ] Total time for which application threads were stopped: 0.0002889 seconds, Stopping threads took: 0.0001302 seconds
[2022-06-13T02:30:49.296+0000][1][gc,heap,exit ] Heap
[2022-06-13T02:30:49.296+0000][1][gc,heap,exit ]  par new generation   total 78656K, used 29390K [0x00000000f0000000, 0x00000000f5550000, 0x00000000f5550000)
[2022-06-13T02:30:49.297+0000][1][gc,heap,exit ]   eden space 69952K,  33% used [0x00000000f0000000, 0x00000000f16d6f00, 0x00000000f4450000)
[2022-06-13T02:30:49.297+0000][1][gc,heap,exit ]   from space 8704K,  68% used [0x00000000f4450000, 0x00000000f4a2ca20, 0x00000000f4cd0000)
[2022-06-13T02:30:49.297+0000][1][gc,heap,exit ]   to   space 8704K,   0% used [0x00000000f4cd0000, 0x00000000f4cd0000, 0x00000000f5550000)
[2022-06-13T02:30:49.297+0000][1][gc,heap,exit ]  concurrent mark-sweep generation total 174784K, used 62236K [0x00000000f5550000, 0x0000000100000000, 0x0000000100000000)
[2022-06-13T02:30:49.297+0000][1][gc,heap,exit ]  Metaspace       used 63574K, capacity 68393K, committed 68448K, reserved 1107968K
[2022-06-13T02:30:49.298+0000][1][gc,heap,exit ]   class space    used 8644K, capacity 10668K, committed 10700K, reserved 1048576K
[2022-06-13T02:30:49.298+0000][1][safepoint    ] Application time: 0.0038697 seconds
[2022-06-13T02:30:49.298+0000][1][safepoint    ] Entering safepoint region: Exit
