[2022-06-13T02:07:04.012+0000][1][gc] Using Concurrent Mark Sweep
[2022-06-13T02:07:04.013+0000][1][gc,heap,coops] Heap address: 0x00000000f0000000, size: 256 MB, Compressed Oops mode: 32-bit
[2022-06-13T02:07:04.039+0000][1][safepoint    ] Entering safepoint region: EnableBiasedLocking
[2022-06-13T02:07:04.039+0000][1][safepoint    ] Leaving safepoint region
[2022-06-13T02:07:04.040+0000][1][safepoint    ] Total time for which application threads were stopped: 0.0008200 seconds, Stopping threads took: 0.0004250 seconds
[2022-06-13T02:07:04.043+0000][1][safepoint    ] Application time: 0.0023624 seconds
[2022-06-13T02:07:04.043+0000][1][safepoint    ] Entering safepoint region: RevokeBias
[2022-06-13T02:07:04.110+0000][1][safepoint    ] Leaving safepoint region
[2022-06-13T02:07:04.111+0000][1][safepoint    ] Total time for which application threads were stopped: 0.0678286 seconds, Stopping threads took: 0.0670805 seconds
[2022-06-13T02:07:04.122+0000][1][safepoint    ] Application time: 0.0102584 seconds
[2022-06-13T02:07:04.122+0000][1][safepoint    ] Entering safepoint region: Deoptimize
[2022-06-13T02:07:04.123+0000][1][safepoint    ] Leaving safepoint region
[2022-06-13T02:07:04.123+0000][1][safepoint    ] Total time for which application threads were stopped: 0.0009212 seconds, Stopping threads took: 0.0004686 seconds
[2022-06-13T02:07:04.173+0000][1][safepoint    ] Application time: 0.0494272 seconds
[2022-06-13T02:07:04.174+0000][1][safepoint    ] Entering safepoint region: RevokeBias
[2022-06-13T02:07:04.174+0000][1][safepoint    ] Leaving safepoint region
[2022-06-13T02:07:04.174+0000][1][safepoint    ] Total time for which application threads were stopped: 0.0007328 seconds, Stopping threads took: 0.0003343 seconds
[2022-06-13T02:07:04.191+0000][1][safepoint    ] Application time: 0.0164010 seconds
[2022-06-13T02:07:04.192+0000][1][safepoint    ] Entering safepoint region: Deoptimize
[2022-06-13T02:07:04.192+0000][1][safepoint    ] Leaving safepoint region
[2022-06-13T02:07:04.193+0000][1][safepoint    ] Total time for which application threads were stopped: 0.0009655 seconds, Stopping threads took: 0.0005292 seconds
[2022-06-13T02:07:04.353+0000][1][safepoint    ] Application time: 0.1604292 seconds
[2022-06-13T02:07:04.354+0000][1][safepoint    ] Entering safepoint region: Deoptimize
[2022-06-13T02:07:04.354+0000][1][safepoint    ] Leaving safepoint region
[2022-06-13T02:07:04.355+0000][1][safepoint    ] Total time for which application threads were stopped: 0.0008926 seconds, Stopping threads took: 0.0004612 seconds
[2022-06-13T02:07:04.370+0000][1][safepoint    ] Application time: 0.0151683 seconds
[2022-06-13T02:07:04.371+0000][1][safepoint    ] Entering safepoint region: Deoptimize
[2022-06-13T02:07:04.371+0000][1][safepoint    ] Leaving safepoint region
[2022-06-13T02:07:04.372+0000][1][safepoint    ] Total time for which application threads were stopped: 0.0009493 seconds, Stopping threads took: 0.0004303 seconds
[2022-06-13T02:07:04.386+0000][1][safepoint    ] Application time: 0.0139612 seconds
[2022-06-13T02:07:04.387+0000][1][safepoint    ] Entering safepoint region: Deoptimize
[2022-06-13T02:07:04.387+0000][1][safepoint    ] Leaving safepoint region
[2022-06-13T02:07:04.387+0000][1][safepoint    ] Total time for which application threads were stopped: 0.0006962 seconds, Stopping threads took: 0.0003160 seconds
[2022-06-13T02:07:04.395+0000][1][safepoint    ] Application time: 0.0068372 seconds
[2022-06-13T02:07:04.395+0000][1][safepoint    ] Entering safepoint region: Deoptimize
[2022-06-13T02:07:04.395+0000][1][safepoint    ] Leaving safepoint region
[2022-06-13T02:07:04.396+0000][1][safepoint    ] Total time for which application threads were stopped: 0.0008111 seconds, Stopping threads took: 0.0003968 seconds
[2022-06-13T02:07:04.605+0000][1][safepoint    ] Application time: 0.2084944 seconds
[2022-06-13T02:07:04.605+0000][1][safepoint    ] Entering safepoint region: Deoptimize
[2022-06-13T02:07:04.606+0000][1][safepoint    ] Leaving safepoint region
[2022-06-13T02:07:04.606+0000][1][safepoint    ] Total time for which application threads were stopped: 0.0009866 seconds, Stopping threads took: 0.0003492 seconds
[2022-06-13T02:07:04.740+0000][1][safepoint    ] Application time: 0.1336356 seconds
[2022-06-13T02:07:04.741+0000][1][safepoint    ] Entering safepoint region: RevokeBias
[2022-06-13T02:07:04.741+0000][1][safepoint    ] Leaving safepoint region
[2022-06-13T02:07:04.741+0000][1][safepoint    ] Total time for which application threads were stopped: 0.0005580 seconds, Stopping threads took: 0.0001992 seconds
[2022-06-13T02:07:04.800+0000][1][safepoint    ] Application time: 0.0587373 seconds
[2022-06-13T02:07:04.800+0000][1][safepoint    ] Entering safepoint region: Deoptimize
[2022-06-13T02:07:04.801+0000][1][safepoint    ] Leaving safepoint region
[2022-06-13T02:07:04.801+0000][1][safepoint    ] Total time for which application threads were stopped: 0.0006068 seconds, Stopping threads took: 0.0002259 seconds
[2022-06-13T02:07:04.863+0000][1][safepoint    ] Application time: 0.0618539 seconds
[2022-06-13T02:07:04.863+0000][1][safepoint    ] Entering safepoint region: Deoptimize
[2022-06-13T02:07:04.864+0000][1][safepoint    ] Leaving safepoint region
[2022-06-13T02:07:04.864+0000][1][safepoint    ] Total time for which application threads were stopped: 0.0005169 seconds, Stopping threads took: 0.0001194 seconds
[2022-06-13T02:07:04.864+0000][1][safepoint    ] Application time: 0.0001298 seconds
[2022-06-13T02:07:04.864+0000][1][safepoint    ] Entering safepoint region: Deoptimize
[2022-06-13T02:07:04.864+0000][1][safepoint    ] Leaving safepoint region
[2022-06-13T02:07:04.865+0000][1][safepoint    ] Total time for which application threads were stopped: 0.0003341 seconds, Stopping threads took: 0.0001088 seconds
[2022-06-13T02:07:04.877+0000][1][safepoint    ] Application time: 0.0126827 seconds
[2022-06-13T02:07:04.878+0000][1][safepoint    ] Entering safepoint region: Deoptimize
[2022-06-13T02:07:04.878+0000][1][safepoint    ] Leaving safepoint region
[2022-06-13T02:07:04.878+0000][1][safepoint    ] Total time for which application threads were stopped: 0.0006607 seconds, Stopping threads took: 0.0001765 seconds
[2022-06-13T02:07:04.886+0000][1][safepoint    ] Application time: 0.0076478 seconds
[2022-06-13T02:07:04.887+0000][1][safepoint    ] Entering safepoint region: Deoptimize
[2022-06-13T02:07:04.887+0000][1][safepoint    ] Leaving safepoint region
[2022-06-13T02:07:04.888+0000][1][safepoint    ] Total time for which application threads were stopped: 0.0010786 seconds, Stopping threads took: 0.0004291 seconds
[2022-06-13T02:07:04.893+0000][1][safepoint    ] Application time: 0.0046078 seconds
[2022-06-13T02:07:04.893+0000][1][safepoint    ] Entering safepoint region: RevokeBias
[2022-06-13T02:07:04.893+0000][1][safepoint    ] Leaving safepoint region
[2022-06-13T02:07:04.894+0000][1][safepoint    ] Total time for which application threads were stopped: 0.0007440 seconds, Stopping threads took: 0.0003635 seconds
[2022-06-13T02:07:04.894+0000][1][safepoint    ] Application time: 0.0003409 seconds
[2022-06-13T02:07:04.895+0000][1][safepoint    ] Entering safepoint region: RevokeBias
[2022-06-13T02:07:04.895+0000][1][safepoint    ] Leaving safepoint region
[2022-06-13T02:07:04.895+0000][1][safepoint    ] Total time for which application threads were stopped: 0.0006312 seconds, Stopping threads took: 0.0003764 seconds
[2022-06-13T02:07:04.896+0000][1][safepoint    ] Application time: 0.0000968 seconds
[2022-06-13T02:07:04.896+0000][1][safepoint    ] Entering safepoint region: RevokeBias
[2022-06-13T02:07:04.896+0000][1][safepoint    ] Leaving safepoint region
[2022-06-13T02:07:04.896+0000][1][safepoint    ] Total time for which application threads were stopped: 0.0006829 seconds, Stopping threads took: 0.0002721 seconds
[2022-06-13T02:07:04.897+0000][1][safepoint    ] Application time: 0.0001284 seconds
[2022-06-13T02:07:04.897+0000][1][safepoint    ] Entering safepoint region: RevokeBias
[2022-06-13T02:07:04.897+0000][1][safepoint    ] Leaving safepoint region
[2022-06-13T02:07:04.898+0000][1][safepoint    ] Total time for which application threads were stopped: 0.0007104 seconds, Stopping threads took: 0.0002869 seconds
[2022-06-13T02:07:04.898+0000][1][safepoint    ] Application time: 0.0002840 seconds
[2022-06-13T02:07:04.899+0000][1][safepoint    ] Entering safepoint region: RevokeBias
[2022-06-13T02:07:04.899+0000][1][safepoint    ] Leaving safepoint region
[2022-06-13T02:07:04.899+0000][1][safepoint    ] Total time for which application threads were stopped: 0.0007519 seconds, Stopping threads took: 0.0002860 seconds
[2022-06-13T02:07:04.904+0000][1][safepoint    ] Application time: 0.0041202 seconds
[2022-06-13T02:07:04.904+0000][1][safepoint    ] Entering safepoint region: Deoptimize
[2022-06-13T02:07:04.904+0000][1][safepoint    ] Leaving safepoint region
[2022-06-13T02:07:04.905+0000][1][safepoint    ] Total time for which application threads were stopped: 0.0006124 seconds, Stopping threads took: 0.0002296 seconds
[2022-06-13T02:07:04.958+0000][1][safepoint    ] Application time: 0.0527958 seconds
[2022-06-13T02:07:04.958+0000][1][safepoint    ] Entering safepoint region: GenCollectForAllocation
[2022-06-13T02:07:04.958+0000][1][gc,start     ] GC(0) Pause Young (Allocation Failure)
[2022-06-13T02:07:04.959+0000][1][gc,task      ] GC(0) Using 5 workers of 13 for evacuation
[2022-06-13T02:07:04.965+0000][1][gc,age       ] GC(0) Desired survivor size 4456448 bytes, new threshold 1 (max threshold 6)
[2022-06-13T02:07:04.965+0000][1][gc,age       ] GC(0) Age table with threshold 1 (max threshold 6)
[2022-06-13T02:07:04.966+0000][1][gc,age       ] GC(0) - age   1:    8108728 bytes,    8108728 total
[2022-06-13T02:07:04.966+0000][1][gc,heap      ] GC(0) ParNew: 69952K->8027K(78656K)
[2022-06-13T02:07:04.966+0000][1][gc,heap      ] GC(0) CMS: 0K->0K(174784K)
[2022-06-13T02:07:04.967+0000][1][gc,metaspace ] GC(0) Metaspace: 12264K->12264K(1060864K)
[2022-06-13T02:07:04.967+0000][1][gc           ] GC(0) Pause Young (Allocation Failure) 68M->7M(247M) 8.868ms
[2022-06-13T02:07:04.968+0000][1][gc,cpu       ] GC(0) User=0.05s Sys=0.02s Real=0.01s
[2022-06-13T02:07:04.968+0000][1][safepoint    ] Leaving safepoint region
[2022-06-13T02:07:04.968+0000][1][safepoint    ] Total time for which application threads were stopped: 0.0097976 seconds, Stopping threads took: 0.0002003 seconds
[2022-06-13T02:07:04.968+0000][1][safepoint    ] Application time: 0.0003670 seconds
[2022-06-13T02:07:04.969+0000][1][safepoint    ] Entering safepoint region: RevokeBias
[2022-06-13T02:07:04.969+0000][1][safepoint    ] Leaving safepoint region
[2022-06-13T02:07:04.970+0000][1][safepoint    ] Total time for which application threads were stopped: 0.0010089 seconds, Stopping threads took: 0.0005875 seconds
[2022-06-13T02:07:04.970+0000][1][safepoint    ] Application time: 0.0001665 seconds
[2022-06-13T02:07:04.971+0000][1][safepoint    ] Entering safepoint region: RevokeBias
[2022-06-13T02:07:04.971+0000][1][safepoint    ] Leaving safepoint region
[2022-06-13T02:07:04.971+0000][1][safepoint    ] Total time for which application threads were stopped: 0.0005032 seconds, Stopping threads took: 0.0001457 seconds
[2022-06-13T02:07:04.972+0000][1][safepoint    ] Application time: 0.0001901 seconds
[2022-06-13T02:07:04.972+0000][1][safepoint    ] Entering safepoint region: RevokeBias
[2022-06-13T02:07:04.972+0000][1][safepoint    ] Leaving safepoint region
[2022-06-13T02:07:04.972+0000][1][safepoint    ] Total time for which application threads were stopped: 0.0005381 seconds, Stopping threads took: 0.0003668 seconds
[2022-06-13T02:07:04.973+0000][1][safepoint    ] Application time: 0.0001938 seconds
[2022-06-13T02:07:04.973+0000][1][safepoint    ] Entering safepoint region: RevokeBias
[2022-06-13T02:07:04.973+0000][1][safepoint    ] Leaving safepoint region
[2022-06-13T02:07:04.973+0000][1][safepoint    ] Total time for which application threads were stopped: 0.0005646 seconds, Stopping threads took: 0.0003715 seconds
[2022-06-13T02:07:04.974+0000][1][safepoint    ] Application time: 0.0002307 seconds
[2022-06-13T02:07:04.974+0000][1][safepoint    ] Entering safepoint region: RevokeBias
[2022-06-13T02:07:04.974+0000][1][safepoint    ] Leaving safepoint region
[2022-06-13T02:07:04.975+0000][1][safepoint    ] Total time for which application threads were stopped: 0.0007016 seconds, Stopping threads took: 0.0004455 seconds
[2022-06-13T02:07:04.975+0000][1][safepoint    ] Application time: 0.0001976 seconds
[2022-06-13T02:07:04.975+0000][1][safepoint    ] Entering safepoint region: RevokeBias
[2022-06-13T02:07:04.976+0000][1][safepoint    ] Leaving safepoint region
[2022-06-13T02:07:04.976+0000][1][safepoint    ] Total time for which application threads were stopped: 0.0009127 seconds, Stopping threads took: 0.0005538 seconds
[2022-06-13T02:07:04.977+0000][1][safepoint    ] Application time: 0.0001952 seconds
[2022-06-13T02:07:04.977+0000][1][safepoint    ] Entering safepoint region: RevokeBias
[2022-06-13T02:07:04.977+0000][1][safepoint    ] Leaving safepoint region
[2022-06-13T02:07:04.978+0000][1][safepoint    ] Total time for which application threads were stopped: 0.0005144 seconds, Stopping threads took: 0.0002539 seconds
[2022-06-13T02:07:04.978+0000][1][safepoint    ] Application time: 0.0002447 seconds
[2022-06-13T02:07:04.978+0000][1][safepoint    ] Entering safepoint region: RevokeBias
[2022-06-13T02:07:04.979+0000][1][safepoint    ] Leaving safepoint region
[2022-06-13T02:07:04.979+0000][1][safepoint    ] Total time for which application threads were stopped: 0.0005881 seconds, Stopping threads took: 0.0003004 seconds
[2022-06-13T02:07:04.979+0000][1][safepoint    ] Application time: 0.0001460 seconds
[2022-06-13T02:07:04.980+0000][1][safepoint    ] Entering safepoint region: RevokeBias
[2022-06-13T02:07:04.980+0000][1][safepoint    ] Leaving safepoint region
[2022-06-13T02:07:04.981+0000][1][safepoint    ] Total time for which application threads were stopped: 0.0007534 seconds, Stopping threads took: 0.0004594 seconds
[2022-06-13T02:07:04.981+0000][1][safepoint    ] Application time: 0.0001798 seconds
[2022-06-13T02:07:04.981+0000][1][safepoint    ] Entering safepoint region: RevokeBias
[2022-06-13T02:07:04.981+0000][1][safepoint    ] Leaving safepoint region
[2022-06-13T02:07:04.982+0000][1][safepoint    ] Total time for which application threads were stopped: 0.0004375 seconds, Stopping threads took: 0.0001780 seconds
[2022-06-13T02:07:04.982+0000][1][safepoint    ] Application time: 0.0001716 seconds
[2022-06-13T02:07:04.982+0000][1][safepoint    ] Entering safepoint region: RevokeBias
[2022-06-13T02:07:04.982+0000][1][safepoint    ] Leaving safepoint region
[2022-06-13T02:07:04.983+0000][1][safepoint    ] Total time for which application threads were stopped: 0.0006725 seconds, Stopping threads took: 0.0003192 seconds
[2022-06-13T02:07:04.983+0000][1][safepoint    ] Application time: 0.0001053 seconds
[2022-06-13T02:07:04.983+0000][1][safepoint    ] Entering safepoint region: RevokeBias
[2022-06-13T02:07:04.983+0000][1][safepoint    ] Leaving safepoint region
[2022-06-13T02:07:04.984+0000][1][safepoint    ] Total time for which application threads were stopped: 0.0003115 seconds, Stopping threads took: 0.0001749 seconds
[2022-06-13T02:07:04.984+0000][1][safepoint    ] Application time: 0.0000924 seconds
[2022-06-13T02:07:04.984+0000][1][safepoint    ] Entering safepoint region: RevokeBias
[2022-06-13T02:07:04.984+0000][1][safepoint    ] Leaving safepoint region
[2022-06-13T02:07:04.984+0000][1][safepoint    ] Total time for which application threads were stopped: 0.0004731 seconds, Stopping threads took: 0.0001837 seconds
[2022-06-13T02:07:04.985+0000][1][safepoint    ] Application time: 0.0001987 seconds
[2022-06-13T02:07:04.985+0000][1][safepoint    ] Entering safepoint region: RevokeBias
[2022-06-13T02:07:04.986+0000][1][safepoint    ] Leaving safepoint region
[2022-06-13T02:07:04.986+0000][1][safepoint    ] Total time for which application threads were stopped: 0.0008905 seconds, Stopping threads took: 0.0004622 seconds
[2022-06-13T02:07:04.987+0000][1][safepoint    ] Application time: 0.0001272 seconds
[2022-06-13T02:07:04.987+0000][1][safepoint    ] Entering safepoint region: RevokeBias
[2022-06-13T02:07:04.987+0000][1][safepoint    ] Leaving safepoint region
[2022-06-13T02:07:04.988+0000][1][safepoint    ] Total time for which application threads were stopped: 0.0008991 seconds, Stopping threads took: 0.0004118 seconds
[2022-06-13T02:07:04.989+0000][1][safepoint    ] Application time: 0.0002707 seconds
[2022-06-13T02:07:04.989+0000][1][safepoint    ] Entering safepoint region: RevokeBias
[2022-06-13T02:07:04.990+0000][1][safepoint    ] Leaving safepoint region
[2022-06-13T02:07:04.990+0000][1][safepoint    ] Total time for which application threads were stopped: 0.0007636 seconds, Stopping threads took: 0.0003858 seconds
[2022-06-13T02:07:04.991+0000][1][safepoint    ] Application time: 0.0002436 seconds
[2022-06-13T02:07:04.991+0000][1][safepoint    ] Entering safepoint region: RevokeBias
[2022-06-13T02:07:04.991+0000][1][safepoint    ] Leaving safepoint region
[2022-06-13T02:07:04.991+0000][1][safepoint    ] Total time for which application threads were stopped: 0.0004019 seconds, Stopping threads took: 0.0002044 seconds
[2022-06-13T02:07:04.992+0000][1][safepoint    ] Application time: 0.0001238 seconds
[2022-06-13T02:07:04.992+0000][1][safepoint    ] Entering safepoint region: RevokeBias
[2022-06-13T02:07:04.992+0000][1][safepoint    ] Leaving safepoint region
[2022-06-13T02:07:04.992+0000][1][safepoint    ] Total time for which application threads were stopped: 0.0002725 seconds, Stopping threads took: 0.0001429 seconds
[2022-06-13T02:07:04.992+0000][1][safepoint    ] Application time: 0.0000834 seconds
[2022-06-13T02:07:04.993+0000][1][safepoint    ] Entering safepoint region: RevokeBias
[2022-06-13T02:07:04.993+0000][1][safepoint    ] Leaving safepoint region
[2022-06-13T02:07:04.993+0000][1][safepoint    ] Total time for which application threads were stopped: 0.0002472 seconds, Stopping threads took: 0.0001095 seconds
[2022-06-13T02:07:04.993+0000][1][safepoint    ] Application time: 0.0000610 seconds
[2022-06-13T02:07:04.993+0000][1][safepoint    ] Entering safepoint region: RevokeBias
[2022-06-13T02:07:04.993+0000][1][safepoint    ] Leaving safepoint region
[2022-06-13T02:07:04.993+0000][1][safepoint    ] Total time for which application threads were stopped: 0.0002988 seconds, Stopping threads took: 0.0001708 seconds
[2022-06-13T02:07:04.994+0000][1][safepoint    ] Application time: 0.0001642 seconds
[2022-06-13T02:07:04.994+0000][1][safepoint    ] Entering safepoint region: RevokeBias
[2022-06-13T02:07:04.994+0000][1][safepoint    ] Leaving safepoint region
[2022-06-13T02:07:04.994+0000][1][safepoint    ] Total time for which application threads were stopped: 0.0003038 seconds, Stopping threads took: 0.0001735 seconds
[2022-06-13T02:07:04.994+0000][1][safepoint    ] Application time: 0.0000924 seconds
[2022-06-13T02:07:04.994+0000][1][safepoint    ] Entering safepoint region: RevokeBias
[2022-06-13T02:07:04.995+0000][1][safepoint    ] Leaving safepoint region
[2022-06-13T02:07:04.995+0000][1][safepoint    ] Total time for which application threads were stopped: 0.0003229 seconds, Stopping threads took: 0.0001898 seconds
[2022-06-13T02:07:04.995+0000][1][safepoint    ] Application time: 0.0002917 seconds
[2022-06-13T02:07:04.995+0000][1][safepoint    ] Entering safepoint region: RevokeBias
[2022-06-13T02:07:04.995+0000][1][safepoint    ] Leaving safepoint region
[2022-06-13T02:07:04.996+0000][1][safepoint    ] Total time for which application threads were stopped: 0.0003276 seconds, Stopping threads took: 0.0001825 seconds
[2022-06-13T02:07:04.996+0000][1][safepoint    ] Application time: 0.0000793 seconds
[2022-06-13T02:07:04.996+0000][1][safepoint    ] Entering safepoint region: RevokeBias
[2022-06-13T02:07:04.996+0000][1][safepoint    ] Leaving safepoint region
[2022-06-13T02:07:04.996+0000][1][safepoint    ] Total time for which application threads were stopped: 0.0002600 seconds, Stopping threads took: 0.0001179 seconds
[2022-06-13T02:07:04.996+0000][1][safepoint    ] Application time: 0.0001501 seconds
[2022-06-13T02:07:04.997+0000][1][safepoint    ] Entering safepoint region: RevokeBias
[2022-06-13T02:07:04.997+0000][1][safepoint    ] Leaving safepoint region
[2022-06-13T02:07:04.997+0000][1][safepoint    ] Total time for which application threads were stopped: 0.0002638 seconds, Stopping threads took: 0.0001294 seconds
[2022-06-13T02:07:04.997+0000][1][safepoint    ] Application time: 0.0000675 seconds
[2022-06-13T02:07:04.997+0000][1][safepoint    ] Entering safepoint region: RevokeBias
[2022-06-13T02:07:04.997+0000][1][safepoint    ] Leaving safepoint region
[2022-06-13T02:07:04.997+0000][1][safepoint    ] Total time for which application threads were stopped: 0.0002914 seconds, Stopping threads took: 0.0001593 seconds
[2022-06-13T02:07:05.139+0000][1][safepoint    ] Application time: 0.1413894 seconds
[2022-06-13T02:07:05.139+0000][1][safepoint    ] Entering safepoint region: Deoptimize
[2022-06-13T02:07:05.140+0000][1][safepoint    ] Leaving safepoint region
[2022-06-13T02:07:05.140+0000][1][safepoint    ] Total time for which application threads were stopped: 0.0008873 seconds, Stopping threads took: 0.0002171 seconds
[2022-06-13T02:07:05.221+0000][1][safepoint    ] Application time: 0.0803528 seconds
[2022-06-13T02:07:05.221+0000][1][safepoint    ] Entering safepoint region: RevokeBias
[2022-06-13T02:07:05.221+0000][1][safepoint    ] Leaving safepoint region
[2022-06-13T02:07:05.222+0000][1][safepoint    ] Total time for which application threads were stopped: 0.0006988 seconds, Stopping threads took: 0.0003438 seconds
[2022-06-13T02:07:05.277+0000][1][safepoint    ] Application time: 0.0548868 seconds
[2022-06-13T02:07:05.277+0000][1][safepoint    ] Entering safepoint region: RevokeBias
[2022-06-13T02:07:05.278+0000][1][safepoint    ] Leaving safepoint region
[2022-06-13T02:07:05.278+0000][1][safepoint    ] Total time for which application threads were stopped: 0.0006517 seconds, Stopping threads took: 0.0003648 seconds
[2022-06-13T02:07:05.280+0000][1][safepoint    ] Application time: 0.0015019 seconds
[2022-06-13T02:07:05.280+0000][1][safepoint    ] Entering safepoint region: RevokeBias
[2022-06-13T02:07:05.280+0000][1][safepoint    ] Leaving safepoint region
[2022-06-13T02:07:05.281+0000][1][safepoint    ] Total time for which application threads were stopped: 0.0007590 seconds, Stopping threads took: 0.0003572 seconds
[2022-06-13T02:07:05.292+0000][1][safepoint    ] Application time: 0.0111777 seconds
[2022-06-13T02:07:05.293+0000][1][safepoint    ] Entering safepoint region: GenCollectForAllocation
[2022-06-13T02:07:05.293+0000][1][gc,start     ] GC(1) Pause Young (Allocation Failure)
[2022-06-13T02:07:05.293+0000][1][gc,task      ] GC(1) Using 5 workers of 13 for evacuation
[2022-06-13T02:07:05.304+0000][1][gc,age       ] GC(1) Desired survivor size 4456448 bytes, new threshold 6 (max threshold 6)
[2022-06-13T02:07:05.305+0000][1][gc,age       ] GC(1) Age table with threshold 6 (max threshold 6)
[2022-06-13T02:07:05.305+0000][1][gc,age       ] GC(1) - age   1:    1984536 bytes,    1984536 total
[2022-06-13T02:07:05.306+0000][1][gc,heap      ] GC(1) ParNew: 77979K->5341K(78656K)
[2022-06-13T02:07:05.306+0000][1][gc,heap      ] GC(1) CMS: 0K->6653K(174784K)
[2022-06-13T02:07:05.306+0000][1][gc,metaspace ] GC(1) Metaspace: 14890K->14890K(1062912K)
[2022-06-13T02:07:05.306+0000][1][gc           ] GC(1) Pause Young (Allocation Failure) 76M->11M(247M) 13.490ms
[2022-06-13T02:07:05.307+0000][1][gc,cpu       ] GC(1) User=0.06s Sys=0.00s Real=0.01s
[2022-06-13T02:07:05.307+0000][1][safepoint    ] Leaving safepoint region
[2022-06-13T02:07:05.307+0000][1][safepoint    ] Total time for which application threads were stopped: 0.0145833 seconds, Stopping threads took: 0.0003386 seconds
[2022-06-13T02:07:05.308+0000][1][safepoint    ] Application time: 0.0003423 seconds
[2022-06-13T02:07:05.308+0000][1][safepoint    ] Entering safepoint region: BulkRevokeBias
[2022-06-13T02:07:05.308+0000][1][safepoint    ] Leaving safepoint region
[2022-06-13T02:07:05.309+0000][1][safepoint    ] Total time for which application threads were stopped: 0.0006603 seconds, Stopping threads took: 0.0003495 seconds
[2022-06-13T02:07:05.309+0000][1][safepoint    ] Application time: 0.0001960 seconds
[2022-06-13T02:07:05.309+0000][1][safepoint    ] Entering safepoint region: RevokeBias
[2022-06-13T02:07:05.310+0000][1][safepoint    ] Leaving safepoint region
[2022-06-13T02:07:05.310+0000][1][safepoint    ] Total time for which application threads were stopped: 0.0008452 seconds, Stopping threads took: 0.0005034 seconds
[2022-06-13T02:07:05.310+0000][1][safepoint    ] Application time: 0.0002165 seconds
[2022-06-13T02:07:05.311+0000][1][safepoint    ] Entering safepoint region: RevokeBias
[2022-06-13T02:07:05.311+0000][1][safepoint    ] Leaving safepoint region
[2022-06-13T02:07:05.311+0000][1][safepoint    ] Total time for which application threads were stopped: 0.0004858 seconds, Stopping threads took: 0.0002565 seconds
[2022-06-13T02:07:05.311+0000][1][safepoint    ] Application time: 0.0001049 seconds
[2022-06-13T02:07:05.311+0000][1][safepoint    ] Entering safepoint region: RevokeBias
[2022-06-13T02:07:05.312+0000][1][safepoint    ] Leaving safepoint region
[2022-06-13T02:07:05.312+0000][1][safepoint    ] Total time for which application threads were stopped: 0.0006876 seconds, Stopping threads took: 0.0002294 seconds
[2022-06-13T02:07:05.313+0000][1][safepoint    ] Application time: 0.0002188 seconds
[2022-06-13T02:07:05.313+0000][1][safepoint    ] Entering safepoint region: RevokeBias
[2022-06-13T02:07:05.313+0000][1][safepoint    ] Leaving safepoint region
[2022-06-13T02:07:05.314+0000][1][safepoint    ] Total time for which application threads were stopped: 0.0006180 seconds, Stopping threads took: 0.0003080 seconds
[2022-06-13T02:07:05.314+0000][1][safepoint    ] Application time: 0.0001818 seconds
[2022-06-13T02:07:05.314+0000][1][safepoint    ] Entering safepoint region: RevokeBias
[2022-06-13T02:07:05.315+0000][1][safepoint    ] Leaving safepoint region
[2022-06-13T02:07:05.315+0000][1][safepoint    ] Total time for which application threads were stopped: 0.0005919 seconds, Stopping threads took: 0.0003713 seconds
[2022-06-13T02:07:05.315+0000][1][safepoint    ] Application time: 0.0000843 seconds
[2022-06-13T02:07:05.315+0000][1][safepoint    ] Entering safepoint region: RevokeBias
[2022-06-13T02:07:05.316+0000][1][safepoint    ] Leaving safepoint region
[2022-06-13T02:07:05.316+0000][1][safepoint    ] Total time for which application threads were stopped: 0.0007936 seconds, Stopping threads took: 0.0004136 seconds
[2022-06-13T02:07:05.316+0000][1][safepoint    ] Application time: 0.0001821 seconds
[2022-06-13T02:07:05.317+0000][1][safepoint    ] Entering safepoint region: RevokeBias
[2022-06-13T02:07:05.317+0000][1][safepoint    ] Leaving safepoint region
[2022-06-13T02:07:05.317+0000][1][safepoint    ] Total time for which application threads were stopped: 0.0006692 seconds, Stopping threads took: 0.0004563 seconds
[2022-06-13T02:07:05.318+0000][1][safepoint    ] Application time: 0.0002143 seconds
[2022-06-13T02:07:05.318+0000][1][safepoint    ] Entering safepoint region: RevokeBias
[2022-06-13T02:07:05.318+0000][1][safepoint    ] Leaving safepoint region
[2022-06-13T02:07:05.318+0000][1][safepoint    ] Total time for which application threads were stopped: 0.0004515 seconds, Stopping threads took: 0.0002554 seconds
[2022-06-13T02:07:05.319+0000][1][safepoint    ] Application time: 0.0002005 seconds
[2022-06-13T02:07:05.319+0000][1][safepoint    ] Entering safepoint region: RevokeBias
[2022-06-13T02:07:05.319+0000][1][safepoint    ] Leaving safepoint region
[2022-06-13T02:07:05.319+0000][1][safepoint    ] Total time for which application threads were stopped: 0.0004436 seconds, Stopping threads took: 0.0001981 seconds
[2022-06-13T02:07:05.320+0000][1][safepoint    ] Application time: 0.0000874 seconds
[2022-06-13T02:07:05.320+0000][1][safepoint    ] Entering safepoint region: BulkRevokeBias
[2022-06-13T02:07:05.320+0000][1][safepoint    ] Leaving safepoint region
[2022-06-13T02:07:05.320+0000][1][safepoint    ] Total time for which application threads were stopped: 0.0002834 seconds, Stopping threads took: 0.0000974 seconds
[2022-06-13T02:07:05.320+0000][1][safepoint    ] Application time: 0.0000726 seconds
[2022-06-13T02:07:05.320+0000][1][safepoint    ] Entering safepoint region: RevokeBias
[2022-06-13T02:07:05.321+0000][1][safepoint    ] Leaving safepoint region
[2022-06-13T02:07:05.321+0000][1][safepoint    ] Total time for which application threads were stopped: 0.0004054 seconds, Stopping threads took: 0.0002260 seconds
[2022-06-13T02:07:05.321+0000][1][safepoint    ] Application time: 0.0000811 seconds
[2022-06-13T02:07:05.321+0000][1][safepoint    ] Entering safepoint region: BulkRevokeBias
[2022-06-13T02:07:05.321+0000][1][safepoint    ] Leaving safepoint region
[2022-06-13T02:07:05.322+0000][1][safepoint    ] Total time for which application threads were stopped: 0.0006228 seconds, Stopping threads took: 0.0003878 seconds
[2022-06-13T02:07:05.387+0000][1][safepoint    ] Application time: 0.0654747 seconds
[2022-06-13T02:07:05.388+0000][1][safepoint    ] Entering safepoint region: GenCollectForAllocation
[2022-06-13T02:07:05.388+0000][1][gc,start     ] GC(2) Pause Young (Allocation Failure)
[2022-06-13T02:07:05.388+0000][1][gc,task      ] GC(2) Using 5 workers of 13 for evacuation
[2022-06-13T02:07:05.391+0000][1][gc,age       ] GC(2) Desired survivor size 4456448 bytes, new threshold 6 (max threshold 6)
[2022-06-13T02:07:05.391+0000][1][gc,age       ] GC(2) Age table with threshold 6 (max threshold 6)
[2022-06-13T02:07:05.391+0000][1][gc,age       ] GC(2) - age   1:    2592480 bytes,    2592480 total
[2022-06-13T02:07:05.392+0000][1][gc,age       ] GC(2) - age   2:    1184824 bytes,    3777304 total
[2022-06-13T02:07:05.392+0000][1][gc,heap      ] GC(2) ParNew: 75293K->4367K(78656K)
[2022-06-13T02:07:05.392+0000][1][gc,heap      ] GC(2) CMS: 6653K->6653K(174784K)
[2022-06-13T02:07:05.392+0000][1][gc,metaspace ] GC(2) Metaspace: 15029K->15029K(1062912K)
[2022-06-13T02:07:05.392+0000][1][gc           ] GC(2) Pause Young (Allocation Failure) 80M->10M(247M) 4.048ms
[2022-06-13T02:07:05.392+0000][1][gc,cpu       ] GC(2) User=0.03s Sys=0.00s Real=0.01s
[2022-06-13T02:07:05.392+0000][1][safepoint    ] Leaving safepoint region
[2022-06-13T02:07:05.392+0000][1][safepoint    ] Total time for which application threads were stopped: 0.0046874 seconds, Stopping threads took: 0.0002717 seconds
[2022-06-13T02:07:05.393+0000][1][safepoint    ] Application time: 0.0001817 seconds
[2022-06-13T02:07:05.393+0000][1][safepoint    ] Entering safepoint region: RevokeBias
[2022-06-13T02:07:05.393+0000][1][safepoint    ] Leaving safepoint region
[2022-06-13T02:07:05.393+0000][1][safepoint    ] Total time for which application threads were stopped: 0.0003417 seconds, Stopping threads took: 0.0001291 seconds
[2022-06-13T02:07:05.393+0000][1][safepoint    ] Application time: 0.0001240 seconds
[2022-06-13T02:07:05.394+0000][1][safepoint    ] Entering safepoint region: RevokeBias
[2022-06-13T02:07:05.394+0000][1][safepoint    ] Leaving safepoint region
[2022-06-13T02:07:05.394+0000][1][safepoint    ] Total time for which application threads were stopped: 0.0003936 seconds, Stopping threads took: 0.0001329 seconds
[2022-06-13T02:07:05.394+0000][1][safepoint    ] Application time: 0.0001041 seconds
[2022-06-13T02:07:05.394+0000][1][safepoint    ] Entering safepoint region: RevokeBias
[2022-06-13T02:07:05.394+0000][1][safepoint    ] Leaving safepoint region
[2022-06-13T02:07:05.395+0000][1][safepoint    ] Total time for which application threads were stopped: 0.0003262 seconds, Stopping threads took: 0.0001535 seconds
[2022-06-13T02:07:05.395+0000][1][safepoint    ] Application time: 0.0000898 seconds
[2022-06-13T02:07:05.395+0000][1][safepoint    ] Entering safepoint region: RevokeBias
[2022-06-13T02:07:05.395+0000][1][safepoint    ] Leaving safepoint region
[2022-06-13T02:07:05.395+0000][1][safepoint    ] Total time for which application threads were stopped: 0.0003613 seconds, Stopping threads took: 0.0001331 seconds
[2022-06-13T02:07:05.396+0000][1][safepoint    ] Application time: 0.0000862 seconds
[2022-06-13T02:07:05.396+0000][1][safepoint    ] Entering safepoint region: RevokeBias
[2022-06-13T02:07:05.396+0000][1][safepoint    ] Leaving safepoint region
[2022-06-13T02:07:05.396+0000][1][safepoint    ] Total time for which application threads were stopped: 0.0004557 seconds, Stopping threads took: 0.0002085 seconds
[2022-06-13T02:07:05.397+0000][1][safepoint    ] Application time: 0.0000784 seconds
[2022-06-13T02:07:05.397+0000][1][safepoint    ] Entering safepoint region: RevokeBias
[2022-06-13T02:07:05.397+0000][1][safepoint    ] Leaving safepoint region
[2022-06-13T02:07:05.397+0000][1][safepoint    ] Total time for which application threads were stopped: 0.0003039 seconds, Stopping threads took: 0.0001307 seconds
[2022-06-13T02:07:05.470+0000][1][safepoint    ] Application time: 0.0725304 seconds
[2022-06-13T02:07:05.470+0000][1][safepoint    ] Entering safepoint region: Deoptimize
[2022-06-13T02:07:05.470+0000][1][safepoint    ] Leaving safepoint region
[2022-06-13T02:07:05.471+0000][1][safepoint    ] Total time for which application threads were stopped: 0.0006884 seconds, Stopping threads took: 0.0001084 seconds
[2022-06-13T02:07:05.471+0000][1][safepoint    ] Application time: 0.0004648 seconds
[2022-06-13T02:07:05.472+0000][1][safepoint    ] Entering safepoint region: Deoptimize
[2022-06-13T02:07:05.472+0000][1][safepoint    ] Leaving safepoint region
[2022-06-13T02:07:05.472+0000][1][safepoint    ] Total time for which application threads were stopped: 0.0007958 seconds, Stopping threads took: 0.0001682 seconds
[2022-06-13T02:07:05.569+0000][1][safepoint    ] Application time: 0.0967457 seconds
[2022-06-13T02:07:05.570+0000][1][safepoint    ] Entering safepoint region: GenCollectForAllocation
[2022-06-13T02:07:05.570+0000][1][gc,start     ] GC(3) Pause Young (Allocation Failure)
[2022-06-13T02:07:05.570+0000][1][gc,task      ] GC(3) Using 5 workers of 13 for evacuation
[2022-06-13T02:07:05.572+0000][1][gc,age       ] GC(3) Desired survivor size 4456448 bytes, new threshold 3 (max threshold 6)
[2022-06-13T02:07:05.572+0000][1][gc,age       ] GC(3) Age table with threshold 3 (max threshold 6)
[2022-06-13T02:07:05.572+0000][1][gc,age       ] GC(3) - age   1:    3232944 bytes,    3232944 total
[2022-06-13T02:07:05.572+0000][1][gc,age       ] GC(3) - age   2:     294168 bytes,    3527112 total
[2022-06-13T02:07:05.572+0000][1][gc,age       ] GC(3) - age   3:    1181832 bytes,    4708944 total
[2022-06-13T02:07:05.572+0000][1][gc,heap      ] GC(3) ParNew: 74319K->6449K(78656K)
[2022-06-13T02:07:05.572+0000][1][gc,heap      ] GC(3) CMS: 6653K->6653K(174784K)
[2022-06-13T02:07:05.573+0000][1][gc,metaspace ] GC(3) Metaspace: 18269K->18269K(1067008K)
[2022-06-13T02:07:05.573+0000][1][gc           ] GC(3) Pause Young (Allocation Failure) 79M->12M(247M) 2.904ms
[2022-06-13T02:07:05.573+0000][1][gc,cpu       ] GC(3) User=0.00s Sys=0.00s Real=0.00s
[2022-06-13T02:07:05.573+0000][1][safepoint    ] Leaving safepoint region
[2022-06-13T02:07:05.573+0000][1][safepoint    ] Total time for which application threads were stopped: 0.0034373 seconds, Stopping threads took: 0.0001351 seconds
[2022-06-13T02:07:05.573+0000][1][safepoint    ] Application time: 0.0002458 seconds
[2022-06-13T02:07:05.574+0000][1][safepoint    ] Entering safepoint region: RevokeBias
[2022-06-13T02:07:05.574+0000][1][safepoint    ] Leaving safepoint region
[2022-06-13T02:07:05.574+0000][1][safepoint    ] Total time for which application threads were stopped: 0.0003903 seconds, Stopping threads took: 0.0002104 seconds
[2022-06-13T02:07:05.574+0000][1][safepoint    ] Application time: 0.0000979 seconds
[2022-06-13T02:07:05.574+0000][1][safepoint    ] Entering safepoint region: RevokeBias
[2022-06-13T02:07:05.575+0000][1][safepoint    ] Leaving safepoint region
[2022-06-13T02:07:05.575+0000][1][safepoint    ] Total time for which application threads were stopped: 0.0004296 seconds, Stopping threads took: 0.0002905 seconds
[2022-06-13T02:07:05.575+0000][1][safepoint    ] Application time: 0.0000921 seconds
[2022-06-13T02:07:05.575+0000][1][safepoint    ] Entering safepoint region: RevokeBias
[2022-06-13T02:07:05.575+0000][1][safepoint    ] Leaving safepoint region
[2022-06-13T02:07:05.575+0000][1][safepoint    ] Total time for which application threads were stopped: 0.0003214 seconds, Stopping threads took: 0.0001828 seconds
[2022-06-13T02:07:05.575+0000][1][safepoint    ] Application time: 0.0000722 seconds
[2022-06-13T02:07:05.576+0000][1][safepoint    ] Entering safepoint region: RevokeBias
[2022-06-13T02:07:05.576+0000][1][safepoint    ] Leaving safepoint region
[2022-06-13T02:07:05.576+0000][1][safepoint    ] Total time for which application threads were stopped: 0.0006758 seconds, Stopping threads took: 0.0005467 seconds
[2022-06-13T02:07:05.576+0000][1][safepoint    ] Application time: 0.0000822 seconds
[2022-06-13T02:07:05.577+0000][1][safepoint    ] Entering safepoint region: RevokeBias
[2022-06-13T02:07:05.577+0000][1][safepoint    ] Leaving safepoint region
[2022-06-13T02:07:05.577+0000][1][safepoint    ] Total time for which application threads were stopped: 0.0002753 seconds, Stopping threads took: 0.0001265 seconds
[2022-06-13T02:07:05.577+0000][1][safepoint    ] Application time: 0.0000641 seconds
[2022-06-13T02:07:05.577+0000][1][safepoint    ] Entering safepoint region: RevokeBias
[2022-06-13T02:07:05.577+0000][1][safepoint    ] Leaving safepoint region
[2022-06-13T02:07:05.577+0000][1][safepoint    ] Total time for which application threads were stopped: 0.0002226 seconds, Stopping threads took: 0.0000951 seconds
[2022-06-13T02:07:05.577+0000][1][safepoint    ] Application time: 0.0000615 seconds
[2022-06-13T02:07:05.578+0000][1][safepoint    ] Entering safepoint region: RevokeBias
[2022-06-13T02:07:05.578+0000][1][safepoint    ] Leaving safepoint region
[2022-06-13T02:07:05.578+0000][1][safepoint    ] Total time for which application threads were stopped: 0.0004057 seconds, Stopping threads took: 0.0002777 seconds
[2022-06-13T02:07:05.578+0000][1][safepoint    ] Application time: 0.0000710 seconds
[2022-06-13T02:07:05.578+0000][1][safepoint    ] Entering safepoint region: RevokeBias
[2022-06-13T02:07:05.578+0000][1][safepoint    ] Leaving safepoint region
[2022-06-13T02:07:05.579+0000][1][safepoint    ] Total time for which application threads were stopped: 0.0002255 seconds, Stopping threads took: 0.0001030 seconds
[2022-06-13T02:07:05.579+0000][1][safepoint    ] Application time: 0.0000677 seconds
[2022-06-13T02:07:05.579+0000][1][safepoint    ] Entering safepoint region: RevokeBias
[2022-06-13T02:07:05.579+0000][1][safepoint    ] Leaving safepoint region
[2022-06-13T02:07:05.579+0000][1][safepoint    ] Total time for which application threads were stopped: 0.0004325 seconds, Stopping threads took: 0.0002492 seconds
[2022-06-13T02:07:05.580+0000][1][safepoint    ] Application time: 0.0000663 seconds
[2022-06-13T02:07:05.580+0000][1][safepoint    ] Entering safepoint region: RevokeBias
[2022-06-13T02:07:05.580+0000][1][safepoint    ] Leaving safepoint region
[2022-06-13T02:07:05.581+0000][1][safepoint    ] Total time for which application threads were stopped: 0.0008234 seconds, Stopping threads took: 0.0004961 seconds
[2022-06-13T02:07:05.581+0000][1][safepoint    ] Application time: 0.0000807 seconds
[2022-06-13T02:07:05.581+0000][1][safepoint    ] Entering safepoint region: RevokeBias
[2022-06-13T02:07:05.582+0000][1][safepoint    ] Leaving safepoint region
[2022-06-13T02:07:05.582+0000][1][safepoint    ] Total time for which application threads were stopped: 0.0006486 seconds, Stopping threads took: 0.0003197 seconds
[2022-06-13T02:07:05.582+0000][1][safepoint    ] Application time: 0.0000812 seconds
[2022-06-13T02:07:05.583+0000][1][safepoint    ] Entering safepoint region: RevokeBias
[2022-06-13T02:07:05.583+0000][1][safepoint    ] Leaving safepoint region
[2022-06-13T02:07:05.583+0000][1][safepoint    ] Total time for which application threads were stopped: 0.0005979 seconds, Stopping threads took: 0.0003380 seconds
[2022-06-13T02:07:05.584+0000][1][safepoint    ] Application time: 0.0000824 seconds
[2022-06-13T02:07:05.584+0000][1][safepoint    ] Entering safepoint region: RevokeBias
[2022-06-13T02:07:05.584+0000][1][safepoint    ] Leaving safepoint region
[2022-06-13T02:07:05.584+0000][1][safepoint    ] Total time for which application threads were stopped: 0.0004572 seconds, Stopping threads took: 0.0002132 seconds
[2022-06-13T02:07:05.585+0000][1][safepoint    ] Application time: 0.0000923 seconds
[2022-06-13T02:07:05.585+0000][1][safepoint    ] Entering safepoint region: RevokeBias
[2022-06-13T02:07:05.585+0000][1][safepoint    ] Leaving safepoint region
[2022-06-13T02:07:05.586+0000][1][safepoint    ] Total time for which application threads were stopped: 0.0005322 seconds, Stopping threads took: 0.0001981 seconds
[2022-06-13T02:07:05.586+0000][1][safepoint    ] Application time: 0.0001546 seconds
[2022-06-13T02:07:05.586+0000][1][safepoint    ] Entering safepoint region: RevokeBias
[2022-06-13T02:07:05.586+0000][1][safepoint    ] Leaving safepoint region
[2022-06-13T02:07:05.587+0000][1][safepoint    ] Total time for which application threads were stopped: 0.0005683 seconds, Stopping threads took: 0.0002842 seconds
[2022-06-13T02:07:05.587+0000][1][safepoint    ] Application time: 0.0000788 seconds
[2022-06-13T02:07:05.587+0000][1][safepoint    ] Entering safepoint region: RevokeBias
[2022-06-13T02:07:05.587+0000][1][safepoint    ] Leaving safepoint region
[2022-06-13T02:07:05.587+0000][1][safepoint    ] Total time for which application threads were stopped: 0.0002321 seconds, Stopping threads took: 0.0001177 seconds
[2022-06-13T02:07:05.587+0000][1][safepoint    ] Application time: 0.0000809 seconds
[2022-06-13T02:07:05.587+0000][1][safepoint    ] Entering safepoint region: RevokeBias
[2022-06-13T02:07:05.588+0000][1][safepoint    ] Leaving safepoint region
[2022-06-13T02:07:05.588+0000][1][safepoint    ] Total time for which application threads were stopped: 0.0002436 seconds, Stopping threads took: 0.0001054 seconds
[2022-06-13T02:07:05.588+0000][1][safepoint    ] Application time: 0.0000704 seconds
[2022-06-13T02:07:05.588+0000][1][safepoint    ] Entering safepoint region: RevokeBias
[2022-06-13T02:07:05.588+0000][1][safepoint    ] Leaving safepoint region
[2022-06-13T02:07:05.588+0000][1][safepoint    ] Total time for which application threads were stopped: 0.0002472 seconds, Stopping threads took: 0.0001184 seconds
[2022-06-13T02:07:05.588+0000][1][safepoint    ] Application time: 0.0000827 seconds
[2022-06-13T02:07:05.589+0000][1][safepoint    ] Entering safepoint region: RevokeBias
[2022-06-13T02:07:05.589+0000][1][safepoint    ] Leaving safepoint region
[2022-06-13T02:07:05.589+0000][1][safepoint    ] Total time for which application threads were stopped: 0.0002566 seconds, Stopping threads took: 0.0001232 seconds
[2022-06-13T02:07:05.589+0000][1][safepoint    ] Application time: 0.0000804 seconds
[2022-06-13T02:07:05.589+0000][1][safepoint    ] Entering safepoint region: RevokeBias
[2022-06-13T02:07:05.589+0000][1][safepoint    ] Leaving safepoint region
[2022-06-13T02:07:05.589+0000][1][safepoint    ] Total time for which application threads were stopped: 0.0002945 seconds, Stopping threads took: 0.0001808 seconds
[2022-06-13T02:07:05.590+0000][1][safepoint    ] Application time: 0.0000749 seconds
[2022-06-13T02:07:05.590+0000][1][safepoint    ] Entering safepoint region: RevokeBias
[2022-06-13T02:07:05.590+0000][1][safepoint    ] Leaving safepoint region
[2022-06-13T02:07:05.590+0000][1][safepoint    ] Total time for which application threads were stopped: 0.0002200 seconds, Stopping threads took: 0.0001108 seconds
[2022-06-13T02:07:05.661+0000][1][safepoint    ] Application time: 0.0713221 seconds
[2022-06-13T02:07:05.662+0000][1][safepoint    ] Entering safepoint region: GenCollectForAllocation
[2022-06-13T02:07:05.663+0000][1][gc,start     ] GC(4) Pause Young (Allocation Failure)
[2022-06-13T02:07:05.663+0000][1][gc,task      ] GC(4) Using 5 workers of 13 for evacuation
[2022-06-13T02:07:05.666+0000][1][gc,age       ] GC(4) Desired survivor size 4456448 bytes, new threshold 3 (max threshold 6)
[2022-06-13T02:07:05.666+0000][1][gc,age       ] GC(4) Age table with threshold 3 (max threshold 6)
[2022-06-13T02:07:05.667+0000][1][gc,age       ] GC(4) - age   1:    1248912 bytes,    1248912 total
[2022-06-13T02:07:05.667+0000][1][gc,age       ] GC(4) - age   2:    3197976 bytes,    4446888 total
[2022-06-13T02:07:05.668+0000][1][gc,age       ] GC(4) - age   3:     293640 bytes,    4740528 total
[2022-06-13T02:07:05.668+0000][1][gc,heap      ] GC(4) ParNew: 76401K->6798K(78656K)
[2022-06-13T02:07:05.668+0000][1][gc,heap      ] GC(4) CMS: 6653K->7824K(174784K)
[2022-06-13T02:07:05.669+0000][1][gc,metaspace ] GC(4) Metaspace: 18720K->18720K(1067008K)
[2022-06-13T02:07:05.669+0000][1][gc           ] GC(4) Pause Young (Allocation Failure) 81M->14M(247M) 6.824ms
[2022-06-13T02:07:05.670+0000][1][gc,cpu       ] GC(4) User=0.05s Sys=0.00s Real=0.01s
[2022-06-13T02:07:05.670+0000][1][safepoint    ] Leaving safepoint region
[2022-06-13T02:07:05.671+0000][1][safepoint    ] Total time for which application threads were stopped: 0.0086194 seconds, Stopping threads took: 0.0002563 seconds
[2022-06-13T02:07:05.672+0000][1][safepoint    ] Application time: 0.0002929 seconds
[2022-06-13T02:07:05.672+0000][1][safepoint    ] Entering safepoint region: RevokeBias
[2022-06-13T02:07:05.672+0000][1][safepoint    ] Leaving safepoint region
[2022-06-13T02:07:05.673+0000][1][safepoint    ] Total time for which application threads were stopped: 0.0010683 seconds, Stopping threads took: 0.0005655 seconds
[2022-06-13T02:07:05.674+0000][1][safepoint    ] Application time: 0.0002143 seconds
[2022-06-13T02:07:05.674+0000][1][safepoint    ] Entering safepoint region: RevokeBias
[2022-06-13T02:07:05.674+0000][1][safepoint    ] Leaving safepoint region
[2022-06-13T02:07:05.675+0000][1][safepoint    ] Total time for which application threads were stopped: 0.0009312 seconds, Stopping threads took: 0.0004890 seconds
[2022-06-13T02:07:05.676+0000][1][safepoint    ] Application time: 0.0002172 seconds
[2022-06-13T02:07:05.676+0000][1][safepoint    ] Entering safepoint region: RevokeBias
[2022-06-13T02:07:05.676+0000][1][safepoint    ] Leaving safepoint region
[2022-06-13T02:07:05.677+0000][1][safepoint    ] Total time for which application threads were stopped: 0.0007254 seconds, Stopping threads took: 0.0003814 seconds
[2022-06-13T02:07:05.677+0000][1][safepoint    ] Application time: 0.0001130 seconds
[2022-06-13T02:07:05.677+0000][1][safepoint    ] Entering safepoint region: RevokeBias
[2022-06-13T02:07:05.678+0000][1][safepoint    ] Leaving safepoint region
[2022-06-13T02:07:05.678+0000][1][safepoint    ] Total time for which application threads were stopped: 0.0004661 seconds, Stopping threads took: 0.0002425 seconds
[2022-06-13T02:07:05.689+0000][1][safepoint    ] Application time: 0.0111223 seconds
[2022-06-13T02:07:05.689+0000][1][safepoint    ] Entering safepoint region: Deoptimize
[2022-06-13T02:07:05.690+0000][1][safepoint    ] Leaving safepoint region
[2022-06-13T02:07:05.690+0000][1][safepoint    ] Total time for which application threads were stopped: 0.0005326 seconds, Stopping threads took: 0.0001301 seconds
[2022-06-13T02:07:05.713+0000][1][safepoint    ] Application time: 0.0230030 seconds
[2022-06-13T02:07:05.713+0000][1][safepoint    ] Entering safepoint region: Deoptimize
[2022-06-13T02:07:05.714+0000][1][safepoint    ] Leaving safepoint region
[2022-06-13T02:07:05.714+0000][1][safepoint    ] Total time for which application threads were stopped: 0.0005400 seconds, Stopping threads took: 0.0001370 seconds
[2022-06-13T02:07:05.763+0000][1][safepoint    ] Application time: 0.0486525 seconds
[2022-06-13T02:07:05.763+0000][1][safepoint    ] Entering safepoint region: GenCollectForAllocation
[2022-06-13T02:07:05.763+0000][1][gc,start     ] GC(5) Pause Young (Allocation Failure)
[2022-06-13T02:07:05.763+0000][1][gc,task      ] GC(5) Using 5 workers of 13 for evacuation
[2022-06-13T02:07:05.766+0000][1][gc,age       ] GC(5) Desired survivor size 4456448 bytes, new threshold 3 (max threshold 6)
[2022-06-13T02:07:05.766+0000][1][gc,age       ] GC(5) Age table with threshold 3 (max threshold 6)
[2022-06-13T02:07:05.766+0000][1][gc,age       ] GC(5) - age   1:    2184416 bytes,    2184416 total
[2022-06-13T02:07:05.766+0000][1][gc,age       ] GC(5) - age   2:     578448 bytes,    2762864 total
[2022-06-13T02:07:05.766+0000][1][gc,age       ] GC(5) - age   3:    3193752 bytes,    5956616 total
[2022-06-13T02:07:05.767+0000][1][gc,heap      ] GC(5) ParNew: 76750K->8334K(78656K)
[2022-06-13T02:07:05.767+0000][1][gc,heap      ] GC(5) CMS: 7824K->8115K(174784K)
[2022-06-13T02:07:05.767+0000][1][gc,metaspace ] GC(5) Metaspace: 19041K->19041K(1067008K)
[2022-06-13T02:07:05.767+0000][1][gc           ] GC(5) Pause Young (Allocation Failure) 82M->16M(247M) 3.840ms
[2022-06-13T02:07:05.767+0000][1][gc,cpu       ] GC(5) User=0.02s Sys=0.00s Real=0.00s
[2022-06-13T02:07:05.767+0000][1][safepoint    ] Leaving safepoint region
[2022-06-13T02:07:05.767+0000][1][safepoint    ] Total time for which application threads were stopped: 0.0043090 seconds, Stopping threads took: 0.0001309 seconds
[2022-06-13T02:07:05.767+0000][1][safepoint    ] Application time: 0.0001838 seconds
[2022-06-13T02:07:05.768+0000][1][safepoint    ] Entering safepoint region: RevokeBias
[2022-06-13T02:07:05.768+0000][1][safepoint    ] Leaving safepoint region
[2022-06-13T02:07:05.768+0000][1][safepoint    ] Total time for which application threads were stopped: 0.0002557 seconds, Stopping threads took: 0.0001207 seconds
[2022-06-13T02:07:05.768+0000][1][safepoint    ] Application time: 0.0000820 seconds
[2022-06-13T02:07:05.768+0000][1][safepoint    ] Entering safepoint region: RevokeBias
[2022-06-13T02:07:05.768+0000][1][safepoint    ] Leaving safepoint region
[2022-06-13T02:07:05.768+0000][1][safepoint    ] Total time for which application threads were stopped: 0.0002354 seconds, Stopping threads took: 0.0001030 seconds
[2022-06-13T02:07:05.768+0000][1][safepoint    ] Application time: 0.0000840 seconds
[2022-06-13T02:07:05.769+0000][1][safepoint    ] Entering safepoint region: RevokeBias
[2022-06-13T02:07:05.769+0000][1][safepoint    ] Leaving safepoint region
[2022-06-13T02:07:05.769+0000][1][safepoint    ] Total time for which application threads were stopped: 0.0002726 seconds, Stopping threads took: 0.0001273 seconds
[2022-06-13T02:07:05.769+0000][1][safepoint    ] Application time: 0.0000676 seconds
[2022-06-13T02:07:05.769+0000][1][safepoint    ] Entering safepoint region: RevokeBias
[2022-06-13T02:07:05.769+0000][1][safepoint    ] Leaving safepoint region
[2022-06-13T02:07:05.769+0000][1][safepoint    ] Total time for which application threads were stopped: 0.0003088 seconds, Stopping threads took: 0.0001882 seconds
[2022-06-13T02:07:05.770+0000][1][safepoint    ] Application time: 0.0000714 seconds
[2022-06-13T02:07:05.770+0000][1][safepoint    ] Entering safepoint region: RevokeBias
[2022-06-13T02:07:05.770+0000][1][safepoint    ] Leaving safepoint region
[2022-06-13T02:07:05.770+0000][1][safepoint    ] Total time for which application threads were stopped: 0.0003018 seconds, Stopping threads took: 0.0001693 seconds
[2022-06-13T02:07:05.770+0000][1][safepoint    ] Application time: 0.0000800 seconds
[2022-06-13T02:07:05.770+0000][1][safepoint    ] Entering safepoint region: RevokeBias
[2022-06-13T02:07:05.770+0000][1][safepoint    ] Leaving safepoint region
[2022-06-13T02:07:05.771+0000][1][safepoint    ] Total time for which application threads were stopped: 0.0002578 seconds, Stopping threads took: 0.0001148 seconds
[2022-06-13T02:07:05.830+0000][1][safepoint    ] Application time: 0.0598136 seconds
[2022-06-13T02:07:05.831+0000][1][safepoint    ] Entering safepoint region: RevokeBias
[2022-06-13T02:07:05.831+0000][1][safepoint    ] Leaving safepoint region
[2022-06-13T02:07:05.831+0000][1][safepoint    ] Total time for which application threads were stopped: 0.0003297 seconds, Stopping threads took: 0.0001500 seconds
[2022-06-13T02:07:05.832+0000][1][safepoint    ] Application time: 0.0003520 seconds
[2022-06-13T02:07:05.832+0000][1][safepoint    ] Entering safepoint region: BulkRevokeBias
[2022-06-13T02:07:05.832+0000][1][safepoint    ] Leaving safepoint region
[2022-06-13T02:07:05.832+0000][1][safepoint    ] Total time for which application threads were stopped: 0.0003816 seconds, Stopping threads took: 0.0001517 seconds
[2022-06-13T02:07:05.851+0000][1][safepoint    ] Application time: 0.0183894 seconds
[2022-06-13T02:07:05.851+0000][1][safepoint    ] Entering safepoint region: GenCollectForAllocation
[2022-06-13T02:07:05.851+0000][1][gc,start     ] GC(6) Pause Young (Allocation Failure)
[2022-06-13T02:07:05.851+0000][1][gc,task      ] GC(6) Using 5 workers of 13 for evacuation
[2022-06-13T02:07:05.854+0000][1][gc,age       ] GC(6) Desired survivor size 4456448 bytes, new threshold 6 (max threshold 6)
[2022-06-13T02:07:05.854+0000][1][gc,age       ] GC(6) Age table with threshold 6 (max threshold 6)
[2022-06-13T02:07:05.855+0000][1][gc,age       ] GC(6) - age   1:    1400280 bytes,    1400280 total
[2022-06-13T02:07:05.855+0000][1][gc,age       ] GC(6) - age   2:    2171264 bytes,    3571544 total
[2022-06-13T02:07:05.855+0000][1][gc,age       ] GC(6) - age   3:     578448 bytes,    4149992 total
[2022-06-13T02:07:05.855+0000][1][gc,heap      ] GC(6) ParNew: 78286K->7641K(78656K)
[2022-06-13T02:07:05.855+0000][1][gc,heap      ] GC(6) CMS: 8115K->11258K(174784K)
[2022-06-13T02:07:05.856+0000][1][gc,metaspace ] GC(6) Metaspace: 19375K->19375K(1067008K)
[2022-06-13T02:07:05.856+0000][1][gc           ] GC(6) Pause Young (Allocation Failure) 84M->18M(247M) 4.799ms
[2022-06-13T02:07:05.856+0000][1][gc,cpu       ] GC(6) User=0.02s Sys=0.00s Real=0.00s
[2022-06-13T02:07:05.857+0000][1][safepoint    ] Leaving safepoint region
[2022-06-13T02:07:05.857+0000][1][safepoint    ] Total time for which application threads were stopped: 0.0058141 seconds, Stopping threads took: 0.0002208 seconds
[2022-06-13T02:07:05.857+0000][1][safepoint    ] Application time: 0.0002859 seconds
[2022-06-13T02:07:05.858+0000][1][safepoint    ] Entering safepoint region: BulkRevokeBias
[2022-06-13T02:07:05.858+0000][1][safepoint    ] Leaving safepoint region
[2022-06-13T02:07:05.858+0000][1][safepoint    ] Total time for which application threads were stopped: 0.0006900 seconds, Stopping threads took: 0.0004271 seconds
[2022-06-13T02:07:05.919+0000][1][safepoint    ] Application time: 0.0609733 seconds
[2022-06-13T02:07:05.920+0000][1][safepoint    ] Entering safepoint region: GenCollectForAllocation
[2022-06-13T02:07:05.920+0000][1][gc,start     ] GC(7) Pause Young (Allocation Failure)
[2022-06-13T02:07:05.920+0000][1][gc,task      ] GC(7) Using 5 workers of 13 for evacuation
[2022-06-13T02:07:05.922+0000][1][gc,age       ] GC(7) Desired survivor size 4456448 bytes, new threshold 6 (max threshold 6)
[2022-06-13T02:07:05.922+0000][1][gc,age       ] GC(7) Age table with threshold 6 (max threshold 6)
[2022-06-13T02:07:05.922+0000][1][gc,age       ] GC(7) - age   1:     480392 bytes,     480392 total
[2022-06-13T02:07:05.922+0000][1][gc,age       ] GC(7) - age   2:    1153368 bytes,    1633760 total
[2022-06-13T02:07:05.922+0000][1][gc,age       ] GC(7) - age   3:    2171280 bytes,    3805040 total
[2022-06-13T02:07:05.922+0000][1][gc,age       ] GC(7) - age   4:     578448 bytes,    4383488 total
[2022-06-13T02:07:05.922+0000][1][gc,heap      ] GC(7) ParNew: 77593K->6151K(78656K)
[2022-06-13T02:07:05.922+0000][1][gc,heap      ] GC(7) CMS: 11258K->11258K(174784K)
[2022-06-13T02:07:05.922+0000][1][gc,metaspace ] GC(7) Metaspace: 19630K->19630K(1067008K)
[2022-06-13T02:07:05.923+0000][1][gc           ] GC(7) Pause Young (Allocation Failure) 86M->17M(247M) 2.581ms
[2022-06-13T02:07:05.923+0000][1][gc,cpu       ] GC(7) User=0.01s Sys=0.01s Real=0.00s
[2022-06-13T02:07:05.923+0000][1][safepoint    ] Leaving safepoint region
[2022-06-13T02:07:05.923+0000][1][safepoint    ] Total time for which application threads were stopped: 0.0031381 seconds, Stopping threads took: 0.0001787 seconds
[2022-06-13T02:07:05.950+0000][1][safepoint    ] Application time: 0.0274252 seconds
[2022-06-13T02:07:05.951+0000][1][safepoint    ] Entering safepoint region: CollectForMetadataAllocation
[2022-06-13T02:07:05.951+0000][1][safepoint    ] Leaving safepoint region
[2022-06-13T02:07:05.951+0000][1][safepoint    ] Total time for which application threads were stopped: 0.0006237 seconds, Stopping threads took: 0.0002847 seconds
[2022-06-13T02:07:05.964+0000][1][safepoint    ] Application time: 0.0120542 seconds
[2022-06-13T02:07:05.964+0000][1][safepoint    ] Entering safepoint region: CollectForMetadataAllocation
[2022-06-13T02:07:05.964+0000][1][safepoint    ] Leaving safepoint region
[2022-06-13T02:07:05.965+0000][1][safepoint    ] Total time for which application threads were stopped: 0.0005690 seconds, Stopping threads took: 0.0002487 seconds
[2022-06-13T02:07:06.018+0000][1][safepoint    ] Application time: 0.0536310 seconds
[2022-06-13T02:07:06.019+0000][1][safepoint    ] Entering safepoint region: GenCollectForAllocation
[2022-06-13T02:07:06.019+0000][1][gc,start     ] GC(8) Pause Young (Allocation Failure)
[2022-06-13T02:07:06.019+0000][1][gc,task      ] GC(8) Using 5 workers of 13 for evacuation
[2022-06-13T02:07:06.021+0000][1][gc,age       ] GC(8) Desired survivor size 4456448 bytes, new threshold 5 (max threshold 6)
[2022-06-13T02:07:06.021+0000][1][gc,age       ] GC(8) Age table with threshold 5 (max threshold 6)
[2022-06-13T02:07:06.021+0000][1][gc,age       ] GC(8) - age   1:     528216 bytes,     528216 total
[2022-06-13T02:07:06.021+0000][1][gc,age       ] GC(8) - age   2:     459272 bytes,     987488 total
[2022-06-13T02:07:06.021+0000][1][gc,age       ] GC(8) - age   3:    1153272 bytes,    2140760 total
[2022-06-13T02:07:06.022+0000][1][gc,age       ] GC(8) - age   4:    2169112 bytes,    4309872 total
[2022-06-13T02:07:06.022+0000][1][gc,age       ] GC(8) - age   5:     578448 bytes,    4888320 total
[2022-06-13T02:07:06.022+0000][1][gc,heap      ] GC(8) ParNew: 76103K->5751K(78656K)
[2022-06-13T02:07:06.022+0000][1][gc,heap      ] GC(8) CMS: 11258K->11258K(174784K)
[2022-06-13T02:07:06.022+0000][1][gc,metaspace ] GC(8) Metaspace: 20424K->20424K(1069056K)
[2022-06-13T02:07:06.022+0000][1][gc           ] GC(8) Pause Young (Allocation Failure) 85M->16M(247M) 3.648ms
[2022-06-13T02:07:06.023+0000][1][gc,cpu       ] GC(8) User=0.04s Sys=0.00s Real=0.01s
[2022-06-13T02:07:06.023+0000][1][safepoint    ] Leaving safepoint region
[2022-06-13T02:07:06.023+0000][1][safepoint    ] Total time for which application threads were stopped: 0.0042360 seconds, Stopping threads took: 0.0001360 seconds
[2022-06-13T02:07:06.023+0000][1][safepoint    ] Application time: 0.0001777 seconds
[2022-06-13T02:07:06.023+0000][1][safepoint    ] Entering safepoint region: CMS_Initial_Mark
[2022-06-13T02:07:06.024+0000][1][gc,start     ] GC(9) Pause Initial Mark
[2022-06-13T02:07:06.025+0000][1][gc           ] GC(9) Pause Initial Mark 17M->17M(247M) 0.791ms
[2022-06-13T02:07:06.025+0000][1][gc,cpu       ] GC(9) User=0.00s Sys=0.00s Real=0.00s
[2022-06-13T02:07:06.025+0000][1][safepoint    ] Leaving safepoint region
[2022-06-13T02:07:06.025+0000][1][safepoint    ] Total time for which application threads were stopped: 0.0019111 seconds, Stopping threads took: 0.0003437 seconds
[2022-06-13T02:07:06.026+0000][1][gc           ] GC(9) Concurrent Mark
[2022-06-13T02:07:06.026+0000][1][gc,task      ] GC(9) Using 4 workers of 4 for marking
[2022-06-13T02:07:06.030+0000][1][gc           ] GC(9) Concurrent Mark 4.819ms
[2022-06-13T02:07:06.031+0000][1][gc,cpu       ] GC(9) User=0.04s Sys=0.00s Real=0.01s
[2022-06-13T02:07:06.031+0000][1][gc           ] GC(9) Concurrent Preclean
[2022-06-13T02:07:06.031+0000][1][gc           ] GC(9) Concurrent Preclean 0.539ms
[2022-06-13T02:07:06.032+0000][1][gc,cpu       ] GC(9) User=0.00s Sys=0.00s Real=0.00s
[2022-06-13T02:07:06.032+0000][1][gc           ] GC(9) Concurrent Abortable Preclean
[2022-06-13T02:07:06.074+0000][1][safepoint    ] Application time: 0.0483652 seconds
[2022-06-13T02:07:06.074+0000][1][safepoint    ] Entering safepoint region: GenCollectForAllocation
[2022-06-13T02:07:06.075+0000][1][gc,start     ] GC(10) Pause Young (Allocation Failure)
[2022-06-13T02:07:06.075+0000][1][gc,task      ] GC(10) Using 5 workers of 13 for evacuation
[2022-06-13T02:07:06.078+0000][1][gc,age       ] GC(10) Desired survivor size 4456448 bytes, new threshold 5 (max threshold 6)
[2022-06-13T02:07:06.078+0000][1][gc,age       ] GC(10) Age table with threshold 5 (max threshold 6)
[2022-06-13T02:07:06.078+0000][1][gc,age       ] GC(10) - age   1:     928120 bytes,     928120 total
[2022-06-13T02:07:06.079+0000][1][gc,age       ] GC(10) - age   2:     505608 bytes,    1433728 total
[2022-06-13T02:07:06.079+0000][1][gc,age       ] GC(10) - age   3:     459152 bytes,    1892880 total
[2022-06-13T02:07:06.080+0000][1][gc,age       ] GC(10) - age   4:    1153272 bytes,    3046152 total
[2022-06-13T02:07:06.080+0000][1][gc,age       ] GC(10) - age   5:    2168856 bytes,    5215008 total
[2022-06-13T02:07:06.080+0000][1][gc,heap      ] GC(10) ParNew: 75703K->7193K(78656K)
[2022-06-13T02:07:06.080+0000][1][gc,heap      ] GC(10) CMS: 11258K->11834K(174784K)
[2022-06-13T02:07:06.081+0000][1][gc,metaspace ] GC(10) Metaspace: 20536K->20536K(1069056K)
[2022-06-13T02:07:06.081+0000][1][gc           ] GC(10) Pause Young (Allocation Failure) 84M->18M(247M) 6.195ms
[2022-06-13T02:07:06.081+0000][1][gc,cpu       ] GC(10) User=0.02s Sys=0.01s Real=0.01s
[2022-06-13T02:07:06.081+0000][1][safepoint    ] Leaving safepoint region
[2022-06-13T02:07:06.081+0000][1][safepoint    ] Total time for which application threads were stopped: 0.0071261 seconds, Stopping threads took: 0.0003674 seconds
[2022-06-13T02:07:06.147+0000][1][safepoint    ] Application time: 0.0658361 seconds
[2022-06-13T02:07:06.148+0000][1][safepoint    ] Entering safepoint region: GenCollectForAllocation
[2022-06-13T02:07:06.148+0000][1][gc,start     ] GC(11) Pause Young (Allocation Failure)
[2022-06-13T02:07:06.148+0000][1][gc,task      ] GC(11) Using 5 workers of 13 for evacuation
[2022-06-13T02:07:06.151+0000][1][gc,age       ] GC(11) Desired survivor size 4456448 bytes, new threshold 6 (max threshold 6)
[2022-06-13T02:07:06.152+0000][1][gc,age       ] GC(11) Age table with threshold 6 (max threshold 6)
[2022-06-13T02:07:06.152+0000][1][gc,age       ] GC(11) - age   1:    1570608 bytes,    1570608 total
[2022-06-13T02:07:06.152+0000][1][gc,age       ] GC(11) - age   2:     129688 bytes,    1700296 total
[2022-06-13T02:07:06.152+0000][1][gc,age       ] GC(11) - age   3:     505584 bytes,    2205880 total
[2022-06-13T02:07:06.152+0000][1][gc,age       ] GC(11) - age   4:     459024 bytes,    2664904 total
[2022-06-13T02:07:06.152+0000][1][gc,age       ] GC(11) - age   5:    1152984 bytes,    3817888 total
[2022-06-13T02:07:06.152+0000][1][gc,heap      ] GC(11) ParNew: 77145K->6214K(78656K)
[2022-06-13T02:07:06.152+0000][1][gc,heap      ] GC(11) CMS: 11834K->13965K(174784K)
[2022-06-13T02:07:06.153+0000][1][gc,metaspace ] GC(11) Metaspace: 20615K->20615K(1069056K)
[2022-06-13T02:07:06.153+0000][1][gc           ] GC(11) Pause Young (Allocation Failure) 86M->19M(247M) 4.908ms
[2022-06-13T02:07:06.153+0000][1][gc,cpu       ] GC(11) User=0.03s Sys=0.00s Real=0.01s
[2022-06-13T02:07:06.153+0000][1][safepoint    ] Leaving safepoint region
[2022-06-13T02:07:06.153+0000][1][safepoint    ] Total time for which application threads were stopped: 0.0055109 seconds, Stopping threads took: 0.0001689 seconds
[2022-06-13T02:07:06.153+0000][1][gc           ] GC(9) Concurrent Abortable Preclean 121.673ms
[2022-06-13T02:07:06.153+0000][1][gc,cpu       ] GC(9) User=0.32s Sys=0.01s Real=0.12s
[2022-06-13T02:07:06.154+0000][1][safepoint    ] Application time: 0.0003404 seconds
[2022-06-13T02:07:06.154+0000][1][safepoint    ] Entering safepoint region: CMS_Final_Remark
[2022-06-13T02:07:06.154+0000][1][gc,start     ] GC(9) Pause Remark
[2022-06-13T02:07:06.160+0000][1][gc           ] GC(9) Pause Remark 21M->21M(247M) 5.624ms
[2022-06-13T02:07:06.160+0000][1][gc,cpu       ] GC(9) User=0.01s Sys=0.00s Real=0.01s
[2022-06-13T02:07:06.160+0000][1][safepoint    ] Leaving safepoint region
[2022-06-13T02:07:06.160+0000][1][safepoint    ] Total time for which application threads were stopped: 0.0065152 seconds, Stopping threads took: 0.0001818 seconds
[2022-06-13T02:07:06.160+0000][1][gc           ] GC(9) Concurrent Sweep
[2022-06-13T02:07:06.165+0000][1][gc           ] GC(9) Concurrent Sweep 4.600ms
[2022-06-13T02:07:06.165+0000][1][gc,cpu       ] GC(9) User=0.01s Sys=0.00s Real=0.00s
[2022-06-13T02:07:06.166+0000][1][gc           ] GC(9) Concurrent Reset
[2022-06-13T02:07:06.166+0000][1][gc           ] GC(9) Concurrent Reset 0.449ms
[2022-06-13T02:07:06.166+0000][1][gc,cpu       ] GC(9) User=0.00s Sys=0.00s Real=0.00s
[2022-06-13T02:07:06.166+0000][1][gc,heap      ] GC(9) Old: 11258K->13940K(174784K)
[2022-06-13T02:07:06.346+0000][1][safepoint    ] Application time: 0.1859228 seconds
[2022-06-13T02:07:06.347+0000][1][safepoint    ] Entering safepoint region: RevokeBias
[2022-06-13T02:07:06.348+0000][1][safepoint    ] Leaving safepoint region
[2022-06-13T02:07:06.348+0000][1][safepoint    ] Total time for which application threads were stopped: 0.0011450 seconds, Stopping threads took: 0.0002552 seconds
[2022-06-13T02:07:06.371+0000][1][safepoint    ] Application time: 0.0224459 seconds
[2022-06-13T02:07:06.371+0000][1][safepoint    ] Entering safepoint region: Deoptimize
[2022-06-13T02:07:06.371+0000][1][safepoint    ] Leaving safepoint region
[2022-06-13T02:07:06.372+0000][1][safepoint    ] Total time for which application threads were stopped: 0.0006712 seconds, Stopping threads took: 0.0001565 seconds
[2022-06-13T02:07:06.420+0000][1][safepoint    ] Application time: 0.0477939 seconds
[2022-06-13T02:07:06.420+0000][1][safepoint    ] Entering safepoint region: Deoptimize
[2022-06-13T02:07:06.420+0000][1][safepoint    ] Leaving safepoint region
[2022-06-13T02:07:06.420+0000][1][safepoint    ] Total time for which application threads were stopped: 0.0006491 seconds, Stopping threads took: 0.0001453 seconds
[2022-06-13T02:07:06.421+0000][1][safepoint    ] Application time: 0.0004014 seconds
[2022-06-13T02:07:06.421+0000][1][safepoint    ] Entering safepoint region: Deoptimize
[2022-06-13T02:07:06.421+0000][1][safepoint    ] Leaving safepoint region
[2022-06-13T02:07:06.422+0000][1][safepoint    ] Total time for which application threads were stopped: 0.0005708 seconds, Stopping threads took: 0.0001202 seconds
[2022-06-13T02:07:06.427+0000][1][safepoint    ] Application time: 0.0051784 seconds
[2022-06-13T02:07:06.427+0000][1][safepoint    ] Entering safepoint region: RevokeBias
[2022-06-13T02:07:06.428+0000][1][safepoint    ] Leaving safepoint region
[2022-06-13T02:07:06.428+0000][1][safepoint    ] Total time for which application threads were stopped: 0.0003659 seconds, Stopping threads took: 0.0001804 seconds
[2022-06-13T02:07:06.428+0000][1][safepoint    ] Application time: 0.0001017 seconds
[2022-06-13T02:07:06.428+0000][1][safepoint    ] Entering safepoint region: RevokeBias
[2022-06-13T02:07:06.428+0000][1][safepoint    ] Leaving safepoint region
[2022-06-13T02:07:06.428+0000][1][safepoint    ] Total time for which application threads were stopped: 0.0004587 seconds, Stopping threads took: 0.0002596 seconds
[2022-06-13T02:07:06.429+0000][1][safepoint    ] Application time: 0.0006329 seconds
[2022-06-13T02:07:06.430+0000][1][safepoint    ] Entering safepoint region: Deoptimize
[2022-06-13T02:07:06.430+0000][1][safepoint    ] Leaving safepoint region
[2022-06-13T02:07:06.430+0000][1][safepoint    ] Total time for which application threads were stopped: 0.0007787 seconds, Stopping threads took: 0.0001963 seconds
[2022-06-13T02:07:06.434+0000][1][safepoint    ] Application time: 0.0036709 seconds
[2022-06-13T02:07:06.435+0000][1][safepoint    ] Entering safepoint region: Deoptimize
[2022-06-13T02:07:06.435+0000][1][safepoint    ] Leaving safepoint region
[2022-06-13T02:07:06.435+0000][1][safepoint    ] Total time for which application threads were stopped: 0.0007024 seconds, Stopping threads took: 0.0002347 seconds
[2022-06-13T02:07:06.454+0000][1][safepoint    ] Application time: 0.0185104 seconds
[2022-06-13T02:07:06.454+0000][1][safepoint    ] Entering safepoint region: GenCollectForAllocation
[2022-06-13T02:07:06.455+0000][1][gc,start     ] GC(12) Pause Young (Allocation Failure)
[2022-06-13T02:07:06.455+0000][1][gc,task      ] GC(12) Using 5 workers of 13 for evacuation
[2022-06-13T02:07:06.458+0000][1][gc,age       ] GC(12) Desired survivor size 4456448 bytes, new threshold 6 (max threshold 6)
[2022-06-13T02:07:06.458+0000][1][gc,age       ] GC(12) Age table with threshold 6 (max threshold 6)
[2022-06-13T02:07:06.458+0000][1][gc,age       ] GC(12) - age   1:    2342472 bytes,    2342472 total
[2022-06-13T02:07:06.458+0000][1][gc,age       ] GC(12) - age   2:     344744 bytes,    2687216 total
[2022-06-13T02:07:06.458+0000][1][gc,age       ] GC(12) - age   3:     129424 bytes,    2816640 total
[2022-06-13T02:07:06.458+0000][1][gc,age       ] GC(12) - age   4:     502512 bytes,    3319152 total
[2022-06-13T02:07:06.458+0000][1][gc,age       ] GC(12) - age   5:     456736 bytes,    3775888 total
[2022-06-13T02:07:06.458+0000][1][gc,age       ] GC(12) - age   6:    1152608 bytes,    4928496 total
[2022-06-13T02:07:06.459+0000][1][gc,heap      ] GC(12) ParNew: 76166K->6249K(78656K)
[2022-06-13T02:07:06.459+0000][1][gc,heap      ] GC(12) CMS: 13940K->13940K(174784K)
[2022-06-13T02:07:06.459+0000][1][gc,metaspace ] GC(12) Metaspace: 26254K->26254K(1073152K)
[2022-06-13T02:07:06.459+0000][1][gc           ] GC(12) Pause Young (Allocation Failure) 87M->19M(247M) 4.034ms
[2022-06-13T02:07:06.459+0000][1][gc,cpu       ] GC(12) User=0.02s Sys=0.00s Real=0.00s
[2022-06-13T02:07:06.459+0000][1][safepoint    ] Leaving safepoint region
[2022-06-13T02:07:06.459+0000][1][safepoint    ] Total time for which application threads were stopped: 0.0048288 seconds, Stopping threads took: 0.0004295 seconds
[2022-06-13T02:07:06.540+0000][1][safepoint    ] Application time: 0.0802883 seconds
[2022-06-13T02:07:06.540+0000][1][safepoint    ] Entering safepoint region: RevokeBias
[2022-06-13T02:07:06.540+0000][1][safepoint    ] Leaving safepoint region
[2022-06-13T02:07:06.540+0000][1][safepoint    ] Total time for which application threads were stopped: 0.0005566 seconds, Stopping threads took: 0.0001992 seconds
[2022-06-13T02:07:06.806+0000][1][safepoint    ] Application time: 0.2659449 seconds
[2022-06-13T02:07:06.807+0000][1][safepoint    ] Entering safepoint region: Deoptimize
[2022-06-13T02:07:06.808+0000][1][safepoint    ] Leaving safepoint region
[2022-06-13T02:07:06.808+0000][1][safepoint    ] Total time for which application threads were stopped: 0.0008704 seconds, Stopping threads took: 0.0002136 seconds
[2022-06-13T02:07:06.848+0000][1][safepoint    ] Application time: 0.0401767 seconds
[2022-06-13T02:07:06.848+0000][1][safepoint    ] Entering safepoint region: GenCollectForAllocation
[2022-06-13T02:07:06.849+0000][1][gc,start     ] GC(13) Pause Young (Allocation Failure)
[2022-06-13T02:07:06.849+0000][1][gc,task      ] GC(13) Using 5 workers of 13 for evacuation
[2022-06-13T02:07:06.864+0000][1][gc,age       ] GC(13) Desired survivor size 4456448 bytes, new threshold 1 (max threshold 6)
[2022-06-13T02:07:06.864+0000][1][gc,age       ] GC(13) Age table with threshold 1 (max threshold 6)
[2022-06-13T02:07:06.865+0000][1][gc,age       ] GC(13) - age   1:    5459360 bytes,    5459360 total
[2022-06-13T02:07:06.865+0000][1][gc,age       ] GC(13) - age   2:    2021144 bytes,    7480504 total
[2022-06-13T02:07:06.865+0000][1][gc,age       ] GC(13) - age   3:     344680 bytes,    7825184 total
[2022-06-13T02:07:06.865+0000][1][gc,age       ] GC(13) - age   4:     129392 bytes,    7954576 total
[2022-06-13T02:07:06.866+0000][1][gc,age       ] GC(13) - age   5:     502512 bytes,    8457088 total
[2022-06-13T02:07:06.866+0000][1][gc,age       ] GC(13) - age   6:     456736 bytes,    8913824 total
[2022-06-13T02:07:06.866+0000][1][gc,heap      ] GC(13) ParNew: 76201K->8704K(78656K)
[2022-06-13T02:07:06.867+0000][1][gc,heap      ] GC(13) CMS: 13940K->25394K(174784K)
[2022-06-13T02:07:06.867+0000][1][gc,metaspace ] GC(13) Metaspace: 27128K->27128K(1075200K)
[2022-06-13T02:07:06.867+0000][1][gc           ] GC(13) Pause Young (Allocation Failure) 88M->33M(247M) 18.518ms
[2022-06-13T02:07:06.867+0000][1][gc,cpu       ] GC(13) User=0.23s Sys=0.00s Real=0.02s
[2022-06-13T02:07:06.868+0000][1][safepoint    ] Leaving safepoint region
[2022-06-13T02:07:06.868+0000][1][safepoint    ] Total time for which application threads were stopped: 0.0197245 seconds, Stopping threads took: 0.0001933 seconds
[2022-06-13T02:07:07.085+0000][1][safepoint    ] Application time: 0.2163362 seconds
[2022-06-13T02:07:07.085+0000][1][safepoint    ] Entering safepoint region: GenCollectForAllocation
[2022-06-13T02:07:07.085+0000][1][gc,start     ] GC(14) Pause Young (Allocation Failure)
[2022-06-13T02:07:07.086+0000][1][gc,task      ] GC(14) Using 5 workers of 13 for evacuation
[2022-06-13T02:07:07.102+0000][1][gc,age       ] GC(14) Desired survivor size 4456448 bytes, new threshold 1 (max threshold 6)
[2022-06-13T02:07:07.102+0000][1][gc,age       ] GC(14) Age table with threshold 1 (max threshold 6)
[2022-06-13T02:07:07.102+0000][1][gc,age       ] GC(14) - age   1:    8912688 bytes,    8912688 total
[2022-06-13T02:07:07.103+0000][1][gc,heap      ] GC(14) ParNew: 78656K->8704K(78656K)
[2022-06-13T02:07:07.103+0000][1][gc,heap      ] GC(14) CMS: 25394K->38861K(174784K)
[2022-06-13T02:07:07.103+0000][1][gc,metaspace ] GC(14) Metaspace: 27176K->27176K(1075200K)
[2022-06-13T02:07:07.104+0000][1][gc           ] GC(14) Pause Young (Allocation Failure) 101M->46M(247M) 18.186ms
[2022-06-13T02:07:07.104+0000][1][gc,cpu       ] GC(14) User=0.07s Sys=0.00s Real=0.02s
[2022-06-13T02:07:07.104+0000][1][safepoint    ] Leaving safepoint region
[2022-06-13T02:07:07.104+0000][1][safepoint    ] Total time for which application threads were stopped: 0.0194156 seconds, Stopping threads took: 0.0003497 seconds
[2022-06-13T02:07:07.396+0000][1][safepoint    ] Application time: 0.2914525 seconds
[2022-06-13T02:07:07.396+0000][1][safepoint    ] Entering safepoint region: GenCollectForAllocation
[2022-06-13T02:07:07.397+0000][1][gc,start     ] GC(15) Pause Young (Allocation Failure)
[2022-06-13T02:07:07.397+0000][1][gc,task      ] GC(15) Using 5 workers of 13 for evacuation
[2022-06-13T02:07:07.407+0000][1][gc,age       ] GC(15) Desired survivor size 4456448 bytes, new threshold 1 (max threshold 6)
[2022-06-13T02:07:07.408+0000][1][gc,age       ] GC(15) Age table with threshold 1 (max threshold 6)
[2022-06-13T02:07:07.408+0000][1][gc,age       ] GC(15) - age   1:    6843712 bytes,    6843712 total
[2022-06-13T02:07:07.408+0000][1][gc,heap      ] GC(15) ParNew: 78656K->8704K(78656K)
[2022-06-13T02:07:07.408+0000][1][gc,heap      ] GC(15) CMS: 38861K->48728K(174784K)
[2022-06-13T02:07:07.408+0000][1][gc,metaspace ] GC(15) Metaspace: 31599K->31599K(1079296K)
[2022-06-13T02:07:07.408+0000][1][gc           ] GC(15) Pause Young (Allocation Failure) 114M->56M(247M) 11.535ms
[2022-06-13T02:07:07.408+0000][1][gc,cpu       ] GC(15) User=0.10s Sys=0.00s Real=0.01s
[2022-06-13T02:07:07.408+0000][1][safepoint    ] Leaving safepoint region
[2022-06-13T02:07:07.409+0000][1][safepoint    ] Total time for which application threads were stopped: 0.0121535 seconds, Stopping threads took: 0.0001496 seconds
[2022-06-13T02:07:07.493+0000][1][safepoint    ] Application time: 0.0839698 seconds
[2022-06-13T02:07:07.493+0000][1][safepoint    ] Entering safepoint region: GenCollectForAllocation
[2022-06-13T02:07:07.493+0000][1][gc,start     ] GC(16) Pause Young (Allocation Failure)
[2022-06-13T02:07:07.494+0000][1][gc,task      ] GC(16) Using 5 workers of 13 for evacuation
[2022-06-13T02:07:07.499+0000][1][gc,age       ] GC(16) Desired survivor size 4456448 bytes, new threshold 6 (max threshold 6)
[2022-06-13T02:07:07.499+0000][1][gc,age       ] GC(16) Age table with threshold 6 (max threshold 6)
[2022-06-13T02:07:07.500+0000][1][gc,age       ] GC(16) - age   1:     429872 bytes,     429872 total
[2022-06-13T02:07:07.500+0000][1][gc,heap      ] GC(16) ParNew: 78656K->7124K(78656K)
[2022-06-13T02:07:07.500+0000][1][gc,heap      ] GC(16) CMS: 48728K->55464K(174784K)
[2022-06-13T02:07:07.500+0000][1][gc,metaspace ] GC(16) Metaspace: 32910K->32910K(1079296K)
[2022-06-13T02:07:07.500+0000][1][gc           ] GC(16) Pause Young (Allocation Failure) 124M->61M(247M) 6.931ms
[2022-06-13T02:07:07.501+0000][1][gc,cpu       ] GC(16) User=0.04s Sys=0.00s Real=0.01s
[2022-06-13T02:07:07.501+0000][1][safepoint    ] Leaving safepoint region
[2022-06-13T02:07:07.501+0000][1][safepoint    ] Total time for which application threads were stopped: 0.0079301 seconds, Stopping threads took: 0.0003162 seconds
[2022-06-13T02:07:07.513+0000][1][safepoint    ] Application time: 0.0119125 seconds
[2022-06-13T02:07:07.513+0000][1][safepoint    ] Entering safepoint region: RevokeBias
[2022-06-13T02:07:07.514+0000][1][safepoint    ] Leaving safepoint region
[2022-06-13T02:07:07.514+0000][1][safepoint    ] Total time for which application threads were stopped: 0.0003077 seconds, Stopping threads took: 0.0001466 seconds
[2022-06-13T02:07:07.609+0000][1][safepoint    ] Application time: 0.0950637 seconds
[2022-06-13T02:07:07.609+0000][1][safepoint    ] Entering safepoint region: CollectForMetadataAllocation
[2022-06-13T02:07:07.609+0000][1][safepoint    ] Leaving safepoint region
[2022-06-13T02:07:07.609+0000][1][safepoint    ] Total time for which application threads were stopped: 0.0003634 seconds, Stopping threads took: 0.0001332 seconds
[2022-06-13T02:07:07.628+0000][1][safepoint    ] Application time: 0.0179346 seconds
[2022-06-13T02:07:07.628+0000][1][safepoint    ] Entering safepoint region: CollectForMetadataAllocation
[2022-06-13T02:07:07.628+0000][1][safepoint    ] Leaving safepoint region
[2022-06-13T02:07:07.629+0000][1][safepoint    ] Total time for which application threads were stopped: 0.0006862 seconds, Stopping threads took: 0.0002677 seconds
[2022-06-13T02:07:07.639+0000][1][safepoint    ] Application time: 0.0098218 seconds
[2022-06-13T02:07:07.639+0000][1][safepoint    ] Entering safepoint region: CollectForMetadataAllocation
[2022-06-13T02:07:07.639+0000][1][safepoint    ] Leaving safepoint region
[2022-06-13T02:07:07.640+0000][1][safepoint    ] Total time for which application threads were stopped: 0.0008954 seconds, Stopping threads took: 0.0003695 seconds
[2022-06-13T02:07:07.651+0000][1][safepoint    ] Application time: 0.0104564 seconds
[2022-06-13T02:07:07.651+0000][1][safepoint    ] Entering safepoint region: CollectForMetadataAllocation
[2022-06-13T02:07:07.651+0000][1][safepoint    ] Leaving safepoint region
[2022-06-13T02:07:07.652+0000][1][safepoint    ] Total time for which application threads were stopped: 0.0005107 seconds, Stopping threads took: 0.0001559 seconds
[2022-06-13T02:07:07.665+0000][1][safepoint    ] Application time: 0.0133796 seconds
[2022-06-13T02:07:07.666+0000][1][safepoint    ] Entering safepoint region: CollectForMetadataAllocation
[2022-06-13T02:07:07.666+0000][1][safepoint    ] Leaving safepoint region
[2022-06-13T02:07:07.667+0000][1][safepoint    ] Total time for which application threads were stopped: 0.0008341 seconds, Stopping threads took: 0.0003913 seconds
[2022-06-13T02:07:07.681+0000][1][safepoint    ] Application time: 0.0139645 seconds
[2022-06-13T02:07:07.682+0000][1][safepoint    ] Entering safepoint region: CollectForMetadataAllocation
[2022-06-13T02:07:07.682+0000][1][safepoint    ] Leaving safepoint region
[2022-06-13T02:07:07.682+0000][1][safepoint    ] Total time for which application threads were stopped: 0.0008252 seconds, Stopping threads took: 0.0003807 seconds
[2022-06-13T02:07:07.688+0000][1][safepoint    ] Application time: 0.0055452 seconds
[2022-06-13T02:07:07.689+0000][1][safepoint    ] Entering safepoint region: CollectForMetadataAllocation
[2022-06-13T02:07:07.689+0000][1][safepoint    ] Leaving safepoint region
[2022-06-13T02:07:07.690+0000][1][safepoint    ] Total time for which application threads were stopped: 0.0009954 seconds, Stopping threads took: 0.0004634 seconds
[2022-06-13T02:07:07.710+0000][1][safepoint    ] Application time: 0.0192670 seconds
[2022-06-13T02:07:07.710+0000][1][safepoint    ] Entering safepoint region: CollectForMetadataAllocation
[2022-06-13T02:07:07.711+0000][1][safepoint    ] Leaving safepoint region
[2022-06-13T02:07:07.711+0000][1][safepoint    ] Total time for which application threads were stopped: 0.0010574 seconds, Stopping threads took: 0.0005295 seconds
[2022-06-13T02:07:07.726+0000][1][safepoint    ] Application time: 0.0146377 seconds
[2022-06-13T02:07:07.727+0000][1][safepoint    ] Entering safepoint region: CollectForMetadataAllocation
[2022-06-13T02:07:07.727+0000][1][safepoint    ] Leaving safepoint region
[2022-06-13T02:07:07.728+0000][1][safepoint    ] Total time for which application threads were stopped: 0.0010174 seconds, Stopping threads took: 0.0004339 seconds
[2022-06-13T02:07:07.734+0000][1][safepoint    ] Application time: 0.0057484 seconds
[2022-06-13T02:07:07.735+0000][1][safepoint    ] Entering safepoint region: RevokeBias
[2022-06-13T02:07:07.735+0000][1][safepoint    ] Leaving safepoint region
[2022-06-13T02:07:07.735+0000][1][safepoint    ] Total time for which application threads were stopped: 0.0008819 seconds, Stopping threads took: 0.0003512 seconds
[2022-06-13T02:07:07.741+0000][1][safepoint    ] Application time: 0.0047869 seconds
[2022-06-13T02:07:07.741+0000][1][safepoint    ] Entering safepoint region: CollectForMetadataAllocation
[2022-06-13T02:07:07.741+0000][1][safepoint    ] Leaving safepoint region
[2022-06-13T02:07:07.742+0000][1][safepoint    ] Total time for which application threads were stopped: 0.0005860 seconds, Stopping threads took: 0.0002341 seconds
[2022-06-13T02:07:07.742+0000][1][safepoint    ] Application time: 0.0003246 seconds
[2022-06-13T02:07:07.742+0000][1][safepoint    ] Entering safepoint region: CollectForMetadataAllocation
[2022-06-13T02:07:07.743+0000][1][safepoint    ] Leaving safepoint region
[2022-06-13T02:07:07.743+0000][1][safepoint    ] Total time for which application threads were stopped: 0.0004796 seconds, Stopping threads took: 0.0002183 seconds
[2022-06-13T02:07:07.752+0000][1][safepoint    ] Application time: 0.0083240 seconds
[2022-06-13T02:07:07.752+0000][1][safepoint    ] Entering safepoint region: RevokeBias
[2022-06-13T02:07:07.752+0000][1][safepoint    ] Leaving safepoint region
[2022-06-13T02:07:07.753+0000][1][safepoint    ] Total time for which application threads were stopped: 0.0010999 seconds, Stopping threads took: 0.0005020 seconds
[2022-06-13T02:07:07.760+0000][1][safepoint    ] Application time: 0.0061535 seconds
[2022-06-13T02:07:07.760+0000][1][safepoint    ] Entering safepoint region: CollectForMetadataAllocation
[2022-06-13T02:07:07.761+0000][1][safepoint    ] Leaving safepoint region
[2022-06-13T02:07:07.761+0000][1][safepoint    ] Total time for which application threads were stopped: 0.0010522 seconds, Stopping threads took: 0.0004712 seconds
[2022-06-13T02:07:07.774+0000][1][safepoint    ] Application time: 0.0127231 seconds
[2022-06-13T02:07:07.775+0000][1][safepoint    ] Entering safepoint region: CollectForMetadataAllocation
[2022-06-13T02:07:07.775+0000][1][safepoint    ] Leaving safepoint region
[2022-06-13T02:07:07.776+0000][1][safepoint    ] Total time for which application threads were stopped: 0.0011040 seconds, Stopping threads took: 0.0005650 seconds
[2022-06-13T02:07:07.792+0000][1][safepoint    ] Application time: 0.0160321 seconds
[2022-06-13T02:07:07.793+0000][1][safepoint    ] Entering safepoint region: CollectForMetadataAllocation
[2022-06-13T02:07:07.794+0000][1][safepoint    ] Leaving safepoint region
[2022-06-13T02:07:07.794+0000][1][safepoint    ] Total time for which application threads were stopped: 0.0012036 seconds, Stopping threads took: 0.0005419 seconds
[2022-06-13T02:07:07.804+0000][1][safepoint    ] Application time: 0.0088598 seconds
[2022-06-13T02:07:07.804+0000][1][safepoint    ] Entering safepoint region: CollectForMetadataAllocation
[2022-06-13T02:07:07.805+0000][1][safepoint    ] Leaving safepoint region
[2022-06-13T02:07:07.805+0000][1][safepoint    ] Total time for which application threads were stopped: 0.0011025 seconds, Stopping threads took: 0.0005063 seconds
[2022-06-13T02:07:07.814+0000][1][safepoint    ] Application time: 0.0084154 seconds
[2022-06-13T02:07:07.815+0000][1][safepoint    ] Entering safepoint region: CollectForMetadataAllocation
[2022-06-13T02:07:07.815+0000][1][safepoint    ] Leaving safepoint region
[2022-06-13T02:07:07.816+0000][1][safepoint    ] Total time for which application threads were stopped: 0.0009040 seconds, Stopping threads took: 0.0003605 seconds
[2022-06-13T02:07:07.826+0000][1][safepoint    ] Application time: 0.0100467 seconds
[2022-06-13T02:07:07.826+0000][1][safepoint    ] Entering safepoint region: CollectForMetadataAllocation
[2022-06-13T02:07:07.827+0000][1][safepoint    ] Leaving safepoint region
[2022-06-13T02:07:07.827+0000][1][safepoint    ] Total time for which application threads were stopped: 0.0009821 seconds, Stopping threads took: 0.0004498 seconds
[2022-06-13T02:07:07.839+0000][1][safepoint    ] Application time: 0.0109502 seconds
[2022-06-13T02:07:07.839+0000][1][safepoint    ] Entering safepoint region: CollectForMetadataAllocation
[2022-06-13T02:07:07.840+0000][1][safepoint    ] Leaving safepoint region
[2022-06-13T02:07:07.840+0000][1][safepoint    ] Total time for which application threads were stopped: 0.0006227 seconds, Stopping threads took: 0.0002087 seconds
[2022-06-13T02:07:07.853+0000][1][safepoint    ] Application time: 0.0128113 seconds
[2022-06-13T02:07:07.854+0000][1][safepoint    ] Entering safepoint region: CollectForMetadataAllocation
[2022-06-13T02:07:07.854+0000][1][safepoint    ] Leaving safepoint region
[2022-06-13T02:07:07.855+0000][1][safepoint    ] Total time for which application threads were stopped: 0.0008682 seconds, Stopping threads took: 0.0003251 seconds
[2022-06-13T02:07:07.870+0000][1][safepoint    ] Application time: 0.0151934 seconds
[2022-06-13T02:07:07.871+0000][1][safepoint    ] Entering safepoint region: CollectForMetadataAllocation
[2022-06-13T02:07:07.871+0000][1][safepoint    ] Leaving safepoint region
[2022-06-13T02:07:07.872+0000][1][safepoint    ] Total time for which application threads were stopped: 0.0008360 seconds, Stopping threads took: 0.0003820 seconds
[2022-06-13T02:07:07.887+0000][1][safepoint    ] Application time: 0.0151228 seconds
[2022-06-13T02:07:07.888+0000][1][safepoint    ] Entering safepoint region: CollectForMetadataAllocation
[2022-06-13T02:07:07.888+0000][1][safepoint    ] Leaving safepoint region
[2022-06-13T02:07:07.888+0000][1][safepoint    ] Total time for which application threads were stopped: 0.0008522 seconds, Stopping threads took: 0.0004107 seconds
[2022-06-13T02:07:07.899+0000][1][safepoint    ] Application time: 0.0097924 seconds
[2022-06-13T02:07:07.899+0000][1][safepoint    ] Entering safepoint region: CollectForMetadataAllocation
[2022-06-13T02:07:07.900+0000][1][safepoint    ] Leaving safepoint region
[2022-06-13T02:07:07.900+0000][1][safepoint    ] Total time for which application threads were stopped: 0.0009842 seconds, Stopping threads took: 0.0004563 seconds
[2022-06-13T02:07:07.907+0000][1][safepoint    ] Application time: 0.0070557 seconds
[2022-06-13T02:07:07.908+0000][1][safepoint    ] Entering safepoint region: CollectForMetadataAllocation
[2022-06-13T02:07:07.908+0000][1][safepoint    ] Leaving safepoint region
[2022-06-13T02:07:07.908+0000][1][safepoint    ] Total time for which application threads were stopped: 0.0003526 seconds, Stopping threads took: 0.0001562 seconds
[2022-06-13T02:07:07.925+0000][1][safepoint    ] Application time: 0.0169164 seconds
[2022-06-13T02:07:07.925+0000][1][safepoint    ] Entering safepoint region: CollectForMetadataAllocation
[2022-06-13T02:07:07.926+0000][1][safepoint    ] Leaving safepoint region
[2022-06-13T02:07:07.926+0000][1][safepoint    ] Total time for which application threads were stopped: 0.0008364 seconds, Stopping threads took: 0.0003472 seconds
[2022-06-13T02:07:07.942+0000][1][safepoint    ] Application time: 0.0157447 seconds
[2022-06-13T02:07:07.943+0000][1][safepoint    ] Entering safepoint region: CollectForMetadataAllocation
[2022-06-13T02:07:07.943+0000][1][safepoint    ] Leaving safepoint region
[2022-06-13T02:07:07.943+0000][1][safepoint    ] Total time for which application threads were stopped: 0.0007282 seconds, Stopping threads took: 0.0003508 seconds
[2022-06-13T02:07:07.953+0000][1][safepoint    ] Application time: 0.0092146 seconds
[2022-06-13T02:07:07.953+0000][1][safepoint    ] Entering safepoint region: CollectForMetadataAllocation
[2022-06-13T02:07:07.954+0000][1][safepoint    ] Leaving safepoint region
[2022-06-13T02:07:07.954+0000][1][safepoint    ] Total time for which application threads were stopped: 0.0006871 seconds, Stopping threads took: 0.0003444 seconds
[2022-06-13T02:07:07.968+0000][1][safepoint    ] Application time: 0.0137784 seconds
[2022-06-13T02:07:07.968+0000][1][safepoint    ] Entering safepoint region: CollectForMetadataAllocation
[2022-06-13T02:07:07.969+0000][1][safepoint    ] Leaving safepoint region
[2022-06-13T02:07:07.969+0000][1][safepoint    ] Total time for which application threads were stopped: 0.0005756 seconds, Stopping threads took: 0.0002520 seconds
[2022-06-13T02:07:07.972+0000][1][safepoint    ] Application time: 0.0030158 seconds
[2022-06-13T02:07:07.972+0000][1][safepoint    ] Entering safepoint region: RevokeBias
[2022-06-13T02:07:07.973+0000][1][safepoint    ] Leaving safepoint region
[2022-06-13T02:07:07.973+0000][1][safepoint    ] Total time for which application threads were stopped: 0.0005993 seconds, Stopping threads took: 0.0003497 seconds
[2022-06-13T02:07:07.980+0000][1][safepoint    ] Application time: 0.0063978 seconds
[2022-06-13T02:07:07.980+0000][1][safepoint    ] Entering safepoint region: CollectForMetadataAllocation
[2022-06-13T02:07:07.980+0000][1][safepoint    ] Leaving safepoint region
[2022-06-13T02:07:07.981+0000][1][safepoint    ] Total time for which application threads were stopped: 0.0006308 seconds, Stopping threads took: 0.0002548 seconds
[2022-06-13T02:07:08.111+0000][1][safepoint    ] Application time: 0.1306615 seconds
[2022-06-13T02:07:08.112+0000][1][safepoint    ] Entering safepoint region: CollectForMetadataAllocation
[2022-06-13T02:07:08.112+0000][1][safepoint    ] Leaving safepoint region
[2022-06-13T02:07:08.113+0000][1][safepoint    ] Total time for which application threads were stopped: 0.0006474 seconds, Stopping threads took: 0.0002611 seconds
[2022-06-13T02:07:08.307+0000][1][safepoint    ] Application time: 0.1936901 seconds
[2022-06-13T02:07:08.307+0000][1][safepoint    ] Entering safepoint region: GenCollectForAllocation
[2022-06-13T02:07:08.307+0000][1][gc,start     ] GC(17) Pause Young (Allocation Failure)
[2022-06-13T02:07:08.308+0000][1][gc,task      ] GC(17) Using 5 workers of 13 for evacuation
[2022-06-13T02:07:08.311+0000][1][gc,age       ] GC(17) Desired survivor size 4456448 bytes, new threshold 6 (max threshold 6)
[2022-06-13T02:07:08.312+0000][1][gc,age       ] GC(17) Age table with threshold 6 (max threshold 6)
[2022-06-13T02:07:08.312+0000][1][gc,age       ] GC(17) - age   1:    3768496 bytes,    3768496 total
[2022-06-13T02:07:08.312+0000][1][gc,age       ] GC(17) - age   2:     388520 bytes,    4157016 total
[2022-06-13T02:07:08.313+0000][1][gc,heap      ] GC(17) ParNew: 77076K->4835K(78656K)
[2022-06-13T02:07:08.313+0000][1][gc,heap      ] GC(17) CMS: 55464K->55464K(174784K)
[2022-06-13T02:07:08.313+0000][1][gc,metaspace ] GC(17) Metaspace: 42259K->42259K(1087488K)
[2022-06-13T02:07:08.314+0000][1][gc           ] GC(17) Pause Young (Allocation Failure) 129M->58M(247M) 6.393ms
[2022-06-13T02:07:08.314+0000][1][gc,cpu       ] GC(17) User=0.01s Sys=0.00s Real=0.01s
[2022-06-13T02:07:08.314+0000][1][safepoint    ] Leaving safepoint region
[2022-06-13T02:07:08.314+0000][1][safepoint    ] Total time for which application threads were stopped: 0.0075051 seconds, Stopping threads took: 0.0003108 seconds
[2022-06-13T02:07:08.315+0000][1][safepoint    ] Application time: 0.0002459 seconds
[2022-06-13T02:07:08.316+0000][1][safepoint    ] Entering safepoint region: CMS_Initial_Mark
[2022-06-13T02:07:08.316+0000][1][gc,start     ] GC(18) Pause Initial Mark
[2022-06-13T02:07:08.317+0000][1][gc           ] GC(18) Pause Initial Mark 60M->60M(247M) 1.561ms
[2022-06-13T02:07:08.318+0000][1][gc,cpu       ] GC(18) User=0.00s Sys=0.00s Real=0.00s
[2022-06-13T02:07:08.318+0000][1][safepoint    ] Leaving safepoint region
[2022-06-13T02:07:08.318+0000][1][safepoint    ] Total time for which application threads were stopped: 0.0029398 seconds, Stopping threads took: 0.0003911 seconds
[2022-06-13T02:07:08.319+0000][1][gc           ] GC(18) Concurrent Mark
[2022-06-13T02:07:08.319+0000][1][gc,task      ] GC(18) Using 4 workers of 4 for marking
[2022-06-13T02:07:08.329+0000][1][safepoint    ] Application time: 0.0102574 seconds
[2022-06-13T02:07:08.329+0000][1][safepoint    ] Entering safepoint region: CollectForMetadataAllocation
[2022-06-13T02:07:08.330+0000][1][safepoint    ] Leaving safepoint region
[2022-06-13T02:07:08.330+0000][1][safepoint    ] Total time for which application threads were stopped: 0.0006763 seconds, Stopping threads took: 0.0003070 seconds
[2022-06-13T02:07:08.338+0000][1][gc           ] GC(18) Concurrent Mark 18.712ms
[2022-06-13T02:07:08.338+0000][1][gc,cpu       ] GC(18) User=0.08s Sys=0.00s Real=0.02s
[2022-06-13T02:07:08.338+0000][1][gc           ] GC(18) Concurrent Preclean
[2022-06-13T02:07:08.340+0000][1][gc           ] GC(18) Concurrent Preclean 1.544ms
[2022-06-13T02:07:08.340+0000][1][gc,cpu       ] GC(18) User=0.01s Sys=0.00s Real=0.01s
[2022-06-13T02:07:08.340+0000][1][gc           ] GC(18) Concurrent Abortable Preclean
[2022-06-13T02:07:08.344+0000][1][safepoint    ] Application time: 0.0142631 seconds
[2022-06-13T02:07:08.345+0000][1][safepoint    ] Entering safepoint region: CollectForMetadataAllocation
[2022-06-13T02:07:08.345+0000][1][safepoint    ] Leaving safepoint region
[2022-06-13T02:07:08.345+0000][1][safepoint    ] Total time for which application threads were stopped: 0.0003712 seconds, Stopping threads took: 0.0001927 seconds
[2022-06-13T02:07:08.451+0000][1][safepoint    ] Application time: 0.1058863 seconds
[2022-06-13T02:07:08.451+0000][1][safepoint    ] Entering safepoint region: CollectForMetadataAllocation
[2022-06-13T02:07:08.452+0000][1][safepoint    ] Leaving safepoint region
[2022-06-13T02:07:08.452+0000][1][safepoint    ] Total time for which application threads were stopped: 0.0006623 seconds, Stopping threads took: 0.0001647 seconds
[2022-06-13T02:07:08.466+0000][1][safepoint    ] Application time: 0.0138338 seconds
[2022-06-13T02:07:08.466+0000][1][safepoint    ] Entering safepoint region: CollectForMetadataAllocation
[2022-06-13T02:07:08.467+0000][1][safepoint    ] Leaving safepoint region
[2022-06-13T02:07:08.467+0000][1][safepoint    ] Total time for which application threads were stopped: 0.0004168 seconds, Stopping threads took: 0.0001507 seconds
[2022-06-13T02:07:08.474+0000][1][safepoint    ] Application time: 0.0075233 seconds
[2022-06-13T02:07:08.475+0000][1][safepoint    ] Entering safepoint region: CollectForMetadataAllocation
[2022-06-13T02:07:08.475+0000][1][safepoint    ] Leaving safepoint region
[2022-06-13T02:07:08.475+0000][1][safepoint    ] Total time for which application threads were stopped: 0.0004291 seconds, Stopping threads took: 0.0001609 seconds
[2022-06-13T02:07:08.494+0000][1][safepoint    ] Application time: 0.0189034 seconds
[2022-06-13T02:07:08.495+0000][1][safepoint    ] Entering safepoint region: CollectForMetadataAllocation
[2022-06-13T02:07:08.495+0000][1][safepoint    ] Leaving safepoint region
[2022-06-13T02:07:08.496+0000][1][safepoint    ] Total time for which application threads were stopped: 0.0008757 seconds, Stopping threads took: 0.0004273 seconds
[2022-06-13T02:07:08.497+0000][1][gc           ] GC(18) Concurrent Abortable Preclean 156.529ms
[2022-06-13T02:07:08.497+0000][1][gc,cpu       ] GC(18) User=0.81s Sys=0.01s Real=0.15s
[2022-06-13T02:07:08.497+0000][1][safepoint    ] Application time: 0.0012668 seconds
[2022-06-13T02:07:08.498+0000][1][safepoint    ] Entering safepoint region: CMS_Final_Remark
[2022-06-13T02:07:08.498+0000][1][gc,start     ] GC(18) Pause Remark
[2022-06-13T02:07:08.511+0000][1][gc           ] GC(18) Pause Remark 94M->94M(247M) 12.912ms
[2022-06-13T02:07:08.511+0000][1][gc,cpu       ] GC(18) User=0.04s Sys=0.00s Real=0.02s
[2022-06-13T02:07:08.512+0000][1][safepoint    ] Leaving safepoint region
[2022-06-13T02:07:08.512+0000][1][safepoint    ] Total time for which application threads were stopped: 0.0146082 seconds, Stopping threads took: 0.0005464 seconds
[2022-06-13T02:07:08.513+0000][1][gc           ] GC(18) Concurrent Sweep
[2022-06-13T02:07:08.528+0000][1][gc           ] GC(18) Concurrent Sweep 15.522ms
[2022-06-13T02:07:08.529+0000][1][gc,cpu       ] GC(18) User=0.05s Sys=0.01s Real=0.01s
[2022-06-13T02:07:08.529+0000][1][gc           ] GC(18) Concurrent Reset
[2022-06-13T02:07:08.529+0000][1][gc           ] GC(18) Concurrent Reset 0.386ms
[2022-06-13T02:07:08.529+0000][1][gc,cpu       ] GC(18) User=0.01s Sys=0.00s Real=0.01s
[2022-06-13T02:07:08.530+0000][1][gc,heap      ] GC(18) Old: 55464K->55236K(174784K)
[2022-06-13T02:07:08.559+0000][1][safepoint    ] Application time: 0.0467785 seconds
[2022-06-13T02:07:08.560+0000][1][safepoint    ] Entering safepoint region: RevokeBias
[2022-06-13T02:07:08.561+0000][1][safepoint    ] Leaving safepoint region
[2022-06-13T02:07:08.561+0000][1][safepoint    ] Total time for which application threads were stopped: 0.0014051 seconds, Stopping threads took: 0.0004479 seconds
[2022-06-13T02:07:08.565+0000][1][safepoint    ] Application time: 0.0028155 seconds
[2022-06-13T02:07:08.565+0000][1][safepoint    ] Entering safepoint region: RevokeBias
[2022-06-13T02:07:08.565+0000][1][safepoint    ] Leaving safepoint region
[2022-06-13T02:07:08.566+0000][1][safepoint    ] Total time for which application threads were stopped: 0.0010511 seconds, Stopping threads took: 0.0004613 seconds
[2022-06-13T02:07:08.677+0000][1][safepoint    ] Application time: 0.1110436 seconds
[2022-06-13T02:07:08.678+0000][1][safepoint    ] Entering safepoint region: RevokeBias
[2022-06-13T02:07:08.678+0000][1][safepoint    ] Leaving safepoint region
[2022-06-13T02:07:08.679+0000][1][safepoint    ] Total time for which application threads were stopped: 0.0010439 seconds, Stopping threads took: 0.0003090 seconds
[2022-06-13T02:07:08.726+0000][1][safepoint    ] Application time: 0.0471125 seconds
[2022-06-13T02:07:08.727+0000][1][safepoint    ] Entering safepoint region: RevokeBias
[2022-06-13T02:07:08.727+0000][1][safepoint    ] Leaving safepoint region
[2022-06-13T02:07:08.727+0000][1][safepoint    ] Total time for which application threads were stopped: 0.0007553 seconds, Stopping threads took: 0.0003780 seconds
[2022-06-13T02:07:08.728+0000][1][safepoint    ] Application time: 0.0003143 seconds
[2022-06-13T02:07:08.728+0000][1][safepoint    ] Entering safepoint region: RevokeBias
[2022-06-13T02:07:08.728+0000][1][safepoint    ] Leaving safepoint region
[2022-06-13T02:07:08.729+0000][1][safepoint    ] Total time for which application threads were stopped: 0.0004402 seconds, Stopping threads took: 0.0002038 seconds
[2022-06-13T02:07:08.729+0000][1][safepoint    ] Application time: 0.0002176 seconds
[2022-06-13T02:07:08.729+0000][1][safepoint    ] Entering safepoint region: RevokeBias
[2022-06-13T02:07:08.730+0000][1][safepoint    ] Leaving safepoint region
[2022-06-13T02:07:08.730+0000][1][safepoint    ] Total time for which application threads were stopped: 0.0006154 seconds, Stopping threads took: 0.0003525 seconds
[2022-06-13T02:07:08.730+0000][1][safepoint    ] Application time: 0.0002189 seconds
[2022-06-13T02:07:08.730+0000][1][safepoint    ] Entering safepoint region: RevokeBias
[2022-06-13T02:07:08.730+0000][1][safepoint    ] Leaving safepoint region
[2022-06-13T02:07:08.731+0000][1][safepoint    ] Total time for which application threads were stopped: 0.0002283 seconds, Stopping threads took: 0.0001063 seconds
[2022-06-13T02:07:08.731+0000][1][safepoint    ] Application time: 0.0002548 seconds
[2022-06-13T02:07:08.731+0000][1][safepoint    ] Entering safepoint region: RevokeBias
[2022-06-13T02:07:08.731+0000][1][safepoint    ] Leaving safepoint region
[2022-06-13T02:07:08.732+0000][1][safepoint    ] Total time for which application threads were stopped: 0.0005485 seconds, Stopping threads took: 0.0003341 seconds
[2022-06-13T02:07:08.732+0000][1][safepoint    ] Application time: 0.0003177 seconds
[2022-06-13T02:07:08.732+0000][1][safepoint    ] Entering safepoint region: RevokeBias
[2022-06-13T02:07:08.733+0000][1][safepoint    ] Leaving safepoint region
[2022-06-13T02:07:08.733+0000][1][safepoint    ] Total time for which application threads were stopped: 0.0004572 seconds, Stopping threads took: 0.0002116 seconds
[2022-06-13T02:07:08.733+0000][1][safepoint    ] Application time: 0.0001982 seconds
[2022-06-13T02:07:08.734+0000][1][safepoint    ] Entering safepoint region: RevokeBias
[2022-06-13T02:07:08.734+0000][1][safepoint    ] Leaving safepoint region
[2022-06-13T02:07:08.734+0000][1][safepoint    ] Total time for which application threads were stopped: 0.0006902 seconds, Stopping threads took: 0.0004802 seconds
[2022-06-13T02:07:08.734+0000][1][safepoint    ] Application time: 0.0000940 seconds
[2022-06-13T02:07:08.735+0000][1][safepoint    ] Entering safepoint region: RevokeBias
[2022-06-13T02:07:08.735+0000][1][safepoint    ] Leaving safepoint region
[2022-06-13T02:07:08.735+0000][1][safepoint    ] Total time for which application threads were stopped: 0.0003643 seconds, Stopping threads took: 0.0001760 seconds
[2022-06-13T02:07:08.735+0000][1][safepoint    ] Application time: 0.0002089 seconds
[2022-06-13T02:07:08.735+0000][1][safepoint    ] Entering safepoint region: RevokeBias
[2022-06-13T02:07:08.735+0000][1][safepoint    ] Leaving safepoint region
[2022-06-13T02:07:08.736+0000][1][safepoint    ] Total time for which application threads were stopped: 0.0002522 seconds, Stopping threads took: 0.0001354 seconds
[2022-06-13T02:07:08.736+0000][1][safepoint    ] Application time: 0.0000919 seconds
[2022-06-13T02:07:08.736+0000][1][safepoint    ] Entering safepoint region: RevokeBias
[2022-06-13T02:07:08.736+0000][1][safepoint    ] Leaving safepoint region
[2022-06-13T02:07:08.736+0000][1][safepoint    ] Total time for which application threads were stopped: 0.0002637 seconds, Stopping threads took: 0.0001354 seconds
[2022-06-13T02:07:08.736+0000][1][safepoint    ] Application time: 0.0000726 seconds
[2022-06-13T02:07:08.737+0000][1][safepoint    ] Entering safepoint region: RevokeBias
[2022-06-13T02:07:08.737+0000][1][safepoint    ] Leaving safepoint region
[2022-06-13T02:07:08.737+0000][1][safepoint    ] Total time for which application threads were stopped: 0.0004271 seconds, Stopping threads took: 0.0002754 seconds
[2022-06-13T02:07:08.737+0000][1][safepoint    ] Application time: 0.0001095 seconds
[2022-06-13T02:07:08.737+0000][1][safepoint    ] Entering safepoint region: RevokeBias
[2022-06-13T02:07:08.737+0000][1][safepoint    ] Leaving safepoint region
[2022-06-13T02:07:08.737+0000][1][safepoint    ] Total time for which application threads were stopped: 0.0002396 seconds, Stopping threads took: 0.0001057 seconds
[2022-06-13T02:07:08.738+0000][1][safepoint    ] Application time: 0.0001436 seconds
[2022-06-13T02:07:08.738+0000][1][safepoint    ] Entering safepoint region: RevokeBias
[2022-06-13T02:07:08.738+0000][1][safepoint    ] Leaving safepoint region
[2022-06-13T02:07:08.738+0000][1][safepoint    ] Total time for which application threads were stopped: 0.0002593 seconds, Stopping threads took: 0.0001323 seconds
[2022-06-13T02:07:08.738+0000][1][safepoint    ] Application time: 0.0000892 seconds
[2022-06-13T02:07:08.738+0000][1][safepoint    ] Entering safepoint region: RevokeBias
[2022-06-13T02:07:08.739+0000][1][safepoint    ] Leaving safepoint region
[2022-06-13T02:07:08.739+0000][1][safepoint    ] Total time for which application threads were stopped: 0.0002162 seconds, Stopping threads took: 0.0001060 seconds
[2022-06-13T02:07:08.739+0000][1][safepoint    ] Application time: 0.0000543 seconds
[2022-06-13T02:07:08.739+0000][1][safepoint    ] Entering safepoint region: RevokeBias
[2022-06-13T02:07:08.739+0000][1][safepoint    ] Leaving safepoint region
[2022-06-13T02:07:08.739+0000][1][safepoint    ] Total time for which application threads were stopped: 0.0002724 seconds, Stopping threads took: 0.0001111 seconds
[2022-06-13T02:07:08.739+0000][1][safepoint    ] Application time: 0.0000581 seconds
[2022-06-13T02:07:08.739+0000][1][safepoint    ] Entering safepoint region: RevokeBias
[2022-06-13T02:07:08.740+0000][1][safepoint    ] Leaving safepoint region
[2022-06-13T02:07:08.740+0000][1][safepoint    ] Total time for which application threads were stopped: 0.0002277 seconds, Stopping threads took: 0.0001052 seconds
[2022-06-13T02:07:08.740+0000][1][safepoint    ] Application time: 0.0000620 seconds
[2022-06-13T02:07:08.740+0000][1][safepoint    ] Entering safepoint region: RevokeBias
[2022-06-13T02:07:08.740+0000][1][safepoint    ] Leaving safepoint region
[2022-06-13T02:07:08.740+0000][1][safepoint    ] Total time for which application threads were stopped: 0.0003239 seconds, Stopping threads took: 0.0001094 seconds
[2022-06-13T02:07:08.741+0000][1][safepoint    ] Application time: 0.0001952 seconds
[2022-06-13T02:07:08.741+0000][1][safepoint    ] Entering safepoint region: RevokeBias
[2022-06-13T02:07:08.741+0000][1][safepoint    ] Leaving safepoint region
[2022-06-13T02:07:08.741+0000][1][safepoint    ] Total time for which application threads were stopped: 0.0003676 seconds, Stopping threads took: 0.0001718 seconds
[2022-06-13T02:07:08.742+0000][1][safepoint    ] Application time: 0.0002000 seconds
[2022-06-13T02:07:08.742+0000][1][safepoint    ] Entering safepoint region: RevokeBias
[2022-06-13T02:07:08.742+0000][1][safepoint    ] Leaving safepoint region
[2022-06-13T02:07:08.742+0000][1][safepoint    ] Total time for which application threads were stopped: 0.0003977 seconds, Stopping threads took: 0.0001855 seconds
[2022-06-13T02:07:08.742+0000][1][safepoint    ] Application time: 0.0001766 seconds
[2022-06-13T02:07:08.743+0000][1][safepoint    ] Entering safepoint region: RevokeBias
[2022-06-13T02:07:08.743+0000][1][safepoint    ] Leaving safepoint region
[2022-06-13T02:07:08.743+0000][1][safepoint    ] Total time for which application threads were stopped: 0.0003938 seconds, Stopping threads took: 0.0001851 seconds
[2022-06-13T02:07:08.743+0000][1][safepoint    ] Application time: 0.0001736 seconds
[2022-06-13T02:07:08.744+0000][1][safepoint    ] Entering safepoint region: RevokeBias
[2022-06-13T02:07:08.744+0000][1][safepoint    ] Leaving safepoint region
[2022-06-13T02:07:08.744+0000][1][safepoint    ] Total time for which application threads were stopped: 0.0006911 seconds, Stopping threads took: 0.0003075 seconds
[2022-06-13T02:07:08.745+0000][1][safepoint    ] Application time: 0.0001871 seconds
[2022-06-13T02:07:08.745+0000][1][safepoint    ] Entering safepoint region: RevokeBias
[2022-06-13T02:07:08.745+0000][1][safepoint    ] Leaving safepoint region
[2022-06-13T02:07:08.745+0000][1][safepoint    ] Total time for which application threads were stopped: 0.0002539 seconds, Stopping threads took: 0.0001239 seconds
[2022-06-13T02:07:08.746+0000][1][safepoint    ] Application time: 0.0000587 seconds
[2022-06-13T02:07:08.746+0000][1][safepoint    ] Entering safepoint region: RevokeBias
[2022-06-13T02:07:08.746+0000][1][safepoint    ] Leaving safepoint region
[2022-06-13T02:07:08.746+0000][1][safepoint    ] Total time for which application threads were stopped: 0.0002093 seconds, Stopping threads took: 0.0000879 seconds
[2022-06-13T02:07:08.746+0000][1][safepoint    ] Application time: 0.0000531 seconds
[2022-06-13T02:07:08.746+0000][1][safepoint    ] Entering safepoint region: RevokeBias
[2022-06-13T02:07:08.746+0000][1][safepoint    ] Leaving safepoint region
[2022-06-13T02:07:08.746+0000][1][safepoint    ] Total time for which application threads were stopped: 0.0001991 seconds, Stopping threads took: 0.0000891 seconds
[2022-06-13T02:07:08.746+0000][1][safepoint    ] Application time: 0.0000585 seconds
[2022-06-13T02:07:08.747+0000][1][safepoint    ] Entering safepoint region: RevokeBias
[2022-06-13T02:07:08.747+0000][1][safepoint    ] Leaving safepoint region
[2022-06-13T02:07:08.747+0000][1][safepoint    ] Total time for which application threads were stopped: 0.0001993 seconds, Stopping threads took: 0.0000900 seconds
[2022-06-13T02:07:08.747+0000][1][safepoint    ] Application time: 0.0000545 seconds
[2022-06-13T02:07:08.747+0000][1][safepoint    ] Entering safepoint region: RevokeBias
[2022-06-13T02:07:08.747+0000][1][safepoint    ] Leaving safepoint region
[2022-06-13T02:07:08.747+0000][1][safepoint    ] Total time for which application threads were stopped: 0.0001998 seconds, Stopping threads took: 0.0000878 seconds
[2022-06-13T02:07:08.747+0000][1][safepoint    ] Application time: 0.0000522 seconds
[2022-06-13T02:07:08.747+0000][1][safepoint    ] Entering safepoint region: RevokeBias
[2022-06-13T02:07:08.748+0000][1][safepoint    ] Leaving safepoint region
[2022-06-13T02:07:08.748+0000][1][safepoint    ] Total time for which application threads were stopped: 0.0002237 seconds, Stopping threads took: 0.0001118 seconds
[2022-06-13T02:07:08.748+0000][1][safepoint    ] Application time: 0.0000515 seconds
[2022-06-13T02:07:08.748+0000][1][safepoint    ] Entering safepoint region: RevokeBias
[2022-06-13T02:07:08.748+0000][1][safepoint    ] Leaving safepoint region
[2022-06-13T02:07:08.748+0000][1][safepoint    ] Total time for which application threads were stopped: 0.0002046 seconds, Stopping threads took: 0.0000946 seconds
[2022-06-13T02:07:08.748+0000][1][safepoint    ] Application time: 0.0000604 seconds
[2022-06-13T02:07:08.748+0000][1][safepoint    ] Entering safepoint region: RevokeBias
[2022-06-13T02:07:08.748+0000][1][safepoint    ] Leaving safepoint region
[2022-06-13T02:07:08.749+0000][1][safepoint    ] Total time for which application threads were stopped: 0.0002065 seconds, Stopping threads took: 0.0000883 seconds
[2022-06-13T02:07:08.749+0000][1][safepoint    ] Application time: 0.0000512 seconds
[2022-06-13T02:07:08.749+0000][1][safepoint    ] Entering safepoint region: RevokeBias
[2022-06-13T02:07:08.749+0000][1][safepoint    ] Leaving safepoint region
[2022-06-13T02:07:08.749+0000][1][safepoint    ] Total time for which application threads were stopped: 0.0002135 seconds, Stopping threads took: 0.0000973 seconds
[2022-06-13T02:07:08.749+0000][1][safepoint    ] Application time: 0.0000766 seconds
[2022-06-13T02:07:08.749+0000][1][safepoint    ] Entering safepoint region: RevokeBias
[2022-06-13T02:07:08.749+0000][1][safepoint    ] Leaving safepoint region
[2022-06-13T02:07:08.749+0000][1][safepoint    ] Total time for which application threads were stopped: 0.0002150 seconds, Stopping threads took: 0.0000893 seconds
[2022-06-13T02:07:08.750+0000][1][safepoint    ] Application time: 0.0001061 seconds
[2022-06-13T02:07:08.750+0000][1][safepoint    ] Entering safepoint region: RevokeBias
[2022-06-13T02:07:08.750+0000][1][safepoint    ] Leaving safepoint region
[2022-06-13T02:07:08.750+0000][1][safepoint    ] Total time for which application threads were stopped: 0.0002220 seconds, Stopping threads took: 0.0001081 seconds
[2022-06-13T02:07:08.750+0000][1][safepoint    ] Application time: 0.0000578 seconds
[2022-06-13T02:07:08.750+0000][1][safepoint    ] Entering safepoint region: BulkRevokeBias
[2022-06-13T02:07:08.750+0000][1][safepoint    ] Leaving safepoint region
[2022-06-13T02:07:08.751+0000][1][safepoint    ] Total time for which application threads were stopped: 0.0002347 seconds, Stopping threads took: 0.0000971 seconds
[2022-06-13T02:07:08.751+0000][1][safepoint    ] Application time: 0.0001372 seconds
[2022-06-13T02:07:08.751+0000][1][safepoint    ] Entering safepoint region: RevokeBias
[2022-06-13T02:07:08.751+0000][1][safepoint    ] Leaving safepoint region
[2022-06-13T02:07:08.751+0000][1][safepoint    ] Total time for which application threads were stopped: 0.0002052 seconds, Stopping threads took: 0.0000912 seconds
[2022-06-13T02:07:08.751+0000][1][safepoint    ] Application time: 0.0000689 seconds
[2022-06-13T02:07:08.751+0000][1][safepoint    ] Entering safepoint region: RevokeBias
[2022-06-13T02:07:08.751+0000][1][safepoint    ] Leaving safepoint region
[2022-06-13T02:07:08.752+0000][1][safepoint    ] Total time for which application threads were stopped: 0.0002091 seconds, Stopping threads took: 0.0000984 seconds
[2022-06-13T02:07:08.752+0000][1][safepoint    ] Application time: 0.0000946 seconds
[2022-06-13T02:07:08.752+0000][1][safepoint    ] Entering safepoint region: RevokeBias
[2022-06-13T02:07:08.752+0000][1][safepoint    ] Leaving safepoint region
[2022-06-13T02:07:08.752+0000][1][safepoint    ] Total time for which application threads were stopped: 0.0001998 seconds, Stopping threads took: 0.0000938 seconds
[2022-06-13T02:07:08.752+0000][1][safepoint    ] Application time: 0.0000741 seconds
[2022-06-13T02:07:08.752+0000][1][safepoint    ] Entering safepoint region: RevokeBias
[2022-06-13T02:07:08.752+0000][1][safepoint    ] Leaving safepoint region
[2022-06-13T02:07:08.753+0000][1][safepoint    ] Total time for which application threads were stopped: 0.0002490 seconds, Stopping threads took: 0.0001081 seconds
[2022-06-13T02:07:08.753+0000][1][safepoint    ] Application time: 0.0000720 seconds
[2022-06-13T02:07:08.753+0000][1][safepoint    ] Entering safepoint region: RevokeBias
[2022-06-13T02:07:08.753+0000][1][safepoint    ] Leaving safepoint region
[2022-06-13T02:07:08.753+0000][1][safepoint    ] Total time for which application threads were stopped: 0.0002098 seconds, Stopping threads took: 0.0000890 seconds
[2022-06-13T02:07:08.753+0000][1][safepoint    ] Application time: 0.0000665 seconds
[2022-06-13T02:07:08.753+0000][1][safepoint    ] Entering safepoint region: RevokeBias
[2022-06-13T02:07:08.753+0000][1][safepoint    ] Leaving safepoint region
[2022-06-13T02:07:08.754+0000][1][safepoint    ] Total time for which application threads were stopped: 0.0002203 seconds, Stopping threads took: 0.0000892 seconds
[2022-06-13T02:07:08.754+0000][1][safepoint    ] Application time: 0.0000689 seconds
[2022-06-13T02:07:08.754+0000][1][safepoint    ] Entering safepoint region: RevokeBias
[2022-06-13T02:07:08.754+0000][1][safepoint    ] Leaving safepoint region
[2022-06-13T02:07:08.754+0000][1][safepoint    ] Total time for which application threads were stopped: 0.0002313 seconds, Stopping threads took: 0.0001083 seconds
[2022-06-13T02:07:08.754+0000][1][safepoint    ] Application time: 0.0000587 seconds
[2022-06-13T02:07:08.754+0000][1][safepoint    ] Entering safepoint region: RevokeBias
[2022-06-13T02:07:08.754+0000][1][safepoint    ] Leaving safepoint region
[2022-06-13T02:07:08.755+0000][1][safepoint    ] Total time for which application threads were stopped: 0.0002666 seconds, Stopping threads took: 0.0001491 seconds
[2022-06-13T02:07:08.755+0000][1][safepoint    ] Application time: 0.0000592 seconds
[2022-06-13T02:07:08.755+0000][1][safepoint    ] Entering safepoint region: RevokeBias
[2022-06-13T02:07:08.755+0000][1][safepoint    ] Leaving safepoint region
[2022-06-13T02:07:08.755+0000][1][safepoint    ] Total time for which application threads were stopped: 0.0002112 seconds, Stopping threads took: 0.0000968 seconds
[2022-06-13T02:07:08.755+0000][1][safepoint    ] Application time: 0.0000484 seconds
[2022-06-13T02:07:08.755+0000][1][safepoint    ] Entering safepoint region: RevokeBias
[2022-06-13T02:07:08.755+0000][1][safepoint    ] Leaving safepoint region
[2022-06-13T02:07:08.755+0000][1][safepoint    ] Total time for which application threads were stopped: 0.0002091 seconds, Stopping threads took: 0.0000875 seconds
[2022-06-13T02:07:08.756+0000][1][safepoint    ] Application time: 0.0000522 seconds
[2022-06-13T02:07:08.756+0000][1][safepoint    ] Entering safepoint region: RevokeBias
[2022-06-13T02:07:08.756+0000][1][safepoint    ] Leaving safepoint region
[2022-06-13T02:07:08.756+0000][1][safepoint    ] Total time for which application threads were stopped: 0.0002111 seconds, Stopping threads took: 0.0001028 seconds
[2022-06-13T02:07:08.756+0000][1][safepoint    ] Application time: 0.0000478 seconds
[2022-06-13T02:07:08.756+0000][1][safepoint    ] Entering safepoint region: RevokeBias
[2022-06-13T02:07:08.756+0000][1][safepoint    ] Leaving safepoint region
[2022-06-13T02:07:08.756+0000][1][safepoint    ] Total time for which application threads were stopped: 0.0001932 seconds, Stopping threads took: 0.0000868 seconds
[2022-06-13T02:07:08.757+0000][1][safepoint    ] Application time: 0.0000496 seconds
[2022-06-13T02:07:08.757+0000][1][safepoint    ] Entering safepoint region: RevokeBias
[2022-06-13T02:07:08.757+0000][1][safepoint    ] Leaving safepoint region
[2022-06-13T02:07:08.757+0000][1][safepoint    ] Total time for which application threads were stopped: 0.0002034 seconds, Stopping threads took: 0.0000875 seconds
[2022-06-13T02:07:08.757+0000][1][safepoint    ] Application time: 0.0000506 seconds
[2022-06-13T02:07:08.757+0000][1][safepoint    ] Entering safepoint region: RevokeBias
[2022-06-13T02:07:08.757+0000][1][safepoint    ] Leaving safepoint region
[2022-06-13T02:07:08.757+0000][1][safepoint    ] Total time for which application threads were stopped: 0.0001919 seconds, Stopping threads took: 0.0000864 seconds
[2022-06-13T02:07:08.757+0000][1][safepoint    ] Application time: 0.0000502 seconds
[2022-06-13T02:07:08.757+0000][1][safepoint    ] Entering safepoint region: RevokeBias
[2022-06-13T02:07:08.758+0000][1][safepoint    ] Leaving safepoint region
[2022-06-13T02:07:08.758+0000][1][safepoint    ] Total time for which application threads were stopped: 0.0002006 seconds, Stopping threads took: 0.0000952 seconds
[2022-06-13T02:07:08.758+0000][1][safepoint    ] Application time: 0.0000520 seconds
[2022-06-13T02:07:08.758+0000][1][safepoint    ] Entering safepoint region: RevokeBias
[2022-06-13T02:07:08.758+0000][1][safepoint    ] Leaving safepoint region
[2022-06-13T02:07:08.758+0000][1][safepoint    ] Total time for which application threads were stopped: 0.0001917 seconds, Stopping threads took: 0.0000871 seconds
[2022-06-13T02:07:08.758+0000][1][safepoint    ] Application time: 0.0000478 seconds
[2022-06-13T02:07:08.758+0000][1][safepoint    ] Entering safepoint region: RevokeBias
[2022-06-13T02:07:08.758+0000][1][safepoint    ] Leaving safepoint region
[2022-06-13T02:07:08.759+0000][1][safepoint    ] Total time for which application threads were stopped: 0.0002020 seconds, Stopping threads took: 0.0000870 seconds
[2022-06-13T02:07:08.759+0000][1][safepoint    ] Application time: 0.0000482 seconds
[2022-06-13T02:07:08.759+0000][1][safepoint    ] Entering safepoint region: RevokeBias
[2022-06-13T02:07:08.759+0000][1][safepoint    ] Leaving safepoint region
[2022-06-13T02:07:08.759+0000][1][safepoint    ] Total time for which application threads were stopped: 0.0002290 seconds, Stopping threads took: 0.0001219 seconds
[2022-06-13T02:07:08.759+0000][1][safepoint    ] Application time: 0.0000525 seconds
[2022-06-13T02:07:08.759+0000][1][safepoint    ] Entering safepoint region: RevokeBias
[2022-06-13T02:07:08.759+0000][1][safepoint    ] Leaving safepoint region
[2022-06-13T02:07:08.759+0000][1][safepoint    ] Total time for which application threads were stopped: 0.0002094 seconds, Stopping threads took: 0.0000978 seconds
[2022-06-13T02:07:08.760+0000][1][safepoint    ] Application time: 0.0000470 seconds
[2022-06-13T02:07:08.760+0000][1][safepoint    ] Entering safepoint region: RevokeBias
[2022-06-13T02:07:08.760+0000][1][safepoint    ] Leaving safepoint region
[2022-06-13T02:07:08.760+0000][1][safepoint    ] Total time for which application threads were stopped: 0.0001931 seconds, Stopping threads took: 0.0000880 seconds
[2022-06-13T02:07:08.760+0000][1][safepoint    ] Application time: 0.0000589 seconds
[2022-06-13T02:07:08.760+0000][1][safepoint    ] Entering safepoint region: RevokeBias
[2022-06-13T02:07:08.760+0000][1][safepoint    ] Leaving safepoint region
[2022-06-13T02:07:08.760+0000][1][safepoint    ] Total time for which application threads were stopped: 0.0001925 seconds, Stopping threads took: 0.0000871 seconds
[2022-06-13T02:07:08.760+0000][1][safepoint    ] Application time: 0.0000525 seconds
[2022-06-13T02:07:08.761+0000][1][safepoint    ] Entering safepoint region: RevokeBias
[2022-06-13T02:07:08.761+0000][1][safepoint    ] Leaving safepoint region
[2022-06-13T02:07:08.761+0000][1][safepoint    ] Total time for which application threads were stopped: 0.0001926 seconds, Stopping threads took: 0.0000888 seconds
[2022-06-13T02:07:08.761+0000][1][safepoint    ] Application time: 0.0000473 seconds
[2022-06-13T02:07:08.761+0000][1][safepoint    ] Entering safepoint region: BulkRevokeBias
[2022-06-13T02:07:08.761+0000][1][safepoint    ] Leaving safepoint region
[2022-06-13T02:07:08.761+0000][1][safepoint    ] Total time for which application threads were stopped: 0.0002336 seconds, Stopping threads took: 0.0000925 seconds
[2022-06-13T02:07:08.762+0000][1][safepoint    ] Application time: 0.0002197 seconds
[2022-06-13T02:07:08.762+0000][1][safepoint    ] Entering safepoint region: RevokeBias
[2022-06-13T02:07:08.762+0000][1][safepoint    ] Leaving safepoint region
[2022-06-13T02:07:08.762+0000][1][safepoint    ] Total time for which application threads were stopped: 0.0003707 seconds, Stopping threads took: 0.0002330 seconds
[2022-06-13T02:07:08.762+0000][1][safepoint    ] Application time: 0.0001438 seconds
[2022-06-13T02:07:08.762+0000][1][safepoint    ] Entering safepoint region: RevokeBias
[2022-06-13T02:07:08.763+0000][1][safepoint    ] Leaving safepoint region
[2022-06-13T02:07:08.763+0000][1][safepoint    ] Total time for which application threads were stopped: 0.0002545 seconds, Stopping threads took: 0.0001325 seconds
[2022-06-13T02:07:08.763+0000][1][safepoint    ] Application time: 0.0001883 seconds
[2022-06-13T02:07:08.763+0000][1][safepoint    ] Entering safepoint region: RevokeBias
[2022-06-13T02:07:08.763+0000][1][safepoint    ] Leaving safepoint region
[2022-06-13T02:07:08.763+0000][1][safepoint    ] Total time for which application threads were stopped: 0.0002290 seconds, Stopping threads took: 0.0001056 seconds
[2022-06-13T02:07:08.763+0000][1][safepoint    ] Application time: 0.0000778 seconds
[2022-06-13T02:07:08.764+0000][1][safepoint    ] Entering safepoint region: RevokeBias
[2022-06-13T02:07:08.764+0000][1][safepoint    ] Leaving safepoint region
[2022-06-13T02:07:08.764+0000][1][safepoint    ] Total time for which application threads were stopped: 0.0004292 seconds, Stopping threads took: 0.0002879 seconds
[2022-06-13T02:07:08.764+0000][1][safepoint    ] Application time: 0.0000632 seconds
[2022-06-13T02:07:08.764+0000][1][safepoint    ] Entering safepoint region: RevokeBias
[2022-06-13T02:07:08.764+0000][1][safepoint    ] Leaving safepoint region
[2022-06-13T02:07:08.764+0000][1][safepoint    ] Total time for which application threads were stopped: 0.0002088 seconds, Stopping threads took: 0.0000977 seconds
[2022-06-13T02:07:08.765+0000][1][safepoint    ] Application time: 0.0001112 seconds
[2022-06-13T02:07:08.765+0000][1][safepoint    ] Entering safepoint region: RevokeBias
[2022-06-13T02:07:08.765+0000][1][safepoint    ] Leaving safepoint region
[2022-06-13T02:07:08.765+0000][1][safepoint    ] Total time for which application threads were stopped: 0.0002770 seconds, Stopping threads took: 0.0001577 seconds
[2022-06-13T02:07:08.765+0000][1][safepoint    ] Application time: 0.0002936 seconds
[2022-06-13T02:07:08.766+0000][1][safepoint    ] Entering safepoint region: RevokeBias
[2022-06-13T02:07:08.766+0000][1][safepoint    ] Leaving safepoint region
[2022-06-13T02:07:08.766+0000][1][safepoint    ] Total time for which application threads were stopped: 0.0002481 seconds, Stopping threads took: 0.0001293 seconds
[2022-06-13T02:07:08.766+0000][1][safepoint    ] Application time: 0.0001153 seconds
[2022-06-13T02:07:08.766+0000][1][safepoint    ] Entering safepoint region: RevokeBias
[2022-06-13T02:07:08.766+0000][1][safepoint    ] Leaving safepoint region
[2022-06-13T02:07:08.766+0000][1][safepoint    ] Total time for which application threads were stopped: 0.0002864 seconds, Stopping threads took: 0.0001624 seconds
[2022-06-13T02:07:08.767+0000][1][safepoint    ] Application time: 0.0004313 seconds
[2022-06-13T02:07:08.767+0000][1][safepoint    ] Entering safepoint region: RevokeBias
[2022-06-13T02:07:08.767+0000][1][safepoint    ] Leaving safepoint region
[2022-06-13T02:07:08.767+0000][1][safepoint    ] Total time for which application threads were stopped: 0.0002138 seconds, Stopping threads took: 0.0000997 seconds
[2022-06-13T02:07:08.768+0000][1][safepoint    ] Application time: 0.0002079 seconds
[2022-06-13T02:07:08.768+0000][1][safepoint    ] Entering safepoint region: RevokeBias
[2022-06-13T02:07:08.768+0000][1][safepoint    ] Leaving safepoint region
[2022-06-13T02:07:08.768+0000][1][safepoint    ] Total time for which application threads were stopped: 0.0002734 seconds, Stopping threads took: 0.0001317 seconds
[2022-06-13T02:07:08.768+0000][1][safepoint    ] Application time: 0.0001775 seconds
[2022-06-13T02:07:08.768+0000][1][safepoint    ] Entering safepoint region: RevokeBias
[2022-06-13T02:07:08.768+0000][1][safepoint    ] Leaving safepoint region
[2022-06-13T02:07:08.769+0000][1][safepoint    ] Total time for which application threads were stopped: 0.0002177 seconds, Stopping threads took: 0.0001074 seconds
[2022-06-13T02:07:08.769+0000][1][safepoint    ] Application time: 0.0000843 seconds
[2022-06-13T02:07:08.769+0000][1][safepoint    ] Entering safepoint region: RevokeBias
[2022-06-13T02:07:08.769+0000][1][safepoint    ] Leaving safepoint region
[2022-06-13T02:07:08.769+0000][1][safepoint    ] Total time for which application threads were stopped: 0.0002201 seconds, Stopping threads took: 0.0000950 seconds
[2022-06-13T02:07:08.769+0000][1][safepoint    ] Application time: 0.0001154 seconds
[2022-06-13T02:07:08.769+0000][1][safepoint    ] Entering safepoint region: BulkRevokeBias
[2022-06-13T02:07:08.770+0000][1][safepoint    ] Leaving safepoint region
[2022-06-13T02:07:08.770+0000][1][safepoint    ] Total time for which application threads were stopped: 0.0002738 seconds, Stopping threads took: 0.0001390 seconds
[2022-06-13T02:07:08.770+0000][1][safepoint    ] Application time: 0.0000636 seconds
[2022-06-13T02:07:08.770+0000][1][safepoint    ] Entering safepoint region: RevokeBias
[2022-06-13T02:07:08.770+0000][1][safepoint    ] Leaving safepoint region
[2022-06-13T02:07:08.770+0000][1][safepoint    ] Total time for which application threads were stopped: 0.0002024 seconds, Stopping threads took: 0.0000973 seconds
[2022-06-13T02:07:08.770+0000][1][safepoint    ] Application time: 0.0001667 seconds
[2022-06-13T02:07:08.771+0000][1][safepoint    ] Entering safepoint region: RevokeBias
[2022-06-13T02:07:08.771+0000][1][safepoint    ] Leaving safepoint region
[2022-06-13T02:07:08.771+0000][1][safepoint    ] Total time for which application threads were stopped: 0.0002385 seconds, Stopping threads took: 0.0001187 seconds
[2022-06-13T02:07:08.772+0000][1][safepoint    ] Application time: 0.0009233 seconds
[2022-06-13T02:07:08.772+0000][1][safepoint    ] Entering safepoint region: RevokeBias
[2022-06-13T02:07:08.772+0000][1][safepoint    ] Leaving safepoint region
[2022-06-13T02:07:08.772+0000][1][safepoint    ] Total time for which application threads were stopped: 0.0002242 seconds, Stopping threads took: 0.0001101 seconds
[2022-06-13T02:07:08.772+0000][1][safepoint    ] Application time: 0.0000660 seconds
[2022-06-13T02:07:08.772+0000][1][safepoint    ] Entering safepoint region: RevokeBias
[2022-06-13T02:07:08.773+0000][1][safepoint    ] Leaving safepoint region
[2022-06-13T02:07:08.773+0000][1][safepoint    ] Total time for which application threads were stopped: 0.0002101 seconds, Stopping threads took: 0.0000962 seconds
[2022-06-13T02:07:08.773+0000][1][safepoint    ] Application time: 0.0007129 seconds
[2022-06-13T02:07:08.774+0000][1][safepoint    ] Entering safepoint region: RevokeBias
[2022-06-13T02:07:08.774+0000][1][safepoint    ] Leaving safepoint region
[2022-06-13T02:07:08.774+0000][1][safepoint    ] Total time for which application threads were stopped: 0.0009130 seconds, Stopping threads took: 0.0007938 seconds
[2022-06-13T02:07:08.775+0000][1][safepoint    ] Application time: 0.0006017 seconds
[2022-06-13T02:07:08.775+0000][1][safepoint    ] Entering safepoint region: RevokeBias
[2022-06-13T02:07:08.775+0000][1][safepoint    ] Leaving safepoint region
[2022-06-13T02:07:08.776+0000][1][safepoint    ] Total time for which application threads were stopped: 0.0002880 seconds, Stopping threads took: 0.0001424 seconds
[2022-06-13T02:07:08.776+0000][1][safepoint    ] Application time: 0.0000767 seconds
[2022-06-13T02:07:08.776+0000][1][safepoint    ] Entering safepoint region: RevokeBias
[2022-06-13T02:07:08.776+0000][1][safepoint    ] Leaving safepoint region
[2022-06-13T02:07:08.776+0000][1][safepoint    ] Total time for which application threads were stopped: 0.0002873 seconds, Stopping threads took: 0.0001746 seconds
[2022-06-13T02:07:08.776+0000][1][safepoint    ] Application time: 0.0001878 seconds
[2022-06-13T02:07:08.777+0000][1][safepoint    ] Entering safepoint region: RevokeBias
[2022-06-13T02:07:08.777+0000][1][safepoint    ] Leaving safepoint region
[2022-06-13T02:07:08.777+0000][1][safepoint    ] Total time for which application threads were stopped: 0.0002512 seconds, Stopping threads took: 0.0001412 seconds
[2022-06-13T02:07:08.786+0000][1][safepoint    ] Application time: 0.0088583 seconds
[2022-06-13T02:07:08.786+0000][1][safepoint    ] Entering safepoint region: GenCollectForAllocation
[2022-06-13T02:07:08.786+0000][1][gc,start     ] GC(19) Pause Young (Allocation Failure)
[2022-06-13T02:07:08.786+0000][1][gc,task      ] GC(19) Using 5 workers of 13 for evacuation
[2022-06-13T02:07:08.790+0000][1][gc,age       ] GC(19) Desired survivor size 4456448 bytes, new threshold 2 (max threshold 6)
[2022-06-13T02:07:08.790+0000][1][gc,age       ] GC(19) Age table with threshold 2 (max threshold 6)
[2022-06-13T02:07:08.790+0000][1][gc,age       ] GC(19) - age   1:    3122656 bytes,    3122656 total
[2022-06-13T02:07:08.790+0000][1][gc,age       ] GC(19) - age   2:    3667392 bytes,    6790048 total
[2022-06-13T02:07:08.791+0000][1][gc,age       ] GC(19) - age   3:     386504 bytes,    7176552 total
[2022-06-13T02:07:08.791+0000][1][gc,heap      ] GC(19) ParNew: 74787K->8704K(78656K)
[2022-06-13T02:07:08.791+0000][1][gc,heap      ] GC(19) CMS: 55236K->55236K(174784K)
[2022-06-13T02:07:08.791+0000][1][gc,metaspace ] GC(19) Metaspace: 47265K->47265K(1093632K)
[2022-06-13T02:07:08.791+0000][1][gc           ] GC(19) Pause Young (Allocation Failure) 126M->62M(247M) 5.099ms
[2022-06-13T02:07:08.791+0000][1][gc,cpu       ] GC(19) User=0.03s Sys=0.00s Real=0.01s
[2022-06-13T02:07:08.791+0000][1][safepoint    ] Leaving safepoint region
[2022-06-13T02:07:08.792+0000][1][safepoint    ] Total time for which application threads were stopped: 0.0055519 seconds, Stopping threads took: 0.0001518 seconds
[2022-06-13T02:07:08.915+0000][1][safepoint    ] Application time: 0.1237823 seconds
[2022-06-13T02:07:08.916+0000][1][safepoint    ] Entering safepoint region: RevokeBias
[2022-06-13T02:07:08.916+0000][1][safepoint    ] Leaving safepoint region
[2022-06-13T02:07:08.916+0000][1][safepoint    ] Total time for which application threads were stopped: 0.0005324 seconds, Stopping threads took: 0.0001512 seconds
[2022-06-13T02:07:09.204+0000][1][safepoint    ] Application time: 0.2872775 seconds
[2022-06-13T02:07:09.204+0000][1][safepoint    ] Entering safepoint region: GenCollectForAllocation
[2022-06-13T02:07:09.204+0000][1][gc,start     ] GC(20) Pause Young (Allocation Failure)
[2022-06-13T02:07:09.204+0000][1][gc,task      ] GC(20) Using 5 workers of 13 for evacuation
[2022-06-13T02:07:09.209+0000][1][gc,age       ] GC(20) Desired survivor size 4456448 bytes, new threshold 2 (max threshold 6)
[2022-06-13T02:07:09.210+0000][1][gc,age       ] GC(20) Age table with threshold 2 (max threshold 6)
[2022-06-13T02:07:09.210+0000][1][gc,age       ] GC(20) - age   1:    1551624 bytes,    1551624 total
[2022-06-13T02:07:09.210+0000][1][gc,age       ] GC(20) - age   2:    3061232 bytes,    4612856 total
[2022-06-13T02:07:09.211+0000][1][gc,heap      ] GC(20) ParNew: 78656K->7360K(78656K)
[2022-06-13T02:07:09.211+0000][1][gc,heap      ] GC(20) CMS: 55236K->59300K(174784K)
[2022-06-13T02:07:09.211+0000][1][gc,metaspace ] GC(20) Metaspace: 53808K->53808K(1097728K)
[2022-06-13T02:07:09.211+0000][1][gc           ] GC(20) Pause Young (Allocation Failure) 130M->65M(247M) 6.852ms
[2022-06-13T02:07:09.211+0000][1][gc,cpu       ] GC(20) User=0.04s Sys=0.00s Real=0.01s
[2022-06-13T02:07:09.211+0000][1][safepoint    ] Leaving safepoint region
[2022-06-13T02:07:09.211+0000][1][safepoint    ] Total time for which application threads were stopped: 0.0073341 seconds, Stopping threads took: 0.0001105 seconds
[2022-06-13T02:07:09.214+0000][1][safepoint    ] Application time: 0.0022690 seconds
[2022-06-13T02:07:09.214+0000][1][safepoint    ] Entering safepoint region: RevokeBias
[2022-06-13T02:07:09.214+0000][1][safepoint    ] Leaving safepoint region
[2022-06-13T02:07:09.214+0000][1][safepoint    ] Total time for which application threads were stopped: 0.0002109 seconds, Stopping threads took: 0.0000962 seconds
[2022-06-13T02:07:09.327+0000][1][safepoint    ] Application time: 0.1129830 seconds
[2022-06-13T02:07:09.327+0000][1][safepoint    ] Entering safepoint region: Deoptimize
[2022-06-13T02:07:09.329+0000][1][safepoint    ] Leaving safepoint region
[2022-06-13T02:07:09.329+0000][1][safepoint    ] Total time for which application threads were stopped: 0.0014103 seconds, Stopping threads took: 0.0003164 seconds
[2022-06-13T02:07:09.349+0000][1][safepoint    ] Application time: 0.0193768 seconds
[2022-06-13T02:07:09.349+0000][1][safepoint    ] Entering safepoint region: RevokeBias
[2022-06-13T02:07:09.349+0000][1][safepoint    ] Leaving safepoint region
[2022-06-13T02:07:09.350+0000][1][safepoint    ] Total time for which application threads were stopped: 0.0008070 seconds, Stopping threads took: 0.0003910 seconds
[2022-06-13T02:07:09.350+0000][1][safepoint    ] Application time: 0.0002504 seconds
[2022-06-13T02:07:09.351+0000][1][safepoint    ] Entering safepoint region: RevokeBias
[2022-06-13T02:07:09.351+0000][1][safepoint    ] Leaving safepoint region
[2022-06-13T02:07:09.352+0000][1][safepoint    ] Total time for which application threads were stopped: 0.0007865 seconds, Stopping threads took: 0.0004514 seconds
[2022-06-13T02:07:09.352+0000][1][safepoint    ] Application time: 0.0001847 seconds
[2022-06-13T02:07:09.353+0000][1][safepoint    ] Entering safepoint region: RevokeBias
[2022-06-13T02:07:09.353+0000][1][safepoint    ] Leaving safepoint region
[2022-06-13T02:07:09.354+0000][1][safepoint    ] Total time for which application threads were stopped: 0.0008433 seconds, Stopping threads took: 0.0004125 seconds
[2022-06-13T02:07:09.356+0000][1][safepoint    ] Application time: 0.0015958 seconds
[2022-06-13T02:07:09.356+0000][1][safepoint    ] Entering safepoint region: RevokeBias
[2022-06-13T02:07:09.356+0000][1][safepoint    ] Leaving safepoint region
[2022-06-13T02:07:09.357+0000][1][safepoint    ] Total time for which application threads were stopped: 0.0007565 seconds, Stopping threads took: 0.0003011 seconds
[2022-06-13T02:07:09.434+0000][1][safepoint    ] Application time: 0.0773515 seconds
[2022-06-13T02:07:09.435+0000][1][safepoint    ] Entering safepoint region: RevokeBias
[2022-06-13T02:07:09.436+0000][1][safepoint    ] Leaving safepoint region
[2022-06-13T02:07:09.436+0000][1][safepoint    ] Total time for which application threads were stopped: 0.0016107 seconds, Stopping threads took: 0.0003243 seconds
[2022-06-13T02:07:09.474+0000][1][safepoint    ] Application time: 0.0371855 seconds
[2022-06-13T02:07:09.474+0000][1][safepoint    ] Entering safepoint region: Deoptimize
[2022-06-13T02:07:09.475+0000][1][safepoint    ] Leaving safepoint region
[2022-06-13T02:07:09.475+0000][1][safepoint    ] Total time for which application threads were stopped: 0.0010469 seconds, Stopping threads took: 0.0002421 seconds
[2022-06-13T02:07:09.645+0000][1][safepoint    ] Application time: 0.1692276 seconds
[2022-06-13T02:07:09.645+0000][1][safepoint    ] Entering safepoint region: RevokeBias
[2022-06-13T02:07:09.646+0000][1][safepoint    ] Leaving safepoint region
[2022-06-13T02:07:09.646+0000][1][safepoint    ] Total time for which application threads were stopped: 0.0008269 seconds, Stopping threads took: 0.0004471 seconds
[2022-06-13T02:07:09.647+0000][1][safepoint    ] Application time: 0.0002453 seconds
[2022-06-13T02:07:09.647+0000][1][safepoint    ] Entering safepoint region: RevokeBias
[2022-06-13T02:07:09.647+0000][1][safepoint    ] Leaving safepoint region
[2022-06-13T02:07:09.648+0000][1][safepoint    ] Total time for which application threads were stopped: 0.0008169 seconds, Stopping threads took: 0.0003428 seconds
[2022-06-13T02:07:09.649+0000][1][safepoint    ] Application time: 0.0010934 seconds
[2022-06-13T02:07:09.650+0000][1][safepoint    ] Entering safepoint region: RevokeBias
[2022-06-13T02:07:09.650+0000][1][safepoint    ] Leaving safepoint region
[2022-06-13T02:07:09.650+0000][1][safepoint    ] Total time for which application threads were stopped: 0.0008578 seconds, Stopping threads took: 0.0005251 seconds
[2022-06-13T02:07:09.651+0000][1][safepoint    ] Application time: 0.0003221 seconds
[2022-06-13T02:07:09.651+0000][1][safepoint    ] Entering safepoint region: RevokeBias
[2022-06-13T02:07:09.652+0000][1][safepoint    ] Leaving safepoint region
[2022-06-13T02:07:09.652+0000][1][safepoint    ] Total time for which application threads were stopped: 0.0008922 seconds, Stopping threads took: 0.0004771 seconds
[2022-06-13T02:07:09.653+0000][1][safepoint    ] Application time: 0.0005594 seconds
[2022-06-13T02:07:09.654+0000][1][safepoint    ] Entering safepoint region: RevokeBias
[2022-06-13T02:07:09.654+0000][1][safepoint    ] Leaving safepoint region
[2022-06-13T02:07:09.654+0000][1][safepoint    ] Total time for which application threads were stopped: 0.0009300 seconds, Stopping threads took: 0.0005268 seconds
[2022-06-13T02:07:09.696+0000][1][safepoint    ] Application time: 0.0413881 seconds
[2022-06-13T02:07:09.697+0000][1][safepoint    ] Entering safepoint region: RevokeBias
[2022-06-13T02:07:09.697+0000][1][safepoint    ] Leaving safepoint region
[2022-06-13T02:07:09.697+0000][1][safepoint    ] Total time for which application threads were stopped: 0.0007011 seconds, Stopping threads took: 0.0003160 seconds
[2022-06-13T02:07:09.756+0000][1][safepoint    ] Application time: 0.0586079 seconds
[2022-06-13T02:07:09.757+0000][1][safepoint    ] Entering safepoint region: GenCollectForAllocation
[2022-06-13T02:07:09.757+0000][1][gc,start     ] GC(21) Pause Young (Allocation Failure)
[2022-06-13T02:07:09.758+0000][1][gc,task      ] GC(21) Using 5 workers of 13 for evacuation
[2022-06-13T02:07:09.764+0000][1][gc,age       ] GC(21) Desired survivor size 4456448 bytes, new threshold 2 (max threshold 6)
[2022-06-13T02:07:09.765+0000][1][gc,age       ] GC(21) Age table with threshold 2 (max threshold 6)
[2022-06-13T02:07:09.765+0000][1][gc,age       ] GC(21) - age   1:    4055616 bytes,    4055616 total
[2022-06-13T02:07:09.765+0000][1][gc,age       ] GC(21) - age   2:    1495624 bytes,    5551240 total
[2022-06-13T02:07:09.766+0000][1][gc,heap      ] GC(21) ParNew: 77311K->7859K(78656K)
[2022-06-13T02:07:09.766+0000][1][gc,heap      ] GC(21) CMS: 59300K->62356K(174784K)
[2022-06-13T02:07:09.767+0000][1][gc,metaspace ] GC(21) Metaspace: 61969K->61969K(1105920K)
[2022-06-13T02:07:09.767+0000][1][gc           ] GC(21) Pause Young (Allocation Failure) 133M->68M(247M) 9.806ms
[2022-06-13T02:07:09.768+0000][1][gc,cpu       ] GC(21) User=0.03s Sys=0.00s Real=0.01s
[2022-06-13T02:07:09.768+0000][1][safepoint    ] Leaving safepoint region
[2022-06-13T02:07:09.768+0000][1][safepoint    ] Total time for which application threads were stopped: 0.0113898 seconds, Stopping threads took: 0.0004584 seconds
[2022-06-13T02:07:09.803+0000][1][safepoint    ] Application time: 0.0345527 seconds
[2022-06-13T02:07:09.803+0000][1][safepoint    ] Entering safepoint region: Deoptimize
[2022-06-13T02:07:09.804+0000][1][safepoint    ] Leaving safepoint region
[2022-06-13T02:07:09.805+0000][1][safepoint    ] Total time for which application threads were stopped: 0.0011768 seconds, Stopping threads took: 0.0002818 seconds
[2022-06-13T02:07:09.810+0000][1][safepoint    ] Application time: 0.0049252 seconds
[2022-06-13T02:07:09.810+0000][1][safepoint    ] Entering safepoint region: BulkRevokeBias
[2022-06-13T02:07:09.811+0000][1][safepoint    ] Leaving safepoint region
[2022-06-13T02:07:09.811+0000][1][safepoint    ] Total time for which application threads were stopped: 0.0007097 seconds, Stopping threads took: 0.0002331 seconds
[2022-06-13T02:07:09.812+0000][1][safepoint    ] Application time: 0.0009268 seconds
[2022-06-13T02:07:09.813+0000][1][safepoint    ] Entering safepoint region: RevokeBias
[2022-06-13T02:07:09.813+0000][1][safepoint    ] Leaving safepoint region
[2022-06-13T02:07:09.814+0000][1][safepoint    ] Total time for which application threads were stopped: 0.0007887 seconds, Stopping threads took: 0.0003705 seconds
[2022-06-13T02:07:09.814+0000][1][safepoint    ] Application time: 0.0001162 seconds
[2022-06-13T02:07:09.814+0000][1][safepoint    ] Entering safepoint region: RevokeBias
[2022-06-13T02:07:09.815+0000][1][safepoint    ] Leaving safepoint region
[2022-06-13T02:07:09.815+0000][1][safepoint    ] Total time for which application threads were stopped: 0.0005571 seconds, Stopping threads took: 0.0002351 seconds
[2022-06-13T02:07:09.815+0000][1][safepoint    ] Application time: 0.0002001 seconds
[2022-06-13T02:07:09.816+0000][1][safepoint    ] Entering safepoint region: RevokeBias
[2022-06-13T02:07:09.816+0000][1][safepoint    ] Leaving safepoint region
[2022-06-13T02:07:09.816+0000][1][safepoint    ] Total time for which application threads were stopped: 0.0006857 seconds, Stopping threads took: 0.0003458 seconds
[2022-06-13T02:07:09.817+0000][1][safepoint    ] Application time: 0.0004668 seconds
[2022-06-13T02:07:09.818+0000][1][safepoint    ] Entering safepoint region: RevokeBias
[2022-06-13T02:07:09.818+0000][1][safepoint    ] Leaving safepoint region
[2022-06-13T02:07:09.818+0000][1][safepoint    ] Total time for which application threads were stopped: 0.0004669 seconds, Stopping threads took: 0.0003137 seconds
[2022-06-13T02:07:09.818+0000][1][safepoint    ] Application time: 0.0000578 seconds
[2022-06-13T02:07:09.818+0000][1][safepoint    ] Entering safepoint region: RevokeBias
[2022-06-13T02:07:09.819+0000][1][safepoint    ] Leaving safepoint region
[2022-06-13T02:07:09.819+0000][1][safepoint    ] Total time for which application threads were stopped: 0.0002934 seconds, Stopping threads took: 0.0001767 seconds
[2022-06-13T02:07:09.819+0000][1][safepoint    ] Application time: 0.0000915 seconds
[2022-06-13T02:07:09.819+0000][1][safepoint    ] Entering safepoint region: RevokeBias
[2022-06-13T02:07:09.819+0000][1][safepoint    ] Leaving safepoint region
[2022-06-13T02:07:09.820+0000][1][safepoint    ] Total time for which application threads were stopped: 0.0005231 seconds, Stopping threads took: 0.0001471 seconds
[2022-06-13T02:07:09.820+0000][1][safepoint    ] Application time: 0.0001406 seconds
[2022-06-13T02:07:09.820+0000][1][safepoint    ] Entering safepoint region: RevokeBias
[2022-06-13T02:07:09.820+0000][1][safepoint    ] Leaving safepoint region
[2022-06-13T02:07:09.820+0000][1][safepoint    ] Total time for which application threads were stopped: 0.0002746 seconds, Stopping threads took: 0.0001136 seconds
[2022-06-13T02:07:09.821+0000][1][safepoint    ] Application time: 0.0001482 seconds
[2022-06-13T02:07:09.821+0000][1][safepoint    ] Entering safepoint region: RevokeBias
[2022-06-13T02:07:09.821+0000][1][safepoint    ] Leaving safepoint region
[2022-06-13T02:07:09.821+0000][1][safepoint    ] Total time for which application threads were stopped: 0.0001849 seconds, Stopping threads took: 0.0000845 seconds
[2022-06-13T02:07:09.821+0000][1][safepoint    ] Application time: 0.0001277 seconds
[2022-06-13T02:07:09.821+0000][1][safepoint    ] Entering safepoint region: RevokeBias
[2022-06-13T02:07:09.821+0000][1][safepoint    ] Leaving safepoint region
[2022-06-13T02:07:09.821+0000][1][safepoint    ] Total time for which application threads were stopped: 0.0001854 seconds, Stopping threads took: 0.0000843 seconds
[2022-06-13T02:07:09.821+0000][1][safepoint    ] Application time: 0.0000520 seconds
[2022-06-13T02:07:09.822+0000][1][safepoint    ] Entering safepoint region: RevokeBias
[2022-06-13T02:07:09.822+0000][1][safepoint    ] Leaving safepoint region
[2022-06-13T02:07:09.822+0000][1][safepoint    ] Total time for which application threads were stopped: 0.0001864 seconds, Stopping threads took: 0.0000866 seconds
[2022-06-13T02:07:09.822+0000][1][safepoint    ] Application time: 0.0003910 seconds
[2022-06-13T02:07:09.822+0000][1][safepoint    ] Entering safepoint region: RevokeBias
[2022-06-13T02:07:09.822+0000][1][safepoint    ] Leaving safepoint region
[2022-06-13T02:07:09.823+0000][1][safepoint    ] Total time for which application threads were stopped: 0.0002053 seconds, Stopping threads took: 0.0001006 seconds
[2022-06-13T02:07:09.823+0000][1][safepoint    ] Application time: 0.0006001 seconds
[2022-06-13T02:07:09.823+0000][1][safepoint    ] Entering safepoint region: RevokeBias
[2022-06-13T02:07:09.824+0000][1][safepoint    ] Leaving safepoint region
[2022-06-13T02:07:09.824+0000][1][safepoint    ] Total time for which application threads were stopped: 0.0002051 seconds, Stopping threads took: 0.0000991 seconds
[2022-06-13T02:07:09.824+0000][1][safepoint    ] Application time: 0.0000765 seconds
[2022-06-13T02:07:09.824+0000][1][safepoint    ] Entering safepoint region: RevokeBias
[2022-06-13T02:07:09.824+0000][1][safepoint    ] Leaving safepoint region
[2022-06-13T02:07:09.824+0000][1][safepoint    ] Total time for which application threads were stopped: 0.0002008 seconds, Stopping threads took: 0.0000954 seconds
[2022-06-13T02:07:09.825+0000][1][safepoint    ] Application time: 0.0007487 seconds
[2022-06-13T02:07:09.825+0000][1][safepoint    ] Entering safepoint region: RevokeBias
[2022-06-13T02:07:09.825+0000][1][safepoint    ] Leaving safepoint region
[2022-06-13T02:07:09.825+0000][1][safepoint    ] Total time for which application threads were stopped: 0.0003333 seconds, Stopping threads took: 0.0002114 seconds
[2022-06-13T02:07:09.826+0000][1][safepoint    ] Application time: 0.0005877 seconds
[2022-06-13T02:07:09.826+0000][1][safepoint    ] Entering safepoint region: Deoptimize
[2022-06-13T02:07:09.827+0000][1][safepoint    ] Leaving safepoint region
[2022-06-13T02:07:09.827+0000][1][safepoint    ] Total time for which application threads were stopped: 0.0006818 seconds, Stopping threads took: 0.0001080 seconds
[2022-06-13T02:07:09.827+0000][1][safepoint    ] Application time: 0.0003967 seconds
[2022-06-13T02:07:09.828+0000][1][safepoint    ] Entering safepoint region: RevokeBias
[2022-06-13T02:07:09.828+0000][1][safepoint    ] Leaving safepoint region
[2022-06-13T02:07:09.828+0000][1][safepoint    ] Total time for which application threads were stopped: 0.0001976 seconds, Stopping threads took: 0.0000901 seconds
[2022-06-13T02:07:09.829+0000][1][safepoint    ] Application time: 0.0007732 seconds
[2022-06-13T02:07:09.829+0000][1][safepoint    ] Entering safepoint region: RevokeBias
[2022-06-13T02:07:09.829+0000][1][safepoint    ] Leaving safepoint region
[2022-06-13T02:07:09.829+0000][1][safepoint    ] Total time for which application threads were stopped: 0.0002460 seconds, Stopping threads took: 0.0001118 seconds
[2022-06-13T02:07:09.829+0000][1][safepoint    ] Application time: 0.0001745 seconds
[2022-06-13T02:07:09.830+0000][1][safepoint    ] Entering safepoint region: RevokeBias
[2022-06-13T02:07:09.830+0000][1][safepoint    ] Leaving safepoint region
[2022-06-13T02:07:09.830+0000][1][safepoint    ] Total time for which application threads were stopped: 0.0002057 seconds, Stopping threads took: 0.0001004 seconds
[2022-06-13T02:07:09.830+0000][1][safepoint    ] Application time: 0.0000696 seconds
[2022-06-13T02:07:09.830+0000][1][safepoint    ] Entering safepoint region: RevokeBias
[2022-06-13T02:07:09.830+0000][1][safepoint    ] Leaving safepoint region
[2022-06-13T02:07:09.830+0000][1][safepoint    ] Total time for which application threads were stopped: 0.0001891 seconds, Stopping threads took: 0.0000870 seconds
[2022-06-13T02:07:09.830+0000][1][safepoint    ] Application time: 0.0000968 seconds
[2022-06-13T02:07:09.830+0000][1][safepoint    ] Entering safepoint region: RevokeBias
[2022-06-13T02:07:09.831+0000][1][safepoint    ] Leaving safepoint region
[2022-06-13T02:07:09.831+0000][1][safepoint    ] Total time for which application threads were stopped: 0.0002171 seconds, Stopping threads took: 0.0000943 seconds
[2022-06-13T02:07:09.831+0000][1][safepoint    ] Application time: 0.0000662 seconds
[2022-06-13T02:07:09.831+0000][1][safepoint    ] Entering safepoint region: RevokeBias
[2022-06-13T02:07:09.831+0000][1][safepoint    ] Leaving safepoint region
[2022-06-13T02:07:09.831+0000][1][safepoint    ] Total time for which application threads were stopped: 0.0001967 seconds, Stopping threads took: 0.0000907 seconds
[2022-06-13T02:07:09.856+0000][1][safepoint    ] Application time: 0.0242992 seconds
[2022-06-13T02:07:09.856+0000][1][safepoint    ] Entering safepoint region: RevokeBias
[2022-06-13T02:07:09.856+0000][1][safepoint    ] Leaving safepoint region
[2022-06-13T02:07:09.856+0000][1][safepoint    ] Total time for which application threads were stopped: 0.0005395 seconds, Stopping threads took: 0.0002751 seconds
[2022-06-13T02:07:09.857+0000][1][safepoint    ] Application time: 0.0000757 seconds
[2022-06-13T02:07:09.857+0000][1][safepoint    ] Entering safepoint region: RevokeBias
[2022-06-13T02:07:09.857+0000][1][safepoint    ] Leaving safepoint region
[2022-06-13T02:07:09.857+0000][1][safepoint    ] Total time for which application threads were stopped: 0.0003901 seconds, Stopping threads took: 0.0001850 seconds
[2022-06-13T02:07:09.858+0000][1][safepoint    ] Application time: 0.0002167 seconds
[2022-06-13T02:07:09.858+0000][1][safepoint    ] Entering safepoint region: RevokeBias
[2022-06-13T02:07:09.858+0000][1][safepoint    ] Leaving safepoint region
[2022-06-13T02:07:09.858+0000][1][safepoint    ] Total time for which application threads were stopped: 0.0005025 seconds, Stopping threads took: 0.0002887 seconds
[2022-06-13T02:07:09.859+0000][1][safepoint    ] Application time: 0.0002433 seconds
[2022-06-13T02:07:09.859+0000][1][safepoint    ] Entering safepoint region: RevokeBias
[2022-06-13T02:07:09.859+0000][1][safepoint    ] Leaving safepoint region
[2022-06-13T02:07:09.859+0000][1][safepoint    ] Total time for which application threads were stopped: 0.0004432 seconds, Stopping threads took: 0.0001857 seconds
[2022-06-13T02:07:09.860+0000][1][safepoint    ] Application time: 0.0001502 seconds
[2022-06-13T02:07:09.860+0000][1][safepoint    ] Entering safepoint region: RevokeBias
[2022-06-13T02:07:09.860+0000][1][safepoint    ] Leaving safepoint region
[2022-06-13T02:07:09.860+0000][1][safepoint    ] Total time for which application threads were stopped: 0.0003705 seconds, Stopping threads took: 0.0002020 seconds
[2022-06-13T02:07:09.861+0000][1][safepoint    ] Application time: 0.0002681 seconds
[2022-06-13T02:07:09.861+0000][1][safepoint    ] Entering safepoint region: RevokeBias
[2022-06-13T02:07:09.861+0000][1][safepoint    ] Leaving safepoint region
[2022-06-13T02:07:09.861+0000][1][safepoint    ] Total time for which application threads were stopped: 0.0002739 seconds, Stopping threads took: 0.0001480 seconds
[2022-06-13T02:07:09.862+0000][1][safepoint    ] Application time: 0.0005087 seconds
[2022-06-13T02:07:09.862+0000][1][safepoint    ] Entering safepoint region: RevokeBias
[2022-06-13T02:07:09.862+0000][1][safepoint    ] Leaving safepoint region
[2022-06-13T02:07:09.862+0000][1][safepoint    ] Total time for which application threads were stopped: 0.0003291 seconds, Stopping threads took: 0.0002193 seconds
[2022-06-13T02:07:09.862+0000][1][safepoint    ] Application time: 0.0000881 seconds
[2022-06-13T02:07:09.863+0000][1][safepoint    ] Entering safepoint region: RevokeBias
[2022-06-13T02:07:09.863+0000][1][safepoint    ] Leaving safepoint region
[2022-06-13T02:07:09.863+0000][1][safepoint    ] Total time for which application threads were stopped: 0.0002841 seconds, Stopping threads took: 0.0001658 seconds
[2022-06-13T02:07:09.863+0000][1][safepoint    ] Application time: 0.0000888 seconds
[2022-06-13T02:07:09.863+0000][1][safepoint    ] Entering safepoint region: RevokeBias
[2022-06-13T02:07:09.863+0000][1][safepoint    ] Leaving safepoint region
[2022-06-13T02:07:09.863+0000][1][safepoint    ] Total time for which application threads were stopped: 0.0002922 seconds, Stopping threads took: 0.0001527 seconds
[2022-06-13T02:07:09.864+0000][1][safepoint    ] Application time: 0.0000645 seconds
[2022-06-13T02:07:09.864+0000][1][safepoint    ] Entering safepoint region: RevokeBias
[2022-06-13T02:07:09.864+0000][1][safepoint    ] Leaving safepoint region
[2022-06-13T02:07:09.864+0000][1][safepoint    ] Total time for which application threads were stopped: 0.0002682 seconds, Stopping threads took: 0.0001501 seconds
[2022-06-13T02:07:09.864+0000][1][safepoint    ] Application time: 0.0000992 seconds
[2022-06-13T02:07:09.864+0000][1][safepoint    ] Entering safepoint region: RevokeBias
[2022-06-13T02:07:09.864+0000][1][safepoint    ] Leaving safepoint region
[2022-06-13T02:07:09.865+0000][1][safepoint    ] Total time for which application threads were stopped: 0.0002646 seconds, Stopping threads took: 0.0001526 seconds
[2022-06-13T02:07:09.865+0000][1][safepoint    ] Application time: 0.0001840 seconds
[2022-06-13T02:07:09.865+0000][1][safepoint    ] Entering safepoint region: RevokeBias
[2022-06-13T02:07:09.865+0000][1][safepoint    ] Leaving safepoint region
[2022-06-13T02:07:09.865+0000][1][safepoint    ] Total time for which application threads were stopped: 0.0002480 seconds, Stopping threads took: 0.0001443 seconds
[2022-06-13T02:07:09.865+0000][1][safepoint    ] Application time: 0.0000695 seconds
[2022-06-13T02:07:09.865+0000][1][safepoint    ] Entering safepoint region: BulkRevokeBias
[2022-06-13T02:07:09.866+0000][1][safepoint    ] Leaving safepoint region
[2022-06-13T02:07:09.866+0000][1][safepoint    ] Total time for which application threads were stopped: 0.0002726 seconds, Stopping threads took: 0.0001242 seconds
[2022-06-13T02:07:09.866+0000][1][safepoint    ] Application time: 0.0004840 seconds
[2022-06-13T02:07:09.866+0000][1][safepoint    ] Entering safepoint region: RevokeBias
[2022-06-13T02:07:09.867+0000][1][safepoint    ] Leaving safepoint region
[2022-06-13T02:07:09.867+0000][1][safepoint    ] Total time for which application threads were stopped: 0.0002623 seconds, Stopping threads took: 0.0001582 seconds
[2022-06-13T02:07:09.867+0000][1][safepoint    ] Application time: 0.0001351 seconds
[2022-06-13T02:07:09.867+0000][1][safepoint    ] Entering safepoint region: RevokeBias
[2022-06-13T02:07:09.867+0000][1][safepoint    ] Leaving safepoint region
[2022-06-13T02:07:09.867+0000][1][safepoint    ] Total time for which application threads were stopped: 0.0002458 seconds, Stopping threads took: 0.0001190 seconds
[2022-06-13T02:07:09.867+0000][1][safepoint    ] Application time: 0.0000816 seconds
[2022-06-13T02:07:09.868+0000][1][safepoint    ] Entering safepoint region: RevokeBias
[2022-06-13T02:07:09.868+0000][1][safepoint    ] Leaving safepoint region
[2022-06-13T02:07:09.868+0000][1][safepoint    ] Total time for which application threads were stopped: 0.0002384 seconds, Stopping threads took: 0.0001261 seconds
[2022-06-13T02:07:09.868+0000][1][safepoint    ] Application time: 0.0006378 seconds
[2022-06-13T02:07:09.869+0000][1][safepoint    ] Entering safepoint region: RevokeBias
[2022-06-13T02:07:09.869+0000][1][safepoint    ] Leaving safepoint region
[2022-06-13T02:07:09.869+0000][1][safepoint    ] Total time for which application threads were stopped: 0.0003092 seconds, Stopping threads took: 0.0001869 seconds
[2022-06-13T02:07:09.869+0000][1][safepoint    ] Application time: 0.0001744 seconds
[2022-06-13T02:07:09.869+0000][1][safepoint    ] Entering safepoint region: RevokeBias
[2022-06-13T02:07:09.870+0000][1][safepoint    ] Leaving safepoint region
[2022-06-13T02:07:09.870+0000][1][safepoint    ] Total time for which application threads were stopped: 0.0002565 seconds, Stopping threads took: 0.0001271 seconds
[2022-06-13T02:07:09.898+0000][1][safepoint    ] Application time: 0.0280637 seconds
[2022-06-13T02:07:09.898+0000][1][safepoint    ] Entering safepoint region: RevokeBias
[2022-06-13T02:07:09.899+0000][1][safepoint    ] Leaving safepoint region
[2022-06-13T02:07:09.899+0000][1][safepoint    ] Total time for which application threads were stopped: 0.0008261 seconds, Stopping threads took: 0.0003921 seconds
[2022-06-13T02:07:09.900+0000][1][safepoint    ] Application time: 0.0003089 seconds
[2022-06-13T02:07:09.900+0000][1][safepoint    ] Entering safepoint region: RevokeBias
[2022-06-13T02:07:09.901+0000][1][safepoint    ] Leaving safepoint region
[2022-06-13T02:07:09.901+0000][1][safepoint    ] Total time for which application threads were stopped: 0.0010925 seconds, Stopping threads took: 0.0005608 seconds
[2022-06-13T02:07:09.904+0000][1][safepoint    ] Application time: 0.0017398 seconds
[2022-06-13T02:07:09.904+0000][1][safepoint    ] Entering safepoint region: RevokeBias
[2022-06-13T02:07:09.905+0000][1][safepoint    ] Leaving safepoint region
[2022-06-13T02:07:09.905+0000][1][safepoint    ] Total time for which application threads were stopped: 0.0009300 seconds, Stopping threads took: 0.0005213 seconds
[2022-06-13T02:07:09.906+0000][1][safepoint    ] Application time: 0.0005041 seconds
[2022-06-13T02:07:09.906+0000][1][safepoint    ] Entering safepoint region: RevokeBias
[2022-06-13T02:07:09.907+0000][1][safepoint    ] Leaving safepoint region
[2022-06-13T02:07:09.907+0000][1][safepoint    ] Total time for which application threads were stopped: 0.0008588 seconds, Stopping threads took: 0.0003460 seconds
[2022-06-13T02:07:09.908+0000][1][safepoint    ] Application time: 0.0002258 seconds
[2022-06-13T02:07:09.908+0000][1][safepoint    ] Entering safepoint region: RevokeBias
[2022-06-13T02:07:09.909+0000][1][safepoint    ] Leaving safepoint region
[2022-06-13T02:07:09.909+0000][1][safepoint    ] Total time for which application threads were stopped: 0.0008627 seconds, Stopping threads took: 0.0004157 seconds
[2022-06-13T02:07:09.910+0000][1][safepoint    ] Application time: 0.0001757 seconds
[2022-06-13T02:07:09.910+0000][1][safepoint    ] Entering safepoint region: RevokeBias
[2022-06-13T02:07:09.910+0000][1][safepoint    ] Leaving safepoint region
[2022-06-13T02:07:09.911+0000][1][safepoint    ] Total time for which application threads were stopped: 0.0007995 seconds, Stopping threads took: 0.0004030 seconds
[2022-06-13T02:07:09.911+0000][1][safepoint    ] Application time: 0.0003302 seconds
[2022-06-13T02:07:09.912+0000][1][safepoint    ] Entering safepoint region: RevokeBias
[2022-06-13T02:07:09.912+0000][1][safepoint    ] Leaving safepoint region
[2022-06-13T02:07:09.912+0000][1][safepoint    ] Total time for which application threads were stopped: 0.0004383 seconds, Stopping threads took: 0.0002234 seconds
[2022-06-13T02:07:09.913+0000][1][safepoint    ] Application time: 0.0003204 seconds
[2022-06-13T02:07:09.913+0000][1][safepoint    ] Entering safepoint region: RevokeBias
[2022-06-13T02:07:09.913+0000][1][safepoint    ] Leaving safepoint region
[2022-06-13T02:07:09.913+0000][1][safepoint    ] Total time for which application threads were stopped: 0.0004035 seconds, Stopping threads took: 0.0002003 seconds
[2022-06-13T02:07:09.914+0000][1][safepoint    ] Application time: 0.0001507 seconds
[2022-06-13T02:07:09.914+0000][1][safepoint    ] Entering safepoint region: RevokeBias
[2022-06-13T02:07:09.914+0000][1][safepoint    ] Leaving safepoint region
[2022-06-13T02:07:09.914+0000][1][safepoint    ] Total time for which application threads were stopped: 0.0001828 seconds, Stopping threads took: 0.0000859 seconds
[2022-06-13T02:07:09.925+0000][1][safepoint    ] Application time: 0.0106528 seconds
[2022-06-13T02:07:09.925+0000][1][safepoint    ] Entering safepoint region: RevokeBias
[2022-06-13T02:07:09.926+0000][1][safepoint    ] Leaving safepoint region
[2022-06-13T02:07:09.926+0000][1][safepoint    ] Total time for which application threads were stopped: 0.0007873 seconds, Stopping threads took: 0.0003181 seconds
[2022-06-13T02:07:09.928+0000][1][safepoint    ] Application time: 0.0018626 seconds
[2022-06-13T02:07:09.929+0000][1][safepoint    ] Entering safepoint region: RevokeBias
[2022-06-13T02:07:09.929+0000][1][safepoint    ] Leaving safepoint region
[2022-06-13T02:07:09.929+0000][1][safepoint    ] Total time for which application threads were stopped: 0.0008000 seconds, Stopping threads took: 0.0003063 seconds
[2022-06-13T02:07:09.930+0000][1][safepoint    ] Application time: 0.0000819 seconds
[2022-06-13T02:07:09.930+0000][1][safepoint    ] Entering safepoint region: RevokeBias
[2022-06-13T02:07:09.930+0000][1][safepoint    ] Leaving safepoint region
[2022-06-13T02:07:09.931+0000][1][safepoint    ] Total time for which application threads were stopped: 0.0006467 seconds, Stopping threads took: 0.0002643 seconds
[2022-06-13T02:07:09.998+0000][1][safepoint    ] Application time: 0.0667704 seconds
[2022-06-13T02:07:09.998+0000][1][safepoint    ] Entering safepoint region: RevokeBias
[2022-06-13T02:07:09.998+0000][1][safepoint    ] Leaving safepoint region
[2022-06-13T02:07:09.998+0000][1][safepoint    ] Total time for which application threads were stopped: 0.0002440 seconds, Stopping threads took: 0.0001129 seconds
[2022-06-13T02:07:09.998+0000][1][safepoint    ] Application time: 0.0000850 seconds
[2022-06-13T02:07:09.998+0000][1][safepoint    ] Entering safepoint region: RevokeBias
[2022-06-13T02:07:09.999+0000][1][safepoint    ] Leaving safepoint region
[2022-06-13T02:07:09.999+0000][1][safepoint    ] Total time for which application threads were stopped: 0.0002071 seconds, Stopping threads took: 0.0001019 seconds
[2022-06-13T02:07:10.001+0000][1][safepoint    ] Application time: 0.0026758 seconds
[2022-06-13T02:07:10.002+0000][1][safepoint    ] Entering safepoint region: RevokeBias
[2022-06-13T02:07:10.002+0000][1][safepoint    ] Leaving safepoint region
[2022-06-13T02:07:10.002+0000][1][safepoint    ] Total time for which application threads were stopped: 0.0001956 seconds, Stopping threads took: 0.0000879 seconds
[2022-06-13T02:07:10.003+0000][1][safepoint    ] Application time: 0.0009522 seconds
[2022-06-13T02:07:10.003+0000][1][safepoint    ] Entering safepoint region: RevokeBias
[2022-06-13T02:07:10.003+0000][1][safepoint    ] Leaving safepoint region
[2022-06-13T02:07:10.003+0000][1][safepoint    ] Total time for which application threads were stopped: 0.0003019 seconds, Stopping threads took: 0.0001527 seconds
[2022-06-13T02:07:10.009+0000][1][safepoint    ] Application time: 0.0058022 seconds
[2022-06-13T02:07:10.009+0000][1][safepoint    ] Entering safepoint region: RevokeBias
[2022-06-13T02:07:10.010+0000][1][safepoint    ] Leaving safepoint region
[2022-06-13T02:07:10.010+0000][1][safepoint    ] Total time for which application threads were stopped: 0.0005312 seconds, Stopping threads took: 0.0002286 seconds
[2022-06-13T02:07:10.010+0000][1][safepoint    ] Application time: 0.0001124 seconds
[2022-06-13T02:07:10.010+0000][1][safepoint    ] Entering safepoint region: RevokeBias
[2022-06-13T02:07:10.011+0000][1][safepoint    ] Leaving safepoint region
[2022-06-13T02:07:10.011+0000][1][safepoint    ] Total time for which application threads were stopped: 0.0007718 seconds, Stopping threads took: 0.0002803 seconds
[2022-06-13T02:07:10.017+0000][1][safepoint    ] Application time: 0.0053446 seconds
[2022-06-13T02:07:10.017+0000][1][safepoint    ] Entering safepoint region: RevokeBias
[2022-06-13T02:07:10.018+0000][1][safepoint    ] Leaving safepoint region
[2022-06-13T02:07:10.018+0000][1][safepoint    ] Total time for which application threads were stopped: 0.0006719 seconds, Stopping threads took: 0.0003262 seconds
[2022-06-13T02:07:10.020+0000][1][safepoint    ] Application time: 0.0020984 seconds
[2022-06-13T02:07:10.020+0000][1][safepoint    ] Entering safepoint region: RevokeBias
[2022-06-13T02:07:10.021+0000][1][safepoint    ] Leaving safepoint region
[2022-06-13T02:07:10.021+0000][1][safepoint    ] Total time for which application threads were stopped: 0.0005336 seconds, Stopping threads took: 0.0003184 seconds
[2022-06-13T02:07:10.021+0000][1][safepoint    ] Application time: 0.0000971 seconds
[2022-06-13T02:07:10.021+0000][1][safepoint    ] Entering safepoint region: RevokeBias
[2022-06-13T02:07:10.021+0000][1][safepoint    ] Leaving safepoint region
[2022-06-13T02:07:10.022+0000][1][safepoint    ] Total time for which application threads were stopped: 0.0002501 seconds, Stopping threads took: 0.0001125 seconds
[2022-06-13T02:07:10.022+0000][1][safepoint    ] Application time: 0.0000685 seconds
[2022-06-13T02:07:10.022+0000][1][safepoint    ] Entering safepoint region: RevokeBias
[2022-06-13T02:07:10.022+0000][1][safepoint    ] Leaving safepoint region
[2022-06-13T02:07:10.022+0000][1][safepoint    ] Total time for which application threads were stopped: 0.0002143 seconds, Stopping threads took: 0.0000989 seconds
[2022-06-13T02:07:10.022+0000][1][safepoint    ] Application time: 0.0000688 seconds
[2022-06-13T02:07:10.022+0000][1][safepoint    ] Entering safepoint region: RevokeBias
[2022-06-13T02:07:10.022+0000][1][safepoint    ] Leaving safepoint region
[2022-06-13T02:07:10.023+0000][1][safepoint    ] Total time for which application threads were stopped: 0.0002392 seconds, Stopping threads took: 0.0001125 seconds
[2022-06-13T02:07:10.023+0000][1][safepoint    ] Application time: 0.0000549 seconds
[2022-06-13T02:07:10.023+0000][1][safepoint    ] Entering safepoint region: RevokeBias
[2022-06-13T02:07:10.023+0000][1][safepoint    ] Leaving safepoint region
[2022-06-13T02:07:10.023+0000][1][safepoint    ] Total time for which application threads were stopped: 0.0002094 seconds, Stopping threads took: 0.0000967 seconds
[2022-06-13T02:07:10.023+0000][1][safepoint    ] Application time: 0.0000504 seconds
[2022-06-13T02:07:10.023+0000][1][safepoint    ] Entering safepoint region: RevokeBias
[2022-06-13T02:07:10.023+0000][1][safepoint    ] Leaving safepoint region
[2022-06-13T02:07:10.024+0000][1][safepoint    ] Total time for which application threads were stopped: 0.0002525 seconds, Stopping threads took: 0.0001092 seconds
[2022-06-13T02:07:10.024+0000][1][safepoint    ] Application time: 0.0000706 seconds
[2022-06-13T02:07:10.024+0000][1][safepoint    ] Entering safepoint region: RevokeBias
[2022-06-13T02:07:10.024+0000][1][safepoint    ] Leaving safepoint region
[2022-06-13T02:07:10.024+0000][1][safepoint    ] Total time for which application threads were stopped: 0.0004237 seconds, Stopping threads took: 0.0002723 seconds
[2022-06-13T02:07:10.025+0000][1][safepoint    ] Application time: 0.0000607 seconds
[2022-06-13T02:07:10.025+0000][1][safepoint    ] Entering safepoint region: RevokeBias
[2022-06-13T02:07:10.025+0000][1][safepoint    ] Leaving safepoint region
[2022-06-13T02:07:10.025+0000][1][safepoint    ] Total time for which application threads were stopped: 0.0002368 seconds, Stopping threads took: 0.0001128 seconds
[2022-06-13T02:07:10.037+0000][1][safepoint    ] Application time: 0.0123811 seconds
[2022-06-13T02:07:10.038+0000][1][safepoint    ] Entering safepoint region: RevokeBias
[2022-06-13T02:07:10.038+0000][1][safepoint    ] Leaving safepoint region
[2022-06-13T02:07:10.038+0000][1][safepoint    ] Total time for which application threads were stopped: 0.0006177 seconds, Stopping threads took: 0.0002267 seconds
[2022-06-13T02:07:10.050+0000][1][safepoint    ] Application time: 0.0114767 seconds
[2022-06-13T02:07:10.050+0000][1][safepoint    ] Entering safepoint region: RevokeBias
[2022-06-13T02:07:10.051+0000][1][safepoint    ] Leaving safepoint region
[2022-06-13T02:07:10.051+0000][1][safepoint    ] Total time for which application threads were stopped: 0.0007496 seconds, Stopping threads took: 0.0003839 seconds
[2022-06-13T02:07:10.111+0000][1][safepoint    ] Application time: 0.0595238 seconds
[2022-06-13T02:07:10.111+0000][1][safepoint    ] Entering safepoint region: RevokeBias
[2022-06-13T02:07:10.111+0000][1][safepoint    ] Leaving safepoint region
[2022-06-13T02:07:10.112+0000][1][safepoint    ] Total time for which application threads were stopped: 0.0003632 seconds, Stopping threads took: 0.0002008 seconds
[2022-06-13T02:07:10.114+0000][1][safepoint    ] Application time: 0.0020478 seconds
[2022-06-13T02:07:10.114+0000][1][safepoint    ] Entering safepoint region: RevokeBias
[2022-06-13T02:07:10.114+0000][1][safepoint    ] Leaving safepoint region
[2022-06-13T02:07:10.115+0000][1][safepoint    ] Total time for which application threads were stopped: 0.0006144 seconds, Stopping threads took: 0.0003607 seconds
[2022-06-13T02:07:10.118+0000][1][safepoint    ] Application time: 0.0031767 seconds
[2022-06-13T02:07:10.118+0000][1][safepoint    ] Entering safepoint region: RevokeBias
[2022-06-13T02:07:10.119+0000][1][safepoint    ] Leaving safepoint region
[2022-06-13T02:07:10.119+0000][1][safepoint    ] Total time for which application threads were stopped: 0.0006059 seconds, Stopping threads took: 0.0002887 seconds
[2022-06-13T02:07:10.121+0000][1][safepoint    ] Application time: 0.0018992 seconds
[2022-06-13T02:07:10.122+0000][1][safepoint    ] Entering safepoint region: RevokeBias
[2022-06-13T02:07:10.122+0000][1][safepoint    ] Leaving safepoint region
[2022-06-13T02:07:10.122+0000][1][safepoint    ] Total time for which application threads were stopped: 0.0006719 seconds, Stopping threads took: 0.0003778 seconds
[2022-06-13T02:07:10.123+0000][1][safepoint    ] Application time: 0.0001494 seconds
[2022-06-13T02:07:10.123+0000][1][safepoint    ] Entering safepoint region: RevokeBias
[2022-06-13T02:07:10.124+0000][1][safepoint    ] Leaving safepoint region
[2022-06-13T02:07:10.124+0000][1][safepoint    ] Total time for which application threads were stopped: 0.0006683 seconds, Stopping threads took: 0.0003952 seconds
[2022-06-13T02:07:10.125+0000][1][safepoint    ] Application time: 0.0006173 seconds
[2022-06-13T02:07:10.125+0000][1][safepoint    ] Entering safepoint region: RevokeBias
[2022-06-13T02:07:10.125+0000][1][safepoint    ] Leaving safepoint region
[2022-06-13T02:07:10.125+0000][1][safepoint    ] Total time for which application threads were stopped: 0.0004621 seconds, Stopping threads took: 0.0002947 seconds
[2022-06-13T02:07:10.126+0000][1][safepoint    ] Application time: 0.0001387 seconds
[2022-06-13T02:07:10.126+0000][1][safepoint    ] Entering safepoint region: RevokeBias
[2022-06-13T02:07:10.126+0000][1][safepoint    ] Leaving safepoint region
[2022-06-13T02:07:10.126+0000][1][safepoint    ] Total time for which application threads were stopped: 0.0003795 seconds, Stopping threads took: 0.0001615 seconds
[2022-06-13T02:07:10.126+0000][1][safepoint    ] Application time: 0.0000908 seconds
[2022-06-13T02:07:10.127+0000][1][safepoint    ] Entering safepoint region: RevokeBias
[2022-06-13T02:07:10.127+0000][1][safepoint    ] Leaving safepoint region
[2022-06-13T02:07:10.127+0000][1][safepoint    ] Total time for which application threads were stopped: 0.0003474 seconds, Stopping threads took: 0.0001590 seconds
[2022-06-13T02:07:10.132+0000][1][safepoint    ] Application time: 0.0047448 seconds
[2022-06-13T02:07:10.132+0000][1][safepoint    ] Entering safepoint region: RevokeBias
[2022-06-13T02:07:10.132+0000][1][safepoint    ] Leaving safepoint region
[2022-06-13T02:07:10.133+0000][1][safepoint    ] Total time for which application threads were stopped: 0.0005168 seconds, Stopping threads took: 0.0002235 seconds
[2022-06-13T02:07:10.133+0000][1][safepoint    ] Application time: 0.0002063 seconds
[2022-06-13T02:07:10.133+0000][1][safepoint    ] Entering safepoint region: RevokeBias
[2022-06-13T02:07:10.134+0000][1][safepoint    ] Leaving safepoint region
[2022-06-13T02:07:10.134+0000][1][safepoint    ] Total time for which application threads were stopped: 0.0007065 seconds, Stopping threads took: 0.0003972 seconds
[2022-06-13T02:07:10.134+0000][1][safepoint    ] Application time: 0.0001025 seconds
[2022-06-13T02:07:10.135+0000][1][safepoint    ] Entering safepoint region: RevokeBias
[2022-06-13T02:07:10.135+0000][1][safepoint    ] Leaving safepoint region
[2022-06-13T02:07:10.135+0000][1][safepoint    ] Total time for which application threads were stopped: 0.0002894 seconds, Stopping threads took: 0.0001438 seconds
[2022-06-13T02:07:10.135+0000][1][safepoint    ] Application time: 0.0002799 seconds
[2022-06-13T02:07:10.135+0000][1][safepoint    ] Entering safepoint region: RevokeBias
[2022-06-13T02:07:10.136+0000][1][safepoint    ] Leaving safepoint region
[2022-06-13T02:07:10.136+0000][1][safepoint    ] Total time for which application threads were stopped: 0.0002929 seconds, Stopping threads took: 0.0001665 seconds
[2022-06-13T02:07:10.136+0000][1][safepoint    ] Application time: 0.0003179 seconds
[2022-06-13T02:07:10.136+0000][1][safepoint    ] Entering safepoint region: RevokeBias
[2022-06-13T02:07:10.137+0000][1][safepoint    ] Leaving safepoint region
[2022-06-13T02:07:10.137+0000][1][safepoint    ] Total time for which application threads were stopped: 0.0006994 seconds, Stopping threads took: 0.0003765 seconds
[2022-06-13T02:07:10.137+0000][1][safepoint    ] Application time: 0.0000898 seconds
[2022-06-13T02:07:10.138+0000][1][safepoint    ] Entering safepoint region: RevokeBias
[2022-06-13T02:07:10.138+0000][1][safepoint    ] Leaving safepoint region
[2022-06-13T02:07:10.138+0000][1][safepoint    ] Total time for which application threads were stopped: 0.0008983 seconds, Stopping threads took: 0.0004310 seconds
[2022-06-13T02:07:10.139+0000][1][safepoint    ] Application time: 0.0000877 seconds
[2022-06-13T02:07:10.139+0000][1][safepoint    ] Entering safepoint region: RevokeBias
[2022-06-13T02:07:10.139+0000][1][safepoint    ] Leaving safepoint region
[2022-06-13T02:07:10.140+0000][1][safepoint    ] Total time for which application threads were stopped: 0.0007836 seconds, Stopping threads took: 0.0004029 seconds
[2022-06-13T02:07:10.140+0000][1][safepoint    ] Application time: 0.0002254 seconds
[2022-06-13T02:07:10.141+0000][1][safepoint    ] Entering safepoint region: RevokeBias
[2022-06-13T02:07:10.141+0000][1][safepoint    ] Leaving safepoint region
[2022-06-13T02:07:10.141+0000][1][safepoint    ] Total time for which application threads were stopped: 0.0006037 seconds, Stopping threads took: 0.0003118 seconds
[2022-06-13T02:07:10.143+0000][1][safepoint    ] Application time: 0.0019172 seconds
[2022-06-13T02:07:10.144+0000][1][safepoint    ] Entering safepoint region: RevokeBias
[2022-06-13T02:07:10.144+0000][1][safepoint    ] Leaving safepoint region
[2022-06-13T02:07:10.144+0000][1][safepoint    ] Total time for which application threads were stopped: 0.0007115 seconds, Stopping threads took: 0.0003246 seconds
[2022-06-13T02:07:10.147+0000][1][safepoint    ] Application time: 0.0026705 seconds
[2022-06-13T02:07:10.148+0000][1][safepoint    ] Entering safepoint region: RevokeBias
[2022-06-13T02:07:10.148+0000][1][safepoint    ] Leaving safepoint region
[2022-06-13T02:07:10.148+0000][1][safepoint    ] Total time for which application threads were stopped: 0.0005552 seconds, Stopping threads took: 0.0002011 seconds
[2022-06-13T02:07:10.149+0000][1][safepoint    ] Application time: 0.0001268 seconds
[2022-06-13T02:07:10.149+0000][1][safepoint    ] Entering safepoint region: RevokeBias
[2022-06-13T02:07:10.149+0000][1][safepoint    ] Leaving safepoint region
[2022-06-13T02:07:10.149+0000][1][safepoint    ] Total time for which application threads were stopped: 0.0005413 seconds, Stopping threads took: 0.0002145 seconds
[2022-06-13T02:07:10.150+0000][1][safepoint    ] Application time: 0.0000796 seconds
[2022-06-13T02:07:10.150+0000][1][safepoint    ] Entering safepoint region: RevokeBias
[2022-06-13T02:07:10.150+0000][1][safepoint    ] Leaving safepoint region
[2022-06-13T02:07:10.150+0000][1][safepoint    ] Total time for which application threads were stopped: 0.0003791 seconds, Stopping threads took: 0.0002196 seconds
[2022-06-13T02:07:10.151+0000][1][safepoint    ] Application time: 0.0002101 seconds
[2022-06-13T02:07:10.151+0000][1][safepoint    ] Entering safepoint region: RevokeBias
[2022-06-13T02:07:10.151+0000][1][safepoint    ] Leaving safepoint region
[2022-06-13T02:07:10.151+0000][1][safepoint    ] Total time for which application threads were stopped: 0.0001909 seconds, Stopping threads took: 0.0000827 seconds
[2022-06-13T02:07:10.151+0000][1][safepoint    ] Application time: 0.0000755 seconds
[2022-06-13T02:07:10.151+0000][1][safepoint    ] Entering safepoint region: RevokeBias
[2022-06-13T02:07:10.151+0000][1][safepoint    ] Leaving safepoint region
[2022-06-13T02:07:10.151+0000][1][safepoint    ] Total time for which application threads were stopped: 0.0002007 seconds, Stopping threads took: 0.0000916 seconds
[2022-06-13T02:07:10.153+0000][1][safepoint    ] Application time: 0.0013865 seconds
[2022-06-13T02:07:10.153+0000][1][safepoint    ] Entering safepoint region: RevokeBias
[2022-06-13T02:07:10.153+0000][1][safepoint    ] Leaving safepoint region
[2022-06-13T02:07:10.153+0000][1][safepoint    ] Total time for which application threads were stopped: 0.0002008 seconds, Stopping threads took: 0.0000952 seconds
[2022-06-13T02:07:10.153+0000][1][safepoint    ] Application time: 0.0000863 seconds
[2022-06-13T02:07:10.153+0000][1][safepoint    ] Entering safepoint region: RevokeBias
[2022-06-13T02:07:10.153+0000][1][safepoint    ] Leaving safepoint region
[2022-06-13T02:07:10.154+0000][1][safepoint    ] Total time for which application threads were stopped: 0.0001952 seconds, Stopping threads took: 0.0000834 seconds
[2022-06-13T02:07:10.154+0000][1][safepoint    ] Application time: 0.0000944 seconds
[2022-06-13T02:07:10.154+0000][1][safepoint    ] Entering safepoint region: RevokeBias
[2022-06-13T02:07:10.154+0000][1][safepoint    ] Leaving safepoint region
[2022-06-13T02:07:10.154+0000][1][safepoint    ] Total time for which application threads were stopped: 0.0001941 seconds, Stopping threads took: 0.0000850 seconds
[2022-06-13T02:07:10.154+0000][1][safepoint    ] Application time: 0.0001953 seconds
[2022-06-13T02:07:10.154+0000][1][safepoint    ] Entering safepoint region: RevokeBias
[2022-06-13T02:07:10.155+0000][1][safepoint    ] Leaving safepoint region
[2022-06-13T02:07:10.155+0000][1][safepoint    ] Total time for which application threads were stopped: 0.0002268 seconds, Stopping threads took: 0.0001077 seconds
[2022-06-13T02:07:10.155+0000][1][safepoint    ] Application time: 0.0000702 seconds
[2022-06-13T02:07:10.155+0000][1][safepoint    ] Entering safepoint region: BulkRevokeBias
[2022-06-13T02:07:10.155+0000][1][safepoint    ] Leaving safepoint region
[2022-06-13T02:07:10.155+0000][1][safepoint    ] Total time for which application threads were stopped: 0.0002789 seconds, Stopping threads took: 0.0000817 seconds
[2022-06-13T02:07:10.690+0000][1][safepoint    ] Application time: 0.5347157 seconds
[2022-06-13T02:07:10.691+0000][1][safepoint    ] Entering safepoint region: RevokeBias
[2022-06-13T02:07:10.691+0000][1][safepoint    ] Leaving safepoint region
[2022-06-13T02:07:10.691+0000][1][safepoint    ] Total time for which application threads were stopped: 0.0007736 seconds, Stopping threads took: 0.0004059 seconds
[2022-06-13T02:07:10.692+0000][1][safepoint    ] Application time: 0.0001910 seconds
[2022-06-13T02:07:10.692+0000][1][safepoint    ] Entering safepoint region: RevokeBias
[2022-06-13T02:07:10.693+0000][1][safepoint    ] Leaving safepoint region
[2022-06-13T02:07:10.693+0000][1][safepoint    ] Total time for which application threads were stopped: 0.0008687 seconds, Stopping threads took: 0.0004593 seconds
[2022-06-13T02:07:10.694+0000][1][safepoint    ] Application time: 0.0002282 seconds
[2022-06-13T02:07:10.694+0000][1][safepoint    ] Entering safepoint region: RevokeBias
[2022-06-13T02:07:10.694+0000][1][safepoint    ] Leaving safepoint region
[2022-06-13T02:07:10.695+0000][1][safepoint    ] Total time for which application threads were stopped: 0.0006330 seconds, Stopping threads took: 0.0003966 seconds
[2022-06-13T02:07:10.695+0000][1][safepoint    ] Application time: 0.0000963 seconds
[2022-06-13T02:07:10.695+0000][1][safepoint    ] Entering safepoint region: RevokeBias
[2022-06-13T02:07:10.696+0000][1][safepoint    ] Leaving safepoint region
[2022-06-13T02:07:10.696+0000][1][safepoint    ] Total time for which application threads were stopped: 0.0005474 seconds, Stopping threads took: 0.0003076 seconds
[2022-06-13T02:07:10.696+0000][1][safepoint    ] Application time: 0.0001657 seconds
[2022-06-13T02:07:10.696+0000][1][safepoint    ] Entering safepoint region: RevokeBias
[2022-06-13T02:07:10.697+0000][1][safepoint    ] Leaving safepoint region
[2022-06-13T02:07:10.697+0000][1][safepoint    ] Total time for which application threads were stopped: 0.0005814 seconds, Stopping threads took: 0.0002254 seconds
[2022-06-13T02:07:10.697+0000][1][safepoint    ] Application time: 0.0001322 seconds
[2022-06-13T02:07:10.698+0000][1][safepoint    ] Entering safepoint region: RevokeBias
[2022-06-13T02:07:10.698+0000][1][safepoint    ] Leaving safepoint region
[2022-06-13T02:07:10.698+0000][1][safepoint    ] Total time for which application threads were stopped: 0.0003348 seconds, Stopping threads took: 0.0001640 seconds
[2022-06-13T02:07:10.698+0000][1][safepoint    ] Application time: 0.0000739 seconds
[2022-06-13T02:07:10.698+0000][1][safepoint    ] Entering safepoint region: RevokeBias
[2022-06-13T02:07:10.698+0000][1][safepoint    ] Leaving safepoint region
[2022-06-13T02:07:10.699+0000][1][safepoint    ] Total time for which application threads were stopped: 0.0003110 seconds, Stopping threads took: 0.0001411 seconds
[2022-06-13T02:07:10.699+0000][1][safepoint    ] Application time: 0.0000906 seconds
[2022-06-13T02:07:10.699+0000][1][safepoint    ] Entering safepoint region: RevokeBias
[2022-06-13T02:07:10.699+0000][1][safepoint    ] Leaving safepoint region
[2022-06-13T02:07:10.699+0000][1][safepoint    ] Total time for which application threads were stopped: 0.0002881 seconds, Stopping threads took: 0.0001237 seconds
[2022-06-13T02:07:11.654+0000][1][safepoint    ] Application time: 0.9544706 seconds
[2022-06-13T02:07:11.654+0000][1][safepoint    ] Entering safepoint region: RevokeBias
[2022-06-13T02:07:11.655+0000][1][safepoint    ] Leaving safepoint region
[2022-06-13T02:07:11.655+0000][1][safepoint    ] Total time for which application threads were stopped: 0.0010957 seconds, Stopping threads took: 0.0005858 seconds
[2022-06-13T02:07:12.656+0000][1][safepoint    ] Application time: 1.0004675 seconds
[2022-06-13T02:07:12.657+0000][1][safepoint    ] Entering safepoint region: Cleanup
[2022-06-13T02:07:12.657+0000][1][safepoint    ] Leaving safepoint region
[2022-06-13T02:07:12.657+0000][1][safepoint    ] Total time for which application threads were stopped: 0.0005543 seconds, Stopping threads took: 0.0003007 seconds
[2022-06-13T02:07:13.657+0000][1][safepoint    ] Application time: 1.0001990 seconds
[2022-06-13T02:07:13.658+0000][1][safepoint    ] Entering safepoint region: Cleanup
[2022-06-13T02:07:13.658+0000][1][safepoint    ] Leaving safepoint region
[2022-06-13T02:07:13.659+0000][1][safepoint    ] Total time for which application threads were stopped: 0.0009912 seconds, Stopping threads took: 0.0004854 seconds
[2022-06-13T02:07:14.660+0000][1][safepoint    ] Application time: 1.0001810 seconds
[2022-06-13T02:07:14.661+0000][1][safepoint    ] Entering safepoint region: Cleanup
[2022-06-13T02:07:14.661+0000][1][safepoint    ] Leaving safepoint region
[2022-06-13T02:07:14.662+0000][1][safepoint    ] Total time for which application threads were stopped: 0.0010683 seconds, Stopping threads took: 0.0005480 seconds
[2022-06-13T02:07:15.662+0000][1][safepoint    ] Application time: 1.0002315 seconds
[2022-06-13T02:07:15.663+0000][1][safepoint    ] Entering safepoint region: Cleanup
[2022-06-13T02:07:15.663+0000][1][safepoint    ] Leaving safepoint region
[2022-06-13T02:07:15.663+0000][1][safepoint    ] Total time for which application threads were stopped: 0.0003392 seconds, Stopping threads took: 0.0001568 seconds
[2022-06-13T02:07:16.663+0000][1][safepoint    ] Application time: 1.0002113 seconds
[2022-06-13T02:07:16.664+0000][1][safepoint    ] Entering safepoint region: Cleanup
[2022-06-13T02:07:16.664+0000][1][safepoint    ] Leaving safepoint region
[2022-06-13T02:07:16.665+0000][1][safepoint    ] Total time for which application threads were stopped: 0.0006539 seconds, Stopping threads took: 0.0003295 seconds
[2022-06-13T02:07:17.665+0000][1][safepoint    ] Application time: 1.0002675 seconds
[2022-06-13T02:07:17.665+0000][1][safepoint    ] Entering safepoint region: Cleanup
[2022-06-13T02:07:17.665+0000][1][safepoint    ] Leaving safepoint region
[2022-06-13T02:07:17.666+0000][1][safepoint    ] Total time for which application threads were stopped: 0.0002610 seconds, Stopping threads took: 0.0001228 seconds
[2022-06-13T02:07:18.594+0000][1][safepoint    ] Application time: 0.9285891 seconds
[2022-06-13T02:07:18.595+0000][1][safepoint    ] Entering safepoint region: RevokeBias
[2022-06-13T02:07:18.595+0000][1][safepoint    ] Leaving safepoint region
[2022-06-13T02:07:18.596+0000][1][safepoint    ] Total time for which application threads were stopped: 0.0007763 seconds, Stopping threads took: 0.0004022 seconds
[2022-06-13T02:07:18.596+0000][1][safepoint    ] Application time: 0.0001811 seconds
[2022-06-13T02:07:18.596+0000][1][safepoint    ] Entering safepoint region: RevokeBias
[2022-06-13T02:07:18.597+0000][1][safepoint    ] Leaving safepoint region
[2022-06-13T02:07:18.597+0000][1][safepoint    ] Total time for which application threads were stopped: 0.0006013 seconds, Stopping threads took: 0.0003187 seconds
[2022-06-13T02:07:19.597+0000][1][safepoint    ] Application time: 1.0001883 seconds
[2022-06-13T02:07:19.598+0000][1][safepoint    ] Entering safepoint region: Cleanup
[2022-06-13T02:07:19.598+0000][1][safepoint    ] Leaving safepoint region
[2022-06-13T02:07:19.599+0000][1][safepoint    ] Total time for which application threads were stopped: 0.0008720 seconds, Stopping threads took: 0.0005347 seconds
[2022-06-13T02:07:20.599+0000][1][safepoint    ] Application time: 1.0001175 seconds
[2022-06-13T02:07:20.600+0000][1][safepoint    ] Entering safepoint region: Cleanup
[2022-06-13T02:07:20.600+0000][1][safepoint    ] Leaving safepoint region
[2022-06-13T02:07:20.600+0000][1][safepoint    ] Total time for which application threads were stopped: 0.0006078 seconds, Stopping threads took: 0.0004231 seconds
[2022-06-13T02:07:21.601+0000][1][safepoint    ] Application time: 1.0003122 seconds
[2022-06-13T02:07:21.601+0000][1][safepoint    ] Entering safepoint region: Cleanup
[2022-06-13T02:07:21.602+0000][1][safepoint    ] Leaving safepoint region
[2022-06-13T02:07:21.602+0000][1][safepoint    ] Total time for which application threads were stopped: 0.0008133 seconds, Stopping threads took: 0.0004171 seconds
[2022-06-13T02:07:22.603+0000][1][safepoint    ] Application time: 1.0002012 seconds
[2022-06-13T02:07:22.603+0000][1][safepoint    ] Entering safepoint region: Cleanup
[2022-06-13T02:07:22.604+0000][1][safepoint    ] Leaving safepoint region
[2022-06-13T02:07:22.604+0000][1][safepoint    ] Total time for which application threads were stopped: 0.0009822 seconds, Stopping threads took: 0.0004101 seconds
[2022-06-13T02:07:23.605+0000][1][safepoint    ] Application time: 1.0003459 seconds
[2022-06-13T02:07:23.605+0000][1][safepoint    ] Entering safepoint region: Cleanup
[2022-06-13T02:07:23.606+0000][1][safepoint    ] Leaving safepoint region
[2022-06-13T02:07:23.606+0000][1][safepoint    ] Total time for which application threads were stopped: 0.0009273 seconds, Stopping threads took: 0.0004872 seconds
[2022-06-13T02:07:24.607+0000][1][safepoint    ] Application time: 1.0001567 seconds
[2022-06-13T02:07:24.607+0000][1][safepoint    ] Entering safepoint region: Cleanup
[2022-06-13T02:07:24.608+0000][1][safepoint    ] Leaving safepoint region
[2022-06-13T02:07:24.608+0000][1][safepoint    ] Total time for which application threads were stopped: 0.0007299 seconds, Stopping threads took: 0.0003217 seconds
[2022-06-13T02:07:25.609+0000][1][safepoint    ] Application time: 1.0001778 seconds
[2022-06-13T02:07:25.609+0000][1][safepoint    ] Entering safepoint region: Cleanup
[2022-06-13T02:07:25.610+0000][1][safepoint    ] Leaving safepoint region
[2022-06-13T02:07:25.610+0000][1][safepoint    ] Total time for which application threads were stopped: 0.0008725 seconds, Stopping threads took: 0.0004391 seconds
[2022-06-13T02:07:26.611+0000][1][safepoint    ] Application time: 1.0002768 seconds
[2022-06-13T02:07:26.611+0000][1][safepoint    ] Entering safepoint region: Cleanup
[2022-06-13T02:07:26.612+0000][1][safepoint    ] Leaving safepoint region
[2022-06-13T02:07:26.612+0000][1][safepoint    ] Total time for which application threads were stopped: 0.0006851 seconds, Stopping threads took: 0.0003163 seconds
[2022-06-13T02:07:27.613+0000][1][safepoint    ] Application time: 1.0004003 seconds
[2022-06-13T02:07:27.614+0000][1][safepoint    ] Entering safepoint region: Cleanup
[2022-06-13T02:07:27.614+0000][1][safepoint    ] Leaving safepoint region
[2022-06-13T02:07:27.614+0000][1][safepoint    ] Total time for which application threads were stopped: 0.0005805 seconds, Stopping threads took: 0.0002789 seconds
[2022-06-13T02:07:28.614+0000][1][safepoint    ] Application time: 1.0001772 seconds
[2022-06-13T02:07:28.615+0000][1][safepoint    ] Entering safepoint region: Cleanup
[2022-06-13T02:07:28.616+0000][1][safepoint    ] Leaving safepoint region
[2022-06-13T02:07:28.616+0000][1][safepoint    ] Total time for which application threads were stopped: 0.0010455 seconds, Stopping threads took: 0.0006200 seconds
[2022-06-13T02:07:29.617+0000][1][safepoint    ] Application time: 1.0002648 seconds
[2022-06-13T02:07:29.617+0000][1][safepoint    ] Entering safepoint region: Cleanup
[2022-06-13T02:07:29.617+0000][1][safepoint    ] Leaving safepoint region
[2022-06-13T02:07:29.617+0000][1][safepoint    ] Total time for which application threads were stopped: 0.0004130 seconds, Stopping threads took: 0.0001844 seconds
[2022-06-13T02:07:30.618+0000][1][safepoint    ] Application time: 1.0001072 seconds
[2022-06-13T02:07:30.618+0000][1][safepoint    ] Entering safepoint region: Cleanup
[2022-06-13T02:07:30.618+0000][1][safepoint    ] Leaving safepoint region
[2022-06-13T02:07:30.619+0000][1][safepoint    ] Total time for which application threads were stopped: 0.0005311 seconds, Stopping threads took: 0.0001902 seconds
[2022-06-13T02:07:31.619+0000][1][safepoint    ] Application time: 1.0001669 seconds
[2022-06-13T02:07:31.620+0000][1][safepoint    ] Entering safepoint region: Cleanup
[2022-06-13T02:07:31.620+0000][1][safepoint    ] Leaving safepoint region
[2022-06-13T02:07:31.621+0000][1][safepoint    ] Total time for which application threads were stopped: 0.0011028 seconds, Stopping threads took: 0.0005223 seconds
[2022-06-13T02:07:32.622+0000][1][safepoint    ] Application time: 1.0001505 seconds
[2022-06-13T02:07:32.622+0000][1][safepoint    ] Entering safepoint region: Cleanup
[2022-06-13T02:07:32.622+0000][1][safepoint    ] Leaving safepoint region
[2022-06-13T02:07:32.622+0000][1][safepoint    ] Total time for which application threads were stopped: 0.0004052 seconds, Stopping threads took: 0.0002010 seconds
[2022-06-13T02:07:33.623+0000][1][safepoint    ] Application time: 1.0002497 seconds
[2022-06-13T02:07:33.623+0000][1][safepoint    ] Entering safepoint region: Cleanup
[2022-06-13T02:07:33.624+0000][1][safepoint    ] Leaving safepoint region
[2022-06-13T02:07:33.624+0000][1][safepoint    ] Total time for which application threads were stopped: 0.0006972 seconds, Stopping threads took: 0.0003779 seconds
[2022-06-13T02:07:34.625+0000][1][safepoint    ] Application time: 1.0003340 seconds
[2022-06-13T02:07:34.625+0000][1][safepoint    ] Entering safepoint region: Cleanup
[2022-06-13T02:07:34.626+0000][1][safepoint    ] Leaving safepoint region
[2022-06-13T02:07:34.626+0000][1][safepoint    ] Total time for which application threads were stopped: 0.0007434 seconds, Stopping threads took: 0.0003904 seconds
[2022-06-13T02:07:35.627+0000][1][safepoint    ] Application time: 1.0002273 seconds
[2022-06-13T02:07:35.627+0000][1][safepoint    ] Entering safepoint region: Cleanup
[2022-06-13T02:07:35.628+0000][1][safepoint    ] Leaving safepoint region
[2022-06-13T02:07:35.628+0000][1][safepoint    ] Total time for which application threads were stopped: 0.0007645 seconds, Stopping threads took: 0.0004192 seconds
[2022-06-13T02:07:36.629+0000][1][safepoint    ] Application time: 1.0002301 seconds
[2022-06-13T02:07:36.629+0000][1][safepoint    ] Entering safepoint region: Cleanup
[2022-06-13T02:07:36.630+0000][1][safepoint    ] Leaving safepoint region
[2022-06-13T02:07:36.630+0000][1][safepoint    ] Total time for which application threads were stopped: 0.0007639 seconds, Stopping threads took: 0.0003259 seconds
[2022-06-13T02:07:37.631+0000][1][safepoint    ] Application time: 1.0002711 seconds
[2022-06-13T02:07:37.631+0000][1][safepoint    ] Entering safepoint region: Cleanup
[2022-06-13T02:07:37.632+0000][1][safepoint    ] Leaving safepoint region
[2022-06-13T02:07:37.632+0000][1][safepoint    ] Total time for which application threads were stopped: 0.0009214 seconds, Stopping threads took: 0.0003800 seconds
[2022-06-13T02:07:38.633+0000][1][safepoint    ] Application time: 1.0001788 seconds
[2022-06-13T02:07:38.633+0000][1][safepoint    ] Entering safepoint region: Cleanup
[2022-06-13T02:07:38.634+0000][1][safepoint    ] Leaving safepoint region
[2022-06-13T02:07:38.634+0000][1][safepoint    ] Total time for which application threads were stopped: 0.0006090 seconds, Stopping threads took: 0.0003225 seconds
[2022-06-13T02:07:39.634+0000][1][safepoint    ] Application time: 1.0001154 seconds
[2022-06-13T02:07:39.635+0000][1][safepoint    ] Entering safepoint region: Cleanup
[2022-06-13T02:07:39.635+0000][1][safepoint    ] Leaving safepoint region
[2022-06-13T02:07:39.635+0000][1][safepoint    ] Total time for which application threads were stopped: 0.0008206 seconds, Stopping threads took: 0.0003469 seconds
[2022-06-13T02:07:40.636+0000][1][safepoint    ] Application time: 1.0002932 seconds
[2022-06-13T02:07:40.637+0000][1][safepoint    ] Entering safepoint region: Cleanup
[2022-06-13T02:07:40.637+0000][1][safepoint    ] Leaving safepoint region
[2022-06-13T02:07:40.637+0000][1][safepoint    ] Total time for which application threads were stopped: 0.0005259 seconds, Stopping threads took: 0.0002154 seconds
[2022-06-13T02:07:41.638+0000][1][safepoint    ] Application time: 1.0001139 seconds
[2022-06-13T02:07:41.638+0000][1][safepoint    ] Entering safepoint region: Cleanup
[2022-06-13T02:07:41.638+0000][1][safepoint    ] Leaving safepoint region
[2022-06-13T02:07:41.639+0000][1][safepoint    ] Total time for which application threads were stopped: 0.0007328 seconds, Stopping threads took: 0.0003810 seconds
[2022-06-13T02:07:42.639+0000][1][safepoint    ] Application time: 1.0002518 seconds
[2022-06-13T02:07:42.640+0000][1][safepoint    ] Entering safepoint region: Cleanup
[2022-06-13T02:07:42.641+0000][1][safepoint    ] Leaving safepoint region
[2022-06-13T02:07:42.641+0000][1][safepoint    ] Total time for which application threads were stopped: 0.0012126 seconds, Stopping threads took: 0.0005586 seconds
[2022-06-13T02:07:43.642+0000][1][safepoint    ] Application time: 1.0001882 seconds
[2022-06-13T02:07:43.643+0000][1][safepoint    ] Entering safepoint region: Cleanup
[2022-06-13T02:07:43.643+0000][1][safepoint    ] Leaving safepoint region
[2022-06-13T02:07:43.644+0000][1][safepoint    ] Total time for which application threads were stopped: 0.0010275 seconds, Stopping threads took: 0.0004668 seconds
[2022-06-13T02:07:44.644+0000][1][safepoint    ] Application time: 1.0001453 seconds
[2022-06-13T02:07:44.644+0000][1][safepoint    ] Entering safepoint region: Cleanup
[2022-06-13T02:07:44.645+0000][1][safepoint    ] Leaving safepoint region
[2022-06-13T02:07:44.645+0000][1][safepoint    ] Total time for which application threads were stopped: 0.0005312 seconds, Stopping threads took: 0.0003079 seconds
[2022-06-13T02:07:45.646+0000][1][safepoint    ] Application time: 1.0003465 seconds
[2022-06-13T02:07:45.646+0000][1][safepoint    ] Entering safepoint region: Cleanup
[2022-06-13T02:07:45.647+0000][1][safepoint    ] Leaving safepoint region
[2022-06-13T02:07:45.647+0000][1][safepoint    ] Total time for which application threads were stopped: 0.0008815 seconds, Stopping threads took: 0.0004405 seconds
[2022-06-13T02:07:46.648+0000][1][safepoint    ] Application time: 1.0001449 seconds
[2022-06-13T02:07:46.648+0000][1][safepoint    ] Entering safepoint region: Cleanup
[2022-06-13T02:07:46.648+0000][1][safepoint    ] Leaving safepoint region
[2022-06-13T02:07:46.648+0000][1][safepoint    ] Total time for which application threads were stopped: 0.0003671 seconds, Stopping threads took: 0.0001793 seconds
[2022-06-13T02:07:47.649+0000][1][safepoint    ] Application time: 1.0001907 seconds
[2022-06-13T02:07:47.650+0000][1][safepoint    ] Entering safepoint region: Cleanup
[2022-06-13T02:07:47.650+0000][1][safepoint    ] Leaving safepoint region
[2022-06-13T02:07:47.651+0000][1][safepoint    ] Total time for which application threads were stopped: 0.0010624 seconds, Stopping threads took: 0.0005244 seconds
[2022-06-13T02:07:48.651+0000][1][safepoint    ] Application time: 1.0002035 seconds
[2022-06-13T02:07:48.652+0000][1][safepoint    ] Entering safepoint region: Cleanup
[2022-06-13T02:07:48.652+0000][1][safepoint    ] Leaving safepoint region
[2022-06-13T02:07:48.653+0000][1][safepoint    ] Total time for which application threads were stopped: 0.0011236 seconds, Stopping threads took: 0.0004967 seconds
[2022-06-13T02:07:49.654+0000][1][safepoint    ] Application time: 1.0002750 seconds
[2022-06-13T02:07:49.655+0000][1][safepoint    ] Entering safepoint region: Cleanup
[2022-06-13T02:07:49.655+0000][1][safepoint    ] Leaving safepoint region
[2022-06-13T02:07:49.655+0000][1][safepoint    ] Total time for which application threads were stopped: 0.0007763 seconds, Stopping threads took: 0.0005480 seconds
[2022-06-13T02:07:50.656+0000][1][safepoint    ] Application time: 1.0001867 seconds
[2022-06-13T02:07:50.657+0000][1][safepoint    ] Entering safepoint region: Cleanup
[2022-06-13T02:07:50.657+0000][1][safepoint    ] Leaving safepoint region
[2022-06-13T02:07:50.657+0000][1][safepoint    ] Total time for which application threads were stopped: 0.0007895 seconds, Stopping threads took: 0.0003842 seconds
[2022-06-13T02:07:51.658+0000][1][safepoint    ] Application time: 1.0002627 seconds
[2022-06-13T02:07:51.659+0000][1][safepoint    ] Entering safepoint region: Cleanup
[2022-06-13T02:07:51.660+0000][1][safepoint    ] Leaving safepoint region
[2022-06-13T02:07:51.660+0000][1][safepoint    ] Total time for which application threads were stopped: 0.0013432 seconds, Stopping threads took: 0.0006247 seconds
[2022-06-13T02:07:52.661+0000][1][safepoint    ] Application time: 1.0001529 seconds
[2022-06-13T02:07:52.662+0000][1][safepoint    ] Entering safepoint region: Cleanup
[2022-06-13T02:07:52.662+0000][1][safepoint    ] Leaving safepoint region
[2022-06-13T02:07:52.662+0000][1][safepoint    ] Total time for which application threads were stopped: 0.0008076 seconds, Stopping threads took: 0.0004445 seconds
[2022-06-13T02:07:53.663+0000][1][safepoint    ] Application time: 1.0001773 seconds
[2022-06-13T02:07:53.663+0000][1][safepoint    ] Entering safepoint region: Cleanup
[2022-06-13T02:07:53.664+0000][1][safepoint    ] Leaving safepoint region
[2022-06-13T02:07:53.664+0000][1][safepoint    ] Total time for which application threads were stopped: 0.0007278 seconds, Stopping threads took: 0.0003654 seconds
[2022-06-13T02:07:54.665+0000][1][safepoint    ] Application time: 1.0002642 seconds
[2022-06-13T02:07:54.665+0000][1][safepoint    ] Entering safepoint region: Cleanup
[2022-06-13T02:07:54.666+0000][1][safepoint    ] Leaving safepoint region
[2022-06-13T02:07:54.666+0000][1][safepoint    ] Total time for which application threads were stopped: 0.0005841 seconds, Stopping threads took: 0.0003300 seconds
[2022-06-13T02:07:55.666+0000][1][safepoint    ] Application time: 1.0001589 seconds
[2022-06-13T02:07:55.667+0000][1][safepoint    ] Entering safepoint region: Cleanup
[2022-06-13T02:07:55.667+0000][1][safepoint    ] Leaving safepoint region
[2022-06-13T02:07:55.668+0000][1][safepoint    ] Total time for which application threads were stopped: 0.0010378 seconds, Stopping threads took: 0.0005737 seconds
[2022-06-13T02:07:56.669+0000][1][safepoint    ] Application time: 1.0003003 seconds
[2022-06-13T02:07:56.669+0000][1][safepoint    ] Entering safepoint region: Cleanup
[2022-06-13T02:07:56.670+0000][1][safepoint    ] Leaving safepoint region
[2022-06-13T02:07:56.670+0000][1][safepoint    ] Total time for which application threads were stopped: 0.0008283 seconds, Stopping threads took: 0.0003528 seconds
[2022-06-13T02:07:57.671+0000][1][safepoint    ] Application time: 1.0001866 seconds
[2022-06-13T02:07:57.671+0000][1][safepoint    ] Entering safepoint region: Cleanup
[2022-06-13T02:07:57.672+0000][1][safepoint    ] Leaving safepoint region
[2022-06-13T02:07:57.672+0000][1][safepoint    ] Total time for which application threads were stopped: 0.0007922 seconds, Stopping threads took: 0.0003804 seconds
[2022-06-13T02:07:58.673+0000][1][safepoint    ] Application time: 1.0002622 seconds
[2022-06-13T02:07:58.673+0000][1][safepoint    ] Entering safepoint region: Cleanup
[2022-06-13T02:07:58.674+0000][1][safepoint    ] Leaving safepoint region
[2022-06-13T02:07:58.674+0000][1][safepoint    ] Total time for which application threads were stopped: 0.0007076 seconds, Stopping threads took: 0.0003112 seconds
[2022-06-13T02:07:59.675+0000][1][safepoint    ] Application time: 1.0002360 seconds
[2022-06-13T02:07:59.675+0000][1][safepoint    ] Entering safepoint region: Cleanup
[2022-06-13T02:07:59.676+0000][1][safepoint    ] Leaving safepoint region
[2022-06-13T02:07:59.676+0000][1][safepoint    ] Total time for which application threads were stopped: 0.0008428 seconds, Stopping threads took: 0.0004473 seconds
[2022-06-13T02:08:00.677+0000][1][safepoint    ] Application time: 1.0002811 seconds
[2022-06-13T02:08:00.677+0000][1][safepoint    ] Entering safepoint region: Cleanup
[2022-06-13T02:08:00.677+0000][1][safepoint    ] Leaving safepoint region
[2022-06-13T02:08:00.678+0000][1][safepoint    ] Total time for which application threads were stopped: 0.0006263 seconds, Stopping threads took: 0.0003098 seconds
[2022-06-13T02:08:01.678+0000][1][safepoint    ] Application time: 1.0001873 seconds
[2022-06-13T02:08:01.679+0000][1][safepoint    ] Entering safepoint region: Cleanup
[2022-06-13T02:08:01.679+0000][1][safepoint    ] Leaving safepoint region
[2022-06-13T02:08:01.679+0000][1][safepoint    ] Total time for which application threads were stopped: 0.0005937 seconds, Stopping threads took: 0.0002833 seconds
[2022-06-13T02:08:02.680+0000][1][safepoint    ] Application time: 1.0002114 seconds
[2022-06-13T02:08:02.680+0000][1][safepoint    ] Entering safepoint region: Cleanup
[2022-06-13T02:08:02.680+0000][1][safepoint    ] Leaving safepoint region
[2022-06-13T02:08:02.681+0000][1][safepoint    ] Total time for which application threads were stopped: 0.0004234 seconds, Stopping threads took: 0.0002039 seconds
[2022-06-13T02:08:03.681+0000][1][safepoint    ] Application time: 1.0001316 seconds
[2022-06-13T02:08:03.681+0000][1][safepoint    ] Entering safepoint region: Cleanup
[2022-06-13T02:08:03.682+0000][1][safepoint    ] Leaving safepoint region
[2022-06-13T02:08:03.682+0000][1][safepoint    ] Total time for which application threads were stopped: 0.0003995 seconds, Stopping threads took: 0.0001850 seconds
[2022-06-13T02:08:04.682+0000][1][safepoint    ] Application time: 1.0003209 seconds
[2022-06-13T02:08:04.683+0000][1][safepoint    ] Entering safepoint region: Cleanup
[2022-06-13T02:08:04.683+0000][1][safepoint    ] Leaving safepoint region
[2022-06-13T02:08:04.683+0000][1][safepoint    ] Total time for which application threads were stopped: 0.0006336 seconds, Stopping threads took: 0.0002817 seconds
[2022-06-13T02:08:04.900+0000][1][safepoint    ] Application time: 0.2166639 seconds
[2022-06-13T02:08:04.901+0000][1][safepoint    ] Entering safepoint region: RevokeBias
[2022-06-13T02:08:04.901+0000][1][safepoint    ] Leaving safepoint region
[2022-06-13T02:08:04.901+0000][1][safepoint    ] Total time for which application threads were stopped: 0.0004405 seconds, Stopping threads took: 0.0001794 seconds
[2022-06-13T02:08:05.902+0000][1][safepoint    ] Application time: 1.0001211 seconds
[2022-06-13T02:08:05.902+0000][1][safepoint    ] Entering safepoint region: Cleanup
[2022-06-13T02:08:05.902+0000][1][safepoint    ] Leaving safepoint region
[2022-06-13T02:08:05.902+0000][1][safepoint    ] Total time for which application threads were stopped: 0.0003437 seconds, Stopping threads took: 0.0001709 seconds
[2022-06-13T02:08:06.903+0000][1][safepoint    ] Application time: 1.0002598 seconds
[2022-06-13T02:08:06.903+0000][1][safepoint    ] Entering safepoint region: Cleanup
[2022-06-13T02:08:06.904+0000][1][safepoint    ] Leaving safepoint region
[2022-06-13T02:08:06.904+0000][1][safepoint    ] Total time for which application threads were stopped: 0.0009602 seconds, Stopping threads took: 0.0004670 seconds
[2022-06-13T02:08:07.905+0000][1][safepoint    ] Application time: 1.0002421 seconds
[2022-06-13T02:08:07.905+0000][1][safepoint    ] Entering safepoint region: Cleanup
[2022-06-13T02:08:07.906+0000][1][safepoint    ] Leaving safepoint region
[2022-06-13T02:08:07.906+0000][1][safepoint    ] Total time for which application threads were stopped: 0.0010130 seconds, Stopping threads took: 0.0004466 seconds
[2022-06-13T02:08:08.907+0000][1][safepoint    ] Application time: 1.0002243 seconds
[2022-06-13T02:08:08.908+0000][1][safepoint    ] Entering safepoint region: Cleanup
[2022-06-13T02:08:08.908+0000][1][safepoint    ] Leaving safepoint region
[2022-06-13T02:08:08.909+0000][1][safepoint    ] Total time for which application threads were stopped: 0.0010178 seconds, Stopping threads took: 0.0004789 seconds
[2022-06-13T02:08:09.909+0000][1][safepoint    ] Application time: 1.0001965 seconds
[2022-06-13T02:08:09.910+0000][1][safepoint    ] Entering safepoint region: Cleanup
[2022-06-13T02:08:09.910+0000][1][safepoint    ] Leaving safepoint region
[2022-06-13T02:08:09.911+0000][1][safepoint    ] Total time for which application threads were stopped: 0.0011764 seconds, Stopping threads took: 0.0005698 seconds
[2022-06-13T02:08:10.912+0000][1][safepoint    ] Application time: 1.0001668 seconds
[2022-06-13T02:08:10.912+0000][1][safepoint    ] Entering safepoint region: Cleanup
[2022-06-13T02:08:10.913+0000][1][safepoint    ] Leaving safepoint region
[2022-06-13T02:08:10.913+0000][1][safepoint    ] Total time for which application threads were stopped: 0.0009800 seconds, Stopping threads took: 0.0005131 seconds
[2022-06-13T02:08:11.914+0000][1][safepoint    ] Application time: 1.0001539 seconds
[2022-06-13T02:08:11.914+0000][1][safepoint    ] Entering safepoint region: Cleanup
[2022-06-13T02:08:11.915+0000][1][safepoint    ] Leaving safepoint region
[2022-06-13T02:08:11.915+0000][1][safepoint    ] Total time for which application threads were stopped: 0.0006805 seconds, Stopping threads took: 0.0003241 seconds
[2022-06-13T02:08:12.916+0000][1][safepoint    ] Application time: 1.0001827 seconds
[2022-06-13T02:08:12.916+0000][1][safepoint    ] Entering safepoint region: Cleanup
[2022-06-13T02:08:12.916+0000][1][safepoint    ] Leaving safepoint region
[2022-06-13T02:08:12.917+0000][1][safepoint    ] Total time for which application threads were stopped: 0.0007935 seconds, Stopping threads took: 0.0003650 seconds
[2022-06-13T02:08:13.917+0000][1][safepoint    ] Application time: 1.0001065 seconds
[2022-06-13T02:08:13.918+0000][1][safepoint    ] Entering safepoint region: Cleanup
[2022-06-13T02:08:13.918+0000][1][safepoint    ] Leaving safepoint region
[2022-06-13T02:08:13.918+0000][1][safepoint    ] Total time for which application threads were stopped: 0.0006924 seconds, Stopping threads took: 0.0002905 seconds
[2022-06-13T02:08:14.919+0000][1][safepoint    ] Application time: 1.0003082 seconds
[2022-06-13T02:08:14.920+0000][1][safepoint    ] Entering safepoint region: Cleanup
[2022-06-13T02:08:14.920+0000][1][safepoint    ] Leaving safepoint region
[2022-06-13T02:08:14.920+0000][1][safepoint    ] Total time for which application threads were stopped: 0.0009201 seconds, Stopping threads took: 0.0004979 seconds
[2022-06-13T02:08:15.921+0000][1][safepoint    ] Application time: 1.0001135 seconds
[2022-06-13T02:08:15.921+0000][1][safepoint    ] Entering safepoint region: Cleanup
[2022-06-13T02:08:15.922+0000][1][safepoint    ] Leaving safepoint region
[2022-06-13T02:08:15.922+0000][1][safepoint    ] Total time for which application threads were stopped: 0.0008673 seconds, Stopping threads took: 0.0004575 seconds
[2022-06-13T02:08:16.923+0000][1][safepoint    ] Application time: 1.0002752 seconds
[2022-06-13T02:08:16.923+0000][1][safepoint    ] Entering safepoint region: Cleanup
[2022-06-13T02:08:16.923+0000][1][safepoint    ] Leaving safepoint region
[2022-06-13T02:08:16.924+0000][1][safepoint    ] Total time for which application threads were stopped: 0.0003747 seconds, Stopping threads took: 0.0001849 seconds
[2022-06-13T02:08:17.924+0000][1][safepoint    ] Application time: 1.0001711 seconds
[2022-06-13T02:08:17.925+0000][1][safepoint    ] Entering safepoint region: Cleanup
[2022-06-13T02:08:17.925+0000][1][safepoint    ] Leaving safepoint region
[2022-06-13T02:08:17.925+0000][1][safepoint    ] Total time for which application threads were stopped: 0.0007593 seconds, Stopping threads took: 0.0003374 seconds
[2022-06-13T02:08:18.926+0000][1][safepoint    ] Application time: 1.0002533 seconds
[2022-06-13T02:08:18.927+0000][1][safepoint    ] Entering safepoint region: Cleanup
[2022-06-13T02:08:18.927+0000][1][safepoint    ] Leaving safepoint region
[2022-06-13T02:08:18.927+0000][1][safepoint    ] Total time for which application threads were stopped: 0.0008888 seconds, Stopping threads took: 0.0004746 seconds
[2022-06-13T02:08:19.928+0000][1][safepoint    ] Application time: 1.0001960 seconds
[2022-06-13T02:08:19.928+0000][1][safepoint    ] Entering safepoint region: Cleanup
[2022-06-13T02:08:19.929+0000][1][safepoint    ] Leaving safepoint region
[2022-06-13T02:08:19.929+0000][1][safepoint    ] Total time for which application threads were stopped: 0.0006338 seconds, Stopping threads took: 0.0002879 seconds
[2022-06-13T02:08:20.929+0000][1][safepoint    ] Application time: 1.0001951 seconds
[2022-06-13T02:08:20.930+0000][1][safepoint    ] Entering safepoint region: Cleanup
[2022-06-13T02:08:20.930+0000][1][safepoint    ] Leaving safepoint region
[2022-06-13T02:08:20.931+0000][1][safepoint    ] Total time for which application threads were stopped: 0.0007978 seconds, Stopping threads took: 0.0003814 seconds
[2022-06-13T02:08:21.931+0000][1][safepoint    ] Application time: 1.0002771 seconds
[2022-06-13T02:08:21.932+0000][1][safepoint    ] Entering safepoint region: Cleanup
[2022-06-13T02:08:21.932+0000][1][safepoint    ] Leaving safepoint region
[2022-06-13T02:08:21.932+0000][1][safepoint    ] Total time for which application threads were stopped: 0.0007518 seconds, Stopping threads took: 0.0003783 seconds
[2022-06-13T02:08:22.933+0000][1][safepoint    ] Application time: 1.0001409 seconds
[2022-06-13T02:08:22.933+0000][1][safepoint    ] Entering safepoint region: Cleanup
[2022-06-13T02:08:22.934+0000][1][safepoint    ] Leaving safepoint region
[2022-06-13T02:08:22.935+0000][1][safepoint    ] Total time for which application threads were stopped: 0.0010679 seconds, Stopping threads took: 0.0004830 seconds
[2022-06-13T02:08:23.935+0000][1][safepoint    ] Application time: 1.0001358 seconds
[2022-06-13T02:08:23.936+0000][1][safepoint    ] Entering safepoint region: Cleanup
[2022-06-13T02:08:23.937+0000][1][safepoint    ] Leaving safepoint region
[2022-06-13T02:08:23.937+0000][1][safepoint    ] Total time for which application threads were stopped: 0.0010735 seconds, Stopping threads took: 0.0004793 seconds
[2022-06-13T02:08:24.938+0000][1][safepoint    ] Application time: 1.0002117 seconds
[2022-06-13T02:08:24.938+0000][1][safepoint    ] Entering safepoint region: Cleanup
[2022-06-13T02:08:24.938+0000][1][safepoint    ] Leaving safepoint region
[2022-06-13T02:08:24.939+0000][1][safepoint    ] Total time for which application threads were stopped: 0.0005102 seconds, Stopping threads took: 0.0002403 seconds
[2022-06-13T02:08:26.813+0000][1][safepoint    ] Application time: 1.8736386 seconds
[2022-06-13T02:08:26.813+0000][1][safepoint    ] Entering safepoint region: Cleanup
[2022-06-13T02:08:26.814+0000][1][safepoint    ] Leaving safepoint region
[2022-06-13T02:08:26.814+0000][1][safepoint    ] Total time for which application threads were stopped: 0.0008801 seconds, Stopping threads took: 0.0004254 seconds
[2022-06-13T02:08:27.815+0000][1][safepoint    ] Application time: 1.0003422 seconds
[2022-06-13T02:08:27.815+0000][1][safepoint    ] Entering safepoint region: Cleanup
[2022-06-13T02:08:27.816+0000][1][safepoint    ] Leaving safepoint region
[2022-06-13T02:08:27.816+0000][1][safepoint    ] Total time for which application threads were stopped: 0.0009008 seconds, Stopping threads took: 0.0004702 seconds
[2022-06-13T02:08:28.817+0000][1][safepoint    ] Application time: 1.0002136 seconds
[2022-06-13T02:08:28.817+0000][1][safepoint    ] Entering safepoint region: Cleanup
[2022-06-13T02:08:28.817+0000][1][safepoint    ] Leaving safepoint region
[2022-06-13T02:08:28.817+0000][1][safepoint    ] Total time for which application threads were stopped: 0.0004638 seconds, Stopping threads took: 0.0002193 seconds
[2022-06-13T02:08:29.818+0000][1][safepoint    ] Application time: 1.0001296 seconds
[2022-06-13T02:08:29.818+0000][1][safepoint    ] Entering safepoint region: Cleanup
[2022-06-13T02:08:29.818+0000][1][safepoint    ] Leaving safepoint region
[2022-06-13T02:08:29.819+0000][1][safepoint    ] Total time for which application threads were stopped: 0.0006280 seconds, Stopping threads took: 0.0003233 seconds
[2022-06-13T02:08:30.819+0000][1][safepoint    ] Application time: 1.0001954 seconds
[2022-06-13T02:08:30.819+0000][1][safepoint    ] Entering safepoint region: Cleanup
[2022-06-13T02:08:30.820+0000][1][safepoint    ] Leaving safepoint region
[2022-06-13T02:08:30.820+0000][1][safepoint    ] Total time for which application threads were stopped: 0.0006938 seconds, Stopping threads took: 0.0003072 seconds
[2022-06-13T02:08:31.821+0000][1][safepoint    ] Application time: 1.0001897 seconds
[2022-06-13T02:08:31.821+0000][1][safepoint    ] Entering safepoint region: Cleanup
[2022-06-13T02:08:31.822+0000][1][safepoint    ] Leaving safepoint region
[2022-06-13T02:08:31.822+0000][1][safepoint    ] Total time for which application threads were stopped: 0.0005964 seconds, Stopping threads took: 0.0003181 seconds
[2022-06-13T02:08:32.822+0000][1][safepoint    ] Application time: 1.0002482 seconds
[2022-06-13T02:08:32.823+0000][1][safepoint    ] Entering safepoint region: Cleanup
[2022-06-13T02:08:32.824+0000][1][safepoint    ] Leaving safepoint region
[2022-06-13T02:08:32.824+0000][1][safepoint    ] Total time for which application threads were stopped: 0.0011966 seconds, Stopping threads took: 0.0006970 seconds
[2022-06-13T02:08:33.825+0000][1][safepoint    ] Application time: 1.0003458 seconds
[2022-06-13T02:08:33.826+0000][1][safepoint    ] Entering safepoint region: Cleanup
[2022-06-13T02:08:33.826+0000][1][safepoint    ] Leaving safepoint region
[2022-06-13T02:08:33.827+0000][1][safepoint    ] Total time for which application threads were stopped: 0.0008866 seconds, Stopping threads took: 0.0004568 seconds
[2022-06-13T02:08:34.827+0000][1][safepoint    ] Application time: 1.0002065 seconds
[2022-06-13T02:08:34.828+0000][1][safepoint    ] Entering safepoint region: Cleanup
[2022-06-13T02:08:34.829+0000][1][safepoint    ] Leaving safepoint region
[2022-06-13T02:08:34.829+0000][1][safepoint    ] Total time for which application threads were stopped: 0.0009138 seconds, Stopping threads took: 0.0004393 seconds
[2022-06-13T02:08:35.830+0000][1][safepoint    ] Application time: 1.0003122 seconds
[2022-06-13T02:08:35.830+0000][1][safepoint    ] Entering safepoint region: Cleanup
[2022-06-13T02:08:35.831+0000][1][safepoint    ] Leaving safepoint region
[2022-06-13T02:08:35.831+0000][1][safepoint    ] Total time for which application threads were stopped: 0.0007818 seconds, Stopping threads took: 0.0004017 seconds
[2022-06-13T02:08:36.832+0000][1][safepoint    ] Application time: 1.0001870 seconds
[2022-06-13T02:08:36.832+0000][1][safepoint    ] Entering safepoint region: Cleanup
[2022-06-13T02:08:36.833+0000][1][safepoint    ] Leaving safepoint region
[2022-06-13T02:08:36.833+0000][1][safepoint    ] Total time for which application threads were stopped: 0.0010761 seconds, Stopping threads took: 0.0004833 seconds
[2022-06-13T02:08:37.834+0000][1][safepoint    ] Application time: 1.0001335 seconds
[2022-06-13T02:08:37.835+0000][1][safepoint    ] Entering safepoint region: Cleanup
[2022-06-13T02:08:37.835+0000][1][safepoint    ] Leaving safepoint region
[2022-06-13T02:08:37.835+0000][1][safepoint    ] Total time for which application threads were stopped: 0.0006064 seconds, Stopping threads took: 0.0003573 seconds
[2022-06-13T02:08:38.836+0000][1][safepoint    ] Application time: 1.0002157 seconds
[2022-06-13T02:08:38.836+0000][1][safepoint    ] Entering safepoint region: Cleanup
[2022-06-13T02:08:38.837+0000][1][safepoint    ] Leaving safepoint region
[2022-06-13T02:08:38.837+0000][1][safepoint    ] Total time for which application threads were stopped: 0.0008770 seconds, Stopping threads took: 0.0005070 seconds
[2022-06-13T02:08:39.838+0000][1][safepoint    ] Application time: 1.0002660 seconds
[2022-06-13T02:08:39.838+0000][1][safepoint    ] Entering safepoint region: Cleanup
[2022-06-13T02:08:39.839+0000][1][safepoint    ] Leaving safepoint region
[2022-06-13T02:08:39.839+0000][1][safepoint    ] Total time for which application threads were stopped: 0.0012036 seconds, Stopping threads took: 0.0006077 seconds
[2022-06-13T02:08:40.840+0000][1][safepoint    ] Application time: 1.0002049 seconds
[2022-06-13T02:08:40.841+0000][1][safepoint    ] Entering safepoint region: Cleanup
[2022-06-13T02:08:40.841+0000][1][safepoint    ] Leaving safepoint region
[2022-06-13T02:08:40.842+0000][1][safepoint    ] Total time for which application threads were stopped: 0.0009223 seconds, Stopping threads took: 0.0003963 seconds
[2022-06-13T02:08:41.842+0000][1][safepoint    ] Application time: 1.0001755 seconds
[2022-06-13T02:08:41.843+0000][1][safepoint    ] Entering safepoint region: Cleanup
[2022-06-13T02:08:41.843+0000][1][safepoint    ] Leaving safepoint region
[2022-06-13T02:08:41.844+0000][1][safepoint    ] Total time for which application threads were stopped: 0.0010485 seconds, Stopping threads took: 0.0004936 seconds
[2022-06-13T02:08:42.844+0000][1][safepoint    ] Application time: 1.0001635 seconds
[2022-06-13T02:08:42.845+0000][1][safepoint    ] Entering safepoint region: Cleanup
[2022-06-13T02:08:42.846+0000][1][safepoint    ] Leaving safepoint region
[2022-06-13T02:08:42.846+0000][1][safepoint    ] Total time for which application threads were stopped: 0.0011216 seconds, Stopping threads took: 0.0005243 seconds
[2022-06-13T02:08:43.847+0000][1][safepoint    ] Application time: 1.0001083 seconds
[2022-06-13T02:08:43.847+0000][1][safepoint    ] Entering safepoint region: Cleanup
[2022-06-13T02:08:43.847+0000][1][safepoint    ] Leaving safepoint region
[2022-06-13T02:08:43.847+0000][1][safepoint    ] Total time for which application threads were stopped: 0.0005054 seconds, Stopping threads took: 0.0002032 seconds
[2022-06-13T02:08:44.848+0000][1][safepoint    ] Application time: 1.0001402 seconds
[2022-06-13T02:08:44.849+0000][1][safepoint    ] Entering safepoint region: Cleanup
[2022-06-13T02:08:44.849+0000][1][safepoint    ] Leaving safepoint region
[2022-06-13T02:08:44.850+0000][1][safepoint    ] Total time for which application threads were stopped: 0.0011594 seconds, Stopping threads took: 0.0006559 seconds
[2022-06-13T02:08:45.850+0000][1][safepoint    ] Application time: 1.0002213 seconds
[2022-06-13T02:08:45.851+0000][1][safepoint    ] Entering safepoint region: Cleanup
[2022-06-13T02:08:45.851+0000][1][safepoint    ] Leaving safepoint region
[2022-06-13T02:08:45.852+0000][1][safepoint    ] Total time for which application threads were stopped: 0.0008734 seconds, Stopping threads took: 0.0004145 seconds
[2022-06-13T02:08:46.852+0000][1][safepoint    ] Application time: 1.0001932 seconds
[2022-06-13T02:08:46.853+0000][1][safepoint    ] Entering safepoint region: Cleanup
[2022-06-13T02:08:46.854+0000][1][safepoint    ] Leaving safepoint region
[2022-06-13T02:08:46.854+0000][1][safepoint    ] Total time for which application threads were stopped: 0.0013199 seconds, Stopping threads took: 0.0006464 seconds
[2022-06-13T02:08:47.855+0000][1][safepoint    ] Application time: 1.0002067 seconds
[2022-06-13T02:08:47.856+0000][1][safepoint    ] Entering safepoint region: Cleanup
[2022-06-13T02:08:47.856+0000][1][safepoint    ] Leaving safepoint region
[2022-06-13T02:08:47.856+0000][1][safepoint    ] Total time for which application threads were stopped: 0.0007593 seconds, Stopping threads took: 0.0003523 seconds
[2022-06-13T02:08:48.857+0000][1][safepoint    ] Application time: 1.0001986 seconds
[2022-06-13T02:08:48.857+0000][1][safepoint    ] Entering safepoint region: Cleanup
[2022-06-13T02:08:48.858+0000][1][safepoint    ] Leaving safepoint region
[2022-06-13T02:08:48.858+0000][1][safepoint    ] Total time for which application threads were stopped: 0.0005574 seconds, Stopping threads took: 0.0002980 seconds
[2022-06-13T02:08:49.859+0000][1][safepoint    ] Application time: 1.0001833 seconds
[2022-06-13T02:08:49.859+0000][1][safepoint    ] Entering safepoint region: Cleanup
[2022-06-13T02:08:49.860+0000][1][safepoint    ] Leaving safepoint region
[2022-06-13T02:08:49.860+0000][1][safepoint    ] Total time for which application threads were stopped: 0.0012207 seconds, Stopping threads took: 0.0007900 seconds
[2022-06-13T02:08:50.861+0000][1][safepoint    ] Application time: 1.0002037 seconds
[2022-06-13T02:08:50.861+0000][1][safepoint    ] Entering safepoint region: Cleanup
[2022-06-13T02:08:50.862+0000][1][safepoint    ] Leaving safepoint region
[2022-06-13T02:08:50.862+0000][1][safepoint    ] Total time for which application threads were stopped: 0.0009346 seconds, Stopping threads took: 0.0004552 seconds
[2022-06-13T02:08:51.863+0000][1][safepoint    ] Application time: 1.0002950 seconds
[2022-06-13T02:08:51.864+0000][1][safepoint    ] Entering safepoint region: Cleanup
[2022-06-13T02:08:51.864+0000][1][safepoint    ] Leaving safepoint region
[2022-06-13T02:08:51.865+0000][1][safepoint    ] Total time for which application threads were stopped: 0.0012332 seconds, Stopping threads took: 0.0005085 seconds
[2022-06-13T02:08:52.866+0000][1][safepoint    ] Application time: 1.0003407 seconds
[2022-06-13T02:08:52.866+0000][1][safepoint    ] Entering safepoint region: Cleanup
[2022-06-13T02:08:52.867+0000][1][safepoint    ] Leaving safepoint region
[2022-06-13T02:08:52.868+0000][1][safepoint    ] Total time for which application threads were stopped: 0.0013834 seconds, Stopping threads took: 0.0006473 seconds
[2022-06-13T02:08:53.762+0000][1][safepoint    ] Application time: 0.8936992 seconds
[2022-06-13T02:08:53.763+0000][1][safepoint    ] Entering safepoint region: GenCollectForAllocation
[2022-06-13T02:08:53.764+0000][1][gc,start     ] GC(22) Pause Young (Allocation Failure)
[2022-06-13T02:08:53.764+0000][1][gc,task      ] GC(22) Using 5 workers of 13 for evacuation
[2022-06-13T02:08:53.773+0000][1][gc,age       ] GC(22) Desired survivor size 4456448 bytes, new threshold 2 (max threshold 6)
[2022-06-13T02:08:53.774+0000][1][gc,age       ] GC(22) Age table with threshold 2 (max threshold 6)
[2022-06-13T02:08:53.774+0000][1][gc,age       ] GC(22) - age   1:    1125624 bytes,    1125624 total
[2022-06-13T02:08:53.774+0000][1][gc,age       ] GC(22) - age   2:    3976784 bytes,    5102408 total
[2022-06-13T02:08:53.775+0000][1][gc,heap      ] GC(22) ParNew: 77811K->6352K(78656K)
[2022-06-13T02:08:53.775+0000][1][gc,heap      ] GC(22) CMS: 62356K->63842K(174784K)
[2022-06-13T02:08:53.776+0000][1][gc,metaspace ] GC(22) Metaspace: 64868K->64868K(1107968K)
[2022-06-13T02:08:53.776+0000][1][gc           ] GC(22) Pause Young (Allocation Failure) 136M->68M(247M) 12.684ms
[2022-06-13T02:08:53.777+0000][1][gc,cpu       ] GC(22) User=0.04s Sys=0.00s Real=0.01s
[2022-06-13T02:08:53.777+0000][1][safepoint    ] Leaving safepoint region
[2022-06-13T02:08:53.777+0000][1][safepoint    ] Total time for which application threads were stopped: 0.0146598 seconds, Stopping threads took: 0.0007176 seconds
[2022-06-13T02:08:54.778+0000][1][safepoint    ] Application time: 1.0001899 seconds
[2022-06-13T02:08:54.778+0000][1][safepoint    ] Entering safepoint region: Cleanup
[2022-06-13T02:08:54.779+0000][1][safepoint    ] Leaving safepoint region
[2022-06-13T02:08:54.779+0000][1][safepoint    ] Total time for which application threads were stopped: 0.0011258 seconds, Stopping threads took: 0.0007450 seconds
[2022-06-13T02:08:55.780+0000][1][safepoint    ] Application time: 1.0003674 seconds
[2022-06-13T02:08:55.781+0000][1][safepoint    ] Entering safepoint region: Cleanup
[2022-06-13T02:08:55.781+0000][1][safepoint    ] Leaving safepoint region
[2022-06-13T02:08:55.782+0000][1][safepoint    ] Total time for which application threads were stopped: 0.0012691 seconds, Stopping threads took: 0.0005508 seconds
[2022-06-13T02:08:56.783+0000][1][safepoint    ] Application time: 1.0001165 seconds
[2022-06-13T02:08:56.783+0000][1][safepoint    ] Entering safepoint region: Cleanup
[2022-06-13T02:08:56.783+0000][1][safepoint    ] Leaving safepoint region
[2022-06-13T02:08:56.784+0000][1][safepoint    ] Total time for which application threads were stopped: 0.0007753 seconds, Stopping threads took: 0.0003488 seconds
[2022-06-13T02:08:57.784+0000][1][safepoint    ] Application time: 1.0001051 seconds
[2022-06-13T02:08:57.785+0000][1][safepoint    ] Entering safepoint region: Cleanup
[2022-06-13T02:08:57.786+0000][1][safepoint    ] Leaving safepoint region
[2022-06-13T02:08:57.786+0000][1][safepoint    ] Total time for which application threads were stopped: 0.0008265 seconds, Stopping threads took: 0.0005215 seconds
[2022-06-13T02:08:58.787+0000][1][safepoint    ] Application time: 1.0002438 seconds
[2022-06-13T02:08:58.787+0000][1][safepoint    ] Entering safepoint region: Cleanup
[2022-06-13T02:08:58.788+0000][1][safepoint    ] Leaving safepoint region
[2022-06-13T02:08:58.788+0000][1][safepoint    ] Total time for which application threads were stopped: 0.0008894 seconds, Stopping threads took: 0.0004231 seconds
[2022-06-13T02:08:59.788+0000][1][safepoint    ] Application time: 1.0001467 seconds
[2022-06-13T02:08:59.789+0000][1][safepoint    ] Entering safepoint region: Cleanup
[2022-06-13T02:08:59.789+0000][1][safepoint    ] Leaving safepoint region
[2022-06-13T02:08:59.790+0000][1][safepoint    ] Total time for which application threads were stopped: 0.0008148 seconds, Stopping threads took: 0.0003816 seconds
[2022-06-13T02:09:00.790+0000][1][safepoint    ] Application time: 1.0001872 seconds
[2022-06-13T02:09:00.791+0000][1][safepoint    ] Entering safepoint region: Cleanup
[2022-06-13T02:09:00.791+0000][1][safepoint    ] Leaving safepoint region
[2022-06-13T02:09:00.791+0000][1][safepoint    ] Total time for which application threads were stopped: 0.0007435 seconds, Stopping threads took: 0.0003567 seconds
[2022-06-13T02:09:01.792+0000][1][safepoint    ] Application time: 1.0001646 seconds
[2022-06-13T02:09:01.793+0000][1][safepoint    ] Entering safepoint region: Cleanup
[2022-06-13T02:09:01.793+0000][1][safepoint    ] Leaving safepoint region
[2022-06-13T02:09:01.793+0000][1][safepoint    ] Total time for which application threads were stopped: 0.0008451 seconds, Stopping threads took: 0.0004144 seconds
[2022-06-13T02:09:02.794+0000][1][safepoint    ] Application time: 1.0002449 seconds
[2022-06-13T02:09:02.795+0000][1][safepoint    ] Entering safepoint region: Cleanup
[2022-06-13T02:09:02.795+0000][1][safepoint    ] Leaving safepoint region
[2022-06-13T02:09:02.795+0000][1][safepoint    ] Total time for which application threads were stopped: 0.0008652 seconds, Stopping threads took: 0.0004075 seconds
[2022-06-13T02:09:04.787+0000][1][safepoint    ] Application time: 1.9915428 seconds
[2022-06-13T02:09:04.788+0000][1][safepoint    ] Entering safepoint region: Cleanup
[2022-06-13T02:09:04.789+0000][1][safepoint    ] Leaving safepoint region
[2022-06-13T02:09:04.789+0000][1][safepoint    ] Total time for which application threads were stopped: 0.0006129 seconds, Stopping threads took: 0.0003428 seconds
[2022-06-13T02:09:05.789+0000][1][safepoint    ] Application time: 1.0002118 seconds
[2022-06-13T02:09:05.790+0000][1][safepoint    ] Entering safepoint region: Cleanup
[2022-06-13T02:09:05.790+0000][1][safepoint    ] Leaving safepoint region
[2022-06-13T02:09:05.790+0000][1][safepoint    ] Total time for which application threads were stopped: 0.0006825 seconds, Stopping threads took: 0.0003371 seconds
[2022-06-13T02:09:06.791+0000][1][safepoint    ] Application time: 1.0002258 seconds
[2022-06-13T02:09:06.791+0000][1][safepoint    ] Entering safepoint region: Cleanup
[2022-06-13T02:09:06.792+0000][1][safepoint    ] Leaving safepoint region
[2022-06-13T02:09:06.792+0000][1][safepoint    ] Total time for which application threads were stopped: 0.0005720 seconds, Stopping threads took: 0.0002909 seconds
[2022-06-13T02:09:07.792+0000][1][safepoint    ] Application time: 1.0001724 seconds
[2022-06-13T02:09:07.793+0000][1][safepoint    ] Entering safepoint region: Cleanup
[2022-06-13T02:09:07.793+0000][1][safepoint    ] Leaving safepoint region
[2022-06-13T02:09:07.794+0000][1][safepoint    ] Total time for which application threads were stopped: 0.0009472 seconds, Stopping threads took: 0.0004950 seconds
[2022-06-13T02:09:08.794+0000][1][safepoint    ] Application time: 1.0003725 seconds
[2022-06-13T02:09:08.795+0000][1][safepoint    ] Entering safepoint region: Cleanup
[2022-06-13T02:09:08.795+0000][1][safepoint    ] Leaving safepoint region
[2022-06-13T02:09:08.795+0000][1][safepoint    ] Total time for which application threads were stopped: 0.0005056 seconds, Stopping threads took: 0.0002724 seconds
[2022-06-13T02:09:09.796+0000][1][safepoint    ] Application time: 1.0001960 seconds
[2022-06-13T02:09:09.796+0000][1][safepoint    ] Entering safepoint region: Cleanup
[2022-06-13T02:09:09.796+0000][1][safepoint    ] Leaving safepoint region
[2022-06-13T02:09:09.797+0000][1][safepoint    ] Total time for which application threads were stopped: 0.0003783 seconds, Stopping threads took: 0.0001579 seconds
[2022-06-13T02:09:10.797+0000][1][safepoint    ] Application time: 1.0001041 seconds
[2022-06-13T02:09:10.797+0000][1][safepoint    ] Entering safepoint region: Cleanup
[2022-06-13T02:09:10.797+0000][1][safepoint    ] Leaving safepoint region
[2022-06-13T02:09:10.798+0000][1][safepoint    ] Total time for which application threads were stopped: 0.0005344 seconds, Stopping threads took: 0.0001400 seconds
[2022-06-13T02:09:11.798+0000][1][safepoint    ] Application time: 1.0001916 seconds
[2022-06-13T02:09:11.799+0000][1][safepoint    ] Entering safepoint region: Cleanup
[2022-06-13T02:09:11.799+0000][1][safepoint    ] Leaving safepoint region
[2022-06-13T02:09:11.799+0000][1][safepoint    ] Total time for which application threads were stopped: 0.0007390 seconds, Stopping threads took: 0.0003989 seconds
[2022-06-13T02:09:12.800+0000][1][safepoint    ] Application time: 1.0001811 seconds
[2022-06-13T02:09:12.800+0000][1][safepoint    ] Entering safepoint region: Cleanup
[2022-06-13T02:09:12.801+0000][1][safepoint    ] Leaving safepoint region
[2022-06-13T02:09:12.801+0000][1][safepoint    ] Total time for which application threads were stopped: 0.0008141 seconds, Stopping threads took: 0.0003354 seconds
[2022-06-13T02:09:13.802+0000][1][safepoint    ] Application time: 1.0001178 seconds
[2022-06-13T02:09:13.802+0000][1][safepoint    ] Entering safepoint region: Cleanup
[2022-06-13T02:09:13.803+0000][1][safepoint    ] Leaving safepoint region
[2022-06-13T02:09:13.803+0000][1][safepoint    ] Total time for which application threads were stopped: 0.0010222 seconds, Stopping threads took: 0.0005488 seconds
[2022-06-13T02:09:14.804+0000][1][safepoint    ] Application time: 1.0002425 seconds
[2022-06-13T02:09:14.805+0000][1][safepoint    ] Entering safepoint region: Cleanup
[2022-06-13T02:09:14.805+0000][1][safepoint    ] Leaving safepoint region
[2022-06-13T02:09:14.806+0000][1][safepoint    ] Total time for which application threads were stopped: 0.0010454 seconds, Stopping threads took: 0.0004734 seconds
[2022-06-13T02:09:15.806+0000][1][safepoint    ] Application time: 1.0001292 seconds
[2022-06-13T02:09:15.807+0000][1][safepoint    ] Entering safepoint region: Cleanup
[2022-06-13T02:09:15.807+0000][1][safepoint    ] Leaving safepoint region
[2022-06-13T02:09:15.807+0000][1][safepoint    ] Total time for which application threads were stopped: 0.0003718 seconds, Stopping threads took: 0.0002220 seconds
[2022-06-13T02:09:16.808+0000][1][safepoint    ] Application time: 1.0002329 seconds
[2022-06-13T02:09:16.808+0000][1][safepoint    ] Entering safepoint region: Cleanup
[2022-06-13T02:09:16.809+0000][1][safepoint    ] Leaving safepoint region
[2022-06-13T02:09:16.809+0000][1][safepoint    ] Total time for which application threads were stopped: 0.0008444 seconds, Stopping threads took: 0.0004326 seconds
[2022-06-13T02:09:17.810+0000][1][safepoint    ] Application time: 1.0001908 seconds
[2022-06-13T02:09:17.810+0000][1][safepoint    ] Entering safepoint region: Cleanup
[2022-06-13T02:09:17.811+0000][1][safepoint    ] Leaving safepoint region
[2022-06-13T02:09:17.811+0000][1][safepoint    ] Total time for which application threads were stopped: 0.0007949 seconds, Stopping threads took: 0.0004139 seconds
[2022-06-13T02:09:18.812+0000][1][safepoint    ] Application time: 1.0002199 seconds
[2022-06-13T02:09:18.812+0000][1][safepoint    ] Entering safepoint region: Cleanup
[2022-06-13T02:09:18.813+0000][1][safepoint    ] Leaving safepoint region
[2022-06-13T02:09:18.813+0000][1][safepoint    ] Total time for which application threads were stopped: 0.0011839 seconds, Stopping threads took: 0.0005800 seconds
[2022-06-13T02:09:19.814+0000][1][safepoint    ] Application time: 1.0001238 seconds
[2022-06-13T02:09:19.814+0000][1][safepoint    ] Entering safepoint region: Cleanup
[2022-06-13T02:09:19.815+0000][1][safepoint    ] Leaving safepoint region
[2022-06-13T02:09:19.815+0000][1][safepoint    ] Total time for which application threads were stopped: 0.0007076 seconds, Stopping threads took: 0.0003111 seconds
[2022-06-13T02:09:20.816+0000][1][safepoint    ] Application time: 1.0001279 seconds
[2022-06-13T02:09:20.816+0000][1][safepoint    ] Entering safepoint region: Cleanup
[2022-06-13T02:09:20.816+0000][1][safepoint    ] Leaving safepoint region
[2022-06-13T02:09:20.817+0000][1][safepoint    ] Total time for which application threads were stopped: 0.0006517 seconds, Stopping threads took: 0.0002766 seconds
[2022-06-13T02:09:21.817+0000][1][safepoint    ] Application time: 1.0002338 seconds
[2022-06-13T02:09:21.818+0000][1][safepoint    ] Entering safepoint region: Cleanup
[2022-06-13T02:09:21.819+0000][1][safepoint    ] Leaving safepoint region
[2022-06-13T02:09:21.819+0000][1][safepoint    ] Total time for which application threads were stopped: 0.0014141 seconds, Stopping threads took: 0.0006769 seconds
[2022-06-13T02:09:22.820+0000][1][safepoint    ] Application time: 1.0001620 seconds
[2022-06-13T02:09:22.820+0000][1][safepoint    ] Entering safepoint region: Cleanup
[2022-06-13T02:09:22.821+0000][1][safepoint    ] Leaving safepoint region
[2022-06-13T02:09:22.821+0000][1][safepoint    ] Total time for which application threads were stopped: 0.0005905 seconds, Stopping threads took: 0.0002466 seconds
[2022-06-13T02:09:23.821+0000][1][safepoint    ] Application time: 1.0001983 seconds
[2022-06-13T02:09:23.822+0000][1][safepoint    ] Entering safepoint region: Cleanup
[2022-06-13T02:09:23.823+0000][1][safepoint    ] Leaving safepoint region
[2022-06-13T02:09:23.823+0000][1][safepoint    ] Total time for which application threads were stopped: 0.0008915 seconds, Stopping threads took: 0.0004639 seconds
[2022-06-13T02:09:24.823+0000][1][safepoint    ] Application time: 1.0001883 seconds
[2022-06-13T02:09:24.824+0000][1][safepoint    ] Entering safepoint region: Cleanup
[2022-06-13T02:09:24.824+0000][1][safepoint    ] Leaving safepoint region
[2022-06-13T02:09:24.825+0000][1][safepoint    ] Total time for which application threads were stopped: 0.0007199 seconds, Stopping threads took: 0.0003976 seconds
[2022-06-13T02:09:25.825+0000][1][safepoint    ] Application time: 1.0002028 seconds
[2022-06-13T02:09:25.826+0000][1][safepoint    ] Entering safepoint region: Cleanup
[2022-06-13T02:09:25.826+0000][1][safepoint    ] Leaving safepoint region
[2022-06-13T02:09:25.827+0000][1][safepoint    ] Total time for which application threads were stopped: 0.0013099 seconds, Stopping threads took: 0.0005919 seconds
[2022-06-13T02:09:26.828+0000][1][safepoint    ] Application time: 1.0002002 seconds
[2022-06-13T02:09:26.828+0000][1][safepoint    ] Entering safepoint region: Cleanup
[2022-06-13T02:09:26.829+0000][1][safepoint    ] Leaving safepoint region
[2022-06-13T02:09:26.829+0000][1][safepoint    ] Total time for which application threads were stopped: 0.0005945 seconds, Stopping threads took: 0.0002749 seconds
[2022-06-13T02:09:27.829+0000][1][safepoint    ] Application time: 1.0002305 seconds
[2022-06-13T02:09:27.830+0000][1][safepoint    ] Entering safepoint region: Cleanup
[2022-06-13T02:09:27.830+0000][1][safepoint    ] Leaving safepoint region
[2022-06-13T02:09:27.831+0000][1][safepoint    ] Total time for which application threads were stopped: 0.0012574 seconds, Stopping threads took: 0.0006006 seconds
[2022-06-13T02:09:28.832+0000][1][safepoint    ] Application time: 1.0002326 seconds
[2022-06-13T02:09:28.832+0000][1][safepoint    ] Entering safepoint region: Cleanup
[2022-06-13T02:09:28.833+0000][1][safepoint    ] Leaving safepoint region
[2022-06-13T02:09:28.833+0000][1][safepoint    ] Total time for which application threads were stopped: 0.0007285 seconds, Stopping threads took: 0.0003508 seconds
[2022-06-13T02:09:29.834+0000][1][safepoint    ] Application time: 1.0001395 seconds
[2022-06-13T02:09:29.834+0000][1][safepoint    ] Entering safepoint region: Cleanup
[2022-06-13T02:09:29.835+0000][1][safepoint    ] Leaving safepoint region
[2022-06-13T02:09:29.835+0000][1][safepoint    ] Total time for which application threads were stopped: 0.0010368 seconds, Stopping threads took: 0.0004935 seconds
[2022-06-13T02:09:30.836+0000][1][safepoint    ] Application time: 1.0001185 seconds
[2022-06-13T02:09:30.836+0000][1][safepoint    ] Entering safepoint region: Cleanup
[2022-06-13T02:09:30.837+0000][1][safepoint    ] Leaving safepoint region
[2022-06-13T02:09:30.837+0000][1][safepoint    ] Total time for which application threads were stopped: 0.0007461 seconds, Stopping threads took: 0.0003594 seconds
[2022-06-13T02:09:31.837+0000][1][safepoint    ] Application time: 1.0002011 seconds
[2022-06-13T02:09:31.838+0000][1][safepoint    ] Entering safepoint region: Cleanup
[2022-06-13T02:09:31.839+0000][1][safepoint    ] Leaving safepoint region
[2022-06-13T02:09:31.839+0000][1][safepoint    ] Total time for which application threads were stopped: 0.0011783 seconds, Stopping threads took: 0.0005328 seconds
[2022-06-13T02:09:32.840+0000][1][safepoint    ] Application time: 1.0002537 seconds
[2022-06-13T02:09:32.840+0000][1][safepoint    ] Entering safepoint region: Cleanup
[2022-06-13T02:09:32.841+0000][1][safepoint    ] Leaving safepoint region
[2022-06-13T02:09:32.841+0000][1][safepoint    ] Total time for which application threads were stopped: 0.0006683 seconds, Stopping threads took: 0.0003260 seconds
[2022-06-13T02:09:33.842+0000][1][safepoint    ] Application time: 1.0001282 seconds
[2022-06-13T02:09:33.842+0000][1][safepoint    ] Entering safepoint region: Cleanup
[2022-06-13T02:09:33.842+0000][1][safepoint    ] Leaving safepoint region
[2022-06-13T02:09:33.843+0000][1][safepoint    ] Total time for which application threads were stopped: 0.0009010 seconds, Stopping threads took: 0.0004545 seconds
[2022-06-13T02:09:34.843+0000][1][safepoint    ] Application time: 1.0003010 seconds
[2022-06-13T02:09:34.844+0000][1][safepoint    ] Entering safepoint region: Cleanup
[2022-06-13T02:09:34.844+0000][1][safepoint    ] Leaving safepoint region
[2022-06-13T02:09:34.844+0000][1][safepoint    ] Total time for which application threads were stopped: 0.0007640 seconds, Stopping threads took: 0.0003688 seconds
[2022-06-13T02:09:35.845+0000][1][safepoint    ] Application time: 1.0002446 seconds
[2022-06-13T02:09:35.846+0000][1][safepoint    ] Entering safepoint region: Cleanup
[2022-06-13T02:09:35.846+0000][1][safepoint    ] Leaving safepoint region
[2022-06-13T02:09:35.846+0000][1][safepoint    ] Total time for which application threads were stopped: 0.0008161 seconds, Stopping threads took: 0.0003926 seconds
[2022-06-13T02:09:36.847+0000][1][safepoint    ] Application time: 1.0001852 seconds
[2022-06-13T02:09:36.848+0000][1][safepoint    ] Entering safepoint region: Cleanup
[2022-06-13T02:09:36.848+0000][1][safepoint    ] Leaving safepoint region
[2022-06-13T02:09:36.848+0000][1][safepoint    ] Total time for which application threads were stopped: 0.0006148 seconds, Stopping threads took: 0.0002918 seconds
[2022-06-13T02:09:37.849+0000][1][safepoint    ] Application time: 1.0002053 seconds
[2022-06-13T02:09:37.849+0000][1][safepoint    ] Entering safepoint region: Cleanup
[2022-06-13T02:09:37.850+0000][1][safepoint    ] Leaving safepoint region
[2022-06-13T02:09:37.850+0000][1][safepoint    ] Total time for which application threads were stopped: 0.0006877 seconds, Stopping threads took: 0.0003255 seconds
[2022-06-13T02:09:38.851+0000][1][safepoint    ] Application time: 1.0002366 seconds
[2022-06-13T02:09:38.851+0000][1][safepoint    ] Entering safepoint region: Cleanup
[2022-06-13T02:09:38.851+0000][1][safepoint    ] Leaving safepoint region
[2022-06-13T02:09:38.852+0000][1][safepoint    ] Total time for which application threads were stopped: 0.0007321 seconds, Stopping threads took: 0.0004122 seconds
[2022-06-13T02:09:39.852+0000][1][safepoint    ] Application time: 1.0001424 seconds
[2022-06-13T02:09:39.853+0000][1][safepoint    ] Entering safepoint region: Cleanup
[2022-06-13T02:09:39.853+0000][1][safepoint    ] Leaving safepoint region
[2022-06-13T02:09:39.853+0000][1][safepoint    ] Total time for which application threads were stopped: 0.0003974 seconds, Stopping threads took: 0.0001441 seconds
[2022-06-13T02:09:40.854+0000][1][safepoint    ] Application time: 1.0002167 seconds
[2022-06-13T02:09:40.854+0000][1][safepoint    ] Entering safepoint region: Cleanup
[2022-06-13T02:09:40.855+0000][1][safepoint    ] Leaving safepoint region
[2022-06-13T02:09:40.855+0000][1][safepoint    ] Total time for which application threads were stopped: 0.0008591 seconds, Stopping threads took: 0.0004124 seconds
[2022-06-13T02:09:41.856+0000][1][safepoint    ] Application time: 1.0002161 seconds
[2022-06-13T02:09:41.856+0000][1][safepoint    ] Entering safepoint region: Cleanup
[2022-06-13T02:09:41.856+0000][1][safepoint    ] Leaving safepoint region
[2022-06-13T02:09:41.857+0000][1][safepoint    ] Total time for which application threads were stopped: 0.0004700 seconds, Stopping threads took: 0.0002794 seconds
[2022-06-13T02:09:42.857+0000][1][safepoint    ] Application time: 1.0002415 seconds
[2022-06-13T02:09:42.858+0000][1][safepoint    ] Entering safepoint region: Cleanup
[2022-06-13T02:09:42.858+0000][1][safepoint    ] Leaving safepoint region
[2022-06-13T02:09:42.859+0000][1][safepoint    ] Total time for which application threads were stopped: 0.0011057 seconds, Stopping threads took: 0.0005073 seconds
[2022-06-13T02:09:43.859+0000][1][safepoint    ] Application time: 1.0001713 seconds
[2022-06-13T02:09:43.860+0000][1][safepoint    ] Entering safepoint region: Cleanup
[2022-06-13T02:09:43.860+0000][1][safepoint    ] Leaving safepoint region
[2022-06-13T02:09:43.861+0000][1][safepoint    ] Total time for which application threads were stopped: 0.0006212 seconds, Stopping threads took: 0.0002932 seconds
[2022-06-13T02:09:44.861+0000][1][safepoint    ] Application time: 1.0002568 seconds
[2022-06-13T02:09:44.862+0000][1][safepoint    ] Entering safepoint region: Cleanup
[2022-06-13T02:09:44.862+0000][1][safepoint    ] Leaving safepoint region
[2022-06-13T02:09:44.862+0000][1][safepoint    ] Total time for which application threads were stopped: 0.0008698 seconds, Stopping threads took: 0.0004599 seconds
[2022-06-13T02:09:45.863+0000][1][safepoint    ] Application time: 1.0002000 seconds
[2022-06-13T02:09:45.863+0000][1][safepoint    ] Entering safepoint region: Cleanup
[2022-06-13T02:09:45.864+0000][1][safepoint    ] Leaving safepoint region
[2022-06-13T02:09:45.864+0000][1][safepoint    ] Total time for which application threads were stopped: 0.0005587 seconds, Stopping threads took: 0.0002674 seconds
[2022-06-13T02:09:46.864+0000][1][safepoint    ] Application time: 1.0002511 seconds
[2022-06-13T02:09:46.865+0000][1][safepoint    ] Entering safepoint region: Cleanup
[2022-06-13T02:09:46.865+0000][1][safepoint    ] Leaving safepoint region
[2022-06-13T02:09:46.866+0000][1][safepoint    ] Total time for which application threads were stopped: 0.0009914 seconds, Stopping threads took: 0.0004654 seconds
[2022-06-13T02:09:47.867+0000][1][safepoint    ] Application time: 1.0002090 seconds
[2022-06-13T02:09:47.867+0000][1][safepoint    ] Entering safepoint region: Cleanup
[2022-06-13T02:09:47.867+0000][1][safepoint    ] Leaving safepoint region
[2022-06-13T02:09:47.868+0000][1][safepoint    ] Total time for which application threads were stopped: 0.0006483 seconds, Stopping threads took: 0.0003148 seconds
[2022-06-13T02:09:48.868+0000][1][safepoint    ] Application time: 1.0001901 seconds
[2022-06-13T02:09:48.869+0000][1][safepoint    ] Entering safepoint region: Cleanup
[2022-06-13T02:09:48.869+0000][1][safepoint    ] Leaving safepoint region
[2022-06-13T02:09:48.869+0000][1][safepoint    ] Total time for which application threads were stopped: 0.0005251 seconds, Stopping threads took: 0.0002580 seconds
[2022-06-13T02:09:49.870+0000][1][safepoint    ] Application time: 1.0002014 seconds
[2022-06-13T02:09:49.870+0000][1][safepoint    ] Entering safepoint region: Cleanup
[2022-06-13T02:09:49.870+0000][1][safepoint    ] Leaving safepoint region
[2022-06-13T02:09:49.871+0000][1][safepoint    ] Total time for which application threads were stopped: 0.0005284 seconds, Stopping threads took: 0.0002420 seconds
[2022-06-13T02:09:50.871+0000][1][safepoint    ] Application time: 1.0001682 seconds
[2022-06-13T02:09:50.872+0000][1][safepoint    ] Entering safepoint region: Cleanup
[2022-06-13T02:09:50.872+0000][1][safepoint    ] Leaving safepoint region
[2022-06-13T02:09:50.872+0000][1][safepoint    ] Total time for which application threads were stopped: 0.0006623 seconds, Stopping threads took: 0.0003288 seconds
[2022-06-13T02:09:51.873+0000][1][safepoint    ] Application time: 1.0001808 seconds
[2022-06-13T02:09:51.873+0000][1][safepoint    ] Entering safepoint region: Cleanup
[2022-06-13T02:09:51.873+0000][1][safepoint    ] Leaving safepoint region
[2022-06-13T02:09:51.874+0000][1][safepoint    ] Total time for which application threads were stopped: 0.0004550 seconds, Stopping threads took: 0.0001924 seconds
[2022-06-13T02:09:52.874+0000][1][safepoint    ] Application time: 1.0002112 seconds
[2022-06-13T02:09:52.874+0000][1][safepoint    ] Entering safepoint region: Cleanup
[2022-06-13T02:09:52.875+0000][1][safepoint    ] Leaving safepoint region
[2022-06-13T02:09:52.875+0000][1][safepoint    ] Total time for which application threads were stopped: 0.0006316 seconds, Stopping threads took: 0.0003199 seconds
[2022-06-13T02:09:53.875+0000][1][safepoint    ] Application time: 1.0001806 seconds
[2022-06-13T02:09:53.876+0000][1][safepoint    ] Entering safepoint region: Cleanup
[2022-06-13T02:09:53.876+0000][1][safepoint    ] Leaving safepoint region
[2022-06-13T02:09:53.877+0000][1][safepoint    ] Total time for which application threads were stopped: 0.0007906 seconds, Stopping threads took: 0.0003442 seconds
[2022-06-13T02:09:54.877+0000][1][safepoint    ] Application time: 1.0001188 seconds
[2022-06-13T02:09:54.877+0000][1][safepoint    ] Entering safepoint region: Cleanup
[2022-06-13T02:09:54.877+0000][1][safepoint    ] Leaving safepoint region
[2022-06-13T02:09:54.878+0000][1][safepoint    ] Total time for which application threads were stopped: 0.0002292 seconds, Stopping threads took: 0.0001027 seconds
[2022-06-13T02:09:55.878+0000][1][safepoint    ] Application time: 1.0002049 seconds
[2022-06-13T02:09:55.879+0000][1][safepoint    ] Entering safepoint region: Cleanup
[2022-06-13T02:09:55.879+0000][1][safepoint    ] Leaving safepoint region
[2022-06-13T02:09:55.879+0000][1][safepoint    ] Total time for which application threads were stopped: 0.0008477 seconds, Stopping threads took: 0.0003473 seconds
[2022-06-13T02:09:56.880+0000][1][safepoint    ] Application time: 1.0003406 seconds
[2022-06-13T02:09:56.881+0000][1][safepoint    ] Entering safepoint region: Cleanup
[2022-06-13T02:09:56.881+0000][1][safepoint    ] Leaving safepoint region
[2022-06-13T02:09:56.881+0000][1][safepoint    ] Total time for which application threads were stopped: 0.0006210 seconds, Stopping threads took: 0.0002984 seconds
[2022-06-13T02:09:57.882+0000][1][safepoint    ] Application time: 1.0001827 seconds
[2022-06-13T02:09:57.882+0000][1][safepoint    ] Entering safepoint region: Cleanup
[2022-06-13T02:09:57.883+0000][1][safepoint    ] Leaving safepoint region
[2022-06-13T02:09:57.883+0000][1][safepoint    ] Total time for which application threads were stopped: 0.0006419 seconds, Stopping threads took: 0.0003279 seconds
[2022-06-13T02:09:58.883+0000][1][safepoint    ] Application time: 1.0001471 seconds
[2022-06-13T02:09:58.884+0000][1][safepoint    ] Entering safepoint region: Cleanup
[2022-06-13T02:09:58.884+0000][1][safepoint    ] Leaving safepoint region
[2022-06-13T02:09:58.885+0000][1][safepoint    ] Total time for which application threads were stopped: 0.0005629 seconds, Stopping threads took: 0.0001867 seconds
[2022-06-13T02:09:59.885+0000][1][safepoint    ] Application time: 1.0002112 seconds
[2022-06-13T02:09:59.886+0000][1][safepoint    ] Entering safepoint region: Cleanup
[2022-06-13T02:09:59.886+0000][1][safepoint    ] Leaving safepoint region
[2022-06-13T02:09:59.887+0000][1][safepoint    ] Total time for which application threads were stopped: 0.0010727 seconds, Stopping threads took: 0.0005143 seconds
[2022-06-13T02:10:00.888+0000][1][safepoint    ] Application time: 1.0004281 seconds
[2022-06-13T02:10:00.888+0000][1][safepoint    ] Entering safepoint region: Cleanup
[2022-06-13T02:10:00.889+0000][1][safepoint    ] Leaving safepoint region
[2022-06-13T02:10:00.889+0000][1][safepoint    ] Total time for which application threads were stopped: 0.0009447 seconds, Stopping threads took: 0.0004285 seconds
[2022-06-13T02:10:01.890+0000][1][safepoint    ] Application time: 1.0002569 seconds
[2022-06-13T02:10:01.890+0000][1][safepoint    ] Entering safepoint region: Cleanup
[2022-06-13T02:10:01.891+0000][1][safepoint    ] Leaving safepoint region
[2022-06-13T02:10:01.891+0000][1][safepoint    ] Total time for which application threads were stopped: 0.0005459 seconds, Stopping threads took: 0.0002954 seconds
[2022-06-13T02:10:02.891+0000][1][safepoint    ] Application time: 1.0001049 seconds
[2022-06-13T02:10:02.892+0000][1][safepoint    ] Entering safepoint region: Cleanup
[2022-06-13T02:10:02.892+0000][1][safepoint    ] Leaving safepoint region
[2022-06-13T02:10:02.892+0000][1][safepoint    ] Total time for which application threads were stopped: 0.0005869 seconds, Stopping threads took: 0.0003168 seconds
[2022-06-13T02:10:03.893+0000][1][safepoint    ] Application time: 1.0002484 seconds
[2022-06-13T02:10:03.893+0000][1][safepoint    ] Entering safepoint region: Cleanup
[2022-06-13T02:10:03.894+0000][1][safepoint    ] Leaving safepoint region
[2022-06-13T02:10:03.894+0000][1][safepoint    ] Total time for which application threads were stopped: 0.0005493 seconds, Stopping threads took: 0.0002764 seconds
[2022-06-13T02:10:04.894+0000][1][safepoint    ] Application time: 1.0001191 seconds
[2022-06-13T02:10:04.895+0000][1][safepoint    ] Entering safepoint region: Cleanup
[2022-06-13T02:10:04.895+0000][1][safepoint    ] Leaving safepoint region
[2022-06-13T02:10:04.895+0000][1][safepoint    ] Total time for which application threads were stopped: 0.0005367 seconds, Stopping threads took: 0.0002265 seconds
[2022-06-13T02:10:05.896+0000][1][safepoint    ] Application time: 1.0001118 seconds
[2022-06-13T02:10:05.896+0000][1][safepoint    ] Entering safepoint region: Cleanup
[2022-06-13T02:10:05.897+0000][1][safepoint    ] Leaving safepoint region
[2022-06-13T02:10:05.897+0000][1][safepoint    ] Total time for which application threads were stopped: 0.0006853 seconds, Stopping threads took: 0.0004096 seconds
[2022-06-13T02:10:06.897+0000][1][safepoint    ] Application time: 1.0001613 seconds
[2022-06-13T02:10:06.898+0000][1][safepoint    ] Entering safepoint region: Cleanup
[2022-06-13T02:10:06.898+0000][1][safepoint    ] Leaving safepoint region
[2022-06-13T02:10:06.898+0000][1][safepoint    ] Total time for which application threads were stopped: 0.0006198 seconds, Stopping threads took: 0.0002359 seconds
[2022-06-13T02:10:07.899+0000][1][safepoint    ] Application time: 1.0003384 seconds
[2022-06-13T02:10:07.899+0000][1][safepoint    ] Entering safepoint region: Cleanup
[2022-06-13T02:10:07.900+0000][1][safepoint    ] Leaving safepoint region
[2022-06-13T02:10:07.900+0000][1][safepoint    ] Total time for which application threads were stopped: 0.0010195 seconds, Stopping threads took: 0.0004340 seconds
[2022-06-13T02:10:08.901+0000][1][safepoint    ] Application time: 1.0002150 seconds
[2022-06-13T02:10:08.901+0000][1][safepoint    ] Entering safepoint region: Cleanup
[2022-06-13T02:10:08.902+0000][1][safepoint    ] Leaving safepoint region
[2022-06-13T02:10:08.902+0000][1][safepoint    ] Total time for which application threads were stopped: 0.0008016 seconds, Stopping threads took: 0.0003772 seconds
[2022-06-13T02:10:09.903+0000][1][safepoint    ] Application time: 1.0002658 seconds
[2022-06-13T02:10:09.903+0000][1][safepoint    ] Entering safepoint region: Cleanup
[2022-06-13T02:10:09.904+0000][1][safepoint    ] Leaving safepoint region
[2022-06-13T02:10:09.904+0000][1][safepoint    ] Total time for which application threads were stopped: 0.0007185 seconds, Stopping threads took: 0.0003285 seconds
[2022-06-13T02:10:10.905+0000][1][safepoint    ] Application time: 1.0002334 seconds
[2022-06-13T02:10:10.905+0000][1][safepoint    ] Entering safepoint region: Cleanup
[2022-06-13T02:10:10.905+0000][1][safepoint    ] Leaving safepoint region
[2022-06-13T02:10:10.906+0000][1][safepoint    ] Total time for which application threads were stopped: 0.0007349 seconds, Stopping threads took: 0.0003700 seconds
[2022-06-13T02:10:11.906+0000][1][safepoint    ] Application time: 1.0001935 seconds
[2022-06-13T02:10:11.907+0000][1][safepoint    ] Entering safepoint region: Cleanup
[2022-06-13T02:10:11.907+0000][1][safepoint    ] Leaving safepoint region
[2022-06-13T02:10:11.907+0000][1][safepoint    ] Total time for which application threads were stopped: 0.0004732 seconds, Stopping threads took: 0.0002435 seconds
[2022-06-13T02:10:12.908+0000][1][safepoint    ] Application time: 1.0001405 seconds
[2022-06-13T02:10:12.908+0000][1][safepoint    ] Entering safepoint region: Cleanup
[2022-06-13T02:10:12.908+0000][1][safepoint    ] Leaving safepoint region
[2022-06-13T02:10:12.909+0000][1][safepoint    ] Total time for which application threads were stopped: 0.0004858 seconds, Stopping threads took: 0.0002299 seconds
[2022-06-13T02:10:13.909+0000][1][safepoint    ] Application time: 1.0003824 seconds
[2022-06-13T02:10:13.910+0000][1][safepoint    ] Entering safepoint region: Cleanup
[2022-06-13T02:10:13.910+0000][1][safepoint    ] Leaving safepoint region
[2022-06-13T02:10:13.911+0000][1][safepoint    ] Total time for which application threads were stopped: 0.0006707 seconds, Stopping threads took: 0.0002895 seconds
[2022-06-13T02:10:14.911+0000][1][safepoint    ] Application time: 1.0002260 seconds
[2022-06-13T02:10:14.912+0000][1][safepoint    ] Entering safepoint region: Cleanup
[2022-06-13T02:10:14.912+0000][1][safepoint    ] Leaving safepoint region
[2022-06-13T02:10:14.912+0000][1][safepoint    ] Total time for which application threads were stopped: 0.0007614 seconds, Stopping threads took: 0.0003733 seconds
[2022-06-13T02:10:15.913+0000][1][safepoint    ] Application time: 1.0002726 seconds
[2022-06-13T02:10:15.914+0000][1][safepoint    ] Entering safepoint region: Cleanup
[2022-06-13T02:10:15.914+0000][1][safepoint    ] Leaving safepoint region
[2022-06-13T02:10:15.915+0000][1][safepoint    ] Total time for which application threads were stopped: 0.0011443 seconds, Stopping threads took: 0.0005714 seconds
[2022-06-13T02:10:16.916+0000][1][safepoint    ] Application time: 1.0002167 seconds
[2022-06-13T02:10:16.916+0000][1][safepoint    ] Entering safepoint region: Cleanup
[2022-06-13T02:10:16.916+0000][1][safepoint    ] Leaving safepoint region
[2022-06-13T02:10:16.917+0000][1][safepoint    ] Total time for which application threads were stopped: 0.0006558 seconds, Stopping threads took: 0.0003106 seconds
[2022-06-13T02:10:17.917+0000][1][safepoint    ] Application time: 1.0001126 seconds
[2022-06-13T02:10:17.918+0000][1][safepoint    ] Entering safepoint region: Cleanup
[2022-06-13T02:10:17.918+0000][1][safepoint    ] Leaving safepoint region
[2022-06-13T02:10:17.918+0000][1][safepoint    ] Total time for which application threads were stopped: 0.0006076 seconds, Stopping threads took: 0.0002279 seconds
[2022-06-13T02:10:18.919+0000][1][safepoint    ] Application time: 1.0002036 seconds
[2022-06-13T02:10:18.919+0000][1][safepoint    ] Entering safepoint region: Cleanup
[2022-06-13T02:10:18.919+0000][1][safepoint    ] Leaving safepoint region
[2022-06-13T02:10:18.919+0000][1][safepoint    ] Total time for which application threads were stopped: 0.0004992 seconds, Stopping threads took: 0.0001984 seconds
[2022-06-13T02:10:20.824+0000][1][safepoint    ] Application time: 1.9044228 seconds
[2022-06-13T02:10:20.824+0000][1][safepoint    ] Entering safepoint region: Cleanup
[2022-06-13T02:10:20.825+0000][1][safepoint    ] Leaving safepoint region
[2022-06-13T02:10:20.825+0000][1][safepoint    ] Total time for which application threads were stopped: 0.0003537 seconds, Stopping threads took: 0.0001543 seconds
[2022-06-13T02:10:21.825+0000][1][safepoint    ] Application time: 1.0002120 seconds
[2022-06-13T02:10:21.826+0000][1][safepoint    ] Entering safepoint region: Cleanup
[2022-06-13T02:10:21.826+0000][1][safepoint    ] Leaving safepoint region
[2022-06-13T02:10:21.826+0000][1][safepoint    ] Total time for which application threads were stopped: 0.0008050 seconds, Stopping threads took: 0.0003588 seconds
[2022-06-13T02:10:22.827+0000][1][safepoint    ] Application time: 1.0001885 seconds
[2022-06-13T02:10:22.827+0000][1][safepoint    ] Entering safepoint region: Cleanup
[2022-06-13T02:10:22.828+0000][1][safepoint    ] Leaving safepoint region
[2022-06-13T02:10:22.828+0000][1][safepoint    ] Total time for which application threads were stopped: 0.0005414 seconds, Stopping threads took: 0.0003132 seconds
[2022-06-13T02:10:23.828+0000][1][safepoint    ] Application time: 1.0001344 seconds
[2022-06-13T02:10:23.829+0000][1][safepoint    ] Entering safepoint region: Cleanup
[2022-06-13T02:10:23.829+0000][1][safepoint    ] Leaving safepoint region
[2022-06-13T02:10:23.830+0000][1][safepoint    ] Total time for which application threads were stopped: 0.0008301 seconds, Stopping threads took: 0.0003366 seconds
[2022-06-13T02:10:24.830+0000][1][safepoint    ] Application time: 1.0001778 seconds
[2022-06-13T02:10:24.831+0000][1][safepoint    ] Entering safepoint region: Cleanup
[2022-06-13T02:10:24.831+0000][1][safepoint    ] Leaving safepoint region
[2022-06-13T02:10:24.831+0000][1][safepoint    ] Total time for which application threads were stopped: 0.0003850 seconds, Stopping threads took: 0.0001547 seconds
[2022-06-13T02:10:25.831+0000][1][safepoint    ] Application time: 1.0001948 seconds
[2022-06-13T02:10:25.832+0000][1][safepoint    ] Entering safepoint region: Cleanup
[2022-06-13T02:10:25.832+0000][1][safepoint    ] Leaving safepoint region
[2022-06-13T02:10:25.832+0000][1][safepoint    ] Total time for which application threads were stopped: 0.0007494 seconds, Stopping threads took: 0.0003501 seconds
[2022-06-13T02:10:26.833+0000][1][safepoint    ] Application time: 1.0001758 seconds
[2022-06-13T02:10:26.834+0000][1][safepoint    ] Entering safepoint region: Cleanup
[2022-06-13T02:10:26.834+0000][1][safepoint    ] Leaving safepoint region
[2022-06-13T02:10:26.834+0000][1][safepoint    ] Total time for which application threads were stopped: 0.0005438 seconds, Stopping threads took: 0.0002373 seconds
[2022-06-13T02:10:27.835+0000][1][safepoint    ] Application time: 1.0002959 seconds
[2022-06-13T02:10:27.835+0000][1][safepoint    ] Entering safepoint region: Cleanup
[2022-06-13T02:10:27.836+0000][1][safepoint    ] Leaving safepoint region
[2022-06-13T02:10:27.836+0000][1][safepoint    ] Total time for which application threads were stopped: 0.0009226 seconds, Stopping threads took: 0.0004756 seconds
[2022-06-13T02:10:28.837+0000][1][safepoint    ] Application time: 1.0003756 seconds
[2022-06-13T02:10:28.838+0000][1][safepoint    ] Entering safepoint region: Cleanup
[2022-06-13T02:10:28.838+0000][1][safepoint    ] Leaving safepoint region
[2022-06-13T02:10:28.839+0000][1][safepoint    ] Total time for which application threads were stopped: 0.0009688 seconds, Stopping threads took: 0.0004113 seconds
[2022-06-13T02:10:29.839+0000][1][safepoint    ] Application time: 1.0002159 seconds
[2022-06-13T02:10:29.840+0000][1][safepoint    ] Entering safepoint region: Cleanup
[2022-06-13T02:10:29.840+0000][1][safepoint    ] Leaving safepoint region
[2022-06-13T02:10:29.840+0000][1][safepoint    ] Total time for which application threads were stopped: 0.0006553 seconds, Stopping threads took: 0.0003019 seconds
[2022-06-13T02:10:30.841+0000][1][safepoint    ] Application time: 1.0001235 seconds
[2022-06-13T02:10:30.841+0000][1][safepoint    ] Entering safepoint region: Cleanup
[2022-06-13T02:10:30.841+0000][1][safepoint    ] Leaving safepoint region
[2022-06-13T02:10:30.841+0000][1][safepoint    ] Total time for which application threads were stopped: 0.0004697 seconds, Stopping threads took: 0.0001569 seconds
[2022-06-13T02:10:31.842+0000][1][safepoint    ] Application time: 1.0002444 seconds
[2022-06-13T02:10:31.842+0000][1][safepoint    ] Entering safepoint region: Cleanup
[2022-06-13T02:10:31.843+0000][1][safepoint    ] Leaving safepoint region
[2022-06-13T02:10:31.843+0000][1][safepoint    ] Total time for which application threads were stopped: 0.0007148 seconds, Stopping threads took: 0.0003862 seconds
[2022-06-13T02:10:32.844+0000][1][safepoint    ] Application time: 1.0003250 seconds
[2022-06-13T02:10:32.844+0000][1][safepoint    ] Entering safepoint region: Cleanup
[2022-06-13T02:10:32.845+0000][1][safepoint    ] Leaving safepoint region
[2022-06-13T02:10:32.845+0000][1][safepoint    ] Total time for which application threads were stopped: 0.0005428 seconds, Stopping threads took: 0.0002474 seconds
[2022-06-13T02:10:33.845+0000][1][safepoint    ] Application time: 1.0002333 seconds
[2022-06-13T02:10:33.846+0000][1][safepoint    ] Entering safepoint region: Cleanup
[2022-06-13T02:10:33.847+0000][1][safepoint    ] Leaving safepoint region
[2022-06-13T02:10:33.847+0000][1][safepoint    ] Total time for which application threads were stopped: 0.0012828 seconds, Stopping threads took: 0.0006028 seconds
[2022-06-13T02:10:34.412+0000][1][safepoint    ] Application time: 0.5639540 seconds
[2022-06-13T02:10:34.412+0000][1][safepoint    ] Entering safepoint region: RevokeBias
[2022-06-13T02:10:34.412+0000][1][safepoint    ] Leaving safepoint region
[2022-06-13T02:10:34.412+0000][1][safepoint    ] Total time for which application threads were stopped: 0.0003947 seconds, Stopping threads took: 0.0001254 seconds
[2022-06-13T02:10:34.413+0000][1][safepoint    ] Application time: 0.0001856 seconds
[2022-06-13T02:10:34.413+0000][1][safepoint    ] Entering safepoint region: RevokeBias
[2022-06-13T02:10:34.413+0000][1][safepoint    ] Leaving safepoint region
[2022-06-13T02:10:34.414+0000][1][safepoint    ] Total time for which application threads were stopped: 0.0005347 seconds, Stopping threads took: 0.0002372 seconds
[2022-06-13T02:10:34.415+0000][1][safepoint    ] Application time: 0.0007232 seconds
[2022-06-13T02:10:34.415+0000][1][safepoint    ] Entering safepoint region: RevokeBias
[2022-06-13T02:10:34.415+0000][1][safepoint    ] Leaving safepoint region
[2022-06-13T02:10:34.415+0000][1][safepoint    ] Total time for which application threads were stopped: 0.0005249 seconds, Stopping threads took: 0.0002056 seconds
[2022-06-13T02:10:34.416+0000][1][safepoint    ] Application time: 0.0006108 seconds
[2022-06-13T02:10:34.416+0000][1][safepoint    ] Entering safepoint region: RevokeBias
[2022-06-13T02:10:34.417+0000][1][safepoint    ] Leaving safepoint region
[2022-06-13T02:10:34.417+0000][1][safepoint    ] Total time for which application threads were stopped: 0.0003976 seconds, Stopping threads took: 0.0001397 seconds
[2022-06-13T02:10:34.417+0000][1][safepoint    ] Application time: 0.0002473 seconds
[2022-06-13T02:10:34.418+0000][1][safepoint    ] Entering safepoint region: RevokeBias
[2022-06-13T02:10:34.418+0000][1][safepoint    ] Leaving safepoint region
[2022-06-13T02:10:34.418+0000][1][safepoint    ] Total time for which application threads were stopped: 0.0005239 seconds, Stopping threads took: 0.0003237 seconds
[2022-06-13T02:10:34.419+0000][1][safepoint    ] Application time: 0.0009279 seconds
[2022-06-13T02:10:34.419+0000][1][safepoint    ] Entering safepoint region: RevokeBias
[2022-06-13T02:10:34.420+0000][1][safepoint    ] Leaving safepoint region
[2022-06-13T02:10:34.420+0000][1][safepoint    ] Total time for which application threads were stopped: 0.0004987 seconds, Stopping threads took: 0.0002159 seconds
[2022-06-13T02:10:34.421+0000][1][safepoint    ] Application time: 0.0009941 seconds
[2022-06-13T02:10:34.421+0000][1][safepoint    ] Entering safepoint region: RevokeBias
[2022-06-13T02:10:34.421+0000][1][safepoint    ] Leaving safepoint region
[2022-06-13T02:10:34.422+0000][1][safepoint    ] Total time for which application threads were stopped: 0.0003712 seconds, Stopping threads took: 0.0001919 seconds
[2022-06-13T02:10:34.422+0000][1][safepoint    ] Application time: 0.0005043 seconds
[2022-06-13T02:10:34.423+0000][1][safepoint    ] Entering safepoint region: RevokeBias
[2022-06-13T02:10:34.423+0000][1][safepoint    ] Leaving safepoint region
[2022-06-13T02:10:34.423+0000][1][safepoint    ] Total time for which application threads were stopped: 0.0004430 seconds, Stopping threads took: 0.0002423 seconds
[2022-06-13T02:10:34.423+0000][1][safepoint    ] Application time: 0.0001180 seconds
[2022-06-13T02:10:34.424+0000][1][safepoint    ] Entering safepoint region: RevokeBias
[2022-06-13T02:10:34.424+0000][1][safepoint    ] Leaving safepoint region
[2022-06-13T02:10:34.424+0000][1][safepoint    ] Total time for which application threads were stopped: 0.0006281 seconds, Stopping threads took: 0.0001872 seconds
[2022-06-13T02:10:34.428+0000][1][safepoint    ] Application time: 0.0035753 seconds
[2022-06-13T02:10:34.428+0000][1][safepoint    ] Entering safepoint region: RevokeBias
[2022-06-13T02:10:34.428+0000][1][safepoint    ] Leaving safepoint region
[2022-06-13T02:10:34.429+0000][1][safepoint    ] Total time for which application threads were stopped: 0.0004845 seconds, Stopping threads took: 0.0002807 seconds
[2022-06-13T02:10:34.429+0000][1][safepoint    ] Application time: 0.0001576 seconds
[2022-06-13T02:10:34.429+0000][1][safepoint    ] Entering safepoint region: RevokeBias
[2022-06-13T02:10:34.429+0000][1][safepoint    ] Leaving safepoint region
[2022-06-13T02:10:34.429+0000][1][safepoint    ] Total time for which application threads were stopped: 0.0004310 seconds, Stopping threads took: 0.0002133 seconds
[2022-06-13T02:10:34.430+0000][1][safepoint    ] Application time: 0.0003456 seconds
[2022-06-13T02:10:34.430+0000][1][safepoint    ] Entering safepoint region: RevokeBias
[2022-06-13T02:10:34.430+0000][1][safepoint    ] Leaving safepoint region
[2022-06-13T02:10:34.431+0000][1][safepoint    ] Total time for which application threads were stopped: 0.0003961 seconds, Stopping threads took: 0.0001494 seconds
[2022-06-13T02:10:34.431+0000][1][safepoint    ] Application time: 0.0003241 seconds
[2022-06-13T02:10:34.431+0000][1][safepoint    ] Entering safepoint region: RevokeBias
[2022-06-13T02:10:34.432+0000][1][safepoint    ] Leaving safepoint region
[2022-06-13T02:10:34.432+0000][1][safepoint    ] Total time for which application threads were stopped: 0.0003030 seconds, Stopping threads took: 0.0001512 seconds
[2022-06-13T02:10:34.432+0000][1][safepoint    ] Application time: 0.0003078 seconds
[2022-06-13T02:10:34.432+0000][1][safepoint    ] Entering safepoint region: RevokeBias
[2022-06-13T02:10:34.433+0000][1][safepoint    ] Leaving safepoint region
[2022-06-13T02:10:34.433+0000][1][safepoint    ] Total time for which application threads were stopped: 0.0002776 seconds, Stopping threads took: 0.0001064 seconds
[2022-06-13T02:10:34.433+0000][1][safepoint    ] Application time: 0.0001281 seconds
[2022-06-13T02:10:34.433+0000][1][safepoint    ] Entering safepoint region: RevokeBias
[2022-06-13T02:10:34.433+0000][1][safepoint    ] Leaving safepoint region
[2022-06-13T02:10:34.433+0000][1][safepoint    ] Total time for which application threads were stopped: 0.0003084 seconds, Stopping threads took: 0.0001580 seconds
[2022-06-13T02:10:34.434+0000][1][safepoint    ] Application time: 0.0001580 seconds
[2022-06-13T02:10:34.434+0000][1][safepoint    ] Entering safepoint region: RevokeBias
[2022-06-13T02:10:34.434+0000][1][safepoint    ] Leaving safepoint region
[2022-06-13T02:10:34.434+0000][1][safepoint    ] Total time for which application threads were stopped: 0.0003522 seconds, Stopping threads took: 0.0001987 seconds
[2022-06-13T02:10:34.434+0000][1][safepoint    ] Application time: 0.0001205 seconds
[2022-06-13T02:10:34.435+0000][1][safepoint    ] Entering safepoint region: RevokeBias
[2022-06-13T02:10:34.435+0000][1][safepoint    ] Leaving safepoint region
[2022-06-13T02:10:34.435+0000][1][safepoint    ] Total time for which application threads were stopped: 0.0003135 seconds, Stopping threads took: 0.0001228 seconds
[2022-06-13T02:10:34.435+0000][1][safepoint    ] Application time: 0.0001713 seconds
[2022-06-13T02:10:34.435+0000][1][safepoint    ] Entering safepoint region: RevokeBias
[2022-06-13T02:10:34.436+0000][1][safepoint    ] Leaving safepoint region
[2022-06-13T02:10:34.436+0000][1][safepoint    ] Total time for which application threads were stopped: 0.0002655 seconds, Stopping threads took: 0.0001370 seconds
[2022-06-13T02:10:34.436+0000][1][safepoint    ] Application time: 0.0002754 seconds
[2022-06-13T02:10:34.436+0000][1][safepoint    ] Entering safepoint region: RevokeBias
[2022-06-13T02:10:34.436+0000][1][safepoint    ] Leaving safepoint region
[2022-06-13T02:10:34.436+0000][1][safepoint    ] Total time for which application threads were stopped: 0.0002679 seconds, Stopping threads took: 0.0001005 seconds
[2022-06-13T02:10:34.437+0000][1][safepoint    ] Application time: 0.0001937 seconds
[2022-06-13T02:10:34.437+0000][1][safepoint    ] Entering safepoint region: RevokeBias
[2022-06-13T02:10:34.437+0000][1][safepoint    ] Leaving safepoint region
[2022-06-13T02:10:34.438+0000][1][safepoint    ] Total time for which application threads were stopped: 0.0004378 seconds, Stopping threads took: 0.0001708 seconds
[2022-06-13T02:10:34.438+0000][1][safepoint    ] Application time: 0.0001510 seconds
[2022-06-13T02:10:34.438+0000][1][safepoint    ] Entering safepoint region: RevokeBias
[2022-06-13T02:10:34.438+0000][1][safepoint    ] Leaving safepoint region
[2022-06-13T02:10:34.438+0000][1][safepoint    ] Total time for which application threads were stopped: 0.0002925 seconds, Stopping threads took: 0.0001386 seconds
[2022-06-13T02:10:34.439+0000][1][safepoint    ] Application time: 0.0003056 seconds
[2022-06-13T02:10:34.439+0000][1][safepoint    ] Entering safepoint region: RevokeBias
[2022-06-13T02:10:34.439+0000][1][safepoint    ] Leaving safepoint region
[2022-06-13T02:10:34.439+0000][1][safepoint    ] Total time for which application threads were stopped: 0.0002774 seconds, Stopping threads took: 0.0001202 seconds
[2022-06-13T02:10:34.440+0000][1][safepoint    ] Application time: 0.0002119 seconds
[2022-06-13T02:10:34.440+0000][1][safepoint    ] Entering safepoint region: RevokeBias
[2022-06-13T02:10:34.440+0000][1][safepoint    ] Leaving safepoint region
[2022-06-13T02:10:34.440+0000][1][safepoint    ] Total time for which application threads were stopped: 0.0003459 seconds, Stopping threads took: 0.0001872 seconds
[2022-06-13T02:10:34.440+0000][1][safepoint    ] Application time: 0.0000846 seconds
[2022-06-13T02:10:34.440+0000][1][safepoint    ] Entering safepoint region: RevokeBias
[2022-06-13T02:10:34.441+0000][1][safepoint    ] Leaving safepoint region
[2022-06-13T02:10:34.441+0000][1][safepoint    ] Total time for which application threads were stopped: 0.0003827 seconds, Stopping threads took: 0.0001664 seconds
[2022-06-13T02:10:34.441+0000][1][safepoint    ] Application time: 0.0003580 seconds
[2022-06-13T02:10:34.442+0000][1][safepoint    ] Entering safepoint region: RevokeBias
[2022-06-13T02:10:34.442+0000][1][safepoint    ] Leaving safepoint region
[2022-06-13T02:10:34.442+0000][1][safepoint    ] Total time for which application threads were stopped: 0.0003948 seconds, Stopping threads took: 0.0002025 seconds
[2022-06-13T02:10:34.442+0000][1][safepoint    ] Application time: 0.0002384 seconds
[2022-06-13T02:10:34.442+0000][1][safepoint    ] Entering safepoint region: RevokeBias
[2022-06-13T02:10:34.443+0000][1][safepoint    ] Leaving safepoint region
[2022-06-13T02:10:34.443+0000][1][safepoint    ] Total time for which application threads were stopped: 0.0003784 seconds, Stopping threads took: 0.0001793 seconds
[2022-06-13T02:10:34.443+0000][1][safepoint    ] Application time: 0.0000993 seconds
[2022-06-13T02:10:34.443+0000][1][safepoint    ] Entering safepoint region: RevokeBias
[2022-06-13T02:10:34.443+0000][1][safepoint    ] Leaving safepoint region
[2022-06-13T02:10:34.443+0000][1][safepoint    ] Total time for which application threads were stopped: 0.0003077 seconds, Stopping threads took: 0.0001558 seconds
[2022-06-13T02:10:34.444+0000][1][safepoint    ] Application time: 0.0002722 seconds
[2022-06-13T02:10:34.444+0000][1][safepoint    ] Entering safepoint region: RevokeBias
[2022-06-13T02:10:34.444+0000][1][safepoint    ] Leaving safepoint region
[2022-06-13T02:10:34.445+0000][1][safepoint    ] Total time for which application threads were stopped: 0.0005435 seconds, Stopping threads took: 0.0001141 seconds
[2022-06-13T02:10:34.445+0000][1][safepoint    ] Application time: 0.0001806 seconds
[2022-06-13T02:10:34.445+0000][1][safepoint    ] Entering safepoint region: RevokeBias
[2022-06-13T02:10:34.445+0000][1][safepoint    ] Leaving safepoint region
[2022-06-13T02:10:34.445+0000][1][safepoint    ] Total time for which application threads were stopped: 0.0003628 seconds, Stopping threads took: 0.0001147 seconds
[2022-06-13T02:10:34.446+0000][1][safepoint    ] Application time: 0.0002014 seconds
[2022-06-13T02:10:34.446+0000][1][safepoint    ] Entering safepoint region: RevokeBias
[2022-06-13T02:10:34.446+0000][1][safepoint    ] Leaving safepoint region
[2022-06-13T02:10:34.446+0000][1][safepoint    ] Total time for which application threads were stopped: 0.0003416 seconds, Stopping threads took: 0.0001828 seconds
[2022-06-13T02:10:34.447+0000][1][safepoint    ] Application time: 0.0004664 seconds
[2022-06-13T02:10:34.447+0000][1][safepoint    ] Entering safepoint region: RevokeBias
[2022-06-13T02:10:34.447+0000][1][safepoint    ] Leaving safepoint region
[2022-06-13T02:10:34.447+0000][1][safepoint    ] Total time for which application threads were stopped: 0.0002799 seconds, Stopping threads took: 0.0000966 seconds
[2022-06-13T02:10:34.448+0000][1][safepoint    ] Application time: 0.0001379 seconds
[2022-06-13T02:10:34.448+0000][1][safepoint    ] Entering safepoint region: RevokeBias
[2022-06-13T02:10:34.448+0000][1][safepoint    ] Leaving safepoint region
[2022-06-13T02:10:34.448+0000][1][safepoint    ] Total time for which application threads were stopped: 0.0003670 seconds, Stopping threads took: 0.0001745 seconds
[2022-06-13T02:10:34.448+0000][1][safepoint    ] Application time: 0.0000532 seconds
[2022-06-13T02:10:34.449+0000][1][safepoint    ] Entering safepoint region: RevokeBias
[2022-06-13T02:10:34.449+0000][1][safepoint    ] Leaving safepoint region
[2022-06-13T02:10:34.449+0000][1][safepoint    ] Total time for which application threads were stopped: 0.0004575 seconds, Stopping threads took: 0.0002204 seconds
[2022-06-13T02:10:34.450+0000][1][safepoint    ] Application time: 0.0006795 seconds
[2022-06-13T02:10:34.450+0000][1][safepoint    ] Entering safepoint region: RevokeBias
[2022-06-13T02:10:34.450+0000][1][safepoint    ] Leaving safepoint region
[2022-06-13T02:10:34.450+0000][1][safepoint    ] Total time for which application threads were stopped: 0.0002976 seconds, Stopping threads took: 0.0001409 seconds
[2022-06-13T02:10:34.452+0000][1][safepoint    ] Application time: 0.0009756 seconds
[2022-06-13T02:10:34.452+0000][1][safepoint    ] Entering safepoint region: RevokeBias
[2022-06-13T02:10:34.452+0000][1][safepoint    ] Leaving safepoint region
[2022-06-13T02:10:34.452+0000][1][safepoint    ] Total time for which application threads were stopped: 0.0002468 seconds, Stopping threads took: 0.0001314 seconds
[2022-06-13T02:10:34.452+0000][1][safepoint    ] Application time: 0.0002060 seconds
[2022-06-13T02:10:34.452+0000][1][safepoint    ] Entering safepoint region: RevokeBias
[2022-06-13T02:10:34.453+0000][1][safepoint    ] Leaving safepoint region
[2022-06-13T02:10:34.453+0000][1][safepoint    ] Total time for which application threads were stopped: 0.0003979 seconds, Stopping threads took: 0.0001569 seconds
[2022-06-13T02:10:34.453+0000][1][safepoint    ] Application time: 0.0000401 seconds
[2022-06-13T02:10:34.453+0000][1][safepoint    ] Entering safepoint region: RevokeBias
[2022-06-13T02:10:34.453+0000][1][safepoint    ] Leaving safepoint region
[2022-06-13T02:10:34.453+0000][1][safepoint    ] Total time for which application threads were stopped: 0.0003036 seconds, Stopping threads took: 0.0001663 seconds
[2022-06-13T02:10:34.454+0000][1][safepoint    ] Application time: 0.0001145 seconds
[2022-06-13T02:10:34.454+0000][1][safepoint    ] Entering safepoint region: RevokeBias
[2022-06-13T02:10:34.454+0000][1][safepoint    ] Leaving safepoint region
[2022-06-13T02:10:34.454+0000][1][safepoint    ] Total time for which application threads were stopped: 0.0002828 seconds, Stopping threads took: 0.0001735 seconds
[2022-06-13T02:10:34.454+0000][1][safepoint    ] Application time: 0.0000879 seconds
[2022-06-13T02:10:34.454+0000][1][safepoint    ] Entering safepoint region: RevokeBias
[2022-06-13T02:10:34.455+0000][1][safepoint    ] Leaving safepoint region
[2022-06-13T02:10:34.455+0000][1][safepoint    ] Total time for which application threads were stopped: 0.0002883 seconds, Stopping threads took: 0.0001663 seconds
[2022-06-13T02:10:34.455+0000][1][safepoint    ] Application time: 0.0000744 seconds
[2022-06-13T02:10:34.455+0000][1][safepoint    ] Entering safepoint region: RevokeBias
[2022-06-13T02:10:34.455+0000][1][safepoint    ] Leaving safepoint region
[2022-06-13T02:10:34.455+0000][1][safepoint    ] Total time for which application threads were stopped: 0.0002989 seconds, Stopping threads took: 0.0001549 seconds
[2022-06-13T02:10:34.456+0000][1][safepoint    ] Application time: 0.0005791 seconds
[2022-06-13T02:10:34.456+0000][1][safepoint    ] Entering safepoint region: RevokeBias
[2022-06-13T02:10:34.457+0000][1][safepoint    ] Leaving safepoint region
[2022-06-13T02:10:34.457+0000][1][safepoint    ] Total time for which application threads were stopped: 0.0004427 seconds, Stopping threads took: 0.0003091 seconds
[2022-06-13T02:10:34.458+0000][1][safepoint    ] Application time: 0.0013930 seconds
[2022-06-13T02:10:34.458+0000][1][safepoint    ] Entering safepoint region: RevokeBias
[2022-06-13T02:10:34.458+0000][1][safepoint    ] Leaving safepoint region
[2022-06-13T02:10:34.459+0000][1][safepoint    ] Total time for which application threads were stopped: 0.0002534 seconds, Stopping threads took: 0.0001280 seconds
[2022-06-13T02:10:34.459+0000][1][safepoint    ] Application time: 0.0008354 seconds
[2022-06-13T02:10:34.460+0000][1][safepoint    ] Entering safepoint region: RevokeBias
[2022-06-13T02:10:34.460+0000][1][safepoint    ] Leaving safepoint region
[2022-06-13T02:10:34.460+0000][1][safepoint    ] Total time for which application threads were stopped: 0.0003146 seconds, Stopping threads took: 0.0001380 seconds
[2022-06-13T02:10:34.460+0000][1][safepoint    ] Application time: 0.0000969 seconds
[2022-06-13T02:10:34.460+0000][1][safepoint    ] Entering safepoint region: RevokeBias
[2022-06-13T02:10:34.460+0000][1][safepoint    ] Leaving safepoint region
[2022-06-13T02:10:34.460+0000][1][safepoint    ] Total time for which application threads were stopped: 0.0002093 seconds, Stopping threads took: 0.0001072 seconds
[2022-06-13T02:10:34.461+0000][1][safepoint    ] Application time: 0.0001146 seconds
[2022-06-13T02:10:34.461+0000][1][safepoint    ] Entering safepoint region: RevokeBias
[2022-06-13T02:10:34.461+0000][1][safepoint    ] Leaving safepoint region
[2022-06-13T02:10:34.461+0000][1][safepoint    ] Total time for which application threads were stopped: 0.0002453 seconds, Stopping threads took: 0.0001318 seconds
[2022-06-13T02:10:34.461+0000][1][safepoint    ] Application time: 0.0000895 seconds
[2022-06-13T02:10:34.461+0000][1][safepoint    ] Entering safepoint region: RevokeBias
[2022-06-13T02:10:34.461+0000][1][safepoint    ] Leaving safepoint region
[2022-06-13T02:10:34.462+0000][1][safepoint    ] Total time for which application threads were stopped: 0.0002289 seconds, Stopping threads took: 0.0001133 seconds
[2022-06-13T02:10:34.462+0000][1][safepoint    ] Application time: 0.0003319 seconds
[2022-06-13T02:10:34.462+0000][1][safepoint    ] Entering safepoint region: RevokeBias
[2022-06-13T02:10:34.462+0000][1][safepoint    ] Leaving safepoint region
[2022-06-13T02:10:34.462+0000][1][safepoint    ] Total time for which application threads were stopped: 0.0003093 seconds, Stopping threads took: 0.0001682 seconds
[2022-06-13T02:10:34.463+0000][1][safepoint    ] Application time: 0.0000774 seconds
[2022-06-13T02:10:34.463+0000][1][safepoint    ] Entering safepoint region: BulkRevokeBias
[2022-06-13T02:10:34.463+0000][1][safepoint    ] Leaving safepoint region
[2022-06-13T02:10:34.463+0000][1][safepoint    ] Total time for which application threads were stopped: 0.0002682 seconds, Stopping threads took: 0.0000907 seconds
[2022-06-13T02:10:34.468+0000][1][safepoint    ] Application time: 0.0046633 seconds
[2022-06-13T02:10:34.468+0000][1][safepoint    ] Entering safepoint region: RevokeBias
[2022-06-13T02:10:34.468+0000][1][safepoint    ] Leaving safepoint region
[2022-06-13T02:10:34.468+0000][1][safepoint    ] Total time for which application threads were stopped: 0.0002192 seconds, Stopping threads took: 0.0001106 seconds
[2022-06-13T02:10:34.473+0000][1][safepoint    ] Application time: 0.0046399 seconds
[2022-06-13T02:10:34.473+0000][1][safepoint    ] Entering safepoint region: RevokeBias
[2022-06-13T02:10:34.473+0000][1][safepoint    ] Leaving safepoint region
[2022-06-13T02:10:34.473+0000][1][safepoint    ] Total time for which application threads were stopped: 0.0002653 seconds, Stopping threads took: 0.0001194 seconds
[2022-06-13T02:10:34.473+0000][1][safepoint    ] Application time: 0.0000844 seconds
[2022-06-13T02:10:34.473+0000][1][safepoint    ] Entering safepoint region: RevokeBias
[2022-06-13T02:10:34.474+0000][1][safepoint    ] Leaving safepoint region
[2022-06-13T02:10:34.474+0000][1][safepoint    ] Total time for which application threads were stopped: 0.0001985 seconds, Stopping threads took: 0.0000959 seconds
[2022-06-13T02:10:34.474+0000][1][safepoint    ] Application time: 0.0000890 seconds
[2022-06-13T02:10:34.474+0000][1][safepoint    ] Entering safepoint region: RevokeBias
[2022-06-13T02:10:34.474+0000][1][safepoint    ] Leaving safepoint region
[2022-06-13T02:10:34.474+0000][1][safepoint    ] Total time for which application threads were stopped: 0.0002052 seconds, Stopping threads took: 0.0001050 seconds
[2022-06-13T02:10:34.475+0000][1][safepoint    ] Application time: 0.0003517 seconds
[2022-06-13T02:10:34.475+0000][1][safepoint    ] Entering safepoint region: RevokeBias
[2022-06-13T02:10:34.475+0000][1][safepoint    ] Leaving safepoint region
[2022-06-13T02:10:34.475+0000][1][safepoint    ] Total time for which application threads were stopped: 0.0002256 seconds, Stopping threads took: 0.0001028 seconds
[2022-06-13T02:10:34.476+0000][1][safepoint    ] Application time: 0.0005567 seconds
[2022-06-13T02:10:34.476+0000][1][safepoint    ] Entering safepoint region: RevokeBias
[2022-06-13T02:10:34.476+0000][1][safepoint    ] Leaving safepoint region
[2022-06-13T02:10:34.476+0000][1][safepoint    ] Total time for which application threads were stopped: 0.0002153 seconds, Stopping threads took: 0.0001004 seconds
[2022-06-13T02:10:34.476+0000][1][safepoint    ] Application time: 0.0003318 seconds
[2022-06-13T02:10:34.476+0000][1][safepoint    ] Entering safepoint region: RevokeBias
[2022-06-13T02:10:34.477+0000][1][safepoint    ] Leaving safepoint region
[2022-06-13T02:10:34.477+0000][1][safepoint    ] Total time for which application threads were stopped: 0.0002078 seconds, Stopping threads took: 0.0000961 seconds
[2022-06-13T02:10:34.477+0000][1][safepoint    ] Application time: 0.0002085 seconds
[2022-06-13T02:10:34.477+0000][1][safepoint    ] Entering safepoint region: RevokeBias
[2022-06-13T02:10:34.477+0000][1][safepoint    ] Leaving safepoint region
[2022-06-13T02:10:34.477+0000][1][safepoint    ] Total time for which application threads were stopped: 0.0002492 seconds, Stopping threads took: 0.0001159 seconds
[2022-06-13T02:10:34.478+0000][1][safepoint    ] Application time: 0.0006966 seconds
[2022-06-13T02:10:34.478+0000][1][safepoint    ] Entering safepoint region: RevokeBias
[2022-06-13T02:10:34.478+0000][1][safepoint    ] Leaving safepoint region
[2022-06-13T02:10:34.479+0000][1][safepoint    ] Total time for which application threads were stopped: 0.0003125 seconds, Stopping threads took: 0.0001620 seconds
[2022-06-13T02:10:34.479+0000][1][safepoint    ] Application time: 0.0000949 seconds
[2022-06-13T02:10:34.479+0000][1][safepoint    ] Entering safepoint region: RevokeBias
[2022-06-13T02:10:34.479+0000][1][safepoint    ] Leaving safepoint region
[2022-06-13T02:10:34.479+0000][1][safepoint    ] Total time for which application threads were stopped: 0.0003381 seconds, Stopping threads took: 0.0001025 seconds
[2022-06-13T02:10:34.481+0000][1][safepoint    ] Application time: 0.0015257 seconds
[2022-06-13T02:10:34.481+0000][1][safepoint    ] Entering safepoint region: RevokeBias
[2022-06-13T02:10:34.481+0000][1][safepoint    ] Leaving safepoint region
[2022-06-13T02:10:34.481+0000][1][safepoint    ] Total time for which application threads were stopped: 0.0002047 seconds, Stopping threads took: 0.0000843 seconds
[2022-06-13T02:10:34.482+0000][1][safepoint    ] Application time: 0.0002523 seconds
[2022-06-13T02:10:34.482+0000][1][safepoint    ] Entering safepoint region: RevokeBias
[2022-06-13T02:10:34.482+0000][1][safepoint    ] Leaving safepoint region
[2022-06-13T02:10:34.482+0000][1][safepoint    ] Total time for which application threads were stopped: 0.0001861 seconds, Stopping threads took: 0.0000888 seconds
[2022-06-13T02:10:34.483+0000][1][gc,heap,exit ] Heap
[2022-06-13T02:10:34.484+0000][1][gc,heap,exit ]  par new generation   total 78656K, used 63748K [0x00000000f0000000, 0x00000000f5550000, 0x00000000f5550000)
[2022-06-13T02:10:34.484+0000][1][gc,heap,exit ]   eden space 69952K,  82% used [0x00000000f0000000, 0x00000000f380ce20, 0x00000000f4450000)
[2022-06-13T02:10:34.484+0000][1][gc,heap,exit ]   from space 8704K,  72% used [0x00000000f4cd0000, 0x00000000f5304230, 0x00000000f5550000)
[2022-06-13T02:10:34.484+0000][1][gc,heap,exit ]   to   space 8704K,   0% used [0x00000000f4450000, 0x00000000f4450000, 0x00000000f4cd0000)
[2022-06-13T02:10:34.484+0000][1][gc,heap,exit ]  concurrent mark-sweep generation total 174784K, used 63842K [0x00000000f5550000, 0x0000000100000000, 0x0000000100000000)
[2022-06-13T02:10:34.484+0000][1][gc,heap,exit ]  Metaspace       used 65084K, capacity 69996K, committed 70140K, reserved 1107968K
[2022-06-13T02:10:34.484+0000][1][gc,heap,exit ]   class space    used 8824K, capacity 10883K, committed 10912K, reserved 1048576K
[2022-06-13T02:10:34.484+0000][1][safepoint    ] Application time: 0.0024302 seconds
[2022-06-13T02:10:34.485+0000][1][safepoint    ] Entering safepoint region: Exit
